This is pdfTeX, Version 3.141592653-2.6-1.40.25 (MiKTeX 23.9) (preloaded format=pdflatex 2023.9.22)  30 MAR 2024 17:08
entering extended mode
 restricted \write18 enabled.
 %&-line parsing enabled.
**./AAAI-XiaoZ.838_changed.tex
(AAAI-XiaoZ.838_changed.tex
LaTeX2e <2023-06-01> patch level 1
L3 programming layer <2023-08-29>
(C:\Users\micha\AppData\Local\Programs\MiKTeX\tex/latex/base\article.cls
Document Class: article 2023/05/17 v1.4n Standard LaTeX document class
(C:\Users\micha\AppData\Local\Programs\MiKTeX\tex/latex/base\size10.clo
File: size10.clo 2023/05/17 v1.4n Standard LaTeX file (size option)
)
\c@part=\count185
\c@section=\count186
\c@subsection=\count187
\c@subsubsection=\count188
\c@paragraph=\count189
\c@subparagraph=\count190
\c@figure=\count191
\c@table=\count192
\abovecaptionskip=\skip48
\belowcaptionskip=\skip49
\bibindent=\dimen140
)
(aaai20.sty
Conference Style for AAAI for LaTeX 2e -- version for the AAAI-20 conference
\titlebox=\skip50
) (C:\Users\micha\AppData\Local\Programs\MiKTeX\tex/latex/psnfss\times.sty
Package: times 2020/03/25 PSNFSS-v9.3 (SPQR) 
)
(C:\Users\micha\AppData\Local\Programs\MiKTeX\tex/latex/psnfss\helvet.sty
Package: helvet 2020/03/25 PSNFSS-v9.3 (WaS) 

(C:\Users\micha\AppData\Local\Programs\MiKTeX\tex/latex/graphics\keyval.sty
Package: keyval 2022/05/29 v1.15 key=value parser (DPC)
\KV@toks@=\toks17
))
(C:\Users\micha\AppData\Local\Programs\MiKTeX\tex/latex/psnfss\courier.sty
Package: courier 2020/03/25 PSNFSS-v9.3 (WaS) 
)
(C:\Users\micha\AppData\Local\Programs\MiKTeX\tex/latex/url\url.sty
\Urlmuskip=\muskip16
Package: url 2013/09/16  ver 3.4  Verb mode for urls, etc.
)
(C:\Users\micha\AppData\Local\Programs\MiKTeX\tex/latex/graphics\graphicx.sty
Package: graphicx 2021/09/16 v1.2d Enhanced LaTeX Graphics (DPC,SPQR)

(C:\Users\micha\AppData\Local\Programs\MiKTeX\tex/latex/graphics\graphics.sty
Package: graphics 2022/03/10 v1.4e Standard LaTeX Graphics (DPC,SPQR)

(C:\Users\micha\AppData\Local\Programs\MiKTeX\tex/latex/graphics\trig.sty
Package: trig 2021/08/11 v1.11 sin cos tan (DPC)
)
(C:\Users\micha\AppData\Local\Programs\MiKTeX\tex/latex/graphics-cfg\graphics.c
fg
File: graphics.cfg 2016/06/04 v1.11 sample graphics configuration
)
Package graphics Info: Driver file: pdftex.def on input line 107.

(C:\Users\micha\AppData\Local\Programs\MiKTeX\tex/latex/graphics-def\pdftex.def
File: pdftex.def 2022/09/22 v1.2b Graphics/color driver for pdftex
))
\Gin@req@height=\dimen141
\Gin@req@width=\dimen142
) (C:\Users\micha\AppData\Local\Programs\MiKTeX\tex/latex/amsmath\amsmath.sty
Package: amsmath 2023/05/13 v2.17o AMS math features
\@mathmargin=\skip51
For additional information on amsmath, use the `?' option.
(C:\Users\micha\AppData\Local\Programs\MiKTeX\tex/latex/amsmath\amstext.sty
Package: amstext 2021/08/26 v2.01 AMS text

(C:\Users\micha\AppData\Local\Programs\MiKTeX\tex/latex/amsmath\amsgen.sty
File: amsgen.sty 1999/11/30 v2.0 generic functions
\@emptytoks=\toks18
\ex@=\dimen143
))
(C:\Users\micha\AppData\Local\Programs\MiKTeX\tex/latex/amsmath\amsbsy.sty
Package: amsbsy 1999/11/29 v1.2d Bold Symbols
\pmbraise@=\dimen144
)
(C:\Users\micha\AppData\Local\Programs\MiKTeX\tex/latex/amsmath\amsopn.sty
Package: amsopn 2022/04/08 v2.04 operator names
)
\inf@bad=\count193
LaTeX Info: Redefining \frac on input line 234.
\uproot@=\count194
\leftroot@=\count195
LaTeX Info: Redefining \overline on input line 399.
LaTeX Info: Redefining \colon on input line 410.
\classnum@=\count196
\DOTSCASE@=\count197
LaTeX Info: Redefining \ldots on input line 496.
LaTeX Info: Redefining \dots on input line 499.
LaTeX Info: Redefining \cdots on input line 620.
\Mathstrutbox@=\box51
\strutbox@=\box52
LaTeX Info: Redefining \big on input line 722.
LaTeX Info: Redefining \Big on input line 723.
LaTeX Info: Redefining \bigg on input line 724.
LaTeX Info: Redefining \Bigg on input line 725.
\big@size=\dimen145
LaTeX Font Info:    Redeclaring font encoding OML on input line 743.
LaTeX Font Info:    Redeclaring font encoding OMS on input line 744.
\macc@depth=\count198
LaTeX Info: Redefining \bmod on input line 905.
LaTeX Info: Redefining \pmod on input line 910.
LaTeX Info: Redefining \smash on input line 940.
LaTeX Info: Redefining \relbar on input line 970.
LaTeX Info: Redefining \Relbar on input line 971.
\c@MaxMatrixCols=\count199
\dotsspace@=\muskip17
\c@parentequation=\count266
\dspbrk@lvl=\count267
\tag@help=\toks19
\row@=\count268
\column@=\count269
\maxfields@=\count270
\andhelp@=\toks20
\eqnshift@=\dimen146
\alignsep@=\dimen147
\tagshift@=\dimen148
\tagwidth@=\dimen149
\totwidth@=\dimen150
\lineht@=\dimen151
\@envbody=\toks21
\multlinegap=\skip52
\multlinetaggap=\skip53
\mathdisplay@stack=\toks22
LaTeX Info: Redefining \[ on input line 2953.
LaTeX Info: Redefining \] on input line 2954.
)
(C:\Users\micha\AppData\Local\Programs\MiKTeX\tex/generic/soul\soul.sty
Package: soul 2023-06-14 v3.1 Permit use of UTF-8 characters in soul (HO)

(C:\Users\micha\AppData\Local\Programs\MiKTeX\tex/generic/soul\soul-ori.sty
Package: soul-ori 2023-06-14 v3.1 letterspacing/underlining (mf)
\SOUL@word=\toks23
\SOUL@lasttoken=\toks24
\SOUL@syllable=\toks25
\SOUL@cmds=\toks26
\SOUL@buffer=\toks27
\SOUL@token=\toks28
\SOUL@syllgoal=\dimen152
\SOUL@syllwidth=\dimen153
\SOUL@charkern=\dimen154
\SOUL@hyphkern=\dimen155
\SOUL@dimen=\dimen156
\SOUL@dimeni=\dimen157
\SOUL@minus=\count271
\SOUL@comma=\count272
\SOUL@apo=\count273
\SOUL@grave=\count274
\SOUL@spaceskip=\skip54
\SOUL@ttwidth=\dimen158
\SOUL@uldp=\dimen159
\SOUL@ulht=\dimen160
)
(C:\Users\micha\AppData\Local\Programs\MiKTeX\tex/generic/infwarerr\infwarerr.s
ty
Package: infwarerr 2019/12/03 v1.5 Providing info/warning/error messages (HO)
)
(C:\Users\micha\AppData\Local\Programs\MiKTeX\tex/generic/etexcmds\etexcmds.sty
Package: etexcmds 2019/12/15 v1.7 Avoid name clashes with e-TeX commands (HO)
(C:\Users\micha\AppData\Local\Programs\MiKTeX\tex/generic/iftex\iftex.sty
Package: iftex 2022/02/03 v1.0f TeX engine tests
)))
(C:\Users\micha\AppData\Local\Programs\MiKTeX\tex/latex/booktabs\booktabs.sty
Package: booktabs 2020/01/12 v1.61803398 Publication quality tables
\heavyrulewidth=\dimen161
\lightrulewidth=\dimen162
\cmidrulewidth=\dimen163
\belowrulesep=\dimen164
\belowbottomsep=\dimen165
\aboverulesep=\dimen166
\abovetopsep=\dimen167
\cmidrulesep=\dimen168
\cmidrulekern=\dimen169
\defaultaddspace=\dimen170
\@cmidla=\count275
\@cmidlb=\count276
\@aboverulesep=\dimen171
\@belowrulesep=\dimen172
\@thisruleclass=\count277
\@lastruleclass=\count278
\@thisrulewidth=\dimen173
)
(C:\Users\micha\AppData\Local\Programs\MiKTeX\tex/latex/amsfonts\amssymb.sty
Package: amssymb 2013/01/14 v3.01 AMS font symbols

(C:\Users\micha\AppData\Local\Programs\MiKTeX\tex/latex/amsfonts\amsfonts.sty
Package: amsfonts 2013/01/14 v3.01 Basic AMSFonts support
\symAMSa=\mathgroup4
\symAMSb=\mathgroup5
LaTeX Font Info:    Redeclaring math symbol \hbar on input line 98.
LaTeX Font Info:    Overwriting math alphabet `\mathfrak' in version `bold'
(Font)                  U/euf/m/n --> U/euf/b/n on input line 106.
)) (C:\Users\micha\AppData\Local\Programs\MiKTeX\tex/latex/base\inputenc.sty
Package: inputenc 2021/02/14 v1.3d Input encoding file
\inpenc@prehook=\toks29
\inpenc@posthook=\toks30
)
(C:\Users\micha\AppData\Local\Programs\MiKTeX\tex/latex/jknappen\mathrsfs.sty
Package: mathrsfs 1996/01/01 Math RSFS package v1.0 (jk)
\symrsfs=\mathgroup6
)
(C:\Users\micha\AppData\Local\Programs\MiKTeX\tex/latex/amscls\amsthm.sty
Package: amsthm 2020/05/29 v2.20.6
\thm@style=\toks31
\thm@bodyfont=\toks32
\thm@headfont=\toks33
\thm@notefont=\toks34
\thm@headpunct=\toks35
\thm@preskip=\skip55
\thm@postskip=\skip56
\thm@headsep=\skip57
\dth@everypar=\toks36
)
(C:\Users\micha\AppData\Local\Programs\MiKTeX\tex/latex/base\textcomp.sty
Package: textcomp 2020/02/02 v2.0n Standard LaTeX package
)
(C:\Users\micha\AppData\Local\Programs\MiKTeX\tex/latex/tools\xspace.sty
Package: xspace 2014/10/28 v1.13 Space after command names (DPC,MH)
)
(C:\Users\micha\AppData\Local\Programs\MiKTeX\tex/fonts/ifsym\ifsym.sty
Package: ifsym 2000/04/18 I.Kloeckl

(C:\Users\micha\AppData\Local\Programs\MiKTeX\tex/latex/tools\calc.sty
Package: calc 2017/05/25 v4.3 Infix arithmetic (KKT,FJ)
\calc@Acount=\count279
\calc@Bcount=\count280
\calc@Adimen=\dimen174
\calc@Bdimen=\dimen175
\calc@Askip=\skip58
\calc@Bskip=\skip59
LaTeX Info: Redefining \setlength on input line 80.
LaTeX Info: Redefining \addtolength on input line 81.
\calc@Ccount=\count281
\calc@Cskip=\skip60
)
\c@ifsymcnt=\count282
)
(C:\Users\micha\AppData\Local\Programs\MiKTeX\tex/latex/float\float.sty
Package: float 2001/11/08 v1.3d Float enhancements (AL)
\c@float@type=\count283
\float@exts=\toks37
\float@box=\box53
\@float@everytoks=\toks38
\@floatcapt=\box54
)
(C:\Users\micha\AppData\Local\Programs\MiKTeX\tex/latex/subfigure\subfigure.sty
Package: subfigure 2002/07/30 v2.1.4 subfigure package
\subfigtopskip=\skip61
\subfigcapskip=\skip62
\subfigcaptopadj=\dimen176
\subfigbottomskip=\skip63
\subfigcapmargin=\dimen177
\subfiglabelskip=\skip64
\c@subfigure=\count284
\c@lofdepth=\count285
\c@subtable=\count286
\c@lotdepth=\count287
****************************************
* Local config file subfigure.cfg used *
****************************************

(C:\Users\micha\AppData\Local\Programs\MiKTeX\tex/latex/subfigure\subfigure.cfg
)
\subfig@top=\skip65
\subfig@bottom=\skip66
)
(C:\Users\micha\AppData\Local\Programs\MiKTeX\tex/latex/algorithm2e\algorithm2e
.sty
Package: algorithm2e 2017/07/18 v5.2 algorithms environments
\c@AlgoLine=\count288
 (C:\Users\micha\AppData\Local\Programs\MiKTeX\tex/latex/base\ifthen.sty
Package: ifthen 2022/04/13 v1.1d Standard LaTeX ifthen package (DPC)
)
\algocf@hangindent=\skip67

(C:\Users\micha\AppData\Local\Programs\MiKTeX\tex/latex/ifoddpage\ifoddpage.sty
Package: ifoddpage 2022/10/18 v1.2 Conditionals for odd/even page detection
\c@checkoddpage=\count289
) (C:\Users\micha\AppData\Local\Programs\MiKTeX\tex/latex/relsize\relsize.sty
Package: relsize 2013/03/29 ver 4.1
)
\skiptotal=\skip68
\skiplinenumber=\skip69
\skiprule=\skip70
\skiphlne=\skip71
\skiptext=\skip72
\skiplength=\skip73
\algomargin=\skip74
\skipalgocfslide=\skip75
\algowidth=\dimen178
\inoutsize=\dimen179
\inoutindent=\dimen180
\interspacetitleruled=\dimen181
\interspacealgoruled=\dimen182
\interspacetitleboxruled=\dimen183
\algocf@ruledwidth=\skip76
\algocf@inoutbox=\box55
\algocf@inputbox=\box56
\AlCapSkip=\skip77
\AlCapHSkip=\skip78
\algoskipindent=\skip79
\algocf@nlbox=\box57
\algocf@hangingbox=\box58
\algocf@untilbox=\box59
\algocf@skipuntil=\skip80
\algocf@capbox=\box60
\algocf@lcaptionbox=\skip81
\algoheightruledefault=\skip82
\algoheightrule=\skip83
\algotitleheightruledefault=\skip84
\algotitleheightrule=\skip85
\c@algocfline=\count290
\c@algocfproc=\count291
\c@algocf=\count292
\algocf@algoframe=\box61
\algocf@algobox=\box62
)
(C:\Users\micha\AppData\Local\Programs\MiKTeX\tex/latex/algorithmicx\algpseudoc
ode.sty
Package: algpseudocode 

(C:\Users\micha\AppData\Local\Programs\MiKTeX\tex/latex/algorithmicx\algorithmi
cx.sty
Package: algorithmicx 2005/04/27 v1.2 Algorithmicx

Document Style algorithmicx 1.2 - a greatly improved `algorithmic' style
\c@ALG@line=\count293
\c@ALG@rem=\count294
\c@ALG@nested=\count295
\ALG@tlm=\skip86
\ALG@thistlm=\skip87
\c@ALG@Lnr=\count296
\c@ALG@blocknr=\count297
\c@ALG@storecount=\count298
\c@ALG@tmpcounter=\count299
\ALG@tmplength=\skip88
)
Document Style - pseudocode environments for use with the `algorithmicx' style
)
LaTeX Font Info:    Trying to load font information for OT1+ptm on input line 3
7.
 (C:\Users\micha\AppData\Local\Programs\MiKTeX\tex/latex/psnfss\ot1ptm.fd
File: ot1ptm.fd 2001/06/04 font definitions for OT1/ptm.
)
LaTeX Font Info:    Font shape `OT1/ptm/bx/n' in size <10> not available
(Font)              Font shape `OT1/ptm/b/n' tried instead on input line 37.
\c@definition=\count300
\c@theorem=\count301
\c@proposition=\count302
\c@examp=\count303

(C:\Users\micha\AppData\Local\Programs\MiKTeX\tex/latex/graphics\color.sty
Package: color 2022/01/06 v1.3d Standard LaTeX Color (DPC)

(C:\Users\micha\AppData\Local\Programs\MiKTeX\tex/latex/graphics-cfg\color.cfg
File: color.cfg 2016/01/02 v1.6 sample color configuration
)
Package color Info: Driver file: pdftex.def on input line 149.
(C:\Users\micha\AppData\Local\Programs\MiKTeX\tex/latex/graphics\mathcolor.ltx)
)
(C:\Users\micha\AppData\Local\Programs\MiKTeX\tex/latex/l3backend\l3backend-pdf
tex.def
File: l3backend-pdftex.def 2023-04-19 L3 backend support: PDF output (pdfTeX)
\l__color_backend_stack_int=\count304
\l__pdf_internal_box=\box63
) (AAAI-XiaoZ.838_changed.aux)
\openout1 = `AAAI-XiaoZ.838_changed.aux'.

LaTeX Font Info:    Checking defaults for OML/cmm/m/it on input line 262.
LaTeX Font Info:    ... okay on input line 262.
LaTeX Font Info:    Checking defaults for OMS/cmsy/m/n on input line 262.
LaTeX Font Info:    ... okay on input line 262.
LaTeX Font Info:    Checking defaults for OT1/cmr/m/n on input line 262.
LaTeX Font Info:    ... okay on input line 262.
LaTeX Font Info:    Checking defaults for T1/cmr/m/n on input line 262.
LaTeX Font Info:    ... okay on input line 262.
LaTeX Font Info:    Checking defaults for TS1/cmr/m/n on input line 262.
LaTeX Font Info:    ... okay on input line 262.
LaTeX Font Info:    Checking defaults for OMX/cmex/m/n on input line 262.
LaTeX Font Info:    ... okay on input line 262.
LaTeX Font Info:    Checking defaults for U/cmr/m/n on input line 262.
LaTeX Font Info:    ... okay on input line 262.

(C:\Users\micha\AppData\Local\Programs\MiKTeX\tex/context/base/mkii\supp-pdf.mk
ii
[Loading MPS to PDF converter (version 2006.09.02).]
\scratchcounter=\count305
\scratchdimen=\dimen184
\scratchbox=\box64
\nofMPsegments=\count306
\nofMParguments=\count307
\everyMPshowfont=\toks39
\MPscratchCnt=\count308
\MPscratchDim=\dimen185
\MPnumerator=\count309
\makeMPintoPDFobject=\count310
\everyMPtoPDFconversion=\toks40
)
(C:\Users\micha\AppData\Local\Programs\MiKTeX\tex/latex/epstopdf-pkg\epstopdf-b
ase.sty
Package: epstopdf-base 2020-01-24 v2.11 Base part for package epstopdf
Package epstopdf-base Info: Redefining graphics rule for `.eps' on input line 4
85.

(C:\Users\micha\AppData\Local\Programs\MiKTeX\tex/latex/00miktex\epstopdf-sys.c
fg
File: epstopdf-sys.cfg 2021/03/18 v2.0 Configuration of epstopdf for MiKTeX
))
LaTeX Font Info:    Trying to load font information for U+msa on input line 264
.
 (C:\Users\micha\AppData\Local\Programs\MiKTeX\tex/latex/amsfonts\umsa.fd
File: umsa.fd 2013/01/14 v3.01 AMS symbols A
)
LaTeX Font Info:    Trying to load font information for U+msb on input line 264
.

(C:\Users\micha\AppData\Local\Programs\MiKTeX\tex/latex/amsfonts\umsb.fd
File: umsb.fd 2013/01/14 v3.01 AMS symbols B
)
LaTeX Font Info:    Trying to load font information for U+rsfs on input line 26
4.

(C:\Users\micha\AppData\Local\Programs\MiKTeX\tex/latex/jknappen\ursfs.fd
File: ursfs.fd 1998/03/24 rsfs font definition file (jk)
)
LaTeX Font Info:    Trying to load font information for TS1+ptm on input line 2
64.

(C:\Users\micha\AppData\Local\Programs\MiKTeX\tex/latex/psnfss\ts1ptm.fd
File: ts1ptm.fd 2001/06/04 font definitions for TS1/ptm.
)
Underfull \hbox (badness 2261) in paragraph at lines 267--281
\OT1/ptm/m/n/9 pref-er-ence to cap-ture the in-com-plete-ness pos-si-bil-ity of

 []


Underfull \hbox (badness 1354) in paragraph at lines 267--281
\OT1/ptm/m/n/9 meth-ods. Specif-i-cally, the frame-work first com-putes the
 []


LaTeX Warning: Citation `erol1994htn' on page 1 undefined on input line 284.


LaTeX Warning: Citation `lin2008web' on page 1 undefined on input line 284.


LaTeX Warning: Citation `DBLP:journals/aicom/BehnkeSKBSDDMGB19' on page 1 undef
ined on input line 284.


LaTeX Warning: Citation `kambhampati1998hybrid' on page 1 undefined on input li
ne 289.


LaTeX Warning: Citation `DBLP:conf/aaai/HoggMK08' on page 1 undefined on input 
line 295.


LaTeX Warning: Citation `Goldman09' on page 1 undefined on input line 297.


LaTeX Warning: Citation `holler2014language' on page 1 undefined on input line 
297.

<logistics.pdf, id=1, 507.76462pt x 92.55579pt>
File: logistics.pdf Graphic file (type pdf)
<use logistics.pdf>
Package pdftex.def Info: logistics.pdf  used on input line 362.
(pdftex.def)             Requested size: 404.71353pt x 73.77214pt.

LaTeX Warning: Citation `geier2011decidability' on page 1 undefined on input li
ne 421.


Underfull \hbox (badness 1057) in paragraph at lines 430--445
[]\OT1/ptm/b/n/10 Example 1. []\OT1/ptm/m/it/10 Con-sider an ex-am-ple in the l
o-gis-tics do-
 []

[1{C:/Users/micha/AppData/Local/MiKTeX/fonts/map/pdftex/pdftex.map}{C:/Users/mi
cha/AppData/Local/Programs/MiKTeX/fonts/enc/dvips/base/8r.enc}



]

LaTeX Warning: Citation `DBLP:conf/ecai/LotinacJ16' on page 2 undefined on inpu
t line 486.


LaTeX Warning: Citation `DBLP:journals/ai/ZhuoM014' on page 2 undefined on inpu
t line 486.


LaTeX Warning: Citation `DBLP:conf/kcap/GarlandRR01' on page 2 undefined on inp
ut line 496.


LaTeX Warning: Citation `DBLP:conf/icml/IlghamiMNA05' on page 2 undefined on in
put line 498.


LaTeX Warning: Citation `DBLP:conf/aaai/XuM05' on page 2 undefined on input lin
e 498.


LaTeX Warning: Citation `DBLP:conf/icml/NejatiLK06' on page 2 undefined on inpu
t line 498.


LaTeX Warning: Citation `ReddyT97' on page 2 undefined on input line 498.


LaTeX Warning: Citation `DBLP:conf/ijcai/ZhuoHHYM09' on page 2 undefined on inp
ut line 498.


LaTeX Warning: Citation `geier2011decidability' on page 2 undefined on input li
ne 505.


LaTeX Warning: Citation `alford2015tighttihtn' on page 2 undefined on input lin
e 506.


LaTeX Warning: Citation `alford2015tighttihtn' on page 2 undefined on input lin
e 520.

[2 <./logistics.pdf>]
LaTeX Font Info:    Trying to load font information for U+euf on input line 627
.

(C:\Users\micha\AppData\Local\Programs\MiKTeX\tex/latex/amsfonts\ueuf.fd
File: ueuf.fd 2013/01/14 v3.01 Euler Fraktur
)

LaTeX Warning: Citation `erol1994htn' on page 3 undefined on input line 728.


LaTeX Warning: Citation `Behnke2017' on page 3 undefined on input line 728.


LaTeX Warning: Citation `DBLP:journals/ai/ZhuoM014' on page 3 undefined on inpu
t line 728.

LaTeX Font Info:    Trying to load font information for OT1+phv on input line 8
13.
(C:\Users\micha\AppData\Local\Programs\MiKTeX\tex/latex/psnfss\ot1phv.fd
File: ot1phv.fd 2020/03/25 scalable font definitions for OT1/phv.
)
LaTeX Font Info:    Font shape `OT1/phv/m/it' in size <10> not available
(Font)              Font shape `OT1/phv/m/sl' tried instead on input line 813.
LaTeX Font Info:    Font shape `OT1/phv/m/it' in size <9> not available
(Font)              Font shape `OT1/phv/m/sl' tried instead on input line 817.


LaTeX Warning: Citation `geier2011decidability' on page 3 undefined on input li
ne 833.


Underfull \hbox (badness 2662) in paragraph at lines 841--843
[]\OT1/ptm/b/n/10 Example 3 \OT1/ptm/m/n/10 (Ex-am-ple 2[] cont.)\OT1/ptm/b/n/1
0 . []\OT1/ptm/m/it/10 If \OT1/phv/m/sl/10 plane1 \OT1/ptm/m/it/10 is not at
 []


Underfull \hbox (badness 2134) in paragraph at lines 841--843
\OT1/ptm/m/it/10 air-port A in $\OML/cmm/m/it/10 s[]$\OT1/ptm/m/it/10 , the DT 
in Ex-am-ple 2[] is not valid
 []


Underfull \hbox (badness 1365) in paragraph at lines 841--843
\OT1/ptm/m/it/10 as its plan $\OML/cmm/m/it/10 ^^[[]$ \OT1/ptm/m/it/10 is not e
x-e-cutable in $\OML/cmm/m/it/10 s[]$\OT1/ptm/m/it/10 . While $\OML/cmm/m/it/10
 ^^[[] \OT1/cmr/m/n/10 =
 []

[3]

LaTeX Warning: Citation `erol1996complexity' on page 4 undefined on input line 
1145.


LaTeX Warning: Citation `DBLP:conf/socs/AlfordSKN12' on page 4 undefined on inp
ut line 1145.

[4]

LaTeX Warning: Citation `alford2015tighttihtn' on page 5 undefined on input lin
e 1460.

[5]

LaTeX Font Warning: Font shape `OT1/ptm/m/scit' undefined
(Font)              using `OT1/ptm/m/sc' instead on input line 1514.

<logistic_all.png, id=70, 448.7967pt x 246.1998pt>
File: logistic_all.png Graphic file (type png)
<use logistic_all.png>
Package pdftex.def Info: logistic_all.png  used on input line 1526.
(pdftex.def)             Requested size: 166.94463pt x 91.58463pt.
<satellite_all.png, id=72, 448.7967pt x 246.1998pt>
File: satellite_all.png Graphic file (type png)
<use satellite_all.png>
Package pdftex.def Info: satellite_all.png  used on input line 1528.
(pdftex.def)             Requested size: 166.94463pt x 91.58463pt.
<blockworld_all.png, id=73, 448.7967pt x 246.1998pt>
File: blockworld_all.png Graphic file (type png)
<use blockworld_all.png>
Package pdftex.def Info: blockworld_all.png  used on input line 1529.
(pdftex.def)             Requested size: 166.94463pt x 91.58463pt.
<logistic_MR.png, id=74, 448.7967pt x 246.1998pt>
File: logistic_MR.png Graphic file (type png)
<use logistic_MR.png>
Package pdftex.def Info: logistic_MR.png  used on input line 1540.
(pdftex.def)             Requested size: 166.94463pt x 91.58463pt.
<satellite_MR.png, id=75, 448.7967pt x 246.1998pt>
File: satellite_MR.png Graphic file (type png)
<use satellite_MR.png>
Package pdftex.def Info: satellite_MR.png  used on input line 1542.
(pdftex.def)             Requested size: 166.94463pt x 91.58463pt.
<blockworld_MR.png, id=76, 448.7967pt x 246.1998pt>
File: blockworld_MR.png Graphic file (type png)
<use blockworld_MR.png>
Package pdftex.def Info: blockworld_MR.png  used on input line 1543.
(pdftex.def)             Requested size: 166.94463pt x 91.58463pt.
[6]
Underfull \hbox (badness 1308) in paragraph at lines 1630--1634
\OT1/ptm/m/n/10 based pri-or-i-tized pref-er-ence out-per-forms the other two
 []


LaTeX Warning: Citation `DBLP:journals/ai/Zhuo014' on page 7 undefined on input
 line 1683.


LaTeX Warning: Citation `DBLP:journals/ai/AinetoCO19' on page 7 undefined on in
put line 1683.


LaTeX Warning: Citation `XiaoHPWS17htn' on page 7 undefined on input line 1684.



LaTeX Warning: Citation `DBLP:conf/aaai/Munoz-AvilaDR19' on page 7 undefined on
 input line 1684.


LaTeX Warning: Citation `DBLP:conf/ijcai/FengZK18' on page 7 undefined on input
 line 1686.


LaTeX Warning: Citation `DBLP:journals/tist/Zhuo19' on page 7 undefined on inpu
t line 1687.

No file AAAI-XiaoZ.838_changed.bbl.

Underfull \vbox (badness 2189) has occurred while \output is active []

 [7 <./logistic_all.png> <./satellite_all.png> <./blockworld_all.png> <./logist
ic_MR.png> <./satellite_MR.png> <./blockworld_MR.png>] [8

] (AAAI-XiaoZ.838_changed.aux)
 ***********
LaTeX2e <2023-06-01> patch level 1
L3 programming layer <2023-08-29>
 ***********
 ) 
Here is how much of TeX's memory you used:
 5863 strings out of 475247
 92972 string characters out of 5757792
 1948801 words of memory out of 5000000
 27231 multiletter control sequences out of 15000+600000
 611206 words of font info for 142 fonts, out of 8000000 for 9000
 1141 hyphenation exceptions out of 8191
 57i,18n,65p,963b,527s stack positions out of 10000i,1000n,20000p,200000b,200000s
<C:/Users/micha/AppData/Local/Programs/MiKTeX/fonts/type1/public/amsfonts/cm/
cmex10.pfb><C:/Users/micha/AppData/Local/Programs/MiKTeX/fonts/type1/public/ams
fonts/cm/cmmi10.pfb><C:/Users/micha/AppData/Local/Programs/MiKTeX/fonts/type1/p
ublic/amsfonts/cm/cmmi5.pfb><C:/Users/micha/AppData/Local/Programs/MiKTeX/fonts
/type1/public/amsfonts/cm/cmmi7.pfb><C:/Users/micha/AppData/Local/Programs/MiKT
eX/fonts/type1/public/amsfonts/cm/cmr10.pfb><C:/Users/micha/AppData/Local/Progr
ams/MiKTeX/fonts/type1/public/amsfonts/cm/cmr5.pfb><C:/Users/micha/AppData/Loca
l/Programs/MiKTeX/fonts/type1/public/amsfonts/cm/cmr7.pfb><C:/Users/micha/AppDa
ta/Local/Programs/MiKTeX/fonts/type1/public/amsfonts/cm/cmss10.pfb><C:/Users/mi
cha/AppData/Local/Programs/MiKTeX/fonts/type1/public/amsfonts/cm/cmsy10.pfb><C:
/Users/micha/AppData/Local/Programs/MiKTeX/fonts/type1/public/amsfonts/cm/cmsy5
.pfb><C:/Users/micha/AppData/Local/Programs/MiKTeX/fonts/type1/public/amsfonts/
cm/cmsy7.pfb><C:/Users/micha/AppData/Local/Programs/MiKTeX/fonts/type1/public/a
msfonts/euler/eufm10.pfb><C:/Users/micha/AppData/Local/Programs/MiKTeX/fonts/ty
pe1/urw/helvetic/uhvr8a.pfb><C:/Users/micha/AppData/Local/Programs/MiKTeX/fonts
/type1/urw/helvetic/uhvro8a.pfb><C:/Users/micha/AppData/Local/Programs/MiKTeX/f
onts/type1/urw/times/utmb8a.pfb><C:/Users/micha/AppData/Local/Programs/MiKTeX/f
onts/type1/urw/times/utmbi8a.pfb><C:/Users/micha/AppData/Local/Programs/MiKTeX/
fonts/type1/urw/times/utmr8a.pfb><C:/Users/micha/AppData/Local/Programs/MiKTeX/
fonts/type1/urw/times/utmri8a.pfb>
Output written on AAAI-XiaoZ.838_changed.pdf (8 pages, 688296 bytes).
PDF statistics:
 168 PDF objects out of 1000 (max. 8388607)
 0 named destinations out of 1000 (max. 500000)
 36 words of extra memory for PDF output out of 10000 (max. 10000000)

