This is pdfTeX, Version 3.141592653-2.6-1.40.25 (MiKTeX 23.9) (preloaded format=pdflatex 2023.9.22)  30 MAR 2024 17:39
entering extended mode
 restricted \write18 enabled.
 %&-line parsing enabled.
**./aaai21_changed.tex
(aaai21_changed.tex
LaTeX2e <2023-06-01> patch level 1
L3 programming layer <2023-08-29>
(C:\Users\micha\AppData\Local\Programs\MiKTeX\tex/latex/base\article.cls
Document Class: article 2023/05/17 v1.4n Standard LaTeX document class
(C:\Users\micha\AppData\Local\Programs\MiKTeX\tex/latex/base\size10.clo
File: size10.clo 2023/05/17 v1.4n Standard LaTeX file (size option)
)
\c@part=\count185
\c@section=\count186
\c@subsection=\count187
\c@subsubsection=\count188
\c@paragraph=\count189
\c@subparagraph=\count190
\c@figure=\count191
\c@table=\count192
\abovecaptionskip=\skip48
\belowcaptionskip=\skip49
\bibindent=\dimen140
)
(aaai21.sty
Conference Style for AAAI for LaTeX 2e -- version for the AAAI-21 conference - 
MODIFIED
\titlebox=\skip50
) (C:\Users\micha\AppData\Local\Programs\MiKTeX\tex/latex/psnfss\times.sty
Package: times 2020/03/25 PSNFSS-v9.3 (SPQR) 
)
(C:\Users\micha\AppData\Local\Programs\MiKTeX\tex/latex/psnfss\helvet.sty
Package: helvet 2020/03/25 PSNFSS-v9.3 (WaS) 

(C:\Users\micha\AppData\Local\Programs\MiKTeX\tex/latex/graphics\keyval.sty
Package: keyval 2022/05/29 v1.15 key=value parser (DPC)
\KV@toks@=\toks17
))
(C:\Users\micha\AppData\Local\Programs\MiKTeX\tex/latex/psnfss\courier.sty
Package: courier 2020/03/25 PSNFSS-v9.3 (WaS) 
)
(C:\Users\micha\AppData\Local\Programs\MiKTeX\tex/latex/url\url.sty
\Urlmuskip=\muskip16
Package: url 2013/09/16  ver 3.4  Verb mode for urls, etc.
)
(C:\Users\micha\AppData\Local\Programs\MiKTeX\tex/latex/graphics\graphicx.sty
Package: graphicx 2021/09/16 v1.2d Enhanced LaTeX Graphics (DPC,SPQR)

(C:\Users\micha\AppData\Local\Programs\MiKTeX\tex/latex/graphics\graphics.sty
Package: graphics 2022/03/10 v1.4e Standard LaTeX Graphics (DPC,SPQR)

(C:\Users\micha\AppData\Local\Programs\MiKTeX\tex/latex/graphics\trig.sty
Package: trig 2021/08/11 v1.11 sin cos tan (DPC)
)
(C:\Users\micha\AppData\Local\Programs\MiKTeX\tex/latex/graphics-cfg\graphics.c
fg
File: graphics.cfg 2016/06/04 v1.11 sample graphics configuration
)
Package graphics Info: Driver file: pdftex.def on input line 107.

(C:\Users\micha\AppData\Local\Programs\MiKTeX\tex/latex/graphics-def\pdftex.def
File: pdftex.def 2022/09/22 v1.2b Graphics/color driver for pdftex
))
\Gin@req@height=\dimen141
\Gin@req@width=\dimen142
) (C:\Users\micha\AppData\Local\Programs\MiKTeX\tex/latex/natbib\natbib.sty
Package: natbib 2010/09/13 8.31b (PWD, AO)
\bibhang=\skip51
\bibsep=\skip52
LaTeX Info: Redefining \cite on input line 694.
\c@NAT@ctr=\count193
)
(C:\Users\micha\AppData\Local\Programs\MiKTeX\tex/latex/caption\caption.sty
Package: caption 2023/07/31 v3.6n Customizing captions (AR)

(C:\Users\micha\AppData\Local\Programs\MiKTeX\tex/latex/caption\caption3.sty
Package: caption3 2023/07/31 v2.4d caption3 kernel (AR)
\caption@tempdima=\dimen143
\captionmargin=\dimen144
\caption@leftmargin=\dimen145
\caption@rightmargin=\dimen146
\caption@width=\dimen147
\caption@indent=\dimen148
\caption@parindent=\dimen149
\caption@hangindent=\dimen150
Package caption Info: Standard document class detected.
)
\c@caption@flags=\count194
\c@continuedfloat=\count195
)
(C:\Users\micha\AppData\Local\Programs\MiKTeX\tex/latex/algorithmicx\algorithmi
cx.sty
Package: algorithmicx 2005/04/27 v1.2 Algorithmicx
 (C:\Users\micha\AppData\Local\Programs\MiKTeX\tex/latex/base\ifthen.sty
Package: ifthen 2022/04/13 v1.1d Standard LaTeX ifthen package (DPC)
)
Document Style algorithmicx 1.2 - a greatly improved `algorithmic' style
\c@ALG@line=\count196
\c@ALG@rem=\count197
\c@ALG@nested=\count198
\ALG@tlm=\skip53
\ALG@thistlm=\skip54
\c@ALG@Lnr=\count199
\c@ALG@blocknr=\count266
\c@ALG@storecount=\count267
\c@ALG@tmpcounter=\count268
\ALG@tmplength=\skip55
)
(C:\Users\micha\AppData\Local\Programs\MiKTeX\tex/latex/algorithmicx\algpseudoc
ode.sty
Package: algpseudocode 

Document Style - pseudocode environments for use with the `algorithmicx' style
) (C:\Users\micha\AppData\Local\Programs\MiKTeX\tex/latex/multirow\multirow.sty
Package: multirow 2021/03/15 v2.8 Span multiple rows of a table
\multirow@colwidth=\skip56
\multirow@cntb=\count269
\multirow@dima=\skip57
\bigstrutjot=\dimen151
)
(C:\Users\micha\AppData\Local\Programs\MiKTeX\tex/latex/algorithms\algorithm.st
y
Package: algorithm 2009/08/24 v0.1 Document Style `algorithm' - floating enviro
nment
 (C:\Users\micha\AppData\Local\Programs\MiKTeX\tex/latex/float\float.sty
Package: float 2001/11/08 v1.3d Float enhancements (AL)
\c@float@type=\count270
\float@exts=\toks18
\float@box=\box51
\@float@everytoks=\toks19
\@floatcapt=\box52
)
\@float@every@algorithm=\toks20
\c@algorithm=\count271
)
(C:\Users\micha\AppData\Local\Programs\MiKTeX\tex/latex/booktabs\booktabs.sty
Package: booktabs 2020/01/12 v1.61803398 Publication quality tables
\heavyrulewidth=\dimen152
\lightrulewidth=\dimen153
\cmidrulewidth=\dimen154
\belowrulesep=\dimen155
\belowbottomsep=\dimen156
\aboverulesep=\dimen157
\abovetopsep=\dimen158
\cmidrulesep=\dimen159
\cmidrulekern=\dimen160
\defaultaddspace=\dimen161
\@cmidla=\count272
\@cmidlb=\count273
\@aboverulesep=\dimen162
\@belowrulesep=\dimen163
\@thisruleclass=\count274
\@lastruleclass=\count275
\@thisrulewidth=\dimen164
)
(C:\Users\micha\AppData\Local\Programs\MiKTeX\tex/latex/graphics\color.sty
Package: color 2022/01/06 v1.3d Standard LaTeX Color (DPC)

(C:\Users\micha\AppData\Local\Programs\MiKTeX\tex/latex/graphics-cfg\color.cfg
File: color.cfg 2016/01/02 v1.6 sample color configuration
)
Package color Info: Driver file: pdftex.def on input line 149.
(C:\Users\micha\AppData\Local\Programs\MiKTeX\tex/latex/graphics\mathcolor.ltx)
) (C:\Users\micha\AppData\Local\Programs\MiKTeX\tex/latex/xcolor\xcolor.sty
Package: xcolor 2022/06/12 v2.14 LaTeX color extensions (UK)

(C:\Users\micha\AppData\Local\Programs\MiKTeX\tex/latex/graphics-cfg\color.cfg
File: color.cfg 2016/01/02 v1.6 sample color configuration
)
Package xcolor Info: Driver file: pdftex.def on input line 227.
LaTeX Info: Redefining \color on input line 711.
(C:\Users\micha\AppData\Local\Programs\MiKTeX\tex/latex/graphics\mathcolor.ltx)
Package xcolor Info: Model `cmy' substituted by `cmy0' on input line 1353.
Package xcolor Info: Model `hsb' substituted by `rgb' on input line 1357.
Package xcolor Info: Model `RGB' extended on input line 1369.
Package xcolor Info: Model `HTML' substituted by `rgb' on input line 1371.
Package xcolor Info: Model `Hsb' substituted by `hsb' on input line 1372.
Package xcolor Info: Model `tHsb' substituted by `hsb' on input line 1373.
Package xcolor Info: Model `HSB' substituted by `hsb' on input line 1374.
Package xcolor Info: Model `Gray' substituted by `gray' on input line 1375.
Package xcolor Info: Model `wave' substituted by `hsb' on input line 1376.
)
(C:\Users\micha\AppData\Local\Programs\MiKTeX\tex/latex/caption\subcaption.sty
Package: subcaption 2023/07/28 v1.6b Sub-captions (AR)
Package caption Info: New subtype `subfigure' on input line 238.
\c@subfigure=\count276
Package caption Info: New subtype `subtable' on input line 238.
\c@subtable=\count277
) (C:\Users\micha\AppData\Local\Programs\MiKTeX\tex/latex/colortbl\colortbl.sty
Package: colortbl 2022/06/20 v1.0f Color table columns (DPC)

(C:\Users\micha\AppData\Local\Programs\MiKTeX\tex/latex/tools\array.sty
Package: array 2022/09/04 v2.5g Tabular extension package (FMi)
\col@sep=\dimen165
\ar@mcellbox=\box53
\extrarowheight=\dimen166
\NC@list=\toks21
\extratabsurround=\skip58
\backup@length=\skip59
\ar@cellbox=\box54
)
\everycr=\toks22
\minrowclearance=\skip60
\rownum=\count278
)
LaTeX Font Info:    Trying to load font information for OT1+ptm on input line 1
68.

(C:\Users\micha\AppData\Local\Programs\MiKTeX\tex/latex/psnfss\ot1ptm.fd
File: ot1ptm.fd 2001/06/04 font definitions for OT1/ptm.
)
(C:\Users\micha\AppData\Local\Programs\MiKTeX\tex/latex/l3backend\l3backend-pdf
tex.def
File: l3backend-pdftex.def 2023-04-19 L3 backend support: PDF output (pdfTeX)
\l__color_backend_stack_int=\count279
\l__pdf_internal_box=\box55
) (aaai21_changed.aux)
\openout1 = `aaai21_changed.aux'.

LaTeX Font Info:    Checking defaults for OML/cmm/m/it on input line 168.
LaTeX Font Info:    ... okay on input line 168.
LaTeX Font Info:    Checking defaults for OMS/cmsy/m/n on input line 168.
LaTeX Font Info:    ... okay on input line 168.
LaTeX Font Info:    Checking defaults for OT1/cmr/m/n on input line 168.
LaTeX Font Info:    ... okay on input line 168.
LaTeX Font Info:    Checking defaults for T1/cmr/m/n on input line 168.
LaTeX Font Info:    ... okay on input line 168.
LaTeX Font Info:    Checking defaults for TS1/cmr/m/n on input line 168.
LaTeX Font Info:    ... okay on input line 168.
LaTeX Font Info:    Checking defaults for OMX/cmex/m/n on input line 168.
LaTeX Font Info:    ... okay on input line 168.
LaTeX Font Info:    Checking defaults for U/cmr/m/n on input line 168.
LaTeX Font Info:    ... okay on input line 168.

(C:\Users\micha\AppData\Local\Programs\MiKTeX\tex/context/base/mkii\supp-pdf.mk
ii
[Loading MPS to PDF converter (version 2006.09.02).]
\scratchcounter=\count280
\scratchdimen=\dimen167
\scratchbox=\box56
\nofMPsegments=\count281
\nofMParguments=\count282
\everyMPshowfont=\toks23
\MPscratchCnt=\count283
\MPscratchDim=\dimen168
\MPnumerator=\count284
\makeMPintoPDFobject=\count285
\everyMPtoPDFconversion=\toks24
)
(C:\Users\micha\AppData\Local\Programs\MiKTeX\tex/latex/epstopdf-pkg\epstopdf-b
ase.sty
Package: epstopdf-base 2020-01-24 v2.11 Base part for package epstopdf
Package epstopdf-base Info: Redefining graphics rule for `.eps' on input line 4
85.

(C:\Users\micha\AppData\Local\Programs\MiKTeX\tex/latex/00miktex\epstopdf-sys.c
fg
File: epstopdf-sys.cfg 2021/03/18 v2.0 Configuration of epstopdf for MiKTeX
))
Package caption Info: Begin \AtBeginDocument code.
Package caption Info: float package is loaded.
Package caption Info: End \AtBeginDocument code.
\titlearea=\box57
LaTeX Font Info:    External font `cmex10' loaded for size
(Font)              <7> on input line 170.
LaTeX Font Info:    External font `cmex10' loaded for size
(Font)              <5> on input line 170.
LaTeX Font Info:    External font `cmex10' loaded for size
(Font)              <12> on input line 170.
LaTeX Font Info:    External font `cmex10' loaded for size
(Font)              <8> on input line 170.
LaTeX Font Info:    External font `cmex10' loaded for size
(Font)              <6> on input line 170.
LaTeX Font Info:    Trying to load font information for OMS+ptm on input line 1
70.
 (C:\Users\micha\AppData\Local\Programs\MiKTeX\tex/latex/psnfss\omsptm.fd
File: omsptm.fd 
)
LaTeX Font Info:    Font shape `OMS/ptm/m/n' in size <10> not available
(Font)              Font shape `OMS/cmsy/m/n' tried instead on input line 170.
\actualheight=\skip61
LaTeX Font Info:    Trying to load font information for TS1+ptm on input line 1
70.

(C:\Users\micha\AppData\Local\Programs\MiKTeX\tex/latex/psnfss\ts1ptm.fd
File: ts1ptm.fd 2001/06/04 font definitions for TS1/ptm.
)
Underfull \vbox (badness 10000) detected at line 170
 []

LaTeX Font Info:    External font `cmex10' loaded for size
(Font)              <9> on input line 170.

Package natbib Warning: Citation `chomsky1965aspects' on page 1 undefined on in
put line 183.


Package natbib Warning: Citation `fodor1988connectionism' on page 1 undefined o
n input line 183.


Package natbib Warning: Citation `montague1974formal' on page 1 undefined on in
put line 185.


Package natbib Warning: Citation `partee1984compositionality' on page 1 undefin
ed on input line 185.


Package natbib Warning: Citation `lake2017building' on page 1 undefined on inpu
t line 185.


Package natbib Warning: Citation `mikolov2016roadmap' on page 1 undefined on in
put line 186.


Package natbib Warning: Citation `bengio2019towards' on page 1 undefined on inp
ut line 186.


Package natbib Warning: Citation `mollica2020composition' on page 1 undefined o
n input line 186.


Package natbib Warning: Citation `lake2018generalization' on page 1 undefined o
n input line 187.


Package natbib Warning: Citation `hupkes2020compositionality' on page 1 undefin
ed on input line 187.


Package natbib Warning: Citation `keysers2020measuring' on page 1 undefined on 
input line 187.


Package natbib Warning: Citation `furrer2020compositional' on page 1 undefined 
on input line 187.


Package natbib Warning: Citation `chapelle2009semi' on page 1 undefined on inpu
t line 195.


Package natbib Warning: Citation `sennrich2016improving' on page 1 undefined on
 input line 195.


Package natbib Warning: Citation `he2016dual' on page 1 undefined on input line
 195.


Package natbib Warning: Citation `skorokhodov2018semi' on page 1 undefined on i
nput line 195.


Package natbib Warning: Citation `yin2018structvae' on page 1 undefined on inpu
t line 195.


Package natbib Warning: Citation `cao2019semantic' on page 1 undefined on input
 line 195.


Package natbib Warning: Citation `hoang2018iterative' on page 1 undefined on in
put line 202.


Underfull \vbox (badness 1057) has occurred while \output is active []

 [1{C:/Users/micha/AppData/Local/MiKTeX/fonts/map/pdftex/pdftex.map}{C:/Users/m
icha/AppData/Local/Programs/MiKTeX/fonts/enc/dvips/base/8r.enc}



]

Package natbib Warning: Citation `lake2017building' on page 2 undefined on inpu
t line 227.


Package natbib Warning: Citation `lake2018generalization' on page 2 undefined o
n input line 228.


Package natbib Warning: Citation `keysers2020measuring' on page 2 undefined on 
input line 228.


Package natbib Warning: Citation `keysers2020measuring' on page 2 undefined on 
input line 242.

<pictures/IBT/bt.png, id=10, 493.3632pt x 332.442pt>
File: pictures/IBT/bt.png Graphic file (type png)
<use pictures/IBT/bt.png>
Package pdftex.def Info: pictures/IBT/bt.png  used on input line 253.
(pdftex.def)             Requested size: 191.51622pt x 129.0482pt.

Package natbib Warning: Citation `hoang2018iterative' on page 2 undefined on in
put line 262.

[2 <./pictures/IBT/bt.png>]

Package natbib Warning: Citation `artetxe2018iclr' on page 3 undefined on input
 line 350.


Package natbib Warning: Citation `keysers2020measuring' on page 3 undefined on 
input line 353.


Package natbib Warning: Citation `russin2019compositional' on page 3 undefined 
on input line 353.


Package natbib Warning: Citation `li2019compositional' on page 3 undefined on i
nput line 353.


Package natbib Warning: Citation `gordon2019permutation' on page 3 undefined on
 input line 353.


Package natbib Warning: Citation `andreas-2020-good' on page 3 undefined on inp
ut line 353.


Package natbib Warning: Citation `lake2019compositional' on page 3 undefined on
 input line 353.


Package natbib Warning: Citation `furrer2020compositional' on page 3 undefined 
on input line 353.


Overfull \hbox (4.3942pt too wide) in paragraph at lines 361--381
 [][] 
 []

<pictures/IBT/accuracy.jpg, id=25, 2433.09pt x 464.73625pt>
File: pictures/IBT/accuracy.jpg Graphic file (type jpg)
<use pictures/IBT/accuracy.jpg>
Package pdftex.def Info: pictures/IBT/accuracy.jpg  used on input line 387.
(pdftex.def)             Requested size: 455.2979pt x 86.96054pt.
<pictures/IBT/bleu.jpg, id=26, 2435.0975pt x 467.7475pt>
File: pictures/IBT/bleu.jpg Graphic file (type jpg)
<use pictures/IBT/bleu.jpg>
Package pdftex.def Info: pictures/IBT/bleu.jpg  used on input line 393.
(pdftex.def)             Requested size: 455.2979pt x 87.45262pt.

Package natbib Warning: Citation `keysers2020measuring' on page 3 undefined on 
input line 398.


Package natbib Warning: Citation `furrer2020compositional' on page 3 undefined 
on input line 398.

[3]
<pictures/IBT/acc_hist.pdf, id=31, 433.62pt x 289.08pt>
File: pictures/IBT/acc_hist.pdf Graphic file (type pdf)
<use pictures/IBT/acc_hist.pdf>
Package pdftex.def Info: pictures/IBT/acc_hist.pdf  used on input line 446.
(pdftex.def)             Requested size: 177.06458pt x 118.04276pt.
<pictures/IBT/bleu_hist.pdf, id=32, 433.62pt x 289.08pt>
File: pictures/IBT/bleu_hist.pdf Graphic file (type pdf)
<use pictures/IBT/bleu_hist.pdf>
Package pdftex.def Info: pictures/IBT/bleu_hist.pdf  used on input line 452.
(pdftex.def)             Requested size: 177.06458pt x 118.04276pt.


Package natbib Warning: Citation `papineni2002bleu' on page 4 undefined on inpu
t line 472.

[4 <./pictures/IBT/accuracy.jpg> <./pictures/IBT/bleu.jpg>]

Package natbib Warning: Citation `zhang2016exploiting' on page 5 undefined on i
nput line 595.


Package natbib Warning: Citation `edunov2018understanding' on page 5 undefined 
on input line 595.


Package natbib Warning: Citation `he2019revisiting' on page 5 undefined on inpu
t line 595.


Package natbib Warning: Citation `xie2020self' on page 5 undefined on input lin
e 595.


Package natbib Warning: Citation `bengio2009curriculum' on page 5 undefined on 
input line 661.

[5 <./pictures/IBT/acc_hist.pdf> <./pictures/IBT/bleu_hist.pdf

pdfTeX warning: pdflatex (file ./pictures/IBT/bleu_hist.pdf): PDF inclusion: mu
ltiple pdfs with page group included in a single page
>]
Underfull \hbox (badness 10000) in paragraph at lines 754--756
 \OT1/ptm/b/n/10 Hy-per-pa-ram-e-ters \OT1/ptm/m/n/10 We eval-u-ate the per-for
-mance of
 []


Underfull \hbox (badness 10000) in paragraph at lines 754--756
\OT1/ptm/m/n/10 cur-ricu-lum it-er-a-tive back-translation with vary-ing $\OML/
cmm/m/it/10 c$
 []


Underfull \hbox (badness 2717) in paragraph at lines 754--756
\OT1/ptm/m/n/10 (the num-ber of steps each stage should be trained):
 []

<pictures/CL/baseline_accuracy_in_each_curriculum.pdf, id=110, 433.62pt x 216.8
1pt>
File: pictures/CL/baseline_accuracy_in_each_curriculum.pdf Graphic file (type p
df)
<use pictures/CL/baseline_accuracy_in_each_curriculum.pdf>
Package pdftex.def Info: pictures/CL/baseline_accuracy_in_each_curriculum.pdf  
used on input line 763.
(pdftex.def)             Requested size: 215.45348pt x 107.72653pt.
<pictures/CL/performance_on_first_k_curriculums.pdf, id=112, 650.43pt x 361.35p
t>
File: pictures/CL/performance_on_first_k_curriculums.pdf Graphic file (type pdf
)
<use pictures/CL/performance_on_first_k_curriculums.pdf>
Package pdftex.def Info: pictures/CL/performance_on_first_k_curriculums.pdf  us
ed on input line 771.
(pdftex.def)             Requested size: 167.57533pt x 93.09415pt.

Underfull \hbox (badness 10000) in paragraph at lines 776--780
 \OT1/ptm/b/n/10 Cur-ricu-lum learn-ing ben-e-fits it-er-a-tive back-
 []


Underfull \hbox (badness 3657) in paragraph at lines 776--780
\OT1/ptm/b/n/10 translation. \OT1/ptm/m/n/10 Ta-ble 3[] shows the main re-sults
. CIBT
 []


Underfull \hbox (badness 3260) in paragraph at lines 776--780
\OT1/ptm/m/n/10 con-sis-tently out-per-forms IBT in all three data splits
 []


Underfull \hbox (badness 1137) in paragraph at lines 776--780
\OT1/ptm/m/n/10 bet-ter than on MCD1/MCD3 (1.8%/5.8%), mak-ing the
 []


Underfull \hbox (badness 10000) in paragraph at lines 776--780
\OT1/ptm/m/n/10 per-for-mances on MCD1/MCD2/MCD3 com-pa-ra-ble
 []

[6 <./pictures/CL/baseline_accuracy_in_each_curriculum.pdf>]

Package natbib Warning: Citation `hudson2018compositional' on page 7 undefined 
on input line 797.


Package natbib Warning: Citation `veldhoen2016diagnostic' on page 7 undefined o
n input line 797.


Package natbib Warning: Citation `saxton2018analysing' on page 7 undefined on i
nput line 797.


Package natbib Warning: Citation `bowman2015tree' on page 7 undefined on input 
line 797.


Package natbib Warning: Citation `mul2019siamese' on page 7 undefined on input 
line 797.


Package natbib Warning: Citation `lake2018generalization' on page 7 undefined o
n input line 798.


Package natbib Warning: Citation `keysers2020measuring' on page 7 undefined on 
input line 798.


Package natbib Warning: Citation `lake2018generalization' on page 7 undefined o
n input line 800.


Package natbib Warning: Citation `hupkes2020compositionality' on page 7 undefin
ed on input line 800.


Package natbib Warning: Citation `keysers2020measuring' on page 7 undefined on 
input line 800.


Package natbib Warning: Citation `furrer2020compositional' on page 7 undefined 
on input line 800.


Package natbib Warning: Citation `russin2019compositional' on page 7 undefined 
on input line 801.


Package natbib Warning: Citation `li2019compositional' on page 7 undefined on i
nput line 801.


Package natbib Warning: Citation `gordon2019permutation' on page 7 undefined on
 input line 801.


Package natbib Warning: Citation `guo2020hierarchical' on page 7 undefined on i
nput line 801.


Package natbib Warning: Citation `liu2020compositional' on page 7 undefined on 
input line 801.


Package natbib Warning: Citation `jia-liang-2016-data' on page 7 undefined on i
nput line 801.


Package natbib Warning: Citation `andreas-2020-good' on page 7 undefined on inp
ut line 801.


Package natbib Warning: Citation `lake2019compositional' on page 7 undefined on
 input line 801.


Package natbib Warning: Citation `nye2020learning' on page 7 undefined on input
 line 801.


Package natbib Warning: Citation `furrer2020compositional' on page 7 undefined 
on input line 801.


Package natbib Warning: Citation `goutte2009learning' on page 7 undefined on in
put line 807.


Package natbib Warning: Citation `bojar2011improving' on page 7 undefined on in
put line 807.


Package natbib Warning: Citation `sennrich2016improving' on page 7 undefined on
 input line 807.


Package natbib Warning: Citation `edunov2018understanding' on page 7 undefined 
on input line 807.


Package natbib Warning: Citation `imamura2018enhancement' on page 7 undefined o
n input line 807.


Package natbib Warning: Citation `xia2019generalized' on page 7 undefined on in
put line 807.


Package natbib Warning: Citation `wang2019improving' on page 7 undefined on inp
ut line 807.


Package natbib Warning: Citation `hoang2018iterative' on page 7 undefined on in
put line 808.


Package natbib Warning: Citation `cotterell2018explaining' on page 7 undefined 
on input line 808.


Package natbib Warning: Citation `lample2018unsupervised' on page 7 undefined o
n input line 808.


Package natbib Warning: Citation `conneau2019cross' on page 7 undefined on inpu
t line 808.

No file aaai21_changed.bbl.
[7 <./pictures/CL/performance_on_first_k_curriculums.pdf>]

Package natbib Warning: There were undefined citations.

[8

] (aaai21_changed.aux)
 ***********
LaTeX2e <2023-06-01> patch level 1
L3 programming layer <2023-08-29>
 ***********
 ) 
Here is how much of TeX's memory you used:
 4973 strings out of 475247
 85592 string characters out of 5757792
 1953801 words of memory out of 5000000
 26428 multiletter control sequences out of 15000+600000
 585983 words of font info for 85 fonts, out of 8000000 for 9000
 1141 hyphenation exceptions out of 8191
 57i,19n,65p,1824b,472s stack positions out of 10000i,1000n,20000p,200000b,200000s
<C:/Users/micha/AppData/Local/Programs/MiKTeX/fonts/type1/public/amsfonts/cm/
cmbx9.pfb><C:/Users/micha/AppData/Local/Programs/MiKTeX/fonts/type1/public/amsf
onts/cm/cmmi10.pfb><C:/Users/micha/AppData/Local/Programs/MiKTeX/fonts/type1/pu
blic/amsfonts/cm/cmmi6.pfb><C:/Users/micha/AppData/Local/Programs/MiKTeX/fonts/
type1/public/amsfonts/cm/cmmi7.pfb><C:/Users/micha/AppData/Local/Programs/MiKTe
X/fonts/type1/public/amsfonts/cm/cmmi9.pfb><C:/Users/micha/AppData/Local/Progra
ms/MiKTeX/fonts/type1/public/amsfonts/cm/cmr10.pfb><C:/Users/micha/AppData/Loca
l/Programs/MiKTeX/fonts/type1/public/amsfonts/cm/cmr6.pfb><C:/Users/micha/AppDa
ta/Local/Programs/MiKTeX/fonts/type1/public/amsfonts/cm/cmr7.pfb><C:/Users/mich
a/AppData/Local/Programs/MiKTeX/fonts/type1/public/amsfonts/cm/cmr9.pfb><C:/Use
rs/micha/AppData/Local/Programs/MiKTeX/fonts/type1/public/amsfonts/cm/cmsy10.pf
b><C:/Users/micha/AppData/Local/Programs/MiKTeX/fonts/type1/public/amsfonts/cm/
cmsy6.pfb><C:/Users/micha/AppData/Local/Programs/MiKTeX/fonts/type1/public/amsf
onts/cm/cmsy8.pfb><C:/Users/micha/AppData/Local/Programs/MiKTeX/fonts/type1/pub
lic/amsfonts/cm/cmsy9.pfb><C:/Users/micha/AppData/Local/Programs/MiKTeX/fonts/t
ype1/urw/times/utmb8a.pfb><C:/Users/micha/AppData/Local/Programs/MiKTeX/fonts/t
ype1/urw/times/utmr8a.pfb><C:/Users/micha/AppData/Local/Programs/MiKTeX/fonts/t
ype1/urw/times/utmri8a.pfb>
Output written on aaai21_changed.pdf (8 pages, 643155 bytes).
PDF statistics:
 253 PDF objects out of 1000 (max. 8388607)
 0 named destinations out of 1000 (max. 500000)
 54 words of extra memory for PDF output out of 10000 (max. 10000000)

