This is pdfTeX, Version 3.141592653-2.6-1.40.25 (MiKTeX 23.9) (preloaded format=pdflatex 2023.9.22)  30 MAR 2024 17:06
entering extended mode
 restricted \write18 enabled.
 %&-line parsing enabled.
**./aaai24_changed.tex
(aaai24_changed.tex
LaTeX2e <2023-06-01> patch level 1
L3 programming layer <2023-08-29>
(C:\Users\micha\AppData\Local\Programs\MiKTeX\tex/latex/base\article.cls
Document Class: article 2023/05/17 v1.4n Standard LaTeX document class
(C:\Users\micha\AppData\Local\Programs\MiKTeX\tex/latex/base\size10.clo
File: size10.clo 2023/05/17 v1.4n Standard LaTeX file (size option)
)
\c@part=\count185
\c@section=\count186
\c@subsection=\count187
\c@subsubsection=\count188
\c@paragraph=\count189
\c@subparagraph=\count190
\c@figure=\count191
\c@table=\count192
\abovecaptionskip=\skip48
\belowcaptionskip=\skip49
\bibindent=\dimen140
)
(aaai24.sty
Package: aaai24 2023/06/26 AAAI 2024 Submission format

Conference Style for AAAI for LaTeX 2e -- version for submission
\titlebox=\skip50
) (C:\Users\micha\AppData\Local\Programs\MiKTeX\tex/latex/psnfss\times.sty
Package: times 2020/03/25 PSNFSS-v9.3 (SPQR) 
)
(C:\Users\micha\AppData\Local\Programs\MiKTeX\tex/latex/psnfss\helvet.sty
Package: helvet 2020/03/25 PSNFSS-v9.3 (WaS) 

(C:\Users\micha\AppData\Local\Programs\MiKTeX\tex/latex/graphics\keyval.sty
Package: keyval 2022/05/29 v1.15 key=value parser (DPC)
\KV@toks@=\toks17
))
(C:\Users\micha\AppData\Local\Programs\MiKTeX\tex/latex/psnfss\courier.sty
Package: courier 2020/03/25 PSNFSS-v9.3 (WaS) 
)
(C:\Users\micha\AppData\Local\Programs\MiKTeX\tex/latex/url\url.sty
\Urlmuskip=\muskip16
Package: url 2013/09/16  ver 3.4  Verb mode for urls, etc.
)
(C:\Users\micha\AppData\Local\Programs\MiKTeX\tex/latex/graphics\graphicx.sty
Package: graphicx 2021/09/16 v1.2d Enhanced LaTeX Graphics (DPC,SPQR)

(C:\Users\micha\AppData\Local\Programs\MiKTeX\tex/latex/graphics\graphics.sty
Package: graphics 2022/03/10 v1.4e Standard LaTeX Graphics (DPC,SPQR)

(C:\Users\micha\AppData\Local\Programs\MiKTeX\tex/latex/graphics\trig.sty
Package: trig 2021/08/11 v1.11 sin cos tan (DPC)
)
(C:\Users\micha\AppData\Local\Programs\MiKTeX\tex/latex/graphics-cfg\graphics.c
fg
File: graphics.cfg 2016/06/04 v1.11 sample graphics configuration
)
Package graphics Info: Driver file: pdftex.def on input line 107.

(C:\Users\micha\AppData\Local\Programs\MiKTeX\tex/latex/graphics-def\pdftex.def
File: pdftex.def 2022/09/22 v1.2b Graphics/color driver for pdftex
))
\Gin@req@height=\dimen141
\Gin@req@width=\dimen142
) (C:\Users\micha\AppData\Local\Programs\MiKTeX\tex/latex/natbib\natbib.sty
Package: natbib 2010/09/13 8.31b (PWD, AO)
\bibhang=\skip51
\bibsep=\skip52
LaTeX Info: Redefining \cite on input line 694.
\c@NAT@ctr=\count193
)
(C:\Users\micha\AppData\Local\Programs\MiKTeX\tex/latex/caption\caption.sty
Package: caption 2023/07/31 v3.6n Customizing captions (AR)

(C:\Users\micha\AppData\Local\Programs\MiKTeX\tex/latex/caption\caption3.sty
Package: caption3 2023/07/31 v2.4d caption3 kernel (AR)
\caption@tempdima=\dimen143
\captionmargin=\dimen144
\caption@leftmargin=\dimen145
\caption@rightmargin=\dimen146
\caption@width=\dimen147
\caption@indent=\dimen148
\caption@parindent=\dimen149
\caption@hangindent=\dimen150
Package caption Info: Standard document class detected.
)
\c@caption@flags=\count194
\c@continuedfloat=\count195
)
(C:\Users\micha\AppData\Local\Programs\MiKTeX\tex/latex/algorithms\algorithm.st
y
Package: algorithm 2009/08/24 v0.1 Document Style `algorithm' - floating enviro
nment
 (C:\Users\micha\AppData\Local\Programs\MiKTeX\tex/latex/float\float.sty
Package: float 2001/11/08 v1.3d Float enhancements (AL)
\c@float@type=\count196
\float@exts=\toks18
\float@box=\box51
\@float@everytoks=\toks19
\@floatcapt=\box52
)
(C:\Users\micha\AppData\Local\Programs\MiKTeX\tex/latex/base\ifthen.sty
Package: ifthen 2022/04/13 v1.1d Standard LaTeX ifthen package (DPC)
)
\@float@every@algorithm=\toks20
\c@algorithm=\count197
)
(C:\Users\micha\AppData\Local\Programs\MiKTeX\tex/latex/algorithms\algorithmic.
sty
Package: algorithmic 2009/08/24 v0.1 Document Style `algorithmic'
\c@ALC@unique=\count198
\c@ALC@line=\count199
\c@ALC@rem=\count266
\c@ALC@depth=\count267
\ALC@tlm=\skip53
\algorithmicindent=\skip54
)
(C:\Users\micha\AppData\Local\Programs\MiKTeX\tex/latex/newfloat\newfloat.sty
Package: newfloat 2023/10/01 v1.2 Defining new floating environments (AR)
)
(C:\Users\micha\AppData\Local\Programs\MiKTeX\tex/latex/listings\listings.sty
\lst@mode=\count268
\lst@gtempboxa=\box53
\lst@token=\toks21
\lst@length=\count269
\lst@currlwidth=\dimen151
\lst@column=\count270
\lst@pos=\count271
\lst@lostspace=\dimen152
\lst@width=\dimen153
\lst@newlines=\count272
\lst@lineno=\count273
\lst@maxwidth=\dimen154

(C:\Users\micha\AppData\Local\Programs\MiKTeX\tex/latex/listings\lstmisc.sty
File: lstmisc.sty 2023/02/27 1.9 (Carsten Heinz)
\c@lstnumber=\count274
\lst@skipnumbers=\count275
\lst@framebox=\box54
)
(C:\Users\micha\AppData\Local\Programs\MiKTeX\tex/latex/listings\listings.cfg
File: listings.cfg 2023/02/27 1.9 listings configuration
))
Package: listings 2023/02/27 1.9 (Carsten Heinz)
\@float@every@listing=\toks22
\c@listing=\count276
(C:\Users\micha\AppData\Local\Programs\MiKTeX\tex/latex/amsfonts\amssymb.sty
Package: amssymb 2013/01/14 v3.01 AMS font symbols

(C:\Users\micha\AppData\Local\Programs\MiKTeX\tex/latex/amsfonts\amsfonts.sty
Package: amsfonts 2013/01/14 v3.01 Basic AMSFonts support
\@emptytoks=\toks23
\symAMSa=\mathgroup4
\symAMSb=\mathgroup5
LaTeX Font Info:    Redeclaring math symbol \hbar on input line 98.
LaTeX Font Info:    Overwriting math alphabet `\mathfrak' in version `bold'
(Font)                  U/euf/m/n --> U/euf/b/n on input line 106.
)) (C:\Users\micha\AppData\Local\Programs\MiKTeX\tex/latex/amsmath\amsmath.sty
Package: amsmath 2023/05/13 v2.17o AMS math features
\@mathmargin=\skip55

For additional information on amsmath, use the `?' option.
(C:\Users\micha\AppData\Local\Programs\MiKTeX\tex/latex/amsmath\amstext.sty
Package: amstext 2021/08/26 v2.01 AMS text

(C:\Users\micha\AppData\Local\Programs\MiKTeX\tex/latex/amsmath\amsgen.sty
File: amsgen.sty 1999/11/30 v2.0 generic functions
\@emptytoks=\toks24
\ex@=\dimen155
))
(C:\Users\micha\AppData\Local\Programs\MiKTeX\tex/latex/amsmath\amsbsy.sty
Package: amsbsy 1999/11/29 v1.2d Bold Symbols
\pmbraise@=\dimen156
)
(C:\Users\micha\AppData\Local\Programs\MiKTeX\tex/latex/amsmath\amsopn.sty
Package: amsopn 2022/04/08 v2.04 operator names
)
\inf@bad=\count277
LaTeX Info: Redefining \frac on input line 234.
\uproot@=\count278
\leftroot@=\count279
LaTeX Info: Redefining \overline on input line 399.
LaTeX Info: Redefining \colon on input line 410.
\classnum@=\count280
\DOTSCASE@=\count281
LaTeX Info: Redefining \ldots on input line 496.
LaTeX Info: Redefining \dots on input line 499.
LaTeX Info: Redefining \cdots on input line 620.
\Mathstrutbox@=\box55
\strutbox@=\box56
LaTeX Info: Redefining \big on input line 722.
LaTeX Info: Redefining \Big on input line 723.
LaTeX Info: Redefining \bigg on input line 724.
LaTeX Info: Redefining \Bigg on input line 725.
\big@size=\dimen157
LaTeX Font Info:    Redeclaring font encoding OML on input line 743.
LaTeX Font Info:    Redeclaring font encoding OMS on input line 744.
\macc@depth=\count282
LaTeX Info: Redefining \bmod on input line 905.
LaTeX Info: Redefining \pmod on input line 910.
LaTeX Info: Redefining \smash on input line 940.
LaTeX Info: Redefining \relbar on input line 970.
LaTeX Info: Redefining \Relbar on input line 971.
\c@MaxMatrixCols=\count283
\dotsspace@=\muskip17
\c@parentequation=\count284
\dspbrk@lvl=\count285
\tag@help=\toks25
\row@=\count286
\column@=\count287
\maxfields@=\count288
\andhelp@=\toks26
\eqnshift@=\dimen158
\alignsep@=\dimen159
\tagshift@=\dimen160
\tagwidth@=\dimen161
\totwidth@=\dimen162
\lineht@=\dimen163
\@envbody=\toks27
\multlinegap=\skip56
\multlinetaggap=\skip57
\mathdisplay@stack=\toks28
LaTeX Info: Redefining \[ on input line 2953.
LaTeX Info: Redefining \] on input line 2954.
)
(C:\Users\micha\AppData\Local\Programs\MiKTeX\tex/latex/booktabs\booktabs.sty
Package: booktabs 2020/01/12 v1.61803398 Publication quality tables
\heavyrulewidth=\dimen164
\lightrulewidth=\dimen165
\cmidrulewidth=\dimen166
\belowrulesep=\dimen167
\belowbottomsep=\dimen168
\aboverulesep=\dimen169
\abovetopsep=\dimen170
\cmidrulesep=\dimen171
\cmidrulekern=\dimen172
\defaultaddspace=\dimen173
\@cmidla=\count289
\@cmidlb=\count290
\@aboverulesep=\dimen174
\@belowrulesep=\dimen175
\@thisruleclass=\count291
\@lastruleclass=\count292
\@thisrulewidth=\dimen176
)
(C:\Users\micha\AppData\Local\Programs\MiKTeX\tex/latex/mathtools\mathtools.sty
Package: mathtools 2022/06/29 v1.29 mathematical typesetting tools
(C:\Users\micha\AppData\Local\Programs\MiKTeX\tex/latex/tools\calc.sty
Package: calc 2017/05/25 v4.3 Infix arithmetic (KKT,FJ)
\calc@Acount=\count293
\calc@Bcount=\count294
\calc@Adimen=\dimen177
\calc@Bdimen=\dimen178
\calc@Askip=\skip58
\calc@Bskip=\skip59
LaTeX Info: Redefining \setlength on input line 80.
LaTeX Info: Redefining \addtolength on input line 81.
\calc@Ccount=\count295
\calc@Cskip=\skip60
)
(C:\Users\micha\AppData\Local\Programs\MiKTeX\tex/latex/mathtools\mhsetup.sty
Package: mhsetup 2021/03/18 v1.4 programming setup (MH)
)
\g_MT_multlinerow_int=\count296
\l_MT_multwidth_dim=\dimen179
\origjot=\skip61
\l_MT_shortvdotswithinadjustabove_dim=\dimen180
\l_MT_shortvdotswithinadjustbelow_dim=\dimen181
\l_MT_above_intertext_sep=\dimen182
\l_MT_below_intertext_sep=\dimen183
\l_MT_above_shortintertext_sep=\dimen184
\l_MT_below_shortintertext_sep=\dimen185
\xmathstrut@box=\box57
\xmathstrut@dim=\dimen186
) (C:\Users\micha\AppData\Local\Programs\MiKTeX\tex/latex/multirow\multirow.sty
Package: multirow 2021/03/15 v2.8 Span multiple rows of a table
\multirow@colwidth=\skip62
\multirow@cntb=\count297
\multirow@dima=\skip63
\bigstrutjot=\dimen187
) (C:\Users\micha\AppData\Local\Programs\MiKTeX\tex/latex/cleveref\cleveref.sty
Package: cleveref 2018/03/27 v0.21.4 Intelligent cross-referencing
Package cleveref Info: `listings' support loaded on input line 3131.
) (C:\Users\micha\AppData\Local\Programs\MiKTeX\tex/latex/svg\svg.sty
Package: svg 2020/11/26 v2.02k (include SVG pictures)

(C:\Users\micha\AppData\Local\Programs\MiKTeX\tex/generic/iftex\iftex.sty
Package: iftex 2022/02/03 v1.0f TeX engine tests
)
(C:\Users\micha\AppData\Local\Programs\MiKTeX\tex/latex/koma-script\scrbase.sty
Package: scrbase 2023/07/07 v3.41 KOMA-Script package (KOMA-Script-independent 
basics and keyval usage)

(C:\Users\micha\AppData\Local\Programs\MiKTeX\tex/latex/koma-script\scrlfile.st
y
Package: scrlfile 2023/07/07 v3.41 KOMA-Script package (file load hooks)

(C:\Users\micha\AppData\Local\Programs\MiKTeX\tex/latex/koma-script\scrlfile-ho
ok.sty
Package: scrlfile-hook 2023/07/07 v3.41 KOMA-Script package (using LaTeX hooks)


(C:\Users\micha\AppData\Local\Programs\MiKTeX\tex/latex/koma-script\scrlogo.sty
Package: scrlogo 2023/07/07 v3.41 KOMA-Script package (logo)
)))
Applying: [2021/05/01] Usage of raw or classic option list on input line 252.
Already applied: [0000/00/00] Usage of raw or classic option list on input line
 368.
)
(C:\Users\micha\AppData\Local\Programs\MiKTeX\tex/generic/pdftexcmds\pdftexcmds
.sty
Package: pdftexcmds 2020-06-27 v0.33 Utility functions of pdfTeX for LuaTeX (HO
)

(C:\Users\micha\AppData\Local\Programs\MiKTeX\tex/generic/infwarerr\infwarerr.s
ty
Package: infwarerr 2019/12/03 v1.5 Providing info/warning/error messages (HO)
)
(C:\Users\micha\AppData\Local\Programs\MiKTeX\tex/generic/ltxcmds\ltxcmds.sty
Package: ltxcmds 2023-12-04 v1.26 LaTeX kernel commands for general use (HO)
)
Package pdftexcmds Info: \pdf@primitive is available.
Package pdftexcmds Info: \pdf@ifprimitive is available.
Package pdftexcmds Info: \pdfdraftmode found.
)
(C:\Users\micha\AppData\Local\Programs\MiKTeX\tex/latex/trimspaces\trimspaces.s
ty
Package: trimspaces 2009/09/17 v1.1 Trim spaces around a token list
) (C:\Users\micha\AppData\Local\Programs\MiKTeX\tex/latex/tools\shellesc.sty
Package: shellesc 2023/04/15 v1.0d unified shell escape interface for LaTeX
Package shellesc Info: Restricted shell escape enabled on input line 77.
)
\c@svg@param@lastpage=\count298
\svg@box=\box58
\c@svg@param@currpage=\count299
) (C:\Users\micha\AppData\Local\Programs\MiKTeX\tex/latex/xcolor\xcolor.sty
Package: xcolor 2022/06/12 v2.14 LaTeX color extensions (UK)

(C:\Users\micha\AppData\Local\Programs\MiKTeX\tex/latex/graphics-cfg\color.cfg
File: color.cfg 2016/01/02 v1.6 sample color configuration
)
Package xcolor Info: Driver file: pdftex.def on input line 227.
(C:\Users\micha\AppData\Local\Programs\MiKTeX\tex/latex/graphics\mathcolor.ltx)
Package xcolor Info: Model `cmy' substituted by `cmy0' on input line 1353.
Package xcolor Info: Model `hsb' substituted by `rgb' on input line 1357.
Package xcolor Info: Model `RGB' extended on input line 1369.
Package xcolor Info: Model `HTML' substituted by `rgb' on input line 1371.
Package xcolor Info: Model `Hsb' substituted by `hsb' on input line 1372.
Package xcolor Info: Model `tHsb' substituted by `hsb' on input line 1373.
Package xcolor Info: Model `HSB' substituted by `hsb' on input line 1374.
Package xcolor Info: Model `Gray' substituted by `gray' on input line 1375.
Package xcolor Info: Model `wave' substituted by `hsb' on input line 1376.
)
(C:\Users\micha\AppData\Local\Programs\MiKTeX\tex/latex/transparent\transparent
.sty
Package: transparent 2022-10-27 v1.5 Transparency with color stacks

(C:\Users\micha\AppData\Local\Programs\MiKTeX\tex/latex/transparent\transparent
-nometadata.sty
Package: transparent-nometadata 2022-10-27 v1.5 Transparency via pdfTeX's color
 stack (HO)

(C:\Users\micha\AppData\Local\Programs\MiKTeX\tex/latex/auxhook\auxhook.sty
Package: auxhook 2019-12-17 v1.6 Hooks for auxiliary files (HO)
)))
(C:\Users\micha\AppData\Local\Programs\MiKTeX\tex/latex/pgf/systemlayer\pgfsys.
sty
(C:\Users\micha\AppData\Local\Programs\MiKTeX\tex/latex/pgf/utilities\pgfrcs.st
y
(C:\Users\micha\AppData\Local\Programs\MiKTeX\tex/generic/pgf/utilities\pgfutil
-common.tex
\pgfutil@everybye=\toks29
\pgfutil@tempdima=\dimen188
\pgfutil@tempdimb=\dimen189
)
(C:\Users\micha\AppData\Local\Programs\MiKTeX\tex/generic/pgf/utilities\pgfutil
-latex.def
\pgfutil@abb=\box59
)
(C:\Users\micha\AppData\Local\Programs\MiKTeX\tex/generic/pgf/utilities\pgfrcs.
code.tex
(C:\Users\micha\AppData\Local\Programs\MiKTeX\tex/generic/pgf\pgf.revision.tex)
Package: pgfrcs 2023-01-15 v3.1.10 (3.1.10)
))
(C:\Users\micha\AppData\Local\Programs\MiKTeX\tex/generic/pgf/systemlayer\pgfsy
s.code.tex
Package: pgfsys 2023-01-15 v3.1.10 (3.1.10)

(C:\Users\micha\AppData\Local\Programs\MiKTeX\tex/generic/pgf/utilities\pgfkeys
.code.tex
\pgfkeys@pathtoks=\toks30
\pgfkeys@temptoks=\toks31

(C:\Users\micha\AppData\Local\Programs\MiKTeX\tex/generic/pgf/utilities\pgfkeys
libraryfiltered.code.tex
\pgfkeys@tmptoks=\toks32
))
\pgf@x=\dimen190
\pgf@y=\dimen191
\pgf@xa=\dimen192
\pgf@ya=\dimen193
\pgf@xb=\dimen194
\pgf@yb=\dimen195
\pgf@xc=\dimen196
\pgf@yc=\dimen197
\pgf@xd=\dimen198
\pgf@yd=\dimen199
\w@pgf@writea=\write3
\r@pgf@reada=\read2
\c@pgf@counta=\count300
\c@pgf@countb=\count301
\c@pgf@countc=\count302
\c@pgf@countd=\count303
\t@pgf@toka=\toks33
\t@pgf@tokb=\toks34
\t@pgf@tokc=\toks35
\pgf@sys@id@count=\count304

(C:\Users\micha\AppData\Local\Programs\MiKTeX\tex/generic/pgf/systemlayer\pgf.c
fg
File: pgf.cfg 2023-01-15 v3.1.10 (3.1.10)
)
Driver file for pgf: pgfsys-pdftex.def

(C:\Users\micha\AppData\Local\Programs\MiKTeX\tex/generic/pgf/systemlayer\pgfsy
s-pdftex.def
File: pgfsys-pdftex.def 2023-01-15 v3.1.10 (3.1.10)

(C:\Users\micha\AppData\Local\Programs\MiKTeX\tex/generic/pgf/systemlayer\pgfsy
s-common-pdf.def
File: pgfsys-common-pdf.def 2023-01-15 v3.1.10 (3.1.10)
)))
(C:\Users\micha\AppData\Local\Programs\MiKTeX\tex/generic/pgf/systemlayer\pgfsy
ssoftpath.code.tex
File: pgfsyssoftpath.code.tex 2023-01-15 v3.1.10 (3.1.10)
\pgfsyssoftpath@smallbuffer@items=\count305
\pgfsyssoftpath@bigbuffer@items=\count306
)
(C:\Users\micha\AppData\Local\Programs\MiKTeX\tex/generic/pgf/systemlayer\pgfsy
sprotocol.code.tex
File: pgfsysprotocol.code.tex 2023-01-15 v3.1.10 (3.1.10)
))
(C:\Users\micha\AppData\Local\Programs\MiKTeX\tex/latex/caption\subcaption.sty
Package: subcaption 2023/07/28 v1.6b Sub-captions (AR)
Package caption Info: New subtype `subfigure' on input line 238.
\c@subfigure=\count307
Package caption Info: New subtype `subtable' on input line 238.
\c@subtable=\count308
)
LaTeX Font Info:    Trying to load font information for OT1+ptm on input line 1
63.
(C:\Users\micha\AppData\Local\Programs\MiKTeX\tex/latex/psnfss\ot1ptm.fd
File: ot1ptm.fd 2001/06/04 font definitions for OT1/ptm.
)
(C:\Users\micha\AppData\Local\Programs\MiKTeX\tex/latex/l3backend\l3backend-pdf
tex.def
File: l3backend-pdftex.def 2023-04-19 L3 backend support: PDF output (pdfTeX)
\l__color_backend_stack_int=\count309
\l__pdf_internal_box=\box60
) (aaai24_changed.aux)
\openout1 = `aaai24_changed.aux'.

LaTeX Font Info:    Checking defaults for OML/cmm/m/it on input line 163.
LaTeX Font Info:    ... okay on input line 163.
LaTeX Font Info:    Checking defaults for OMS/cmsy/m/n on input line 163.
LaTeX Font Info:    ... okay on input line 163.
LaTeX Font Info:    Checking defaults for OT1/cmr/m/n on input line 163.
LaTeX Font Info:    ... okay on input line 163.
LaTeX Font Info:    Checking defaults for T1/cmr/m/n on input line 163.
LaTeX Font Info:    ... okay on input line 163.
LaTeX Font Info:    Checking defaults for TS1/cmr/m/n on input line 163.
LaTeX Font Info:    ... okay on input line 163.
LaTeX Font Info:    Checking defaults for OMX/cmex/m/n on input line 163.
LaTeX Font Info:    ... okay on input line 163.
LaTeX Font Info:    Checking defaults for U/cmr/m/n on input line 163.
LaTeX Font Info:    ... okay on input line 163.

(C:\Users\micha\AppData\Local\Programs\MiKTeX\tex/context/base/mkii\supp-pdf.mk
ii
[Loading MPS to PDF converter (version 2006.09.02).]
\scratchcounter=\count310
\scratchdimen=\dimen256
\scratchbox=\box61
\nofMPsegments=\count311
\nofMParguments=\count312
\everyMPshowfont=\toks36
\MPscratchCnt=\count313
\MPscratchDim=\dimen257
\MPnumerator=\count314
\makeMPintoPDFobject=\count315
\everyMPtoPDFconversion=\toks37
)
(C:\Users\micha\AppData\Local\Programs\MiKTeX\tex/latex/epstopdf-pkg\epstopdf-b
ase.sty
Package: epstopdf-base 2020-01-24 v2.11 Base part for package epstopdf
Package epstopdf-base Info: Redefining graphics rule for `.eps' on input line 4
85.

(C:\Users\micha\AppData\Local\Programs\MiKTeX\tex/latex/00miktex\epstopdf-sys.c
fg
File: epstopdf-sys.cfg 2021/03/18 v2.0 Configuration of epstopdf for MiKTeX
))
Package caption Info: Begin \AtBeginDocument code.
Package caption Info: float package is loaded.
Package caption Info: listings package is loaded.
Package caption Info: End \AtBeginDocument code.
Package newfloat Info: `float' package detected.
\c@lstlisting=\count316
\c@eqfn=\count317
\titlearea=\box62
LaTeX Font Info:    Trying to load font information for U+msa on input line 165
.
 (C:\Users\micha\AppData\Local\Programs\MiKTeX\tex/latex/amsfonts\umsa.fd
File: umsa.fd 2013/01/14 v3.01 AMS symbols A
)
LaTeX Font Info:    Trying to load font information for U+msb on input line 165
.

(C:\Users\micha\AppData\Local\Programs\MiKTeX\tex/latex/amsfonts\umsb.fd
File: umsb.fd 2013/01/14 v3.01 AMS symbols B
)
\actualheight=\skip64
LaTeX Font Info:    Trying to load font information for TS1+ptm on input line 1
65.

(C:\Users\micha\AppData\Local\Programs\MiKTeX\tex/latex/psnfss\ts1ptm.fd
File: ts1ptm.fd 2001/06/04 font definitions for TS1/ptm.
)

Package natbib Warning: Citation `carvalho_measuring_2006' on page 1 undefined 
on input line 173.


Package natbib Warning: Citation `Bilgeri2020TheEO' on page 1 undefined on inpu
t line 173.


Package natbib Warning: Citation `Gazer2017AccuracyAI' on page 1 undefined on i
nput line 173.


Underfull \hbox (badness 1297) in paragraph at lines 175--176
[]\OT1/ptm/m/n/10 In this study, we in-tro-duce a ver-sa-tile mea-sure-ment
 []


Package natbib Warning: Citation `maier-hein_comparative_2014' on page 1 undefi
ned on input line 185.


Package natbib Warning: Citation `rohl_dense_2012' on page 1 undefined on input
 line 185.


Package natbib Warning: Citation `maier-hein_comparative_2014' on page 1 undefi
ned on input line 185.

[1{C:/Users/micha/AppData/Local/MiKTeX/fonts/map/pdftex/pdftex.map}{C:/Users/mi
cha/AppData/Local/Programs/MiKTeX/fonts/enc/dvips/base/8r.enc}



]

Package natbib Warning: Citation `ackerman_surface_2002' on page 2 undefined on
 input line 187.


Package natbib Warning: Citation `maurice_structured_2012' on page 2 undefined 
on input line 187.


Package natbib Warning: Citation `maier-hein_comparative_2014' on page 2 undefi
ned on input line 187.


Package natbib Warning: Citation `kittler_real-time_2013' on page 2 undefined o
n input line 187.


Package natbib Warning: Citation `hutchison_3d_2013' on page 2 undefined on inp
ut line 187.


Package natbib Warning: Citation `rohl_real-time_2011' on page 2 undefined on i
nput line 187.


Package natbib Warning: Citation `hutchison_3d_2012' on page 2 undefined on inp
ut line 187.


Package natbib Warning: Citation `malti_combining_2014' on page 2 undefined on 
input line 187.


Package natbib Warning: Citation `maier-hein_comparative_2014' on page 2 undefi
ned on input line 189.


Package natbib Warning: Citation `groch_3d_2011' on page 2 undefined on input l
ine 189.


Package natbib Warning: Citation `way_causes_2003' on page 2 undefined on input
 line 191.


Package natbib Warning: Citation `field_stereo_2009' on page 2 undefined on inp
ut line 197.


Package natbib Warning: Citation `bodenstedt_image-based_2016' on page 2 undefi
ned on input line 197.


Package natbib Warning: Citation `lipson_raft-stereo_2021' on page 2 undefined 
on input line 199.

<1_Figures/approach.pdf, id=10, 2201.22375pt x 688.07062pt>
File: 1_Figures/approach.pdf Graphic file (type pdf)
<use 1_Figures/approach.pdf>
Package pdftex.def Info: 1_Figures/approach.pdf  used on input line 203.
(pdftex.def)             Requested size: 450.24178pt x 140.74042pt.
[2]

Package natbib Warning: Citation `jocher_yolov8_2023' on page 3 undefined on in
put line 245.


Package natbib Warning: Citation `bodenstedt_image-based_2016' on page 3 undefi
ned on input line 245.


Package natbib Warning: Citation `lipson_raft-stereo_2021' on page 3 undefined 
on input line 247.


Package natbib Warning: Citation `Teed2020' on page 3 undefined on input line 2
47.


Package natbib Warning: Citation `kazhdan_poisson_2006' on page 3 undefined on 
input line 247.


Package natbib Warning: Citation `bodenstedt_image-based_2016' on page 3 undefi
ned on input line 249.


Package natbib Warning: Citation `bodenstedt_image-based_2016' on page 3 undefi
ned on input line 249.


Underfull \vbox (badness 10000) has occurred while \output is active []

 [3 <./1_Figures/approach.pdf>]

Package natbib Warning: Citation `jocher_yolov8_2023' on page 4 undefined on in
put line 263.


Package natbib Warning: Citation `colleoni_synthetic_2020' on page 4 undefined 
on input line 263.


Package natbib Warning: Citation `lipson_raft-stereo_2021' on page 4 undefined 
on input line 265.


Package natbib Warning: Citation `hirschmuller_accurate_2005' on page 4 undefin
ed on input line 265.


Package natbib Warning: Citation `zhou_open3d_2018' on page 4 undefined on inpu
t line 269.


Underfull \hbox (badness 1946) in paragraph at lines 269--270
 \OT1/ptm/b/n/10 Sur-face re-con-struc-tion method. \OT1/ptm/m/n/10 In our ex-p
er-i-men-tal
 []

<1_Figures/playground.png, id=74, 971.3088pt x 728.4816pt>
File: 1_Figures/playground.png Graphic file (type png)
<use 1_Figures/playground.png>
Package pdftex.def Info: 1_Figures/playground.png  used on input line 291.
(pdftex.def)             Requested size: 68.28644pt x 51.21011pt.
<1_Figures/surgical_phantom.png, id=75, 4047.12pt x 3035.34pt>
File: 1_Figures/surgical_phantom.png Graphic file (type png)
<use 1_Figures/surgical_phantom.png>
Package pdftex.def Info: 1_Figures/surgical_phantom.png  used on input line 292
.
(pdftex.def)             Requested size: 68.28644pt x 51.17862pt.
<1_Figures/daVinci_left.png, id=76, 192.72pt x 144.54pt>
File: 1_Figures/daVinci_left.png Graphic file (type png)
<use 1_Figures/daVinci_left.png>
Package pdftex.def Info: 1_Figures/daVinci_left.png  used on input line 293.
(pdftex.def)             Requested size: 68.28644pt x 51.2139pt.

Package natbib Warning: Citation `ye_self-supervised_2017' on page 4 undefined 
on input line 296.


Overfull \hbox (1.46494pt too wide) in paragraph at lines 290--299
 [][] 
 []


Package natbib Warning: Citation `remde_xr-developer_2023' on page 4 undefined 
on input line 314.


Package natbib Warning: Citation `ye_self-supervised_2017' on page 4 undefined 
on input line 316.


Package natbib Warning: Citation `ye_self-supervised_2017' on page 4 undefined 
on input line 316.

[4 <./1_Figures/playground.png> <./1_Figures/surgical_phantom.png> <./1_Figures
/daVinci_left.png>]
<1_Figures/measurements.pdf, id=82, 722.7pt x 433.62pt>
File: 1_Figures/measurements.pdf Graphic file (type pdf)
<use 1_Figures/measurements.pdf>
Package pdftex.def Info: 1_Figures/measurements.pdf  used on input line 383.
(pdftex.def)             Requested size: 234.60545pt x 140.75941pt.
<1_Figures/playground_im.png, id=83, 420.82219pt x 361.35pt>
File: 1_Figures/playground_im.png Graphic file (type png)
<use 1_Figures/playground_im.png>
Package pdftex.def Info: 1_Figures/playground_im.png  used on input line 392.
(pdftex.def)             Requested size: 62.59596pt x 53.74803pt.
<1_Figures/playground_pc_2.png, id=84, 777.65532pt x 813.0375pt>
File: 1_Figures/playground_pc_2.png Graphic file (type png)
<use 1_Figures/playground_pc_2.png>
Package pdftex.def Info: 1_Figures/playground_pc_2.png  used on input line 393.

(pdftex.def)             Requested size: 62.59596pt x 65.44131pt.
<1_Figures/playground_pc_3.png, id=85, 827.34094pt x 679.03688pt>
File: 1_Figures/playground_pc_3.png Graphic file (type png)
<use 1_Figures/playground_pc_3.png>
Package pdftex.def Info: 1_Figures/playground_pc_3.png  used on input line 394.

(pdftex.def)             Requested size: 62.59596pt x 51.3711pt.
<1_Figures/phantom_image.png, id=86, 851.18pt x 481.8pt>
File: 1_Figures/phantom_image.png Graphic file (type png)
<use 1_Figures/phantom_image.png>
Package pdftex.def Info: 1_Figures/phantom_image.png  used on input line 408.
(pdftex.def)             Requested size: 99.58464pt x 56.36522pt.
<1_Figures/phantom_pc.png, id=87, 1285.05093pt x 889.82437pt>
File: 1_Figures/phantom_pc.png Graphic file (type png)
<use 1_Figures/phantom_pc.png>
Package pdftex.def Info: 1_Figures/phantom_pc.png  used on input line 409.
(pdftex.def)             Requested size: 85.35826pt x 59.10333pt.
<1_Figures/real_image_1.png, id=88, 385.44pt x 192.72pt>
File: 1_Figures/real_image_1.png Graphic file (type png)
<use 1_Figures/real_image_1.png>
Package pdftex.def Info: 1_Figures/real_image_1.png  used on input line 425.
(pdftex.def)             Requested size: 85.35826pt x 42.67789pt.
<1_Figures/real_pc_1.png, id=89, 1020.06094pt x 597.73312pt>
File: 1_Figures/real_pc_1.png Graphic file (type png)
<use 1_Figures/real_pc_1.png>
Package pdftex.def Info: 1_Figures/real_pc_1.png  used on input line 426.
(pdftex.def)             Requested size: 76.82234pt x 45.01045pt.
<1_Figures/real_image_2.png, id=90, 385.44pt x 192.72pt>
File: 1_Figures/real_image_2.png Graphic file (type png)
<use 1_Figures/real_image_2.png>
Package pdftex.def Info: 1_Figures/real_image_2.png  used on input line 427.
(pdftex.def)             Requested size: 85.35826pt x 42.67789pt.
<1_Figures/real_pc_2.png, id=91, 1108.8928pt x 617.30624pt>
File: 1_Figures/real_pc_2.png Graphic file (type png)
<use 1_Figures/real_pc_2.png>
Package pdftex.def Info: 1_Figures/real_pc_2.png  used on input line 428.
(pdftex.def)             Requested size: 76.82234pt x 42.76372pt.
<1_Figures/real_image_3.png, id=92, 385.44pt x 192.72pt>
File: 1_Figures/real_image_3.png Graphic file (type png)
<use 1_Figures/real_image_3.png>
Package pdftex.def Info: 1_Figures/real_image_3.png  used on input line 429.
(pdftex.def)             Requested size: 85.35826pt x 42.67789pt.
<1_Figures/real_pc_3.png, id=93, 1212.02812pt x 670.00313pt>
File: 1_Figures/real_pc_3.png Graphic file (type png)
<use 1_Figures/real_pc_3.png>
Package pdftex.def Info: 1_Figures/real_pc_3.png  used on input line 430.
(pdftex.def)             Requested size: 76.82234pt x 42.45782pt.


Package natbib Warning: Citation `hemmer2022factors' on page 5 undefined on inp
ut line 449.

[5 <./1_Figures/measurements.pdf>]

Package natbib Warning: Citation `Miyauchi2022' on page 6 undefined on input li
ne 453.


Package natbib Warning: Citation `Dowrick2023' on page 6 undefined on input lin
e 453.

No file aaai24_changed.bbl.
[6 <./1_Figures/playground_im.png> <./1_Figures/playground_pc_2.png> <./1_Figur
es/playground_pc_3.png> <./1_Figures/phantom_image.png (PNG copy)> <./1_Figures
/phantom_pc.png> <./1_Figures/real_image_1.png (PNG copy)> <./1_Figures/real_pc
_1.png> <./1_Figures/real_image_2.png (PNG copy)> <./1_Figures/real_pc_2.png> <
./1_Figures/real_image_3.png (PNG copy)> <./1_Figures/real_pc_3.png>]

Package natbib Warning: There were undefined citations.

[7

] (aaai24_changed.aux)
 ***********
LaTeX2e <2023-06-01> patch level 1
L3 programming layer <2023-08-29>
 ***********
 ) 
Here is how much of TeX's memory you used:
 11894 strings out of 475247
 219715 string characters out of 5757792
 1956801 words of memory out of 5000000
 33214 multiletter control sequences out of 15000+600000
 584874 words of font info for 94 fonts, out of 8000000 for 9000
 1141 hyphenation exceptions out of 8191
 94i,14n,93p,1471b,370s stack positions out of 10000i,1000n,20000p,200000b,200000s
<C:/Users/micha/AppData/Local/Programs/MiKTeX/fonts/type1/public/amsfonts/cm/
cmmi10.pfb><C:/Users/micha/AppData/Local/Programs/MiKTeX/fonts/type1/public/ams
fonts/cm/cmmi7.pfb><C:/Users/micha/AppData/Local/Programs/MiKTeX/fonts/type1/pu
blic/amsfonts/cm/cmr10.pfb><C:/Users/micha/AppData/Local/Programs/MiKTeX/fonts/
type1/public/amsfonts/cm/cmr7.pfb><C:/Users/micha/AppData/Local/Programs/MiKTeX
/fonts/type1/public/amsfonts/cm/cmsy10.pfb><C:/Users/micha/AppData/Local/Progra
ms/MiKTeX/fonts/type1/public/amsfonts/symbols/msbm10.pfb><C:/Users/micha/AppDat
a/Local/Programs/MiKTeX/fonts/type1/urw/times/utmb8a.pfb><C:/Users/micha/AppDat
a/Local/Programs/MiKTeX/fonts/type1/urw/times/utmr8a.pfb>
Output written on aaai24_changed.pdf (7 pages, 8649593 bytes).
PDF statistics:
 185 PDF objects out of 1000 (max. 8388607)
 0 named destinations out of 1000 (max. 500000)
 93 words of extra memory for PDF output out of 10000 (max. 10000000)

