This is pdfTeX, Version 3.141592653-2.6-1.40.25 (MiKTeX 23.9) (preloaded format=pdflatex 2023.9.22)  30 MAR 2024 17:39
entering extended mode
 restricted \write18 enabled.
 %&-line parsing enabled.
**./SSAVA_AAAI_changed.tex
(SSAVA_AAAI_changed.tex
LaTeX2e <2023-06-01> patch level 1
L3 programming layer <2023-08-29>
(C:\Users\micha\AppData\Local\Programs\MiKTeX\tex/latex/base\article.cls
Document Class: article 2023/05/17 v1.4n Standard LaTeX document class
(C:\Users\micha\AppData\Local\Programs\MiKTeX\tex/latex/base\size10.clo
File: size10.clo 2023/05/17 v1.4n Standard LaTeX file (size option)
)
\c@part=\count185
\c@section=\count186
\c@subsection=\count187
\c@subsubsection=\count188
\c@paragraph=\count189
\c@subparagraph=\count190
\c@figure=\count191
\c@table=\count192
\abovecaptionskip=\skip48
\belowcaptionskip=\skip49
\bibindent=\dimen140
)
(C:\Users\micha\AppData\Local\Programs\MiKTeX\tex/latex/psnfss\times.sty
Package: times 2020/03/25 PSNFSS-v9.3 (SPQR) 
)
(C:\Users\micha\AppData\Local\Programs\MiKTeX\tex/latex/graphics\epsfig.sty
Package: epsfig 2017/06/25 v1.7b (e)psfig emulation (SPQR)

(C:\Users\micha\AppData\Local\Programs\MiKTeX\tex/latex/graphics\graphicx.sty
Package: graphicx 2021/09/16 v1.2d Enhanced LaTeX Graphics (DPC,SPQR)

(C:\Users\micha\AppData\Local\Programs\MiKTeX\tex/latex/graphics\keyval.sty
Package: keyval 2022/05/29 v1.15 key=value parser (DPC)
\KV@toks@=\toks17
)
(C:\Users\micha\AppData\Local\Programs\MiKTeX\tex/latex/graphics\graphics.sty
Package: graphics 2022/03/10 v1.4e Standard LaTeX Graphics (DPC,SPQR)

(C:\Users\micha\AppData\Local\Programs\MiKTeX\tex/latex/graphics\trig.sty
Package: trig 2021/08/11 v1.11 sin cos tan (DPC)
)
(C:\Users\micha\AppData\Local\Programs\MiKTeX\tex/latex/graphics-cfg\graphics.c
fg
File: graphics.cfg 2016/06/04 v1.11 sample graphics configuration
)
Package graphics Info: Driver file: pdftex.def on input line 107.

(C:\Users\micha\AppData\Local\Programs\MiKTeX\tex/latex/graphics-def\pdftex.def
File: pdftex.def 2022/09/22 v1.2b Graphics/color driver for pdftex
))
\Gin@req@height=\dimen141
\Gin@req@width=\dimen142
)
\epsfxsize=\dimen143
\epsfysize=\dimen144
)
(C:\Users\micha\AppData\Local\Programs\MiKTeX\tex/latex/amsmath\amsmath.sty
Package: amsmath 2023/05/13 v2.17o AMS math features
\@mathmargin=\skip50

For additional information on amsmath, use the `?' option.
(C:\Users\micha\AppData\Local\Programs\MiKTeX\tex/latex/amsmath\amstext.sty
Package: amstext 2021/08/26 v2.01 AMS text

(C:\Users\micha\AppData\Local\Programs\MiKTeX\tex/latex/amsmath\amsgen.sty
File: amsgen.sty 1999/11/30 v2.0 generic functions
\@emptytoks=\toks18
\ex@=\dimen145
))
(C:\Users\micha\AppData\Local\Programs\MiKTeX\tex/latex/amsmath\amsbsy.sty
Package: amsbsy 1999/11/29 v1.2d Bold Symbols
\pmbraise@=\dimen146
)
(C:\Users\micha\AppData\Local\Programs\MiKTeX\tex/latex/amsmath\amsopn.sty
Package: amsopn 2022/04/08 v2.04 operator names
)
\inf@bad=\count193
LaTeX Info: Redefining \frac on input line 234.
\uproot@=\count194
\leftroot@=\count195
LaTeX Info: Redefining \overline on input line 399.
LaTeX Info: Redefining \colon on input line 410.
\classnum@=\count196
\DOTSCASE@=\count197
LaTeX Info: Redefining \ldots on input line 496.
LaTeX Info: Redefining \dots on input line 499.
LaTeX Info: Redefining \cdots on input line 620.
\Mathstrutbox@=\box51
\strutbox@=\box52
LaTeX Info: Redefining \big on input line 722.
LaTeX Info: Redefining \Big on input line 723.
LaTeX Info: Redefining \bigg on input line 724.
LaTeX Info: Redefining \Bigg on input line 725.
\big@size=\dimen147
LaTeX Font Info:    Redeclaring font encoding OML on input line 743.
LaTeX Font Info:    Redeclaring font encoding OMS on input line 744.
\macc@depth=\count198
LaTeX Info: Redefining \bmod on input line 905.
LaTeX Info: Redefining \pmod on input line 910.
LaTeX Info: Redefining \smash on input line 940.
LaTeX Info: Redefining \relbar on input line 970.
LaTeX Info: Redefining \Relbar on input line 971.
\c@MaxMatrixCols=\count199
\dotsspace@=\muskip16
\c@parentequation=\count266
\dspbrk@lvl=\count267
\tag@help=\toks19
\row@=\count268
\column@=\count269
\maxfields@=\count270
\andhelp@=\toks20
\eqnshift@=\dimen148
\alignsep@=\dimen149
\tagshift@=\dimen150
\tagwidth@=\dimen151
\totwidth@=\dimen152
\lineht@=\dimen153
\@envbody=\toks21
\multlinegap=\skip51
\multlinetaggap=\skip52
\mathdisplay@stack=\toks22
LaTeX Info: Redefining \[ on input line 2953.
LaTeX Info: Redefining \] on input line 2954.
)
(C:\Users\micha\AppData\Local\Programs\MiKTeX\tex/latex/amsfonts\amssymb.sty
Package: amssymb 2013/01/14 v3.01 AMS font symbols

(C:\Users\micha\AppData\Local\Programs\MiKTeX\tex/latex/amsfonts\amsfonts.sty
Package: amsfonts 2013/01/14 v3.01 Basic AMSFonts support
\symAMSa=\mathgroup4
\symAMSb=\mathgroup5
LaTeX Font Info:    Redeclaring math symbol \hbar on input line 98.
LaTeX Font Info:    Overwriting math alphabet `\mathfrak' in version `bold'
(Font)                  U/euf/m/n --> U/euf/b/n on input line 106.
)) (C:\Users\micha\AppData\Local\Programs\MiKTeX\tex/latex/graphics\color.sty
Package: color 2022/01/06 v1.3d Standard LaTeX Color (DPC)

(C:\Users\micha\AppData\Local\Programs\MiKTeX\tex/latex/graphics-cfg\color.cfg
File: color.cfg 2016/01/02 v1.6 sample color configuration
)
Package color Info: Driver file: pdftex.def on input line 149.
(C:\Users\micha\AppData\Local\Programs\MiKTeX\tex/latex/graphics\mathcolor.ltx)
)
(C:\Users\micha\AppData\Local\Programs\MiKTeX\tex/latex/microtype\microtype.sty
Package: microtype 2023/03/13 v3.1a Micro-typographical refinements (RS)
(C:\Users\micha\AppData\Local\Programs\MiKTeX\tex/latex/etoolbox\etoolbox.sty
Package: etoolbox 2020/10/05 v2.5k e-TeX tools for LaTeX (JAW)
\etb@tempcnta=\count271
)
\MT@toks=\toks23
\MT@tempbox=\box53
\MT@count=\count272
LaTeX Info: Redefining \noprotrusionifhmode on input line 1059.
LaTeX Info: Redefining \leftprotrusion on input line 1060.
\MT@prot@toks=\toks24
LaTeX Info: Redefining \rightprotrusion on input line 1078.
LaTeX Info: Redefining \textls on input line 1368.
\MT@outer@kern=\dimen154
LaTeX Info: Redefining \textmicrotypecontext on input line 1988.
\MT@listname@count=\count273

(C:\Users\micha\AppData\Local\Programs\MiKTeX\tex/latex/microtype\microtype-pdf
tex.def
File: microtype-pdftex.def 2023/03/13 v3.1a Definitions specific to pdftex (RS)

LaTeX Info: Redefining \lsstyle on input line 902.
LaTeX Info: Redefining \lslig on input line 902.
\MT@outer@space=\skip53
)
Package microtype Info: Loading configuration file microtype.cfg.

(C:\Users\micha\AppData\Local\Programs\MiKTeX\tex/latex/microtype\microtype.cfg
File: microtype.cfg 2023/03/13 v3.1a microtype main configuration file (RS)
))
(C:\Users\micha\AppData\Local\Programs\MiKTeX\tex/latex/algorithms\algorithm.st
y
Package: algorithm 2009/08/24 v0.1 Document Style `algorithm' - floating enviro
nment
 (C:\Users\micha\AppData\Local\Programs\MiKTeX\tex/latex/float\float.sty
Package: float 2001/11/08 v1.3d Float enhancements (AL)
\c@float@type=\count274
\float@exts=\toks25
\float@box=\box54
\@float@everytoks=\toks26
\@floatcapt=\box55
)
(C:\Users\micha\AppData\Local\Programs\MiKTeX\tex/latex/base\ifthen.sty
Package: ifthen 2022/04/13 v1.1d Standard LaTeX ifthen package (DPC)
)
\@float@every@algorithm=\toks27
\c@algorithm=\count275
)
(C:\Users\micha\AppData\Local\Programs\MiKTeX\tex/latex/algorithms\algorithmic.
sty
Package: algorithmic 2009/08/24 v0.1 Document Style `algorithmic'
\c@ALC@unique=\count276
\c@ALC@line=\count277
\c@ALC@rem=\count278
\c@ALC@depth=\count279
\ALC@tlm=\skip54
\algorithmicindent=\skip55
)
(C:\Users\micha\AppData\Local\Programs\MiKTeX\tex/latex/booktabs\booktabs.sty
Package: booktabs 2020/01/12 v1.61803398 Publication quality tables
\heavyrulewidth=\dimen155
\lightrulewidth=\dimen156
\cmidrulewidth=\dimen157
\belowrulesep=\dimen158
\belowbottomsep=\dimen159
\aboverulesep=\dimen160
\abovetopsep=\dimen161
\cmidrulesep=\dimen162
\cmidrulekern=\dimen163
\defaultaddspace=\dimen164
\@cmidla=\count280
\@cmidlb=\count281
\@aboverulesep=\dimen165
\@belowrulesep=\dimen166
\@thisruleclass=\count282
\@lastruleclass=\count283
\@thisrulewidth=\dimen167
)
(C:\Users\micha\AppData\Local\Programs\MiKTeX\tex/latex/multirow\multirow.sty
Package: multirow 2021/03/15 v2.8 Span multiple rows of a table
\multirow@colwidth=\skip56
\multirow@cntb=\count284
\multirow@dima=\skip57
\bigstrutjot=\dimen168
)
(C:\Users\micha\AppData\Local\Programs\MiKTeX\tex/latex/enumitem\enumitem.sty
Package: enumitem 2019/06/20 v3.9 Customized lists
\labelindent=\skip58
\enit@outerparindent=\dimen169
\enit@toks=\toks28
\enit@inbox=\box56
\enit@count@id=\count285
\enitdp@description=\count286
)
(C:\Users\micha\AppData\Local\Programs\MiKTeX\tex/latex/lineno\lineno.sty
Package: lineno 2023/05/20 line numbers on paragraphs v5.3

(C:\Users\micha\AppData\Local\Programs\MiKTeX\tex/latex/kvoptions\kvoptions.sty
Package: kvoptions 2022-06-15 v3.15 Key value format for package options (HO)
(C:\Users\micha\AppData\Local\Programs\MiKTeX\tex/generic/ltxcmds\ltxcmds.sty
Package: ltxcmds 2023-12-04 v1.26 LaTeX kernel commands for general use (HO)
)
(C:\Users\micha\AppData\Local\Programs\MiKTeX\tex/latex/kvsetkeys\kvsetkeys.sty
Package: kvsetkeys 2022-10-05 v1.19 Key value parser (HO)
))
\linenopenalty=\count287
\output=\toks29
\linenoprevgraf=\count288
\linenumbersep=\dimen170
\linenumberwidth=\dimen171
\c@linenumber=\count289
\c@pagewiselinenumber=\count290
\c@LN@truepage=\count291
\c@internallinenumber=\count292
\c@internallinenumbers=\count293
\quotelinenumbersep=\dimen172
\bframerule=\dimen173
\bframesep=\dimen174
\bframebox=\box57
\linenoamsmath@ams@eqpen=\count294
LaTeX Info: Redefining \\ on input line 3180.
) (C:\Users\micha\AppData\Local\Programs\MiKTeX\tex/latex/psnfss\helvet.sty
Package: helvet 2020/03/25 PSNFSS-v9.3 (WaS) 
)
(C:\Users\micha\AppData\Local\Programs\MiKTeX\tex/latex/psnfss\courier.sty
Package: courier 2020/03/25 PSNFSS-v9.3 (WaS) 
)
(C:\Users\micha\AppData\Local\Programs\MiKTeX\tex/latex/url\url.sty
\Urlmuskip=\muskip17
Package: url 2013/09/16  ver 3.4  Verb mode for urls, etc.
)
(aaai20.sty
Conference Style for AAAI for LaTeX 2e -- version for the AAAI-20 conference
\titlebox=\skip59
)
LaTeX Font Info:    Trying to load font information for OT1+ptm on input line 7
7.
 (C:\Users\micha\AppData\Local\Programs\MiKTeX\tex/latex/psnfss\ot1ptm.fd
File: ot1ptm.fd 2001/06/04 font definitions for OT1/ptm.
)
(C:\Users\micha\AppData\Local\Programs\MiKTeX\tex/latex/l3backend\l3backend-pdf
tex.def
File: l3backend-pdftex.def 2023-04-19 L3 backend support: PDF output (pdfTeX)
\l__color_backend_stack_int=\count295
\l__pdf_internal_box=\box58
) (SSAVA_AAAI_changed.aux)
\openout1 = `SSAVA_AAAI_changed.aux'.

LaTeX Font Info:    Checking defaults for OML/cmm/m/it on input line 77.
LaTeX Font Info:    ... okay on input line 77.
LaTeX Font Info:    Checking defaults for OMS/cmsy/m/n on input line 77.
LaTeX Font Info:    ... okay on input line 77.
LaTeX Font Info:    Checking defaults for OT1/cmr/m/n on input line 77.
LaTeX Font Info:    ... okay on input line 77.
LaTeX Font Info:    Checking defaults for T1/cmr/m/n on input line 77.
LaTeX Font Info:    ... okay on input line 77.
LaTeX Font Info:    Checking defaults for TS1/cmr/m/n on input line 77.
LaTeX Font Info:    ... okay on input line 77.
LaTeX Font Info:    Checking defaults for OMX/cmex/m/n on input line 77.
LaTeX Font Info:    ... okay on input line 77.
LaTeX Font Info:    Checking defaults for U/cmr/m/n on input line 77.
LaTeX Font Info:    ... okay on input line 77.

(C:\Users\micha\AppData\Local\Programs\MiKTeX\tex/context/base/mkii\supp-pdf.mk
ii
[Loading MPS to PDF converter (version 2006.09.02).]
\scratchcounter=\count296
\scratchdimen=\dimen175
\scratchbox=\box59
\nofMPsegments=\count297
\nofMParguments=\count298
\everyMPshowfont=\toks30
\MPscratchCnt=\count299
\MPscratchDim=\dimen176
\MPnumerator=\count300
\makeMPintoPDFobject=\count301
\everyMPtoPDFconversion=\toks31
)
(C:\Users\micha\AppData\Local\Programs\MiKTeX\tex/latex/epstopdf-pkg\epstopdf-b
ase.sty
Package: epstopdf-base 2020-01-24 v2.11 Base part for package epstopdf
Package epstopdf-base Info: Redefining graphics rule for `.eps' on input line 4
85.

(C:\Users\micha\AppData\Local\Programs\MiKTeX\tex/latex/00miktex\epstopdf-sys.c
fg
File: epstopdf-sys.cfg 2021/03/18 v2.0 Configuration of epstopdf for MiKTeX
))
LaTeX Info: Redefining \microtypecontext on input line 77.
Package microtype Info: Applying patch `item' on input line 77.
Package microtype Info: Applying patch `toc' on input line 77.
Package microtype Info: Applying patch `eqnum' on input line 77.
Package microtype Info: Applying patch `footnote' on input line 77.
Package microtype Info: Applying patch `verbatim' on input line 77.
Package microtype Info: Generating PDF output.
Package microtype Info: Character protrusion enabled (level 2).
Package microtype Info: Using default protrusion set `alltext'.
Package microtype Info: Automatic font expansion enabled (level 2),
(microtype)             stretch: 20, shrink: 20, step: 1, non-selected.
Package microtype Info: Using default expansion set `alltext-nott'.
LaTeX Info: Redefining \showhyphens on input line 77.
Package microtype Info: No adjustment of tracking.
Package microtype Info: No adjustment of interword spacing.
Package microtype Info: No adjustment of character kerning.

(C:\Users\micha\AppData\Local\Programs\MiKTeX\tex/latex/microtype\mt-ptm.cfg
File: mt-ptm.cfg 2006/04/20 v1.7 microtype config. file: Times (RS)
)
(C:\Users\micha\AppData\Local\Programs\MiKTeX\tex/latex/microtype\mt-cmr.cfg
File: mt-cmr.cfg 2013/05/19 v2.2 microtype config. file: Computer Modern Roman 
(RS)
)
LaTeX Font Info:    Trying to load font information for U+msa on input line 79.


(C:\Users\micha\AppData\Local\Programs\MiKTeX\tex/latex/amsfonts\umsa.fd
File: umsa.fd 2013/01/14 v3.01 AMS symbols A
)
(C:\Users\micha\AppData\Local\Programs\MiKTeX\tex/latex/microtype\mt-msa.cfg
File: mt-msa.cfg 2006/02/04 v1.1 microtype config. file: AMS symbols (a) (RS)
)
LaTeX Font Info:    Trying to load font information for U+msb on input line 79.


(C:\Users\micha\AppData\Local\Programs\MiKTeX\tex/latex/amsfonts\umsb.fd
File: umsb.fd 2013/01/14 v3.01 AMS symbols B
)
(C:\Users\micha\AppData\Local\Programs\MiKTeX\tex/latex/microtype\mt-msb.cfg
File: mt-msb.cfg 2005/06/01 v1.0 microtype config. file: AMS symbols (b) (RS)
)
LaTeX Font Info:    Trying to load font information for TS1+ptm on input line 7
9.

(C:\Users\micha\AppData\Local\Programs\MiKTeX\tex/latex/psnfss\ts1ptm.fd
File: ts1ptm.fd 2001/06/04 font definitions for TS1/ptm.
)
LaTeX Font Info:    Trying to load font information for OMS+ptm on input line 7
9.

(C:\Users\micha\AppData\Local\Programs\MiKTeX\tex/latex/psnfss\omsptm.fd
File: omsptm.fd 
)
LaTeX Font Info:    Font shape `OMS/ptm/m/n' in size <10> not available
(Font)              Font shape `OMS/cmsy/m/n' tried instead on input line 79.


LaTeX Warning: Citation `datta2006studying' on page 1 undefined on input line 9
5.


LaTeX Warning: Citation `ma2017lamp' on page 1 undefined on input line 98.


LaTeX Warning: Citation `mai2016composition' on page 1 undefined on input line 
98.


LaTeX Warning: Citation `sheng2018attention' on page 1 undefined on input line 
98.


LaTeX Warning: Citation `talebi2018nima' on page 1 undefined on input line 98.


LaTeX Warning: Citation `murray2012ava' on page 1 undefined on input line 98.


LaTeX Warning: Citation `kong2016photo' on page 1 undefined on input line 98.

<Operations_toward_Aesthetics3.pdf, id=1, 630.355pt x 317.185pt>
File: Operations_toward_Aesthetics3.pdf Graphic file (type pdf)
<use Operations_toward_Aesthetics3.pdf>
Package pdftex.def Info: Operations_toward_Aesthetics3.pdf  used on input line 
102.
(pdftex.def)             Requested size: 239.39438pt x 120.45894pt.

LaTeX Warning: Citation `hinton2006reducing' on page 1 undefined on input line 
108.


LaTeX Warning: Citation `vincent2008extracting' on page 1 undefined on input li
ne 108.


LaTeX Warning: Citation `de1994learning' on page 1 undefined on input line 108.



LaTeX Warning: Citation `doersch2015unsupervised' on page 1 undefined on input 
line 108.


LaTeX Warning: Citation `pathak2016context' on page 1 undefined on input line 1
08.


LaTeX Warning: Citation `zhang2016colorful' on page 1 undefined on input line 1
08.


Underfull \vbox (badness 1622) has occurred while \output is active []

 [1{C:/Users/micha/AppData/Local/MiKTeX/fonts/map/pdftex/pdftex.map}{C:/Users/m
icha/AppData/Local/Programs/MiKTeX/fonts/enc/dvips/base/8r.enc}



 <./Operations_toward_Aesthetics3.pdf>]

LaTeX Warning: Citation `murray2012ava' on page 2 undefined on input line 118.


LaTeX Warning: Citation `kong2016photo' on page 2 undefined on input line 118.


LaTeX Warning: Citation `doersch2015unsupervised' on page 2 undefined on input 
line 118.


LaTeX Warning: Citation `noroozi2016unsupervised' on page 2 undefined on input 
line 118.


LaTeX Warning: Citation `larsson2017colorization' on page 2 undefined on input 
line 118.


LaTeX Warning: Citation `zhang2016colorful' on page 2 undefined on input line 1
18.


LaTeX Warning: Citation `gidaris2018unsupervised' on page 2 undefined on input 
line 118.


LaTeX Warning: Citation `datta2006studying' on page 2 undefined on input line 1
35.


LaTeX Warning: Citation `ke2006the' on page 2 undefined on input line 135.


LaTeX Warning: Citation `talebi2018nima' on page 2 undefined on input line 136.



LaTeX Warning: Citation `jin2018predicting' on page 2 undefined on input line 1
36.


LaTeX Warning: Citation `hosu2019effective' on page 2 undefined on input line 1
36.


LaTeX Warning: Citation `sheng2018attention' on page 2 undefined on input line 
136.


LaTeX Warning: Citation `ma2017lamp' on page 2 undefined on input line 136.


LaTeX Warning: Citation `pan2019image' on page 2 undefined on input line 136.


LaTeX Warning: Citation `yu2018aesthetic' on page 2 undefined on input line 137
.


LaTeX Warning: Citation `Sheng:2018:GPD' on page 2 undefined on input line 137.



LaTeX Warning: Citation `de1994learning' on page 2 undefined on input line 139.



LaTeX Warning: Citation `doersch2015unsupervised' on page 2 undefined on input 
line 140.


LaTeX Warning: Citation `zhang2016colorful' on page 2 undefined on input line 1
40.


LaTeX Warning: Citation `zhang2017split' on page 2 undefined on input line 140.



LaTeX Warning: Citation `gidaris2018unsupervised' on page 2 undefined on input 
line 140.


LaTeX Warning: Citation `vondrick2018tracking' on page 2 undefined on input lin
e 141.


LaTeX Warning: Citation `fan2018unsupervised' on page 2 undefined on input line
 141.


LaTeX Warning: Citation `lucic2019high-fidelity' on page 2 undefined on input l
ine 141.


LaTeX Warning: Citation `deng2018aesthetic' on page 2 undefined on input line 1
45.


LaTeX Warning: Citation `hu2018exposure' on page 2 undefined on input line 145.



LaTeX Warning: Citation `Hung_blend_2018' on page 2 undefined on input line 145
.


LaTeX Warning: Citation `zhang2016colorful' on page 2 undefined on input line 1
45.


LaTeX Warning: Citation `murray2012ava' on page 2 undefined on input line 152.


LaTeX Warning: Citation `kong2016photo' on page 2 undefined on input line 152.

<FineGrainedAesthetic.pdf, id=41, 906.1293pt x 472.46112pt>
File: FineGrainedAesthetic.pdf Graphic file (type pdf)
<use FineGrainedAesthetic.pdf>
Package pdftex.def Info: FineGrainedAesthetic.pdf  used on input line 162.
(pdftex.def)             Requested size: 301.00539pt x 156.94356pt.

LaTeX Warning: Citation `ma2018end2end' on page 2 undefined on input line 176.


LaTeX Warning: Citation `zhang2018perceptual' on page 2 undefined on input line
 176.


LaTeX Warning: Citation `kang2017patchshuffle' on page 2 undefined on input lin
e 180.


LaTeX Warning: Citation `zhang2017mixup' on page 2 undefined on input line 180.


[2]

LaTeX Warning: Citation `marchesotti2015discovering' on page 3 undefined on inp
ut line 218.

<SSAVAPretextTraining.pdf, id=46, 841.1425pt x 360.34625pt>
File: SSAVAPretextTraining.pdf Graphic file (type pdf)
<use SSAVAPretextTraining.pdf>
Package pdftex.def Info: SSAVAPretextTraining.pdf  used on input line 244.
(pdftex.def)             Requested size: 311.8291pt x 133.58995pt.

Underfull \hbox (badness 3713) in paragraph at lines 251--251
\OT1/ptm/m/n/10 (+20) supervised ap-proach. We pro-pose
 []


Underfull \hbox (badness 2689) in paragraph at lines 251--251
\OT1/ptm/m/n/10 (+20) ap-ply an entropy-based weight-ing
 []


LaTeX Warning: Citation `gidaris2018unsupervised' on page 3 undefined on input 
line 257.

[3 <./FineGrainedAesthetic.pdf>]

LaTeX Warning: Citation `dosovitskiy2014discriminative' on page 4 undefined on 
input line 297.


LaTeX Warning: Citation `liu2017rankiqa' on page 4 undefined on input line 297.



LaTeX Warning: Citation `deng2009imagenet' on page 4 undefined on input line 29
9.


LaTeX Warning: Citation `doersch2015unsupervised' on page 4 undefined on input 
line 317.


LaTeX Warning: Citation `zhang2016colorful' on page 4 undefined on input line 3
19.


LaTeX Warning: Citation `zhang2017split' on page 4 undefined on input line 321.



LaTeX Warning: Citation `noroozi2017representation' on page 4 undefined on inpu
t line 323.


LaTeX Warning: Citation `gidaris2018unsupervised' on page 4 undefined on input 
line 325.


Underfull \hbox (badness 10000) in paragraph at lines 327--327
[][]\OT1/ptm/m/n/9 (+20) Counting: $https : / / github . com / gitlimlab / Repr
esentation -[]
 []


LaTeX Warning: Citation `deng2009imagenet' on page 4 undefined on input line 32
9.


LaTeX Warning: Citation `zhou2017places' on page 4 undefined on input line 329.


[4 <./SSAVAPretextTraining.pdf>]
<PipelineOfSSAVA_20190906.png, id=155, 508.14844pt x 359.09157pt>
File: PipelineOfSSAVA_20190906.png Graphic file (type png)
<use PipelineOfSSAVA_20190906.png>
Package pdftex.def Info: PipelineOfSSAVA_20190906.png  used on input line 336.
(pdftex.def)             Requested size: 239.39438pt x 169.17303pt.


LaTeX Warning: Citation `krizhevsky2012imagenet' on page 5 undefined on input l
ine 343.


LaTeX Warning: Citation `zhang2017split' on page 5 undefined on input line 344.



LaTeX Warning: Citation `murray2012ava' on page 5 undefined on input line 363.


LaTeX Warning: Citation `ma2017lamp' on page 5 undefined on input line 365.


LaTeX Warning: Citation `hosu2019effective' on page 5 undefined on input line 3
65.


LaTeX Warning: Citation `kong2016photo' on page 5 undefined on input line 368.


LaTeX Warning: Citation `kong2016photo' on page 5 undefined on input line 369.


Underfull \hbox (badness 2293) in paragraph at lines 368--371
 \OT1/ptm/b/n/10 (+20) Aes-thet-ics with At-tributes Database (AADB). \OT1/ptm/
m/n/10 (+20) The
 []


LaTeX Warning: Citation `luo2011content' on page 5 undefined on input line 373.


<AccuracyGoesWithNTraining_AADB_20190906.png, id=157, 753.5653pt x 482.55281pt>

File: AccuracyGoesWithNTraining_AADB_20190906.png Graphic file (type png)
<use AccuracyGoesWithNTraining_AADB_20190906.png>
Package pdftex.def Info: AccuracyGoesWithNTraining_AADB_20190906.png  used on i
nput line 424.
(pdftex.def)             Requested size: 239.39438pt x 153.29349pt.
<AccuracyGoesWithNTraining_CUHKPQ_20190906.png, id=158, 752.8125pt x 472.01344p
t>
File: AccuracyGoesWithNTraining_CUHKPQ_20190906.png Graphic file (type png)
<use AccuracyGoesWithNTraining_CUHKPQ_20190906.png>
Package pdftex.def Info: AccuracyGoesWithNTraining_CUHKPQ_20190906.png  used on
 input line 438.
(pdftex.def)             Requested size: 239.39438pt x 150.09666pt.

LaTeX Warning: Citation `zhang2016colorful' on page 5 undefined on input line 4
48.


LaTeX Warning: Citation `gidaris2018unsupervised' on page 5 undefined on input 
line 448.

[5 <./PipelineOfSSAVA_20190906.png> <./AccuracyGoesWithNTraining_AADB_20190906.
png (PNG copy)>]

LaTeX Warning: Citation `zhang2017split' on page 6 undefined on input line 453.



LaTeX Warning: Citation `zhang2016colorful' on page 6 undefined on input line 4
53.


LaTeX Warning: Citation `lu2015deep' on page 6 undefined on input line 468.


LaTeX Warning: Citation `wang2017deep' on page 6 undefined on input line 469.


LaTeX Warning: Citation `kong2016photo' on page 6 undefined on input line 470.


LaTeX Warning: Citation `mai2016composition' on page 6 undefined on input line 
472.


LaTeX Warning: Citation `talebi2018nima' on page 6 undefined on input line 474.



LaTeX Warning: Citation `hosu2019effective' on page 6 undefined on input line 4
75.


LaTeX Warning: Citation `ma2017lamp' on page 6 undefined on input line 476.


LaTeX Warning: Citation `sheng2018attention' on page 6 undefined on input line 
477.


LaTeX Warning: Citation `ma2017lamp' on page 6 undefined on input line 497.


LaTeX Warning: Citation `sheng2018attention' on page 6 undefined on input line 
497.


LaTeX Warning: Citation `talebi2018nima' on page 6 undefined on input line 497.



LaTeX Warning: Citation `hosu2019effective' on page 6 undefined on input line 4
97.

[6 <./AccuracyGoesWithNTraining_CUHKPQ_20190906.png>]
Underfull \hbox (badness 1642) in paragraph at lines 554--555
\OT1/ptm/m/n/9 (+20) This work was sup-ported in part by Na-tional Nat-u-ral Sc
i-
 []

[7] [8

]
No file SSAVA_AAAI_changed.bbl.
(SSAVA_AAAI_changed.aux)
 ***********
LaTeX2e <2023-06-01> patch level 1
L3 programming layer <2023-08-29>
 ***********
 ) 
Here is how much of TeX's memory you used:
 7216 strings out of 475247
 115184 string characters out of 5757792
 1956801 words of memory out of 5000000
 28233 multiletter control sequences out of 15000+600000
 604740 words of font info for 341 fonts, out of 8000000 for 9000
 1141 hyphenation exceptions out of 8191
 72i,16n,79p,1744b,419s stack positions out of 10000i,1000n,20000p,200000b,200000s
<C:/Users/micha/AppData/Local/Programs/MiKTeX/fonts/type1/public/amsfonts/cm/
cmbx10.pfb><C:/Users/micha/AppData/Local/Programs/MiKTeX/fonts/type1/public/ams
fonts/cm/cmex10.pfb><C:/Users/micha/AppData/Local/Programs/MiKTeX/fonts/type1/p
ublic/amsfonts/cm/cmmi10.pfb><C:/Users/micha/AppData/Local/Programs/MiKTeX/font
s/type1/public/amsfonts/cm/cmmi6.pfb><C:/Users/micha/AppData/Local/Programs/MiK
TeX/fonts/type1/public/amsfonts/cm/cmmi7.pfb><C:/Users/micha/AppData/Local/Prog
rams/MiKTeX/fonts/type1/public/amsfonts/cm/cmmi9.pfb><C:/Users/micha/AppData/Lo
cal/Programs/MiKTeX/fonts/type1/public/amsfonts/cm/cmr10.pfb><C:/Users/micha/Ap
pData/Local/Programs/MiKTeX/fonts/type1/public/amsfonts/cm/cmr5.pfb><C:/Users/m
icha/AppData/Local/Programs/MiKTeX/fonts/type1/public/amsfonts/cm/cmr7.pfb><C:/
Users/micha/AppData/Local/Programs/MiKTeX/fonts/type1/public/amsfonts/cm/cmr9.p
fb><C:/Users/micha/AppData/Local/Programs/MiKTeX/fonts/type1/public/amsfonts/cm
/cmsy10.pfb><C:/Users/micha/AppData/Local/Programs/MiKTeX/fonts/type1/public/am
sfonts/cm/cmsy7.pfb><C:/Users/micha/AppData/Local/Programs/MiKTeX/fonts/type1/p
ublic/amsfonts/cm/cmsy9.pfb><C:/Users/micha/AppData/Local/Programs/MiKTeX/fonts
/type1/public/amsfonts/symbols/msbm10.pfb><C:/Users/micha/AppData/Local/Program
s/MiKTeX/fonts/type1/urw/times/utmb8a.pfb><C:/Users/micha/AppData/Local/Program
s/MiKTeX/fonts/type1/urw/times/utmr8a.pfb><C:/Users/micha/AppData/Local/Program
s/MiKTeX/fonts/type1/urw/times/utmri8a.pfb>
Output written on SSAVA_AAAI_changed.pdf (8 pages, 3358339 bytes).
PDF statistics:
 247 PDF objects out of 1000 (max. 8388607)
 0 named destinations out of 1000 (max. 500000)
 71711 words of extra memory for PDF output out of 74296 (max. 10000000)

