This is pdfTeX, Version 3.141592653-2.6-1.40.25 (MiKTeX 23.9) (preloaded format=pdflatex 2023.9.22)  31 MAR 2024 18:26
entering extended mode
 restricted \write18 enabled.
 %&-line parsing enabled.
**./st_reid16_final_changed.tex
(st_reid16_final_changed.tex
LaTeX2e <2023-06-01> patch level 1
L3 programming layer <2023-08-29>
(C:\Users\micha\AppData\Local\Programs\MiKTeX\tex/latex/base\article.cls
Document Class: article 2023/05/17 v1.4n Standard LaTeX document class
(C:\Users\micha\AppData\Local\Programs\MiKTeX\tex/latex/base\size10.clo
File: size10.clo 2023/05/17 v1.4n Standard LaTeX file (size option)
)
\c@part=\count185
\c@section=\count186
\c@subsection=\count187
\c@subsubsection=\count188
\c@paragraph=\count189
\c@subparagraph=\count190
\c@figure=\count191
\c@table=\count192
\abovecaptionskip=\skip48
\belowcaptionskip=\skip49
\bibindent=\dimen140
)
(aaai19.sty
Conference Style for AAAI for LaTeX 2e -- version for the AAAI-19 conference
\titlebox=\skip50
) (C:\Users\micha\AppData\Local\Programs\MiKTeX\tex/latex/psnfss\times.sty
Package: times 2020/03/25 PSNFSS-v9.3 (SPQR) 
)
(C:\Users\micha\AppData\Local\Programs\MiKTeX\tex/latex/psnfss\helvet.sty
Package: helvet 2020/03/25 PSNFSS-v9.3 (WaS) 

(C:\Users\micha\AppData\Local\Programs\MiKTeX\tex/latex/graphics\keyval.sty
Package: keyval 2022/05/29 v1.15 key=value parser (DPC)
\KV@toks@=\toks17
))
(C:\Users\micha\AppData\Local\Programs\MiKTeX\tex/latex/psnfss\courier.sty
Package: courier 2020/03/25 PSNFSS-v9.3 (WaS) 
)
(C:\Users\micha\AppData\Local\Programs\MiKTeX\tex/latex/url\url.sty
\Urlmuskip=\muskip16
Package: url 2013/09/16  ver 3.4  Verb mode for urls, etc.
)
(C:\Users\micha\AppData\Local\Programs\MiKTeX\tex/latex/graphics\graphicx.sty
Package: graphicx 2021/09/16 v1.2d Enhanced LaTeX Graphics (DPC,SPQR)

(C:\Users\micha\AppData\Local\Programs\MiKTeX\tex/latex/graphics\graphics.sty
Package: graphics 2022/03/10 v1.4e Standard LaTeX Graphics (DPC,SPQR)

(C:\Users\micha\AppData\Local\Programs\MiKTeX\tex/latex/graphics\trig.sty
Package: trig 2021/08/11 v1.11 sin cos tan (DPC)
)
(C:\Users\micha\AppData\Local\Programs\MiKTeX\tex/latex/graphics-cfg\graphics.c
fg
File: graphics.cfg 2016/06/04 v1.11 sample graphics configuration
)
Package graphics Info: Driver file: pdftex.def on input line 107.

(C:\Users\micha\AppData\Local\Programs\MiKTeX\tex/latex/graphics-def\pdftex.def
File: pdftex.def 2022/09/22 v1.2b Graphics/color driver for pdftex
))
\Gin@req@height=\dimen141
\Gin@req@width=\dimen142
) (C:\Users\micha\AppData\Local\Programs\MiKTeX\tex/latex/subfig\subfig.sty
Package: subfig 2005/06/28 ver: 1.3 subfig package

(C:\Users\micha\AppData\Local\Programs\MiKTeX\tex/latex/caption\caption.sty
Package: caption 2023/07/31 v3.6n Customizing captions (AR)

(C:\Users\micha\AppData\Local\Programs\MiKTeX\tex/latex/caption\caption3.sty
Package: caption3 2023/07/31 v2.4d caption3 kernel (AR)
\caption@tempdima=\dimen143
\captionmargin=\dimen144
\caption@leftmargin=\dimen145
\caption@rightmargin=\dimen146
\caption@width=\dimen147
\caption@indent=\dimen148
\caption@parindent=\dimen149
\caption@hangindent=\dimen150
Package caption Info: Standard document class detected.
)
\c@caption@flags=\count193
\c@continuedfloat=\count194
)
\c@KVtest=\count195
\sf@farskip=\skip51
\sf@captopadj=\dimen151
\sf@capskip=\skip52
\sf@nearskip=\skip53
\c@subfigure=\count196
\c@subfigure@save=\count197
\c@lofdepth=\count198
\c@subtable=\count199
\c@subtable@save=\count266
\c@lotdepth=\count267
\sf@top=\skip54
\sf@bottom=\skip55
) (C:\Users\micha\AppData\Local\Programs\MiKTeX\tex/latex/amsfonts\amsfonts.sty
Package: amsfonts 2013/01/14 v3.01 Basic AMSFonts support
\@emptytoks=\toks18
\symAMSa=\mathgroup4
\symAMSb=\mathgroup5
LaTeX Font Info:    Redeclaring math symbol \hbar on input line 98.
LaTeX Font Info:    Overwriting math alphabet `\mathfrak' in version `bold'
(Font)                  U/euf/m/n --> U/euf/b/n on input line 106.
) (C:\Users\micha\AppData\Local\Programs\MiKTeX\tex/latex/amsfonts\amssymb.sty
Package: amssymb 2013/01/14 v3.01 AMS font symbols
)
LaTeX Font Info:    Trying to load font information for OT1+ptm on input line 1
8.

(C:\Users\micha\AppData\Local\Programs\MiKTeX\tex/latex/psnfss\ot1ptm.fd
File: ot1ptm.fd 2001/06/04 font definitions for OT1/ptm.
)
(C:\Users\micha\AppData\Local\Programs\MiKTeX\tex/latex/l3backend\l3backend-pdf
tex.def
File: l3backend-pdftex.def 2023-04-19 L3 backend support: PDF output (pdfTeX)
\l__color_backend_stack_int=\count268
\l__pdf_internal_box=\box51
) (st_reid16_final_changed.aux)
\openout1 = `st_reid16_final_changed.aux'.

LaTeX Font Info:    Checking defaults for OML/cmm/m/it on input line 18.
LaTeX Font Info:    ... okay on input line 18.
LaTeX Font Info:    Checking defaults for OMS/cmsy/m/n on input line 18.
LaTeX Font Info:    ... okay on input line 18.
LaTeX Font Info:    Checking defaults for OT1/cmr/m/n on input line 18.
LaTeX Font Info:    ... okay on input line 18.
LaTeX Font Info:    Checking defaults for T1/cmr/m/n on input line 18.
LaTeX Font Info:    ... okay on input line 18.
LaTeX Font Info:    Checking defaults for TS1/cmr/m/n on input line 18.
LaTeX Font Info:    ... okay on input line 18.
LaTeX Font Info:    Checking defaults for OMX/cmex/m/n on input line 18.
LaTeX Font Info:    ... okay on input line 18.
LaTeX Font Info:    Checking defaults for U/cmr/m/n on input line 18.
LaTeX Font Info:    ... okay on input line 18.

(C:\Users\micha\AppData\Local\Programs\MiKTeX\tex/context/base/mkii\supp-pdf.mk
ii
[Loading MPS to PDF converter (version 2006.09.02).]
\scratchcounter=\count269
\scratchdimen=\dimen152
\scratchbox=\box52
\nofMPsegments=\count270
\nofMParguments=\count271
\everyMPshowfont=\toks19
\MPscratchCnt=\count272
\MPscratchDim=\dimen153
\MPnumerator=\count273
\makeMPintoPDFobject=\count274
\everyMPtoPDFconversion=\toks20
)
(C:\Users\micha\AppData\Local\Programs\MiKTeX\tex/latex/epstopdf-pkg\epstopdf-b
ase.sty
Package: epstopdf-base 2020-01-24 v2.11 Base part for package epstopdf
Package epstopdf-base Info: Redefining graphics rule for `.eps' on input line 4
85.

(C:\Users\micha\AppData\Local\Programs\MiKTeX\tex/latex/00miktex\epstopdf-sys.c
fg
File: epstopdf-sys.cfg 2021/03/18 v2.0 Configuration of epstopdf for MiKTeX
))
Package caption Info: Begin \AtBeginDocument code.
Package caption Info: subfig package v1.3 is loaded.
Package caption Info: End \AtBeginDocument code.
LaTeX Font Info:    Trying to load font information for U+msa on input line 29.

 (C:\Users\micha\AppData\Local\Programs\MiKTeX\tex/latex/amsfonts\umsa.fd
File: umsa.fd 2013/01/14 v3.01 AMS symbols A
)
LaTeX Font Info:    Trying to load font information for U+msb on input line 29.


(C:\Users\micha\AppData\Local\Programs\MiKTeX\tex/latex/amsfonts\umsb.fd
File: umsb.fd 2013/01/14 v3.01 AMS symbols B
)
LaTeX Font Info:    Trying to load font information for TS1+ptm on input line 2
9.

(C:\Users\micha\AppData\Local\Programs\MiKTeX\tex/latex/psnfss\ts1ptm.fd
File: ts1ptm.fd 2001/06/04 font definitions for TS1/ptm.
)
LaTeX Font Info:    Trying to load font information for OMS+ptm on input line 2
9.

(C:\Users\micha\AppData\Local\Programs\MiKTeX\tex/latex/psnfss\omsptm.fd
File: omsptm.fd 
)
LaTeX Font Info:    Font shape `OMS/ptm/m/n' in size <10> not available
(Font)              Font shape `OMS/cmsy/m/n' tried instead on input line 29.
LaTeX Font Info:    Trying to load font information for OT1+pcr on input line 3
1.

(C:\Users\micha\AppData\Local\Programs\MiKTeX\tex/latex/psnfss\ot1pcr.fd
File: ot1pcr.fd 2001/06/04 font definitions for OT1/pcr.
)
Underfull \hbox (badness 2261) in paragraph at lines 31--32
\OT1/ptm/m/n/9 is avail-able at $\OT1/pcr/m/n/9 https : / / github . com / Wang
gcong /
 []


LaTeX Warning: Citation `Wang2016DARI' on page 1 undefined on input line 35.


LaTeX Warning: Citation `Zhong2017CVPR' on page 1 undefined on input line 35.


LaTeX Warning: Citation `Bai2017CVPR' on page 1 undefined on input line 35.


LaTeX Warning: Citation `Tang2017CVPR' on page 1 undefined on input line 35.


LaTeX Warning: Citation `zhuo2018occluded' on page 1 undefined on input line 35
.


LaTeX Warning: Citation `lin2016cross' on page 1 undefined on input line 35.


LaTeX Warning: Citation `Li_2017_CVPR' on page 1 undefined on input line 37.


LaTeX Warning: Citation `Zhao_2017_ICCV' on page 1 undefined on input line 37.


LaTeX Warning: Citation `Su2017ICCV' on page 1 undefined on input line 37.


LaTeX Warning: Citation `Zhao_2017_CVPR' on page 1 undefined on input line 37.


LaTeX Warning: Citation `Kalayeh_2018_CVPR' on page 1 undefined on input line 3
7.


LaTeX Warning: Citation `Song_2018_CVPR' on page 1 undefined on input line 37.



pdfTeX warning: pdflatex (file ./define5.pdf): PDF inclusion: found PDF version
 <1.7>, but at most version <1.5> allowed
<define5.pdf, id=1, 673.38232pt x 305.86772pt>
File: define5.pdf Graphic file (type pdf)
<use define5.pdf>
Package pdftex.def Info: define5.pdf  used on input line 41.
(pdftex.def)             Requested size: 216.81pt x 98.47707pt.

LaTeX Warning: Citation `wang2017tcsvt' on page 1 undefined on input line 46.


LaTeX Warning: Citation `Li_2018_CVPR' on page 1 undefined on input line 46.

<distribution8.pdf, id=2, 1168.14726pt x 367.73586pt>
File: distribution8.pdf Graphic file (type pdf)
<use distribution8.pdf>
Package pdftex.def Info: distribution8.pdf  used on input line 49.
(pdftex.def)             Requested size: 433.62pt x 136.5034pt.

Underfull \vbox (badness 2150) has occurred while \output is active []

 [1{C:/Users/micha/AppData/Local/MiKTeX/fonts/map/pdftex/pdftex.map}{C:/Users/m
icha/AppData/Local/Programs/MiKTeX/fonts/enc/dvips/base/8r.enc}



 <./define5.pdf>]

LaTeX Warning: Citation `huang2016mmm' on page 2 undefined on input line 55.


LaTeX Warning: Citation `yeong' on page 2 undefined on input line 55.


LaTeX Warning: Citation `Yifan2017arxiv' on page 2 undefined on input line 60.


LaTeX Warning: Citation `zheng2016mars' on page 2 undefined on input line 74.


LaTeX Warning: Citation `feng2018learning' on page 2 undefined on input line 74
.


LaTeX Warning: Citation `Liang2018' on page 2 undefined on input line 74.


LaTeX Warning: Citation `li2014deepreid' on page 2 undefined on input line 74.


LaTeX Warning: Citation `chen2015deep' on page 2 undefined on input line 74.


LaTeX Warning: Citation `ding2015deep' on page 2 undefined on input line 74.


LaTeX Warning: Citation `wang2017tcsvt' on page 2 undefined on input line 74.


LaTeX Warning: Citation `HermansBL17' on page 2 undefined on input line 74.


LaTeX Warning: Citation `Wang2016DARI' on page 2 undefined on input line 74.


LaTeX Warning: Citation `Li_2017_CVPR' on page 2 undefined on input line 76.


LaTeX Warning: Citation `Zhao_2017_ICCV' on page 2 undefined on input line 76.


LaTeX Warning: Citation `Su2017ICCV' on page 2 undefined on input line 76.


LaTeX Warning: Citation `Zhao_2017_CVPR' on page 2 undefined on input line 76.


LaTeX Warning: Citation `Kalayeh_2018_CVPR' on page 2 undefined on input line 7
6.


LaTeX Warning: Citation `Song_2018_CVPR' on page 2 undefined on input line 76.


LaTeX Warning: Citation `Li_2017_CVPR' on page 2 undefined on input line 76.


LaTeX Warning: Citation `Su2017ICCV' on page 2 undefined on input line 76.


LaTeX Warning: Citation `Song_2018_CVPR' on page 2 undefined on input line 76.



pdfTeX warning: pdflatex (file ./overview11.pdf): PDF inclusion: found PDF vers
ion <1.7>, but at most version <1.5> allowed
<overview11.pdf, id=51, 918.07573pt x 448.13121pt>
File: overview11.pdf Graphic file (type pdf)
<use overview11.pdf>
Package pdftex.def Info: overview11.pdf  used on input line 79.
(pdftex.def)             Requested size: 361.34999pt x 176.38422pt.

LaTeX Warning: Citation `wang2017tcsvt' on page 2 undefined on input line 84.


LaTeX Warning: Citation `Li_2018_CVPR' on page 2 undefined on input line 84.


LaTeX Warning: Citation `zheng2016mars' on page 2 undefined on input line 84.


LaTeX Warning: Citation `wang2017tcsvt' on page 2 undefined on input line 84.


LaTeX Warning: Citation `Li_2018_CVPR' on page 2 undefined on input line 84.


LaTeX Warning: Citation `yeong' on page 2 undefined on input line 84.


LaTeX Warning: Citation `huang2016mmm' on page 2 undefined on input line 84.


LaTeX Warning: Citation `Lv_2018_CVPR' on page 2 undefined on input line 84.


LaTeX Warning: Citation `yeong' on page 2 undefined on input line 84.


LaTeX Warning: Citation `Lv_2018_CVPR' on page 2 undefined on input line 84.


LaTeX Warning: Citation `huang2016mmm' on page 2 undefined on input line 84.

[2]
Underfull \vbox (badness 10000) has occurred while \output is active []



LaTeX Warning: Citation `Yifan2017arxiv' on page 3 undefined on input line 91.

[3 <./distribution8.pdf> <./overview11.pdf>]

LaTeX Warning: Citation `huang2016mmm' on page 4 undefined on input line 103.


Underfull \hbox (badness 1389) in paragraph at lines 103--104
\OT1/ptm/m/n/10 com-ple-men-tary in-for-ma-tion to as-sist the vi-sual fea-ture

 []


Underfull \hbox (badness 1325) in paragraph at lines 105--106
[]\OT1/ptm/m/n/10 To al-le-vi-ate the ex-pen-sive com-pu-ta-tion prob-lem, we
 []


Underfull \hbox (badness 2134) in paragraph at lines 105--106
\OT1/ptm/m/n/10 es-ti-mate spatial-temporal his-tograms and then use the
 []

[4]

LaTeX Warning: Citation `Yifan2017arxiv' on page 5 undefined on input line 159.


[5]

LaTeX Warning: Citation `zheng2015scalable' on page 6 undefined on input line 2
66.


LaTeX Warning: Citation `karanam2016arXiv' on page 6 undefined on input line 26
6.


LaTeX Warning: Citation `Zhang_2016_CVPR' on page 6 undefined on input line 266
.


LaTeX Warning: Citation `Jose2016eccv' on page 6 undefined on input line 266.


LaTeX Warning: Citation `zheng2017axkiv' on page 6 undefined on input line 266.



LaTeX Warning: Citation `Sun_2017_ICCV' on page 6 undefined on input line 266.


LaTeX Warning: Citation `Su2016' on page 6 undefined on input line 266.


LaTeX Warning: Citation `Lin2016' on page 6 undefined on input line 266.


LaTeX Warning: Citation `Kalayeh_2018_CVPR' on page 6 undefined on input line 2
66.


LaTeX Warning: Citation `Song_2018_CVPR' on page 6 undefined on input line 266.



LaTeX Warning: Citation `Tian_2018_CVPR' on page 6 undefined on input line 266.



LaTeX Warning: Citation `chen2017cvprw' on page 6 undefined on input line 266.


LaTeX Warning: Citation `Su2017ICCV' on page 6 undefined on input line 266.


LaTeX Warning: Citation `Sarfraz_2018_CVPR' on page 6 undefined on input line 2
66.


LaTeX Warning: Citation `Zhao_2017_CVPR' on page 6 undefined on input line 266.



LaTeX Warning: Citation `Li_2017_CVPR' on page 6 undefined on input line 266.


LaTeX Warning: Citation `Zhao_2017_ICCV' on page 6 undefined on input line 266.



LaTeX Warning: Citation `Lv_2018_CVPR' on page 6 undefined on input line 266.


LaTeX Warning: Citation `random_erase' on page 6 undefined on input line 270.


LaTeX Warning: Citation `Zhong_2017_CVPR' on page 6 undefined on input line 270
.


LaTeX Warning: Citation `liao2015person' on page 6 undefined on input line 272.



Underfull \hbox (badness 1354) in paragraph at lines 272--273
\OT1/ptm/m/n/10 DukeMTMC-reID dataset. All of the com-pet-ing meth-
 []

<componets4.pdf, id=109, 383.0325pt x 312.73337pt>
File: componets4.pdf Graphic file (type pdf)
<use componets4.pdf>
Package pdftex.def Info: componets4.pdf  used on input line 279.
(pdftex.def)             Requested size: 115.62952pt x 86.72488pt.
<joint_metric.pdf, id=110, 381.71861pt x 311.41948pt>
File: joint_metric.pdf Graphic file (type pdf)
<use joint_metric.pdf>
Package pdftex.def Info: joint_metric.pdf  used on input line 282.
(pdftex.def)             Requested size: 115.62895pt x 86.72166pt.

Underfull \hbox (badness 2469) in paragraph at lines 282--282
[]\OT1/ptm/m/n/9 (b) |Ef-fec-tive-ness of the joint
 []

<r_factor2.pdf, id=111, 382.8137pt x 310.10457pt>
File: r_factor2.pdf Graphic file (type pdf)
<use r_factor2.pdf>
Package pdftex.def Info: r_factor2.pdf  used on input line 285.
(pdftex.def)             Requested size: 115.62772pt x 86.71985pt.
<y_factor2.pdf, id=112, 381.71861pt x 314.70375pt>
File: y_factor2.pdf Graphic file (type pdf)
<use y_factor2.pdf>
Package pdftex.def Info: y_factor2.pdf  used on input line 288.
(pdftex.def)             Requested size: 115.62895pt x 86.72386pt.
[6]
Underfull \hbox (badness 1308) in paragraph at lines 334--336
\OT1/ptm/m/n/10 In this pa-per, we pro-pose a novel two-stream spatial-
 []


Underfull \vbox (badness 10000) has occurred while \output is active []


No file st_reid16_final_changed.bbl.

Underfull \hbox (badness 1231) in paragraph at lines 343--346
\OT1/ptm/m/n/10 com-modi cor-rupti dig-nis-si-mos, so-luta vi-tae eaque quia
 []


Underfull \hbox (badness 1184) in paragraph at lines 343--346
\OT1/ptm/m/n/10 neque, do-loribus of-fi-cia nemo quibus-dam et er-ror sus-
 []

[7 <./componets4.pdf> <./joint_metric.pdf> <./r_factor2.pdf> <./y_factor2.pdf>]
[8

] (st_reid16_final_changed.aux)
 ***********
LaTeX2e <2023-06-01> patch level 1
L3 programming layer <2023-08-29>
 ***********
 ) 
Here is how much of TeX's memory you used:
 3794 strings out of 475247
 65496 string characters out of 5757792
 1954801 words of memory out of 5000000
 25273 multiletter control sequences out of 15000+600000
 586954 words of font info for 102 fonts, out of 8000000 for 9000
 1141 hyphenation exceptions out of 8191
 69i,16n,79p,2204b,409s stack positions out of 10000i,1000n,20000p,200000b,200000s
<C:/Users/micha/AppData/Local/Programs/MiKTeX/fonts/type1/public/amsfonts/cm/
cmbx10.pfb><C:/Users/micha/AppData/Local/Programs/MiKTeX/fonts/type1/public/ams
fonts/cm/cmbx7.pfb><C:/Users/micha/AppData/Local/Programs/MiKTeX/fonts/type1/pu
blic/amsfonts/cm/cmex10.pfb><C:/Users/micha/AppData/Local/Programs/MiKTeX/fonts
/type1/public/amsfonts/cm/cmmi10.pfb><C:/Users/micha/AppData/Local/Programs/MiK
TeX/fonts/type1/public/amsfonts/cm/cmmi5.pfb><C:/Users/micha/AppData/Local/Prog
rams/MiKTeX/fonts/type1/public/amsfonts/cm/cmmi7.pfb><C:/Users/micha/AppData/Lo
cal/Programs/MiKTeX/fonts/type1/public/amsfonts/cm/cmmi8.pfb><C:/Users/micha/Ap
pData/Local/Programs/MiKTeX/fonts/type1/public/amsfonts/cm/cmmi9.pfb><C:/Users/
micha/AppData/Local/Programs/MiKTeX/fonts/type1/public/amsfonts/cm/cmr10.pfb><C
:/Users/micha/AppData/Local/Programs/MiKTeX/fonts/type1/public/amsfonts/cm/cmr5
.pfb><C:/Users/micha/AppData/Local/Programs/MiKTeX/fonts/type1/public/amsfonts/
cm/cmr7.pfb><C:/Users/micha/AppData/Local/Programs/MiKTeX/fonts/type1/public/am
sfonts/cm/cmr8.pfb><C:/Users/micha/AppData/Local/Programs/MiKTeX/fonts/type1/pu
blic/amsfonts/cm/cmsy10.pfb><C:/Users/micha/AppData/Local/Programs/MiKTeX/fonts
/type1/public/amsfonts/cm/cmsy5.pfb><C:/Users/micha/AppData/Local/Programs/MiKT
eX/fonts/type1/public/amsfonts/cm/cmsy7.pfb><C:/Users/micha/AppData/Local/Progr
ams/MiKTeX/fonts/type1/urw/courier/ucrr8a.pfb><C:/Users/micha/AppData/Local/Pro
grams/MiKTeX/fonts/type1/urw/times/utmb8a.pfb><C:/Users/micha/AppData/Local/Pro
grams/MiKTeX/fonts/type1/urw/times/utmbi8a.pfb><C:/Users/micha/AppData/Local/Pr
ograms/MiKTeX/fonts/type1/urw/times/utmr8a.pfb><C:/Users/micha/AppData/Local/Pr
ograms/MiKTeX/fonts/type1/urw/times/utmri8a.pfb>
Output written on st_reid16_final_changed.pdf (8 pages, 773677 bytes).
PDF statistics:
 227 PDF objects out of 1000 (max. 8388607)
 0 named destinations out of 1000 (max. 500000)
 36 words of extra memory for PDF output out of 10000 (max. 10000000)

