This is pdfTeX, Version 3.141592653-2.6-1.40.25 (MiKTeX 23.9) (preloaded format=pdflatex 2023.9.22)  30 MAR 2024 16:12
entering extended mode
 restricted \write18 enabled.
 %&-line parsing enabled.
**./AAAI-MaT.5664_changed.tex
(AAAI-MaT.5664_changed.tex
LaTeX2e <2023-06-01> patch level 1
L3 programming layer <2023-08-29>
(C:\Users\micha\AppData\Local\Programs\MiKTeX\tex/latex/base\article.cls
Document Class: article 2023/05/17 v1.4n Standard LaTeX document class
(C:\Users\micha\AppData\Local\Programs\MiKTeX\tex/latex/base\size10.clo
File: size10.clo 2023/05/17 v1.4n Standard LaTeX file (size option)
)
\c@part=\count185
\c@section=\count186
\c@subsection=\count187
\c@subsubsection=\count188
\c@paragraph=\count189
\c@subparagraph=\count190
\c@figure=\count191
\c@table=\count192
\abovecaptionskip=\skip48
\belowcaptionskip=\skip49
\bibindent=\dimen140
)
(aaai20.sty
Conference Style for AAAI for LaTeX 2e -- version for the AAAI-20 conference
\titlebox=\skip50
) (C:\Users\micha\AppData\Local\Programs\MiKTeX\tex/latex/psnfss\times.sty
Package: times 2020/03/25 PSNFSS-v9.3 (SPQR) 
)
(C:\Users\micha\AppData\Local\Programs\MiKTeX\tex/latex/psnfss\helvet.sty
Package: helvet 2020/03/25 PSNFSS-v9.3 (WaS) 

(C:\Users\micha\AppData\Local\Programs\MiKTeX\tex/latex/graphics\keyval.sty
Package: keyval 2022/05/29 v1.15 key=value parser (DPC)
\KV@toks@=\toks17
))
(C:\Users\micha\AppData\Local\Programs\MiKTeX\tex/latex/psnfss\courier.sty
Package: courier 2020/03/25 PSNFSS-v9.3 (WaS) 
)
(C:\Users\micha\AppData\Local\Programs\MiKTeX\tex/latex/url\url.sty
\Urlmuskip=\muskip16
Package: url 2013/09/16  ver 3.4  Verb mode for urls, etc.
)
(C:\Users\micha\AppData\Local\Programs\MiKTeX\tex/latex/graphics\graphicx.sty
Package: graphicx 2021/09/16 v1.2d Enhanced LaTeX Graphics (DPC,SPQR)

(C:\Users\micha\AppData\Local\Programs\MiKTeX\tex/latex/graphics\graphics.sty
Package: graphics 2022/03/10 v1.4e Standard LaTeX Graphics (DPC,SPQR)

(C:\Users\micha\AppData\Local\Programs\MiKTeX\tex/latex/graphics\trig.sty
Package: trig 2021/08/11 v1.11 sin cos tan (DPC)
)
(C:\Users\micha\AppData\Local\Programs\MiKTeX\tex/latex/graphics-cfg\graphics.c
fg
File: graphics.cfg 2016/06/04 v1.11 sample graphics configuration
)
Package graphics Info: Driver file: pdftex.def on input line 107.

(C:\Users\micha\AppData\Local\Programs\MiKTeX\tex/latex/graphics-def\pdftex.def
File: pdftex.def 2022/09/22 v1.2b Graphics/color driver for pdftex
))
\Gin@req@height=\dimen141
\Gin@req@width=\dimen142
) (C:\Users\micha\AppData\Local\Programs\MiKTeX\tex/latex/amsmath\amsmath.sty
Package: amsmath 2023/05/13 v2.17o AMS math features
\@mathmargin=\skip51
For additional information on amsmath, use the `?' option.
(C:\Users\micha\AppData\Local\Programs\MiKTeX\tex/latex/amsmath\amstext.sty
Package: amstext 2021/08/26 v2.01 AMS text

(C:\Users\micha\AppData\Local\Programs\MiKTeX\tex/latex/amsmath\amsgen.sty
File: amsgen.sty 1999/11/30 v2.0 generic functions
\@emptytoks=\toks18
\ex@=\dimen143
))
(C:\Users\micha\AppData\Local\Programs\MiKTeX\tex/latex/amsmath\amsbsy.sty
Package: amsbsy 1999/11/29 v1.2d Bold Symbols
\pmbraise@=\dimen144
)
(C:\Users\micha\AppData\Local\Programs\MiKTeX\tex/latex/amsmath\amsopn.sty
Package: amsopn 2022/04/08 v2.04 operator names
)
\inf@bad=\count193
LaTeX Info: Redefining \frac on input line 234.
\uproot@=\count194
\leftroot@=\count195
LaTeX Info: Redefining \overline on input line 399.
LaTeX Info: Redefining \colon on input line 410.
\classnum@=\count196
\DOTSCASE@=\count197
LaTeX Info: Redefining \ldots on input line 496.
LaTeX Info: Redefining \dots on input line 499.
LaTeX Info: Redefining \cdots on input line 620.
\Mathstrutbox@=\box51
\strutbox@=\box52
LaTeX Info: Redefining \big on input line 722.
LaTeX Info: Redefining \Big on input line 723.
LaTeX Info: Redefining \bigg on input line 724.
LaTeX Info: Redefining \Bigg on input line 725.
\big@size=\dimen145
LaTeX Font Info:    Redeclaring font encoding OML on input line 743.
LaTeX Font Info:    Redeclaring font encoding OMS on input line 744.
\macc@depth=\count198
LaTeX Info: Redefining \bmod on input line 905.
LaTeX Info: Redefining \pmod on input line 910.
LaTeX Info: Redefining \smash on input line 940.
LaTeX Info: Redefining \relbar on input line 970.
LaTeX Info: Redefining \Relbar on input line 971.
\c@MaxMatrixCols=\count199
\dotsspace@=\muskip17
\c@parentequation=\count266
\dspbrk@lvl=\count267
\tag@help=\toks19
\row@=\count268
\column@=\count269
\maxfields@=\count270
\andhelp@=\toks20
\eqnshift@=\dimen146
\alignsep@=\dimen147
\tagshift@=\dimen148
\tagwidth@=\dimen149
\totwidth@=\dimen150
\lineht@=\dimen151
\@envbody=\toks21
\multlinegap=\skip52
\multlinetaggap=\skip53
\mathdisplay@stack=\toks22
LaTeX Info: Redefining \[ on input line 2953.
LaTeX Info: Redefining \] on input line 2954.
)
(C:\Users\micha\AppData\Local\Programs\MiKTeX\tex/latex/amsfonts\amssymb.sty
Package: amssymb 2013/01/14 v3.01 AMS font symbols

(C:\Users\micha\AppData\Local\Programs\MiKTeX\tex/latex/amsfonts\amsfonts.sty
Package: amsfonts 2013/01/14 v3.01 Basic AMSFonts support
\symAMSa=\mathgroup4
\symAMSb=\mathgroup5
LaTeX Font Info:    Redeclaring math symbol \hbar on input line 98.
LaTeX Font Info:    Overwriting math alphabet `\mathfrak' in version `bold'
(Font)                  U/euf/m/n --> U/euf/b/n on input line 106.
)) (C:\Users\micha\AppData\Local\Programs\MiKTeX\tex/latex/amscls\amsthm.sty
Package: amsthm 2020/05/29 v2.20.6
\thm@style=\toks23
\thm@bodyfont=\toks24
\thm@headfont=\toks25
\thm@notefont=\toks26
\thm@headpunct=\toks27
\thm@preskip=\skip54
\thm@postskip=\skip55
\thm@headsep=\skip56
\dth@everypar=\toks28
)
(C:\Users\micha\AppData\Local\Programs\MiKTeX\tex/latex/bbm\bbm.sty
Package: bbm 1999/03/15 V 1.2 provides fonts for set symbols - TH
LaTeX Font Info:    Overwriting math alphabet `\mathbbm' in version `bold'
(Font)                  U/bbm/m/n --> U/bbm/bx/n on input line 33.
LaTeX Font Info:    Overwriting math alphabet `\mathbbmss' in version `bold'
(Font)                  U/bbmss/m/n --> U/bbmss/bx/n on input line 35.
)
(C:\Users\micha\AppData\Local\Programs\MiKTeX\tex/latex/mathtools\mathtools.sty
Package: mathtools 2022/06/29 v1.29 mathematical typesetting tools
(C:\Users\micha\AppData\Local\Programs\MiKTeX\tex/latex/tools\calc.sty
Package: calc 2017/05/25 v4.3 Infix arithmetic (KKT,FJ)
\calc@Acount=\count271
\calc@Bcount=\count272
\calc@Adimen=\dimen152
\calc@Bdimen=\dimen153
\calc@Askip=\skip57
\calc@Bskip=\skip58
LaTeX Info: Redefining \setlength on input line 80.
LaTeX Info: Redefining \addtolength on input line 81.
\calc@Ccount=\count273
\calc@Cskip=\skip59
)
(C:\Users\micha\AppData\Local\Programs\MiKTeX\tex/latex/mathtools\mhsetup.sty
Package: mhsetup 2021/03/18 v1.4 programming setup (MH)
)
\g_MT_multlinerow_int=\count274
\l_MT_multwidth_dim=\dimen154
\origjot=\skip60
\l_MT_shortvdotswithinadjustabove_dim=\dimen155
\l_MT_shortvdotswithinadjustbelow_dim=\dimen156
\l_MT_above_intertext_sep=\dimen157
\l_MT_below_intertext_sep=\dimen158
\l_MT_above_shortintertext_sep=\dimen159
\l_MT_below_shortintertext_sep=\dimen160
\xmathstrut@box=\box53
\xmathstrut@dim=\dimen161
) (C:\Users\micha\AppData\Local\Programs\MiKTeX\tex/latex/tools\bm.sty
Package: bm 2022/01/05 v1.2f Bold Symbol Support (DPC/FMi)
\symboldoperators=\mathgroup6
\symboldletters=\mathgroup7
\symboldsymbols=\mathgroup8
Package bm Info: No bold for \OMX/cmex/m/n, using \pmb.
Package bm Info: No bold for \U/msa/m/n, using \pmb.
Package bm Info: No bold for \U/msb/m/n, using \pmb.
LaTeX Font Info:    Redeclaring math alphabet \mathbf on input line 149.
)
(C:\Users\micha\AppData\Local\Programs\MiKTeX\tex/latex/algorithms\algorithm.st
y
Package: algorithm 2009/08/24 v0.1 Document Style `algorithm' - floating enviro
nment
 (C:\Users\micha\AppData\Local\Programs\MiKTeX\tex/latex/float\float.sty
Package: float 2001/11/08 v1.3d Float enhancements (AL)
\c@float@type=\count275
\float@exts=\toks29
\float@box=\box54
\@float@everytoks=\toks30
\@floatcapt=\box55
)
(C:\Users\micha\AppData\Local\Programs\MiKTeX\tex/latex/base\ifthen.sty
Package: ifthen 2022/04/13 v1.1d Standard LaTeX ifthen package (DPC)
)
\@float@every@algorithm=\toks31
\c@algorithm=\count276
)
(C:\Users\micha\AppData\Local\Programs\MiKTeX\tex/latex/algorithmicx\algorithmi
cx.sty
Package: algorithmicx 2005/04/27 v1.2 Algorithmicx

Document Style algorithmicx 1.2 - a greatly improved `algorithmic' style
\c@ALG@line=\count277
\c@ALG@rem=\count278
\c@ALG@nested=\count279
\ALG@tlm=\skip61
\ALG@thistlm=\skip62
\c@ALG@Lnr=\count280
\c@ALG@blocknr=\count281
\c@ALG@storecount=\count282
\c@ALG@tmpcounter=\count283
\ALG@tmplength=\skip63
)
(C:\Users\micha\AppData\Local\Programs\MiKTeX\tex/latex/algorithmicx\algpseudoc
ode.sty
Package: algpseudocode 

Document Style - pseudocode environments for use with the `algorithmicx' style
)
(C:\Users\micha\AppData\Local\Programs\MiKTeX\tex/latex/subfigure\subfigure.sty
Package: subfigure 2002/07/30 v2.1.4 subfigure package
\subfigtopskip=\skip64
\subfigcapskip=\skip65
\subfigcaptopadj=\dimen162
\subfigbottomskip=\skip66
\subfigcapmargin=\dimen163
\subfiglabelskip=\skip67
\c@subfigure=\count284
\c@lofdepth=\count285
\c@subtable=\count286
\c@lotdepth=\count287
****************************************
* Local config file subfigure.cfg used *
****************************************

(C:\Users\micha\AppData\Local\Programs\MiKTeX\tex/latex/subfigure\subfigure.cfg
)
\subfig@top=\skip68
\subfig@bottom=\skip69
) (C:\Users\micha\AppData\Local\Programs\MiKTeX\tex/latex/graphics\color.sty
Package: color 2022/01/06 v1.3d Standard LaTeX Color (DPC)

(C:\Users\micha\AppData\Local\Programs\MiKTeX\tex/latex/graphics-cfg\color.cfg
File: color.cfg 2016/01/02 v1.6 sample color configuration
)
Package color Info: Driver file: pdftex.def on input line 149.
(C:\Users\micha\AppData\Local\Programs\MiKTeX\tex/latex/graphics\mathcolor.ltx)
)
\c@definition=\count288
\c@lemma=\count289
\c@theorem=\count290
\c@observation=\count291
\c@proposition=\count292
LaTeX Font Info:    Trying to load font information for OT1+ptm on input line 2
15.
 (C:\Users\micha\AppData\Local\Programs\MiKTeX\tex/latex/psnfss\ot1ptm.fd
File: ot1ptm.fd 2001/06/04 font definitions for OT1/ptm.
)
(C:\Users\micha\AppData\Local\Programs\MiKTeX\tex/latex/l3backend\l3backend-pdf
tex.def
File: l3backend-pdftex.def 2023-04-19 L3 backend support: PDF output (pdfTeX)
\l__color_backend_stack_int=\count293
\l__pdf_internal_box=\box56
) (AAAI-MaT.5664_changed.aux)
\openout1 = `AAAI-MaT.5664_changed.aux'.

LaTeX Font Info:    Checking defaults for OML/cmm/m/it on input line 215.
LaTeX Font Info:    ... okay on input line 215.
LaTeX Font Info:    Checking defaults for OMS/cmsy/m/n on input line 215.
LaTeX Font Info:    ... okay on input line 215.
LaTeX Font Info:    Checking defaults for OT1/cmr/m/n on input line 215.
LaTeX Font Info:    ... okay on input line 215.
LaTeX Font Info:    Checking defaults for T1/cmr/m/n on input line 215.
LaTeX Font Info:    ... okay on input line 215.
LaTeX Font Info:    Checking defaults for TS1/cmr/m/n on input line 215.
LaTeX Font Info:    ... okay on input line 215.
LaTeX Font Info:    Checking defaults for OMX/cmex/m/n on input line 215.
LaTeX Font Info:    ... okay on input line 215.
LaTeX Font Info:    Checking defaults for U/cmr/m/n on input line 215.
LaTeX Font Info:    ... okay on input line 215.

(C:\Users\micha\AppData\Local\Programs\MiKTeX\tex/context/base/mkii\supp-pdf.mk
ii
[Loading MPS to PDF converter (version 2006.09.02).]
\scratchcounter=\count294
\scratchdimen=\dimen164
\scratchbox=\box57
\nofMPsegments=\count295
\nofMParguments=\count296
\everyMPshowfont=\toks32
\MPscratchCnt=\count297
\MPscratchDim=\dimen165
\MPnumerator=\count298
\makeMPintoPDFobject=\count299
\everyMPtoPDFconversion=\toks33
)
(C:\Users\micha\AppData\Local\Programs\MiKTeX\tex/latex/epstopdf-pkg\epstopdf-b
ase.sty
Package: epstopdf-base 2020-01-24 v2.11 Base part for package epstopdf
Package epstopdf-base Info: Redefining graphics rule for `.eps' on input line 4
85.

(C:\Users\micha\AppData\Local\Programs\MiKTeX\tex/latex/00miktex\epstopdf-sys.c
fg
File: epstopdf-sys.cfg 2021/03/18 v2.0 Configuration of epstopdf for MiKTeX
))
LaTeX Font Info:    Trying to load font information for U+msa on input line 217
.
 (C:\Users\micha\AppData\Local\Programs\MiKTeX\tex/latex/amsfonts\umsa.fd
File: umsa.fd 2013/01/14 v3.01 AMS symbols A
)
LaTeX Font Info:    Trying to load font information for U+msb on input line 217
.

(C:\Users\micha\AppData\Local\Programs\MiKTeX\tex/latex/amsfonts\umsb.fd
File: umsb.fd 2013/01/14 v3.01 AMS symbols B
)
LaTeX Font Info:    Trying to load font information for TS1+ptm on input line 2
17.

(C:\Users\micha\AppData\Local\Programs\MiKTeX\tex/latex/psnfss\ts1ptm.fd
File: ts1ptm.fd 2001/06/04 font definitions for TS1/ptm.
)

LaTeX Warning: Citation `russell-norvig-1995' on page 1 undefined on input line
 249.


LaTeX Warning: Citation `chapman-aij1987' on page 1 undefined on input line 253
.


LaTeX Warning: Citation `bylander-aij1994' on page 1 undefined on input line 25
5.


LaTeX Warning: Citation `seipp-et-al-icaps2012' on page 1 undefined on input li
ne 259.


LaTeX Warning: Citation `vallati-miwai2012' on page 1 undefined on input line 2
59.


LaTeX Warning: Citation `howe-et-al-ecp1999' on page 1 undefined on input line 
259.


LaTeX Warning: Citation `seipp-et-al-aaai2015' on page 1 undefined on input lin
e 259.


LaTeX Warning: Citation `cenamor-et-al-jair2016' on page 1 undefined on input l
ine 266.


LaTeX Warning: Citation `Krizhevsky2012' on page 1 undefined on input line 277.



LaTeX Warning: Citation `katz-et-al-ipc2018' on page 1 undefined on input line 
279.


LaTeX Warning: Citation `Sievers2019' on page 1 undefined on input line 279.


LaTeX Warning: Citation `pochter-et-al-aaai2011' on page 1 undefined on input l
ine 288.


LaTeX Warning: Citation `sievers-et-al-icaps2017wshsdip-a' on page 1 undefined 
on input line 290.


LaTeX Warning: Citation `sievers-et-al-icaps2019' on page 1 undefined on input 
line 290.


LaTeX Warning: Citation `sievers-et-al-icaps2019' on page 1 undefined on input 
line 293.


LaTeX Warning: Citation `domshlak-et-al-icaps2012' on page 1 undefined on input
 line 293.


LaTeX Warning: Citation `roeger-et-al-icaps2018' on page 1 undefined on input l
ine 297.

<example-figure.pdf, id=1, 5690.55135pt x 1138.11024pt>
File: example-figure.pdf Graphic file (type pdf)
<use example-figure.pdf>
Package pdftex.def Info: example-figure.pdf  used on input line 302.
(pdftex.def)             Requested size: 505.87572pt x 101.17755pt.

LaTeX Warning: Citation `Bruna2014' on page 1 undefined on input line 311.


LaTeX Warning: Citation `Defferrard2016' on page 1 undefined on input line 311.



LaTeX Warning: Citation `Li2016' on page 1 undefined on input line 311.


LaTeX Warning: Citation `Kipf2017' on page 1 undefined on input line 311.


LaTeX Warning: Citation `Hamilton2017' on page 1 undefined on input line 311.


LaTeX Warning: Citation `Gilmer2017' on page 1 undefined on input line 311.


LaTeX Warning: Citation `Velickovic2018' on page 1 undefined on input line 311.



LaTeX Warning: Citation `Kipf2017' on page 1 undefined on input line 313.


LaTeX Warning: Citation `Li2016' on page 1 undefined on input line 314.


Underfull \vbox (badness 10000) has occurred while \output is active []

 [1{C:/Users/micha/AppData/Local/MiKTeX/fonts/map/pdftex/pdftex.map}{C:/Users/m
icha/AppData/Local/Programs/MiKTeX/fonts/enc/dvips/base/8r.enc}



]

LaTeX Warning: Citation `edelkamp-ecp2001' on page 2 undefined on input line 36
7.


LaTeX Warning: Citation `helmert-et-al-jacm2014' on page 2 undefined on input l
ine 367.


LaTeX Warning: Citation `helmert-domshlak-icaps2009' on page 2 undefined on inp
ut line 367.


LaTeX Warning: Citation `haslum-et-al-aaai2005' on page 2 undefined on input li
ne 367.


LaTeX Warning: Citation `wehrle-helmert-icaps2014' on page 2 undefined on input
 line 369.


LaTeX Warning: Citation `shleyfman-et-al-aaai2015' on page 2 undefined on input
 line 369.


LaTeX Warning: Citation `edelkamp-et-al-aaai2015' on page 2 undefined on input 
line 372.


LaTeX Warning: Citation `gnad-hoffmann-icaps2015' on page 2 undefined on input 
line 372.


LaTeX Warning: Citation `helmert-et-al-ipc2011' on page 2 undefined on input li
ne 389.


LaTeX Warning: Citation `seipp-et-al-ipc2014b' on page 2 undefined on input lin
e 390.


LaTeX Warning: Citation `howe-et-al-ecp1999' on page 2 undefined on input line 
395.


LaTeX Warning: Citation `cenamor-et-al-jair2016' on page 2 undefined on input l
ine 395.


LaTeX Warning: Citation `katz-hoffmann-ipc2014' on page 2 undefined on input li
ne 401.


LaTeX Warning: Citation `fuentetaja-et-al-ipc2018' on page 2 undefined on input
 line 406.


LaTeX Warning: Citation `toyer-et-al-aaai2018' on page 2 undefined on input lin
e 418.


LaTeX Warning: Citation `sievers-et-al-icaps2019' on page 2 undefined on input 
line 429.


LaTeX Warning: Citation `pochter-et-al-aaai2011' on page 2 undefined on input l
ine 431.


Underfull \vbox (badness 10000) has occurred while \output is active []

 [2 <./example-figure.pdf>]

LaTeX Warning: Citation `Kipf2017' on page 3 undefined on input line 503.


Underfull \hbox (badness 1490) in paragraph at lines 503--504
\OT1/ptm/m/n/10 GCN ( \OT1/ptm/b/n/10 ?\OT1/ptm/m/n/10 ) gen-er-al-izes the con
-vo-lu-tion fil-ters for im-age
 []


Overfull \hbox (8.46313pt too wide) detected at line 517
[] \OT1/cmr/m/n/10 = [][][]\OML/cmm/m/it/10 ;   [] \OT1/cmr/m/n/10 = \OML/cmm/m
/it/10 A \OT1/cmr/m/n/10 + \OML/cmm/m/it/10 I;   [] \OT1/cmr/m/n/10 = [](\OML/c
mm/m/it/10 d[]\OT1/cmr/m/n/10 )\OML/cmm/m/it/10 ;   d[] \OT1/cmr/m/n/10 = [] []
\OML/cmm/m/it/10 :
 []


LaTeX Warning: Citation `Li2016' on page 3 undefined on input line 531.

[3] [4]

LaTeX Warning: Citation `katz-et-al-ipc2018' on page 5 undefined on input line 
626.

<node_counts_relative_size_sorted_solvable-3.pdf, id=39, 556.53593pt x 373.3001
6pt>
File: node_counts_relative_size_sorted_solvable-3.pdf Graphic file (type pdf)
<use node_counts_relative_size_sorted_solvable-3.pdf>
Package pdftex.def Info: node_counts_relative_size_sorted_solvable-3.pdf  used 
on input line 638.
(pdftex.def)             Requested size: 215.45348pt x 144.51561pt.

LaTeX Warning: Citation `Kingma2015' on page 5 undefined on input line 646.


Overfull \hbox (8.11372pt too wide) in paragraph at lines 668--689
 [][] 
 []

[5 <./node_counts_relative_size_sorted_solvable-3.pdf>]

LaTeX Warning: Citation `franco-et-al-ipc2018b' on page 6 undefined on input li
ne 698.


LaTeX Warning: Citation `moises-et-al-ipc2018' on page 6 undefined on input lin
e 698.


LaTeX Warning: Citation `torralba-et-al-aij2017' on page 6 undefined on input l
ine 702.


LaTeX Warning: Citation `Fawcett2014' on page 6 undefined on input line 708.


LaTeX Warning: Citation `Sievers2019' on page 6 undefined on input line 722.


Overfull \hbox (12.9046pt too wide) in paragraph at lines 746--760
 [][] 
 []

<graph_single_analyse_coverage_common2.pdf, id=60, 395.04608pt x 271.01627pt>
File: graph_single_analyse_coverage_common2.pdf Graphic file (type pdf)
<use graph_single_analyse_coverage_common2.pdf>
Package pdftex.def Info: graph_single_analyse_coverage_common2.pdf  used on inp
ut line 770.
(pdftex.def)             Requested size: 215.45348pt x 147.81052pt.
<adaptive_scheduling2.pdf, id=61, 501.875pt x 394.47375pt>
File: adaptive_scheduling2.pdf Graphic file (type pdf)
<use adaptive_scheduling2.pdf>
Package pdftex.def Info: adaptive_scheduling2.pdf  used on input line 779.
(pdftex.def)             Requested size: 191.51622pt x 150.53358pt.
[6 <./graph_single_analyse_coverage_common2.pdf>]

LaTeX Warning: Citation `helmert-et-al-ipc2011' on page 7 undefined on input li
ne 835.

No file AAAI-MaT.5664_changed.bbl.
[7 <./adaptive_scheduling2.pdf>] [8

] (AAAI-MaT.5664_changed.aux)
 ***********
LaTeX2e <2023-06-01> patch level 1
L3 programming layer <2023-08-29>
 ***********
 ) 
Here is how much of TeX's memory you used:
 4801 strings out of 475247
 75682 string characters out of 5757792
 1942801 words of memory out of 5000000
 26211 multiletter control sequences out of 15000+600000
 594763 words of font info for 122 fonts, out of 8000000 for 9000
 1141 hyphenation exceptions out of 8191
 57i,15n,65p,1118b,385s stack positions out of 10000i,1000n,20000p,200000b,200000s
<C:/Users/micha/AppData/Local/Programs/MiKTeX/fonts/type1/public/amsfonts/cm/
cmex10.pfb><C:/Users/micha/AppData/Local/Programs/MiKTeX/fonts/type1/public/ams
fonts/cm/cmmi10.pfb><C:/Users/micha/AppData/Local/Programs/MiKTeX/fonts/type1/p
ublic/amsfonts/cm/cmmi5.pfb><C:/Users/micha/AppData/Local/Programs/MiKTeX/fonts
/type1/public/amsfonts/cm/cmmi7.pfb><C:/Users/micha/AppData/Local/Programs/MiKT
eX/fonts/type1/public/amsfonts/cm/cmmi8.pfb><C:/Users/micha/AppData/Local/Progr
ams/MiKTeX/fonts/type1/public/amsfonts/cm/cmr10.pfb><C:/Users/micha/AppData/Loc
al/Programs/MiKTeX/fonts/type1/public/amsfonts/cm/cmr5.pfb><C:/Users/micha/AppD
ata/Local/Programs/MiKTeX/fonts/type1/public/amsfonts/cm/cmr7.pfb><C:/Users/mic
ha/AppData/Local/Programs/MiKTeX/fonts/type1/public/amsfonts/cm/cmr8.pfb><C:/Us
ers/micha/AppData/Local/Programs/MiKTeX/fonts/type1/public/amsfonts/cm/cmsy10.p
fb><C:/Users/micha/AppData/Local/Programs/MiKTeX/fonts/type1/public/amsfonts/cm
/cmsy5.pfb><C:/Users/micha/AppData/Local/Programs/MiKTeX/fonts/type1/public/ams
fonts/cm/cmsy7.pfb><C:/Users/micha/AppData/Local/Programs/MiKTeX/fonts/type1/pu
blic/amsfonts/cm/cmti10.pfb><C:/Users/micha/AppData/Local/Programs/MiKTeX/fonts
/type1/urw/times/utmb8a.pfb><C:/Users/micha/AppData/Local/Programs/MiKTeX/fonts
/type1/urw/times/utmr8a.pfb><C:/Users/micha/AppData/Local/Programs/MiKTeX/fonts
/type1/urw/times/utmri8a.pfb>
Output written on AAAI-MaT.5664_changed.pdf (8 pages, 331765 bytes).
PDF statistics:
 180 PDF objects out of 1000 (max. 8388607)
 0 named destinations out of 1000 (max. 500000)
 21 words of extra memory for PDF output out of 10000 (max. 10000000)

