This is pdfTeX, Version 3.141592653-2.6-1.40.25 (MiKTeX 23.9) (preloaded format=pdflatex 2023.9.22)  30 MAR 2024 16:31
entering extended mode
 restricted \write18 enabled.
 %&-line parsing enabled.
**./main_changed.tex
(main_changed.tex
LaTeX2e <2023-06-01> patch level 1
L3 programming layer <2023-08-29>
(C:\Users\micha\AppData\Local\Programs\MiKTeX\tex/latex/base\article.cls
Document Class: article 2023/05/17 v1.4n Standard LaTeX document class
(C:\Users\micha\AppData\Local\Programs\MiKTeX\tex/latex/base\size10.clo
File: size10.clo 2023/05/17 v1.4n Standard LaTeX file (size option)
)
\c@part=\count185
\c@section=\count186
\c@subsection=\count187
\c@subsubsection=\count188
\c@paragraph=\count189
\c@subparagraph=\count190
\c@figure=\count191
\c@table=\count192
\abovecaptionskip=\skip48
\belowcaptionskip=\skip49
\bibindent=\dimen140
)
(aaai21.sty
Conference Style for AAAI for LaTeX 2e -- version for the AAAI-21 conference - 
MODIFIED
\titlebox=\skip50
) (C:\Users\micha\AppData\Local\Programs\MiKTeX\tex/latex/psnfss\times.sty
Package: times 2020/03/25 PSNFSS-v9.3 (SPQR) 
)
(C:\Users\micha\AppData\Local\Programs\MiKTeX\tex/latex/psnfss\helvet.sty
Package: helvet 2020/03/25 PSNFSS-v9.3 (WaS) 

(C:\Users\micha\AppData\Local\Programs\MiKTeX\tex/latex/graphics\keyval.sty
Package: keyval 2022/05/29 v1.15 key=value parser (DPC)
\KV@toks@=\toks17
))
(C:\Users\micha\AppData\Local\Programs\MiKTeX\tex/latex/psnfss\courier.sty
Package: courier 2020/03/25 PSNFSS-v9.3 (WaS) 
)
(C:\Users\micha\AppData\Local\Programs\MiKTeX\tex/latex/url\url.sty
\Urlmuskip=\muskip16
Package: url 2013/09/16  ver 3.4  Verb mode for urls, etc.
)
(C:\Users\micha\AppData\Local\Programs\MiKTeX\tex/latex/graphics\graphicx.sty
Package: graphicx 2021/09/16 v1.2d Enhanced LaTeX Graphics (DPC,SPQR)

(C:\Users\micha\AppData\Local\Programs\MiKTeX\tex/latex/graphics\graphics.sty
Package: graphics 2022/03/10 v1.4e Standard LaTeX Graphics (DPC,SPQR)

(C:\Users\micha\AppData\Local\Programs\MiKTeX\tex/latex/graphics\trig.sty
Package: trig 2021/08/11 v1.11 sin cos tan (DPC)
)
(C:\Users\micha\AppData\Local\Programs\MiKTeX\tex/latex/graphics-cfg\graphics.c
fg
File: graphics.cfg 2016/06/04 v1.11 sample graphics configuration
)
Package graphics Info: Driver file: pdftex.def on input line 107.

(C:\Users\micha\AppData\Local\Programs\MiKTeX\tex/latex/graphics-def\pdftex.def
File: pdftex.def 2022/09/22 v1.2b Graphics/color driver for pdftex
))
\Gin@req@height=\dimen141
\Gin@req@width=\dimen142
) (C:\Users\micha\AppData\Local\Programs\MiKTeX\tex/latex/natbib\natbib.sty
Package: natbib 2010/09/13 8.31b (PWD, AO)
\bibhang=\skip51
\bibsep=\skip52
LaTeX Info: Redefining \cite on input line 694.
\c@NAT@ctr=\count193
)
(C:\Users\micha\AppData\Local\Programs\MiKTeX\tex/latex/caption\caption.sty
Package: caption 2023/07/31 v3.6n Customizing captions (AR)

(C:\Users\micha\AppData\Local\Programs\MiKTeX\tex/latex/caption\caption3.sty
Package: caption3 2023/07/31 v2.4d caption3 kernel (AR)
\caption@tempdima=\dimen143
\captionmargin=\dimen144
\caption@leftmargin=\dimen145
\caption@rightmargin=\dimen146
\caption@width=\dimen147
\caption@indent=\dimen148
\caption@parindent=\dimen149
\caption@hangindent=\dimen150
Package caption Info: Standard document class detected.
)
\c@caption@flags=\count194
\c@continuedfloat=\count195
)
(C:\Users\micha\AppData\Local\Programs\MiKTeX\tex/latex/amsmath\amsmath.sty
Package: amsmath 2023/05/13 v2.17o AMS math features
\@mathmargin=\skip53

For additional information on amsmath, use the `?' option.
(C:\Users\micha\AppData\Local\Programs\MiKTeX\tex/latex/amsmath\amstext.sty
Package: amstext 2021/08/26 v2.01 AMS text

(C:\Users\micha\AppData\Local\Programs\MiKTeX\tex/latex/amsmath\amsgen.sty
File: amsgen.sty 1999/11/30 v2.0 generic functions
\@emptytoks=\toks18
\ex@=\dimen151
))
(C:\Users\micha\AppData\Local\Programs\MiKTeX\tex/latex/amsmath\amsbsy.sty
Package: amsbsy 1999/11/29 v1.2d Bold Symbols
\pmbraise@=\dimen152
)
(C:\Users\micha\AppData\Local\Programs\MiKTeX\tex/latex/amsmath\amsopn.sty
Package: amsopn 2022/04/08 v2.04 operator names
)
\inf@bad=\count196
LaTeX Info: Redefining \frac on input line 234.
\uproot@=\count197
\leftroot@=\count198
LaTeX Info: Redefining \overline on input line 399.
LaTeX Info: Redefining \colon on input line 410.
\classnum@=\count199
\DOTSCASE@=\count266
LaTeX Info: Redefining \ldots on input line 496.
LaTeX Info: Redefining \dots on input line 499.
LaTeX Info: Redefining \cdots on input line 620.
\Mathstrutbox@=\box51
\strutbox@=\box52
LaTeX Info: Redefining \big on input line 722.
LaTeX Info: Redefining \Big on input line 723.
LaTeX Info: Redefining \bigg on input line 724.
LaTeX Info: Redefining \Bigg on input line 725.
\big@size=\dimen153
LaTeX Font Info:    Redeclaring font encoding OML on input line 743.
LaTeX Font Info:    Redeclaring font encoding OMS on input line 744.
\macc@depth=\count267
LaTeX Info: Redefining \bmod on input line 905.
LaTeX Info: Redefining \pmod on input line 910.
LaTeX Info: Redefining \smash on input line 940.
LaTeX Info: Redefining \relbar on input line 970.
LaTeX Info: Redefining \Relbar on input line 971.
\c@MaxMatrixCols=\count268
\dotsspace@=\muskip17
\c@parentequation=\count269
\dspbrk@lvl=\count270
\tag@help=\toks19
\row@=\count271
\column@=\count272
\maxfields@=\count273
\andhelp@=\toks20
\eqnshift@=\dimen154
\alignsep@=\dimen155
\tagshift@=\dimen156
\tagwidth@=\dimen157
\totwidth@=\dimen158
\lineht@=\dimen159
\@envbody=\toks21
\multlinegap=\skip54
\multlinetaggap=\skip55
\mathdisplay@stack=\toks22
LaTeX Info: Redefining \[ on input line 2953.
LaTeX Info: Redefining \] on input line 2954.
)
(C:\Users\micha\AppData\Local\Programs\MiKTeX\tex/latex/amscls\amsthm.sty
Package: amsthm 2020/05/29 v2.20.6
\thm@style=\toks23
\thm@bodyfont=\toks24
\thm@headfont=\toks25
\thm@notefont=\toks26
\thm@headpunct=\toks27
\thm@preskip=\skip56
\thm@postskip=\skip57
\thm@headsep=\skip58
\dth@everypar=\toks28
)
(C:\Users\micha\AppData\Local\Programs\MiKTeX\tex/latex/amsfonts\amssymb.sty
Package: amssymb 2013/01/14 v3.01 AMS font symbols

(C:\Users\micha\AppData\Local\Programs\MiKTeX\tex/latex/amsfonts\amsfonts.sty
Package: amsfonts 2013/01/14 v3.01 Basic AMSFonts support
\symAMSa=\mathgroup4
\symAMSb=\mathgroup5
LaTeX Font Info:    Redeclaring math symbol \hbar on input line 98.
LaTeX Font Info:    Overwriting math alphabet `\mathfrak' in version `bold'
(Font)                  U/euf/m/n --> U/euf/b/n on input line 106.
)) (C:\Users\micha\AppData\Local\Programs\MiKTeX\tex/latex/booktabs\booktabs.st
y
Package: booktabs 2020/01/12 v1.61803398 Publication quality tables
\heavyrulewidth=\dimen160
\lightrulewidth=\dimen161
\cmidrulewidth=\dimen162
\belowrulesep=\dimen163
\belowbottomsep=\dimen164
\aboverulesep=\dimen165
\abovetopsep=\dimen166
\cmidrulesep=\dimen167
\cmidrulekern=\dimen168
\defaultaddspace=\dimen169
\@cmidla=\count274
\@cmidlb=\count275
\@aboverulesep=\dimen170
\@belowrulesep=\dimen171
\@thisruleclass=\count276
\@lastruleclass=\count277
\@thisrulewidth=\dimen172
) (C:\Users\micha\AppData\Local\Programs\MiKTeX\tex/latex/cleveref\cleveref.sty
Package: cleveref 2018/03/27 v0.21.4 Intelligent cross-referencing
Package cleveref Info: `amsthm' support loaded on input line 3026.
Package cleveref Info: always capitalise cross-reference names on input line 78
30.
Package cleveref Info: always capitalise cross-reference names on input line 78
52.
) (C:\Users\micha\AppData\Local\Programs\MiKTeX\tex/latex/lineno\lineno.sty
Package: lineno 2023/05/20 line numbers on paragraphs v5.3

(C:\Users\micha\AppData\Local\Programs\MiKTeX\tex/latex/etoolbox\etoolbox.sty
Package: etoolbox 2020/10/05 v2.5k e-TeX tools for LaTeX (JAW)
\etb@tempcnta=\count278
)
(C:\Users\micha\AppData\Local\Programs\MiKTeX\tex/latex/kvoptions\kvoptions.sty
Package: kvoptions 2022-06-15 v3.15 Key value format for package options (HO)
(C:\Users\micha\AppData\Local\Programs\MiKTeX\tex/generic/ltxcmds\ltxcmds.sty
Package: ltxcmds 2023-12-04 v1.26 LaTeX kernel commands for general use (HO)
)
(C:\Users\micha\AppData\Local\Programs\MiKTeX\tex/latex/kvsetkeys\kvsetkeys.sty
Package: kvsetkeys 2022-10-05 v1.19 Key value parser (HO)
))
\linenopenalty=\count279
\output=\toks29
\linenoprevgraf=\count280
\linenumbersep=\dimen173
\linenumberwidth=\dimen174
\c@linenumber=\count281
\c@pagewiselinenumber=\count282
\c@LN@truepage=\count283
\c@internallinenumber=\count284
\c@internallinenumbers=\count285
\quotelinenumbersep=\dimen175
\bframerule=\dimen176
\bframesep=\dimen177
\bframebox=\box53
\linenoamsmath@ams@eqpen=\count286
LaTeX Info: Redefining \\ on input line 3180.
)
LaTeX Font Info:    Trying to load font information for OT1+ptm on input line 1
36.
 (C:\Users\micha\AppData\Local\Programs\MiKTeX\tex/latex/psnfss\ot1ptm.fd
File: ot1ptm.fd 2001/06/04 font definitions for OT1/ptm.
)
(C:\Users\micha\AppData\Local\Programs\MiKTeX\tex/latex/l3backend\l3backend-pdf
tex.def
File: l3backend-pdftex.def 2023-04-19 L3 backend support: PDF output (pdfTeX)
\l__color_backend_stack_int=\count287
\l__pdf_internal_box=\box54
) (main_changed.aux)
\openout1 = `main_changed.aux'.

LaTeX Font Info:    Checking defaults for OML/cmm/m/it on input line 136.
LaTeX Font Info:    ... okay on input line 136.
LaTeX Font Info:    Checking defaults for OMS/cmsy/m/n on input line 136.
LaTeX Font Info:    ... okay on input line 136.
LaTeX Font Info:    Checking defaults for OT1/cmr/m/n on input line 136.
LaTeX Font Info:    ... okay on input line 136.
LaTeX Font Info:    Checking defaults for T1/cmr/m/n on input line 136.
LaTeX Font Info:    ... okay on input line 136.
LaTeX Font Info:    Checking defaults for TS1/cmr/m/n on input line 136.
LaTeX Font Info:    ... okay on input line 136.
LaTeX Font Info:    Checking defaults for OMX/cmex/m/n on input line 136.
LaTeX Font Info:    ... okay on input line 136.
LaTeX Font Info:    Checking defaults for U/cmr/m/n on input line 136.
LaTeX Font Info:    ... okay on input line 136.

(C:\Users\micha\AppData\Local\Programs\MiKTeX\tex/context/base/mkii\supp-pdf.mk
ii
[Loading MPS to PDF converter (version 2006.09.02).]
\scratchcounter=\count288
\scratchdimen=\dimen178
\scratchbox=\box55
\nofMPsegments=\count289
\nofMParguments=\count290
\everyMPshowfont=\toks30
\MPscratchCnt=\count291
\MPscratchDim=\dimen179
\MPnumerator=\count292
\makeMPintoPDFobject=\count293
\everyMPtoPDFconversion=\toks31
)
(C:\Users\micha\AppData\Local\Programs\MiKTeX\tex/latex/epstopdf-pkg\epstopdf-b
ase.sty
Package: epstopdf-base 2020-01-24 v2.11 Base part for package epstopdf
Package epstopdf-base Info: Redefining graphics rule for `.eps' on input line 4
85.

(C:\Users\micha\AppData\Local\Programs\MiKTeX\tex/latex/00miktex\epstopdf-sys.c
fg
File: epstopdf-sys.cfg 2021/03/18 v2.0 Configuration of epstopdf for MiKTeX
))
Package caption Info: Begin \AtBeginDocument code.
Package caption Info: End \AtBeginDocument code.
\titlearea=\box56
LaTeX Font Info:    Trying to load font information for U+msa on input line 139
.
 (C:\Users\micha\AppData\Local\Programs\MiKTeX\tex/latex/amsfonts\umsa.fd
File: umsa.fd 2013/01/14 v3.01 AMS symbols A
)
LaTeX Font Info:    Trying to load font information for U+msb on input line 139
.

(C:\Users\micha\AppData\Local\Programs\MiKTeX\tex/latex/amsfonts\umsb.fd
File: umsb.fd 2013/01/14 v3.01 AMS symbols B
)
\actualheight=\skip59
LaTeX Font Info:    Trying to load font information for TS1+ptm on input line 1
39.

(C:\Users\micha\AppData\Local\Programs\MiKTeX\tex/latex/psnfss\ts1ptm.fd
File: ts1ptm.fd 2001/06/04 font definitions for TS1/ptm.
)
Underfull \vbox (badness 10000) detected at line 139
 []

(sections/introduction.tex

Package natbib Warning: Citation `iworginal' on page 1 undefined on input line 
2.


Package natbib Warning: Citation `BFSW' on page 1 undefined on input line 4.


Package natbib Warning: Citation `ijcai2017-600' on page 1 undefined on input l
ine 4.


Package natbib Warning: Citation `DBLP:journals/corr/abs-1207-4708' on page 1 u
ndefined on input line 4.


Package natbib Warning: Citation `ram_model' on page 1 undefined on input line 
4.


Package natbib Warning: Citation `ram_IW_shleyfman' on page 1 undefined on inpu
t line 4.


Package natbib Warning: Citation `dominatedSequnce' on page 1 undefined on inpu
t line 4.


Package natbib Warning: Citation `rolloutiw-orginal' on page 1 undefined on inp
ut line 6.


Package natbib Warning: Citation `RLIW' on page 1 undefined on input line 6.


Package natbib Warning: Citation `rolloutiw-orginal' on page 1 undefined on inp
ut line 11.


Package natbib Warning: Citation `liang' on page 1 undefined on input line 12.


Package natbib Warning: Citation `RLIW' on page 1 undefined on input line 14.


Package natbib Warning: Citation `RLIW' on page 1 undefined on input line 14.


Package natbib Warning: Citation `kingma2019introduction' on page 1 undefined o
n input line 16.

[1{C:/Users/micha/AppData/Local/MiKTeX/fonts/map/pdftex/pdftex.map}{C:/Users/mi
cha/AppData/Local/Programs/MiKTeX/fonts/enc/dvips/base/8r.enc}



])
(sections/background.tex

Package natbib Warning: Citation `iworginal' on page 2 undefined on input line 
4.


Package natbib Warning: Citation `rolloutiw-orginal' on page 2 undefined on inp
ut line 9.


Package natbib Warning: Citation `rolloutiw-orginal' on page 2 undefined on inp
ut line 11.


Package natbib Warning: Citation `DBLP:journals/corr/abs-1207-4708' on page 2 u
ndefined on input line 15.


Package natbib Warning: Citation `rolloutiw-orginal' on page 2 undefined on inp
ut line 15.


Package natbib Warning: Citation `liang' on page 2 undefined on input line 17.


Underfull \hbox (badness 10000) in paragraph at lines 26--32
 \OT1/ptm/b/n/10 Vari-a-tional au-toen-coders. \OT1/ptm/m/it/10 La-tent vari-ab
le mod-els
 []

[2]

Package natbib Warning: Citation `kingma2013auto' on page 3 undefined on input 
line 53.


Package natbib Warning: Citation `rezende2014stochastic' on page 3 undefined on
 input line 53.


Underfull \hbox (badness 1248) in paragraph at lines 51--54
\OT1/ptm/m/n/10 points and im-prove learn-ing ef-fi-ciency. In this set-ting,
 []


Package natbib Warning: Citation `kingma2013auto' on page 3 undefined on input 
line 67.


Package natbib Warning: Citation `alemi2017fixing' on page 3 undefined on input
 line 71.


Package natbib Warning: Citation `higgins2017beta' on page 3 undefined on input
 line 72.


Package natbib Warning: Citation `jang2016categorical' on page 3 undefined on i
nput line 83.


Package natbib Warning: Citation `maddison2016concrete' on page 3 undefined on 
input line 83.

) (sections/VAE-IW.tex

Package natbib Warning: Citation `iworginal' on page 3 undefined on input line 
3.


Package natbib Warning: Citation `BFSW' on page 3 undefined on input line 3.


Package natbib Warning: Citation `ijcai2017-600' on page 3 undefined on input l
ine 3.


Package natbib Warning: Citation `RLIW' on page 3 undefined on input line 3.


Package natbib Warning: Citation `bengio2013representation' on page 3 undefined
 on input line 8.


Package natbib Warning: Citation `tschannen2018recent' on page 3 undefined on i
nput line 8.


Package natbib Warning: Citation `kingma2019introduction' on page 3 undefined o
n input line 8.


Package natbib Warning: Citation `rolloutiw-orginal' on page 3 undefined on inp
ut line 9.


Package natbib Warning: Citation `RLIW' on page 3 undefined on input line 11.

[3]

Package natbib Warning: Citation `jang2016categorical' on page 4 undefined on i
nput line 43.


Package natbib Warning: Citation `maddison2016concrete' on page 4 undefined on 
input line 43.


Package natbib Warning: Citation `williams1992simple' on page 4 undefined on in
put line 44.


Package natbib Warning: Citation `Bornschein2014-my' on page 4 undefined on inp
ut line 44.


Package natbib Warning: Citation `Mnih2016-vr' on page 4 undefined on input lin
e 44.


Package natbib Warning: Citation `Le2018-kj' on page 4 undefined on input line 
44.


Package natbib Warning: Citation `Masrani2019-nq' on page 4 undefined on input 
line 44.


Package natbib Warning: Citation `lievin2020optimal' on page 4 undefined on inp
ut line 44.


Package natbib Warning: Citation `burgess2018understanding' on page 4 undefined
 on input line 48.

) (sections/experiments.tex

Package natbib Warning: Citation `vahdat2020nvae' on page 4 undefined on input 
line 11.


Package natbib Warning: Citation `rolloutiw-orginal' on page 4 undefined on inp
ut line 14.


Package natbib Warning: Citation `iworginal' on page 4 undefined on input line 
18.


Package natbib Warning: Citation `rolloutiw-orginal' on page 4 undefined on inp
ut line 18.

(tables/human_comp.tex)
<Pictures/big-plot-v2.png, id=27, 989.8581pt x 939.51pt>
File: Pictures/big-plot-v2.png Graphic file (type png)
<use Pictures/big-plot-v2.png>
Package pdftex.def Info: Pictures/big-plot-v2.png  used on input line 37.
(pdftex.def)             Requested size: 505.89pt x 480.1616pt.


Package natbib Warning: Citation `minh' on page 4 undefined on input line 39.


Package natbib Warning: Citation `minh' on page 4 undefined on input line 39.


Package natbib Warning: Citation `liang' on page 4 undefined on input line 44.


Package natbib Warning: Citation `rolloutiw-orginal' on page 4 undefined on inp
ut line 45.


LaTeX Warning: Reference `tab:atari-piiw-rainbow' on page 1 undefined on input 
line 50.


Package natbib Warning: Citation `ecoffet2019go' on page 4 undefined on input l
ine 53.

[4]
Underfull \vbox (badness 10000) has occurred while \output is active []


Underfull \vbox (badness 10000) has occurred while \output is active []

 [5 <./Pictures/big-plot-v2.png>]

LaTeX Warning: Reference `tab:atari-model-comp' on page 6 undefined on input li
ne 64.


LaTeX Warning: Reference `tab:continuous' on page 6 undefined on input line 66.



LaTeX Warning: Reference `tab:atari-comparison' on page 6 undefined on input li
ne 68.


Package natbib Warning: Citation `ketchen1996application' on page 6 undefined o
n input line 69.

[6]

LaTeX Warning: Reference `tab:atari-ra_no-ra' on page 7 undefined on input line
 73.


LaTeX Warning: Reference `tab:atari-no-ra' on page 7 undefined on input line 75
.


Package natbib Warning: Citation `rolloutiw-orginal' on page 7 undefined on inp
ut line 77.


LaTeX Warning: Reference `tab:higher_time_budget' on page 7 undefined on input 
line 77.


LaTeX Warning: Reference `fig:mean_expanded_nodes' on page 7 undefined on input
 line 78.


LaTeX Warning: Reference `fig:mean_depth_nodes' on page 7 undefined on input li
ne 78.


LaTeX Warning: Reference `tab:higher_time_budget_bprost' on page 7 undefined on
 input line 80.

) (sections/related_work.tex

Package natbib Warning: Citation `kingma2019introduction' on page 7 undefined o
n input line 3.


Package natbib Warning: Citation `DBLP:journals/corr/AsaiF17' on page 7 undefin
ed on input line 4.


Package natbib Warning: Citation `asai2019stable' on page 7 undefined on input 
line 7.


Package natbib Warning: Citation `zhang2018composable' on page 7 undefined on i
nput line 9.


Package natbib Warning: Citation `konidaris2018skills' on page 7 undefined on i
nput line 10.


Package natbib Warning: Citation `kurutach2018learning' on page 7 undefined on 
input line 11.


Package natbib Warning: Citation `RLIW' on page 7 undefined on input line 13.


Package natbib Warning: Citation `dqn' on page 7 undefined on input line 16.


Package natbib Warning: Citation `dqn2' on page 7 undefined on input line 16.


Package natbib Warning: Citation `a3c' on page 7 undefined on input line 16.


Package natbib Warning: Citation `ppo' on page 7 undefined on input line 16.


Package natbib Warning: Citation `ga3c' on page 7 undefined on input line 16.


Package natbib Warning: Citation `acktr' on page 7 undefined on input line 16.


Package natbib Warning: Citation `vtrace' on page 7 undefined on input line 16.



Package natbib Warning: Citation `rainbow' on page 7 undefined on input line 16
.


Package natbib Warning: Citation `kapturowski2018recurrent' on page 7 undefined
 on input line 16.


Package natbib Warning: Citation `vpn' on page 7 undefined on input line 16.


Package natbib Warning: Citation `dyna_dqn' on page 7 undefined on input line 1
6.


Package natbib Warning: Citation `kaiser2019model' on page 7 undefined on input
 line 16.


Package natbib Warning: Citation `schrittwieser2019mastering' on page 7 undefin
ed on input line 16.


Package natbib Warning: Citation `badia2020agent57' on page 7 undefined on inpu
t line 16.

) (sections/conclusion.tex

Package natbib Warning: Citation `van2017neural' on page 7 undefined on input l
ine 7.


Package natbib Warning: Citation `razavi2019generating' on page 7 undefined on 
input line 7.


Package natbib Warning: Citation `ranganath2016hierarchical' on page 7 undefine
d on input line 8.


Package natbib Warning: Citation `sonderby2016ladder' on page 7 undefined on in
put line 8.


Package natbib Warning: Citation `vahdat2020nvae' on page 7 undefined on input 
line 8.


Package natbib Warning: Citation `RLIW' on page 7 undefined on input line 9.

)
No file main_changed.bbl.
[7]

Package natbib Warning: There were undefined citations.

[8

] (main_changed.aux)
 ***********
LaTeX2e <2023-06-01> patch level 1
L3 programming layer <2023-08-29>
 ***********


LaTeX Warning: There were undefined references.

 ) 
Here is how much of TeX's memory you used:
 7395 strings out of 475247
 131969 string characters out of 5757792
 1957801 words of memory out of 5000000
 28810 multiletter control sequences out of 15000+600000
 586902 words of font info for 101 fonts, out of 8000000 for 9000
 1141 hyphenation exceptions out of 8191
 57i,18n,65p,1857b,428s stack positions out of 10000i,1000n,20000p,200000b,200000s
<C:/Users/micha/AppData/Local/Programs/MiKTeX/fonts/type1/public/amsfonts/cm/
cmbx10.pfb><C:/Users/micha/AppData/Local/Programs/MiKTeX/fonts/type1/public/ams
fonts/cm/cmbx7.pfb><C:/Users/micha/AppData/Local/Programs/MiKTeX/fonts/type1/pu
blic/amsfonts/cm/cmex10.pfb><C:/Users/micha/AppData/Local/Programs/MiKTeX/fonts
/type1/public/amsfonts/cm/cmmi10.pfb><C:/Users/micha/AppData/Local/Programs/MiK
TeX/fonts/type1/public/amsfonts/cm/cmmi5.pfb><C:/Users/micha/AppData/Local/Prog
rams/MiKTeX/fonts/type1/public/amsfonts/cm/cmmi7.pfb><C:/Users/micha/AppData/Lo
cal/Programs/MiKTeX/fonts/type1/public/amsfonts/cm/cmmi9.pfb><C:/Users/micha/Ap
pData/Local/Programs/MiKTeX/fonts/type1/public/amsfonts/cm/cmr10.pfb><C:/Users/
micha/AppData/Local/Programs/MiKTeX/fonts/type1/public/amsfonts/cm/cmr7.pfb><C:
/Users/micha/AppData/Local/Programs/MiKTeX/fonts/type1/public/amsfonts/cm/cmsy1
0.pfb><C:/Users/micha/AppData/Local/Programs/MiKTeX/fonts/type1/public/amsfonts
/cm/cmsy5.pfb><C:/Users/micha/AppData/Local/Programs/MiKTeX/fonts/type1/public/
amsfonts/cm/cmsy7.pfb><C:/Users/micha/AppData/Local/Programs/MiKTeX/fonts/type1
/public/amsfonts/symbols/msbm10.pfb><C:/Users/micha/AppData/Local/Programs/MiKT
eX/fonts/type1/urw/times/utmb8a.pfb><C:/Users/micha/AppData/Local/Programs/MiKT
eX/fonts/type1/urw/times/utmr8a.pfb><C:/Users/micha/AppData/Local/Programs/MiKT
eX/fonts/type1/urw/times/utmri8a.pfb>
Output written on main_changed.pdf (8 pages, 883497 bytes).
PDF statistics:
 113 PDF objects out of 1000 (max. 8388607)
 0 named destinations out of 1000 (max. 500000)
 6 words of extra memory for PDF output out of 10000 (max. 10000000)

