This is pdfTeX, Version 3.141592653-2.6-1.40.25 (MiKTeX 23.9) (preloaded format=pdflatex 2023.9.22)  30 MAR 2024 17:20
entering extended mode
 restricted \write18 enabled.
 %&-line parsing enabled.
**./main_changed.tex
(main_changed.tex
LaTeX2e <2023-06-01> patch level 1
L3 programming layer <2023-08-29>
(C:\Users\micha\AppData\Local\Programs\MiKTeX\tex/latex/base\article.cls
Document Class: article 2023/05/17 v1.4n Standard LaTeX document class
(C:\Users\micha\AppData\Local\Programs\MiKTeX\tex/latex/base\size10.clo
File: size10.clo 2023/05/17 v1.4n Standard LaTeX file (size option)
)
\c@part=\count185
\c@section=\count186
\c@subsection=\count187
\c@subsubsection=\count188
\c@paragraph=\count189
\c@subparagraph=\count190
\c@figure=\count191
\c@table=\count192
\abovecaptionskip=\skip48
\belowcaptionskip=\skip49
\bibindent=\dimen140
)
(aaai21.sty
Conference Style for AAAI for LaTeX 2e -- version for the AAAI-21 conference - 
MODIFIED
\titlebox=\skip50
) (C:\Users\micha\AppData\Local\Programs\MiKTeX\tex/latex/psnfss\times.sty
Package: times 2020/03/25 PSNFSS-v9.3 (SPQR) 
)
(C:\Users\micha\AppData\Local\Programs\MiKTeX\tex/latex/psnfss\helvet.sty
Package: helvet 2020/03/25 PSNFSS-v9.3 (WaS) 

(C:\Users\micha\AppData\Local\Programs\MiKTeX\tex/latex/graphics\keyval.sty
Package: keyval 2022/05/29 v1.15 key=value parser (DPC)
\KV@toks@=\toks17
))
(C:\Users\micha\AppData\Local\Programs\MiKTeX\tex/latex/psnfss\courier.sty
Package: courier 2020/03/25 PSNFSS-v9.3 (WaS) 
)
(C:\Users\micha\AppData\Local\Programs\MiKTeX\tex/latex/url\url.sty
\Urlmuskip=\muskip16
Package: url 2013/09/16  ver 3.4  Verb mode for urls, etc.
)
(C:\Users\micha\AppData\Local\Programs\MiKTeX\tex/latex/graphics\graphicx.sty
Package: graphicx 2021/09/16 v1.2d Enhanced LaTeX Graphics (DPC,SPQR)

(C:\Users\micha\AppData\Local\Programs\MiKTeX\tex/latex/graphics\graphics.sty
Package: graphics 2022/03/10 v1.4e Standard LaTeX Graphics (DPC,SPQR)

(C:\Users\micha\AppData\Local\Programs\MiKTeX\tex/latex/graphics\trig.sty
Package: trig 2021/08/11 v1.11 sin cos tan (DPC)
)
(C:\Users\micha\AppData\Local\Programs\MiKTeX\tex/latex/graphics-cfg\graphics.c
fg
File: graphics.cfg 2016/06/04 v1.11 sample graphics configuration
)
Package graphics Info: Driver file: pdftex.def on input line 107.

(C:\Users\micha\AppData\Local\Programs\MiKTeX\tex/latex/graphics-def\pdftex.def
File: pdftex.def 2022/09/22 v1.2b Graphics/color driver for pdftex
))
\Gin@req@height=\dimen141
\Gin@req@width=\dimen142
) (C:\Users\micha\AppData\Local\Programs\MiKTeX\tex/latex/natbib\natbib.sty
Package: natbib 2010/09/13 8.31b (PWD, AO)
\bibhang=\skip51
\bibsep=\skip52
LaTeX Info: Redefining \cite on input line 694.
\c@NAT@ctr=\count193
)
(C:\Users\micha\AppData\Local\Programs\MiKTeX\tex/latex/caption\caption.sty
Package: caption 2023/07/31 v3.6n Customizing captions (AR)

(C:\Users\micha\AppData\Local\Programs\MiKTeX\tex/latex/caption\caption3.sty
Package: caption3 2023/07/31 v2.4d caption3 kernel (AR)
\caption@tempdima=\dimen143
\captionmargin=\dimen144
\caption@leftmargin=\dimen145
\caption@rightmargin=\dimen146
\caption@width=\dimen147
\caption@indent=\dimen148
\caption@parindent=\dimen149
\caption@hangindent=\dimen150
Package caption Info: Standard document class detected.
)
\c@caption@flags=\count194
\c@continuedfloat=\count195
)
(C:\Users\micha\AppData\Local\Programs\MiKTeX\tex/latex/booktabs\booktabs.sty
Package: booktabs 2020/01/12 v1.61803398 Publication quality tables
\heavyrulewidth=\dimen151
\lightrulewidth=\dimen152
\cmidrulewidth=\dimen153
\belowrulesep=\dimen154
\belowbottomsep=\dimen155
\aboverulesep=\dimen156
\abovetopsep=\dimen157
\cmidrulesep=\dimen158
\cmidrulekern=\dimen159
\defaultaddspace=\dimen160
\@cmidla=\count196
\@cmidlb=\count197
\@aboverulesep=\dimen161
\@belowrulesep=\dimen162
\@thisruleclass=\count198
\@lastruleclass=\count199
\@thisrulewidth=\dimen163
)
(C:\Users\micha\AppData\Local\Programs\MiKTeX\tex/latex/amsmath\amsmath.sty
Package: amsmath 2023/05/13 v2.17o AMS math features
\@mathmargin=\skip53

For additional information on amsmath, use the `?' option.
(C:\Users\micha\AppData\Local\Programs\MiKTeX\tex/latex/amsmath\amstext.sty
Package: amstext 2021/08/26 v2.01 AMS text

(C:\Users\micha\AppData\Local\Programs\MiKTeX\tex/latex/amsmath\amsgen.sty
File: amsgen.sty 1999/11/30 v2.0 generic functions
\@emptytoks=\toks18
\ex@=\dimen164
))
(C:\Users\micha\AppData\Local\Programs\MiKTeX\tex/latex/amsmath\amsbsy.sty
Package: amsbsy 1999/11/29 v1.2d Bold Symbols
\pmbraise@=\dimen165
)
(C:\Users\micha\AppData\Local\Programs\MiKTeX\tex/latex/amsmath\amsopn.sty
Package: amsopn 2022/04/08 v2.04 operator names
)
\inf@bad=\count266
LaTeX Info: Redefining \frac on input line 234.
\uproot@=\count267
\leftroot@=\count268
LaTeX Info: Redefining \overline on input line 399.
LaTeX Info: Redefining \colon on input line 410.
\classnum@=\count269
\DOTSCASE@=\count270
LaTeX Info: Redefining \ldots on input line 496.
LaTeX Info: Redefining \dots on input line 499.
LaTeX Info: Redefining \cdots on input line 620.
\Mathstrutbox@=\box51
\strutbox@=\box52
LaTeX Info: Redefining \big on input line 722.
LaTeX Info: Redefining \Big on input line 723.
LaTeX Info: Redefining \bigg on input line 724.
LaTeX Info: Redefining \Bigg on input line 725.
\big@size=\dimen166
LaTeX Font Info:    Redeclaring font encoding OML on input line 743.
LaTeX Font Info:    Redeclaring font encoding OMS on input line 744.
\macc@depth=\count271
LaTeX Info: Redefining \bmod on input line 905.
LaTeX Info: Redefining \pmod on input line 910.
LaTeX Info: Redefining \smash on input line 940.
LaTeX Info: Redefining \relbar on input line 970.
LaTeX Info: Redefining \Relbar on input line 971.
\c@MaxMatrixCols=\count272
\dotsspace@=\muskip17
\c@parentequation=\count273
\dspbrk@lvl=\count274
\tag@help=\toks19
\row@=\count275
\column@=\count276
\maxfields@=\count277
\andhelp@=\toks20
\eqnshift@=\dimen167
\alignsep@=\dimen168
\tagshift@=\dimen169
\tagwidth@=\dimen170
\totwidth@=\dimen171
\lineht@=\dimen172
\@envbody=\toks21
\multlinegap=\skip54
\multlinetaggap=\skip55
\mathdisplay@stack=\toks22
LaTeX Info: Redefining \[ on input line 2953.
LaTeX Info: Redefining \] on input line 2954.
)
(C:\Users\micha\AppData\Local\Programs\MiKTeX\tex/latex/amsfonts\amssymb.sty
Package: amssymb 2013/01/14 v3.01 AMS font symbols

(C:\Users\micha\AppData\Local\Programs\MiKTeX\tex/latex/amsfonts\amsfonts.sty
Package: amsfonts 2013/01/14 v3.01 Basic AMSFonts support
\symAMSa=\mathgroup4
\symAMSb=\mathgroup5
LaTeX Font Info:    Redeclaring math symbol \hbar on input line 98.
LaTeX Font Info:    Overwriting math alphabet `\mathfrak' in version `bold'
(Font)                  U/euf/m/n --> U/euf/b/n on input line 106.
))
LaTeX Font Info:    Trying to load font information for OT1+ptm on input line 4
1.
(C:\Users\micha\AppData\Local\Programs\MiKTeX\tex/latex/psnfss\ot1ptm.fd
File: ot1ptm.fd 2001/06/04 font definitions for OT1/ptm.
)
(C:\Users\micha\AppData\Local\Programs\MiKTeX\tex/latex/l3backend\l3backend-pdf
tex.def
File: l3backend-pdftex.def 2023-04-19 L3 backend support: PDF output (pdfTeX)
\l__color_backend_stack_int=\count278
\l__pdf_internal_box=\box53
) (main_changed.aux)
\openout1 = `main_changed.aux'.

LaTeX Font Info:    Checking defaults for OML/cmm/m/it on input line 41.
LaTeX Font Info:    ... okay on input line 41.
LaTeX Font Info:    Checking defaults for OMS/cmsy/m/n on input line 41.
LaTeX Font Info:    ... okay on input line 41.
LaTeX Font Info:    Checking defaults for OT1/cmr/m/n on input line 41.
LaTeX Font Info:    ... okay on input line 41.
LaTeX Font Info:    Checking defaults for T1/cmr/m/n on input line 41.
LaTeX Font Info:    ... okay on input line 41.
LaTeX Font Info:    Checking defaults for TS1/cmr/m/n on input line 41.
LaTeX Font Info:    ... okay on input line 41.
LaTeX Font Info:    Checking defaults for OMX/cmex/m/n on input line 41.
LaTeX Font Info:    ... okay on input line 41.
LaTeX Font Info:    Checking defaults for U/cmr/m/n on input line 41.
LaTeX Font Info:    ... okay on input line 41.

(C:\Users\micha\AppData\Local\Programs\MiKTeX\tex/context/base/mkii\supp-pdf.mk
ii
[Loading MPS to PDF converter (version 2006.09.02).]
\scratchcounter=\count279
\scratchdimen=\dimen173
\scratchbox=\box54
\nofMPsegments=\count280
\nofMParguments=\count281
\everyMPshowfont=\toks23
\MPscratchCnt=\count282
\MPscratchDim=\dimen174
\MPnumerator=\count283
\makeMPintoPDFobject=\count284
\everyMPtoPDFconversion=\toks24
)
(C:\Users\micha\AppData\Local\Programs\MiKTeX\tex/latex/epstopdf-pkg\epstopdf-b
ase.sty
Package: epstopdf-base 2020-01-24 v2.11 Base part for package epstopdf
Package epstopdf-base Info: Redefining graphics rule for `.eps' on input line 4
85.

(C:\Users\micha\AppData\Local\Programs\MiKTeX\tex/latex/00miktex\epstopdf-sys.c
fg
File: epstopdf-sys.cfg 2021/03/18 v2.0 Configuration of epstopdf for MiKTeX
))
Package caption Info: Begin \AtBeginDocument code.
Package caption Info: End \AtBeginDocument code.
\titlearea=\box55
LaTeX Font Info:    Trying to load font information for U+msa on input line 42.

 (C:\Users\micha\AppData\Local\Programs\MiKTeX\tex/latex/amsfonts\umsa.fd
File: umsa.fd 2013/01/14 v3.01 AMS symbols A
)
LaTeX Font Info:    Trying to load font information for U+msb on input line 42.


(C:\Users\micha\AppData\Local\Programs\MiKTeX\tex/latex/amsfonts\umsb.fd
File: umsb.fd 2013/01/14 v3.01 AMS symbols B
)
\actualheight=\skip56

Underfull \vbox (badness 10000) detected at line 42
 []


Underfull \hbox (badness 1721) in paragraph at lines 42--42
\OT1/ptm/m/n/9 The Thirty-Fifth AAAI Con-fer-ence on Ar-ti-fi-cial In-tel-li-ge
nce
 []


Package natbib Warning: Citation `thickstun2016learning' on page 1 undefined on
 input line 60.


Package natbib Warning: Citation `huang2018music' on page 1 undefined on input 
line 60.


Package natbib Warning: Citation `shuffle-exchange' on page 1 undefined on inpu
t line 64.


Package natbib Warning: Citation `cho2014learning' on page 1 undefined on input
 line 64.


Package natbib Warning: Citation `hendrycks2016gaussian' on page 1 undefined on
 input line 66.


Package natbib Warning: Citation `ba2016layer' on page 1 undefined on input lin
e 66.

LaTeX Font Info:    Trying to load font information for TS1+ptm on input line 7
4.
(C:\Users\micha\AppData\Local\Programs\MiKTeX\tex/latex/psnfss\ts1ptm.fd
File: ts1ptm.fd 2001/06/04 font definitions for TS1/ptm.
)
[1{C:/Users/micha/AppData/Local/MiKTeX/fonts/map/pdftex/pdftex.map}{C:/Users/mi
cha/AppData/Local/Programs/MiKTeX/fonts/enc/dvips/base/8r.enc}



]

Package natbib Warning: Citation `bahdanau2014neural' on page 2 undefined on in
put line 81.


Package natbib Warning: Citation `vaswani2017attention' on page 2 undefined on 
input line 81.


Package natbib Warning: Citation `devlin2018bert' on page 2 undefined on input 
line 81.


Package natbib Warning: Citation `al2018character' on page 2 undefined on input
 line 83.


Package natbib Warning: Citation `beltagy2020longformer' on page 2 undefined on
 input line 83.


Package natbib Warning: Citation `zaheer2020big' on page 2 undefined on input l
ine 83.


Package natbib Warning: Citation `kitaev2020reformer' on page 2 undefined on in
put line 83.


Package natbib Warning: Citation `wang2020linformer' on page 2 undefined on inp
ut line 83.


Package natbib Warning: Citation `gehring2017convolutional' on page 2 undefined
 on input line 85.


Package natbib Warning: Citation `yu2015multi' on page 2 undefined on input lin
e 85.


Package natbib Warning: Citation `oord2016wavenet' on page 2 undefined on input
 line 85.


Package natbib Warning: Citation `kant2018recent' on page 2 undefined on input 
line 87.


Package natbib Warning: Citation `Kaiser2015NeuralGPU' on page 2 undefined on i
nput line 87.


Package natbib Warning: Citation `kaiser2016can' on page 2 undefined on input l
ine 87.


Package natbib Warning: Citation `freivalds2017improving' on page 2 undefined o
n input line 87.


Package natbib Warning: Citation `Benetos2019AutomaticMT' on page 2 undefined o
n input line 89.


Package natbib Warning: Citation `trabelsi2018deep' on page 2 undefined on inpu
t line 89.


Package natbib Warning: Citation `yang2019complex' on page 2 undefined on input
 line 89.

<images/SE_example.pdf, id=11, 280.1667pt x 164.5347pt>
File: images/SE_example.pdf Graphic file (type pdf)
<use images/SE_example.pdf>
Package pdftex.def Info: images/SE_example.pdf  used on input line 96.
(pdftex.def)             Requested size: 167.57533pt x 98.41527pt.
<images/RSE.pdf, id=12, 1246.5721pt x 578.07466pt>
File: images/RSE.pdf Graphic file (type pdf)
<use images/RSE.pdf>
Package pdftex.def Info: images/RSE.pdf  used on input line 104.
(pdftex.def)             Requested size: 478.78876pt x 222.02577pt.

Package natbib Warning: Citation `shuffle-exchange' on page 2 undefined on inpu
t line 110.


Package natbib Warning: Citation `dally2004principles' on page 2 undefined on i
nput line 117.

[2 <./images/SE_example.pdf

pdfTeX warning: pdflatex (file ./images/SE_example.pdf): PDF inclusion: invalid
 other resource which is no dict (key 'ProcSets', type <array>); ignored.
>]
Underfull \vbox (badness 10000) has occurred while \output is active []



Package natbib Warning: Citation `shuffle-exchange' on page 3 undefined on inpu
t line 134.


Package natbib Warning: Citation `cho2014learning' on page 3 undefined on input
 line 134.


Package natbib Warning: Citation `shuffle-exchange' on page 3 undefined on inpu
t line 134.


Package natbib Warning: Citation `hendrycks2016gaussian' on page 3 undefined on
 input line 142.


Package natbib Warning: Citation `xu2019understanding' on page 3 undefined on i
nput line 146.

[3 <./images/RSE.pdf>]

LaTeX Warning: Reference `sec:appendix-RSU' on page 4 undefined on input line 1
56.


LaTeX Warning: Reference `sec:appendix-musicnet-convolutions' on page 4 undefin
ed on input line 163.

<images/old_new.pdf, id=46, 606.2144pt x 418.51158pt>
File: images/old_new.pdf Graphic file (type pdf)
<use images/old_new.pdf>
Package pdftex.def Info: images/old_new.pdf  used on input line 170.
(pdftex.def)             Requested size: 247.88887pt x 171.13745pt.
<images/generalization.pdf, id=47, 606.2144pt x 418.51158pt>
File: images/generalization.pdf Graphic file (type pdf)
<use images/generalization.pdf>
Package pdftex.def Info: images/generalization.pdf  used on input line 176.
(pdftex.def)             Requested size: 247.88887pt x 171.13745pt.

Package natbib Warning: Citation `liu2019variance' on page 4 undefined on input
 line 187.


Package natbib Warning: Citation `shuffle-exchange' on page 4 undefined on inpu
t line 193.


Package natbib Warning: Citation `shuffle-exchange' on page 4 undefined on inpu
t line 195.


Package natbib Warning: Citation `kalchbrenner2015grid' on page 4 undefined on 
input line 195.


Package natbib Warning: Citation `zaremba2015reinforcement' on page 4 undefined
 on input line 195.


Package natbib Warning: Citation `zaremba2016learning' on page 4 undefined on i
nput line 195.


Package natbib Warning: Citation `joulin2015inferring' on page 4 undefined on i
nput line 195.


Package natbib Warning: Citation `grefenstette2015learning' on page 4 undefined
 on input line 195.


Package natbib Warning: Citation `Kaiser2015NeuralGPU' on page 4 undefined on i
nput line 195.


Package natbib Warning: Citation `freivalds2017improving' on page 4 undefined o
n input line 195.


Package natbib Warning: Citation `dehghani2018universal' on page 4 undefined on
 input line 195.


Package natbib Warning: Citation `shuffle-exchange' on page 4 undefined on inpu
t line 199.


Package natbib Warning: Citation `freivalds2017improving' on page 4 undefined o
n input line 202.


LaTeX Warning: Reference `sec:appendix-algorithms' on page 4 undefined on input
 line 202.

[4]

Package natbib Warning: Citation `Paperno2016TheLD' on page 5 undefined on inpu
t line 206.


Package natbib Warning: Citation `Chu_2017' on page 5 undefined on input line 2
06.


Package natbib Warning: Citation `dehghani2018universal' on page 5 undefined on
 input line 206.


Package natbib Warning: Citation `Paperno2016TheLD' on page 5 undefined on inpu
t line 206.


Package natbib Warning: Citation `mikolov2018advances' on page 5 undefined on i
nput line 208.


Package natbib Warning: Citation `shuffle-exchange' on page 5 undefined on inpu
t line 210.


Package natbib Warning: Citation `brown2020language' on page 5 undefined on inp
ut line 210.


Package natbib Warning: Citation `Chu_2017' on page 5 undefined on input line 2
10.


Package natbib Warning: Citation `dehghani2018universal' on page 5 undefined on
 input line 210.


Package natbib Warning: Citation `Chu_2017' on page 5 undefined on input line 2
10.

<images/lambada_eval_time.pdf, id=52, 606.2144pt x 343.25404pt>
File: images/lambada_eval_time.pdf Graphic file (type pdf)
<use images/lambada_eval_time.pdf>
Package pdftex.def Info: images/lambada_eval_time.pdf  used on input line 215.
(pdftex.def)             Requested size: 247.88887pt x 140.36319pt.
<images/musicnet_length_comparison.pdf, id=53, 606.265pt x 343.2825pt>
File: images/musicnet_length_comparison.pdf Graphic file (type pdf)
<use images/musicnet_length_comparison.pdf>
Package pdftex.def Info: images/musicnet_length_comparison.pdf  used on input l
ine 221.
(pdftex.def)             Requested size: 247.88887pt x 140.35912pt.

Package natbib Warning: Citation `thickstun2016learning' on page 5 undefined on
 input line 254.

[5 <./images/old_new.pdf> <./images/generalization.pdf

pdfTeX warning: pdflatex (file ./images/generalization.pdf): PDF inclusion: mul
tiple pdfs with page group included in a single page
>]

Package natbib Warning: Citation `thickstun2016learning' on page 6 undefined on
 input line 261.


Package natbib Warning: Citation `pedregosa2011scikit' on page 6 undefined on i
nput line 261.


Package natbib Warning: Citation `Thickstun2018InvariancesAD' on page 6 undefin
ed on input line 267.


Package natbib Warning: Citation `trabelsi2018deep' on page 6 undefined on inpu
t line 269.


Package natbib Warning: Citation `wolter2018complex' on page 6 undefined on inp
ut line 270.


Package natbib Warning: Citation `yang2019complex' on page 6 undefined on input
 line 270.

<images/musicnet_eval_time.pdf, id=70, 606.34526pt x 343.2825pt>
File: images/musicnet_eval_time.pdf Graphic file (type pdf)
<use images/musicnet_eval_time.pdf>
Package pdftex.def Info: images/musicnet_eval_time.pdf  used on input line 275.

(pdftex.def)             Requested size: 247.88887pt x 140.33815pt.
<images/bmul_ablation.pdf, id=71, 606.32823pt x 398.90764pt>
File: images/bmul_ablation.pdf Graphic file (type pdf)
<use images/bmul_ablation.pdf>
Package pdftex.def Info: images/bmul_ablation.pdf  used on input line 281.
(pdftex.def)             Requested size: 247.88887pt x 163.09059pt.

LaTeX Warning: Reference `sec:appendix-musicnet-convolutions' on page 6 undefin
ed on input line 309.


LaTeX Warning: Reference `sec:appendix-musicnet-visualization' on page 6 undefi
ned on input line 309.


LaTeX Warning: Reference `sec:appendix-musicnet-training' on page 6 undefined o
n input line 309.

[6 <./images/lambada_eval_time.pdf> <./images/musicnet_length_comparison.pdf

pdfTeX warning: pdflatex (file ./images/musicnet_length_comparison.pdf): PDF in
clusion: invalid other resource which is no dict (key 'ProcSets', type <array>)
; ignored.
>]

LaTeX Warning: Reference `sec:appendix-ablation' on page 7 undefined on input l
ine 323.

No file main_changed.bbl.

Underfull \hbox (badness 1902) in paragraph at lines 357--359
[]\OT1/ptm/m/n/10 Temporibus rem amet so-luta pos-simus rep-re-hen-derit
 []

[7 <./images/musicnet_eval_time.pdf

pdfTeX warning: pdflatex (file ./images/musicnet_eval_time.pdf): PDF inclusion:
 invalid other resource which is no dict (key 'ProcSets', type <array>); ignore
d.
> <./images/bmul_ablation.pdf>] [8

]

Package natbib Warning: There were undefined citations.

(main_changed.aux)
 ***********
LaTeX2e <2023-06-01> patch level 1
L3 programming layer <2023-08-29>
 ***********


LaTeX Warning: There were undefined references.

 ) 
Here is how much of TeX's memory you used:
 4646 strings out of 475247
 76546 string characters out of 5757792
 1939801 words of memory out of 5000000
 26130 multiletter control sequences out of 15000+600000
 575393 words of font info for 74 fonts, out of 8000000 for 9000
 1141 hyphenation exceptions out of 8191
 57i,17n,65p,1161b,354s stack positions out of 10000i,1000n,20000p,200000b,200000s
<C:/Users/micha/AppData/Local/Programs/MiKTeX/fonts/type1/public/amsfonts/cm/
cmmi10.pfb><C:/Users/micha/AppData/Local/Programs/MiKTeX/fonts/type1/public/ams
fonts/cm/cmmi7.pfb><C:/Users/micha/AppData/Local/Programs/MiKTeX/fonts/type1/pu
blic/amsfonts/cm/cmmi9.pfb><C:/Users/micha/AppData/Local/Programs/MiKTeX/fonts/
type1/public/amsfonts/cm/cmr10.pfb><C:/Users/micha/AppData/Local/Programs/MiKTe
X/fonts/type1/public/amsfonts/cm/cmr6.pfb><C:/Users/micha/AppData/Local/Program
s/MiKTeX/fonts/type1/public/amsfonts/cm/cmr7.pfb><C:/Users/micha/AppData/Local/
Programs/MiKTeX/fonts/type1/public/amsfonts/cm/cmsy10.pfb><C:/Users/micha/AppDa
ta/Local/Programs/MiKTeX/fonts/type1/public/amsfonts/cm/cmsy7.pfb><C:/Users/mic
ha/AppData/Local/Programs/MiKTeX/fonts/type1/public/amsfonts/symbols/msbm10.pfb
><C:/Users/micha/AppData/Local/Programs/MiKTeX/fonts/type1/urw/times/utmb8a.pfb
><C:/Users/micha/AppData/Local/Programs/MiKTeX/fonts/type1/urw/times/utmr8a.pfb
>
Output written on main_changed.pdf (8 pages, 323182 bytes).
PDF statistics:
 163 PDF objects out of 1000 (max. 8388607)
 0 named destinations out of 1000 (max. 500000)
 41 words of extra memory for PDF output out of 10000 (max. 10000000)

