This is pdfTeX, Version 3.141592653-2.6-1.40.25 (MiKTeX 23.9) (preloaded format=pdflatex 2023.9.22)  30 MAR 2024 17:18
entering extended mode
 restricted \write18 enabled.
 %&-line parsing enabled.
**./anonymous-submission-latex-2023_changed.tex
(anonymous-submission-latex-2023_changed.tex
LaTeX2e <2023-06-01> patch level 1
L3 programming layer <2023-08-29>
(C:\Users\micha\AppData\Local\Programs\MiKTeX\tex/latex/base\article.cls
Document Class: article 2023/05/17 v1.4n Standard LaTeX document class
(C:\Users\micha\AppData\Local\Programs\MiKTeX\tex/latex/base\size10.clo
File: size10.clo 2023/05/17 v1.4n Standard LaTeX file (size option)
)
\c@part=\count185
\c@section=\count186
\c@subsection=\count187
\c@subsubsection=\count188
\c@paragraph=\count189
\c@subparagraph=\count190
\c@figure=\count191
\c@table=\count192
\abovecaptionskip=\skip48
\belowcaptionskip=\skip49
\bibindent=\dimen140
)
(aaai23.sty
Package: aaai23 2023/06/27 AAAI 2023 Submission format

Conference Style for AAAI for LaTeX 2e -- version for submission
\titlebox=\skip50
) (C:\Users\micha\AppData\Local\Programs\MiKTeX\tex/latex/psnfss\times.sty
Package: times 2020/03/25 PSNFSS-v9.3 (SPQR) 
)
(C:\Users\micha\AppData\Local\Programs\MiKTeX\tex/latex/psnfss\helvet.sty
Package: helvet 2020/03/25 PSNFSS-v9.3 (WaS) 

(C:\Users\micha\AppData\Local\Programs\MiKTeX\tex/latex/graphics\keyval.sty
Package: keyval 2022/05/29 v1.15 key=value parser (DPC)
\KV@toks@=\toks17
))
(C:\Users\micha\AppData\Local\Programs\MiKTeX\tex/latex/psnfss\courier.sty
Package: courier 2020/03/25 PSNFSS-v9.3 (WaS) 
)
(C:\Users\micha\AppData\Local\Programs\MiKTeX\tex/latex/url\url.sty
\Urlmuskip=\muskip16
Package: url 2013/09/16  ver 3.4  Verb mode for urls, etc.
)
(C:\Users\micha\AppData\Local\Programs\MiKTeX\tex/latex/graphics\graphicx.sty
Package: graphicx 2021/09/16 v1.2d Enhanced LaTeX Graphics (DPC,SPQR)

(C:\Users\micha\AppData\Local\Programs\MiKTeX\tex/latex/graphics\graphics.sty
Package: graphics 2022/03/10 v1.4e Standard LaTeX Graphics (DPC,SPQR)

(C:\Users\micha\AppData\Local\Programs\MiKTeX\tex/latex/graphics\trig.sty
Package: trig 2021/08/11 v1.11 sin cos tan (DPC)
)
(C:\Users\micha\AppData\Local\Programs\MiKTeX\tex/latex/graphics-cfg\graphics.c
fg
File: graphics.cfg 2016/06/04 v1.11 sample graphics configuration
)
Package graphics Info: Driver file: pdftex.def on input line 107.

(C:\Users\micha\AppData\Local\Programs\MiKTeX\tex/latex/graphics-def\pdftex.def
File: pdftex.def 2022/09/22 v1.2b Graphics/color driver for pdftex
))
\Gin@req@height=\dimen141
\Gin@req@width=\dimen142
) (C:\Users\micha\AppData\Local\Programs\MiKTeX\tex/latex/natbib\natbib.sty
Package: natbib 2010/09/13 8.31b (PWD, AO)
\bibhang=\skip51
\bibsep=\skip52
LaTeX Info: Redefining \cite on input line 694.
\c@NAT@ctr=\count193
)
(C:\Users\micha\AppData\Local\Programs\MiKTeX\tex/latex/caption\caption.sty
Package: caption 2023/07/31 v3.6n Customizing captions (AR)

(C:\Users\micha\AppData\Local\Programs\MiKTeX\tex/latex/caption\caption3.sty
Package: caption3 2023/07/31 v2.4d caption3 kernel (AR)
\caption@tempdima=\dimen143
\captionmargin=\dimen144
\caption@leftmargin=\dimen145
\caption@rightmargin=\dimen146
\caption@width=\dimen147
\caption@indent=\dimen148
\caption@parindent=\dimen149
\caption@hangindent=\dimen150
Package caption Info: Standard document class detected.
)
\c@caption@flags=\count194
\c@continuedfloat=\count195
)
(C:\Users\micha\AppData\Local\Programs\MiKTeX\tex/latex/algorithms\algorithm.st
y
Package: algorithm 2009/08/24 v0.1 Document Style `algorithm' - floating enviro
nment
 (C:\Users\micha\AppData\Local\Programs\MiKTeX\tex/latex/float\float.sty
Package: float 2001/11/08 v1.3d Float enhancements (AL)
\c@float@type=\count196
\float@exts=\toks18
\float@box=\box51
\@float@everytoks=\toks19
\@floatcapt=\box52
)
(C:\Users\micha\AppData\Local\Programs\MiKTeX\tex/latex/base\ifthen.sty
Package: ifthen 2022/04/13 v1.1d Standard LaTeX ifthen package (DPC)
)
\@float@every@algorithm=\toks20
\c@algorithm=\count197
)
(C:\Users\micha\AppData\Local\Programs\MiKTeX\tex/latex/algorithms\algorithmic.
sty
Package: algorithmic 2009/08/24 v0.1 Document Style `algorithmic'
\c@ALC@unique=\count198
\c@ALC@line=\count199
\c@ALC@rem=\count266
\c@ALC@depth=\count267
\ALC@tlm=\skip53
\algorithmicindent=\skip54
)
(C:\Users\micha\AppData\Local\Programs\MiKTeX\tex/latex/newfloat\newfloat.sty
Package: newfloat 2023/10/01 v1.2 Defining new floating environments (AR)
)
(C:\Users\micha\AppData\Local\Programs\MiKTeX\tex/latex/listings\listings.sty
\lst@mode=\count268
\lst@gtempboxa=\box53
\lst@token=\toks21
\lst@length=\count269
\lst@currlwidth=\dimen151
\lst@column=\count270
\lst@pos=\count271
\lst@lostspace=\dimen152
\lst@width=\dimen153
\lst@newlines=\count272
\lst@lineno=\count273
\lst@maxwidth=\dimen154

(C:\Users\micha\AppData\Local\Programs\MiKTeX\tex/latex/listings\lstmisc.sty
File: lstmisc.sty 2023/02/27 1.9 (Carsten Heinz)
\c@lstnumber=\count274
\lst@skipnumbers=\count275
\lst@framebox=\box54
)
(C:\Users\micha\AppData\Local\Programs\MiKTeX\tex/latex/listings\listings.cfg
File: listings.cfg 2023/02/27 1.9 listings configuration
))
Package: listings 2023/02/27 1.9 (Carsten Heinz)
\@float@every@listing=\toks22
\c@listing=\count276
(C:\Users\micha\AppData\Local\Programs\MiKTeX\tex/latex/tools\bm.sty
Package: bm 2022/01/05 v1.2f Bold Symbol Support (DPC/FMi)
\symboldoperators=\mathgroup4
\symboldletters=\mathgroup5
\symboldsymbols=\mathgroup6
Package bm Info: No bold for \OMX/cmex/m/n, using \pmb.
LaTeX Font Info:    Redeclaring math alphabet \mathbf on input line 149.
)
(C:\Users\micha\AppData\Local\Programs\MiKTeX\tex/latex/amsmath\amsmath.sty
Package: amsmath 2023/05/13 v2.17o AMS math features
\@mathmargin=\skip55

For additional information on amsmath, use the `?' option.
(C:\Users\micha\AppData\Local\Programs\MiKTeX\tex/latex/amsmath\amstext.sty
Package: amstext 2021/08/26 v2.01 AMS text

(C:\Users\micha\AppData\Local\Programs\MiKTeX\tex/latex/amsmath\amsgen.sty
File: amsgen.sty 1999/11/30 v2.0 generic functions
\@emptytoks=\toks23
\ex@=\dimen155
))
(C:\Users\micha\AppData\Local\Programs\MiKTeX\tex/latex/amsmath\amsbsy.sty
Package: amsbsy 1999/11/29 v1.2d Bold Symbols
LaTeX Info: Redefining \boldsymbol on input line 28.
\pmbraise@=\dimen156
)
(C:\Users\micha\AppData\Local\Programs\MiKTeX\tex/latex/amsmath\amsopn.sty
Package: amsopn 2022/04/08 v2.04 operator names
)
\inf@bad=\count277
LaTeX Info: Redefining \frac on input line 234.
\uproot@=\count278
\leftroot@=\count279
LaTeX Info: Redefining \overline on input line 399.
LaTeX Info: Redefining \colon on input line 410.
\classnum@=\count280
\DOTSCASE@=\count281
LaTeX Info: Redefining \ldots on input line 496.
LaTeX Info: Redefining \dots on input line 499.
LaTeX Info: Redefining \cdots on input line 620.
\Mathstrutbox@=\box55
\strutbox@=\box56
LaTeX Info: Redefining \big on input line 722.
LaTeX Info: Redefining \Big on input line 723.
LaTeX Info: Redefining \bigg on input line 724.
LaTeX Info: Redefining \Bigg on input line 725.
\big@size=\dimen157
LaTeX Font Info:    Redeclaring font encoding OML on input line 743.
LaTeX Font Info:    Redeclaring font encoding OMS on input line 744.
\macc@depth=\count282
LaTeX Info: Redefining \bmod on input line 905.
LaTeX Info: Redefining \pmod on input line 910.
LaTeX Info: Redefining \smash on input line 940.
LaTeX Info: Redefining \relbar on input line 970.
LaTeX Info: Redefining \Relbar on input line 971.
\c@MaxMatrixCols=\count283
\dotsspace@=\muskip17
\c@parentequation=\count284
\dspbrk@lvl=\count285
\tag@help=\toks24
\row@=\count286
\column@=\count287
\maxfields@=\count288
\andhelp@=\toks25
\eqnshift@=\dimen158
\alignsep@=\dimen159
\tagshift@=\dimen160
\tagwidth@=\dimen161
\totwidth@=\dimen162
\lineht@=\dimen163
\@envbody=\toks26
\multlinegap=\skip56
\multlinetaggap=\skip57
\mathdisplay@stack=\toks27
LaTeX Info: Redefining \[ on input line 2953.
LaTeX Info: Redefining \] on input line 2954.
)
(C:\Users\micha\AppData\Local\Programs\MiKTeX\tex/latex/amsfonts\amssymb.sty
Package: amssymb 2013/01/14 v3.01 AMS font symbols

(C:\Users\micha\AppData\Local\Programs\MiKTeX\tex/latex/amsfonts\amsfonts.sty
Package: amsfonts 2013/01/14 v3.01 Basic AMSFonts support
\symAMSa=\mathgroup7
\symAMSb=\mathgroup8
LaTeX Font Info:    Redeclaring math symbol \hbar on input line 98.
LaTeX Font Info:    Overwriting math alphabet `\mathfrak' in version `bold'
(Font)                  U/euf/m/n --> U/euf/b/n on input line 106.
)) (C:\Users\micha\AppData\Local\Programs\MiKTeX\tex/latex/multirow\multirow.st
y
Package: multirow 2021/03/15 v2.8 Span multiple rows of a table
\multirow@colwidth=\skip58
\multirow@cntb=\count289
\multirow@dima=\skip59
\bigstrutjot=\dimen164
) (C:\Users\micha\AppData\Local\Programs\MiKTeX\tex/latex/booktabs\booktabs.sty
Package: booktabs 2020/01/12 v1.61803398 Publication quality tables
\heavyrulewidth=\dimen165
\lightrulewidth=\dimen166
\cmidrulewidth=\dimen167
\belowrulesep=\dimen168
\belowbottomsep=\dimen169
\aboverulesep=\dimen170
\abovetopsep=\dimen171
\cmidrulesep=\dimen172
\cmidrulekern=\dimen173
\defaultaddspace=\dimen174
\@cmidla=\count290
\@cmidlb=\count291
\@aboverulesep=\dimen175
\@belowrulesep=\dimen176
\@thisruleclass=\count292
\@lastruleclass=\count293
\@thisrulewidth=\dimen177
) (C:\Users\micha\AppData\Local\Programs\MiKTeX\tex/latex/amscls\amsthm.sty
Package: amsthm 2020/05/29 v2.20.6
\thm@style=\toks28
\thm@bodyfont=\toks29
\thm@headfont=\toks30
\thm@notefont=\toks31
\thm@headpunct=\toks32
\thm@preskip=\skip60
\thm@postskip=\skip61
\thm@headsep=\skip62
\dth@everypar=\toks33
)
(C:\Users\micha\AppData\Local\Programs\MiKTeX\tex/latex/subfig\subfig.sty
Package: subfig 2005/06/28 ver: 1.3 subfig package
\c@KVtest=\count294
\sf@farskip=\skip63
\sf@captopadj=\dimen178
\sf@capskip=\skip64
\sf@nearskip=\skip65
\c@subfigure=\count295
\c@subfigure@save=\count296
\c@lofdepth=\count297
\c@subtable=\count298
\c@subtable@save=\count299
\c@lotdepth=\count300
\sf@top=\skip66
\sf@bottom=\skip67
)
LaTeX Font Info:    Trying to load font information for OT1+ptm on input line 1
11.

(C:\Users\micha\AppData\Local\Programs\MiKTeX\tex/latex/psnfss\ot1ptm.fd
File: ot1ptm.fd 2001/06/04 font definitions for OT1/ptm.
)
(C:\Users\micha\AppData\Local\Programs\MiKTeX\tex/latex/l3backend\l3backend-pdf
tex.def
File: l3backend-pdftex.def 2023-04-19 L3 backend support: PDF output (pdfTeX)
\l__color_backend_stack_int=\count301
\l__pdf_internal_box=\box57
) (anonymous-submission-latex-2023_changed.aux)
\openout1 = `anonymous-submission-latex-2023_changed.aux'.

LaTeX Font Info:    Checking defaults for OML/cmm/m/it on input line 111.
LaTeX Font Info:    ... okay on input line 111.
LaTeX Font Info:    Checking defaults for OMS/cmsy/m/n on input line 111.
LaTeX Font Info:    ... okay on input line 111.
LaTeX Font Info:    Checking defaults for OT1/cmr/m/n on input line 111.
LaTeX Font Info:    ... okay on input line 111.
LaTeX Font Info:    Checking defaults for T1/cmr/m/n on input line 111.
LaTeX Font Info:    ... okay on input line 111.
LaTeX Font Info:    Checking defaults for TS1/cmr/m/n on input line 111.
LaTeX Font Info:    ... okay on input line 111.
LaTeX Font Info:    Checking defaults for OMX/cmex/m/n on input line 111.
LaTeX Font Info:    ... okay on input line 111.
LaTeX Font Info:    Checking defaults for U/cmr/m/n on input line 111.
LaTeX Font Info:    ... okay on input line 111.

(C:\Users\micha\AppData\Local\Programs\MiKTeX\tex/context/base/mkii\supp-pdf.mk
ii
[Loading MPS to PDF converter (version 2006.09.02).]
\scratchcounter=\count302
\scratchdimen=\dimen179
\scratchbox=\box58
\nofMPsegments=\count303
\nofMParguments=\count304
\everyMPshowfont=\toks34
\MPscratchCnt=\count305
\MPscratchDim=\dimen180
\MPnumerator=\count306
\makeMPintoPDFobject=\count307
\everyMPtoPDFconversion=\toks35
)
(C:\Users\micha\AppData\Local\Programs\MiKTeX\tex/latex/epstopdf-pkg\epstopdf-b
ase.sty
Package: epstopdf-base 2020-01-24 v2.11 Base part for package epstopdf
Package epstopdf-base Info: Redefining graphics rule for `.eps' on input line 4
85.

(C:\Users\micha\AppData\Local\Programs\MiKTeX\tex/latex/00miktex\epstopdf-sys.c
fg
File: epstopdf-sys.cfg 2021/03/18 v2.0 Configuration of epstopdf for MiKTeX
))
Package caption Info: Begin \AtBeginDocument code.
Package caption Info: subfig package v1.3 is loaded.
Package caption Info: float package is loaded.
Package caption Info: listings package is loaded.
Package caption Info: End \AtBeginDocument code.
Package newfloat Info: `float' package detected.
\c@lstlisting=\count308
\c@eqfn=\count309
\titlearea=\box59
LaTeX Font Info:    Trying to load font information for U+msa on input line 112
.
 (C:\Users\micha\AppData\Local\Programs\MiKTeX\tex/latex/amsfonts\umsa.fd
File: umsa.fd 2013/01/14 v3.01 AMS symbols A
)
LaTeX Font Info:    Trying to load font information for U+msb on input line 112
.

(C:\Users\micha\AppData\Local\Programs\MiKTeX\tex/latex/amsfonts\umsb.fd
File: umsb.fd 2013/01/14 v3.01 AMS symbols B
)
LaTeX Font Info:    Trying to load font information for OMS+ptm on input line 1
12.

(C:\Users\micha\AppData\Local\Programs\MiKTeX\tex/latex/psnfss\omsptm.fd
File: omsptm.fd 
)
LaTeX Font Info:    Font shape `OMS/ptm/m/n' in size <10> not available
(Font)              Font shape `OMS/cmsy/m/n' tried instead on input line 112.
\actualheight=\skip68
LaTeX Font Info:    Trying to load font information for TS1+ptm on input line 1
12.

(C:\Users\micha\AppData\Local\Programs\MiKTeX\tex/latex/psnfss\ts1ptm.fd
File: ts1ptm.fd 2001/06/04 font definitions for TS1/ptm.
)

Package natbib Warning: Citation `gu2017non' on page 1 undefined on input line 
118.


Package natbib Warning: Citation `kim-rush-2016-sequence' on page 1 undefined o
n input line 120.


Package natbib Warning: Citation `Zhou2020Understanding' on page 1 undefined on
 input line 120.


Package natbib Warning: Citation `gu2017trainable' on page 1 undefined on input
 line 120.


Package natbib Warning: Citation `Ma_2019' on page 1 undefined on input line 12
0.


Package natbib Warning: Citation `Shu2020LatentVariableNN' on page 1 undefined 
on input line 120.


Package natbib Warning: Citation `song-etal-2021-alignart' on page 1 undefined 
on input line 120.


Package natbib Warning: Citation `libovicky2018end' on page 1 undefined on inpu
t line 120.


Package natbib Warning: Citation `DBLP:conf/aaai/ShaoZFMZ20' on page 1 undefine
d on input line 120.


Package natbib Warning: Citation `Aligned' on page 1 undefined on input line 12
0.


Package natbib Warning: Citation `DBLP:conf/icml/DuTJ21' on page 1 undefined on
 input line 120.

<example.pdf, id=1, 614.295pt x 794.97pt>
File: example.pdf Graphic file (type pdf)
<use example.pdf>
Package pdftex.def Info: example.pdf  used on input line 124.
(pdftex.def)             Requested size: 239.39438pt x 309.80658pt.
[1{C:/Users/micha/AppData/Local/MiKTeX/fonts/map/pdftex/pdftex.map}{C:/Users/mi
cha/AppData/Local/Programs/MiKTeX/fonts/enc/dvips/base/8r.enc}



]

Package natbib Warning: Citation `bahdanau2014neural' on page 2 undefined on in
put line 141.


Package natbib Warning: Citation `gehring2017convolutional' on page 2 undefined
 on input line 141.


Package natbib Warning: Citation `vaswani2017attention' on page 2 undefined on 
input line 141.


Package natbib Warning: Citation `gu2017non' on page 2 undefined on input line 
148.


Package natbib Warning: Citation `ghazvininejad2019maskpredict' on page 2 undef
ined on input line 156.


Package natbib Warning: Citation `10.1145/1143844.1143891' on page 2 undefined 
on input line 163.


Package natbib Warning: Citation `libovicky2018end' on page 2 undefined on inpu
t line 163.


Package natbib Warning: Citation `saharia-etal-2020-non' on page 2 undefined on
 input line 163.

<model.png, id=10, 1542.2418pt x 633.3261pt>
File: model.png Graphic file (type png)
<use model.png>
Package pdftex.def Info: model.png  used on input line 174.
(pdftex.def)             Requested size: 478.78876pt x 196.60931pt.

Underfull \hbox (badness 1603) in paragraph at lines 183--184
[]\OT1/ptm/m/n/10 As Fig-ure 1[] il-lus-trates, we hope that the rephraser
 []


Underfull \hbox (badness 1005) in paragraph at lines 183--184
\OT1/ptm/m/n/10 sen-tence and NAT out-put. There-fore, we use the non-
 []

[2 <C:/Users/micha/AppData/Local/Programs/MiKTeX/tex/latex/alertmessage/example
.pdf>]

Package natbib Warning: Citation `papineni2002bleu' on page 3 undefined on inpu
t line 212.


Package natbib Warning: Citation `banerjee-lavie-2005-meteor' on page 3 undefin
ed on input line 212.


Package natbib Warning: Citation `zhang2019bertscore' on page 3 undefined on in
put line 212.


Package natbib Warning: Citation `williams1992simple' on page 3 undefined on in
put line 218.


Package natbib Warning: Citation `10.5555/647235.720252' on page 3 undefined on
 input line 226.

[3 <./model.png>]
Underfull \hbox (badness 2486) in paragraph at lines 245--246
\OT1/ptm/m/n/10 Currently, we have dis-cussed how to in-cor-po-rate the
 []


Package natbib Warning: Citation `gu2017non' on page 4 undefined on input line 
270.


Package natbib Warning: Citation `DBLP:conf/aaai/ShaoZFMZ20' on page 4 undefine
d on input line 271.


Package natbib Warning: Citation `pmlr-v119-sun20c' on page 4 undefined on inpu
t line 272.


Package natbib Warning: Citation `qian-etal-2021-glancing' on page 4 undefined 
on input line 273.


Package natbib Warning: Citation `ghazvininejad2019maskpredict' on page 4 undef
ined on input line 278.


Package natbib Warning: Citation `huang2022non' on page 4 undefined on input li
ne 279.


Package natbib Warning: Citation `Aligned' on page 4 undefined on input line 28
0.


Package natbib Warning: Citation `DBLP:conf/icml/DuTJ21' on page 4 undefined on
 input line 281.


Package natbib Warning: Citation `libovicky2018end' on page 4 undefined on inpu
t line 286.


Package natbib Warning: Citation `saharia-etal-2020-non' on page 4 undefined on
 input line 287.


Package natbib Warning: Citation `zheng2021duplex' on page 4 undefined on input
 line 288.


Package natbib Warning: Citation `gu2020fully' on page 4 undefined on input lin
e 289.


Package natbib Warning: Citation `nmla' on page 4 undefined on input line 290.


Package natbib Warning: Citation `shao-etal-2022-one' on page 4 undefined on in
put line 291.


Package natbib Warning: Citation `Aligned' on page 4 undefined on input line 31
0.


Package natbib Warning: Citation `DBLP:conf/icml/DuTJ21' on page 4 undefined on
 input line 311.


LaTeX Warning: `h' float specifier changed to `ht'.


Package natbib Warning: Citation `sennrich2015neural' on page 4 undefined on in
put line 319.


Package natbib Warning: Citation `papineni2002bleu' on page 4 undefined on inpu
t line 319.


Underfull \hbox (badness 10000) in paragraph at lines 319--320
\OT1/ptm/b/n/10 Data \OT1/ptm/m/n/10 We con-ducted ex-per-i-ments on ma-jor ben
ch-
 []


Underfull \hbox (badness 5077) in paragraph at lines 319--320
\OT1/ptm/m/n/10 mark-ing datasets in pre-vi-ous NAT stud-ies: WMT14
 []


Underfull \hbox (badness 2698) in paragraph at lines 319--320
\OT1/ptm/m/n/10 English$\OMS/cmsy/m/n/10 $$\OT1/ptm/m/n/10 German (En$\OMS/cmsy
/m/n/10 $$\OT1/ptm/m/n/10 De, 4.5M sen-tence pairs) and
 []


Underfull \hbox (badness 3098) in paragraph at lines 319--320
\OT1/ptm/m/n/10 WMT16 English$\OMS/cmsy/m/n/10 $$\OT1/ptm/m/n/10 Romanian (En$\
OMS/cmsy/m/n/10 $$\OT1/ptm/m/n/10 Ro, 0.6M sen-tence
 []


Package natbib Warning: Citation `kim-rush-2016-sequence' on page 4 undefined o
n input line 322.


Package natbib Warning: Citation `vaswani2017attention' on page 4 undefined on 
input line 322.


Package natbib Warning: Citation `gu2017non' on page 4 undefined on input line 
325.


Package natbib Warning: Citation `ghazvininejad2019maskpredict' on page 4 undef
ined on input line 325.


Package natbib Warning: Citation `libovicky2018end' on page 4 undefined on inpu
t line 325.


Package natbib Warning: Citation `gu2017non' on page 4 undefined on input line 
325.


Package natbib Warning: Citation `nmla' on page 4 undefined on input line 325.


Package natbib Warning: Citation `DBLP:journals/corr/KingmaB14' on page 4 undef
ined on input line 328.


Package natbib Warning: Citation `ghazvininejad2019maskpredict' on page 4 undef
ined on input line 328.


Package natbib Warning: Citation `Aligned' on page 4 undefined on input line 32
8.


Package natbib Warning: Citation `DBLP:conf/icml/DuTJ21' on page 4 undefined on
 input line 328.


Package natbib Warning: Citation `ott2019fairseq' on page 4 undefined on input 
line 328.

[4]
<ende.pdf, id=43, 384.35912pt x 320.92812pt>
File: ende.pdf Graphic file (type pdf)
<use ende.pdf>
Package pdftex.def Info: ende.pdf  used on input line 334.
(pdftex.def)             Requested size: 113.90692pt x 95.1091pt.
<deen.pdf, id=44, 383.79251pt x 317.18317pt>
File: deen.pdf Graphic file (type pdf)
<use deen.pdf>
Package pdftex.def Info: deen.pdf  used on input line 337.
(pdftex.def)             Requested size: 115.08008pt x 95.1091pt.

Underfull \vbox (badness 10000) has occurred while \output is active []

 [5]

Package natbib Warning: Citation `banerjee-lavie-2005-meteor' on page 6 undefin
ed on input line 395.


Package natbib Warning: Citation `zhang2019bertscore' on page 6 undefined on in
put line 395.

[6 <./ende.pdf> <./deen.pdf>]

LaTeX Warning: `h' float specifier changed to `ht'.


Package natbib Warning: Citation `gu2017non' on page 7 undefined on input line 
490.


Package natbib Warning: Citation `kaiser2018fast' on page 7 undefined on input 
line 492.


Package natbib Warning: Citation `Ma_2019' on page 7 undefined on input line 49
2.


Package natbib Warning: Citation `Shu2020LatentVariableNN' on page 7 undefined 
on input line 492.


Package natbib Warning: Citation `bao-etal-2021-non' on page 7 undefined on inp
ut line 492.


Package natbib Warning: Citation `gu2017non' on page 7 undefined on input line 
492.


Package natbib Warning: Citation `ran2019guiding' on page 7 undefined on input 
line 492.


Package natbib Warning: Citation `bao2019nonautoregressive' on page 7 undefined
 on input line 492.


Package natbib Warning: Citation `song-etal-2021-alignart' on page 7 undefined 
on input line 492.


Package natbib Warning: Citation `akoury-etal-2019-syntactically' on page 7 und
efined on input line 492.


Package natbib Warning: Citation `liu-etal-2021-enriching' on page 7 undefined 
on input line 492.


Package natbib Warning: Citation `wang2019non' on page 7 undefined on input lin
e 494.


Package natbib Warning: Citation `tu-etal-2020-engine' on page 7 undefined on i
nput line 494.


Package natbib Warning: Citation `shao-etal-2019-retrieving' on page 7 undefine
d on input line 494.


Package natbib Warning: Citation `DBLP:conf/aaai/ShaoZFMZ20' on page 7 undefine
d on input line 494.


Package natbib Warning: Citation `DBLP:journals/corr/abs-2106-08122' on page 7 
undefined on input line 494.


Package natbib Warning: Citation `Aligned' on page 7 undefined on input line 49
4.


Package natbib Warning: Citation `DBLP:conf/icml/DuTJ21' on page 7 undefined on
 input line 494.


Package natbib Warning: Citation `10.1145/1143844.1143891' on page 7 undefined 
on input line 494.


Package natbib Warning: Citation `libovicky2018end' on page 7 undefined on inpu
t line 494.


Package natbib Warning: Citation `saharia-etal-2020-non' on page 7 undefined on
 input line 494.


Package natbib Warning: Citation `gu2020fully' on page 7 undefined on input lin
e 494.


Package natbib Warning: Citation `nmla' on page 7 undefined on input line 494.


Package natbib Warning: Citation `huang2022directed' on page 7 undefined on inp
ut line 494.


Package natbib Warning: Citation `shao2022viterbi' on page 7 undefined on input
 line 494.


Package natbib Warning: Citation `shao-etal-2022-one' on page 7 undefined on in
put line 496.


Package natbib Warning: Citation `williams1992simple' on page 7 undefined on in
put line 498.


Package natbib Warning: Citation `ranzato2015sequence' on page 7 undefined on i
nput line 498.


Package natbib Warning: Citation `bahdanau2016actor' on page 7 undefined on inp
ut line 498.


Package natbib Warning: Citation `wu-etal-2018-study' on page 7 undefined on in
put line 498.


Package natbib Warning: Citation `DBLP:journals/corr/abs-2106-08122' on page 7 
undefined on input line 498.


Package natbib Warning: Citation `sekizawa-etal-2017-improving' on page 7 undef
ined on input line 498.


Package natbib Warning: Citation `zhou-etal-2019-paraphrases' on page 7 undefin
ed on input line 498.


Package natbib Warning: Citation `freitag-etal-2020-human' on page 7 undefined 
on input line 498.

No file anonymous-submission-latex-2023_changed.bbl.
[7]

Package natbib Warning: There were undefined citations.

[8

] (anonymous-submission-latex-2023_changed.aux)
 ***********
LaTeX2e <2023-06-01> patch level 1
L3 programming layer <2023-08-29>
 ***********
 ) 
Here is how much of TeX's memory you used:
 6935 strings out of 475247
 110504 string characters out of 5757792
 1952801 words of memory out of 5000000
 28343 multiletter control sequences out of 15000+600000
 593126 words of font info for 118 fonts, out of 8000000 for 9000
 1141 hyphenation exceptions out of 8191
 57i,10n,65p,1113b,376s stack positions out of 10000i,1000n,20000p,200000b,200000s
<C:/Users/micha/AppData/Local/Programs/MiKTeX/fonts/type1/public/amsfonts/cm/
cmex10.pfb><C:/Users/micha/AppData/Local/Programs/MiKTeX/fonts/type1/public/ams
fonts/cm/cmmi10.pfb><C:/Users/micha/AppData/Local/Programs/MiKTeX/fonts/type1/p
ublic/amsfonts/cm/cmmi5.pfb><C:/Users/micha/AppData/Local/Programs/MiKTeX/fonts
/type1/public/amsfonts/cm/cmmi6.pfb><C:/Users/micha/AppData/Local/Programs/MiKT
eX/fonts/type1/public/amsfonts/cm/cmmi7.pfb><C:/Users/micha/AppData/Local/Progr
ams/MiKTeX/fonts/type1/public/amsfonts/cm/cmmi9.pfb><C:/Users/micha/AppData/Loc
al/Programs/MiKTeX/fonts/type1/public/amsfonts/cm/cmr10.pfb><C:/Users/micha/App
Data/Local/Programs/MiKTeX/fonts/type1/public/amsfonts/cm/cmr7.pfb><C:/Users/mi
cha/AppData/Local/Programs/MiKTeX/fonts/type1/public/amsfonts/cm/cmr9.pfb><C:/U
sers/micha/AppData/Local/Programs/MiKTeX/fonts/type1/public/amsfonts/cm/cmsy10.
pfb><C:/Users/micha/AppData/Local/Programs/MiKTeX/fonts/type1/public/amsfonts/c
m/cmsy7.pfb><C:/Users/micha/AppData/Local/Programs/MiKTeX/fonts/type1/public/am
sfonts/cm/cmsy9.pfb><C:/Users/micha/AppData/Local/Programs/MiKTeX/fonts/type1/p
ublic/amsfonts/symbols/msam10.pfb><C:/Users/micha/AppData/Local/Programs/MiKTeX
/fonts/type1/public/amsfonts/symbols/msbm10.pfb><C:/Users/micha/AppData/Local/P
rograms/MiKTeX/fonts/type1/urw/times/utmb8a.pfb><C:/Users/micha/AppData/Local/P
rograms/MiKTeX/fonts/type1/urw/times/utmr8a.pfb><C:/Users/micha/AppData/Local/P
rograms/MiKTeX/fonts/type1/urw/times/utmri8a.pfb>
Output written on anonymous-submission-latex-2023_changed.pdf (8 pages, 926325 
bytes).
PDF statistics:
 155 PDF objects out of 1000 (max. 8388607)
 0 named destinations out of 1000 (max. 500000)
 21 words of extra memory for PDF output out of 10000 (max. 10000000)

