This is pdfTeX, Version 3.141592653-2.6-1.40.25 (MiKTeX 23.9) (preloaded format=pdflatex 2023.9.22)  30 MAR 2024 17:54
entering extended mode
 restricted \write18 enabled.
 %&-line parsing enabled.
**./AAAI-ZhanJ.5388_changed.tex
(AAAI-ZhanJ.5388_changed.tex
LaTeX2e <2023-06-01> patch level 1
L3 programming layer <2023-08-29>
(C:\Users\micha\AppData\Local\Programs\MiKTeX\tex/latex/base\article.cls
Document Class: article 2023/05/17 v1.4n Standard LaTeX document class
(C:\Users\micha\AppData\Local\Programs\MiKTeX\tex/latex/base\size10.clo
File: size10.clo 2023/05/17 v1.4n Standard LaTeX file (size option)
)
\c@part=\count185
\c@section=\count186
\c@subsection=\count187
\c@subsubsection=\count188
\c@paragraph=\count189
\c@subparagraph=\count190
\c@figure=\count191
\c@table=\count192
\abovecaptionskip=\skip48
\belowcaptionskip=\skip49
\bibindent=\dimen140
)
(aaai20.sty
Conference Style for AAAI for LaTeX 2e -- version for the AAAI-20 conference
\titlebox=\skip50
) (C:\Users\micha\AppData\Local\Programs\MiKTeX\tex/latex/psnfss\times.sty
Package: times 2020/03/25 PSNFSS-v9.3 (SPQR) 
)
(C:\Users\micha\AppData\Local\Programs\MiKTeX\tex/latex/psnfss\helvet.sty
Package: helvet 2020/03/25 PSNFSS-v9.3 (WaS) 

(C:\Users\micha\AppData\Local\Programs\MiKTeX\tex/latex/graphics\keyval.sty
Package: keyval 2022/05/29 v1.15 key=value parser (DPC)
\KV@toks@=\toks17
))
(C:\Users\micha\AppData\Local\Programs\MiKTeX\tex/latex/psnfss\courier.sty
Package: courier 2020/03/25 PSNFSS-v9.3 (WaS) 
)
(C:\Users\micha\AppData\Local\Programs\MiKTeX\tex/latex/url\url.sty
\Urlmuskip=\muskip16
Package: url 2013/09/16  ver 3.4  Verb mode for urls, etc.
)
(C:\Users\micha\AppData\Local\Programs\MiKTeX\tex/latex/graphics\graphicx.sty
Package: graphicx 2021/09/16 v1.2d Enhanced LaTeX Graphics (DPC,SPQR)

(C:\Users\micha\AppData\Local\Programs\MiKTeX\tex/latex/graphics\graphics.sty
Package: graphics 2022/03/10 v1.4e Standard LaTeX Graphics (DPC,SPQR)

(C:\Users\micha\AppData\Local\Programs\MiKTeX\tex/latex/graphics\trig.sty
Package: trig 2021/08/11 v1.11 sin cos tan (DPC)
)
(C:\Users\micha\AppData\Local\Programs\MiKTeX\tex/latex/graphics-cfg\graphics.c
fg
File: graphics.cfg 2016/06/04 v1.11 sample graphics configuration
)
Package graphics Info: Driver file: pdftex.def on input line 107.

(C:\Users\micha\AppData\Local\Programs\MiKTeX\tex/latex/graphics-def\pdftex.def
File: pdftex.def 2022/09/22 v1.2b Graphics/color driver for pdftex
))
\Gin@req@height=\dimen141
\Gin@req@width=\dimen142
)
(C:\Users\micha\AppData\Local\Programs\MiKTeX\tex/latex/multirow\multirow.sty
Package: multirow 2021/03/15 v2.8 Span multiple rows of a table
\multirow@colwidth=\skip51
\multirow@cntb=\count193
\multirow@dima=\skip52
\bigstrutjot=\dimen143
)
(C:\Users\micha\AppData\Local\Programs\MiKTeX\tex/latex/amsmath\amsmath.sty
Package: amsmath 2023/05/13 v2.17o AMS math features
\@mathmargin=\skip53

For additional information on amsmath, use the `?' option.
(C:\Users\micha\AppData\Local\Programs\MiKTeX\tex/latex/amsmath\amstext.sty
Package: amstext 2021/08/26 v2.01 AMS text

(C:\Users\micha\AppData\Local\Programs\MiKTeX\tex/latex/amsmath\amsgen.sty
File: amsgen.sty 1999/11/30 v2.0 generic functions
\@emptytoks=\toks18
\ex@=\dimen144
))
(C:\Users\micha\AppData\Local\Programs\MiKTeX\tex/latex/amsmath\amsbsy.sty
Package: amsbsy 1999/11/29 v1.2d Bold Symbols
\pmbraise@=\dimen145
)
(C:\Users\micha\AppData\Local\Programs\MiKTeX\tex/latex/amsmath\amsopn.sty
Package: amsopn 2022/04/08 v2.04 operator names
)
\inf@bad=\count194
LaTeX Info: Redefining \frac on input line 234.
\uproot@=\count195
\leftroot@=\count196
LaTeX Info: Redefining \overline on input line 399.
LaTeX Info: Redefining \colon on input line 410.
\classnum@=\count197
\DOTSCASE@=\count198
LaTeX Info: Redefining \ldots on input line 496.
LaTeX Info: Redefining \dots on input line 499.
LaTeX Info: Redefining \cdots on input line 620.
\Mathstrutbox@=\box51
\strutbox@=\box52
LaTeX Info: Redefining \big on input line 722.
LaTeX Info: Redefining \Big on input line 723.
LaTeX Info: Redefining \bigg on input line 724.
LaTeX Info: Redefining \Bigg on input line 725.
\big@size=\dimen146
LaTeX Font Info:    Redeclaring font encoding OML on input line 743.
LaTeX Font Info:    Redeclaring font encoding OMS on input line 744.
\macc@depth=\count199
LaTeX Info: Redefining \bmod on input line 905.
LaTeX Info: Redefining \pmod on input line 910.
LaTeX Info: Redefining \smash on input line 940.
LaTeX Info: Redefining \relbar on input line 970.
LaTeX Info: Redefining \Relbar on input line 971.
\c@MaxMatrixCols=\count266
\dotsspace@=\muskip17
\c@parentequation=\count267
\dspbrk@lvl=\count268
\tag@help=\toks19
\row@=\count269
\column@=\count270
\maxfields@=\count271
\andhelp@=\toks20
\eqnshift@=\dimen147
\alignsep@=\dimen148
\tagshift@=\dimen149
\tagwidth@=\dimen150
\totwidth@=\dimen151
\lineht@=\dimen152
\@envbody=\toks21
\multlinegap=\skip54
\multlinetaggap=\skip55
\mathdisplay@stack=\toks22
LaTeX Info: Redefining \[ on input line 2953.
LaTeX Info: Redefining \] on input line 2954.
)
(C:\Users\micha\AppData\Local\Programs\MiKTeX\tex/latex/subfig\subfig.sty
Package: subfig 2005/06/28 ver: 1.3 subfig package

(C:\Users\micha\AppData\Local\Programs\MiKTeX\tex/latex/caption\caption.sty
Package: caption 2023/07/31 v3.6n Customizing captions (AR)

(C:\Users\micha\AppData\Local\Programs\MiKTeX\tex/latex/caption\caption3.sty
Package: caption3 2023/07/31 v2.4d caption3 kernel (AR)
\caption@tempdima=\dimen153
\captionmargin=\dimen154
\caption@leftmargin=\dimen155
\caption@rightmargin=\dimen156
\caption@width=\dimen157
\caption@indent=\dimen158
\caption@parindent=\dimen159
\caption@hangindent=\dimen160
Package caption Info: Standard document class detected.
)
\c@caption@flags=\count272
\c@continuedfloat=\count273
)
\c@KVtest=\count274
\sf@farskip=\skip56
\sf@captopadj=\dimen161
\sf@capskip=\skip57
\sf@nearskip=\skip58
\c@subfigure=\count275
\c@subfigure@save=\count276
\c@lofdepth=\count277
\c@subtable=\count278
\c@subtable@save=\count279
\c@lotdepth=\count280
\sf@top=\skip59
\sf@bottom=\skip60
)
LaTeX Font Info:    Trying to load font information for OT1+ptm on input line 9
8.
(C:\Users\micha\AppData\Local\Programs\MiKTeX\tex/latex/psnfss\ot1ptm.fd
File: ot1ptm.fd 2001/06/04 font definitions for OT1/ptm.
)
(C:\Users\micha\AppData\Local\Programs\MiKTeX\tex/latex/l3backend\l3backend-pdf
tex.def
File: l3backend-pdftex.def 2023-04-19 L3 backend support: PDF output (pdfTeX)
\l__color_backend_stack_int=\count281
\l__pdf_internal_box=\box53
) (AAAI-ZhanJ.5388_changed.aux)
\openout1 = `AAAI-ZhanJ.5388_changed.aux'.

LaTeX Font Info:    Checking defaults for OML/cmm/m/it on input line 98.
LaTeX Font Info:    ... okay on input line 98.
LaTeX Font Info:    Checking defaults for OMS/cmsy/m/n on input line 98.
LaTeX Font Info:    ... okay on input line 98.
LaTeX Font Info:    Checking defaults for OT1/cmr/m/n on input line 98.
LaTeX Font Info:    ... okay on input line 98.
LaTeX Font Info:    Checking defaults for T1/cmr/m/n on input line 98.
LaTeX Font Info:    ... okay on input line 98.
LaTeX Font Info:    Checking defaults for TS1/cmr/m/n on input line 98.
LaTeX Font Info:    ... okay on input line 98.
LaTeX Font Info:    Checking defaults for OMX/cmex/m/n on input line 98.
LaTeX Font Info:    ... okay on input line 98.
LaTeX Font Info:    Checking defaults for U/cmr/m/n on input line 98.
LaTeX Font Info:    ... okay on input line 98.

(C:\Users\micha\AppData\Local\Programs\MiKTeX\tex/context/base/mkii\supp-pdf.mk
ii
[Loading MPS to PDF converter (version 2006.09.02).]
\scratchcounter=\count282
\scratchdimen=\dimen162
\scratchbox=\box54
\nofMPsegments=\count283
\nofMParguments=\count284
\everyMPshowfont=\toks23
\MPscratchCnt=\count285
\MPscratchDim=\dimen163
\MPnumerator=\count286
\makeMPintoPDFobject=\count287
\everyMPtoPDFconversion=\toks24
)
(C:\Users\micha\AppData\Local\Programs\MiKTeX\tex/latex/epstopdf-pkg\epstopdf-b
ase.sty
Package: epstopdf-base 2020-01-24 v2.11 Base part for package epstopdf
Package epstopdf-base Info: Redefining graphics rule for `.eps' on input line 4
85.

(C:\Users\micha\AppData\Local\Programs\MiKTeX\tex/latex/00miktex\epstopdf-sys.c
fg
File: epstopdf-sys.cfg 2021/03/18 v2.0 Configuration of epstopdf for MiKTeX
))
Package caption Info: Begin \AtBeginDocument code.
Package caption Info: subfig package v1.3 is loaded.
Package caption Info: End \AtBeginDocument code.
LaTeX Font Info:    Trying to load font information for TS1+ptm on input line 1
00.
 (C:\Users\micha\AppData\Local\Programs\MiKTeX\tex/latex/psnfss\ts1ptm.fd
File: ts1ptm.fd 2001/06/04 font definitions for TS1/ptm.
)

LaTeX Warning: Citation `Fader2014OpenQA' on page 1 undefined on input line 107
.


LaTeX Warning: Citation `Stanovsky2018SupervisedOI' on page 1 undefined on inpu
t line 109.


LaTeX Warning: Citation `He2015QuestionAnswerDS' on page 1 undefined on input l
ine 109.


LaTeX Warning: Citation `Michael2018CrowdsourcingQM' on page 1 undefined on inp
ut line 109.


LaTeX Warning: Citation `Cui2018NeuralOI' on page 1 undefined on input line 109
.


LaTeX Warning: Citation `Yates2007TextRunnerOI' on page 1 undefined on input li
ne 135.


LaTeX Warning: Citation `Fader2011IdentifyingRF' on page 1 undefined on input l
ine 139.


LaTeX Warning: Citation `Mausam2012OpenLL' on page 1 undefined on input line 14
2.


LaTeX Warning: Citation `Corro2013ClausIECO' on page 1 undefined on input line 
145.


LaTeX Warning: Citation `Angeli2015LeveragingLS' on page 1 undefined on input l
ine 147.


LaTeX Warning: Citation `Mausam2016OpenIE' on page 1 undefined on input line 15
0.


LaTeX Warning: Citation `Pal2016DemonymsAC' on page 1 undefined on input line 1
50.


LaTeX Warning: Citation `Christensen2011AnAO' on page 1 undefined on input line
 151.


LaTeX Warning: Citation `Saha2018OpenIE' on page 1 undefined on input line 154.



LaTeX Warning: Citation `Saha2017BootstrappingFN' on page 1 undefined on input 
line 155.


LaTeX Warning: Citation `Stanovsky2016GettingMO' on page 1 undefined on input l
ine 158.


LaTeX Warning: Citation `Gashteovski2017MinIEMF' on page 1 undefined on input l
ine 162.


LaTeX Warning: Citation `Cetto2018GrapheneAC' on page 1 undefined on input line
 165.


LaTeX Warning: Citation `Stanovsky2018SupervisedOI' on page 1 undefined on inpu
t line 169.


LaTeX Warning: Citation `Cui2018NeuralOI' on page 1 undefined on input line 172
.


LaTeX Warning: Citation `Ouchi2018ASS' on page 1 undefined on input line 181.


LaTeX Warning: Citation `he-etal-2018-syntax' on page 1 undefined on input line
 181.


LaTeX Warning: Citation `Li2019DependencyOS' on page 1 undefined on input line 
181.


LaTeX Warning: Citation `Zhao2013IntegrativeSD' on page 1 undefined on input li
ne 181.


LaTeX Warning: Citation `zhao-etal-2009-semantic' on page 1 undefined on input 
line 181.


LaTeX Warning: Citation `li-etal-2018-unified' on page 1 undefined on input lin
e 181.


LaTeX Warning: Citation `cai2018full' on page 1 undefined on input line 181.


LaTeX Warning: Citation `shou-zhao-2012-system' on page 1 undefined on input li
ne 181.


LaTeX Warning: Citation `zhang-etal-2012-chinese' on page 1 undefined on input 
line 181.


LaTeX Warning: Citation `zhang-etal-2016-probabilistic' on page 1 undefined on 
input line 181.


LaTeX Warning: Citation `ma-zhao-2012-fourth' on page 1 undefined on input line
 181.


LaTeX Warning: Citation `Li2020GlobalGreedy' on page 1 undefined on input line 
181.


LaTeX Warning: Citation `zhou-zhao-2019-head' on page 1 undefined on input line
 181.


LaTeX Warning: Citation `zhao-etal-2009-cross' on page 1 undefined on input lin
e 181.


LaTeX Warning: Citation `li-etal-2018-seq2seq' on page 1 undefined on input lin
e 181.


LaTeX Warning: Citation `Cui2018NeuralOI' on page 1 undefined on input line 183
.


LaTeX Warning: Citation `Cui2018NeuralOI' on page 1 undefined on input line 183
.


LaTeX Warning: Citation `Stanovsky2016CreatingAL' on page 1 undefined on input 
line 185.

[1{C:/Users/micha/AppData/Local/MiKTeX/fonts/map/pdftex/pdftex.map}{C:/Users/mi
cha/AppData/Local/Programs/MiKTeX/fonts/enc/dvips/base/8r.enc}



]

LaTeX Warning: Citation `Stanovsky2018SupervisedOI' on page 2 undefined on inpu
t line 191.

<model.pdf, id=10, 819.06pt x 315.1775pt>
File: model.pdf Graphic file (type pdf)
<use model.pdf>
Package pdftex.def Info: model.pdf  used on input line 221.
(pdftex.def)             Requested size: 409.52899pt x 157.58836pt.
[2]
Underfull \hbox (badness 1472) in paragraph at lines 236--238
\OT1/ptm/m/n/10 where $\OMS/cmsy/m/n/10 ^^H$ \OT1/ptm/m/n/10 de-notes con-cate-
na-tion, $\OML/cmm/m/it/10 emb\OT1/cmr/m/n/10 (\OML/cmm/m/it/10 w[]\OT1/cmr/m/n
/10 )$ \OT1/ptm/m/n/10 is the word
 []


Underfull \hbox (badness 1609) in paragraph at lines 236--238
\OT1/ptm/m/n/10 em-bed-ding, $\OML/cmm/m/it/10 emb\OT1/cmr/m/n/10 (\OML/cmm/m/i
t/10 pos\OT1/cmr/m/n/10 (\OML/cmm/m/it/10 w[]\OT1/cmr/m/n/10 ))$ \OT1/ptm/m/n/1
0 is the POS tag em-bed-ding,
 []


Underfull \hbox (badness 3803) in paragraph at lines 236--238
\OT1/ptm/m/n/10 in-di-cates whether $\OML/cmm/m/it/10 w[]$ \OT1/ptm/m/n/10 be-l
ongs to pred-i-cate span and
 []


LaTeX Warning: Citation `He2018JointlyPP' on page 3 undefined on input line 255
.


LaTeX Warning: Citation `Ouchi2018ASS' on page 3 undefined on input line 255.


LaTeX Warning: Citation `Ouchi2018ASS' on page 3 undefined on input line 258.


LaTeX Warning: Citation `Cui2018NeuralOI' on page 3 undefined on input line 274
.


Underfull \vbox (badness 3058) has occurred while \output is active []

 [3 <./model.pdf>]

LaTeX Warning: Citation `Cui2018NeuralOI' on page 4 undefined on input line 276
.


LaTeX Warning: Citation `Cui2018NeuralOI' on page 4 undefined on input line 276
.


LaTeX Warning: Citation `Stanovsky2016CreatingAL' on page 4 undefined on input 
line 286.


LaTeX Warning: Citation `Stanovsky2018SupervisedOI' on page 4 undefined on inpu
t line 286.


LaTeX Warning: Citation `He2015QuestionAnswerDS' on page 4 undefined on input l
ine 286.


Underfull \vbox (badness 1242) has occurred while \output is active []

<pr_old.pdf, id=235, 314.85754pt x 265.24722pt>
File: pr_old.pdf Graphic file (type pdf)
<use pr_old.pdf>
Package pdftex.def Info: pr_old.pdf  used on input line 306.
(pdftex.def)             Requested size: 173.17218pt x 145.88641pt.
<pr_new.pdf, id=236, 314.85754pt x 265.24722pt>
File: pr_new.pdf Graphic file (type pdf)
<use pr_new.pdf>
Package pdftex.def Info: pr_new.pdf  used on input line 315.
(pdftex.def)             Requested size: 173.17218pt x 145.88641pt.


LaTeX Warning: `h' float specifier changed to `ht'.

[4]

LaTeX Warning: Citation `Angeli2015LeveragingLS' on page 5 undefined on input l
ine 383.


LaTeX Warning: Citation `Mausam2012OpenLL' on page 5 undefined on input line 38
4.


LaTeX Warning: Citation `Stanovsky2016GettingMO' on page 5 undefined on input l
ine 385.


LaTeX Warning: Citation `Corro2013ClausIECO' on page 5 undefined on input line 
386.


LaTeX Warning: Citation `Mausam2016OpenIE' on page 5 undefined on input line 38
7.


LaTeX Warning: Citation `Cui2018NeuralOI' on page 5 undefined on input line 390
.

! Argument of \caption@@@withoptargs has an extra }.
<inserted text> 
                \par 
l.396 ...e rest settings are the same as SpanOIE.}
                                                  
I've run across a `}' that doesn't seem to match anything.
For example, `\def\a#1{...}' and `\a}' would produce
this error. If you simply proceed now, the `\par' that
I've just inserted will cause me to report a runaway
argument that might be the root of the problem. But if
your `}' was spurious, just type `2' and it will go away.

Runaway argument?
{\caption@@xlabel }{\def \reserved@a *{\def \caption@tempa {*}\caption@@withopt
args \ETC.
! Paragraph ended before \caption@@@withoptargs was complete.
<to be read again> 
                   \par 
l.396 ...e rest settings are the same as SpanOIE.}
                                                  
I suspect you've forgotten a `}', causing me to apply this
control sequence to too much text. How can we recover?
My plan is to forget the whole thing and hope for the best.


LaTeX Warning: Citation `Cui2018NeuralOI' on page 5 undefined on input line 400
.


LaTeX Warning: Citation `Cui2018NeuralOI' on page 5 undefined on input line 409
.


Underfull \vbox (badness 4132) has occurred while \output is active []

 [5 <./pr_old.pdf> <./pr_new.pdf

pdfTeX warning: pdflatex (file ./pr_new.pdf): PDF inclusion: multiple pdfs with
 page group included in a single page
>]
Underfull \vbox (badness 1014) has occurred while \output is active []

<span_dp.png, id=336, 144.54pt x 120.45pt>
File: span_dp.png Graphic file (type png)
<use span_dp.png>
Package pdftex.def Info: span_dp.png  used on input line 429.
(pdftex.def)             Requested size: 72.2698pt x 60.22484pt.
 [6]
Underfull \hbox (badness 1005) in paragraph at lines 450--450
\OT1/ptm/m/n/10 sim-ilique re-pu-dian-dae no-bis harum as-per-natur quis do-
 []


Underfull \vbox (badness 10000) has occurred while \output is active []

 [7 <./span_dp.png>] [8

]
No file AAAI-ZhanJ.5388_changed.bbl.
(AAAI-ZhanJ.5388_changed.aux)
 ***********
LaTeX2e <2023-06-01> patch level 1
L3 programming layer <2023-08-29>
 ***********
 ) 
Here is how much of TeX's memory you used:
 3928 strings out of 475247
 67629 string characters out of 5757792
 1946801 words of memory out of 5000000
 25417 multiletter control sequences out of 15000+600000
 586241 words of font info for 87 fonts, out of 8000000 for 9000
 1141 hyphenation exceptions out of 8191
 69i,17n,79p,3784b,392s stack positions out of 10000i,1000n,20000p,200000b,200000s
<C:/Users/micha/AppData/Local/Programs/MiKTeX/fonts/type1/public/amsfonts/cm/
cmex10.pfb><C:/Users/micha/AppData/Local/Programs/MiKTeX/fonts/type1/public/ams
fonts/cm/cmmi10.pfb><C:/Users/micha/AppData/Local/Programs/MiKTeX/fonts/type1/p
ublic/amsfonts/cm/cmmi5.pfb><C:/Users/micha/AppData/Local/Programs/MiKTeX/fonts
/type1/public/amsfonts/cm/cmmi7.pfb><C:/Users/micha/AppData/Local/Programs/MiKT
eX/fonts/type1/public/amsfonts/cm/cmmi9.pfb><C:/Users/micha/AppData/Local/Progr
ams/MiKTeX/fonts/type1/public/amsfonts/cm/cmr10.pfb><C:/Users/micha/AppData/Loc
al/Programs/MiKTeX/fonts/type1/public/amsfonts/cm/cmr5.pfb><C:/Users/micha/AppD
ata/Local/Programs/MiKTeX/fonts/type1/public/amsfonts/cm/cmr7.pfb><C:/Users/mic
ha/AppData/Local/Programs/MiKTeX/fonts/type1/public/amsfonts/cm/cmsy10.pfb><C:/
Users/micha/AppData/Local/Programs/MiKTeX/fonts/type1/public/amsfonts/cm/cmsy5.
pfb><C:/Users/micha/AppData/Local/Programs/MiKTeX/fonts/type1/public/amsfonts/c
m/cmsy7.pfb><C:/Users/micha/AppData/Local/Programs/MiKTeX/fonts/type1/urw/times
/utmb8a.pfb><C:/Users/micha/AppData/Local/Programs/MiKTeX/fonts/type1/urw/times
/utmbi8a.pfb><C:/Users/micha/AppData/Local/Programs/MiKTeX/fonts/type1/urw/time
s/utmr8a.pfb><C:/Users/micha/AppData/Local/Programs/MiKTeX/fonts/type1/urw/time
s/utmri8a.pfb>
Output written on AAAI-ZhanJ.5388_changed.pdf (8 pages, 373830 bytes).
PDF statistics:
 414 PDF objects out of 1000 (max. 8388607)
 0 named destinations out of 1000 (max. 500000)
 21 words of extra memory for PDF output out of 10000 (max. 10000000)

