This is pdfTeX, Version 3.141592653-2.6-1.40.25 (MiKTeX 23.9) (preloaded format=pdflatex 2023.9.22)  1 APR 2024 20:21
entering extended mode
 restricted \write18 enabled.
 %&-line parsing enabled.
**./after_operator0.tex
(after_operator0.tex
LaTeX2e <2023-06-01> patch level 1
L3 programming layer <2023-08-29>
(C:\Users\micha\AppData\Local\Programs\MiKTeX\tex/latex/base\article.cls
Document Class: article 2023/05/17 v1.4n Standard LaTeX document class
(C:\Users\micha\AppData\Local\Programs\MiKTeX\tex/latex/base\size10.clo
File: size10.clo 2023/05/17 v1.4n Standard LaTeX file (size option)
)
\c@part=\count185
\c@section=\count186
\c@subsection=\count187
\c@subsubsection=\count188
\c@paragraph=\count189
\c@subparagraph=\count190
\c@figure=\count191
\c@table=\count192
\abovecaptionskip=\skip48
\belowcaptionskip=\skip49
\bibindent=\dimen140
)
(aaai23.sty
Package: aaai23 2023/06/27 AAAI 2023 Submission format

Conference Style for AAAI for LaTeX 2e -- version for submission
\titlebox=\skip50
) (C:\Users\micha\AppData\Local\Programs\MiKTeX\tex/latex/psnfss\times.sty
Package: times 2020/03/25 PSNFSS-v9.3 (SPQR) 
)
(C:\Users\micha\AppData\Local\Programs\MiKTeX\tex/latex/psnfss\helvet.sty
Package: helvet 2020/03/25 PSNFSS-v9.3 (WaS) 

(C:\Users\micha\AppData\Local\Programs\MiKTeX\tex/latex/graphics\keyval.sty
Package: keyval 2022/05/29 v1.15 key=value parser (DPC)
\KV@toks@=\toks17
))
(C:\Users\micha\AppData\Local\Programs\MiKTeX\tex/latex/psnfss\courier.sty
Package: courier 2020/03/25 PSNFSS-v9.3 (WaS) 
)
(C:\Users\micha\AppData\Local\Programs\MiKTeX\tex/latex/url\url.sty
\Urlmuskip=\muskip16
Package: url 2013/09/16  ver 3.4  Verb mode for urls, etc.
)
(C:\Users\micha\AppData\Local\Programs\MiKTeX\tex/latex/graphics\graphicx.sty
Package: graphicx 2021/09/16 v1.2d Enhanced LaTeX Graphics (DPC,SPQR)

(C:\Users\micha\AppData\Local\Programs\MiKTeX\tex/latex/graphics\graphics.sty
Package: graphics 2022/03/10 v1.4e Standard LaTeX Graphics (DPC,SPQR)

(C:\Users\micha\AppData\Local\Programs\MiKTeX\tex/latex/graphics\trig.sty
Package: trig 2021/08/11 v1.11 sin cos tan (DPC)
)
(C:\Users\micha\AppData\Local\Programs\MiKTeX\tex/latex/graphics-cfg\graphics.c
fg
File: graphics.cfg 2016/06/04 v1.11 sample graphics configuration
)
Package graphics Info: Driver file: pdftex.def on input line 107.

(C:\Users\micha\AppData\Local\Programs\MiKTeX\tex/latex/graphics-def\pdftex.def
File: pdftex.def 2022/09/22 v1.2b Graphics/color driver for pdftex
))
\Gin@req@height=\dimen141
\Gin@req@width=\dimen142
) (C:\Users\micha\AppData\Local\Programs\MiKTeX\tex/latex/natbib\natbib.sty
Package: natbib 2010/09/13 8.31b (PWD, AO)
\bibhang=\skip51
\bibsep=\skip52
LaTeX Info: Redefining \cite on input line 694.
\c@NAT@ctr=\count193
)
(C:\Users\micha\AppData\Local\Programs\MiKTeX\tex/latex/caption\caption.sty
Package: caption 2023/07/31 v3.6n Customizing captions (AR)

(C:\Users\micha\AppData\Local\Programs\MiKTeX\tex/latex/caption\caption3.sty
Package: caption3 2023/07/31 v2.4d caption3 kernel (AR)
\caption@tempdima=\dimen143
\captionmargin=\dimen144
\caption@leftmargin=\dimen145
\caption@rightmargin=\dimen146
\caption@width=\dimen147
\caption@indent=\dimen148
\caption@parindent=\dimen149
\caption@hangindent=\dimen150
Package caption Info: Standard document class detected.
)
\c@caption@flags=\count194
\c@continuedfloat=\count195
)
(C:\Users\micha\AppData\Local\Programs\MiKTeX\tex/latex/booktabs\booktabs.sty
Package: booktabs 2020/01/12 v1.61803398 Publication quality tables
\heavyrulewidth=\dimen151
\lightrulewidth=\dimen152
\cmidrulewidth=\dimen153
\belowrulesep=\dimen154
\belowbottomsep=\dimen155
\aboverulesep=\dimen156
\abovetopsep=\dimen157
\cmidrulesep=\dimen158
\cmidrulekern=\dimen159
\defaultaddspace=\dimen160
\@cmidla=\count196
\@cmidlb=\count197
\@aboverulesep=\dimen161
\@belowrulesep=\dimen162
\@thisruleclass=\count198
\@lastruleclass=\count199
\@thisrulewidth=\dimen163
)
(C:\Users\micha\AppData\Local\Programs\MiKTeX\tex/latex/tools\multicol.sty
Package: multicol 2023/03/30 v1.9f multicolumn formatting (FMi)
\c@tracingmulticols=\count266
\mult@box=\box51
\multicol@leftmargin=\dimen164
\c@unbalance=\count267
\c@collectmore=\count268
\doublecol@number=\count269
\multicoltolerance=\count270
\multicolpretolerance=\count271
\full@width=\dimen165
\page@free=\dimen166
\premulticols=\dimen167
\postmulticols=\dimen168
\multicolsep=\skip53
\multicolbaselineskip=\skip54
\partial@page=\box52
\last@line=\box53
\mc@boxedresult=\box54
\maxbalancingoverflow=\dimen169
\mult@rightbox=\box55
\mult@grightbox=\box56
\mult@firstbox=\box57
\mult@gfirstbox=\box58
\@tempa=\box59
\@tempa=\box60
\@tempa=\box61
\@tempa=\box62
\@tempa=\box63
\@tempa=\box64
\@tempa=\box65
\@tempa=\box66
\@tempa=\box67
\@tempa=\box68
\@tempa=\box69
\@tempa=\box70
\@tempa=\box71
\@tempa=\box72
\@tempa=\box73
\@tempa=\box74
\@tempa=\box75
\@tempa=\box76
\@tempa=\box77
\@tempa=\box78
\@tempa=\box79
\@tempa=\box80
\@tempa=\box81
\@tempa=\box82
\@tempa=\box83
\@tempa=\box84
\@tempa=\box85
\@tempa=\box86
\@tempa=\box87
\@tempa=\box88
\@tempa=\box89
\@tempa=\box90
\@tempa=\box91
\@tempa=\box92
\@tempa=\box93
\@tempa=\box94
\c@minrows=\count272
\c@columnbadness=\count273
\c@finalcolumnbadness=\count274
\last@try=\dimen170
\multicolovershoot=\dimen171
\multicolundershoot=\dimen172
\mult@nat@firstbox=\box95
\colbreak@box=\box96
\mc@col@check@num=\count275
)
(C:\Users\micha\AppData\Local\Programs\MiKTeX\tex/latex/multirow\multirow.sty
Package: multirow 2021/03/15 v2.8 Span multiple rows of a table
\multirow@colwidth=\skip55
\multirow@cntb=\count276
\multirow@dima=\skip56
\bigstrutjot=\dimen173
)
(C:\Users\micha\AppData\Local\Programs\MiKTeX\tex/latex/xcolor\xcolor.sty
Package: xcolor 2022/06/12 v2.14 LaTeX color extensions (UK)

(C:\Users\micha\AppData\Local\Programs\MiKTeX\tex/latex/graphics-cfg\color.cfg
File: color.cfg 2016/01/02 v1.6 sample color configuration
)
Package xcolor Info: Driver file: pdftex.def on input line 227.
(C:\Users\micha\AppData\Local\Programs\MiKTeX\tex/latex/graphics\mathcolor.ltx)
Package xcolor Info: Model `cmy' substituted by `cmy0' on input line 1353.
Package xcolor Info: Model `hsb' substituted by `rgb' on input line 1357.
Package xcolor Info: Model `RGB' extended on input line 1369.
Package xcolor Info: Model `HTML' substituted by `rgb' on input line 1371.
Package xcolor Info: Model `Hsb' substituted by `hsb' on input line 1372.
Package xcolor Info: Model `tHsb' substituted by `hsb' on input line 1373.
Package xcolor Info: Model `HSB' substituted by `hsb' on input line 1374.
Package xcolor Info: Model `Gray' substituted by `gray' on input line 1375.
Package xcolor Info: Model `wave' substituted by `hsb' on input line 1376.
) (C:\Users\micha\AppData\Local\Programs\MiKTeX\tex/latex/tools\array.sty
Package: array 2022/09/04 v2.5g Tabular extension package (FMi)
\col@sep=\dimen174
\ar@mcellbox=\box97
\extrarowheight=\dimen175
\NC@list=\toks18
\extratabsurround=\skip57
\backup@length=\skip58
\ar@cellbox=\box98
)
LaTeX Font Info:    Trying to load font information for OT1+ptm on input line 4
5.

(C:\Users\micha\AppData\Local\Programs\MiKTeX\tex/latex/psnfss\ot1ptm.fd
File: ot1ptm.fd 2001/06/04 font definitions for OT1/ptm.
)
(C:\Users\micha\AppData\Local\Programs\MiKTeX\tex/latex/l3backend\l3backend-pdf
tex.def
File: l3backend-pdftex.def 2023-04-19 L3 backend support: PDF output (pdfTeX)
\l__color_backend_stack_int=\count277
\l__pdf_internal_box=\box99
) (after_operator0.aux)
\openout1 = `after_operator0.aux'.

LaTeX Font Info:    Checking defaults for OML/cmm/m/it on input line 45.
LaTeX Font Info:    ... okay on input line 45.
LaTeX Font Info:    Checking defaults for OMS/cmsy/m/n on input line 45.
LaTeX Font Info:    ... okay on input line 45.
LaTeX Font Info:    Checking defaults for OT1/cmr/m/n on input line 45.
LaTeX Font Info:    ... okay on input line 45.
LaTeX Font Info:    Checking defaults for T1/cmr/m/n on input line 45.
LaTeX Font Info:    ... okay on input line 45.
LaTeX Font Info:    Checking defaults for TS1/cmr/m/n on input line 45.
LaTeX Font Info:    ... okay on input line 45.
LaTeX Font Info:    Checking defaults for OMX/cmex/m/n on input line 45.
LaTeX Font Info:    ... okay on input line 45.
LaTeX Font Info:    Checking defaults for U/cmr/m/n on input line 45.
LaTeX Font Info:    ... okay on input line 45.

(C:\Users\micha\AppData\Local\Programs\MiKTeX\tex/context/base/mkii\supp-pdf.mk
ii
[Loading MPS to PDF converter (version 2006.09.02).]
\scratchcounter=\count278
\scratchdimen=\dimen176
\scratchbox=\box100
\nofMPsegments=\count279
\nofMParguments=\count280
\everyMPshowfont=\toks19
\MPscratchCnt=\count281
\MPscratchDim=\dimen177
\MPnumerator=\count282
\makeMPintoPDFobject=\count283
\everyMPtoPDFconversion=\toks20
)
(C:\Users\micha\AppData\Local\Programs\MiKTeX\tex/latex/epstopdf-pkg\epstopdf-b
ase.sty
Package: epstopdf-base 2020-01-24 v2.11 Base part for package epstopdf
Package epstopdf-base Info: Redefining graphics rule for `.eps' on input line 4
85.

(C:\Users\micha\AppData\Local\Programs\MiKTeX\tex/latex/00miktex\epstopdf-sys.c
fg
File: epstopdf-sys.cfg 2021/03/18 v2.0 Configuration of epstopdf for MiKTeX
))
Package caption Info: Begin \AtBeginDocument code.
Package caption Info: End \AtBeginDocument code.
\c@eqfn=\count284
\titlearea=\box101
LaTeX Font Info:    External font `cmex10' loaded for size
(Font)              <12> on input line 47.
LaTeX Font Info:    External font `cmex10' loaded for size
(Font)              <8> on input line 47.
LaTeX Font Info:    External font `cmex10' loaded for size
(Font)              <6> on input line 47.
LaTeX Font Info:    External font `cmex10' loaded for size
(Font)              <7> on input line 47.
LaTeX Font Info:    External font `cmex10' loaded for size
(Font)              <5> on input line 47.
LaTeX Font Info:    Trying to load font information for OMS+ptm on input line 4
7.
 (C:\Users\micha\AppData\Local\Programs\MiKTeX\tex/latex/psnfss\omsptm.fd
File: omsptm.fd 
)
LaTeX Font Info:    Font shape `OMS/ptm/m/n' in size <10> not available
(Font)              Font shape `OMS/cmsy/m/n' tried instead on input line 47.
\actualheight=\skip59
LaTeX Font Info:    Trying to load font information for TS1+ptm on input line 4
7.

(C:\Users\micha\AppData\Local\Programs\MiKTeX\tex/latex/psnfss\ts1ptm.fd
File: ts1ptm.fd 2001/06/04 font definitions for TS1/ptm.
)
LaTeX Font Info:    External font `cmex10' loaded for size
(Font)              <9> on input line 47.


Package natbib Warning: Citation `ma2011consistent' on page 1 undefined on inpu
t line 56.


Package natbib Warning: Citation `wang2013integrating' on page 1 undefined on i
nput line 56.


Package natbib Warning: Citation `li2014discriminative' on page 1 undefined on 
input line 56.


Package natbib Warning: Citation `gu2018search' on page 1 undefined on input li
ne 56.


Package natbib Warning: Citation `khandelwal2020nearest' on page 1 undefined on
 input line 56.


Package natbib Warning: Citation `bulte2019neural' on page 1 undefined on input
 line 58.


Package natbib Warning: Citation `hossain2020simple' on page 1 undefined on inp
ut line 58.


Package natbib Warning: Citation `xu2020boosting' on page 1 undefined on input 
line 58.


Package natbib Warning: Citation `gu2018search' on page 1 undefined on input li
ne 58.


Package natbib Warning: Citation `bapna2019non' on page 1 undefined on input li
ne 58.


Package natbib Warning: Citation `xia2019graph' on page 1 undefined on input li
ne 58.


Package natbib Warning: Citation `he2021fast' on page 1 undefined on input line
 58.


Package natbib Warning: Citation `zhang2018guiding' on page 1 undefined on inpu
t line 58.


Package natbib Warning: Citation `he2019word' on page 1 undefined on input line
 58.


Package natbib Warning: Citation `khandelwal2020nearest' on page 1 undefined on
 input line 58.



pdfTeX warning: pdflatex (file ./structure.pdf): PDF inclusion: found PDF versi
on <1.7>, but at most version <1.5> allowed
<structure.pdf, id=1, 236.082pt x 91.0602pt>
File: structure.pdf Graphic file (type pdf)
<use structure.pdf>
Package pdftex.def Info: structure.pdf  used on input line 62.
(pdftex.def)             Requested size: 239.39438pt x 92.33827pt.

Package natbib Warning: Citation `wang2020generalizing' on page 1 undefined on 
input line 67.


Package natbib Warning: Citation `brown2020language' on page 1 undefined on inp
ut line 67.

[1{C:/Users/micha/AppData/Local/MiKTeX/fonts/map/pdftex/pdftex.map}{C:/Users/mi
cha/AppData/Local/Programs/MiKTeX/fonts/enc/dvips/base/8r.enc}



 <./structure.pdf>]

Package natbib Warning: Citation `Sarah2006Translators' on page 2 undefined on 
input line 84.


Underfull \hbox (badness 2165) in paragraph at lines 84--85
\OT1/ptm/m/n/10 TM is a database of lan-guage pairs that stores seg-
 []


LaTeX Warning: No positions in optional float specifier.
               Default added (so using `tbp') on input line 96.

LaTeX Font Info:    Trying to load font information for OML+ptm on input line 1
08.
(C:\Users\micha\AppData\Local\Programs\MiKTeX\tex/latex/psnfss\omlptm.fd
File: omlptm.fd 
)
LaTeX Font Info:    Font shape `OML/ptm/m/n' in size <9> not available
(Font)              Font shape `OML/cmm/m/it' tried instead on input line 108.
LaTeX Font Info:    Font shape `OMS/ptm/m/n' in size <9> not available
(Font)              Font shape `OMS/cmsy/m/n' tried instead on input line 108.

Overfull \hbox (1.82547pt too wide) in paragraph at lines 116--116
[]|[]| 
 []

LaTeX Font Info:    Font shape `OML/ptm/m/n' in size <10> not available
(Font)              Font shape `OML/cmm/m/it' tried instead on input line 129.


pdfTeX warning: pdflatex (file ./fragments.pdf): PDF inclusion: found PDF versi
on <1.7>, but at most version <1.5> allowed
<fragments.pdf, id=28, 369.90193pt x 76.84709pt>
File: fragments.pdf Graphic file (type pdf)
<use fragments.pdf>
Package pdftex.def Info: fragments.pdf  used on input line 135.
(pdftex.def)             Requested size: 455.2979pt x 94.59404pt.

LaTeX Warning: `h' float specifier changed to `ht'.

[2]

Package natbib Warning: Citation `bialecki2012apache' on page 3 undefined on in
put line 173.


Package natbib Warning: Citation `yujian2007normalized' on page 3 undefined on 
input line 173.


Underfull \vbox (badness 6396) has occurred while \output is active []

 [3 <./fragments.pdf>]

Package natbib Warning: Citation `xiao2012niutrans' on page 4 undefined on inpu
t line 185.


Package natbib Warning: Citation `philipp2007moses' on page 4 undefined on inpu
t line 186.


Underfull \hbox (badness 1048) in paragraph at lines 185--187
\OT1/ptm/m/n/10 method on two datasets: 1) DGT-TM, the en-tire body
 []


Underfull \hbox (badness 1365) in paragraph at lines 185--187
\OT1/ptm/m/n/10 of Eu-ro-pean leg-is-la-tion in 22 Eu-ro-pean lan-guages, on
 []


Package natbib Warning: Citation `khandelwal2020nearest' on page 4 undefined on
 input line 190.


Package natbib Warning: Citation `aharoni2020unsupervised' on page 4 undefined 
on input line 190.


Package natbib Warning: Citation `2016Neural' on page 4 undefined on input line
 192.


Package natbib Warning: Citation `chen2021maskalign' on page 4 undefined on inp
ut line 192.


Overfull \hbox (3.23851pt too wide) in paragraph at lines 199--199
[]|[]| 
 []


Underfull \hbox (badness 10000) in paragraph at lines 200--200
[]|\OT1/ptm/m/n/9 [0,
 []


Overfull \hbox (2.2706pt too wide) in paragraph at lines 200--200
[]|\OT1/ptm/m/n/9 [0.2,
 []


Overfull \hbox (2.2706pt too wide) in paragraph at lines 200--200
[]|\OT1/ptm/m/n/9 [0.4,
 []


Overfull \hbox (2.2706pt too wide) in paragraph at lines 200--200
[]|\OT1/ptm/m/n/9 [0.6,
 []


Overfull \hbox (2.2706pt too wide) in paragraph at lines 200--201
[]|\OT1/ptm/m/n/9 [0.8,
 []


Overfull \hbox (2.2706pt too wide) in paragraph at lines 202--202
[]|\OT1/ptm/m/n/9 24%| 
 []


Overfull \hbox (2.2706pt too wide) in paragraph at lines 202--202
[]|\OT1/ptm/m/n/9 16%| 
 []


Overfull \hbox (2.2706pt too wide) in paragraph at lines 202--202
[]|\OT1/ptm/m/n/9 16%| 
 []


Overfull \hbox (2.2706pt too wide) in paragraph at lines 202--203
[]|\OT1/ptm/m/n/9 42%| 
 []


Overfull \hbox (2.2706pt too wide) in paragraph at lines 203--203
[]|\OT1/ptm/m/n/9 26%| 
 []


Overfull \hbox (2.2706pt too wide) in paragraph at lines 203--203
[]|\OT1/ptm/m/n/9 17%| 
 []


Overfull \hbox (2.2706pt too wide) in paragraph at lines 203--203
[]|\OT1/ptm/m/n/9 17%| 
 []


Overfull \hbox (2.2706pt too wide) in paragraph at lines 203--204
[]|\OT1/ptm/m/n/9 36%| 
 []


Overfull \hbox (1.24052pt too wide) in paragraph at lines 205--205
[]|[]| 
 []


Overfull \hbox (3.83406pt too wide) in paragraph at lines 205--205
 []|\OT1/ptm/m/n/9 11.7M| 
 []


Overfull \hbox (2.2706pt too wide) in paragraph at lines 205--205
[]|\OT1/ptm/m/n/9 44%| 
 []


Overfull \hbox (2.2706pt too wide) in paragraph at lines 205--205
[]|\OT1/ptm/m/n/9 22%| 
 []


Overfull \hbox (2.2706pt too wide) in paragraph at lines 205--205
[]|\OT1/ptm/m/n/9 11%| 
 []


Overfull \hbox (2.2706pt too wide) in paragraph at lines 205--206
[]|\OT1/ptm/m/n/9 22%| 
 []


Overfull \hbox (3.83406pt too wide) in paragraph at lines 206--206
 []|\OT1/ptm/m/n/9 11.5M| 
 []


Overfull \hbox (2.2706pt too wide) in paragraph at lines 206--206
[]|\OT1/ptm/m/n/9 45%| 
 []


Overfull \hbox (2.2706pt too wide) in paragraph at lines 206--206
[]|\OT1/ptm/m/n/9 18%| 
 []


Overfull \hbox (2.2706pt too wide) in paragraph at lines 206--206
[]|\OT1/ptm/m/n/9 11%| 
 []


Overfull \hbox (2.2706pt too wide) in paragraph at lines 206--207
[]|\OT1/ptm/m/n/9 23%| 
 []


Overfull \hbox (3.83406pt too wide) in paragraph at lines 207--207
 []|\OT1/ptm/m/n/9 11.2M| 
 []


Overfull \hbox (2.2706pt too wide) in paragraph at lines 207--207
[]|\OT1/ptm/m/n/9 46%| 
 []


Overfull \hbox (2.2706pt too wide) in paragraph at lines 207--207
[]|\OT1/ptm/m/n/9 16%| 
 []


Overfull \hbox (2.2706pt too wide) in paragraph at lines 207--208
[]|\OT1/ptm/m/n/9 20%| 
 []


Overfull \hbox (2.2706pt too wide) in paragraph at lines 209--209
[]|\OT1/ptm/m/n/9 18%| 
 []


Overfull \hbox (2.2706pt too wide) in paragraph at lines 209--209
[]|\OT1/ptm/m/n/9 30%| 
 []


Overfull \hbox (2.2706pt too wide) in paragraph at lines 209--209
[]|\OT1/ptm/m/n/9 35%| 
 []


Overfull \hbox (2.2706pt too wide) in paragraph at lines 209--209
[]|\OT1/ptm/m/n/9 23%| 
 []


Underfull \hbox (badness 10000) in paragraph at lines 221--221
[]|\OT1/ptm/m/n/9 [0,
 []


Overfull \hbox (2.2706pt too wide) in paragraph at lines 221--221
[]|\OT1/ptm/m/n/9 [0.2,
 []


Overfull \hbox (2.2706pt too wide) in paragraph at lines 221--221
[]|\OT1/ptm/m/n/9 [0.4,
 []


Overfull \hbox (2.2706pt too wide) in paragraph at lines 221--221
[]|\OT1/ptm/m/n/9 [0.6,
 []


Overfull \hbox (2.2706pt too wide) in paragraph at lines 221--222
[]|\OT1/ptm/m/n/9 [0.8,
 []


Overfull \hbox (2.2706pt too wide) in paragraph at lines 223--223
[]|\OT1/ptm/m/n/9 23%| 
 []


Overfull \hbox (2.2706pt too wide) in paragraph at lines 223--223
[]|\OT1/ptm/m/n/9 20%| 
 []


Overfull \hbox (2.2706pt too wide) in paragraph at lines 223--223
[]|\OT1/ptm/m/n/9 17%| 
 []


Overfull \hbox (2.2706pt too wide) in paragraph at lines 223--224
[]|\OT1/ptm/m/n/9 33%| 
 []


Overfull \hbox (2.2706pt too wide) in paragraph at lines 224--224
[]|\OT1/ptm/m/n/9 31%| 
 []


Overfull \hbox (2.2706pt too wide) in paragraph at lines 224--224
[]|\OT1/ptm/m/n/9 18%| 
 []


Overfull \hbox (2.2706pt too wide) in paragraph at lines 224--224
[]|\OT1/ptm/m/n/9 14%| 
 []


Overfull \hbox (2.2706pt too wide) in paragraph at lines 224--225
[]|\OT1/ptm/m/n/9 28%| 
 []


Overfull \hbox (2.2706pt too wide) in paragraph at lines 225--225
[]|\OT1/ptm/m/n/9 14%| 
 []


Overfull \hbox (2.2706pt too wide) in paragraph at lines 225--225
[]|\OT1/ptm/m/n/9 18%| 
 []


Overfull \hbox (2.2706pt too wide) in paragraph at lines 225--225
[]|\OT1/ptm/m/n/9 28%| 
 []


Overfull \hbox (2.2706pt too wide) in paragraph at lines 225--225
[]|\OT1/ptm/m/n/9 26%| 
 []


Overfull \hbox (2.2706pt too wide) in paragraph at lines 225--226
[]|\OT1/ptm/m/n/9 14%| 
 []


Overfull \hbox (2.2706pt too wide) in paragraph at lines 226--226
[]|\OT1/ptm/m/n/9 26%| 
 []


Overfull \hbox (2.2706pt too wide) in paragraph at lines 226--226
[]|\OT1/ptm/m/n/9 33%| 
 []


Overfull \hbox (2.2706pt too wide) in paragraph at lines 226--226
[]|\OT1/ptm/m/n/9 28%| 
 []


Overfull \hbox (2.2706pt too wide) in paragraph at lines 226--227
[]|\OT1/ptm/m/n/9 11%| 
 []


Overfull \hbox (2.2706pt too wide) in paragraph at lines 227--227
[]|\OT1/ptm/m/n/9 27%| 
 []


Overfull \hbox (2.2706pt too wide) in paragraph at lines 227--227
[]|\OT1/ptm/m/n/9 43%| 
 []


Overfull \hbox (2.2706pt too wide) in paragraph at lines 227--227
[]|\OT1/ptm/m/n/9 23%| 
 []


LaTeX Warning: `h' float specifier changed to `ht'.


Package natbib Warning: Citation `Nathan2019Facebook' on page 4 undefined on in
put line 234.


Package natbib Warning: Citation `Yuhao2020TheNiuTrans' on page 4 undefined on 
input line 234.


Package natbib Warning: Citation `Nathan2019Facebook' on page 4 undefined on in
put line 241.


Package natbib Warning: Citation `Yuhao2020TheNiuTrans' on page 4 undefined on 
input line 241.


Overfull \vbox (1.23952pt too high) detected at line 256
 []


Overfull \hbox (3.88524pt too wide) in paragraph at lines 257--257
[]|\OT1/ptm/m/n/9 Directly| 
 []


Overfull \hbox (2.89539pt too wide) in paragraph at lines 258--258
[]|\OT1/ptm/m/n/9 Comma| 
 []


Overfull \hbox (1.39233pt too wide) in paragraph at lines 259--259
[]|\OT1/ptm/m/n/9 Semico| 
 []


Overfull \hbox (4.89348pt too wide) in paragraph at lines 260--260
[]|\OT1/ptm/m/n/9 Conjunc| 
 []


Overfull \hbox (1.75247pt too wide) in paragraph at lines 261--261
[]|\OT1/ptm/m/n/9 Parenth| 
 []


LaTeX Warning: `h' float specifier changed to `ht'.


Package natbib Warning: Citation `khandelwal2020nearest' on page 4 undefined on
 input line 272.


Package natbib Warning: Citation `Nathan2019Facebook' on page 4 undefined on in
put line 272.

[4]
Overfull \hbox (6.73026pt too wide) in paragraph at lines 283--283
[]|\OT1/ptm/m/n/9 Medical| 
 []


Overfull \hbox (8.74612pt too wide) in paragraph at lines 283--284
[]|\OT1/ptm/m/n/9 Subtitles| 
 []


Overfull \vbox (1.23952pt too high) detected at line 289
 []


Overfull \hbox (0.57333pt too wide) in paragraph at lines 289--290
[]|[]| 
 []


Overfull \hbox (9.5757pt too wide) in paragraph at lines 290--290
[]|\OT1/ptm/m/n/9 Directly| 
 []


Overfull \hbox (8.58585pt too wide) in paragraph at lines 291--291
[]|\OT1/ptm/m/n/9 Comma| 
 []


Overfull \hbox (7.0828pt too wide) in paragraph at lines 292--292
[]|\OT1/ptm/m/n/9 Semico| 
 []


Overfull \hbox (10.58394pt too wide) in paragraph at lines 293--293
[]|\OT1/ptm/m/n/9 Conjunc| 
 []


Overfull \hbox (7.44293pt too wide) in paragraph at lines 294--294
[]|\OT1/ptm/m/n/9 Parenth| 
 []


Overfull \vbox (1.23952pt too high) detected at line 316
 []


Overfull \hbox (3.88524pt too wide) in paragraph at lines 317--317
[]|\OT1/ptm/m/n/9 Directly| 
 []


Overfull \hbox (2.89539pt too wide) in paragraph at lines 318--318
[]|\OT1/ptm/m/n/9 Comma| 
 []


Overfull \hbox (1.39233pt too wide) in paragraph at lines 319--319
[]|\OT1/ptm/m/n/9 Semico| 
 []


Overfull \hbox (4.89348pt too wide) in paragraph at lines 320--320
[]|\OT1/ptm/m/n/9 Conjunc| 
 []


Overfull \hbox (1.75247pt too wide) in paragraph at lines 321--321
[]|\OT1/ptm/m/n/9 Parenth| 
 []


Package natbib Warning: Citation `NIPS2017_attention' on page 5 undefined on in
put line 334.


Overfull \hbox (1.58406pt too wide) in paragraph at lines 341--341
[]|\OT1/ptm/m/n/9 b10M| 
 []


Overfull \hbox (1.58406pt too wide) in paragraph at lines 341--341
[]|\OT1/ptm/m/n/9 b15M| 
 []


Overfull \hbox (1.58406pt too wide) in paragraph at lines 341--341
[]|\OT1/ptm/m/n/9 b20M| 
 []


Overfull \hbox (5.58pt too wide) in paragraph at lines 341--341
[]|\OT1/ptm/m/n/9 ba20M| 
 []


Overfull \hbox (6.08406pt too wide) in paragraph at lines 341--342
[]|\OT1/ptm/m/n/9 bb20M| 
 []


LaTeX Warning: `h' float specifier changed to `ht'.


Underfull \hbox (badness 1163) in paragraph at lines 360--361
\OT1/ptm/m/n/10 the im-pact of the model ar-chi-tec-ture on our pro-posed
 []

[5]

Package natbib Warning: Citation `Yuhao2020TheNiuTrans' on page 6 undefined on 
input line 366.

<TM_sim.pdf, id=59, 411.98634pt x 326.13362pt>
File: TM_sim.pdf Graphic file (type pdf)
<use TM_sim.pdf>
Package pdftex.def Info: TM_sim.pdf  used on input line 374.
(pdftex.def)             Requested size: 239.39438pt x 189.50597pt.
[6 <./TM_sim.pdf>]
<Dif_length.pdf, id=120, 406.42903pt x 312.02145pt>
File: Dif_length.pdf Graphic file (type pdf)
<use Dif_length.pdf>
Package pdftex.def Info: Dif_length.pdf  used on input line 387.
(pdftex.def)             Requested size: 239.39438pt x 183.78635pt.


Package natbib Warning: Citation `zhang2018guiding' on page 7 undefined on inpu
t line 396.


Package natbib Warning: Citation `he2019word' on page 7 undefined on input line
 396.


Package natbib Warning: Citation `li2018one' on page 7 undefined on input line 
396.


Package natbib Warning: Citation `farajian2017multi' on page 7 undefined on inp
ut line 396.


Package natbib Warning: Citation `khandelwal2020nearest' on page 7 undefined on
 input line 396.


Package natbib Warning: Citation `meng2021fast' on page 7 undefined on input li
ne 396.


Package natbib Warning: Citation `zheng2021adaptive' on page 7 undefined on inp
ut line 396.


Package natbib Warning: Citation `wang2021faster' on page 7 undefined on input 
line 396.


Package natbib Warning: Citation `Pedro2022Chunk-based' on page 7 undefined on 
input line 396.


Package natbib Warning: Citation `bulte2019neural' on page 7 undefined on input
 line 398.


Package natbib Warning: Citation `xu2020boosting' on page 7 undefined on input 
line 398.


Package natbib Warning: Citation `minh2020priming' on page 7 undefined on input
 line 398.


Package natbib Warning: Citation `minh2020priming' on page 7 undefined on input
 line 398.


Package natbib Warning: Citation `cao2018encoding' on page 7 undefined on input
 line 398.


Package natbib Warning: Citation `gu2018search' on page 7 undefined on input li
ne 398.


Package natbib Warning: Citation `qian2020Learning' on page 7 undefined on inpu
t line 398.


Package natbib Warning: Citation `xia2019graph' on page 7 undefined on input li
ne 398.


Package natbib Warning: Citation `he2021fast' on page 7 undefined on input line
 398.


Package natbib Warning: Citation `cai2021neural' on page 7 undefined on input l
ine 398.

No file after_operator0.bbl.

Package natbib Warning: There were undefined citations.

[7 <./Dif_length.pdf>] [8

] (after_operator0.aux)
 ***********
LaTeX2e <2023-06-01> patch level 1
L3 programming layer <2023-08-29>
 ***********
 ) 
Here is how much of TeX's memory you used:
 4221 strings out of 475247
 71477 string characters out of 5757792
 1966801 words of memory out of 5000000
 25706 multiletter control sequences out of 15000+600000
 582438 words of font info for 77 fonts, out of 8000000 for 9000
 1141 hyphenation exceptions out of 8191
 57i,15n,65p,2024b,344s stack positions out of 10000i,1000n,20000p,200000b,200000s
<C:/Users/micha/AppData/Local/Programs/MiKTeX/fonts/type1/public/amsfonts/cm/
cmex10.pfb><C:/Users/micha/AppData/Local/Programs/MiKTeX/fonts/type1/public/ams
fonts/cm/cmmi10.pfb><C:/Users/micha/AppData/Local/Programs/MiKTeX/fonts/type1/p
ublic/amsfonts/cm/cmmi7.pfb><C:/Users/micha/AppData/Local/Programs/MiKTeX/fonts
/type1/public/amsfonts/cm/cmmi9.pfb><C:/Users/micha/AppData/Local/Programs/MiKT
eX/fonts/type1/public/amsfonts/cm/cmr10.pfb><C:/Users/micha/AppData/Local/Progr
ams/MiKTeX/fonts/type1/public/amsfonts/cm/cmr7.pfb><C:/Users/micha/AppData/Loca
l/Programs/MiKTeX/fonts/type1/public/amsfonts/cm/cmr9.pfb><C:/Users/micha/AppDa
ta/Local/Programs/MiKTeX/fonts/type1/public/amsfonts/cm/cmsy10.pfb><C:/Users/mi
cha/AppData/Local/Programs/MiKTeX/fonts/type1/public/amsfonts/cm/cmsy7.pfb><C:/
Users/micha/AppData/Local/Programs/MiKTeX/fonts/type1/public/amsfonts/cm/cmsy9.
pfb><C:/Users/micha/AppData/Local/Programs/MiKTeX/fonts/type1/urw/times/utmb8a.
pfb><C:/Users/micha/AppData/Local/Programs/MiKTeX/fonts/type1/urw/times/utmr8a.
pfb><C:/Users/micha/AppData/Local/Programs/MiKTeX/fonts/type1/urw/times/utmri8a
.pfb>
Output written on after_operator0.pdf (8 pages, 255490 bytes).
PDF statistics:
 236 PDF objects out of 1000 (max. 8388607)
 0 named destinations out of 1000 (max. 500000)
 21 words of extra memory for PDF output out of 10000 (max. 10000000)

