This is pdfTeX, Version 3.141592653-2.6-1.40.25 (MiKTeX 23.9) (preloaded format=pdflatex 2023.9.22)  30 MAR 2024 17:22
entering extended mode
 restricted \write18 enabled.
 %&-line parsing enabled.
**./ResistingAdvAtack_changed.tex
(ResistingAdvAtack_changed.tex
LaTeX2e <2023-06-01> patch level 1
L3 programming layer <2023-08-29>
(C:\Users\micha\AppData\Local\Programs\MiKTeX\tex/latex/base\article.cls
Document Class: article 2023/05/17 v1.4n Standard LaTeX document class
(C:\Users\micha\AppData\Local\Programs\MiKTeX\tex/latex/base\size10.clo
File: size10.clo 2023/05/17 v1.4n Standard LaTeX file (size option)
)
\c@part=\count185
\c@section=\count186
\c@subsection=\count187
\c@subsubsection=\count188
\c@paragraph=\count189
\c@subparagraph=\count190
\c@figure=\count191
\c@table=\count192
\abovecaptionskip=\skip48
\belowcaptionskip=\skip49
\bibindent=\dimen140
)
(aaai19.sty
Conference Style for AAAI for LaTeX 2e -- version for the AAAI-19 conference
\titlebox=\skip50
) (C:\Users\micha\AppData\Local\Programs\MiKTeX\tex/latex/psnfss\times.sty
Package: times 2020/03/25 PSNFSS-v9.3 (SPQR) 
)
(C:\Users\micha\AppData\Local\Programs\MiKTeX\tex/latex/psnfss\helvet.sty
Package: helvet 2020/03/25 PSNFSS-v9.3 (WaS) 

(C:\Users\micha\AppData\Local\Programs\MiKTeX\tex/latex/graphics\keyval.sty
Package: keyval 2022/05/29 v1.15 key=value parser (DPC)
\KV@toks@=\toks17
))
(C:\Users\micha\AppData\Local\Programs\MiKTeX\tex/latex/psnfss\courier.sty
Package: courier 2020/03/25 PSNFSS-v9.3 (WaS) 
)
(C:\Users\micha\AppData\Local\Programs\MiKTeX\tex/latex/url\url.sty
\Urlmuskip=\muskip16
Package: url 2013/09/16  ver 3.4  Verb mode for urls, etc.
)
(C:\Users\micha\AppData\Local\Programs\MiKTeX\tex/latex/graphics\graphicx.sty
Package: graphicx 2021/09/16 v1.2d Enhanced LaTeX Graphics (DPC,SPQR)

(C:\Users\micha\AppData\Local\Programs\MiKTeX\tex/latex/graphics\graphics.sty
Package: graphics 2022/03/10 v1.4e Standard LaTeX Graphics (DPC,SPQR)

(C:\Users\micha\AppData\Local\Programs\MiKTeX\tex/latex/graphics\trig.sty
Package: trig 2021/08/11 v1.11 sin cos tan (DPC)
)
(C:\Users\micha\AppData\Local\Programs\MiKTeX\tex/latex/graphics-cfg\graphics.c
fg
File: graphics.cfg 2016/06/04 v1.11 sample graphics configuration
)
Package graphics Info: Driver file: pdftex.def on input line 107.

(C:\Users\micha\AppData\Local\Programs\MiKTeX\tex/latex/graphics-def\pdftex.def
File: pdftex.def 2022/09/22 v1.2b Graphics/color driver for pdftex
))
\Gin@req@height=\dimen141
\Gin@req@width=\dimen142
)
(C:\Users\micha\AppData\Local\Programs\MiKTeX\tex/latex/booktabs\booktabs.sty
Package: booktabs 2020/01/12 v1.61803398 Publication quality tables
\heavyrulewidth=\dimen143
\lightrulewidth=\dimen144
\cmidrulewidth=\dimen145
\belowrulesep=\dimen146
\belowbottomsep=\dimen147
\aboverulesep=\dimen148
\abovetopsep=\dimen149
\cmidrulesep=\dimen150
\cmidrulekern=\dimen151
\defaultaddspace=\dimen152
\@cmidla=\count193
\@cmidlb=\count194
\@aboverulesep=\dimen153
\@belowrulesep=\dimen154
\@thisruleclass=\count195
\@lastruleclass=\count196
\@thisrulewidth=\dimen155
)
(C:\Users\micha\AppData\Local\Programs\MiKTeX\tex/latex/amsfonts\amsfonts.sty
Package: amsfonts 2013/01/14 v3.01 Basic AMSFonts support
\@emptytoks=\toks18
\symAMSa=\mathgroup4
\symAMSb=\mathgroup5
LaTeX Font Info:    Redeclaring math symbol \hbar on input line 98.
LaTeX Font Info:    Overwriting math alphabet `\mathfrak' in version `bold'
(Font)                  U/euf/m/n --> U/euf/b/n on input line 106.
)
(C:\Users\micha\AppData\Local\Programs\MiKTeX\tex/latex/units\nicefrac.sty
Package: nicefrac 1998/08/04 v0.9b Nice fractions
\L@UnitsRaiseDisplaystyle=\skip51
\L@UnitsRaiseTextstyle=\skip52
\L@UnitsRaiseScriptstyle=\skip53

(C:\Users\micha\AppData\Local\Programs\MiKTeX\tex/latex/base\ifthen.sty
Package: ifthen 2022/04/13 v1.1d Standard LaTeX ifthen package (DPC)
))
(C:\Users\micha\AppData\Local\Programs\MiKTeX\tex/latex/microtype\microtype.sty
Package: microtype 2023/03/13 v3.1a Micro-typographical refinements (RS)
(C:\Users\micha\AppData\Local\Programs\MiKTeX\tex/latex/etoolbox\etoolbox.sty
Package: etoolbox 2020/10/05 v2.5k e-TeX tools for LaTeX (JAW)
\etb@tempcnta=\count197
)
\MT@toks=\toks19
\MT@tempbox=\box51
\MT@count=\count198
LaTeX Info: Redefining \noprotrusionifhmode on input line 1059.
LaTeX Info: Redefining \leftprotrusion on input line 1060.
\MT@prot@toks=\toks20
LaTeX Info: Redefining \rightprotrusion on input line 1078.
LaTeX Info: Redefining \textls on input line 1368.
\MT@outer@kern=\dimen156
LaTeX Info: Redefining \textmicrotypecontext on input line 1988.
\MT@listname@count=\count199

(C:\Users\micha\AppData\Local\Programs\MiKTeX\tex/latex/microtype\microtype-pdf
tex.def
File: microtype-pdftex.def 2023/03/13 v3.1a Definitions specific to pdftex (RS)

LaTeX Info: Redefining \lsstyle on input line 902.
LaTeX Info: Redefining \lslig on input line 902.
\MT@outer@space=\skip54
)
Package microtype Info: Loading configuration file microtype.cfg.

(C:\Users\micha\AppData\Local\Programs\MiKTeX\tex/latex/microtype\microtype.cfg
File: microtype.cfg 2023/03/13 v3.1a microtype main configuration file (RS)
)) (C:\Users\micha\AppData\Local\Programs\MiKTeX\tex/latex/amsmath\amsmath.sty
Package: amsmath 2023/05/13 v2.17o AMS math features
\@mathmargin=\skip55

For additional information on amsmath, use the `?' option.
(C:\Users\micha\AppData\Local\Programs\MiKTeX\tex/latex/amsmath\amstext.sty
Package: amstext 2021/08/26 v2.01 AMS text

(C:\Users\micha\AppData\Local\Programs\MiKTeX\tex/latex/amsmath\amsgen.sty
File: amsgen.sty 1999/11/30 v2.0 generic functions
\@emptytoks=\toks21
\ex@=\dimen157
))
(C:\Users\micha\AppData\Local\Programs\MiKTeX\tex/latex/amsmath\amsbsy.sty
Package: amsbsy 1999/11/29 v1.2d Bold Symbols
\pmbraise@=\dimen158
)
(C:\Users\micha\AppData\Local\Programs\MiKTeX\tex/latex/amsmath\amsopn.sty
Package: amsopn 2022/04/08 v2.04 operator names
)
\inf@bad=\count266
LaTeX Info: Redefining \frac on input line 234.
\uproot@=\count267
\leftroot@=\count268
LaTeX Info: Redefining \overline on input line 399.
LaTeX Info: Redefining \colon on input line 410.
\classnum@=\count269
\DOTSCASE@=\count270
LaTeX Info: Redefining \ldots on input line 496.
LaTeX Info: Redefining \dots on input line 499.
LaTeX Info: Redefining \cdots on input line 620.
\Mathstrutbox@=\box52
\strutbox@=\box53
LaTeX Info: Redefining \big on input line 722.
LaTeX Info: Redefining \Big on input line 723.
LaTeX Info: Redefining \bigg on input line 724.
LaTeX Info: Redefining \Bigg on input line 725.
\big@size=\dimen159
LaTeX Font Info:    Redeclaring font encoding OML on input line 743.
LaTeX Font Info:    Redeclaring font encoding OMS on input line 744.
\macc@depth=\count271
LaTeX Info: Redefining \bmod on input line 905.
LaTeX Info: Redefining \pmod on input line 910.
LaTeX Info: Redefining \smash on input line 940.
LaTeX Info: Redefining \relbar on input line 970.
LaTeX Info: Redefining \Relbar on input line 971.
\c@MaxMatrixCols=\count272
\dotsspace@=\muskip17
\c@parentequation=\count273
\dspbrk@lvl=\count274
\tag@help=\toks22
\row@=\count275
\column@=\count276
\maxfields@=\count277
\andhelp@=\toks23
\eqnshift@=\dimen160
\alignsep@=\dimen161
\tagshift@=\dimen162
\tagwidth@=\dimen163
\totwidth@=\dimen164
\lineht@=\dimen165
\@envbody=\toks24
\multlinegap=\skip56
\multlinetaggap=\skip57
\mathdisplay@stack=\toks25
LaTeX Info: Redefining \[ on input line 2953.
LaTeX Info: Redefining \] on input line 2954.
)
(C:\Users\micha\AppData\Local\Programs\MiKTeX\tex/latex/float\float.sty
Package: float 2001/11/08 v1.3d Float enhancements (AL)
\c@float@type=\count278
\float@exts=\toks26
\float@box=\box54
\@float@everytoks=\toks27
\@floatcapt=\box55
)
(C:\Users\micha\AppData\Local\Programs\MiKTeX\tex/latex/graphics\color.sty
Package: color 2022/01/06 v1.3d Standard LaTeX Color (DPC)

(C:\Users\micha\AppData\Local\Programs\MiKTeX\tex/latex/graphics-cfg\color.cfg
File: color.cfg 2016/01/02 v1.6 sample color configuration
)
Package color Info: Driver file: pdftex.def on input line 149.
(C:\Users\micha\AppData\Local\Programs\MiKTeX\tex/latex/graphics\mathcolor.ltx)
)
(C:\Users\micha\AppData\Local\Programs\MiKTeX\tex/latex/subfigure\subfigure.sty
Package: subfigure 2002/07/30 v2.1.4 subfigure package
\subfigtopskip=\skip58
\subfigcapskip=\skip59
\subfigcaptopadj=\dimen166
\subfigbottomskip=\skip60
\subfigcapmargin=\dimen167
\subfiglabelskip=\skip61
\c@subfigure=\count279
\c@lofdepth=\count280
\c@subtable=\count281
\c@lotdepth=\count282
****************************************
* Local config file subfigure.cfg used *
****************************************

(C:\Users\micha\AppData\Local\Programs\MiKTeX\tex/latex/subfigure\subfigure.cfg
)
\subfig@top=\skip62
\subfig@bottom=\skip63
)
(C:\Users\micha\AppData\Local\Programs\MiKTeX\tex/latex/enumitem\enumitem.sty
Package: enumitem 2019/06/20 v3.9 Customized lists
\labelindent=\skip64
\enit@outerparindent=\dimen168
\enit@toks=\toks28
\enit@inbox=\box56
\enit@count@id=\count283
\enitdp@description=\count284
)
LaTeX Font Info:    Trying to load font information for OT1+ptm on input line 3
1.

(C:\Users\micha\AppData\Local\Programs\MiKTeX\tex/latex/psnfss\ot1ptm.fd
File: ot1ptm.fd 2001/06/04 font definitions for OT1/ptm.
)
(C:\Users\micha\AppData\Local\Programs\MiKTeX\tex/latex/l3backend\l3backend-pdf
tex.def
File: l3backend-pdftex.def 2023-04-19 L3 backend support: PDF output (pdfTeX)
\l__color_backend_stack_int=\count285
\l__pdf_internal_box=\box57
) (ResistingAdvAtack_changed.aux

LaTeX Warning: Label `elbo_with_y' multiply defined.

)
\openout1 = `ResistingAdvAtack_changed.aux'.

LaTeX Font Info:    Checking defaults for OML/cmm/m/it on input line 31.
LaTeX Font Info:    ... okay on input line 31.
LaTeX Font Info:    Checking defaults for OMS/cmsy/m/n on input line 31.
LaTeX Font Info:    ... okay on input line 31.
LaTeX Font Info:    Checking defaults for OT1/cmr/m/n on input line 31.
LaTeX Font Info:    ... okay on input line 31.
LaTeX Font Info:    Checking defaults for T1/cmr/m/n on input line 31.
LaTeX Font Info:    ... okay on input line 31.
LaTeX Font Info:    Checking defaults for TS1/cmr/m/n on input line 31.
LaTeX Font Info:    ... okay on input line 31.
LaTeX Font Info:    Checking defaults for OMX/cmex/m/n on input line 31.
LaTeX Font Info:    ... okay on input line 31.
LaTeX Font Info:    Checking defaults for U/cmr/m/n on input line 31.
LaTeX Font Info:    ... okay on input line 31.

(C:\Users\micha\AppData\Local\Programs\MiKTeX\tex/context/base/mkii\supp-pdf.mk
ii
[Loading MPS to PDF converter (version 2006.09.02).]
\scratchcounter=\count286
\scratchdimen=\dimen169
\scratchbox=\box58
\nofMPsegments=\count287
\nofMParguments=\count288
\everyMPshowfont=\toks29
\MPscratchCnt=\count289
\MPscratchDim=\dimen170
\MPnumerator=\count290
\makeMPintoPDFobject=\count291
\everyMPtoPDFconversion=\toks30
)
(C:\Users\micha\AppData\Local\Programs\MiKTeX\tex/latex/epstopdf-pkg\epstopdf-b
ase.sty
Package: epstopdf-base 2020-01-24 v2.11 Base part for package epstopdf
Package epstopdf-base Info: Redefining graphics rule for `.eps' on input line 4
85.

(C:\Users\micha\AppData\Local\Programs\MiKTeX\tex/latex/00miktex\epstopdf-sys.c
fg
File: epstopdf-sys.cfg 2021/03/18 v2.0 Configuration of epstopdf for MiKTeX
))
LaTeX Info: Redefining \microtypecontext on input line 31.
Package microtype Info: Applying patch `item' on input line 31.
Package microtype Info: Applying patch `toc' on input line 31.
Package microtype Info: Applying patch `eqnum' on input line 31.
Package microtype Info: Applying patch `footnote' on input line 31.
Package microtype Info: Applying patch `verbatim' on input line 31.
Package microtype Info: Generating PDF output.
Package microtype Info: Character protrusion enabled (level 2).
Package microtype Info: Using default protrusion set `alltext'.
Package microtype Info: Automatic font expansion enabled (level 2),
(microtype)             stretch: 20, shrink: 20, step: 1, non-selected.
Package microtype Info: Using default expansion set `alltext-nott'.
LaTeX Info: Redefining \showhyphens on input line 31.
Package microtype Info: No adjustment of tracking.
Package microtype Info: No adjustment of interword spacing.
Package microtype Info: No adjustment of character kerning.

(C:\Users\micha\AppData\Local\Programs\MiKTeX\tex/latex/microtype\mt-ptm.cfg
File: mt-ptm.cfg 2006/04/20 v1.7 microtype config. file: Times (RS)
)
(C:\Users\micha\AppData\Local\Programs\MiKTeX\tex/latex/microtype\mt-cmr.cfg
File: mt-cmr.cfg 2013/05/19 v2.2 microtype config. file: Computer Modern Roman 
(RS)
)
LaTeX Font Info:    Trying to load font information for U+msa on input line 57.


(C:\Users\micha\AppData\Local\Programs\MiKTeX\tex/latex/amsfonts\umsa.fd
File: umsa.fd 2013/01/14 v3.01 AMS symbols A
)
(C:\Users\micha\AppData\Local\Programs\MiKTeX\tex/latex/microtype\mt-msa.cfg
File: mt-msa.cfg 2006/02/04 v1.1 microtype config. file: AMS symbols (a) (RS)
)
LaTeX Font Info:    Trying to load font information for U+msb on input line 57.


(C:\Users\micha\AppData\Local\Programs\MiKTeX\tex/latex/amsfonts\umsb.fd
File: umsb.fd 2013/01/14 v3.01 AMS symbols B
)
(C:\Users\micha\AppData\Local\Programs\MiKTeX\tex/latex/microtype\mt-msb.cfg
File: mt-msb.cfg 2005/06/01 v1.0 microtype config. file: AMS symbols (b) (RS)
)
LaTeX Font Info:    Trying to load font information for TS1+ptm on input line 5
7.

(C:\Users\micha\AppData\Local\Programs\MiKTeX\tex/latex/psnfss\ts1ptm.fd
File: ts1ptm.fd 2001/06/04 font definitions for TS1/ptm.
)

LaTeX Warning: Citation `szegedy2013intriguing' on page 1 undefined on input li
ne 64.


LaTeX Warning: Citation `he2015delving' on page 1 undefined on input line 64.


LaTeX Warning: Citation `huang2017densely' on page 1 undefined on input line 64
.


LaTeX Warning: Citation `finlayson2018adversarial' on page 1 undefined on input
 line 64.


LaTeX Warning: Citation `evtimov2017robust' on page 1 undefined on input line 6
4.


LaTeX Warning: Citation `szegedy2013intriguing' on page 1 undefined on input li
ne 67.


LaTeX Warning: Citation `nguyen2015deep' on page 1 undefined on input line 67.


LaTeX Warning: Citation `szegedy2013intriguing' on page 1 undefined on input li
ne 67.


LaTeX Warning: Citation `nguyen2015deep' on page 1 undefined on input line 67.


LaTeX Warning: Citation `lecun1998gradient' on page 1 undefined on input line 6
7.


LaTeX Warning: Citation `nguyen2015deep' on page 1 undefined on input line 67.


LaTeX Warning: Citation `nguyen2015deep' on page 1 undefined on input line 67.


LaTeX Warning: Citation `goodfellow2014explaining' on page 1 undefined on input
 line 67.


LaTeX Warning: Citation `szegedy2013intriguing' on page 1 undefined on input li
ne 68.


LaTeX Warning: Citation `goodfellow2014explaining' on page 1 undefined on input
 line 68.


LaTeX Warning: Citation `carlini2017towards' on page 1 undefined on input line 
68.


LaTeX Warning: Citation `papernot2016limitations' on page 1 undefined on input 
line 68.


LaTeX Warning: Citation `moosavi2016deepfool' on page 1 undefined on input line
 68.


LaTeX Warning: Citation `madry2017towards' on page 1 undefined on input line 68
.


LaTeX Warning: Citation `papernot2017practical' on page 1 undefined on input li
ne 68.


LaTeX Warning: Citation `papernot2016transferability' on page 1 undefined on in
put line 68.


LaTeX Warning: Citation `chen2017zoo' on page 1 undefined on input line 68.


LaTeX Warning: Citation `goodfellow2014explaining' on page 1 undefined on input
 line 68.


LaTeX Warning: Citation `szegedy2013intriguing' on page 1 undefined on input li
ne 68.


LaTeX Warning: Citation `gu2014towards' on page 1 undefined on input line 68.


LaTeX Warning: Citation `papernot2016distillation' on page 1 undefined on input
 line 68.


LaTeX Warning: Citation `nguyen2015deep' on page 1 undefined on input line 68.


LaTeX Warning: Citation `szegedy2013intriguing' on page 1 undefined on input li
ne 68.


LaTeX Warning: Citation `gu2014towards' on page 1 undefined on input line 68.


LaTeX Warning: Citation `Meng:2017:MTD:3133956.3134057' on page 1 undefined on 
input line 68.


LaTeX Warning: Citation `obfuscated-gradients' on page 1 undefined on input lin
e 68.


LaTeX Warning: Citation `carlini2016defensive' on page 1 undefined on input lin
e 68.


LaTeX Warning: Citation `obfuscated-gradients' on page 1 undefined on input lin
e 68.


LaTeX Warning: Citation `szegedy2013intriguing' on page 1 undefined on input li
ne 70.


LaTeX Warning: Citation `goodfellow2014explaining' on page 1 undefined on input
 line 70.


LaTeX Warning: Citation `kingma2013auto' on page 1 undefined on input line 73.


Underfull \vbox (badness 10000) has occurred while \output is active []

 [1{C:/Users/micha/AppData/Local/MiKTeX/fonts/map/pdftex/pdftex.map}{C:/Users/m
icha/AppData/Local/Programs/MiKTeX/fonts/enc/dvips/base/8r.enc}



]

LaTeX Warning: Citation `lecun1998gradient' on page 2 undefined on input line 8
4.


LaTeX Warning: Citation `netzer2011reading' on page 2 undefined on input line 8
4.


LaTeX Warning: Citation `nayar1996columbia' on page 2 undefined on input line 8
4.


LaTeX Warning: Citation `samangouei2018defensegan' on page 2 undefined on input
 line 90.


LaTeX Warning: Citation `obfuscated-gradients' on page 2 undefined on input lin
e 90.


LaTeX Warning: Citation `zhao2017generating' on page 2 undefined on input line 
90.


LaTeX Warning: Citation `song2017pixeldefend' on page 2 undefined on input line
 92.


LaTeX Warning: Citation `meng2017magnet' on page 2 undefined on input line 94.


LaTeX Warning: Citation `carlini2017magnet' on page 2 undefined on input line 9
4.


LaTeX Warning: Citation `madry2017towards' on page 2 undefined on input line 98
.


LaTeX Warning: Citation `song2018generative' on page 2 undefined on input line 
98.


LaTeX Warning: Citation `kingma2013auto' on page 2 undefined on input line 104.



LaTeX Warning: Citation `kingma2013auto' on page 2 undefined on input line 104.


[2]
<Model_BW.pdf, id=24, 700.54993pt x 169.0813pt>
File: Model_BW.pdf Graphic file (type pdf)
<use Model_BW.pdf>
Package pdftex.def Info: Model_BW.pdf  used on input line 140.
(pdftex.def)             Requested size: 404.71353pt x 97.68022pt.


LaTeX Warning: Citation `kingma2013auto' on page 3 undefined on input line 164.


[3]
Underfull \hbox (badness 1052) in paragraph at lines 236--240
\OT1/ptm/m/n/10 (+20) Following the ar-gu-ment stated above, we can ap-prox-
 []


Underfull \hbox (badness 1824) in paragraph at lines 236--240
\OT1/ptm/m/n/10 (+20) i-mate $\OT1/cmr/bx/n/10 z[] \OMS/cmsy/m/n/10 ^^Y \OT1/cm
r/bx/n/10 z[] \OT1/cmr/m/n/10 = [][] []$\OT1/ptm/m/n/10 (+20) . We
 []


Underfull \hbox (badness 1635) in paragraph at lines 236--240
\OT1/ptm/m/n/10 (+20) can now find the la-bel of the ad-ver-sar-ial sam-ple as
 []

<example_recon_pdf.png, id=30, 395.7987pt x 112.0185pt>
File: example_recon_pdf.png Graphic file (type png)
<use example_recon_pdf.png>
Package pdftex.def Info: example_recon_pdf.png  used on input line 247.
(pdftex.def)             Requested size: 379.4175pt x 107.3861pt.

LaTeX Warning: Citation `kingma2014adam' on page 4 undefined on input line 254.


[4 <./Model_BW.pdf>]

LaTeX Warning: Citation `wan2013regularization' on page 5 undefined on input li
ne 278.


LaTeX Warning: Citation `lee2016generalizing' on page 5 undefined on input line
 278.


LaTeX Warning: Citation `wu2015kernel' on page 5 undefined on input line 278.


LaTeX Warning: Citation `wan2013regularization' on page 5 undefined on input li
ne 278.


LaTeX Warning: Citation `lee2016generalizing' on page 5 undefined on input line
 278.


LaTeX Warning: Citation `wu2015kernel' on page 5 undefined on input line 278.


LaTeX Warning: Citation `goodfellow2014explaining' on page 5 undefined on input
 line 292.


LaTeX Warning: Citation `papernot2017cleverhans' on page 5 undefined on input l
ine 292.


LaTeX Warning: Citation `dongboosting' on page 5 undefined on input line 292.


LaTeX Warning: Citation `madry2017towards' on page 5 undefined on input line 29
2.

<fgsm_plot.pdf, id=66, 715.84125pt x 327.20317pt>
File: fgsm_plot.pdf Graphic file (type pdf)
<use fgsm_plot.pdf>
Package pdftex.def Info: fgsm_plot.pdf  used on input line 297.
(pdftex.def)             Requested size: 227.64894pt x 104.0531pt.
[5 <./example_recon_pdf.png> <./fgsm_plot.pdf>]
<adv_MNIST.pdf, id=112, 1364.17896pt x 453.99814pt>
File: adv_MNIST.pdf Graphic file (type pdf)
<use adv_MNIST.pdf>
Package pdftex.def Info: adv_MNIST.pdf  used on input line 329.
(pdftex.def)             Requested size: 164.4127pt x 54.71295pt.
<adv_COil.pdf, id=113, 1365.25966pt x 453.7181pt>
File: adv_COil.pdf Graphic file (type pdf)
<use adv_COil.pdf>
Package pdftex.def Info: adv_COil.pdf  used on input line 330.
(pdftex.def)             Requested size: 164.4127pt x 54.63766pt.
<FOOL_MNIST.pdf, id=114, 1363.94101pt x 453.78763pt>
File: FOOL_MNIST.pdf Graphic file (type pdf)
<use FOOL_MNIST.pdf>
Package pdftex.def Info: FOOL_MNIST.pdf  used on input line 331.
(pdftex.def)             Requested size: 164.4127pt x 54.6945pt.


LaTeX Warning: Citation `goodfellow2014explaining' on page 6 undefined on input
 line 390.


LaTeX Warning: Citation `nguyen2015deep' on page 6 undefined on input line 390.


<vanilla_plot.png, id=115, 462.528pt x 346.896pt>
File: vanilla_plot.png Graphic file (type png)
<use vanilla_plot.png>
Package pdftex.def Info: vanilla_plot.png  used on input line 446.
(pdftex.def)             Requested size: 151.76854pt x 113.82497pt.

LaTeX Warning: Citation `heusel2017gans' on page 6 undefined on input line 450.



LaTeX Warning: `h' float specifier changed to `ht'.


LaTeX Warning: Citation `imagenet_cvpr09' on page 6 undefined on input line 453
.


LaTeX Warning: Citation `kingma2018glow' on page 6 undefined on input line 453.



LaTeX Warning: Citation `finlayson2018adversarial' on page 6 undefined on input
 line 453.

[6]
Underfull \vbox (badness 10000) has occurred while \output is active []

 [7 <./adv_MNIST.pdf> <./adv_COil.pdf

pdfTeX warning: pdflatex (file ./adv_COil.pdf): PDF inclusion: multiple pdfs wi
th page group included in a single page
> <./FOOL_MNIST.pdf

pdfTeX warning: pdflatex (file ./FOOL_MNIST.pdf): PDF inclusion: multiple pdfs 
with page group included in a single page
> <./vanilla_plot.png>] [8

]
No file ResistingAdvAtack_changed.bbl.
(ResistingAdvAtack_changed.aux)
 ***********
LaTeX2e <2023-06-01> patch level 1
L3 programming layer <2023-08-29>
 ***********


LaTeX Warning: There were multiply-defined labels.

 ) 
Here is how much of TeX's memory you used:
 5986 strings out of 475247
 96725 string characters out of 5757792
 1947801 words of memory out of 5000000
 27121 multiletter control sequences out of 15000+600000
 597549 words of font info for 282 fonts, out of 8000000 for 9000
 1141 hyphenation exceptions out of 8191
 57i,20n,65p,2770b,385s stack positions out of 10000i,1000n,20000p,200000b,200000s
<C:/Users/micha/AppData/Local/Programs/MiKTeX/fonts/type1/public/amsfonts/cm/
cmbx10.pfb><C:/Users/micha/AppData/Local/Programs/MiKTeX/fonts/type1/public/ams
fonts/cm/cmbx7.pfb><C:/Users/micha/AppData/Local/Programs/MiKTeX/fonts/type1/pu
blic/amsfonts/cm/cmex10.pfb><C:/Users/micha/AppData/Local/Programs/MiKTeX/fonts
/type1/public/amsfonts/cm/cmmi10.pfb><C:/Users/micha/AppData/Local/Programs/MiK
TeX/fonts/type1/public/amsfonts/cm/cmmi5.pfb><C:/Users/micha/AppData/Local/Prog
rams/MiKTeX/fonts/type1/public/amsfonts/cm/cmmi7.pfb><C:/Users/micha/AppData/Lo
cal/Programs/MiKTeX/fonts/type1/public/amsfonts/cm/cmmib10.pfb><C:/Users/micha/
AppData/Local/Programs/MiKTeX/fonts/type1/public/amsfonts/cmextra/cmmib7.pfb><C
:/Users/micha/AppData/Local/Programs/MiKTeX/fonts/type1/public/amsfonts/cm/cmr1
0.pfb><C:/Users/micha/AppData/Local/Programs/MiKTeX/fonts/type1/public/amsfonts
/cm/cmr5.pfb><C:/Users/micha/AppData/Local/Programs/MiKTeX/fonts/type1/public/a
msfonts/cm/cmr7.pfb><C:/Users/micha/AppData/Local/Programs/MiKTeX/fonts/type1/p
ublic/amsfonts/cm/cmsy10.pfb><C:/Users/micha/AppData/Local/Programs/MiKTeX/font
s/type1/public/amsfonts/cm/cmsy5.pfb><C:/Users/micha/AppData/Local/Programs/MiK
TeX/fonts/type1/public/amsfonts/cm/cmsy7.pfb><C:/Users/micha/AppData/Local/Prog
rams/MiKTeX/fonts/type1/public/amsfonts/cm/cmsy8.pfb><C:/Users/micha/AppData/Lo
cal/Programs/MiKTeX/fonts/type1/public/amsfonts/cm/cmti7.pfb><C:/Users/micha/Ap
pData/Local/Programs/MiKTeX/fonts/type1/public/amsfonts/symbols/msbm10.pfb><C:/
Users/micha/AppData/Local/Programs/MiKTeX/fonts/type1/urw/times/utmb8a.pfb><C:/
Users/micha/AppData/Local/Programs/MiKTeX/fonts/type1/urw/times/utmr8a.pfb><C:/
Users/micha/AppData/Local/Programs/MiKTeX/fonts/type1/urw/times/utmri8a.pfb>
Output written on ResistingAdvAtack_changed.pdf (8 pages, 6770808 bytes).
PDF statistics:
 853 PDF objects out of 1000 (max. 8388607)
 0 named destinations out of 1000 (max. 500000)
 57892 words of extra memory for PDF output out of 61914 (max. 10000000)

