This is pdfTeX, Version 3.141592653-2.6-1.40.25 (MiKTeX 23.9) (preloaded format=pdflatex 2023.9.22)  30 MAR 2024 17:12
entering extended mode
 restricted \write18 enabled.
 %&-line parsing enabled.
**./main_changed.tex
(main_changed.tex
LaTeX2e <2023-06-01> patch level 1
L3 programming layer <2023-08-29>
(C:\Users\micha\AppData\Local\Programs\MiKTeX\tex/latex/base\article.cls
Document Class: article 2023/05/17 v1.4n Standard LaTeX document class
(C:\Users\micha\AppData\Local\Programs\MiKTeX\tex/latex/base\size10.clo
File: size10.clo 2023/05/17 v1.4n Standard LaTeX file (size option)
)
\c@part=\count185
\c@section=\count186
\c@subsection=\count187
\c@subsubsection=\count188
\c@paragraph=\count189
\c@subparagraph=\count190
\c@figure=\count191
\c@table=\count192
\abovecaptionskip=\skip48
\belowcaptionskip=\skip49
\bibindent=\dimen140
)
(aaai23.sty
Package: aaai23 2023/06/27 AAAI 2023 Submission format

Conference Style for AAAI for LaTeX 2e -- version for submission
\titlebox=\skip50
) (C:\Users\micha\AppData\Local\Programs\MiKTeX\tex/latex/psnfss\times.sty
Package: times 2020/03/25 PSNFSS-v9.3 (SPQR) 
)
(C:\Users\micha\AppData\Local\Programs\MiKTeX\tex/latex/psnfss\helvet.sty
Package: helvet 2020/03/25 PSNFSS-v9.3 (WaS) 

(C:\Users\micha\AppData\Local\Programs\MiKTeX\tex/latex/graphics\keyval.sty
Package: keyval 2022/05/29 v1.15 key=value parser (DPC)
\KV@toks@=\toks17
))
(C:\Users\micha\AppData\Local\Programs\MiKTeX\tex/latex/psnfss\courier.sty
Package: courier 2020/03/25 PSNFSS-v9.3 (WaS) 
)
(C:\Users\micha\AppData\Local\Programs\MiKTeX\tex/latex/url\url.sty
\Urlmuskip=\muskip16
Package: url 2013/09/16  ver 3.4  Verb mode for urls, etc.
)
(C:\Users\micha\AppData\Local\Programs\MiKTeX\tex/latex/graphics\graphicx.sty
Package: graphicx 2021/09/16 v1.2d Enhanced LaTeX Graphics (DPC,SPQR)

(C:\Users\micha\AppData\Local\Programs\MiKTeX\tex/latex/graphics\graphics.sty
Package: graphics 2022/03/10 v1.4e Standard LaTeX Graphics (DPC,SPQR)

(C:\Users\micha\AppData\Local\Programs\MiKTeX\tex/latex/graphics\trig.sty
Package: trig 2021/08/11 v1.11 sin cos tan (DPC)
)
(C:\Users\micha\AppData\Local\Programs\MiKTeX\tex/latex/graphics-cfg\graphics.c
fg
File: graphics.cfg 2016/06/04 v1.11 sample graphics configuration
)
Package graphics Info: Driver file: pdftex.def on input line 107.

(C:\Users\micha\AppData\Local\Programs\MiKTeX\tex/latex/graphics-def\pdftex.def
File: pdftex.def 2022/09/22 v1.2b Graphics/color driver for pdftex
))
\Gin@req@height=\dimen141
\Gin@req@width=\dimen142
) (C:\Users\micha\AppData\Local\Programs\MiKTeX\tex/latex/natbib\natbib.sty
Package: natbib 2010/09/13 8.31b (PWD, AO)
\bibhang=\skip51
\bibsep=\skip52
LaTeX Info: Redefining \cite on input line 694.
\c@NAT@ctr=\count193
)
(C:\Users\micha\AppData\Local\Programs\MiKTeX\tex/latex/caption\caption.sty
Package: caption 2023/07/31 v3.6n Customizing captions (AR)

(C:\Users\micha\AppData\Local\Programs\MiKTeX\tex/latex/caption\caption3.sty
Package: caption3 2023/07/31 v2.4d caption3 kernel (AR)
\caption@tempdima=\dimen143
\captionmargin=\dimen144
\caption@leftmargin=\dimen145
\caption@rightmargin=\dimen146
\caption@width=\dimen147
\caption@indent=\dimen148
\caption@parindent=\dimen149
\caption@hangindent=\dimen150
Package caption Info: Standard document class detected.
)
\c@caption@flags=\count194
\c@continuedfloat=\count195
)
(C:\Users\micha\AppData\Local\Programs\MiKTeX\tex/latex/algorithms\algorithm.st
y
Package: algorithm 2009/08/24 v0.1 Document Style `algorithm' - floating enviro
nment
 (C:\Users\micha\AppData\Local\Programs\MiKTeX\tex/latex/float\float.sty
Package: float 2001/11/08 v1.3d Float enhancements (AL)
\c@float@type=\count196
\float@exts=\toks18
\float@box=\box51
\@float@everytoks=\toks19
\@floatcapt=\box52
)
(C:\Users\micha\AppData\Local\Programs\MiKTeX\tex/latex/base\ifthen.sty
Package: ifthen 2022/04/13 v1.1d Standard LaTeX ifthen package (DPC)
)
\@float@every@algorithm=\toks20
\c@algorithm=\count197
)
(C:\Users\micha\AppData\Local\Programs\MiKTeX\tex/latex/algorithms\algorithmic.
sty
Package: algorithmic 2009/08/24 v0.1 Document Style `algorithmic'
\c@ALC@unique=\count198
\c@ALC@line=\count199
\c@ALC@rem=\count266
\c@ALC@depth=\count267
\ALC@tlm=\skip53
\algorithmicindent=\skip54
)
(C:\Users\micha\AppData\Local\Programs\MiKTeX\tex/latex/newfloat\newfloat.sty
Package: newfloat 2023/10/01 v1.2 Defining new floating environments (AR)
)
(C:\Users\micha\AppData\Local\Programs\MiKTeX\tex/latex/listings\listings.sty
\lst@mode=\count268
\lst@gtempboxa=\box53
\lst@token=\toks21
\lst@length=\count269
\lst@currlwidth=\dimen151
\lst@column=\count270
\lst@pos=\count271
\lst@lostspace=\dimen152
\lst@width=\dimen153
\lst@newlines=\count272
\lst@lineno=\count273
\lst@maxwidth=\dimen154

(C:\Users\micha\AppData\Local\Programs\MiKTeX\tex/latex/listings\lstmisc.sty
File: lstmisc.sty 2023/02/27 1.9 (Carsten Heinz)
\c@lstnumber=\count274
\lst@skipnumbers=\count275
\lst@framebox=\box54
)
(C:\Users\micha\AppData\Local\Programs\MiKTeX\tex/latex/listings\listings.cfg
File: listings.cfg 2023/02/27 1.9 listings configuration
))
Package: listings 2023/02/27 1.9 (Carsten Heinz)
\@float@every@listing=\toks22
\c@listing=\count276
(C:\Users\micha\AppData\Local\Programs\MiKTeX\tex/latex/comment\comment.sty
\CommentStream=\write3

Excluding comment 'comment')
(C:\Users\micha\AppData\Local\Programs\MiKTeX\tex/latex/mathtools\mathtools.sty
Package: mathtools 2022/06/29 v1.29 mathematical typesetting tools
(C:\Users\micha\AppData\Local\Programs\MiKTeX\tex/latex/tools\calc.sty
Package: calc 2017/05/25 v4.3 Infix arithmetic (KKT,FJ)
\calc@Acount=\count277
\calc@Bcount=\count278
\calc@Adimen=\dimen155
\calc@Bdimen=\dimen156
\calc@Askip=\skip55
\calc@Bskip=\skip56
LaTeX Info: Redefining \setlength on input line 80.
LaTeX Info: Redefining \addtolength on input line 81.
\calc@Ccount=\count279
\calc@Cskip=\skip57
)
(C:\Users\micha\AppData\Local\Programs\MiKTeX\tex/latex/mathtools\mhsetup.sty
Package: mhsetup 2021/03/18 v1.4 programming setup (MH)
)
(C:\Users\micha\AppData\Local\Programs\MiKTeX\tex/latex/amsmath\amsmath.sty
Package: amsmath 2023/05/13 v2.17o AMS math features
\@mathmargin=\skip58

For additional information on amsmath, use the `?' option.
(C:\Users\micha\AppData\Local\Programs\MiKTeX\tex/latex/amsmath\amstext.sty
Package: amstext 2021/08/26 v2.01 AMS text

(C:\Users\micha\AppData\Local\Programs\MiKTeX\tex/latex/amsmath\amsgen.sty
File: amsgen.sty 1999/11/30 v2.0 generic functions
\@emptytoks=\toks23
\ex@=\dimen157
))
(C:\Users\micha\AppData\Local\Programs\MiKTeX\tex/latex/amsmath\amsbsy.sty
Package: amsbsy 1999/11/29 v1.2d Bold Symbols
\pmbraise@=\dimen158
)
(C:\Users\micha\AppData\Local\Programs\MiKTeX\tex/latex/amsmath\amsopn.sty
Package: amsopn 2022/04/08 v2.04 operator names
)
\inf@bad=\count280
LaTeX Info: Redefining \frac on input line 234.
\uproot@=\count281
\leftroot@=\count282
LaTeX Info: Redefining \overline on input line 399.
LaTeX Info: Redefining \colon on input line 410.
\classnum@=\count283
\DOTSCASE@=\count284
LaTeX Info: Redefining \ldots on input line 496.
LaTeX Info: Redefining \dots on input line 499.
LaTeX Info: Redefining \cdots on input line 620.
\Mathstrutbox@=\box55
\strutbox@=\box56
LaTeX Info: Redefining \big on input line 722.
LaTeX Info: Redefining \Big on input line 723.
LaTeX Info: Redefining \bigg on input line 724.
LaTeX Info: Redefining \Bigg on input line 725.
\big@size=\dimen159
LaTeX Font Info:    Redeclaring font encoding OML on input line 743.
LaTeX Font Info:    Redeclaring font encoding OMS on input line 744.
\macc@depth=\count285
LaTeX Info: Redefining \bmod on input line 905.
LaTeX Info: Redefining \pmod on input line 910.
LaTeX Info: Redefining \smash on input line 940.
LaTeX Info: Redefining \relbar on input line 970.
LaTeX Info: Redefining \Relbar on input line 971.
\c@MaxMatrixCols=\count286
\dotsspace@=\muskip17
\c@parentequation=\count287
\dspbrk@lvl=\count288
\tag@help=\toks24
\row@=\count289
\column@=\count290
\maxfields@=\count291
\andhelp@=\toks25
\eqnshift@=\dimen160
\alignsep@=\dimen161
\tagshift@=\dimen162
\tagwidth@=\dimen163
\totwidth@=\dimen164
\lineht@=\dimen165
\@envbody=\toks26
\multlinegap=\skip59
\multlinetaggap=\skip60
\mathdisplay@stack=\toks27
LaTeX Info: Redefining \[ on input line 2953.
LaTeX Info: Redefining \] on input line 2954.
)
\g_MT_multlinerow_int=\count292
\l_MT_multwidth_dim=\dimen166
\origjot=\skip61
\l_MT_shortvdotswithinadjustabove_dim=\dimen167
\l_MT_shortvdotswithinadjustbelow_dim=\dimen168
\l_MT_above_intertext_sep=\dimen169
\l_MT_below_intertext_sep=\dimen170
\l_MT_above_shortintertext_sep=\dimen171
\l_MT_below_shortintertext_sep=\dimen172
\xmathstrut@box=\box57
\xmathstrut@dim=\dimen173
)
(C:\Users\micha\AppData\Local\Programs\MiKTeX\tex/latex/caption\subcaption.sty
Package: subcaption 2023/07/28 v1.6b Sub-captions (AR)
Package caption Info: New subtype `subfigure' on input line 238.
\c@subfigure=\count293
Package caption Info: New subtype `subtable' on input line 238.
\c@subtable=\count294
) (C:\Users\micha\AppData\Local\Programs\MiKTeX\tex/latex/multirow\multirow.sty
Package: multirow 2021/03/15 v2.8 Span multiple rows of a table
\multirow@colwidth=\skip62
\multirow@cntb=\count295
\multirow@dima=\skip63
\bigstrutjot=\dimen174
) (C:\Users\micha\AppData\Local\Programs\MiKTeX\tex/latex/xurl\xurl.sty
Package: xurl 2022/01/09 v 0.10 modify URL breaks
)
(C:\Users\micha\AppData\Local\Programs\MiKTeX\tex/latex/enumitem\enumitem.sty
Package: enumitem 2019/06/20 v3.9 Customized lists
\labelindent=\skip64
\enit@outerparindent=\dimen175
\enit@toks=\toks28
\enit@inbox=\box58
\enit@count@id=\count296
\enitdp@description=\count297
)
(C:\Users\micha\AppData\Local\Programs\MiKTeX\tex/latex/amsfonts\amsfonts.sty
Package: amsfonts 2013/01/14 v3.01 Basic AMSFonts support
\symAMSa=\mathgroup4
\symAMSb=\mathgroup5
LaTeX Font Info:    Redeclaring math symbol \hbar on input line 98.
LaTeX Font Info:    Overwriting math alphabet `\mathfrak' in version `bold'
(Font)                  U/euf/m/n --> U/euf/b/n on input line 106.
)
(C:\Users\micha\AppData\Local\Programs\MiKTeX\tex/latex/xpatch\xpatch.sty
(C:\Users\micha\AppData\Local\Programs\MiKTeX\tex/latex/l3kernel\expl3.sty
Package: expl3 2023-08-29 L3 programming layer (loader) 

(C:\Users\micha\AppData\Local\Programs\MiKTeX\tex/latex/l3backend\l3backend-pdf
tex.def
File: l3backend-pdftex.def 2023-04-19 L3 backend support: PDF output (pdfTeX)
\l__color_backend_stack_int=\count298
\l__pdf_internal_box=\box59
))
Package: xpatch 2020/03/25 v0.3a Extending etoolbox patching commands

(C:\Users\micha\AppData\Local\Programs\MiKTeX\tex/latex/l3packages/xparse\xpars
e.sty
Package: xparse 2023-08-29 L3 Experimental document command parser
)
(C:\Users\micha\AppData\Local\Programs\MiKTeX\tex/latex/etoolbox\etoolbox.sty
Package: etoolbox 2020/10/05 v2.5k e-TeX tools for LaTeX (JAW)
\etb@tempcnta=\count299
)) Excluding 'comment' comment.
LaTeX Font Info:    Trying to load font information for OT1+ptm on input line 2
20.

(C:\Users\micha\AppData\Local\Programs\MiKTeX\tex/latex/psnfss\ot1ptm.fd
File: ot1ptm.fd 2001/06/04 font definitions for OT1/ptm.
)
(main_changed.aux)
\openout1 = `main_changed.aux'.

LaTeX Font Info:    Checking defaults for OML/cmm/m/it on input line 220.
LaTeX Font Info:    ... okay on input line 220.
LaTeX Font Info:    Checking defaults for OMS/cmsy/m/n on input line 220.
LaTeX Font Info:    ... okay on input line 220.
LaTeX Font Info:    Checking defaults for OT1/cmr/m/n on input line 220.
LaTeX Font Info:    ... okay on input line 220.
LaTeX Font Info:    Checking defaults for T1/cmr/m/n on input line 220.
LaTeX Font Info:    ... okay on input line 220.
LaTeX Font Info:    Checking defaults for TS1/cmr/m/n on input line 220.
LaTeX Font Info:    ... okay on input line 220.
LaTeX Font Info:    Checking defaults for OMX/cmex/m/n on input line 220.
LaTeX Font Info:    ... okay on input line 220.
LaTeX Font Info:    Checking defaults for U/cmr/m/n on input line 220.
LaTeX Font Info:    ... okay on input line 220.

(C:\Users\micha\AppData\Local\Programs\MiKTeX\tex/context/base/mkii\supp-pdf.mk
ii
[Loading MPS to PDF converter (version 2006.09.02).]
\scratchcounter=\count300
\scratchdimen=\dimen176
\scratchbox=\box60
\nofMPsegments=\count301
\nofMParguments=\count302
\everyMPshowfont=\toks29
\MPscratchCnt=\count303
\MPscratchDim=\dimen177
\MPnumerator=\count304
\makeMPintoPDFobject=\count305
\everyMPtoPDFconversion=\toks30
)
(C:\Users\micha\AppData\Local\Programs\MiKTeX\tex/latex/epstopdf-pkg\epstopdf-b
ase.sty
Package: epstopdf-base 2020-01-24 v2.11 Base part for package epstopdf
Package epstopdf-base Info: Redefining graphics rule for `.eps' on input line 4
85.

(C:\Users\micha\AppData\Local\Programs\MiKTeX\tex/latex/00miktex\epstopdf-sys.c
fg
File: epstopdf-sys.cfg 2021/03/18 v2.0 Configuration of epstopdf for MiKTeX
))
Package caption Info: Begin \AtBeginDocument code.
Package caption Info: float package is loaded.
Package caption Info: listings package is loaded.
Package caption Info: End \AtBeginDocument code.
Package newfloat Info: `float' package detected.
\c@lstlisting=\count306
\c@eqfn=\count307
\titlearea=\box61
LaTeX Font Info:    Trying to load font information for U+msa on input line 222
.
 (C:\Users\micha\AppData\Local\Programs\MiKTeX\tex/latex/amsfonts\umsa.fd
File: umsa.fd 2013/01/14 v3.01 AMS symbols A
)
LaTeX Font Info:    Trying to load font information for U+msb on input line 222
.

(C:\Users\micha\AppData\Local\Programs\MiKTeX\tex/latex/amsfonts\umsb.fd
File: umsb.fd 2013/01/14 v3.01 AMS symbols B
)
\actualheight=\skip65
LaTeX Font Info:    Trying to load font information for TS1+ptm on input line 2
22.

(C:\Users\micha\AppData\Local\Programs\MiKTeX\tex/latex/psnfss\ts1ptm.fd
File: ts1ptm.fd 2001/06/04 font definitions for TS1/ptm.
)
(sec_abstract.tex) (sec_introduction.tex

Package natbib Warning: Citation `ma2021metainsight' on page 1 undefined on inp
ut line 5.


Package natbib Warning: Citation `atena2020sigmod' on page 1 undefined on input
 line 5.


Package natbib Warning: Citation `edasim2018kdd' on page 1 undefined on input l
ine 5.


Package natbib Warning: Citation `ma2021metainsight' on page 1 undefined on inp
ut line 6.

Excluding 'comment' comment. Excluding 'comment' comment.
<LaTeX/figures/intent_skew.png, id=1, 723.70375pt x 286.06876pt>
File: LaTeX/figures/intent_skew.png Graphic file (type png)
<use LaTeX/figures/intent_skew.png>
Package pdftex.def Info: LaTeX/figures/intent_skew.png  used on input line 24.
(pdftex.def)             Requested size: 203.48596pt x 59.84486pt.


Package natbib Warning: Citation `chaudhuri2017approximate' on page 1 undefined
 on input line 31.


Package natbib Warning: Citation `park2018verdictdb' on page 1 undefined on inp
ut line 31.


Package natbib Warning: Citation `sheoran2022aaai' on page 1 undefined on input
 line 31.


Package natbib Warning: Citation `park2016visualization' on page 1 undefined on
 input line 31.


Package natbib Warning: Citation `moritz2017trust' on page 1 undefined on input
 line 31.


Package natbib Warning: Citation `porwal2022sigmod' on page 1 undefined on inpu
t line 31.


Package natbib Warning: Citation `galakatos2017revisiting' on page 1 undefined 
on input line 31.


Package natbib Warning: Citation `wang2014sample' on page 1 undefined on input 
line 31.


Underfull \vbox (badness 10000) has occurred while \output is active []

 [1{C:/Users/micha/AppData/Local/MiKTeX/fonts/map/pdftex/pdftex.map}{C:/Users/m
icha/AppData/Local/Programs/MiKTeX/fonts/enc/dvips/base/8r.enc}



 <./LaTeX/figures/intent_skew.png>]

Package natbib Warning: Citation `atena2020sigmod' on page 2 undefined on input
 line 57.


Package natbib Warning: Citation `edasim2018kdd' on page 2 undefined on input l
ine 58.


Package natbib Warning: Citation `liu2018dialogue' on page 2 undefined on input
 line 60.


Package natbib Warning: Citation `shi2019build' on page 2 undefined on input li
ne 60.


Package natbib Warning: Citation `lei2020interactive' on page 2 undefined on in
put line 60.


Package natbib Warning: Citation `zhang2020conversational' on page 2 undefined 
on input line 60.


Package natbib Warning: Citation `guo2018dialog' on page 2 undefined on input l
ine 60.

Excluding 'comment' comment.

Package natbib Warning: Citation `liu2018dialogue' on page 2 undefined on input
 line 81.


Package natbib Warning: Citation `guo2018dialog' on page 2 undefined on input l
ine 81.


Package natbib Warning: Citation `tan2019drill' on page 2 undefined on input li
ne 81.


Package natbib Warning: Citation `xie2021tiage' on page 2 undefined on input li
ne 81.


Package natbib Warning: Citation `arnold2019sector' on page 2 undefined on inpu
t line 81.

Excluding 'comment' comment.

Package natbib Warning: Citation `open_repo' on page 2 undefined on input line 
107.

Excluding 'comment' comment.) (sec_background.tex
<LaTeX/figures/workflow.pdf, id=11, 814.04124pt x 326.21875pt>
File: LaTeX/figures/workflow.pdf Graphic file (type pdf)
<use LaTeX/figures/workflow.pdf>
Package pdftex.def Info: LaTeX/figures/workflow.pdf  used on input line 2.
(pdftex.def)             Requested size: 495.77003pt x 198.67456pt.
 Excluding 'comment' comment.

Package natbib Warning: Citation `Flights' on page 2 undefined on input line 29
.

LaTeX Font Info:    Trying to load font information for OT1+pcr on input line 2
9.
(C:\Users\micha\AppData\Local\Programs\MiKTeX\tex/latex/psnfss\ot1pcr.fd
File: ot1pcr.fd 2001/06/04 font definitions for OT1/pcr.
)

Package natbib Warning: Citation `milo2020automating' on page 2 undefined on in
put line 32.


Package natbib Warning: Citation `ma2021metainsight' on page 2 undefined on inp
ut line 32.


LaTeX Warning: Reference `app:sampling_details' on page 2 undefined on input li
ne 53.

[2] Excluding 'comment' comment. Excluding 'comment' comment.) (sec_method.tex
Excluding 'comment' comment.

Package natbib Warning: Citation `lillicrap2015' on page 3 undefined on input l
ine 43.


Package natbib Warning: Citation `mnih2015human' on page 3 undefined on input l
ine 43.


Package natbib Warning: Citation `mnih2013playing' on page 3 undefined on input
 line 43.


Package natbib Warning: Citation `sutton2018reinforcement' on page 3 undefined 
on input line 43.


LaTeX Warning: Reference `app:discussion' on page 3 undefined on input line 52.



Package natbib Warning: Citation `aggarwal2020goal' on page 3 undefined on inpu
t line 66.

[3 <./LaTeX/figures/workflow.pdf>]

Package natbib Warning: Citation `btm2013www' on page 4 undefined on input line
 72.


Package natbib Warning: Citation `newman2010evaluating' on page 4 undefined on 
input line 86.


Package natbib Warning: Citation `mnih2016asynchronous' on page 4 undefined on 
input line 126.


LaTeX Warning: Reference `app:training' on page 4 undefined on input line 127.


LaTeX Warning: Reference `sec:problem' on page 4 undefined on input line 151.


Package natbib Warning: Citation `atena2020sigmod' on page 4 undefined on input
 line 163.

Excluding 'comment' comment. [4] Excluding 'comment' comment.
Excluding 'comment' comment. Excluding 'comment' comment.
Excluding 'comment' comment.

Package natbib Warning: Citation `atena2020sigmod' on page 5 undefined on input
 line 335.


Package natbib Warning: Citation `jain2016sqlshare' on page 5 undefined on inpu
t line 335.


Package natbib Warning: Citation `milo2018next' on page 5 undefined on input li
ne 335.


Package natbib Warning: Citation `liu2018dialogue' on page 5 undefined on input
 line 339.


Package natbib Warning: Citation `guo2018dialog' on page 5 undefined on input l
ine 339.


Package natbib Warning: Citation `tan2019drill' on page 5 undefined on input li
ne 339.


Package natbib Warning: Citation `xie2021tiage' on page 5 undefined on input li
ne 339.


Package natbib Warning: Citation `arnold2019sector' on page 5 undefined on inpu
t line 339.


LaTeX Warning: Reference `apps:model_implementation' on page 5 undefined on inp
ut line 372.


LaTeX Warning: Reference `app:discussion' on page 5 undefined on input line 372
.

Excluding 'comment' comment. Excluding 'comment' comment.
Excluding 'comment' comment.) (sec_evaluation.tex
Underfull \hbox (badness 1394) in paragraph at lines 6--9
[]\OT1/ptm/b/n/10 RQ1. \OT1/ptm/m/n/10 Can \OT1/ptm/m/sc/10 ap-prox-EDA \OT1/pt
m/m/n/10 pre-vent intent-divergence by
 []

Excluding 'comment' comment.

LaTeX Warning: Reference `apps:model_implementation' on page 5 undefined on inp
ut line 142.


Package natbib Warning: Citation `Flights' on page 5 undefined on input line 14
8.


Package natbib Warning: Citation `atena2020sigmod' on page 5 undefined on input
 line 148.


Package natbib Warning: Citation `Housing' on page 5 undefined on input line 14
8.


Package natbib Warning: Citation `Income' on page 5 undefined on input line 148
.


Underfull \hbox (badness 1577) in paragraph at lines 144--161
\OT1/ptm/b/n/10 Datasets. \OT1/ptm/m/n/10 Ta-ble 5[] sum-ma-rizes the pop-u-lar
 and pub-lic
 []

Excluding 'comment' comment. [5]
<LaTeX/figures/flights_eud.png, id=169, 568.1225pt x 388.45125pt>
File: LaTeX/figures/flights_eud.png Graphic file (type png)
<use LaTeX/figures/flights_eud.png>
Package pdftex.def Info: LaTeX/figures/flights_eud.png  used on input line 243.

(pdftex.def)             Requested size: 113.32144pt x 77.48141pt.
<LaTeX/figures/housing_eud.png, id=170, 578.16pt x 315.1775pt>
File: LaTeX/figures/housing_eud.png Graphic file (type png)
<use LaTeX/figures/housing_eud.png>
Package pdftex.def Info: LaTeX/figures/housing_eud.png  used on input line 247.

(pdftex.def)             Requested size: 113.32144pt x 61.77437pt.
<LaTeX/figures/income_eud.png, id=171, 571.13374pt x 309.155pt>
File: LaTeX/figures/income_eud.png Graphic file (type png)
<use LaTeX/figures/income_eud.png>
Package pdftex.def Info: LaTeX/figures/income_eud.png  used on input line 251.
(pdftex.def)             Requested size: 113.32144pt x 61.3393pt.

Underfull \hbox (badness 2277) in paragraph at lines 254--254
\OT1/ptm/m/n/10 orig-i-nal in-tent dis-tri-bu-tion
 []

<LaTeX/figures/flights_intent1.png, id=172, 640.3925pt x 378.41376pt>
File: LaTeX/figures/flights_intent1.png Graphic file (type png)
<use LaTeX/figures/flights_intent1.png>
Package pdftex.def Info: LaTeX/figures/flights_intent1.png  used on input line 
260.
(pdftex.def)             Requested size: 113.32144pt x 66.96248pt.
<LaTeX/figures/housing_intent.png, id=173, 635.37375pt x 378.41376pt>
File: LaTeX/figures/housing_intent.png Graphic file (type png)
<use LaTeX/figures/housing_intent.png>
Package pdftex.def Info: LaTeX/figures/housing_intent.png  used on input line 2
64.
(pdftex.def)             Requested size: 113.32144pt x 67.48793pt.
<LaTeX/figures/income_intent.png, id=174, 637.38126pt x 378.41376pt>
File: LaTeX/figures/income_intent.png Graphic file (type png)
<use LaTeX/figures/income_intent.png>
Package pdftex.def Info: LaTeX/figures/income_intent.png  used on input line 26
8.
(pdftex.def)             Requested size: 113.32144pt x 67.27428pt.

Underfull \hbox (badness 1521) in paragraph at lines 271--271
\OT1/ptm/m/n/10 tion: Re-call of the top 5
 []


Underfull \hbox (badness 1642) in paragraph at lines 271--271
\OT1/ptm/m/n/10 re-sult-ing rows at the end
 []


Underfull \hbox (badness 1237) in paragraph at lines 271--271
\OT1/ptm/m/n/10 pared to re-sults from full
 []

<LaTeX/figures/flight_lat.png, id=175, 660.4675pt x 452.69125pt>
File: LaTeX/figures/flight_lat.png Graphic file (type png)
<use LaTeX/figures/flight_lat.png>
Package pdftex.def Info: LaTeX/figures/flight_lat.png  used on input line 278.
(pdftex.def)             Requested size: 113.32144pt x 77.66795pt.
<LaTeX/figures/housing_lat_new.png, id=176, 653.44125pt x 395.4775pt>
File: LaTeX/figures/housing_lat_new.png Graphic file (type png)
<use LaTeX/figures/housing_lat_new.png>
Package pdftex.def Info: LaTeX/figures/housing_lat_new.png  used on input line 
282.
(pdftex.def)             Requested size: 113.32144pt x 68.582pt.
<LaTeX/figures/income_lat.png, id=177, 637.38126pt x 390.45876pt>
File: LaTeX/figures/income_lat.png Graphic file (type png)
<use LaTeX/figures/income_lat.png>
Package pdftex.def Info: LaTeX/figures/income_lat.png  used on input line 286.
(pdftex.def)             Requested size: 113.32144pt x 69.41563pt.

Underfull \hbox (badness 1394) in paragraph at lines 290--290
[]\OT1/ptm/m/n/10 Figure 5: |The frac-tion of
 []


Underfull \hbox (badness 2057) in paragraph at lines 290--290
\OT1/ptm/m/n/10 time saved by queries to
 []


Overfull \hbox (7.21649pt too wide) in paragraph at lines 314--315
 [][] 
 []

<LaTeX/figures/intent_actions2.png, id=178, 591.20876pt x 577.15625pt>
File: LaTeX/figures/intent_actions2.png Graphic file (type png)
<use LaTeX/figures/intent_actions2.png>
Package pdftex.def Info: LaTeX/figures/intent_actions2.png  used on input line 
322.
(pdftex.def)             Requested size: 146.7047pt x 143.21428pt.

Package natbib Warning: Citation `agarwal2013blinkdb' on page 6 undefined on in
put line 387.


Package natbib Warning: Citation `mozafari2015handbook' on page 6 undefined on 
input line 393.


LaTeX Warning: Reference `apps:intent_identification' on page 6 undefined on in
put line 401.


LaTeX Warning: Reference `fig:intent_cluster' on page 6 undefined on input line
 401.

Excluding 'comment' comment.

Package natbib Warning: Citation `christakopoulou2016towards' on page 6 undefin
ed on input line 450.


Package natbib Warning: Citation `shi2019build' on page 6 undefined on input li
ne 450.


Package natbib Warning: Citation `takanobu2020multi' on page 6 undefined on inp
ut line 450.


Package natbib Warning: Citation `guo2018dialog' on page 6 undefined on input l
ine 450.


Package natbib Warning: Citation `yu2019visual' on page 6 undefined on input li
ne 450.


Package natbib Warning: Citation `christakopoulou2016towards' on page 6 undefin
ed on input line 450.


Package natbib Warning: Citation `guo2018dialog' on page 6 undefined on input l
ine 450.


Package natbib Warning: Citation `yu2019visual' on page 6 undefined on input li
ne 450.


Package natbib Warning: Citation `shi2019build' on page 6 undefined on input li
ne 450.


Package natbib Warning: Citation `atena2020sigmod' on page 6 undefined on input
 line 451.


Package natbib Warning: Citation `atena2020sigmod' on page 6 undefined on input
 line 455.


Package natbib Warning: Citation `atena2020sigmod' on page 6 undefined on input
 line 467.

Excluding 'comment' comment.
Overfull \hbox (7.43993pt too wide) in paragraph at lines 537--538
[][] 
 []


Package natbib Warning: Citation `atena2020sigmod' on page 6 undefined on input
 line 585.


LaTeX Warning: Reference `app:add_res' on page 6 undefined on input line 589.

[6]

LaTeX Warning: Reference `apps:qualitative_eval' on page 7 undefined on input l
ine 617.


LaTeX Warning: Reference `fig:real' on page 7 undefined on input line 617.

[7 <./LaTeX/figures/flights_eud.png> <./LaTeX/figures/housing_eud.png> <./LaTeX
/figures/income_eud.png> <./LaTeX/figures/flights_intent1.png> <./LaTeX/figures
/housing_intent.png> <./LaTeX/figures/income_intent.png> <./LaTeX/figures/fligh
t_lat.png> <./LaTeX/figures/housing_lat_new.png> <./LaTeX/figures/income_lat.pn
g> <./LaTeX/figures/intent_actions2.png>] Excluding 'comment' comment.)
(sec_relatedwork.tex

Package natbib Warning: Citation `jiang2019time' on page 8 undefined on input l
ine 7.


Package natbib Warning: Citation `jiang2019goal' on page 8 undefined on input l
ine 7.


Package natbib Warning: Citation `aggarwal2020goal' on page 8 undefined on inpu
t line 7.


Package natbib Warning: Citation `dev2017identifying' on page 8 undefined on in
put line 7.


Package natbib Warning: Citation `jain2016sqlshare' on page 8 undefined on inpu
t line 7.


Package natbib Warning: Citation `brachmann2019data' on page 8 undefined on inp
ut line 13.


Package natbib Warning: Citation `zhao2017controlling' on page 8 undefined on i
nput line 14.


Package natbib Warning: Citation `ma2021metainsight' on page 8 undefined on inp
ut line 16.


Package natbib Warning: Citation `ding2019quickinsights' on page 8 undefined on
 input line 16.


Package natbib Warning: Citation `atena2020sigmod' on page 8 undefined on input
 line 16.


Package natbib Warning: Citation `kery2018story' on page 8 undefined on input l
ine 16.


Package natbib Warning: Citation `rule2018exploration' on page 8 undefined on i
nput line 16.


Package natbib Warning: Citation `sheoran2022aaai' on page 8 undefined on input
 line 18.


Package natbib Warning: Citation `sheoran2022electra' on page 8 undefined on in
put line 18.


Package natbib Warning: Citation `babcock2003dynamic' on page 8 undefined on in
put line 18.


Package natbib Warning: Citation `chaudhuri2017approximate' on page 8 undefined
 on input line 18.


Package natbib Warning: Citation `ma2021learned' on page 8 undefined on input l
ine 18.


Package natbib Warning: Citation `bater2020saqe' on page 8 undefined on input l
ine 18.


Package natbib Warning: Citation `liu2018dialogue' on page 8 undefined on input
 line 27.


Package natbib Warning: Citation `takanobu2020multi' on page 8 undefined on inp
ut line 27.


Package natbib Warning: Citation `guo2018dialog' on page 8 undefined on input l
ine 28.


Package natbib Warning: Citation `tan2019drill' on page 8 undefined on input li
ne 30.


Package natbib Warning: Citation `kaiser2021reinforcement' on page 8 undefined 
on input line 31.


Package natbib Warning: Citation `hua2020few' on page 8 undefined on input line
 31.


Package natbib Warning: Citation `christakopoulou2016towards' on page 8 undefin
ed on input line 33.


Package natbib Warning: Citation `zhang2020conversational' on page 8 undefined 
on input line 33.


Package natbib Warning: Citation `lei2020interactive' on page 8 undefined on in
put line 33.


Package natbib Warning: Citation `guo2018dialog' on page 8 undefined on input l
ine 33.


Package natbib Warning: Citation `yu2019visual' on page 8 undefined on input li
ne 33.


Package natbib Warning: Citation `takanobu2020multi' on page 8 undefined on inp
ut line 33.

) (sec_conclusion.tex)
No file main_changed.bbl.
[8]

Package natbib Warning: There were undefined citations.

[9

] (main_changed.aux)
 ***********
LaTeX2e <2023-06-01> patch level 1
L3 programming layer <2020/03/25>
 ***********


LaTeX Warning: There were undefined references.

 ) 
Here is how much of TeX's memory you used:
 7966 strings out of 475247
 135301 string characters out of 5757792
 1971801 words of memory out of 5000000
 29348 multiletter control sequences out of 15000+600000
 589837 words of font info for 103 fonts, out of 8000000 for 9000
 1141 hyphenation exceptions out of 8191
 70i,21n,79p,1641b,632s stack positions out of 10000i,1000n,20000p,200000b,200000s
<C:/Users/micha/AppData/Local/Programs/MiKTeX/fonts/type1/public/amsfonts/cm/
cmex10.pfb><C:/Users/micha/AppData/Local/Programs/MiKTeX/fonts/type1/public/ams
fonts/cmextra/cmex9.pfb><C:/Users/micha/AppData/Local/Programs/MiKTeX/fonts/typ
e1/public/amsfonts/cm/cmmi10.pfb><C:/Users/micha/AppData/Local/Programs/MiKTeX/
fonts/type1/public/amsfonts/cm/cmmi5.pfb><C:/Users/micha/AppData/Local/Programs
/MiKTeX/fonts/type1/public/amsfonts/cm/cmmi6.pfb><C:/Users/micha/AppData/Local/
Programs/MiKTeX/fonts/type1/public/amsfonts/cm/cmmi7.pfb><C:/Users/micha/AppDat
a/Local/Programs/MiKTeX/fonts/type1/public/amsfonts/cm/cmmi9.pfb><C:/Users/mich
a/AppData/Local/Programs/MiKTeX/fonts/type1/public/amsfonts/cm/cmr10.pfb><C:/Us
ers/micha/AppData/Local/Programs/MiKTeX/fonts/type1/public/amsfonts/cm/cmr6.pfb
><C:/Users/micha/AppData/Local/Programs/MiKTeX/fonts/type1/public/amsfonts/cm/c
mr7.pfb><C:/Users/micha/AppData/Local/Programs/MiKTeX/fonts/type1/public/amsfon
ts/cm/cmr9.pfb><C:/Users/micha/AppData/Local/Programs/MiKTeX/fonts/type1/public
/amsfonts/cm/cmsy10.pfb><C:/Users/micha/AppData/Local/Programs/MiKTeX/fonts/typ
e1/public/amsfonts/cm/cmsy6.pfb><C:/Users/micha/AppData/Local/Programs/MiKTeX/f
onts/type1/public/amsfonts/cm/cmsy7.pfb><C:/Users/micha/AppData/Local/Programs/
MiKTeX/fonts/type1/public/amsfonts/cm/cmsy9.pfb><C:/Users/micha/AppData/Local/P
rograms/MiKTeX/fonts/type1/public/amsfonts/symbols/msbm10.pfb><C:/Users/micha/A
ppData/Local/Programs/MiKTeX/fonts/type1/urw/courier/ucrr8a.pfb><C:/Users/micha
/AppData/Local/Programs/MiKTeX/fonts/type1/urw/times/utmb8a.pfb><C:/Users/micha
/AppData/Local/Programs/MiKTeX/fonts/type1/urw/times/utmr8a.pfb><C:/Users/micha
/AppData/Local/Programs/MiKTeX/fonts/type1/urw/times/utmri8a.pfb>
Output written on main_changed.pdf (9 pages, 1602598 bytes).
PDF statistics:
 285 PDF objects out of 1000 (max. 8388607)
 0 named destinations out of 1000 (max. 500000)
 61 words of extra memory for PDF output out of 10000 (max. 10000000)

