This is pdfTeX, Version 3.141592653-2.6-1.40.25 (MiKTeX 23.9) (preloaded format=pdflatex 2023.9.22)  30 MAR 2024 16:26
entering extended mode
 restricted \write18 enabled.
 %&-line parsing enabled.
**./paper_changed.tex
(paper_changed.tex
LaTeX2e <2023-06-01> patch level 1
L3 programming layer <2023-08-29>
(C:\Users\micha\AppData\Local\Programs\MiKTeX\tex/latex/base\article.cls
Document Class: article 2023/05/17 v1.4n Standard LaTeX document class
(C:\Users\micha\AppData\Local\Programs\MiKTeX\tex/latex/base\size10.clo
File: size10.clo 2023/05/17 v1.4n Standard LaTeX file (size option)
)
\c@part=\count185
\c@section=\count186
\c@subsection=\count187
\c@subsubsection=\count188
\c@paragraph=\count189
\c@subparagraph=\count190
\c@figure=\count191
\c@table=\count192
\abovecaptionskip=\skip48
\belowcaptionskip=\skip49
\bibindent=\dimen140
)
(C:\Users\micha\AppData\Local\Programs\MiKTeX\tex/latex/xcolor\xcolor.sty
Package: xcolor 2022/06/12 v2.14 LaTeX color extensions (UK)

(C:\Users\micha\AppData\Local\Programs\MiKTeX\tex/latex/graphics-cfg\color.cfg
File: color.cfg 2016/01/02 v1.6 sample color configuration
)
Package xcolor Info: Package option `usenames' ignored on input line 218.
Package xcolor Info: Driver file: pdftex.def on input line 227.

(C:\Users\micha\AppData\Local\Programs\MiKTeX\tex/latex/graphics-def\pdftex.def
File: pdftex.def 2022/09/22 v1.2b Graphics/color driver for pdftex
)
(C:\Users\micha\AppData\Local\Programs\MiKTeX\tex/latex/graphics\mathcolor.ltx)
Package xcolor Info: Model `cmy' substituted by `cmy0' on input line 1353.
Package xcolor Info: Model `hsb' substituted by `rgb' on input line 1357.
Package xcolor Info: Model `RGB' extended on input line 1369.
Package xcolor Info: Model `HTML' substituted by `rgb' on input line 1371.
Package xcolor Info: Model `Hsb' substituted by `hsb' on input line 1372.
Package xcolor Info: Model `tHsb' substituted by `hsb' on input line 1373.
Package xcolor Info: Model `HSB' substituted by `hsb' on input line 1374.
Package xcolor Info: Model `Gray' substituted by `gray' on input line 1375.
Package xcolor Info: Model `wave' substituted by `hsb' on input line 1376.
(C:\Users\micha\AppData\Local\Programs\MiKTeX\tex/latex/graphics\dvipsnam.def
File: dvipsnam.def 2016/06/17 v3.0m Driver-dependent file (DPC,SPQR)
)) (C:\Users\micha\AppData\Local\Programs\MiKTeX\tex/latex/base\inputenc.sty
Package: inputenc 2021/02/14 v1.3d Input encoding file
\inpenc@prehook=\toks17
\inpenc@posthook=\toks18
)
(C:\Users\micha\AppData\Local\Programs\MiKTeX\tex/generic/babel\babel.sty
Package: babel 2023/08/29 v3.93 The Babel package
\babel@savecnt=\count193
\U@D=\dimen141
\l@unhyphenated=\language79

(C:\Users\micha\AppData\Local\Programs\MiKTeX\tex/generic/babel\txtbabel.def)
\bbl@readstream=\read2
\bbl@dirlevel=\count194

*************************************
* Local config file bblopts.cfg used
*
(C:\Users\micha\AppData\Local\Programs\MiKTeX\tex/latex/arabi\bblopts.cfg
File: bblopts.cfg 2005/09/08 v0.1 add Arabic and Farsi to "declared" options of
 babel
)
(C:\Users\micha\AppData\Local\Programs\MiKTeX\tex/latex/babel-english\english.l
df
Language: english 2017/06/06 v3.3r English support from the babel system
Package babel Info: Hyphen rules for 'canadian' set to \l@english
(babel)             (\language0). Reported on input line 102.
Package babel Info: Hyphen rules for 'australian' set to \l@ukenglish
(babel)             (\language73). Reported on input line 105.
Package babel Info: Hyphen rules for 'newzealand' set to \l@ukenglish
(babel)             (\language73). Reported on input line 108.
))
(C:\Users\micha\AppData\Local\Programs\MiKTeX\tex/generic/babel/locale/en\babel
-english.tex
Package babel Info: Importing font and identification data for english
(babel)             from babel-en.ini. Reported on input line 11.
)
(C:\Users\micha\AppData\Local\Programs\MiKTeX\tex/latex/amsmath\amsmath.sty
Package: amsmath 2023/05/13 v2.17o AMS math features
\@mathmargin=\skip50

For additional information on amsmath, use the `?' option.
(C:\Users\micha\AppData\Local\Programs\MiKTeX\tex/latex/amsmath\amstext.sty
Package: amstext 2021/08/26 v2.01 AMS text

(C:\Users\micha\AppData\Local\Programs\MiKTeX\tex/latex/amsmath\amsgen.sty
File: amsgen.sty 1999/11/30 v2.0 generic functions
\@emptytoks=\toks19
\ex@=\dimen142
))
(C:\Users\micha\AppData\Local\Programs\MiKTeX\tex/latex/amsmath\amsbsy.sty
Package: amsbsy 1999/11/29 v1.2d Bold Symbols
\pmbraise@=\dimen143
)
(C:\Users\micha\AppData\Local\Programs\MiKTeX\tex/latex/amsmath\amsopn.sty
Package: amsopn 2022/04/08 v2.04 operator names
)
\inf@bad=\count195
LaTeX Info: Redefining \frac on input line 234.
\uproot@=\count196
\leftroot@=\count197
LaTeX Info: Redefining \overline on input line 399.
LaTeX Info: Redefining \colon on input line 410.
\classnum@=\count198
\DOTSCASE@=\count199
LaTeX Info: Redefining \ldots on input line 496.
LaTeX Info: Redefining \dots on input line 499.
LaTeX Info: Redefining \cdots on input line 620.
\Mathstrutbox@=\box51
\strutbox@=\box52
LaTeX Info: Redefining \big on input line 722.
LaTeX Info: Redefining \Big on input line 723.
LaTeX Info: Redefining \bigg on input line 724.
LaTeX Info: Redefining \Bigg on input line 725.
\big@size=\dimen144
LaTeX Font Info:    Redeclaring font encoding OML on input line 743.
LaTeX Font Info:    Redeclaring font encoding OMS on input line 744.
\macc@depth=\count266
LaTeX Info: Redefining \bmod on input line 905.
LaTeX Info: Redefining \pmod on input line 910.
LaTeX Info: Redefining \smash on input line 940.
LaTeX Info: Redefining \relbar on input line 970.
LaTeX Info: Redefining \Relbar on input line 971.
\c@MaxMatrixCols=\count267
\dotsspace@=\muskip16
\c@parentequation=\count268
\dspbrk@lvl=\count269
\tag@help=\toks20
\row@=\count270
\column@=\count271
\maxfields@=\count272
\andhelp@=\toks21
\eqnshift@=\dimen145
\alignsep@=\dimen146
\tagshift@=\dimen147
\tagwidth@=\dimen148
\totwidth@=\dimen149
\lineht@=\dimen150
\@envbody=\toks22
\multlinegap=\skip51
\multlinetaggap=\skip52
\mathdisplay@stack=\toks23
LaTeX Info: Redefining \[ on input line 2953.
LaTeX Info: Redefining \] on input line 2954.
)
(C:\Users\micha\AppData\Local\Programs\MiKTeX\tex/latex/amsfonts\amsfonts.sty
Package: amsfonts 2013/01/14 v3.01 Basic AMSFonts support
\symAMSa=\mathgroup4
\symAMSb=\mathgroup5
LaTeX Font Info:    Redeclaring math symbol \hbar on input line 98.
LaTeX Font Info:    Overwriting math alphabet `\mathfrak' in version `bold'
(Font)                  U/euf/m/n --> U/euf/b/n on input line 106.
)
(C:\Users\micha\AppData\Local\Programs\MiKTeX\tex/latex/amsfonts\amssymb.sty
Package: amssymb 2013/01/14 v3.01 AMS font symbols
)
(C:\Users\micha\AppData\Local\Programs\MiKTeX\tex/latex/todonotes\todonotes.sty
Package: todonotes 2024/01/05 v1.1.7 Todonotes source and documentation.
Package: todonotes 2024/01/05
(C:\Users\micha\AppData\Local\Programs\MiKTeX\tex/latex/base\ifthen.sty
Package: ifthen 2022/04/13 v1.1d Standard LaTeX ifthen package (DPC)
)
(C:\Users\micha\AppData\Local\Programs\MiKTeX\tex/latex/xkeyval\xkeyval.sty
Package: xkeyval 2022/06/16 v2.9 package option processing (HA)

(C:\Users\micha\AppData\Local\Programs\MiKTeX\tex/generic/xkeyval\xkeyval.tex
(C:\Users\micha\AppData\Local\Programs\MiKTeX\tex/generic/xkeyval\xkvutils.tex
\XKV@toks=\toks24
\XKV@tempa@toks=\toks25

(C:\Users\micha\AppData\Local\Programs\MiKTeX\tex/generic/xkeyval\keyval.tex))
\XKV@depth=\count273
File: xkeyval.tex 2014/12/03 v2.7a key=value parser (HA)
))
(C:\Users\micha\AppData\Local\Programs\MiKTeX\tex/latex/pgf/frontendlayer\tikz.
sty
(C:\Users\micha\AppData\Local\Programs\MiKTeX\tex/latex/pgf/basiclayer\pgf.sty
(C:\Users\micha\AppData\Local\Programs\MiKTeX\tex/latex/pgf/utilities\pgfrcs.st
y
(C:\Users\micha\AppData\Local\Programs\MiKTeX\tex/generic/pgf/utilities\pgfutil
-common.tex
\pgfutil@everybye=\toks26
\pgfutil@tempdima=\dimen151
\pgfutil@tempdimb=\dimen152
)
(C:\Users\micha\AppData\Local\Programs\MiKTeX\tex/generic/pgf/utilities\pgfutil
-latex.def
\pgfutil@abb=\box53
)
(C:\Users\micha\AppData\Local\Programs\MiKTeX\tex/generic/pgf/utilities\pgfrcs.
code.tex
(C:\Users\micha\AppData\Local\Programs\MiKTeX\tex/generic/pgf\pgf.revision.tex)
Package: pgfrcs 2023-01-15 v3.1.10 (3.1.10)
))
Package: pgf 2023-01-15 v3.1.10 (3.1.10)

(C:\Users\micha\AppData\Local\Programs\MiKTeX\tex/latex/pgf/basiclayer\pgfcore.
sty
(C:\Users\micha\AppData\Local\Programs\MiKTeX\tex/latex/graphics\graphicx.sty
Package: graphicx 2021/09/16 v1.2d Enhanced LaTeX Graphics (DPC,SPQR)

(C:\Users\micha\AppData\Local\Programs\MiKTeX\tex/latex/graphics\graphics.sty
Package: graphics 2022/03/10 v1.4e Standard LaTeX Graphics (DPC,SPQR)

(C:\Users\micha\AppData\Local\Programs\MiKTeX\tex/latex/graphics\trig.sty
Package: trig 2021/08/11 v1.11 sin cos tan (DPC)
)
(C:\Users\micha\AppData\Local\Programs\MiKTeX\tex/latex/graphics-cfg\graphics.c
fg
File: graphics.cfg 2016/06/04 v1.11 sample graphics configuration
)
Package graphics Info: Driver file: pdftex.def on input line 107.
)
\Gin@req@height=\dimen153
\Gin@req@width=\dimen154
)
(C:\Users\micha\AppData\Local\Programs\MiKTeX\tex/latex/pgf/systemlayer\pgfsys.
sty
(C:\Users\micha\AppData\Local\Programs\MiKTeX\tex/generic/pgf/systemlayer\pgfsy
s.code.tex
Package: pgfsys 2023-01-15 v3.1.10 (3.1.10)

(C:\Users\micha\AppData\Local\Programs\MiKTeX\tex/generic/pgf/utilities\pgfkeys
.code.tex
\pgfkeys@pathtoks=\toks27
\pgfkeys@temptoks=\toks28

(C:\Users\micha\AppData\Local\Programs\MiKTeX\tex/generic/pgf/utilities\pgfkeys
libraryfiltered.code.tex
\pgfkeys@tmptoks=\toks29
))
\pgf@x=\dimen155
\pgf@y=\dimen156
\pgf@xa=\dimen157
\pgf@ya=\dimen158
\pgf@xb=\dimen159
\pgf@yb=\dimen160
\pgf@xc=\dimen161
\pgf@yc=\dimen162
\pgf@xd=\dimen163
\pgf@yd=\dimen164
\w@pgf@writea=\write3
\r@pgf@reada=\read3
\c@pgf@counta=\count274
\c@pgf@countb=\count275
\c@pgf@countc=\count276
\c@pgf@countd=\count277
\t@pgf@toka=\toks30
\t@pgf@tokb=\toks31
\t@pgf@tokc=\toks32
\pgf@sys@id@count=\count278

(C:\Users\micha\AppData\Local\Programs\MiKTeX\tex/generic/pgf/systemlayer\pgf.c
fg
File: pgf.cfg 2023-01-15 v3.1.10 (3.1.10)
)
Driver file for pgf: pgfsys-pdftex.def

(C:\Users\micha\AppData\Local\Programs\MiKTeX\tex/generic/pgf/systemlayer\pgfsy
s-pdftex.def
File: pgfsys-pdftex.def 2023-01-15 v3.1.10 (3.1.10)

(C:\Users\micha\AppData\Local\Programs\MiKTeX\tex/generic/pgf/systemlayer\pgfsy
s-common-pdf.def
File: pgfsys-common-pdf.def 2023-01-15 v3.1.10 (3.1.10)
)))
(C:\Users\micha\AppData\Local\Programs\MiKTeX\tex/generic/pgf/systemlayer\pgfsy
ssoftpath.code.tex
File: pgfsyssoftpath.code.tex 2023-01-15 v3.1.10 (3.1.10)
\pgfsyssoftpath@smallbuffer@items=\count279
\pgfsyssoftpath@bigbuffer@items=\count280
)
(C:\Users\micha\AppData\Local\Programs\MiKTeX\tex/generic/pgf/systemlayer\pgfsy
sprotocol.code.tex
File: pgfsysprotocol.code.tex 2023-01-15 v3.1.10 (3.1.10)
))
(C:\Users\micha\AppData\Local\Programs\MiKTeX\tex/generic/pgf/basiclayer\pgfcor
e.code.tex
Package: pgfcore 2023-01-15 v3.1.10 (3.1.10)

(C:\Users\micha\AppData\Local\Programs\MiKTeX\tex/generic/pgf/math\pgfmath.code
.tex
(C:\Users\micha\AppData\Local\Programs\MiKTeX\tex/generic/pgf/math\pgfmathutil.
code.tex)
(C:\Users\micha\AppData\Local\Programs\MiKTeX\tex/generic/pgf/math\pgfmathparse
r.code.tex
\pgfmath@dimen=\dimen165
\pgfmath@count=\count281
\pgfmath@box=\box54
\pgfmath@toks=\toks33
\pgfmath@stack@operand=\toks34
\pgfmath@stack@operation=\toks35
)
(C:\Users\micha\AppData\Local\Programs\MiKTeX\tex/generic/pgf/math\pgfmathfunct
ions.code.tex)
(C:\Users\micha\AppData\Local\Programs\MiKTeX\tex/generic/pgf/math\pgfmathfunct
ions.basic.code.tex)
(C:\Users\micha\AppData\Local\Programs\MiKTeX\tex/generic/pgf/math\pgfmathfunct
ions.trigonometric.code.tex)
(C:\Users\micha\AppData\Local\Programs\MiKTeX\tex/generic/pgf/math\pgfmathfunct
ions.random.code.tex)
(C:\Users\micha\AppData\Local\Programs\MiKTeX\tex/generic/pgf/math\pgfmathfunct
ions.comparison.code.tex)
(C:\Users\micha\AppData\Local\Programs\MiKTeX\tex/generic/pgf/math\pgfmathfunct
ions.base.code.tex)
(C:\Users\micha\AppData\Local\Programs\MiKTeX\tex/generic/pgf/math\pgfmathfunct
ions.round.code.tex)
(C:\Users\micha\AppData\Local\Programs\MiKTeX\tex/generic/pgf/math\pgfmathfunct
ions.misc.code.tex)
(C:\Users\micha\AppData\Local\Programs\MiKTeX\tex/generic/pgf/math\pgfmathfunct
ions.integerarithmetics.code.tex)
(C:\Users\micha\AppData\Local\Programs\MiKTeX\tex/generic/pgf/math\pgfmathcalc.
code.tex)
(C:\Users\micha\AppData\Local\Programs\MiKTeX\tex/generic/pgf/math\pgfmathfloat
.code.tex
\c@pgfmathroundto@lastzeros=\count282
))
(C:\Users\micha\AppData\Local\Programs\MiKTeX\tex/generic/pgf/math\pgfint.code.
tex)
(C:\Users\micha\AppData\Local\Programs\MiKTeX\tex/generic/pgf/basiclayer\pgfcor
epoints.code.tex
File: pgfcorepoints.code.tex 2023-01-15 v3.1.10 (3.1.10)
\pgf@picminx=\dimen166
\pgf@picmaxx=\dimen167
\pgf@picminy=\dimen168
\pgf@picmaxy=\dimen169
\pgf@pathminx=\dimen170
\pgf@pathmaxx=\dimen171
\pgf@pathminy=\dimen172
\pgf@pathmaxy=\dimen173
\pgf@xx=\dimen174
\pgf@xy=\dimen175
\pgf@yx=\dimen176
\pgf@yy=\dimen177
\pgf@zx=\dimen178
\pgf@zy=\dimen179
)
(C:\Users\micha\AppData\Local\Programs\MiKTeX\tex/generic/pgf/basiclayer\pgfcor
epathconstruct.code.tex
File: pgfcorepathconstruct.code.tex 2023-01-15 v3.1.10 (3.1.10)
\pgf@path@lastx=\dimen180
\pgf@path@lasty=\dimen181
)
(C:\Users\micha\AppData\Local\Programs\MiKTeX\tex/generic/pgf/basiclayer\pgfcor
epathusage.code.tex
File: pgfcorepathusage.code.tex 2023-01-15 v3.1.10 (3.1.10)
\pgf@shorten@end@additional=\dimen182
\pgf@shorten@start@additional=\dimen183
)
(C:\Users\micha\AppData\Local\Programs\MiKTeX\tex/generic/pgf/basiclayer\pgfcor
escopes.code.tex
File: pgfcorescopes.code.tex 2023-01-15 v3.1.10 (3.1.10)
\pgfpic=\box55
\pgf@hbox=\box56
\pgf@layerbox@main=\box57
\pgf@picture@serial@count=\count283
)
(C:\Users\micha\AppData\Local\Programs\MiKTeX\tex/generic/pgf/basiclayer\pgfcor
egraphicstate.code.tex
File: pgfcoregraphicstate.code.tex 2023-01-15 v3.1.10 (3.1.10)
\pgflinewidth=\dimen184
)
(C:\Users\micha\AppData\Local\Programs\MiKTeX\tex/generic/pgf/basiclayer\pgfcor
etransformations.code.tex
File: pgfcoretransformations.code.tex 2023-01-15 v3.1.10 (3.1.10)
\pgf@pt@x=\dimen185
\pgf@pt@y=\dimen186
\pgf@pt@temp=\dimen187
)
(C:\Users\micha\AppData\Local\Programs\MiKTeX\tex/generic/pgf/basiclayer\pgfcor
equick.code.tex
File: pgfcorequick.code.tex 2023-01-15 v3.1.10 (3.1.10)
)
(C:\Users\micha\AppData\Local\Programs\MiKTeX\tex/generic/pgf/basiclayer\pgfcor
eobjects.code.tex
File: pgfcoreobjects.code.tex 2023-01-15 v3.1.10 (3.1.10)
)
(C:\Users\micha\AppData\Local\Programs\MiKTeX\tex/generic/pgf/basiclayer\pgfcor
epathprocessing.code.tex
File: pgfcorepathprocessing.code.tex 2023-01-15 v3.1.10 (3.1.10)
)
(C:\Users\micha\AppData\Local\Programs\MiKTeX\tex/generic/pgf/basiclayer\pgfcor
earrows.code.tex
File: pgfcorearrows.code.tex 2023-01-15 v3.1.10 (3.1.10)
\pgfarrowsep=\dimen188
)
(C:\Users\micha\AppData\Local\Programs\MiKTeX\tex/generic/pgf/basiclayer\pgfcor
eshade.code.tex
File: pgfcoreshade.code.tex 2023-01-15 v3.1.10 (3.1.10)
\pgf@max=\dimen189
\pgf@sys@shading@range@num=\count284
\pgf@shadingcount=\count285
)
(C:\Users\micha\AppData\Local\Programs\MiKTeX\tex/generic/pgf/basiclayer\pgfcor
eimage.code.tex
File: pgfcoreimage.code.tex 2023-01-15 v3.1.10 (3.1.10)
)
(C:\Users\micha\AppData\Local\Programs\MiKTeX\tex/generic/pgf/basiclayer\pgfcor
eexternal.code.tex
File: pgfcoreexternal.code.tex 2023-01-15 v3.1.10 (3.1.10)
\pgfexternal@startupbox=\box58
)
(C:\Users\micha\AppData\Local\Programs\MiKTeX\tex/generic/pgf/basiclayer\pgfcor
elayers.code.tex
File: pgfcorelayers.code.tex 2023-01-15 v3.1.10 (3.1.10)
)
(C:\Users\micha\AppData\Local\Programs\MiKTeX\tex/generic/pgf/basiclayer\pgfcor
etransparency.code.tex
File: pgfcoretransparency.code.tex 2023-01-15 v3.1.10 (3.1.10)
)
(C:\Users\micha\AppData\Local\Programs\MiKTeX\tex/generic/pgf/basiclayer\pgfcor
epatterns.code.tex
File: pgfcorepatterns.code.tex 2023-01-15 v3.1.10 (3.1.10)
)
(C:\Users\micha\AppData\Local\Programs\MiKTeX\tex/generic/pgf/basiclayer\pgfcor
erdf.code.tex
File: pgfcorerdf.code.tex 2023-01-15 v3.1.10 (3.1.10)
)))
(C:\Users\micha\AppData\Local\Programs\MiKTeX\tex/generic/pgf/modules\pgfmodule
shapes.code.tex
File: pgfmoduleshapes.code.tex 2023-01-15 v3.1.10 (3.1.10)
\pgfnodeparttextbox=\box59
)
(C:\Users\micha\AppData\Local\Programs\MiKTeX\tex/generic/pgf/modules\pgfmodule
plot.code.tex
File: pgfmoduleplot.code.tex 2023-01-15 v3.1.10 (3.1.10)
)
(C:\Users\micha\AppData\Local\Programs\MiKTeX\tex/latex/pgf/compatibility\pgfco
mp-version-0-65.sty
Package: pgfcomp-version-0-65 2023-01-15 v3.1.10 (3.1.10)
\pgf@nodesepstart=\dimen190
\pgf@nodesepend=\dimen191
)
(C:\Users\micha\AppData\Local\Programs\MiKTeX\tex/latex/pgf/compatibility\pgfco
mp-version-1-18.sty
Package: pgfcomp-version-1-18 2023-01-15 v3.1.10 (3.1.10)
))
(C:\Users\micha\AppData\Local\Programs\MiKTeX\tex/latex/pgf/utilities\pgffor.st
y
(C:\Users\micha\AppData\Local\Programs\MiKTeX\tex/latex/pgf/utilities\pgfkeys.s
ty
(C:\Users\micha\AppData\Local\Programs\MiKTeX\tex/generic/pgf/utilities\pgfkeys
.code.tex))
(C:\Users\micha\AppData\Local\Programs\MiKTeX\tex/latex/pgf/math\pgfmath.sty
(C:\Users\micha\AppData\Local\Programs\MiKTeX\tex/generic/pgf/math\pgfmath.code
.tex))
(C:\Users\micha\AppData\Local\Programs\MiKTeX\tex/generic/pgf/utilities\pgffor.
code.tex
Package: pgffor 2023-01-15 v3.1.10 (3.1.10)
\pgffor@iter=\dimen192
\pgffor@skip=\dimen193
\pgffor@stack=\toks36
\pgffor@toks=\toks37
))
(C:\Users\micha\AppData\Local\Programs\MiKTeX\tex/generic/pgf/frontendlayer/tik
z\tikz.code.tex
Package: tikz 2023-01-15 v3.1.10 (3.1.10)

(C:\Users\micha\AppData\Local\Programs\MiKTeX\tex/generic/pgf/libraries\pgflibr
aryplothandlers.code.tex
File: pgflibraryplothandlers.code.tex 2023-01-15 v3.1.10 (3.1.10)
\pgf@plot@mark@count=\count286
\pgfplotmarksize=\dimen194
)
\tikz@lastx=\dimen195
\tikz@lasty=\dimen196
\tikz@lastxsaved=\dimen197
\tikz@lastysaved=\dimen198
\tikz@lastmovetox=\dimen199
\tikz@lastmovetoy=\dimen256
\tikzleveldistance=\dimen257
\tikzsiblingdistance=\dimen258
\tikz@figbox=\box60
\tikz@figbox@bg=\box61
\tikz@tempbox=\box62
\tikz@tempbox@bg=\box63
\tikztreelevel=\count287
\tikznumberofchildren=\count288
\tikznumberofcurrentchild=\count289
\tikz@fig@count=\count290

(C:\Users\micha\AppData\Local\Programs\MiKTeX\tex/generic/pgf/modules\pgfmodule
matrix.code.tex
File: pgfmodulematrix.code.tex 2023-01-15 v3.1.10 (3.1.10)
\pgfmatrixcurrentrow=\count291
\pgfmatrixcurrentcolumn=\count292
\pgf@matrix@numberofcolumns=\count293
)
\tikz@expandcount=\count294

(C:\Users\micha\AppData\Local\Programs\MiKTeX\tex/generic/pgf/frontendlayer/tik
z/libraries\tikzlibrarytopaths.code.tex
File: tikzlibrarytopaths.code.tex 2023-01-15 v3.1.10 (3.1.10)
)))
(C:\Users\micha\AppData\Local\Programs\MiKTeX\tex/generic/pgf/frontendlayer/tik
z/libraries\tikzlibrarypositioning.code.tex
File: tikzlibrarypositioning.code.tex 2023-01-15 v3.1.10 (3.1.10)
)
(C:\Users\micha\AppData\Local\Programs\MiKTeX\tex/latex/tools\calc.sty
Package: calc 2017/05/25 v4.3 Infix arithmetic (KKT,FJ)
\calc@Acount=\count295
\calc@Bcount=\count296
\calc@Adimen=\dimen259
\calc@Bdimen=\dimen260
\calc@Askip=\skip53
\calc@Bskip=\skip54
LaTeX Info: Redefining \setlength on input line 80.
LaTeX Info: Redefining \addtolength on input line 81.
\calc@Ccount=\count297
\calc@Cskip=\skip55
)
\c@@todonotes@numberoftodonotes=\count298
)
(C:\Users\micha\AppData\Local\Programs\MiKTeX\tex/latex/mathtools\mathtools.sty
Package: mathtools 2022/06/29 v1.29 mathematical typesetting tools
(C:\Users\micha\AppData\Local\Programs\MiKTeX\tex/latex/mathtools\mhsetup.sty
Package: mhsetup 2021/03/18 v1.4 programming setup (MH)
)
\g_MT_multlinerow_int=\count299
\l_MT_multwidth_dim=\dimen261
\origjot=\skip56
\l_MT_shortvdotswithinadjustabove_dim=\dimen262
\l_MT_shortvdotswithinadjustbelow_dim=\dimen263
\l_MT_above_intertext_sep=\dimen264
\l_MT_below_intertext_sep=\dimen265
\l_MT_above_shortintertext_sep=\dimen266
\l_MT_below_shortintertext_sep=\dimen267
\xmathstrut@box=\box64
\xmathstrut@dim=\dimen268
) (C:\Users\micha\AppData\Local\Programs\MiKTeX\tex/latex/amscls\amsthm.sty
Package: amsthm 2020/05/29 v2.20.6
\thm@style=\toks38
\thm@bodyfont=\toks39
\thm@headfont=\toks40
\thm@notefont=\toks41
\thm@headpunct=\toks42
\thm@preskip=\skip57
\thm@postskip=\skip58
\thm@headsep=\skip59
\dth@everypar=\toks43
)
(C:\Users\micha\AppData\Local\Programs\MiKTeX\tex/latex/moresize\moresize.sty
Package: moresize 1999/07/26 v1.9 (more font sizes)
)
(C:\Users\micha\AppData\Local\Programs\MiKTeX\tex/latex/geometry\geometry.sty
Package: geometry 2020/01/02 v5.9 Page Geometry

(C:\Users\micha\AppData\Local\Programs\MiKTeX\tex/generic/iftex\ifvtex.sty
Package: ifvtex 2019/10/25 v1.7 ifvtex legacy package. Use iftex instead.

(C:\Users\micha\AppData\Local\Programs\MiKTeX\tex/generic/iftex\iftex.sty
Package: iftex 2022/02/03 v1.0f TeX engine tests
))
\Gm@cnth=\count300
\Gm@cntv=\count301
\c@Gm@tempcnt=\count302
\Gm@bindingoffset=\dimen269
\Gm@wd@mp=\dimen270
\Gm@odd@mp=\dimen271
\Gm@even@mp=\dimen272
\Gm@layoutwidth=\dimen273
\Gm@layoutheight=\dimen274
\Gm@layouthoffset=\dimen275
\Gm@layoutvoffset=\dimen276
\Gm@dimlist=\toks44

(C:\Users\micha\AppData\Local\Programs\MiKTeX\tex/latex/geometry\geometry.cfg))
(C:\Users\micha\AppData\Local\Programs\MiKTeX\tex/latex/natbib\natbib.sty
Package: natbib 2010/09/13 8.31b (PWD, AO)
\bibhang=\skip60
\bibsep=\skip61
LaTeX Info: Redefining \cite on input line 694.
\c@NAT@ctr=\count303
)
(C:\Users\micha\AppData\Local\Programs\MiKTeX\tex/latex/hyperref\hyperref.sty
Package: hyperref 2023-07-08 v7.01b Hypertext links for LaTeX

(C:\Users\micha\AppData\Local\Programs\MiKTeX\tex/generic/ltxcmds\ltxcmds.sty
Package: ltxcmds 2023-12-04 v1.26 LaTeX kernel commands for general use (HO)
)
(C:\Users\micha\AppData\Local\Programs\MiKTeX\tex/generic/pdftexcmds\pdftexcmds
.sty
Package: pdftexcmds 2020-06-27 v0.33 Utility functions of pdfTeX for LuaTeX (HO
)

(C:\Users\micha\AppData\Local\Programs\MiKTeX\tex/generic/infwarerr\infwarerr.s
ty
Package: infwarerr 2019/12/03 v1.5 Providing info/warning/error messages (HO)
)
Package pdftexcmds Info: \pdf@primitive is available.
Package pdftexcmds Info: \pdf@ifprimitive is available.
Package pdftexcmds Info: \pdfdraftmode found.
)
(C:\Users\micha\AppData\Local\Programs\MiKTeX\tex/latex/kvsetkeys\kvsetkeys.sty
Package: kvsetkeys 2022-10-05 v1.19 Key value parser (HO)
)
(C:\Users\micha\AppData\Local\Programs\MiKTeX\tex/generic/kvdefinekeys\kvdefine
keys.sty
Package: kvdefinekeys 2019-12-19 v1.6 Define keys (HO)
)
(C:\Users\micha\AppData\Local\Programs\MiKTeX\tex/generic/pdfescape\pdfescape.s
ty
Package: pdfescape 2019/12/09 v1.15 Implements pdfTeX's escape features (HO)
) (C:\Users\micha\AppData\Local\Programs\MiKTeX\tex/latex/hycolor\hycolor.sty
Package: hycolor 2020-01-27 v1.10 Color options for hyperref/bookmark (HO)
)
(C:\Users\micha\AppData\Local\Programs\MiKTeX\tex/latex/letltxmacro\letltxmacro
.sty
Package: letltxmacro 2019/12/03 v1.6 Let assignment for LaTeX macros (HO)
)
(C:\Users\micha\AppData\Local\Programs\MiKTeX\tex/latex/auxhook\auxhook.sty
Package: auxhook 2019-12-17 v1.6 Hooks for auxiliary files (HO)
)
(C:\Users\micha\AppData\Local\Programs\MiKTeX\tex/latex/hyperref\nameref.sty
Package: nameref 2023-08-07 v2.53 Cross-referencing by name of section

(C:\Users\micha\AppData\Local\Programs\MiKTeX\tex/latex/refcount\refcount.sty
Package: refcount 2019/12/15 v3.6 Data extraction from label references (HO)
)
(C:\Users\micha\AppData\Local\Programs\MiKTeX\tex/generic/gettitlestring\gettit
lestring.sty
Package: gettitlestring 2019/12/15 v1.6 Cleanup title references (HO)

(C:\Users\micha\AppData\Local\Programs\MiKTeX\tex/latex/kvoptions\kvoptions.sty
Package: kvoptions 2022-06-15 v3.15 Key value format for package options (HO)
))
\c@section@level=\count304
)
(C:\Users\micha\AppData\Local\Programs\MiKTeX\tex/latex/etoolbox\etoolbox.sty
Package: etoolbox 2020/10/05 v2.5k e-TeX tools for LaTeX (JAW)
\etb@tempcnta=\count305
)
\@linkdim=\dimen277
\Hy@linkcounter=\count306
\Hy@pagecounter=\count307

(C:\Users\micha\AppData\Local\Programs\MiKTeX\tex/latex/hyperref\pd1enc.def
File: pd1enc.def 2023-07-08 v7.01b Hyperref: PDFDocEncoding definition (HO)
Now handling font encoding PD1 ...
... no UTF-8 mapping file for font encoding PD1
)
(C:\Users\micha\AppData\Local\Programs\MiKTeX\tex/generic/intcalc\intcalc.sty
Package: intcalc 2019/12/15 v1.3 Expandable calculations with integers (HO)
)
\Hy@SavedSpaceFactor=\count308

(C:\Users\micha\AppData\Local\Programs\MiKTeX\tex/latex/hyperref\puenc.def
File: puenc.def 2023-07-08 v7.01b Hyperref: PDF Unicode definition (HO)
Now handling font encoding PU ...
... no UTF-8 mapping file for font encoding PU
)
Package hyperref Info: Option `hyperindex' set `true' on input line 4050.
Package hyperref Info: Option `breaklinks' set `true' on input line 4050.
Package hyperref Info: Option `bookmarks' set `true' on input line 4050.
Package hyperref Info: Hyper figures OFF on input line 4167.
Package hyperref Info: Link nesting OFF on input line 4172.
Package hyperref Info: Hyper index ON on input line 4175.
Package hyperref Info: Plain pages OFF on input line 4182.
Package hyperref Info: Backreferencing OFF on input line 4187.
Package hyperref Info: Implicit mode ON; LaTeX internals redefined.
Package hyperref Info: Bookmarks ON on input line 4434.
\c@Hy@tempcnt=\count309

(C:\Users\micha\AppData\Local\Programs\MiKTeX\tex/latex/url\url.sty
\Urlmuskip=\muskip17
Package: url 2013/09/16  ver 3.4  Verb mode for urls, etc.
)
LaTeX Info: Redefining \url on input line 4772.
\XeTeXLinkMargin=\dimen278

(C:\Users\micha\AppData\Local\Programs\MiKTeX\tex/generic/bitset\bitset.sty
Package: bitset 2019/12/09 v1.3 Handle bit-vector datatype (HO)

(C:\Users\micha\AppData\Local\Programs\MiKTeX\tex/generic/bigintcalc\bigintcalc
.sty
Package: bigintcalc 2019/12/15 v1.5 Expandable calculations on big integers (HO
)
))
\Fld@menulength=\count310
\Field@Width=\dimen279
\Fld@charsize=\dimen280
Package hyperref Info: Hyper figures OFF on input line 6051.
Package hyperref Info: Link nesting OFF on input line 6056.
Package hyperref Info: Hyper index ON on input line 6059.
Package hyperref Info: backreferencing OFF on input line 6066.
Package hyperref Info: Link coloring OFF on input line 6071.
Package hyperref Info: Link coloring with OCG OFF on input line 6076.
Package hyperref Info: PDF/A mode OFF on input line 6081.

(C:\Users\micha\AppData\Local\Programs\MiKTeX\tex/latex/base\atbegshi-ltx.sty
Package: atbegshi-ltx 2021/01/10 v1.0c Emulation of the original atbegshi
package with kernel methods
)
\Hy@abspage=\count311
\c@Item=\count312
\c@Hfootnote=\count313
)
Package hyperref Info: Driver (autodetected): hpdftex.
(C:\Users\micha\AppData\Local\Programs\MiKTeX\tex/latex/hyperref\hpdftex.def
File: hpdftex.def 2023-07-08 v7.01b Hyperref driver for pdfTeX

(C:\Users\micha\AppData\Local\Programs\MiKTeX\tex/latex/base\atveryend-ltx.sty
Package: atveryend-ltx 2020/08/19 v1.0a Emulation of the original atveryend pac
kage
with kernel methods
)
\Fld@listcount=\count314
\c@bookmark@seq@number=\count315

(C:\Users\micha\AppData\Local\Programs\MiKTeX\tex/latex/rerunfilecheck\rerunfil
echeck.sty
Package: rerunfilecheck 2022-07-10 v1.10 Rerun checks for auxiliary files (HO)

(C:\Users\micha\AppData\Local\Programs\MiKTeX\tex/generic/uniquecounter\uniquec
ounter.sty
Package: uniquecounter 2019/12/15 v1.4 Provide unlimited unique counter (HO)
)
Package uniquecounter Info: New unique counter `rerunfilecheck' on input line 2
85.
)
\Hy@SectionHShift=\skip62
)
(C:\Users\micha\AppData\Local\Programs\MiKTeX\tex/latex/enumitem\enumitem.sty
Package: enumitem 2019/06/20 v3.9 Customized lists
\enitkv@toks@=\toks45
\labelindent=\skip63
\enit@outerparindent=\dimen281
\enit@toks=\toks46
\enit@inbox=\box65
\enit@count@id=\count316
\enitdp@description=\count317
)
(C:\Users\micha\AppData\Local\Programs\MiKTeX\tex/latex/booktabs\booktabs.sty
Package: booktabs 2020/01/12 v1.61803398 Publication quality tables
\heavyrulewidth=\dimen282
\lightrulewidth=\dimen283
\cmidrulewidth=\dimen284
\belowrulesep=\dimen285
\belowbottomsep=\dimen286
\aboverulesep=\dimen287
\abovetopsep=\dimen288
\cmidrulesep=\dimen289
\cmidrulekern=\dimen290
\defaultaddspace=\dimen291
\@cmidla=\count318
\@cmidlb=\count319
\@aboverulesep=\dimen292
\@belowrulesep=\dimen293
\@thisruleclass=\count320
\@lastruleclass=\count321
\@thisrulewidth=\dimen294
)
(C:\Users\micha\AppData\Local\Programs\MiKTeX\tex/latex/l3packages/xparse\xpars
e.sty
(C:\Users\micha\AppData\Local\Programs\MiKTeX\tex/latex/l3kernel\expl3.sty
Package: expl3 2023-08-29 L3 programming layer (loader) 

(C:\Users\micha\AppData\Local\Programs\MiKTeX\tex/latex/l3backend\l3backend-pdf
tex.def
File: l3backend-pdftex.def 2023-04-19 L3 backend support: PDF output (pdfTeX)
\l__color_backend_stack_int=\count322
\l__pdf_internal_box=\box66
))
Package: xparse 2023-08-29 L3 Experimental document command parser
)
(C:\Users\micha\AppData\Local\Programs\MiKTeX\tex/latex/tools\array.sty
Package: array 2022/09/04 v2.5g Tabular extension package (FMi)
\col@sep=\dimen295
\ar@mcellbox=\box67
\extrarowheight=\dimen296
\NC@list=\toks47
\extratabsurround=\skip64
\backup@length=\skip65
\ar@cellbox=\box68
)
(C:\Users\micha\AppData\Local\Programs\MiKTeX\tex/latex/psnfss\pifont.sty
Package: pifont 2020/03/25 PSNFSS-v9.3 Pi font support (SPQR) 
LaTeX Font Info:    Trying to load font information for U+pzd on input line 63.


(C:\Users\micha\AppData\Local\Programs\MiKTeX\tex/latex/psnfss\upzd.fd
File: upzd.fd 2001/06/04 font definitions for U/pzd.
)
LaTeX Font Info:    Trying to load font information for U+psy on input line 64.


(C:\Users\micha\AppData\Local\Programs\MiKTeX\tex/latex/psnfss\upsy.fd
File: upsy.fd 2001/06/04 font definitions for U/psy.
))
(C:\Users\micha\AppData\Local\Programs\MiKTeX\tex/latex/appendix\appendix.sty
Package: appendix 2020/02/08 v1.2c extra appendix facilities
\c@@pps=\count323
\c@@ppsavesec=\count324
\c@@ppsaveapp=\count325
)
(C:\Users\micha\AppData\Local\Programs\MiKTeX\tex/latex/cleveref\cleveref.sty
Package: cleveref 2018/03/27 v0.21.4 Intelligent cross-referencing
Package cleveref Info: `hyperref' support loaded on input line 2370.
LaTeX Info: Redefining \cref on input line 2370.
LaTeX Info: Redefining \Cref on input line 2370.
LaTeX Info: Redefining \crefrange on input line 2370.
LaTeX Info: Redefining \Crefrange on input line 2370.
LaTeX Info: Redefining \cpageref on input line 2370.
LaTeX Info: Redefining \Cpageref on input line 2370.
LaTeX Info: Redefining \cpagerefrange on input line 2370.
LaTeX Info: Redefining \Cpagerefrange on input line 2370.
LaTeX Info: Redefining \labelcref on input line 2370.
LaTeX Info: Redefining \labelcpageref on input line 2370.
Package cleveref Info: `amsthm' support loaded on input line 3026.
)
(C:\Users\micha\AppData\Local\Programs\MiKTeX\tex/latex/autonum\autonum.sty
Package: autonum 2015/01/18 v0.3.11 Automatic numbering of equations

(C:\Users\micha\AppData\Local\Programs\MiKTeX\tex/latex/etextools\etextools.sty
Package: etextools 2010/12/07 v3.1415926 e-TeX more useful tools for LaTeX pack
age writers
(C:\Users\micha\AppData\Local\Programs\MiKTeX\tex/latex/etex-pkg\etex.sty
Package: etex 2016/08/01 v2.7 eTeX basic definition package (PEB,DPC)


Package etex Warning: Extended allocation already in use.
(etex)                etex.sty code will not be used.
(etex)                To force etex package to load, add
(etex)                \RequirePackage{etex}
(etex)                at the start of the document.

)
\ettl@fter=\count326
\ettl@for@nested=\count327
) (C:\Users\micha\AppData\Local\Programs\MiKTeX\tex/latex/textpos\textpos.sty
Package: textpos 2022/07/23 v1.10.1
Package textpos Info: choosing support for LaTeX3 on input line 60.
\TP@textbox=\box69
\TP@holdbox=\box70
\TPHorizModule=\dimen297
\TPVertModule=\dimen298
\TP@margin=\dimen299
\TP@absmargin=\dimen300

Grid set 16 x 16 = 37.34424pt x 52.81541pt
\TPboxrulesize=\dimen301
\TP@ox=\dimen302
\TP@oy=\dimen303
\TP@tbargs=\toks48
TextBlockOrigin set to 0pt x 0pt
)
\c@autonum@counter=\count328
)
(C:\Users\micha\AppData\Local\Programs\MiKTeX\tex/latex/makecell\makecell.sty
Package: makecell 2009/08/03 V0.1e Managing of Tab Column Heads and Cells
\rotheadsize=\dimen304
\c@nlinenum=\count329
\TeXr@lab=\toks49
)
(C:\Users\micha\AppData\Local\Programs\MiKTeX\tex/latex/filecontents\fileconten
ts.sty
Package: filecontents 2023/04/02 v1.5a Create an external file from within a La
TeX document


Package filecontents Warning: This package is obsolete. Disabling it and
(filecontents)                passing control to the filecontents environment
(filecontents)                defined by the LaTeX kernel.

)
(C:\Users\micha\AppData\Local\Programs\MiKTeX\tex/generic/pgf/frontendlayer/tik
z/libraries\tikzlibrarypatterns.code.tex
File: tikzlibrarypatterns.code.tex 2023-01-15 v3.1.10 (3.1.10)

(C:\Users\micha\AppData\Local\Programs\MiKTeX\tex/generic/pgf/libraries\pgflibr
arypatterns.code.tex
File: pgflibrarypatterns.code.tex 2023-01-15 v3.1.10 (3.1.10)
))
\c@theorem=\count330
 (paper_changed.aux

LaTeX Warning: Label `eq:1upper_bound_policy_mod' multiply defined.


LaTeX Warning: Label `eq:1upper_bound_policy_mod@cref' multiply defined.


LaTeX Warning: Label `eq:1lower_bound_policy_mod' multiply defined.


LaTeX Warning: Label `eq:1lower_bound_policy_mod@cref' multiply defined.


LaTeX Warning: Label `sec:belief_techn' multiply defined.


LaTeX Warning: Label `sec:belief_techn@cref' multiply defined.

)
\openout1 = `paper_changed.aux'.

LaTeX Font Info:    Checking defaults for OML/cmm/m/it on input line 136.
LaTeX Font Info:    ... okay on input line 136.
LaTeX Font Info:    Checking defaults for OMS/cmsy/m/n on input line 136.
LaTeX Font Info:    ... okay on input line 136.
LaTeX Font Info:    Checking defaults for OT1/cmr/m/n on input line 136.
LaTeX Font Info:    ... okay on input line 136.
LaTeX Font Info:    Checking defaults for T1/cmr/m/n on input line 136.
LaTeX Font Info:    ... okay on input line 136.
LaTeX Font Info:    Checking defaults for TS1/cmr/m/n on input line 136.
LaTeX Font Info:    ... okay on input line 136.
LaTeX Font Info:    Checking defaults for OMX/cmex/m/n on input line 136.
LaTeX Font Info:    ... okay on input line 136.
LaTeX Font Info:    Checking defaults for U/cmr/m/n on input line 136.
LaTeX Font Info:    ... okay on input line 136.
LaTeX Font Info:    Checking defaults for PD1/pdf/m/n on input line 136.
LaTeX Font Info:    ... okay on input line 136.
LaTeX Font Info:    Checking defaults for PU/pdf/m/n on input line 136.
LaTeX Font Info:    ... okay on input line 136.

(C:\Users\micha\AppData\Local\Programs\MiKTeX\tex/context/base/mkii\supp-pdf.mk
ii
[Loading MPS to PDF converter (version 2006.09.02).]
\scratchcounter=\count331
\scratchdimen=\dimen305
\scratchbox=\box71
\nofMPsegments=\count332
\nofMParguments=\count333
\everyMPshowfont=\toks50
\MPscratchCnt=\count334
\MPscratchDim=\dimen306
\MPnumerator=\count335
\makeMPintoPDFobject=\count336
\everyMPtoPDFconversion=\toks51
)
(C:\Users\micha\AppData\Local\Programs\MiKTeX\tex/latex/epstopdf-pkg\epstopdf-b
ase.sty
Package: epstopdf-base 2020-01-24 v2.11 Base part for package epstopdf
Package epstopdf-base Info: Redefining graphics rule for `.eps' on input line 4
85.

(C:\Users\micha\AppData\Local\Programs\MiKTeX\tex/latex/00miktex\epstopdf-sys.c
fg
File: epstopdf-sys.cfg 2021/03/18 v2.0 Configuration of epstopdf for MiKTeX
))
*geometry* driver: auto-detecting
*geometry* detected driver: pdftex
*geometry* verbose mode - [ preamble ] result:
* driver: pdftex
* paper: a4paper
* layout: <same size as paper>
* layoutoffset:(h,v)=(0.0pt,0.0pt)
* modes: 
* h-part:(L,W,R)=(72.26999pt, 452.9679pt, 72.26999pt)
* v-part:(T,H,B)=(72.26999pt, 700.50687pt, 72.26999pt)
* \paperwidth=597.50787pt
* \paperheight=845.04684pt
* \textwidth=452.9679pt
* \textheight=700.50687pt
* \oddsidemargin=0.0pt
* \evensidemargin=0.0pt
* \topmargin=-37.0pt
* \headheight=12.0pt
* \headsep=25.0pt
* \topskip=10.0pt
* \footskip=30.0pt
* \marginparwidth=65.0pt
* \marginparsep=11.0pt
* \columnsep=10.0pt
* \skip\footins=9.0pt plus 4.0pt minus 2.0pt
* \hoffset=0.0pt
* \voffset=0.0pt
* \mag=1000
* \@twocolumnfalse
* \@twosidefalse
* \@mparswitchfalse
* \@reversemarginfalse
* (1in=72.27pt=25.4mm, 1cm=28.453pt)

Package hyperref Info: Link coloring OFF on input line 136.
(paper_changed.out) (paper_changed.out)
\@outlinefile=\write4
\openout4 = `paper_changed.out'.

\autonum@environmentWidth=\skip66
LaTeX Font Info:    Trying to load font information for U+msa on input line 136
.

(C:\Users\micha\AppData\Local\Programs\MiKTeX\tex/latex/amsfonts\umsa.fd
File: umsa.fd 2013/01/14 v3.01 AMS symbols A
)
LaTeX Font Info:    Trying to load font information for U+msb on input line 136
.

(C:\Users\micha\AppData\Local\Programs\MiKTeX\tex/latex/amsfonts\umsb.fd
File: umsb.fd 2013/01/14 v3.01 AMS symbols B
)
(intro.tex

Package natbib Warning: Citation `Superintelligence' on page 1 undefined on inp
ut line 1.


Package natbib Warning: Citation `russell2019human' on page 1 undefined on inpu
t line 1.


Package natbib Warning: Citation `drexler2019reframing' on page 1 undefined on 
input line 1.


Package natbib Warning: Citation `OracleAI' on page 1 undefined on input line 1
.


Package natbib Warning: Citation `omohundro2008basic' on page 1 undefined on in
put line 1.


Package natbib Warning: Citation `miller2020agi' on page 1 undefined on input l
ine 1.


Package natbib Warning: Citation `Superintelligence' on page 1 undefined on inp
ut line 3.


Package natbib Warning: Citation `Leakproofing' on page 1 undefined on input li
ne 3.


Package natbib Warning: Citation `omohundro2008basic' on page 1 undefined on in
put line 6.


Package natbib Warning: Citation `everitt' on page 1 undefined on input line 8.



Package natbib Warning: Citation `everitt' on page 1 undefined on input line 9.


[1

{C:/Users/micha/AppData/Local/MiKTeX/fonts/map/pdftex/pdftex.map}]

Package natbib Warning: Citation `everitt' on page 2 undefined on input line 19
.


Package natbib Warning: Citation `everitt' on page 2 undefined on input line 46
.


Overfull \hbox (10.28304pt too wide) in paragraph at lines 52--53
[]\OT1/cmr/m/n/10 This im-plies that un-like bounded-optimization agents, the p
er-for-mance of perfect-optimization bounded-
 []

[2]

Package natbib Warning: Citation `EmbeddedAgency' on page 3 undefined on input 
line 95.

[3]

Package natbib Warning: Citation `Bostrom2011' on page 4 undefined on input lin
e 100.


Package natbib Warning: Citation `strotz1955myopia' on page 4 undefined on inpu
t line 101.


Package natbib Warning: Citation `EmbeddedAgency' on page 4 undefined on input 
line 109.

[4]) (preliminaries.tex

Package natbib Warning: Citation `everitt' on page 5 undefined on input line 1.


[5]

Package natbib Warning: Citation `Lattimore2014' on page 6 undefined on input l
ine 18.

) (definitions.tex

Package natbib Warning: Citation `everitt' on page 6 undefined on input line 1.


<figures/agent_types_diagram.pdf, id=172, 592.2125pt x 197.62231pt>
File: figures/agent_types_diagram.pdf Graphic file (type pdf)
<use figures/agent_types_diagram.pdf>
Package pdftex.def Info: figures/agent_types_diagram.pdf  used on input line 4.

(pdftex.def)             Requested size: 389.80266pt x 130.08133pt.
[6
pdfTeX warning (ext4): destination with the same identifier (name{equation.3.1}
) has been already used, duplicate ignored
<argument> ...shipout:D \box_use:N \l_shipout_box 
                                                  \__shipout_drop_firstpage_...
l.8 
    
pdfTeX warning (ext4): destination with the same identifier (name{equation.3.1}
) has been already used, duplicate ignored
<argument> ...shipout:D \box_use:N \l_shipout_box 
                                                  \__shipout_drop_firstpage_...
l.8 
    ] [7
pdfTeX warning (ext4): destination with the same identifier (name{equation.4.1}
) has been already used, duplicate ignored
<argument> ...shipout:D \box_use:N \l_shipout_box 
                                                  \__shipout_drop_firstpage_...
l.53 \]
        <./figures/agent_types_diagram.pdf>]
pdfTeX warning (ext4): destination with the same identifier (name{equation.4.1}
) has been already used, duplicate ignored
<to be read again> 
                   \relax 
l.53 \]
       
pdfTeX warning (ext4): destination with the same identifier (name{equation.4.1}
) has been already used, duplicate ignored
<to be read again> 
                   \relax 
l.53 \]
       
pdfTeX warning (ext4): destination with the same identifier (name{equation.4.1}
) has been already used, duplicate ignored
<to be read again> 
                   \relax 
l.53 \]
       
pdfTeX warning (ext4): destination with the same identifier (name{equation.4.1}
) has been already used, duplicate ignored
<to be read again> 
                   \relax 
l.53 \]
       
pdfTeX warning (ext4): destination with the same identifier (name{equation.4.1}
) has been already used, duplicate ignored
<to be read again> 
                   \relax 
l.56 \begin{equation}
                     
pdfTeX warning (ext4): destination with the same identifier (name{equation.4.1}
) has been already used, duplicate ignored
<to be read again> 
                   \relax 
l.56 \begin{equation}
                     
pdfTeX warning (ext4): destination with the same identifier (name{equation.4.1}
) has been already used, duplicate ignored
<to be read again> 
                   \relax 
l.56 \begin{equation}
                     
pdfTeX warning (ext4): destination with the same identifier (name{equation.4.1}
) has been already used, duplicate ignored
<to be read again> 
                   \relax 
l.56 \begin{equation}
                     ) (policy1.tex

Package natbib Warning: Citation `everitt' on page 8 undefined on input line 1.



Package natbib Warning: Citation `everitt' on page 8 undefined on input line 19
.

) (bounded_eps1.tex [8]) (utility1.tex
Overfull \hbox (2.41946pt too wide) in paragraph at lines 7--10
[]\OT1/cmr/m/n/10 In the random-error case when for any $[][]$, we ran-domly ch
oose $\OML/cmm/m/it/10 u\OT1/cmr/m/n/10 ([][])$ from the set $\OMS/cmsy/m/n/10 
f[]\OT1/cmr/m/n/10 (0\OML/cmm/m/it/10 ; u[]\OT1/cmr/m/n/10 ([][]) \OMS/cmsy/m/n
/10 ^^@
 []


Overfull \hbox (63.83311pt too wide) in paragraph at lines 12--15
\OT1/cmr/m/it/10 the value $\OML/cmm/m/it/10 u\OT1/cmr/m/n/10 (\OML/cmm/m/it/10
 e[]\OMS/cmsy/m/n/10 j[][]\OML/cmm/m/it/10 a[]\OT1/cmr/m/n/10 )$ \OT1/cmr/m/it/
10 is cho-sen in-de-pen-dently and uni-formly from the set $\OMS/cmsy/m/n/10 f[
]\OT1/cmr/m/n/10 (0\OML/cmm/m/it/10 ; u[]\OT1/cmr/m/n/10 (\OML/cmm/m/it/10 e[]\
OMS/cmsy/m/n/10 j[][]\OML/cmm/m/it/10 a[]\OT1/cmr/m/n/10 ) \OMS/cmsy/m/n/10 ^^@
 \OML/cmm/m/it/10 ^^O\OT1/cmr/m/n/10 )\OML/cmm/m/it/10 ; []\OT1/cmr/m/n/10 (1\O
ML/cmm/m/it/10 ; u[]\OT1/cmr/m/n/10 (\OML/cmm/m/it/10 e[]\OMS/cmsy/m/n/10 j[][]
\OML/cmm/m/it/10 a[]\OT1/cmr/m/n/10 ) +
 []

) (belief1.tex
Overfull \hbox (15.45488pt too wide) in paragraph at lines 10--11
\OT1/cmr/m/it/10 the value $\OML/cmm/m/it/10 ^^Z\OT1/cmr/m/n/10 (\OML/cmm/m/it/
10 e[]\OMS/cmsy/m/n/10 j[][]\OML/cmm/m/it/10 a[]\OT1/cmr/m/n/10 )$ \OT1/cmr/m/i
t/10 is in-de-pen-dently for any ar-gu-ment cho-sen uni-formly from the set $\O
MS/cmsy/m/n/10 f[]\OT1/cmr/m/n/10 (0\OML/cmm/m/it/10 ; ^^Z[]\OT1/cmr/m/n/10 (\O
ML/cmm/m/it/10 e[]\OMS/cmsy/m/n/10 j[][]\OML/cmm/m/it/10 a[]\OT1/cmr/m/n/10 ) \
OMS/cmsy/m/n/10 ^^@
 []

[9
pdfTeX warning (ext4): destination with the same identifier (name{equation.5.3}
) has been already used, duplicate ignored
<argument> ...shipout:D \box_use:N \l_shipout_box 
                                                  \__shipout_drop_firstpage_...
l.16 \end{gather}
                 ]) (gammas1.tex
pdfTeX warning (ext4): destination with the same identifier (name{equation.5.3}
) has been already used, duplicate ignored
<to be read again> 
                   \relax 
l.7 \]
      
pdfTeX warning (ext4): destination with the same identifier (name{equation.5.3}
) has been already used, duplicate ignored
<to be read again> 
                   \relax 
l.7 \]
      
pdfTeX warning (ext4): destination with the same identifier (name{equation.5.3}
) has been already used, duplicate ignored
<to be read again> 
                   \relax 
l.7 \]
      
pdfTeX warning (ext4): destination with the same identifier (name{equation.5.3}
) has been already used, duplicate ignored
<to be read again> 
                   \relax 
l.7 \]
      
pdfTeX warning (ext4): destination with the same identifier (name{equation.5.3}
) has been already used, duplicate ignored
<to be read again> 
                   \relax 
l.17 \]
       
pdfTeX warning (ext4): destination with the same identifier (name{equation.5.3}
) has been already used, duplicate ignored
<to be read again> 
                   \relax 
l.17 \]
       
pdfTeX warning (ext4): destination with the same identifier (name{equation.5.3}
) has been already used, duplicate ignored
<to be read again> 
                   \relax 
l.17 \]
       
pdfTeX warning (ext4): destination with the same identifier (name{equation.5.3}
) has been already used, duplicate ignored
<to be read again> 
                   \relax 
l.17 \]
       ) (combining1.tex) (conclusions.tex

Package natbib Warning: Citation `ortega2015informationtheoretic' on page 10 un
defined on input line 5.

[10]

Package natbib Warning: Citation `Bostrom2011' on page 11 undefined on input li
ne 15.

) (policy2.tex [11]
LaTeX Font Info:    Trying to load font information for U+euf on input line 21.


(C:\Users\micha\AppData\Local\Programs\MiKTeX\tex/latex/amsfonts\ueuf.fd
File: ueuf.fd 2013/01/14 v3.01 Euler Fraktur
)

Package natbib Warning: Citation `everitt' on page 12 undefined on input line 3
2.


Package natbib Warning: Citation `everitt' on page 12 undefined on input line 5
4.

) (bounded_eps2.tex

Package natbib Warning: Citation `everitt' on page 12 undefined on input line 4
.

[12]
pdfTeX warning (ext4): destination with the same identifier (name{equation.7.5}
) has been already used, duplicate ignored
<to be read again> 
                   \relax 
l.22 \]
       
pdfTeX warning (ext4): destination with the same identifier (name{equation.7.5}
) has been already used, duplicate ignored
<to be read again> 
                   \relax 
l.22 \]
       
pdfTeX warning (ext4): destination with the same identifier (name{equation.7.5}
) has been already used, duplicate ignored
<to be read again> 
                   \relax 
l.22 \]
       
pdfTeX warning (ext4): destination with the same identifier (name{equation.7.5}
) has been already used, duplicate ignored
<to be read again> 
                   \relax 
l.22 \]
       
pdfTeX warning (ext4): destination with the same identifier (name{equation.7.5}
) has been already used, duplicate ignored
<to be read again> 
                   \relax 
l.26 \]
       
pdfTeX warning (ext4): destination with the same identifier (name{equation.7.5}
) has been already used, duplicate ignored
<to be read again> 
                   \relax 
l.26 \]
       
pdfTeX warning (ext4): destination with the same identifier (name{equation.7.5}
) has been already used, duplicate ignored
<to be read again> 
                   \relax 
l.26 \]
       
pdfTeX warning (ext4): destination with the same identifier (name{equation.7.5}
) has been already used, duplicate ignored
<to be read again> 
                   \relax 
l.26 \]
       ) (utility2.tex
pdfTeX warning (ext4): destination with the same identifier (name{equation.7.5}
) has been already used, duplicate ignored
<to be read again> 
                   \relax 
l.11 \]
       
pdfTeX warning (ext4): destination with the same identifier (name{equation.7.5}
) has been already used, duplicate ignored
<to be read again> 
                   \relax 
l.11 \]
       
pdfTeX warning (ext4): destination with the same identifier (name{equation.7.5}
) has been already used, duplicate ignored
<to be read again> 
                   \relax 
l.11 \]
       
pdfTeX warning (ext4): destination with the same identifier (name{equation.7.5}
) has been already used, duplicate ignored
<to be read again> 
                   \relax 
l.11 \]
       ) (belief2.tex

Package natbib Warning: Citation `levinmarkov' on page 13 undefined on input li
ne 3.

[13]
pdfTeX warning (ext4): destination with the same identifier (name{equation.7.5}
) has been already used, duplicate ignored
<to be read again> 
                   \relax 
l.23 \]
       
pdfTeX warning (ext4): destination with the same identifier (name{equation.7.5}
) has been already used, duplicate ignored
<to be read again> 
                   \relax 
l.23 \]
       
pdfTeX warning (ext4): destination with the same identifier (name{equation.7.5}
) has been already used, duplicate ignored
<to be read again> 
                   \relax 
l.23 \]
       
pdfTeX warning (ext4): destination with the same identifier (name{equation.7.5}
) has been already used, duplicate ignored
<to be read again> 
                   \relax 
l.23 \]
       
pdfTeX warning (ext4): destination with the same identifier (name{equation.7.5}
) has been already used, duplicate ignored
<to be read again> 
                   \relax 
l.28 \]
       
pdfTeX warning (ext4): destination with the same identifier (name{equation.7.5}
) has been already used, duplicate ignored
<to be read again> 
                   \relax 
l.28 \]
       
pdfTeX warning (ext4): destination with the same identifier (name{equation.7.5}
) has been already used, duplicate ignored
<to be read again> 
                   \relax 
l.28 \]
       
pdfTeX warning (ext4): destination with the same identifier (name{equation.7.5}
) has been already used, duplicate ignored
<to be read again> 
                   \relax 
l.28 \]
        [14]
pdfTeX warning (ext4): destination with the same identifier (name{equation.7.5}
) has been already used, duplicate ignored
<to be read again> 
                   \relax 
l.92 \]
       
pdfTeX warning (ext4): destination with the same identifier (name{equation.7.5}
) has been already used, duplicate ignored
<to be read again> 
                   \relax 
l.92 \]
       
pdfTeX warning (ext4): destination with the same identifier (name{equation.7.5}
) has been already used, duplicate ignored
<to be read again> 
                   \relax 
l.92 \]
       
pdfTeX warning (ext4): destination with the same identifier (name{equation.7.5}
) has been already used, duplicate ignored
<to be read again> 
                   \relax 
l.92 \]
       
pdfTeX warning (ext4): destination with the same identifier (name{equation.7.5}
) has been already used, duplicate ignored
<to be read again> 
                   \relax 
l.97 \]
       
pdfTeX warning (ext4): destination with the same identifier (name{equation.7.5}
) has been already used, duplicate ignored
<to be read again> 
                   \relax 
l.97 \]
       
pdfTeX warning (ext4): destination with the same identifier (name{equation.7.5}
) has been already used, duplicate ignored
<to be read again> 
                   \relax 
l.97 \]
       
pdfTeX warning (ext4): destination with the same identifier (name{equation.7.5}
) has been already used, duplicate ignored
<to be read again> 
                   \relax 
l.97 \]
       
pdfTeX warning (ext4): destination with the same identifier (name{equation.7.5}
) has been already used, duplicate ignored
<to be read again> 
                   \relax 
l.101 \]
        
pdfTeX warning (ext4): destination with the same identifier (name{equation.7.5}
) has been already used, duplicate ignored
<to be read again> 
                   \relax 
l.101 \]
        
pdfTeX warning (ext4): destination with the same identifier (name{equation.7.5}
) has been already used, duplicate ignored
<to be read again> 
                   \relax 
l.101 \]
        
pdfTeX warning (ext4): destination with the same identifier (name{equation.7.5}
) has been already used, duplicate ignored
<to be read again> 
                   \relax 
l.101 \]
        
pdfTeX warning (ext4): destination with the same identifier (name{equation.7.5}
) has been already used, duplicate ignored
<to be read again> 
                   \relax 
l.124 \]
        
pdfTeX warning (ext4): destination with the same identifier (name{equation.7.5}
) has been already used, duplicate ignored
<to be read again> 
                   \relax 
l.124 \]
        
pdfTeX warning (ext4): destination with the same identifier (name{equation.7.5}
) has been already used, duplicate ignored
<to be read again> 
                   \relax 
l.124 \]
        
pdfTeX warning (ext4): destination with the same identifier (name{equation.7.5}
) has been already used, duplicate ignored
<to be read again> 
                   \relax 
l.124 \]
         [15]
Overfull \hbox (24.385pt too wide) in paragraph at lines 131--133
\OML/cmm/m/it/10 e[]; [][]a[]$\OT1/cmr/m/it/10 , the value $\OML/cmm/m/it/10 ^^
Z\OT1/cmr/m/n/10 (\OML/cmm/m/it/10 e[]\OMS/cmsy/m/n/10 j[][]\OML/cmm/m/it/10 a[
]\OT1/cmr/m/n/10 )$ \OT1/cmr/m/it/10 is cho-sen ran-domly from the set $\OMS/cm
sy/m/n/10 f[]\OT1/cmr/m/n/10 (0\OML/cmm/m/it/10 ; ^^Z[]\OT1/cmr/m/n/10 (\OML/cm
m/m/it/10 e[]\OMS/cmsy/m/n/10 j[][]\OML/cmm/m/it/10 a[]\OT1/cmr/m/n/10 ) \OMS/c
msy/m/n/10 ^^@ \OML/cmm/m/it/10 ^^O\OT1/cmr/m/n/10 )\OML/cmm/m/it/10 ; []\OT1/c
mr/m/n/10 (1\OML/cmm/m/it/10 ; ^^Z[]\OT1/cmr/m/n/10 (\OML/cmm/m/it/10 e[]\OMS/c
msy/m/n/10 j[][]\OML/cmm/m/it/10 a[]\OT1/cmr/m/n/10 ) +
 []


pdfTeX warning (ext4): destination with the same identifier (name{equation.7.5}
) has been already used, duplicate ignored
<to be read again> 
                   \relax 
l.153 \]
        
pdfTeX warning (ext4): destination with the same identifier (name{equation.7.5}
) has been already used, duplicate ignored
<to be read again> 
                   \relax 
l.153 \]
        
pdfTeX warning (ext4): destination with the same identifier (name{equation.7.5}
) has been already used, duplicate ignored
<to be read again> 
                   \relax 
l.153 \]
        
pdfTeX warning (ext4): destination with the same identifier (name{equation.7.5}
) has been already used, duplicate ignored
<to be read again> 
                   \relax 
l.153 \]
        
pdfTeX warning (ext4): destination with the same identifier (name{equation.7.5}
) has been already used, duplicate ignored
<to be read again> 
                   \relax 
l.158 \]
        
pdfTeX warning (ext4): destination with the same identifier (name{equation.7.5}
) has been already used, duplicate ignored
<to be read again> 
                   \relax 
l.158 \]
        
pdfTeX warning (ext4): destination with the same identifier (name{equation.7.5}
) has been already used, duplicate ignored
<to be read again> 
                   \relax 
l.158 \]
        
pdfTeX warning (ext4): destination with the same identifier (name{equation.7.5}
) has been already used, duplicate ignored
<to be read again> 
                   \relax 
l.158 \]
        
pdfTeX warning (ext4): destination with the same identifier (name{equation.7.5}
) has been already used, duplicate ignored
<to be read again> 
                   \relax 
l.164 \]
        
pdfTeX warning (ext4): destination with the same identifier (name{equation.7.5}
) has been already used, duplicate ignored
<to be read again> 
                   \relax 
l.164 \]
        
pdfTeX warning (ext4): destination with the same identifier (name{equation.7.5}
) has been already used, duplicate ignored
<to be read again> 
                   \relax 
l.164 \]
        
pdfTeX warning (ext4): destination with the same identifier (name{equation.7.5}
) has been already used, duplicate ignored
<to be read again> 
                   \relax 
l.164 \]
         [16]) (gammas2.tex
pdfTeX warning (ext4): destination with the same identifier (name{equation.7.5}
) has been already used, duplicate ignored
<to be read again> 
                   \relax 
l.9 \]
      
pdfTeX warning (ext4): destination with the same identifier (name{equation.7.5}
) has been already used, duplicate ignored
<to be read again> 
                   \relax 
l.9 \]
      
pdfTeX warning (ext4): destination with the same identifier (name{equation.7.5}
) has been already used, duplicate ignored
<to be read again> 
                   \relax 
l.9 \]
      
pdfTeX warning (ext4): destination with the same identifier (name{equation.7.5}
) has been already used, duplicate ignored
<to be read again> 
                   \relax 
l.9 \]
      
Overfull \hbox (55.2778pt too wide) in paragraph at lines 16--30
\OT1/cmr/m/n/10 We can now de-fine []   [] 
 []


pdfTeX warning (ext4): destination with the same identifier (name{equation.7.5}
) has been already used, duplicate ignored
<to be read again> 
                   \relax 
l.34 \]
       
pdfTeX warning (ext4): destination with the same identifier (name{equation.7.5}
) has been already used, duplicate ignored
<to be read again> 
                   \relax 
l.34 \]
       
pdfTeX warning (ext4): destination with the same identifier (name{equation.7.5}
) has been already used, duplicate ignored
<to be read again> 
                   \relax 
l.34 \]
       
pdfTeX warning (ext4): destination with the same identifier (name{equation.7.5}
) has been already used, duplicate ignored
<to be read again> 
                   \relax 
l.34 \]
       
pdfTeX warning (ext4): destination with the same identifier (name{equation.7.5}
) has been already used, duplicate ignored
<to be read again> 
                   \relax 
l.39 \]
       
pdfTeX warning (ext4): destination with the same identifier (name{equation.7.5}
) has been already used, duplicate ignored
<to be read again> 
                   \relax 
l.39 \]
       
pdfTeX warning (ext4): destination with the same identifier (name{equation.7.5}
) has been already used, duplicate ignored
<to be read again> 
                   \relax 
l.39 \]
       
pdfTeX warning (ext4): destination with the same identifier (name{equation.7.5}
) has been already used, duplicate ignored
<to be read again> 
                   \relax 
l.39 \]
        [17]
pdfTeX warning (ext4): destination with the same identifier (name{equation.7.5}
) has been already used, duplicate ignored
<to be read again> 
                   \relax 
l.78 \]
       
pdfTeX warning (ext4): destination with the same identifier (name{equation.7.5}
) has been already used, duplicate ignored
<to be read again> 
                   \relax 
l.78 \]
       
pdfTeX warning (ext4): destination with the same identifier (name{equation.7.5}
) has been already used, duplicate ignored
<to be read again> 
                   \relax 
l.78 \]
       
pdfTeX warning (ext4): destination with the same identifier (name{equation.7.5}
) has been already used, duplicate ignored
<to be read again> 
                   \relax 
l.78 \]
       
pdfTeX warning (ext4): destination with the same identifier (name{equation.7.5}
) has been already used, duplicate ignored
<to be read again> 
                   \relax 
l.80 \begin{equation}
                      \label{eq:what_is_delta}
pdfTeX warning (ext4): destination with the same identifier (name{equation.7.5}
) has been already used, duplicate ignored
<to be read again> 
                   \relax 
l.80 \begin{equation}
                      \label{eq:what_is_delta}
pdfTeX warning (ext4): destination with the same identifier (name{equation.7.5}
) has been already used, duplicate ignored
<to be read again> 
                   \relax 
l.80 \begin{equation}
                      \label{eq:what_is_delta}
pdfTeX warning (ext4): destination with the same identifier (name{equation.7.5}
) has been already used, duplicate ignored
<to be read again> 
                   \relax 
l.80 \begin{equation}
                      \label{eq:what_is_delta}
pdfTeX warning (ext4): destination with the same identifier (name{equation.7.5}
) has been already used, duplicate ignored
<to be read again> 
                   \relax 
l.89 \]
       
pdfTeX warning (ext4): destination with the same identifier (name{equation.7.5}
) has been already used, duplicate ignored
<to be read again> 
                   \relax 
l.89 \]
       
pdfTeX warning (ext4): destination with the same identifier (name{equation.7.5}
) has been already used, duplicate ignored
<to be read again> 
                   \relax 
l.89 \]
       
pdfTeX warning (ext4): destination with the same identifier (name{equation.7.5}
) has been already used, duplicate ignored
<to be read again> 
                   \relax 
l.89 \]
       
pdfTeX warning (ext4): destination with the same identifier (name{equation.7.5}
) has been already used, duplicate ignored
<to be read again> 
                   \relax 
l.95 \]
       
pdfTeX warning (ext4): destination with the same identifier (name{equation.7.5}
) has been already used, duplicate ignored
<to be read again> 
                   \relax 
l.95 \]
       
pdfTeX warning (ext4): destination with the same identifier (name{equation.7.5}
) has been already used, duplicate ignored
<to be read again> 
                   \relax 
l.95 \]
       
pdfTeX warning (ext4): destination with the same identifier (name{equation.7.5}
) has been already used, duplicate ignored
<to be read again> 
                   \relax 
l.95 \]
       ) (combining2.tex [18]
pdfTeX warning (ext4): destination with the same identifier (name{equation.7.5}
) has been already used, duplicate ignored
<to be read again> 
                   \relax 
l.19 \]
       
pdfTeX warning (ext4): destination with the same identifier (name{equation.7.5}
) has been already used, duplicate ignored
<to be read again> 
                   \relax 
l.19 \]
       
pdfTeX warning (ext4): destination with the same identifier (name{equation.7.5}
) has been already used, duplicate ignored
<to be read again> 
                   \relax 
l.19 \]
       
pdfTeX warning (ext4): destination with the same identifier (name{equation.7.5}
) has been already used, duplicate ignored
<to be read again> 
                   \relax 
l.19 \]
       
pdfTeX warning (ext4): destination with the same identifier (name{equation.7.5}
) has been already used, duplicate ignored
<to be read again> 
                   \relax 
l.26 \]
       
pdfTeX warning (ext4): destination with the same identifier (name{equation.7.5}
) has been already used, duplicate ignored
<to be read again> 
                   \relax 
l.26 \]
       
pdfTeX warning (ext4): destination with the same identifier (name{equation.7.5}
) has been already used, duplicate ignored
<to be read again> 
                   \relax 
l.26 \]
       
pdfTeX warning (ext4): destination with the same identifier (name{equation.7.5}
) has been already used, duplicate ignored
<to be read again> 
                   \relax 
l.26 \]
       
Overfull \hbox (8.21164pt too wide) detected at line 26
[][][]\OML/cmm/m/it/10 E[]\OT1/cmr/m/n/10 [\OML/cmm/m/it/10 ^^O[]\OT1/cmr/m/n/1
0 ] \OMS/cmsy/m/n/10 ^^T \OML/cmm/m/it/10 E[]\OT1/cmr/m/n/10 [\OML/cmm/m/it/10 
^^O[] \OT1/cmr/m/n/10 + \OML/cmm/m/it/10 f[]\OT1/cmr/m/n/10 (\OML/cmm/m/it/10 ^
^O[]; ^^M\OT1/cmr/m/n/10 ) + \OML/cmm/m/it/10 f[]\OT1/cmr/m/n/10 (\OML/cmm/m/it
/10 ^^O[]; ^^M\OT1/cmr/m/n/10 ) + \OML/cmm/m/it/10 f[]\OT1/cmr/m/n/10 (\OML/cmm
/m/it/10 ^^M; ^^M[]\OT1/cmr/m/n/10 )] = \OML/cmm/m/it/10 f[]\OT1/cmr/m/n/10 (\O
ML/cmm/m/it/10 ^^O[]; ^^M\OT1/cmr/m/n/10 ) + \OML/cmm/m/it/10 f[]\OT1/cmr/m/n/1
0 (\OML/cmm/m/it/10 ^^O[]; ^^M\OT1/cmr/m/n/10 ) + \OML/cmm/m/it/10 f[]\OT1/cmr/
m/n/10 (\OML/cmm/m/it/10 ^^O[]; ^^M\OT1/cmr/m/n/10 ) + \OML/cmm/m/it/10 f[]\OT1
/cmr/m/n/10 (\OML/cmm/m/it/10 ^^M; ^^M[]\OT1/cmr/m/n/10 )
 []

)
Overfull \hbox (4.25528pt too wide) in paragraph at lines 212--212
[]\OT1/cmr/m/n/10 Minima of-ficiis cu-pid-i-tate mo-les-tiae mag-nam modi volup
-tatem, volup-tas do-lore il-lum re-cu-san-dae.Minus
 []

[19] [20]
No file paper_changed.bbl.

Package natbib Warning: There were undefined citations.

(paper_changed.aux)
 ***********
LaTeX2e <2023-06-01> patch level 1
L3 programming layer <2023-08-29>
 ***********


LaTeX Warning: There were multiply-defined labels.

Package rerunfilecheck Info: File `paper_changed.out' has not changed.
(rerunfilecheck)             Checksum: 5507BDA6186B47985E6F8E25505F3029;3506.
 ) 
Here is how much of TeX's memory you used:
 26974 strings out of 475247
 510325 string characters out of 5757792
 1943801 words of memory out of 5000000
 47863 multiletter control sequences out of 15000+600000
 575510 words of font info for 98 fonts, out of 8000000 for 9000
 1141 hyphenation exceptions out of 8191
 117i,13n,121p,1603b,654s stack positions out of 10000i,1000n,20000p,200000b,200000s
 <C:\Users\micha\AppData\Local\MiKTeX\fonts/pk/ljfour/jknappen/ec/dpi600\tcrm
1000.pk> <C:\Users\micha\AppData\Local\MiKTeX\fonts/pk/ljfour/jknappen/ec/dpi60
0\tcrm0600.pk> <C:\Users\micha\AppData\Local\MiKTeX\fonts/pk/ljfour/jknappen/ec
/dpi600\tcrm1200.pk><C:/Users/micha/AppData/Local/Programs/MiKTeX/fonts/type1/p
ublic/amsfonts/cm/cmbx10.pfb><C:/Users/micha/AppData/Local/Programs/MiKTeX/font
s/type1/public/amsfonts/cm/cmbx12.pfb><C:/Users/micha/AppData/Local/Programs/Mi
KTeX/fonts/type1/public/amsfonts/cm/cmbx8.pfb><C:/Users/micha/AppData/Local/Pro
grams/MiKTeX/fonts/type1/public/amsfonts/cm/cmbx9.pfb><C:/Users/micha/AppData/L
ocal/Programs/MiKTeX/fonts/type1/public/amsfonts/cm/cmex10.pfb><C:/Users/micha/
AppData/Local/Programs/MiKTeX/fonts/type1/public/amsfonts/cm/cmmi10.pfb><C:/Use
rs/micha/AppData/Local/Programs/MiKTeX/fonts/type1/public/amsfonts/cm/cmmi12.pf
b><C:/Users/micha/AppData/Local/Programs/MiKTeX/fonts/type1/public/amsfonts/cm/
cmmi5.pfb><C:/Users/micha/AppData/Local/Programs/MiKTeX/fonts/type1/public/amsf
onts/cm/cmmi7.pfb><C:/Users/micha/AppData/Local/Programs/MiKTeX/fonts/type1/pub
lic/amsfonts/cm/cmmi8.pfb><C:/Users/micha/AppData/Local/Programs/MiKTeX/fonts/t
ype1/public/amsfonts/cm/cmr10.pfb><C:/Users/micha/AppData/Local/Programs/MiKTeX
/fonts/type1/public/amsfonts/cm/cmr12.pfb><C:/Users/micha/AppData/Local/Program
s/MiKTeX/fonts/type1/public/amsfonts/cm/cmr17.pfb><C:/Users/micha/AppData/Local
/Programs/MiKTeX/fonts/type1/public/amsfonts/cm/cmr5.pfb><C:/Users/micha/AppDat
a/Local/Programs/MiKTeX/fonts/type1/public/amsfonts/cm/cmr6.pfb><C:/Users/micha
/AppData/Local/Programs/MiKTeX/fonts/type1/public/amsfonts/cm/cmr7.pfb><C:/User
s/micha/AppData/Local/Programs/MiKTeX/fonts/type1/public/amsfonts/cm/cmr8.pfb><
C:/Users/micha/AppData/Local/Programs/MiKTeX/fonts/type1/public/amsfonts/cm/cmr
9.pfb><C:/Users/micha/AppData/Local/Programs/MiKTeX/fonts/type1/public/amsfonts
/cm/cmsl10.pfb><C:/Users/micha/AppData/Local/Programs/MiKTeX/fonts/type1/public
/amsfonts/cm/cmsl8.pfb><C:/Users/micha/AppData/Local/Programs/MiKTeX/fonts/type
1/public/amsfonts/cm/cmss8.pfb><C:/Users/micha/AppData/Local/Programs/MiKTeX/fo
nts/type1/public/amsfonts/cm/cmsy10.pfb><C:/Users/micha/AppData/Local/Programs/
MiKTeX/fonts/type1/public/amsfonts/cm/cmsy5.pfb><C:/Users/micha/AppData/Local/P
rograms/MiKTeX/fonts/type1/public/amsfonts/cm/cmsy6.pfb><C:/Users/micha/AppData
/Local/Programs/MiKTeX/fonts/type1/public/amsfonts/cm/cmsy7.pfb><C:/Users/micha
/AppData/Local/Programs/MiKTeX/fonts/type1/public/amsfonts/cm/cmti10.pfb><C:/Us
ers/micha/AppData/Local/Programs/MiKTeX/fonts/type1/public/amsfonts/cm/cmti7.pf
b><C:/Users/micha/AppData/Local/Programs/MiKTeX/fonts/type1/public/amsfonts/cm/
cmti9.pfb><C:/Users/micha/AppData/Local/Programs/MiKTeX/fonts/type1/public/amsf
onts/cm/cmtt12.pfb><C:/Users/micha/AppData/Local/Programs/MiKTeX/fonts/type1/pu
blic/amsfonts/euler/eufm10.pfb><C:/Users/micha/AppData/Local/Programs/MiKTeX/fo
nts/type1/public/amsfonts/euler/eufm7.pfb><C:/Users/micha/AppData/Local/Program
s/MiKTeX/fonts/type1/public/amsfonts/symbols/msbm10.pfb><C:/Users/micha/AppData
/Local/Programs/MiKTeX/fonts/type1/public/amsfonts/symbols/msbm7.pfb>
Output written on paper_changed.pdf (20 pages, 551842 bytes).
PDF statistics:
 533 PDF objects out of 1000 (max. 8388607)
 104 named destinations out of 1000 (max. 500000)
 162 words of extra memory for PDF output out of 10000 (max. 10000000)

