This is pdfTeX, Version 3.141592653-2.6-1.40.25 (MiKTeX 23.9) (preloaded format=pdflatex 2023.9.22)  30 MAR 2024 16:58
entering extended mode
 restricted \write18 enabled.
 %&-line parsing enabled.
**./main_changed.tex
(main_changed.tex
LaTeX2e <2023-06-01> patch level 1
L3 programming layer <2023-08-29>
(C:\Users\micha\AppData\Local\Programs\MiKTeX\tex/latex/base\article.cls
Document Class: article 2023/05/17 v1.4n Standard LaTeX document class
(C:\Users\micha\AppData\Local\Programs\MiKTeX\tex/latex/base\size10.clo
File: size10.clo 2023/05/17 v1.4n Standard LaTeX file (size option)
)
\c@part=\count185
\c@section=\count186
\c@subsection=\count187
\c@subsubsection=\count188
\c@paragraph=\count189
\c@subparagraph=\count190
\c@figure=\count191
\c@table=\count192
\abovecaptionskip=\skip48
\belowcaptionskip=\skip49
\bibindent=\dimen140
)
(aaai23.sty
Package: aaai23 2023/06/27 AAAI 2023 Submission format

Conference Style for AAAI for LaTeX 2e -- version for submission
\titlebox=\skip50
) (C:\Users\micha\AppData\Local\Programs\MiKTeX\tex/latex/psnfss\times.sty
Package: times 2020/03/25 PSNFSS-v9.3 (SPQR) 
)
(C:\Users\micha\AppData\Local\Programs\MiKTeX\tex/latex/psnfss\helvet.sty
Package: helvet 2020/03/25 PSNFSS-v9.3 (WaS) 

(C:\Users\micha\AppData\Local\Programs\MiKTeX\tex/latex/graphics\keyval.sty
Package: keyval 2022/05/29 v1.15 key=value parser (DPC)
\KV@toks@=\toks17
))
(C:\Users\micha\AppData\Local\Programs\MiKTeX\tex/latex/psnfss\courier.sty
Package: courier 2020/03/25 PSNFSS-v9.3 (WaS) 
)
(C:\Users\micha\AppData\Local\Programs\MiKTeX\tex/latex/url\url.sty
\Urlmuskip=\muskip16
Package: url 2013/09/16  ver 3.4  Verb mode for urls, etc.
)
(C:\Users\micha\AppData\Local\Programs\MiKTeX\tex/latex/graphics\graphicx.sty
Package: graphicx 2021/09/16 v1.2d Enhanced LaTeX Graphics (DPC,SPQR)

(C:\Users\micha\AppData\Local\Programs\MiKTeX\tex/latex/graphics\graphics.sty
Package: graphics 2022/03/10 v1.4e Standard LaTeX Graphics (DPC,SPQR)

(C:\Users\micha\AppData\Local\Programs\MiKTeX\tex/latex/graphics\trig.sty
Package: trig 2021/08/11 v1.11 sin cos tan (DPC)
)
(C:\Users\micha\AppData\Local\Programs\MiKTeX\tex/latex/graphics-cfg\graphics.c
fg
File: graphics.cfg 2016/06/04 v1.11 sample graphics configuration
)
Package graphics Info: Driver file: pdftex.def on input line 107.

(C:\Users\micha\AppData\Local\Programs\MiKTeX\tex/latex/graphics-def\pdftex.def
File: pdftex.def 2022/09/22 v1.2b Graphics/color driver for pdftex
))
\Gin@req@height=\dimen141
\Gin@req@width=\dimen142
) (C:\Users\micha\AppData\Local\Programs\MiKTeX\tex/latex/natbib\natbib.sty
Package: natbib 2010/09/13 8.31b (PWD, AO)
\bibhang=\skip51
\bibsep=\skip52
LaTeX Info: Redefining \cite on input line 694.
\c@NAT@ctr=\count193
)
(C:\Users\micha\AppData\Local\Programs\MiKTeX\tex/latex/caption\caption.sty
Package: caption 2023/07/31 v3.6n Customizing captions (AR)

(C:\Users\micha\AppData\Local\Programs\MiKTeX\tex/latex/caption\caption3.sty
Package: caption3 2023/07/31 v2.4d caption3 kernel (AR)
\caption@tempdima=\dimen143
\captionmargin=\dimen144
\caption@leftmargin=\dimen145
\caption@rightmargin=\dimen146
\caption@width=\dimen147
\caption@indent=\dimen148
\caption@parindent=\dimen149
\caption@hangindent=\dimen150
Package caption Info: Standard document class detected.
)
\c@caption@flags=\count194
\c@continuedfloat=\count195
)
(C:\Users\micha\AppData\Local\Programs\MiKTeX\tex/latex/algorithms\algorithm.st
y
Package: algorithm 2009/08/24 v0.1 Document Style `algorithm' - floating enviro
nment
 (C:\Users\micha\AppData\Local\Programs\MiKTeX\tex/latex/float\float.sty
Package: float 2001/11/08 v1.3d Float enhancements (AL)
\c@float@type=\count196
\float@exts=\toks18
\float@box=\box51
\@float@everytoks=\toks19
\@floatcapt=\box52
)
(C:\Users\micha\AppData\Local\Programs\MiKTeX\tex/latex/base\ifthen.sty
Package: ifthen 2022/04/13 v1.1d Standard LaTeX ifthen package (DPC)
)
\@float@every@algorithm=\toks20
\c@algorithm=\count197
)
(C:\Users\micha\AppData\Local\Programs\MiKTeX\tex/latex/algorithms\algorithmic.
sty
Package: algorithmic 2009/08/24 v0.1 Document Style `algorithmic'
\c@ALC@unique=\count198
\c@ALC@line=\count199
\c@ALC@rem=\count266
\c@ALC@depth=\count267
\ALC@tlm=\skip53
\algorithmicindent=\skip54
)
(C:\Users\micha\AppData\Local\Programs\MiKTeX\tex/latex/newfloat\newfloat.sty
Package: newfloat 2023/10/01 v1.2 Defining new floating environments (AR)
)
(C:\Users\micha\AppData\Local\Programs\MiKTeX\tex/latex/listings\listings.sty
\lst@mode=\count268
\lst@gtempboxa=\box53
\lst@token=\toks21
\lst@length=\count269
\lst@currlwidth=\dimen151
\lst@column=\count270
\lst@pos=\count271
\lst@lostspace=\dimen152
\lst@width=\dimen153
\lst@newlines=\count272
\lst@lineno=\count273
\lst@maxwidth=\dimen154

(C:\Users\micha\AppData\Local\Programs\MiKTeX\tex/latex/listings\lstmisc.sty
File: lstmisc.sty 2023/02/27 1.9 (Carsten Heinz)
\c@lstnumber=\count274
\lst@skipnumbers=\count275
\lst@framebox=\box54
)
(C:\Users\micha\AppData\Local\Programs\MiKTeX\tex/latex/listings\listings.cfg
File: listings.cfg 2023/02/27 1.9 listings configuration
))
Package: listings 2023/02/27 1.9 (Carsten Heinz)
\@float@every@listing=\toks22
\c@listing=\count276
(C:\Users\micha\AppData\Local\Programs\MiKTeX\tex/latex/lineno\lineno.sty
Package: lineno 2023/05/20 line numbers on paragraphs v5.3

(C:\Users\micha\AppData\Local\Programs\MiKTeX\tex/latex/etoolbox\etoolbox.sty
Package: etoolbox 2020/10/05 v2.5k e-TeX tools for LaTeX (JAW)
\etb@tempcnta=\count277
)
(C:\Users\micha\AppData\Local\Programs\MiKTeX\tex/latex/kvoptions\kvoptions.sty
Package: kvoptions 2022-06-15 v3.15 Key value format for package options (HO)
(C:\Users\micha\AppData\Local\Programs\MiKTeX\tex/generic/ltxcmds\ltxcmds.sty
Package: ltxcmds 2023-12-04 v1.26 LaTeX kernel commands for general use (HO)
)
(C:\Users\micha\AppData\Local\Programs\MiKTeX\tex/latex/kvsetkeys\kvsetkeys.sty
Package: kvsetkeys 2022-10-05 v1.19 Key value parser (HO)
))
\linenopenalty=\count278
\output=\toks23
\linenoprevgraf=\count279
\linenumbersep=\dimen155
\linenumberwidth=\dimen156
\c@linenumber=\count280
\c@pagewiselinenumber=\count281
\c@LN@truepage=\count282
\c@internallinenumber=\count283
\c@internallinenumbers=\count284
\quotelinenumbersep=\dimen157
\bframerule=\dimen158
\bframesep=\dimen159
\bframebox=\box55
LaTeX Info: Redefining \\ on input line 3180.
)
(C:\Users\micha\AppData\Local\Programs\MiKTeX\tex/latex/amsfonts\amssymb.sty
Package: amssymb 2013/01/14 v3.01 AMS font symbols

(C:\Users\micha\AppData\Local\Programs\MiKTeX\tex/latex/amsfonts\amsfonts.sty
Package: amsfonts 2013/01/14 v3.01 Basic AMSFonts support
\@emptytoks=\toks24
\symAMSa=\mathgroup4
\symAMSb=\mathgroup5
LaTeX Font Info:    Redeclaring math symbol \hbar on input line 98.
LaTeX Font Info:    Overwriting math alphabet `\mathfrak' in version `bold'
(Font)                  U/euf/m/n --> U/euf/b/n on input line 106.
)) (C:\Users\micha\AppData\Local\Programs\MiKTeX\tex/latex/amsmath\amsmath.sty
Package: amsmath 2023/05/13 v2.17o AMS math features
\@mathmargin=\skip55

For additional information on amsmath, use the `?' option.
(C:\Users\micha\AppData\Local\Programs\MiKTeX\tex/latex/amsmath\amstext.sty
Package: amstext 2021/08/26 v2.01 AMS text

(C:\Users\micha\AppData\Local\Programs\MiKTeX\tex/latex/amsmath\amsgen.sty
File: amsgen.sty 1999/11/30 v2.0 generic functions
\@emptytoks=\toks25
\ex@=\dimen160
))
(C:\Users\micha\AppData\Local\Programs\MiKTeX\tex/latex/amsmath\amsbsy.sty
Package: amsbsy 1999/11/29 v1.2d Bold Symbols
\pmbraise@=\dimen161
)
(C:\Users\micha\AppData\Local\Programs\MiKTeX\tex/latex/amsmath\amsopn.sty
Package: amsopn 2022/04/08 v2.04 operator names
)
\inf@bad=\count285
LaTeX Info: Redefining \frac on input line 234.
\uproot@=\count286
\leftroot@=\count287
LaTeX Info: Redefining \overline on input line 399.
LaTeX Info: Redefining \colon on input line 410.
\classnum@=\count288
\DOTSCASE@=\count289
LaTeX Info: Redefining \ldots on input line 496.
LaTeX Info: Redefining \dots on input line 499.
LaTeX Info: Redefining \cdots on input line 620.
\Mathstrutbox@=\box56
\strutbox@=\box57
LaTeX Info: Redefining \big on input line 722.
LaTeX Info: Redefining \Big on input line 723.
LaTeX Info: Redefining \bigg on input line 724.
LaTeX Info: Redefining \Bigg on input line 725.
\big@size=\dimen162
LaTeX Font Info:    Redeclaring font encoding OML on input line 743.
LaTeX Font Info:    Redeclaring font encoding OMS on input line 744.
\macc@depth=\count290
LaTeX Info: Redefining \bmod on input line 905.
LaTeX Info: Redefining \pmod on input line 910.
LaTeX Info: Redefining \smash on input line 940.
LaTeX Info: Redefining \relbar on input line 970.
LaTeX Info: Redefining \Relbar on input line 971.
\c@MaxMatrixCols=\count291
\dotsspace@=\muskip17
\c@parentequation=\count292
\dspbrk@lvl=\count293
\tag@help=\toks26
\row@=\count294
\column@=\count295
\maxfields@=\count296
\andhelp@=\toks27
\eqnshift@=\dimen163
\alignsep@=\dimen164
\tagshift@=\dimen165
\tagwidth@=\dimen166
\totwidth@=\dimen167
\lineht@=\dimen168
\@envbody=\toks28
\multlinegap=\skip56
\multlinetaggap=\skip57
\mathdisplay@stack=\toks29
LaTeX Info: Redefining \[ on input line 2953.
LaTeX Info: Redefining \] on input line 2954.
)
\linenoamsmath@ams@eqpen=\count297

(C:\Users\micha\AppData\Local\Programs\MiKTeX\tex/latex/multirow\multirow.sty
Package: multirow 2021/03/15 v2.8 Span multiple rows of a table
\multirow@colwidth=\skip58
\multirow@cntb=\count298
\multirow@dima=\skip59
\bigstrutjot=\dimen169
)
(C:\Users\micha\AppData\Local\Programs\MiKTeX\tex/latex/booktabs\booktabs.sty
Package: booktabs 2020/01/12 v1.61803398 Publication quality tables
\heavyrulewidth=\dimen170
\lightrulewidth=\dimen171
\cmidrulewidth=\dimen172
\belowrulesep=\dimen173
\belowbottomsep=\dimen174
\aboverulesep=\dimen175
\abovetopsep=\dimen176
\cmidrulesep=\dimen177
\cmidrulekern=\dimen178
\defaultaddspace=\dimen179
\@cmidla=\count299
\@cmidlb=\count300
\@aboverulesep=\dimen180
\@belowrulesep=\dimen181
\@thisruleclass=\count301
\@lastruleclass=\count302
\@thisrulewidth=\dimen182
)
(C:\Users\micha\AppData\Local\Programs\MiKTeX\tex/latex/natbib\bibentry.sty
Package: bibentry 2007/10/30 1.5 (PWD)
)
LaTeX Font Info:    Trying to load font information for OT1+ptm on input line 1
88.

(C:\Users\micha\AppData\Local\Programs\MiKTeX\tex/latex/psnfss\ot1ptm.fd
File: ot1ptm.fd 2001/06/04 font definitions for OT1/ptm.
)
(C:\Users\micha\AppData\Local\Programs\MiKTeX\tex/latex/l3backend\l3backend-pdf
tex.def
File: l3backend-pdftex.def 2023-04-19 L3 backend support: PDF output (pdfTeX)
\l__color_backend_stack_int=\count303
\l__pdf_internal_box=\box58
) (main_changed.aux)
\openout1 = `main_changed.aux'.

LaTeX Font Info:    Checking defaults for OML/cmm/m/it on input line 188.
LaTeX Font Info:    ... okay on input line 188.
LaTeX Font Info:    Checking defaults for OMS/cmsy/m/n on input line 188.
LaTeX Font Info:    ... okay on input line 188.
LaTeX Font Info:    Checking defaults for OT1/cmr/m/n on input line 188.
LaTeX Font Info:    ... okay on input line 188.
LaTeX Font Info:    Checking defaults for T1/cmr/m/n on input line 188.
LaTeX Font Info:    ... okay on input line 188.
LaTeX Font Info:    Checking defaults for TS1/cmr/m/n on input line 188.
LaTeX Font Info:    ... okay on input line 188.
LaTeX Font Info:    Checking defaults for OMX/cmex/m/n on input line 188.
LaTeX Font Info:    ... okay on input line 188.
LaTeX Font Info:    Checking defaults for U/cmr/m/n on input line 188.
LaTeX Font Info:    ... okay on input line 188.

(C:\Users\micha\AppData\Local\Programs\MiKTeX\tex/context/base/mkii\supp-pdf.mk
ii
[Loading MPS to PDF converter (version 2006.09.02).]
\scratchcounter=\count304
\scratchdimen=\dimen183
\scratchbox=\box59
\nofMPsegments=\count305
\nofMParguments=\count306
\everyMPshowfont=\toks30
\MPscratchCnt=\count307
\MPscratchDim=\dimen184
\MPnumerator=\count308
\makeMPintoPDFobject=\count309
\everyMPtoPDFconversion=\toks31
)
(C:\Users\micha\AppData\Local\Programs\MiKTeX\tex/latex/epstopdf-pkg\epstopdf-b
ase.sty
Package: epstopdf-base 2020-01-24 v2.11 Base part for package epstopdf
Package epstopdf-base Info: Redefining graphics rule for `.eps' on input line 4
85.

(C:\Users\micha\AppData\Local\Programs\MiKTeX\tex/latex/00miktex\epstopdf-sys.c
fg
File: epstopdf-sys.cfg 2021/03/18 v2.0 Configuration of epstopdf for MiKTeX
))
Package caption Info: Begin \AtBeginDocument code.
Package caption Info: float package is loaded.
Package caption Info: listings package is loaded.
Package caption Info: End \AtBeginDocument code.
Package newfloat Info: `float' package detected.
\c@lstlisting=\count310
\c@eqfn=\count311
\titlearea=\box60
LaTeX Font Info:    Trying to load font information for U+msa on input line 190
.
 (C:\Users\micha\AppData\Local\Programs\MiKTeX\tex/latex/amsfonts\umsa.fd
File: umsa.fd 2013/01/14 v3.01 AMS symbols A
)
LaTeX Font Info:    Trying to load font information for U+msb on input line 190
.

(C:\Users\micha\AppData\Local\Programs\MiKTeX\tex/latex/amsfonts\umsb.fd
File: umsb.fd 2013/01/14 v3.01 AMS symbols B
)
\actualheight=\skip60
LaTeX Font Info:    Trying to load font information for TS1+ptm on input line 1
90.

(C:\Users\micha\AppData\Local\Programs\MiKTeX\tex/latex/psnfss\ts1ptm.fd
File: ts1ptm.fd 2001/06/04 font definitions for TS1/ptm.
)

Package natbib Warning: Citation `taigman2014deepface' on page 1 undefined on i
nput line 201.


Package natbib Warning: Citation `rajpurkar2017chexnet' on page 1 undefined on 
input line 201.


Package natbib Warning: Citation `shokri2017membership' on page 1 undefined on 
input line 202.


Package natbib Warning: Citation `gopinath2019property' on page 1 undefined on 
input line 202.


Package natbib Warning: Citation `tramer2016stealing' on page 1 undefined on in
put line 202.


Package natbib Warning: Citation `fredrikson2015model' on page 1 undefined on i
nput line 202.


Package natbib Warning: Citation `zhang2020secret' on page 1 undefined on input
 line 205.


Underfull \hbox (badness 1147) in paragraph at lines 209--210
[]\OT1/ptm/b/n/10 stage-2\OT1/ptm/m/n/10 : La-tent Vec-tor Search. The ad-ver-s
ary keeps
 []

<images/search_space.pdf, id=1, 1253.68375pt x 441.65pt>
File: images/search_space.pdf Graphic file (type pdf)
<use images/search_space.pdf>
Package pdftex.def Info: images/search_space.pdf  used on input line 215.
(pdftex.def)             Requested size: 239.39438pt x 84.33218pt.

Package natbib Warning: Citation `salimans2016improved' on page 1 undefined on 
input line 221.


Package natbib Warning: Citation `chen2021knowledge' on page 1 undefined on inp
ut line 221.

[1{C:/Users/micha/AppData/Local/MiKTeX/fonts/map/pdftex/pdftex.map}{C:/Users/mi
cha/AppData/Local/Programs/MiKTeX/fonts/enc/dvips/base/8r.enc}



 <./images/search_space.pdf>]
<images/top_n_selection.pdf, id=26, 631.35875pt x 255.95625pt>
File: images/top_n_selection.pdf Graphic file (type pdf)
<use images/top_n_selection.pdf>
Package pdftex.def Info: images/top_n_selection.pdf  used on input line 248.
(pdftex.def)             Requested size: 239.39438pt x 97.05347pt.


Package natbib Warning: Citation `fredrikson2014privacy' on page 2 undefined on
 input line 256.


Package natbib Warning: Citation `fredrikson2015model' on page 2 undefined on i
nput line 256.


Package natbib Warning: Citation `zhang2020secret' on page 2 undefined on input
 line 259.


Package natbib Warning: Citation `wang2021variational' on page 2 undefined on i
nput line 259.


Package natbib Warning: Citation `karras2020analyzing' on page 2 undefined on i
nput line 259.


Package natbib Warning: Citation `chen2021knowledge' on page 2 undefined on inp
ut line 259.


Package natbib Warning: Citation `kahla2022label' on page 2 undefined on input 
line 259.

<images/PLG_MI_framework.pdf, id=27, 885.3075pt x 234.8775pt>
File: images/PLG_MI_framework.pdf Graphic file (type pdf)
<use images/PLG_MI_framework.pdf>
Package pdftex.def Info: images/PLG_MI_framework.pdf  used on input line 264.
(pdftex.def)             Requested size: 505.89pt x 134.21844pt.

Package natbib Warning: Citation `zhang2020secret' on page 2 undefined on input
 line 280.


Package natbib Warning: Citation `chen2021knowledge' on page 2 undefined on inp
ut line 280.


Package natbib Warning: Citation `kahla2022label' on page 2 undefined on input 
line 280.

[2 <./images/top_n_selection.pdf>]
<images/visual_results.pdf, id=78, 567.11874pt x 192.72pt>
File: images/visual_results.pdf Graphic file (type pdf)
<use images/visual_results.pdf>
Package pdftex.def Info: images/visual_results.pdf  used on input line 305.
(pdftex.def)             Requested size: 495.77003pt x 168.4796pt.


Package natbib Warning: Citation `zhang2020secret' on page 3 undefined on input
 line 331.


Package natbib Warning: Citation `chen2021knowledge' on page 3 undefined on inp
ut line 331.


Package natbib Warning: Citation `miyato2018cgans' on page 3 undefined on input
 line 331.

[3 <./images/PLG_MI_framework.pdf>] [4 <./images/visual_results.pdf>]

Package natbib Warning: Citation `carlini2017towards' on page 5 undefined on in
put line 429.


Package natbib Warning: Citation `sriramanan2020guided' on page 5 undefined on 
input line 429.


Package natbib Warning: Citation `zhang2020secret' on page 5 undefined on input
 line 445.


Package natbib Warning: Citation `chen2021knowledge' on page 5 undefined on inp
ut line 445.


Package natbib Warning: Citation `liu2015deep' on page 5 undefined on input lin
e 471.


Package natbib Warning: Citation `karras2019style' on page 5 undefined on input
 line 471.


Package natbib Warning: Citation `ng2014data' on page 5 undefined on input line
 471.


Package natbib Warning: Citation `zhang2020secret' on page 5 undefined on input
 line 471.


Package natbib Warning: Citation `chen2021knowledge' on page 5 undefined on inp
ut line 471.


Package natbib Warning: Citation `kahla2022label' on page 5 undefined on input 
line 471.


Package natbib Warning: Citation `lecun1998gradient' on page 5 undefined on inp
ut line 471.


Package natbib Warning: Citation `krizhevsky2009learning' on page 5 undefined o
n input line 471.


Package natbib Warning: Citation `wang2017chestx' on page 5 undefined on input 
line 471.


Package natbib Warning: Citation `chen2021knowledge' on page 5 undefined on inp
ut line 474.


Package natbib Warning: Citation `simonyan2014very' on page 5 undefined on inpu
t line 474.


Package natbib Warning: Citation `cheng2017know' on page 5 undefined on input l
ine 474.


Package natbib Warning: Citation `he2016deep' on page 5 undefined on input line
 474.


Package natbib Warning: Citation `miyato2018cgans' on page 5 undefined on input
 line 479.


Package natbib Warning: Citation `miyato2018spectral' on page 5 undefined on in
put line 479.

[5]

Package natbib Warning: Citation `cheng2017know' on page 6 undefined on input l
ine 489.


Package natbib Warning: Citation `guo2016ms' on page 6 undefined on input line 
489.

<images/ablation.pdf, id=186, 1548.78625pt x 323.2075pt>
File: images/ablation.pdf Graphic file (type pdf)
<use images/ablation.pdf>
Package pdftex.def Info: images/ablation.pdf  used on input line 497.
(pdftex.def)             Requested size: 505.89pt x 105.56888pt.

Package natbib Warning: Citation `heusel2017gans' on page 6 undefined on input 
line 503.

[6]
No file main_changed.bbl.
[7 <./images/ablation.pdf>]

Package natbib Warning: There were undefined citations.

[8

] (main_changed.aux)
 ***********
LaTeX2e <2023-06-01> patch level 1
L3 programming layer <2023-08-29>
 ***********
 ) 
Here is how much of TeX's memory you used:
 7540 strings out of 475247
 120661 string characters out of 5757792
 1954801 words of memory out of 5000000
 28954 multiletter control sequences out of 15000+600000
 590114 words of font info for 104 fonts, out of 8000000 for 9000
 1141 hyphenation exceptions out of 8191
 57i,12n,65p,1607b,323s stack positions out of 10000i,1000n,20000p,200000b,200000s
<C:/Users/micha/AppData/Local/Programs/MiKTeX/fonts/type1/public/amsfonts/cm/
cmbx10.pfb><C:/Users/micha/AppData/Local/Programs/MiKTeX/fonts/type1/public/ams
fonts/cm/cmex10.pfb><C:/Users/micha/AppData/Local/Programs/MiKTeX/fonts/type1/p
ublic/amsfonts/cm/cmmi10.pfb><C:/Users/micha/AppData/Local/Programs/MiKTeX/font
s/type1/public/amsfonts/cm/cmmi7.pfb><C:/Users/micha/AppData/Local/Programs/MiK
TeX/fonts/type1/public/amsfonts/cm/cmr10.pfb><C:/Users/micha/AppData/Local/Prog
rams/MiKTeX/fonts/type1/public/amsfonts/cm/cmr7.pfb><C:/Users/micha/AppData/Loc
al/Programs/MiKTeX/fonts/type1/public/amsfonts/cm/cmr8.pfb><C:/Users/micha/AppD
ata/Local/Programs/MiKTeX/fonts/type1/public/amsfonts/cm/cmr9.pfb><C:/Users/mic
ha/AppData/Local/Programs/MiKTeX/fonts/type1/public/amsfonts/cm/cmsy10.pfb><C:/
Users/micha/AppData/Local/Programs/MiKTeX/fonts/type1/public/amsfonts/cm/cmsy7.
pfb><C:/Users/micha/AppData/Local/Programs/MiKTeX/fonts/type1/public/amsfonts/c
m/cmsy9.pfb><C:/Users/micha/AppData/Local/Programs/MiKTeX/fonts/type1/public/am
sfonts/cm/cmti10.pfb><C:/Users/micha/AppData/Local/Programs/MiKTeX/fonts/type1/
public/amsfonts/symbols/msbm10.pfb><C:/Users/micha/AppData/Local/Programs/MiKTe
X/fonts/type1/urw/times/utmb8a.pfb><C:/Users/micha/AppData/Local/Programs/MiKTe
X/fonts/type1/urw/times/utmbi8a.pfb><C:/Users/micha/AppData/Local/Programs/MiKT
eX/fonts/type1/urw/times/utmr8a.pfb><C:/Users/micha/AppData/Local/Programs/MiKT
eX/fonts/type1/urw/times/utmri8a.pfb>
Output written on main_changed.pdf (8 pages, 869421 bytes).
PDF statistics:
 307 PDF objects out of 1000 (max. 8388607)
 0 named destinations out of 1000 (max. 500000)
 26 words of extra memory for PDF output out of 10000 (max. 10000000)

