This is pdfTeX, Version 3.141592653-2.6-1.40.25 (MiKTeX 23.9) (preloaded format=pdflatex 2023.9.22)  30 MAR 2024 16:36
entering extended mode
 restricted \write18 enabled.
 %&-line parsing enabled.
**./main_changed.tex
(main_changed.tex
LaTeX2e <2023-06-01> patch level 1
L3 programming layer <2023-08-29>
(C:\Users\micha\AppData\Local\Programs\MiKTeX\tex/latex/base\article.cls
Document Class: article 2023/05/17 v1.4n Standard LaTeX document class
(C:\Users\micha\AppData\Local\Programs\MiKTeX\tex/latex/base\size10.clo
File: size10.clo 2023/05/17 v1.4n Standard LaTeX file (size option)
)
\c@part=\count185
\c@section=\count186
\c@subsection=\count187
\c@subsubsection=\count188
\c@paragraph=\count189
\c@subparagraph=\count190
\c@figure=\count191
\c@table=\count192
\abovecaptionskip=\skip48
\belowcaptionskip=\skip49
\bibindent=\dimen140
)
(C:\Users\micha\AppData\Local\Programs\MiKTeX\tex/latex/multirow\multirow.sty
Package: multirow 2021/03/15 v2.8 Span multiple rows of a table
\multirow@colwidth=\skip50
\multirow@cntb=\count193
\multirow@dima=\skip51
\bigstrutjot=\dimen141
)
(aaai21.sty
Conference Style for AAAI for LaTeX 2e -- version for the AAAI-21 conference - 
MODIFIED
\titlebox=\skip52
) (C:\Users\micha\AppData\Local\Programs\MiKTeX\tex/latex/psnfss\times.sty
Package: times 2020/03/25 PSNFSS-v9.3 (SPQR) 
)
(C:\Users\micha\AppData\Local\Programs\MiKTeX\tex/latex/psnfss\helvet.sty
Package: helvet 2020/03/25 PSNFSS-v9.3 (WaS) 

(C:\Users\micha\AppData\Local\Programs\MiKTeX\tex/latex/graphics\keyval.sty
Package: keyval 2022/05/29 v1.15 key=value parser (DPC)
\KV@toks@=\toks17
))
(C:\Users\micha\AppData\Local\Programs\MiKTeX\tex/latex/psnfss\courier.sty
Package: courier 2020/03/25 PSNFSS-v9.3 (WaS) 
)
(url.sty
\Urlmuskip=\muskip16
Package: url 2006/04/12  ver 3.3  Verb mode for urls, etc.
)
(C:\Users\micha\AppData\Local\Programs\MiKTeX\tex/latex/graphics\graphicx.sty
Package: graphicx 2021/09/16 v1.2d Enhanced LaTeX Graphics (DPC,SPQR)

(C:\Users\micha\AppData\Local\Programs\MiKTeX\tex/latex/graphics\graphics.sty
Package: graphics 2022/03/10 v1.4e Standard LaTeX Graphics (DPC,SPQR)

(C:\Users\micha\AppData\Local\Programs\MiKTeX\tex/latex/graphics\trig.sty
Package: trig 2021/08/11 v1.11 sin cos tan (DPC)
)
(C:\Users\micha\AppData\Local\Programs\MiKTeX\tex/latex/graphics-cfg\graphics.c
fg
File: graphics.cfg 2016/06/04 v1.11 sample graphics configuration
)
Package graphics Info: Driver file: pdftex.def on input line 107.

(C:\Users\micha\AppData\Local\Programs\MiKTeX\tex/latex/graphics-def\pdftex.def
File: pdftex.def 2022/09/22 v1.2b Graphics/color driver for pdftex
))
\Gin@req@height=\dimen142
\Gin@req@width=\dimen143
) (C:\Users\micha\AppData\Local\Programs\MiKTeX\tex/latex/natbib\natbib.sty
Package: natbib 2010/09/13 8.31b (PWD, AO)
\bibhang=\skip53
\bibsep=\skip54
LaTeX Info: Redefining \cite on input line 694.
\c@NAT@ctr=\count194
)
(C:\Users\micha\AppData\Local\Programs\MiKTeX\tex/latex/caption\caption.sty
Package: caption 2023/07/31 v3.6n Customizing captions (AR)

(C:\Users\micha\AppData\Local\Programs\MiKTeX\tex/latex/caption\caption3.sty
Package: caption3 2023/07/31 v2.4d caption3 kernel (AR)
\caption@tempdima=\dimen144
\captionmargin=\dimen145
\caption@leftmargin=\dimen146
\caption@rightmargin=\dimen147
\caption@width=\dimen148
\caption@indent=\dimen149
\caption@parindent=\dimen150
\caption@hangindent=\dimen151
Package caption Info: Standard document class detected.
)
\c@caption@flags=\count195
\c@continuedfloat=\count196
)
(C:\Users\micha\AppData\Local\Programs\MiKTeX\tex/latex/amsmath\amsmath.sty
Package: amsmath 2023/05/13 v2.17o AMS math features
\@mathmargin=\skip55

For additional information on amsmath, use the `?' option.
(C:\Users\micha\AppData\Local\Programs\MiKTeX\tex/latex/amsmath\amstext.sty
Package: amstext 2021/08/26 v2.01 AMS text

(C:\Users\micha\AppData\Local\Programs\MiKTeX\tex/latex/amsmath\amsgen.sty
File: amsgen.sty 1999/11/30 v2.0 generic functions
\@emptytoks=\toks18
\ex@=\dimen152
))
(C:\Users\micha\AppData\Local\Programs\MiKTeX\tex/latex/amsmath\amsbsy.sty
Package: amsbsy 1999/11/29 v1.2d Bold Symbols
\pmbraise@=\dimen153
)
(C:\Users\micha\AppData\Local\Programs\MiKTeX\tex/latex/amsmath\amsopn.sty
Package: amsopn 2022/04/08 v2.04 operator names
)
\inf@bad=\count197
LaTeX Info: Redefining \frac on input line 234.
\uproot@=\count198
\leftroot@=\count199
LaTeX Info: Redefining \overline on input line 399.
LaTeX Info: Redefining \colon on input line 410.
\classnum@=\count266
\DOTSCASE@=\count267
LaTeX Info: Redefining \ldots on input line 496.
LaTeX Info: Redefining \dots on input line 499.
LaTeX Info: Redefining \cdots on input line 620.
\Mathstrutbox@=\box51
\strutbox@=\box52
LaTeX Info: Redefining \big on input line 722.
LaTeX Info: Redefining \Big on input line 723.
LaTeX Info: Redefining \bigg on input line 724.
LaTeX Info: Redefining \Bigg on input line 725.
\big@size=\dimen154
LaTeX Font Info:    Redeclaring font encoding OML on input line 743.
LaTeX Font Info:    Redeclaring font encoding OMS on input line 744.
\macc@depth=\count268
LaTeX Info: Redefining \bmod on input line 905.
LaTeX Info: Redefining \pmod on input line 910.
LaTeX Info: Redefining \smash on input line 940.
LaTeX Info: Redefining \relbar on input line 970.
LaTeX Info: Redefining \Relbar on input line 971.
\c@MaxMatrixCols=\count269
\dotsspace@=\muskip17
\c@parentequation=\count270
\dspbrk@lvl=\count271
\tag@help=\toks19
\row@=\count272
\column@=\count273
\maxfields@=\count274
\andhelp@=\toks20
\eqnshift@=\dimen155
\alignsep@=\dimen156
\tagshift@=\dimen157
\tagwidth@=\dimen158
\totwidth@=\dimen159
\lineht@=\dimen160
\@envbody=\toks21
\multlinegap=\skip56
\multlinetaggap=\skip57
\mathdisplay@stack=\toks22
LaTeX Info: Redefining \[ on input line 2953.
LaTeX Info: Redefining \] on input line 2954.
)
(C:\Users\micha\AppData\Local\Programs\MiKTeX\tex/latex/scalerel\scalerel.sty
Package: scalerel 2016/12/29 v1.8 Routines for constrained scaling and stretchi
ng of objects, relative to a reference object or in absolute terms

(C:\Users\micha\AppData\Local\Programs\MiKTeX\tex/latex/tools\calc.sty
Package: calc 2017/05/25 v4.3 Infix arithmetic (KKT,FJ)
\calc@Acount=\count275
\calc@Bcount=\count276
\calc@Adimen=\dimen161
\calc@Bdimen=\dimen162
\calc@Askip=\skip58
\calc@Bskip=\skip59
LaTeX Info: Redefining \setlength on input line 80.
LaTeX Info: Redefining \addtolength on input line 81.
\calc@Ccount=\count277
\calc@Cskip=\skip60
)
(C:\Users\micha\AppData\Local\Programs\MiKTeX\tex/latex/etoolbox\etoolbox.sty
Package: etoolbox 2020/10/05 v2.5k e-TeX tools for LaTeX (JAW)
\etb@tempcnta=\count278
)
\thesrwidth=\skip61
\thesrheight=\skip62
\srblobheight=\skip63
\srblobdepth=\skip64
\mnxsrwidth=\skip65
\LMex=\skip66
\LMpt=\skip67
) (C:\Users\micha\AppData\Local\Programs\MiKTeX\tex/latex/xcolor\xcolor.sty
Package: xcolor 2022/06/12 v2.14 LaTeX color extensions (UK)

(C:\Users\micha\AppData\Local\Programs\MiKTeX\tex/latex/graphics-cfg\color.cfg
File: color.cfg 2016/01/02 v1.6 sample color configuration
)
Package xcolor Info: Driver file: pdftex.def on input line 227.
(C:\Users\micha\AppData\Local\Programs\MiKTeX\tex/latex/graphics\mathcolor.ltx)
Package xcolor Info: Model `cmy' substituted by `cmy0' on input line 1353.
Package xcolor Info: Model `hsb' substituted by `rgb' on input line 1357.
Package xcolor Info: Model `RGB' extended on input line 1369.
Package xcolor Info: Model `HTML' substituted by `rgb' on input line 1371.
Package xcolor Info: Model `Hsb' substituted by `hsb' on input line 1372.
Package xcolor Info: Model `tHsb' substituted by `hsb' on input line 1373.
Package xcolor Info: Model `HSB' substituted by `hsb' on input line 1374.
Package xcolor Info: Model `Gray' substituted by `gray' on input line 1375.
Package xcolor Info: Model `wave' substituted by `hsb' on input line 1376.
) (C:\Users\micha\AppData\Local\Programs\MiKTeX\tex/latex/booktabs\booktabs.sty
Package: booktabs 2020/01/12 v1.61803398 Publication quality tables
\heavyrulewidth=\dimen163
\lightrulewidth=\dimen164
\cmidrulewidth=\dimen165
\belowrulesep=\dimen166
\belowbottomsep=\dimen167
\aboverulesep=\dimen168
\abovetopsep=\dimen169
\cmidrulesep=\dimen170
\cmidrulekern=\dimen171
\defaultaddspace=\dimen172
\@cmidla=\count279
\@cmidlb=\count280
\@aboverulesep=\dimen173
\@belowrulesep=\dimen174
\@thisruleclass=\count281
\@lastruleclass=\count282
\@thisrulewidth=\dimen175
) (C:\Users\micha\AppData\Local\Programs\MiKTeX\tex/latex/tools\longtable.sty
Package: longtable 2021-09-01 v4.17 Multi-page Table package (DPC)
\LTleft=\skip68
\LTright=\skip69
\LTpre=\skip70
\LTpost=\skip71
\LTchunksize=\count283
\LTcapwidth=\dimen176
\LT@head=\box53
\LT@firsthead=\box54
\LT@foot=\box55
\LT@lastfoot=\box56
\LT@gbox=\box57
\LT@cols=\count284
\LT@rows=\count285
\c@LT@tables=\count286
\c@LT@chunks=\count287
\LT@p@ftn=\toks23
)
LaTeX Font Info:    Trying to load font information for OT1+ptm on input line 1
15.

(C:\Users\micha\AppData\Local\Programs\MiKTeX\tex/latex/psnfss\ot1ptm.fd
File: ot1ptm.fd 2001/06/04 font definitions for OT1/ptm.
)
(C:\Users\micha\AppData\Local\Programs\MiKTeX\tex/latex/l3backend\l3backend-pdf
tex.def
File: l3backend-pdftex.def 2023-04-19 L3 backend support: PDF output (pdfTeX)
\l__color_backend_stack_int=\count288
\l__pdf_internal_box=\box58
) (main_changed.aux)
\openout1 = `main_changed.aux'.

LaTeX Font Info:    Checking defaults for OML/cmm/m/it on input line 115.
LaTeX Font Info:    ... okay on input line 115.
LaTeX Font Info:    Checking defaults for OMS/cmsy/m/n on input line 115.
LaTeX Font Info:    ... okay on input line 115.
LaTeX Font Info:    Checking defaults for OT1/cmr/m/n on input line 115.
LaTeX Font Info:    ... okay on input line 115.
LaTeX Font Info:    Checking defaults for T1/cmr/m/n on input line 115.
LaTeX Font Info:    ... okay on input line 115.
LaTeX Font Info:    Checking defaults for TS1/cmr/m/n on input line 115.
LaTeX Font Info:    ... okay on input line 115.
LaTeX Font Info:    Checking defaults for OMX/cmex/m/n on input line 115.
LaTeX Font Info:    ... okay on input line 115.
LaTeX Font Info:    Checking defaults for U/cmr/m/n on input line 115.
LaTeX Font Info:    ... okay on input line 115.

(C:\Users\micha\AppData\Local\Programs\MiKTeX\tex/context/base/mkii\supp-pdf.mk
ii
[Loading MPS to PDF converter (version 2006.09.02).]
\scratchcounter=\count289
\scratchdimen=\dimen177
\scratchbox=\box59
\nofMPsegments=\count290
\nofMParguments=\count291
\everyMPshowfont=\toks24
\MPscratchCnt=\count292
\MPscratchDim=\dimen178
\MPnumerator=\count293
\makeMPintoPDFobject=\count294
\everyMPtoPDFconversion=\toks25
)
(C:\Users\micha\AppData\Local\Programs\MiKTeX\tex/latex/epstopdf-pkg\epstopdf-b
ase.sty
Package: epstopdf-base 2020-01-24 v2.11 Base part for package epstopdf
Package epstopdf-base Info: Redefining graphics rule for `.eps' on input line 4
85.

(C:\Users\micha\AppData\Local\Programs\MiKTeX\tex/latex/00miktex\epstopdf-sys.c
fg
File: epstopdf-sys.cfg 2021/03/18 v2.0 Configuration of epstopdf for MiKTeX
))
Package caption Info: Begin \AtBeginDocument code.
Package caption Info: longtable package is loaded.

(C:\Users\micha\AppData\Local\Programs\MiKTeX\tex/latex/caption\ltcaption.sty
Package: ltcaption 2021/01/08 v1.4c longtable captions (AR)
)
Package caption Info: End \AtBeginDocument code.
\titlearea=\box60
\actualheight=\skip72

Underfull \vbox (badness 10000) detected at line 116
 []

LaTeX Font Info:    Trying to load font information for TS1+ptm on input line 1
16.
(C:\Users\micha\AppData\Local\Programs\MiKTeX\tex/latex/psnfss\ts1ptm.fd
File: ts1ptm.fd 2001/06/04 font definitions for TS1/ptm.
)

Package natbib Warning: Citation `kim2008theorizing' on page 1 undefined on inp
ut line 124.


Package natbib Warning: Citation `conover2018taking' on page 1 undefined on inp
ut line 124.


Package natbib Warning: Citation `wyatt2000bridging' on page 1 undefined on inp
ut line 124.


Package natbib Warning: Citation `soliman2019characterization' on page 1 undefi
ned on input line 126.


Package natbib Warning: Citation `himelboim2009discussion' on page 1 undefined 
on input line 126.


Package natbib Warning: Citation `an2019political' on page 1 undefined on input
 line 126.


Package natbib Warning: Citation `wojcieszak2009online' on page 1 undefined on 
input line 126.


Package natbib Warning: Citation `huddy2015expressive' on page 1 undefined on i
nput line 126.


Package natbib Warning: Citation `bosi2016consequences' on page 1 undefined on 
input line 126.


Underfull \hbox (badness 10000) in paragraph at lines 126--126
[][]\OT1/ptm/m/n/9 https://www.theverge.com/2020/6/3/21279601/reddit-dark-
 []


Package natbib Warning: Citation `dagnes2019us' on page 1 undefined on input li
ne 126.


Package natbib Warning: Citation `bolsen2015counteracting' on page 1 undefined 
on input line 126.


Package natbib Warning: Citation `zhang2020tale' on page 1 undefined on input l
ine 126.


Package natbib Warning: Citation `gaertner2011common' on page 1 undefined on in
put line 129.


Package natbib Warning: Citation `klar2018common' on page 1 undefined on input 
line 131.

[1{C:/Users/micha/AppData/Local/MiKTeX/fonts/map/pdftex/pdftex.map}{C:/Users/mi
cha/AppData/Local/Programs/MiKTeX/fonts/enc/dvips/base/8r.enc}



]

Package natbib Warning: Citation `conover2018taking' on page 2 undefined on inp
ut line 139.


Package natbib Warning: Citation `conover2002deliberative' on page 2 undefined 
on input line 139.


Package natbib Warning: Citation `wojcieszak2009online' on page 2 undefined on 
input line 139.


Package natbib Warning: Citation `pattie2008s' on page 2 undefined on input lin
e 139.


Package natbib Warning: Citation `searing2007public' on page 2 undefined on inp
ut line 139.


Package natbib Warning: Citation `kim2008theorizing' on page 2 undefined on inp
ut line 139.


Package natbib Warning: Citation `pattie2008s' on page 2 undefined on input lin
e 139.


Package natbib Warning: Citation `mutz2006hearing' on page 2 undefined on input
 line 139.


Package natbib Warning: Citation `wright2012third' on page 2 undefined on input
 line 141.


Package natbib Warning: Citation `oldenburg2001celebrating' on page 2 undefined
 on input line 141.


Package natbib Warning: Citation `graham2015everyday' on page 2 undefined on in
put line 141.


Package natbib Warning: Citation `yan2018s' on page 2 undefined on input line 1
42.


Package natbib Warning: Citation `graham2012beyond' on page 2 undefined on inpu
t line 142.


Package natbib Warning: Citation `hutchens2019reinforcing' on page 2 undefined 
on input line 144.


Package natbib Warning: Citation `iyengar2015fear' on page 2 undefined on input
 line 144.


Package natbib Warning: Citation `tajfel1979integrative' on page 2 undefined on
 input line 144.


Package natbib Warning: Citation `iyengar2019origins' on page 2 undefined on in
put line 144.


Package natbib Warning: Citation `banda2018elite' on page 2 undefined on input 
line 144.


Package natbib Warning: Citation `gaertner2011common' on page 2 undefined on in
put line 144.


Package natbib Warning: Citation `levendusky2018americans' on page 2 undefined 
on input line 144.


Package natbib Warning: Citation `munson2011prevalence' on page 2 undefined on 
input line 149.


Package natbib Warning: Citation `wojcieszak2009online' on page 2 undefined on 
input line 149.


Package natbib Warning: Citation `wright2015third' on page 2 undefined on input
 line 149.


Package natbib Warning: Citation `baumgartner2020pushshift' on page 2 undefined
 on input line 152.


Underfull \vbox (badness 10000) has occurred while \output is active []

 [2]

Package natbib Warning: Citation `forman2006quantifying' on page 3 undefined on
 input line 160.


Package natbib Warning: Citation `gonzalez2017review' on page 3 undefined on in
put line 160.

<calibrators2.png, id=13, 783.8886pt x 253.9086pt>
File: calibrators2.png Graphic file (type png)
<use calibrators2.png>
Package pdftex.def Info: calibrators2.png  used on input line 171.
(pdftex.def)             Requested size: 431.14006pt x 139.65015pt.

Package natbib Warning: Citation `rajadesingan2020quick' on page 3 undefined on
 input line 179.


Underfull \hbox (badness 1237) in paragraph at lines 179--180
\OT1/ptm/m/n/10 trained on bi-grams and tri-grams from a ran-dom sam-
 []

[3]

Package natbib Warning: Citation `fitzgerald2013does' on page 4 undefined on in
put line 218.


Package natbib Warning: Citation `moy2006predicting' on page 4 undefined on inp
ut line 220.


Package natbib Warning: Citation `budak2016fair' on page 4 undefined on input l
ine 223.


Package natbib Warning: Citation `lind2017content' on page 4 undefined on input
 line 226.

[4 <./calibrators2.png>]

Package natbib Warning: Citation `Cochran_1977' on page 5 undefined on input li
ne 232.

<selecting_calib_v3.png, id=24, 663.4386pt x 212.4738pt>
File: selecting_calib_v3.png Graphic file (type png)
<use selecting_calib_v3.png>
Package pdftex.def Info: selecting_calib_v3.png  used on input line 242.
(pdftex.def)             Requested size: 398.06622pt x 127.48524pt.
<RQ1.pdf, id=25, 490.86662pt x 275.94907pt>
File: RQ1.pdf Graphic file (type pdf)
<use RQ1.pdf>
Package pdftex.def Info: RQ1.pdf  used on input line 277.
(pdftex.def)             Requested size: 319.05952pt x 179.36476pt.
[5] [6 <./selecting_calib_v3.png> <./RQ1.pdf>]

Package natbib Warning: Citation `an2019political' on page 7 undefined on input
 line 357.


Package natbib Warning: Citation `soliman2019characterization' on page 7 undefi
ned on input line 357.

[7]

Package natbib Warning: Citation `wulczyn2017ex' on page 8 undefined on input l
ine 368.


Package natbib Warning: Citation `mittos2020analyzing' on page 8 undefined on i
nput line 368.


Package natbib Warning: Citation `xia2020exploring' on page 8 undefined on inpu
t line 368.


Package natbib Warning: Citation `rajadesingan2020quick' on page 8 undefined on
 input line 368.


Package natbib Warning: Citation `bates2014fitting' on page 8 undefined on inpu
t line 382.


Underfull \hbox (badness 7186) in paragraph at lines 427--428
[]\OT1/ptm/m/n/10 Table 2[] shows the num-ber of replies for each
 []

<RQ2_final_new.png, id=50, 2509.375pt x 2509.375pt>
File: RQ2_final_new.png Graphic file (type png)
<use RQ2_final_new.png>
Package pdftex.def Info: RQ2_final_new.png  used on input line 435.
(pdftex.def)             Requested size: 225.834pt x 225.834pt.
[8]

Package natbib Warning: Citation `conover2018taking' on page 9 undefined on inp
ut line 457.


Underfull \hbox (badness 1009) in paragraph at lines 460--463
[]\OT1/ptm/m/n/10 This re-sult sug-gests the need to di-ver-sify where re-
 []


Package natbib Warning: Citation `wright2015third' on page 9 undefined on input
 line 464.


Package natbib Warning: Citation `levendusky2018americans' on page 9 undefined 
on input line 464.


Package natbib Warning: Citation `birchall2020trying' on page 9 undefined on in
put line 464.


Package natbib Warning: Citation `gaertner2011common' on page 9 undefined on in
put line 464.


Package natbib Warning: Citation `iyengar2015fear' on page 9 undefined on input
 line 464.


Package natbib Warning: Citation `parkinson2012deliberative' on page 9 undefine
d on input line 470.


Package natbib Warning: Citation `mansbridge1999everyday' on page 9 undefined o
n input line 470.


Package natbib Warning: Citation `conover2018taking' on page 9 undefined on inp
ut line 470.


Underfull \vbox (badness 10000) has occurred while \output is active []

 [9 <./RQ2_final_new.png>]

Package natbib Warning: Citation `kumar2018classifier' on page 10 undefined on 
input line 480.


Package natbib Warning: Citation `rajadesingan2020quick' on page 10 undefined o
n input line 484.

<js_graph.pdf, id=59, 284.79988pt x 157.80707pt>
File: js_graph.pdf Graphic file (type pdf)
<use js_graph.pdf>
Package pdftex.def Info: js_graph.pdf  used on input line 516.
(pdftex.def)             Requested size: 219.29657pt x 121.51181pt.
[10]
No file main_changed.bbl.

Underfull \hbox (badness 1142) in paragraph at lines 548--550
\OT1/ptm/m/n/10 de-serunt?Dolore sunt do-lores do-loribus fa-cilis esse ali-
 []


Underfull \vbox (badness 10000) has occurred while \output is active []

 [11 <./js_graph.pdf>]

Package natbib Warning: There were undefined citations.

[12

] (main_changed.aux)
 ***********
LaTeX2e <2023-06-01> patch level 1
L3 programming layer <2023-08-29>
 ***********
 ) 
Here is how much of TeX's memory you used:
 5301 strings out of 475247
 85814 string characters out of 5757792
 1945801 words of memory out of 5000000
 26771 multiletter control sequences out of 15000+600000
 577982 words of font info for 70 fonts, out of 8000000 for 9000
 1141 hyphenation exceptions out of 8191
 57i,16n,65p,5026b,312s stack positions out of 10000i,1000n,20000p,200000b,200000s
<C:/Users/micha/AppData/Local/Programs/MiKTeX/fonts/type1/public/amsfonts/cm/
cmex10.pfb><C:/Users/micha/AppData/Local/Programs/MiKTeX/fonts/type1/public/ams
fonts/cm/cmmi10.pfb><C:/Users/micha/AppData/Local/Programs/MiKTeX/fonts/type1/p
ublic/amsfonts/cm/cmmi5.pfb><C:/Users/micha/AppData/Local/Programs/MiKTeX/fonts
/type1/public/amsfonts/cm/cmmi7.pfb><C:/Users/micha/AppData/Local/Programs/MiKT
eX/fonts/type1/public/amsfonts/cm/cmr10.pfb><C:/Users/micha/AppData/Local/Progr
ams/MiKTeX/fonts/type1/public/amsfonts/cm/cmr7.pfb><C:/Users/micha/AppData/Loca
l/Programs/MiKTeX/fonts/type1/public/amsfonts/cm/cmsy10.pfb><C:/Users/micha/App
Data/Local/Programs/MiKTeX/fonts/type1/public/amsfonts/cm/cmsy7.pfb><C:/Users/m
icha/AppData/Local/Programs/MiKTeX/fonts/type1/urw/times/utmb8a.pfb><C:/Users/m
icha/AppData/Local/Programs/MiKTeX/fonts/type1/urw/times/utmr8a.pfb><C:/Users/m
icha/AppData/Local/Programs/MiKTeX/fonts/type1/urw/times/utmri8a.pfb>
Output written on main_changed.pdf (12 pages, 1278943 bytes).
PDF statistics:
 129 PDF objects out of 1000 (max. 8388607)
 0 named destinations out of 1000 (max. 500000)
 26 words of extra memory for PDF output out of 10000 (max. 10000000)

