This is pdfTeX, Version 3.141592653-2.6-1.40.25 (MiKTeX 23.9) (preloaded format=pdflatex 2023.9.22)  30 MAR 2024 16:51
entering extended mode
 restricted \write18 enabled.
 %&-line parsing enabled.
**./private_compress_changed.tex
(private_compress_changed.tex
LaTeX2e <2023-06-01> patch level 1
L3 programming layer <2023-08-29>
(C:\Users\micha\AppData\Local\Programs\MiKTeX\tex/latex/base\article.cls
Document Class: article 2023/05/17 v1.4n Standard LaTeX document class
(C:\Users\micha\AppData\Local\Programs\MiKTeX\tex/latex/base\size10.clo
File: size10.clo 2023/05/17 v1.4n Standard LaTeX file (size option)
)
\c@part=\count185
\c@section=\count186
\c@subsection=\count187
\c@subsubsection=\count188
\c@paragraph=\count189
\c@subparagraph=\count190
\c@figure=\count191
\c@table=\count192
\abovecaptionskip=\skip48
\belowcaptionskip=\skip49
\bibindent=\dimen140
)
(aaai19.sty
Conference Style for AAAI for LaTeX 2e -- version for the AAAI-19 conference
\titlebox=\skip50
) (C:\Users\micha\AppData\Local\Programs\MiKTeX\tex/latex/psnfss\times.sty
Package: times 2020/03/25 PSNFSS-v9.3 (SPQR) 
)
(C:\Users\micha\AppData\Local\Programs\MiKTeX\tex/latex/psnfss\helvet.sty
Package: helvet 2020/03/25 PSNFSS-v9.3 (WaS) 

(C:\Users\micha\AppData\Local\Programs\MiKTeX\tex/latex/graphics\keyval.sty
Package: keyval 2022/05/29 v1.15 key=value parser (DPC)
\KV@toks@=\toks17
))
(C:\Users\micha\AppData\Local\Programs\MiKTeX\tex/latex/psnfss\courier.sty
Package: courier 2020/03/25 PSNFSS-v9.3 (WaS) 
)
(C:\Users\micha\AppData\Local\Programs\MiKTeX\tex/latex/url\url.sty
\Urlmuskip=\muskip16
Package: url 2013/09/16  ver 3.4  Verb mode for urls, etc.
)
(C:\Users\micha\AppData\Local\Programs\MiKTeX\tex/latex/graphics\graphicx.sty
Package: graphicx 2021/09/16 v1.2d Enhanced LaTeX Graphics (DPC,SPQR)

(C:\Users\micha\AppData\Local\Programs\MiKTeX\tex/latex/graphics\graphics.sty
Package: graphics 2022/03/10 v1.4e Standard LaTeX Graphics (DPC,SPQR)

(C:\Users\micha\AppData\Local\Programs\MiKTeX\tex/latex/graphics\trig.sty
Package: trig 2021/08/11 v1.11 sin cos tan (DPC)
)
(C:\Users\micha\AppData\Local\Programs\MiKTeX\tex/latex/graphics-cfg\graphics.c
fg
File: graphics.cfg 2016/06/04 v1.11 sample graphics configuration
)
Package graphics Info: Driver file: pdftex.def on input line 107.

(C:\Users\micha\AppData\Local\Programs\MiKTeX\tex/latex/graphics-def\pdftex.def
File: pdftex.def 2022/09/22 v1.2b Graphics/color driver for pdftex
))
\Gin@req@height=\dimen141
\Gin@req@width=\dimen142
) (C:\Users\micha\AppData\Local\Programs\MiKTeX\tex/latex/subfig\subfig.sty
Package: subfig 2005/06/28 ver: 1.3 subfig package

(C:\Users\micha\AppData\Local\Programs\MiKTeX\tex/latex/caption\caption.sty
Package: caption 2023/07/31 v3.6n Customizing captions (AR)

(C:\Users\micha\AppData\Local\Programs\MiKTeX\tex/latex/caption\caption3.sty
Package: caption3 2023/07/31 v2.4d caption3 kernel (AR)
\caption@tempdima=\dimen143
\captionmargin=\dimen144
\caption@leftmargin=\dimen145
\caption@rightmargin=\dimen146
\caption@width=\dimen147
\caption@indent=\dimen148
\caption@parindent=\dimen149
\caption@hangindent=\dimen150
Package caption Info: Standard document class detected.
)
\c@caption@flags=\count193
\c@continuedfloat=\count194
)
\c@KVtest=\count195
\sf@farskip=\skip51
\sf@captopadj=\dimen151
\sf@capskip=\skip52
\sf@nearskip=\skip53
\c@subfigure=\count196
\c@subfigure@save=\count197
\c@lofdepth=\count198
\c@subtable=\count199
\c@subtable@save=\count266
\c@lotdepth=\count267
\sf@top=\skip54
\sf@bottom=\skip55
) (C:\Users\micha\AppData\Local\Programs\MiKTeX\tex/latex/enumitem\enumitem.sty
Package: enumitem 2019/06/20 v3.9 Customized lists
\labelindent=\skip56
\enit@outerparindent=\dimen152
\enit@toks=\toks18
\enit@inbox=\box51
\enit@count@id=\count268
\enitdp@description=\count269
) (C:\Users\micha\AppData\Local\Programs\MiKTeX\tex/latex/amsmath\amsmath.sty
Package: amsmath 2023/05/13 v2.17o AMS math features
\@mathmargin=\skip57

For additional information on amsmath, use the `?' option.
(C:\Users\micha\AppData\Local\Programs\MiKTeX\tex/latex/amsmath\amstext.sty
Package: amstext 2021/08/26 v2.01 AMS text

(C:\Users\micha\AppData\Local\Programs\MiKTeX\tex/latex/amsmath\amsgen.sty
File: amsgen.sty 1999/11/30 v2.0 generic functions
\@emptytoks=\toks19
\ex@=\dimen153
))
(C:\Users\micha\AppData\Local\Programs\MiKTeX\tex/latex/amsmath\amsbsy.sty
Package: amsbsy 1999/11/29 v1.2d Bold Symbols
\pmbraise@=\dimen154
)
(C:\Users\micha\AppData\Local\Programs\MiKTeX\tex/latex/amsmath\amsopn.sty
Package: amsopn 2022/04/08 v2.04 operator names
)
\inf@bad=\count270
LaTeX Info: Redefining \frac on input line 234.
\uproot@=\count271
\leftroot@=\count272
LaTeX Info: Redefining \overline on input line 399.
LaTeX Info: Redefining \colon on input line 410.
\classnum@=\count273
\DOTSCASE@=\count274
LaTeX Info: Redefining \ldots on input line 496.
LaTeX Info: Redefining \dots on input line 499.
LaTeX Info: Redefining \cdots on input line 620.
\Mathstrutbox@=\box52
\strutbox@=\box53
LaTeX Info: Redefining \big on input line 722.
LaTeX Info: Redefining \Big on input line 723.
LaTeX Info: Redefining \bigg on input line 724.
LaTeX Info: Redefining \Bigg on input line 725.
\big@size=\dimen155
LaTeX Font Info:    Redeclaring font encoding OML on input line 743.
LaTeX Font Info:    Redeclaring font encoding OMS on input line 744.
\macc@depth=\count275
LaTeX Info: Redefining \bmod on input line 905.
LaTeX Info: Redefining \pmod on input line 910.
LaTeX Info: Redefining \smash on input line 940.
LaTeX Info: Redefining \relbar on input line 970.
LaTeX Info: Redefining \Relbar on input line 971.
\c@MaxMatrixCols=\count276
\dotsspace@=\muskip17
\c@parentequation=\count277
\dspbrk@lvl=\count278
\tag@help=\toks20
\row@=\count279
\column@=\count280
\maxfields@=\count281
\andhelp@=\toks21
\eqnshift@=\dimen156
\alignsep@=\dimen157
\tagshift@=\dimen158
\tagwidth@=\dimen159
\totwidth@=\dimen160
\lineht@=\dimen161
\@envbody=\toks22
\multlinegap=\skip58
\multlinetaggap=\skip59
\mathdisplay@stack=\toks23
LaTeX Info: Redefining \[ on input line 2953.
LaTeX Info: Redefining \] on input line 2954.
)
(C:\Users\micha\AppData\Local\Programs\MiKTeX\tex/latex/multirow\multirow.sty
Package: multirow 2021/03/15 v2.8 Span multiple rows of a table
\multirow@colwidth=\skip60
\multirow@cntb=\count282
\multirow@dima=\skip61
\bigstrutjot=\dimen162
)
(C:\Users\micha\AppData\Local\Programs\MiKTeX\tex/latex/algorithm2e\algorithm2e
.sty
Package: algorithm2e 2017/07/18 v5.2 algorithms environments
\c@AlgoLine=\count283
 (C:\Users\micha\AppData\Local\Programs\MiKTeX\tex/latex/base\ifthen.sty
Package: ifthen 2022/04/13 v1.1d Standard LaTeX ifthen package (DPC)
)
\algocf@hangindent=\skip62

(C:\Users\micha\AppData\Local\Programs\MiKTeX\tex/latex/ifoddpage\ifoddpage.sty
Package: ifoddpage 2022/10/18 v1.2 Conditionals for odd/even page detection
\c@checkoddpage=\count284
) (C:\Users\micha\AppData\Local\Programs\MiKTeX\tex/latex/tools\xspace.sty
Package: xspace 2014/10/28 v1.13 Space after command names (DPC,MH)
)
(C:\Users\micha\AppData\Local\Programs\MiKTeX\tex/latex/relsize\relsize.sty
Package: relsize 2013/03/29 ver 4.1
)
\skiptotal=\skip63
\skiplinenumber=\skip64
\skiprule=\skip65
\skiphlne=\skip66
\skiptext=\skip67
\skiplength=\skip68
\algomargin=\skip69
\skipalgocfslide=\skip70
\algowidth=\dimen163
\inoutsize=\dimen164
\inoutindent=\dimen165
\interspacetitleruled=\dimen166
\interspacealgoruled=\dimen167
\interspacetitleboxruled=\dimen168
\algocf@ruledwidth=\skip71
\algocf@inoutbox=\box54
\algocf@inputbox=\box55
\AlCapSkip=\skip72
\AlCapHSkip=\skip73
\algoskipindent=\skip74
\algocf@nlbox=\box56
\algocf@hangingbox=\box57
\algocf@untilbox=\box58
\algocf@skipuntil=\skip75
\algocf@capbox=\box59
\algocf@lcaptionbox=\skip76
\algoheightruledefault=\skip77
\algoheightrule=\skip78
\algotitleheightruledefault=\skip79
\algotitleheightrule=\skip80
\c@algocfline=\count285
\c@algocfproc=\count286
\c@algocf=\count287
\algocf@algoframe=\box60
\algocf@algobox=\box61
)
\c@thm=\count288
\c@definition=\count289
LaTeX Font Info:    Trying to load font information for OT1+ptm on input line 2
2.

(C:\Users\micha\AppData\Local\Programs\MiKTeX\tex/latex/psnfss\ot1ptm.fd
File: ot1ptm.fd 2001/06/04 font definitions for OT1/ptm.
)
LaTeX Font Info:    Font shape `OT1/ptm/bx/n' in size <10> not available
(Font)              Font shape `OT1/ptm/b/n' tried instead on input line 22.

(C:\Users\micha\AppData\Local\Programs\MiKTeX\tex/latex/xcolor\xcolor.sty
Package: xcolor 2022/06/12 v2.14 LaTeX color extensions (UK)

(C:\Users\micha\AppData\Local\Programs\MiKTeX\tex/latex/graphics-cfg\color.cfg
File: color.cfg 2016/01/02 v1.6 sample color configuration
)
Package xcolor Info: Driver file: pdftex.def on input line 227.
(C:\Users\micha\AppData\Local\Programs\MiKTeX\tex/latex/colortbl\colortbl.sty
Package: colortbl 2022/06/20 v1.0f Color table columns (DPC)

(C:\Users\micha\AppData\Local\Programs\MiKTeX\tex/latex/tools\array.sty
Package: array 2022/09/04 v2.5g Tabular extension package (FMi)
\col@sep=\dimen169
\ar@mcellbox=\box62
\extrarowheight=\dimen170
\NC@list=\toks24
\extratabsurround=\skip81
\backup@length=\skip82
\ar@cellbox=\box63
)
\everycr=\toks25
\minrowclearance=\skip83
\rownum=\count290
)
(C:\Users\micha\AppData\Local\Programs\MiKTeX\tex/latex/graphics\mathcolor.ltx)
Package xcolor Info: Model `cmy' substituted by `cmy0' on input line 1353.
Package xcolor Info: Model `hsb' substituted by `rgb' on input line 1357.
Package xcolor Info: Model `RGB' extended on input line 1369.
Package xcolor Info: Model `HTML' substituted by `rgb' on input line 1371.
Package xcolor Info: Model `Hsb' substituted by `hsb' on input line 1372.
Package xcolor Info: Model `tHsb' substituted by `hsb' on input line 1373.
Package xcolor Info: Model `HSB' substituted by `hsb' on input line 1374.
Package xcolor Info: Model `Gray' substituted by `gray' on input line 1375.
Package xcolor Info: Model `wave' substituted by `hsb' on input line 1376.
)
(C:\Users\micha\AppData\Local\Programs\MiKTeX\tex/latex/mathtools\mathtools.sty
Package: mathtools 2022/06/29 v1.29 mathematical typesetting tools
(C:\Users\micha\AppData\Local\Programs\MiKTeX\tex/latex/tools\calc.sty
Package: calc 2017/05/25 v4.3 Infix arithmetic (KKT,FJ)
\calc@Acount=\count291
\calc@Bcount=\count292
\calc@Adimen=\dimen171
\calc@Bdimen=\dimen172
\calc@Askip=\skip84
\calc@Bskip=\skip85
LaTeX Info: Redefining \setlength on input line 80.
LaTeX Info: Redefining \addtolength on input line 81.
\calc@Ccount=\count293
\calc@Cskip=\skip86
)
(C:\Users\micha\AppData\Local\Programs\MiKTeX\tex/latex/mathtools\mhsetup.sty
Package: mhsetup 2021/03/18 v1.4 programming setup (MH)
)
\g_MT_multlinerow_int=\count294
\l_MT_multwidth_dim=\dimen173
\origjot=\skip87
\l_MT_shortvdotswithinadjustabove_dim=\dimen174
\l_MT_shortvdotswithinadjustbelow_dim=\dimen175
\l_MT_above_intertext_sep=\dimen176
\l_MT_below_intertext_sep=\dimen177
\l_MT_above_shortintertext_sep=\dimen178
\l_MT_below_shortintertext_sep=\dimen179
\xmathstrut@box=\box64
\xmathstrut@dim=\dimen180
) (C:\Users\micha\AppData\Local\Programs\MiKTeX\tex/latex/amsfonts\amsfonts.sty
Package: amsfonts 2013/01/14 v3.01 Basic AMSFonts support
\symAMSa=\mathgroup4
\symAMSb=\mathgroup5
LaTeX Font Info:    Redeclaring math symbol \hbar on input line 98.
LaTeX Font Info:    Overwriting math alphabet `\mathfrak' in version `bold'
(Font)                  U/euf/m/n --> U/euf/b/n on input line 106.
) (C:\Users\micha\AppData\Local\Programs\MiKTeX\tex/latex/preprint\balance.sty
Package: balance 1999/02/23 4.3 (PWD)
\oldvsize=\dimen181
)
(C:\Users\micha\AppData\Local\Programs\MiKTeX\tex/latex/sttools\flushend.sty
Package: flushend 2021/10/04 v4.0 Balancing columns in twocolumn mode
\flushend@@lastskip@a=\skip88
\flushend@@lastskip@b=\skip89
\flushend@@lastnode=\count295
\var@@loop@iter=\count296
\var@@temp@spread=\dimen182
\var@@temp@a=\dimen183
\var@@temp@loop=\dimen184
\flushend@@page@rule=\dimen185
\flushend@@varbox@lastpage=\box65
\flushend@@varbox@a=\box66
\flushend@@varbox@c=\box67
\flushend@@tempbox@a=\box68
\flushend@@tempbox@c=\box69
\flushend@@floatbox=\box70
\@viper=\box71
\hold@viper=\box72
\atColsBreak=\toks26
\atColsEnd=\toks27
\oldbreak@skip=\dimen186
)
(C:\Users\micha\AppData\Local\Programs\MiKTeX\tex/latex/l3backend\l3backend-pdf
tex.def
File: l3backend-pdftex.def 2023-04-19 L3 backend support: PDF output (pdfTeX)
\l__color_backend_stack_int=\count297
\l__pdf_internal_box=\box73
) (private_compress_changed.aux)
\openout1 = `private_compress_changed.aux'.

LaTeX Font Info:    Checking defaults for OML/cmm/m/it on input line 35.
LaTeX Font Info:    ... okay on input line 35.
LaTeX Font Info:    Checking defaults for OMS/cmsy/m/n on input line 35.
LaTeX Font Info:    ... okay on input line 35.
LaTeX Font Info:    Checking defaults for OT1/cmr/m/n on input line 35.
LaTeX Font Info:    ... okay on input line 35.
LaTeX Font Info:    Checking defaults for T1/cmr/m/n on input line 35.
LaTeX Font Info:    ... okay on input line 35.
LaTeX Font Info:    Checking defaults for TS1/cmr/m/n on input line 35.
LaTeX Font Info:    ... okay on input line 35.
LaTeX Font Info:    Checking defaults for OMX/cmex/m/n on input line 35.
LaTeX Font Info:    ... okay on input line 35.
LaTeX Font Info:    Checking defaults for U/cmr/m/n on input line 35.
LaTeX Font Info:    ... okay on input line 35.

(C:\Users\micha\AppData\Local\Programs\MiKTeX\tex/context/base/mkii\supp-pdf.mk
ii
[Loading MPS to PDF converter (version 2006.09.02).]
\scratchcounter=\count298
\scratchdimen=\dimen187
\scratchbox=\box74
\nofMPsegments=\count299
\nofMParguments=\count300
\everyMPshowfont=\toks28
\MPscratchCnt=\count301
\MPscratchDim=\dimen188
\MPnumerator=\count302
\makeMPintoPDFobject=\count303
\everyMPtoPDFconversion=\toks29
)
(C:\Users\micha\AppData\Local\Programs\MiKTeX\tex/latex/epstopdf-pkg\epstopdf-b
ase.sty
Package: epstopdf-base 2020-01-24 v2.11 Base part for package epstopdf
Package epstopdf-base Info: Redefining graphics rule for `.eps' on input line 4
85.

(C:\Users\micha\AppData\Local\Programs\MiKTeX\tex/latex/00miktex\epstopdf-sys.c
fg
File: epstopdf-sys.cfg 2021/03/18 v2.0 Configuration of epstopdf for MiKTeX
))
Package caption Info: Begin \AtBeginDocument code.
Package caption Info: subfig package v1.3 is loaded.
Package caption Info: End \AtBeginDocument code.
LaTeX Font Info:    Trying to load font information for U+msa on input line 51.

 (C:\Users\micha\AppData\Local\Programs\MiKTeX\tex/latex/amsfonts\umsa.fd
File: umsa.fd 2013/01/14 v3.01 AMS symbols A
)
LaTeX Font Info:    Trying to load font information for U+msb on input line 51.


(C:\Users\micha\AppData\Local\Programs\MiKTeX\tex/latex/amsfonts\umsb.fd
File: umsb.fd 2013/01/14 v3.01 AMS symbols B
)
LaTeX Font Info:    Trying to load font information for OMS+ptm on input line 5
1.

(C:\Users\micha\AppData\Local\Programs\MiKTeX\tex/latex/psnfss\omsptm.fd
File: omsptm.fd 
)
LaTeX Font Info:    Font shape `OMS/ptm/m/n' in size <10> not available
(Font)              Font shape `OMS/cmsy/m/n' tried instead on input line 51.


LaTeX Warning: Citation `cao2017deepmood' on page 1 undefined on input line 59.



LaTeX Warning: Citation `li2016droidclassifier' on page 1 undefined on input li
ne 59.


LaTeX Warning: Citation `wang2018not' on page 1 undefined on input line 61.


LaTeX Warning: Citation `lee2017technology' on page 1 undefined on input line 6
1.


LaTeX Warning: Citation `hitaj2017deep' on page 1 undefined on input line 63.


LaTeX Warning: Citation `abadi2016deep' on page 1 undefined on input line 63.


LaTeX Warning: Citation `hipaa2013' on page 1 undefined on input line 63.


LaTeX Warning: Citation `osia2017a' on page 1 undefined on input line 63.


LaTeX Warning: Citation `bucila2006model' on page 1 undefined on input line 65.



LaTeX Warning: Citation `han2015deep' on page 1 undefined on input line 65.


LaTeX Warning: Citation `howard2017mobile' on page 1 undefined on input line 65
.


LaTeX Warning: Citation `dwork2011diff' on page 1 undefined on input line 67.

[1{C:/Users/micha/AppData/Local/MiKTeX/fonts/map/pdftex/pdftex.map}{C:/Users/mi
cha/AppData/Local/Programs/MiKTeX/fonts/enc/dvips/base/8r.enc}



]
LaTeX Font Info:    Trying to load font information for TS1+ptm on input line 7
3.

(C:\Users\micha\AppData\Local\Programs\MiKTeX\tex/latex/psnfss\ts1ptm.fd
File: ts1ptm.fd 2001/06/04 font definitions for TS1/ptm.
)
Underfull \hbox (badness 1448) in paragraph at lines 74--75
\OT1/ptm/m/n/10 frame-work for train-ing com-pact neu-ral net-works via
 []

LaTeX Font Info:    Trying to load font information for OT1+pcr on input line 7
7.
(C:\Users\micha\AppData\Local\Programs\MiKTeX\tex/latex/psnfss\ot1pcr.fd
File: ot1pcr.fd 2001/06/04 font definitions for OT1/pcr.
)
Underfull \hbox (badness 1603) in paragraph at lines 77--78
\OT1/ptm/m/n/10 sourced at $\OT1/pcr/m/n/10 https : / / github . com / jwanglea
rn /
 []


LaTeX Warning: Citation `han2015deep' on page 2 undefined on input line 81.


LaTeX Warning: Citation `howard2017mobile' on page 2 undefined on input line 81
.


LaTeX Warning: Citation `cheng2018learning' on page 2 undefined on input line 8
1.


LaTeX Warning: Citation `bucila2006model' on page 2 undefined on input line 81.



LaTeX Warning: Citation `hinton2015distilling' on page 2 undefined on input lin
e 81.


LaTeX Warning: Citation `romero2015fitnets' on page 2 undefined on input line 8
1.


LaTeX Warning: Citation `cheng2018learning' on page 2 undefined on input line 8
1.


LaTeX Warning: Citation `dwork2011diff' on page 2 undefined on input line 83.


LaTeX Warning: Citation `dwork2011diff' on page 2 undefined on input line 85.


LaTeX Warning: Citation `dwork2011diff' on page 2 undefined on input line 92.

<figures/framework-1.jpg, id=13, 827.34094pt x 461.47406pt>
File: figures/framework-1.jpg Graphic file (type jpg)
<use figures/framework-1.jpg>
Package pdftex.def Info: figures/framework-1.jpg  used on input line 97.
(pdftex.def)             Requested size: 390.25755pt x 217.68147pt.

Underfull \hbox (badness 1331) in paragraph at lines 102--103
[]\OT1/ptm/m/n/10 For a de-ter-min-is-tic func-tion $\OML/cmm/m/it/10 f$\OT1/pt
m/m/n/10 , the $\OT1/cmr/m/n/10 (\OML/cmm/m/it/10 ^^O; ^^N\OT1/cmr/m/n/10 )$\OT
1/ptm/m/n/10 -differential
 []


Underfull \hbox (badness 10000) in paragraph at lines 102--103
\OT1/ptm/m/n/10 pri-vacy is gen-er-ally en-forced by in-ject-ing ran-
 []


Underfull \hbox (badness 10000) in paragraph at lines 102--103
\OT1/ptm/m/n/10 dom noise cal-i-brated to the $\OML/cmm/m/it/10 f$\OT1/ptm/m/n/
10 's sen-si-tiv-ity $\OT1/cmr/m/n/10 ^^A\OML/cmm/m/it/10 f$\OT1/ptm/m/n/10 ,
 []


LaTeX Warning: Citation `dwork2014the' on page 2 undefined on input line 104.


LaTeX Warning: Citation `dwork2011diff' on page 2 undefined on input line 112.


LaTeX Warning: Citation `beimel2014bounds' on page 2 undefined on input line 11
2.


LaTeX Warning: Citation `abadi2016deep' on page 2 undefined on input line 112.


LaTeX Warning: Citation `papernot2017semi' on page 2 undefined on input line 11
2.


LaTeX Warning: Citation `papernot2018scalable' on page 2 undefined on input lin
e 112.


LaTeX Warning: Citation `triastcyn2018generating' on page 2 undefined on input 
line 112.


LaTeX Warning: Citation `wang2018not' on page 2 undefined on input line 112.

[2]

LaTeX Warning: Citation `romero2015fitnets' on page 3 undefined on input line 1
18.


LaTeX Warning: Citation `hinton2015distilling' on page 3 undefined on input lin
e 118.

[3 <./figures/framework-1.jpg>]

LaTeX Warning: Citation `hinton2015distilling' on page 4 undefined on input lin
e 170.


Underfull \hbox (badness 5316) in paragraph at lines 182--183
[]\OT1/ptm/m/n/10 For the privacy-preserving rea-son, the num-ber of
 []

[4]

LaTeX Warning: Citation `abadi2016deep' on page 5 undefined on input line 206.


Package amsmath Warning: Foreign command \over;
(amsmath)                \frac or \genfrac should be used instead
(amsmath)                 on input line 231.


LaTeX Warning: Citation `korupolu2000analysis' on page 5 undefined on input lin
e 236.


LaTeX Warning: Citation `korupolu2000analysis' on page 5 undefined on input lin
e 240.

<figures/hint.jpg, id=37, 563.10374pt x 373.395pt>
File: figures/hint.jpg Graphic file (type jpg)
<use figures/hint.jpg>
Package pdftex.def Info: figures/hint.jpg  used on input line 261.
(pdftex.def)             Requested size: 155.38005pt x 103.02864pt.
<figures/r-kd.jpg, id=38, 563.10374pt x 373.395pt>
File: figures/r-kd.jpg Graphic file (type jpg)
<use figures/r-kd.jpg>
Package pdftex.def Info: figures/r-kd.jpg  used on input line 262.
(pdftex.def)             Requested size: 155.38005pt x 103.02864pt.
<figures/batch.jpg, id=39, 563.10374pt x 373.395pt>
File: figures/batch.jpg Graphic file (type jpg)
<use figures/batch.jpg>
Package pdftex.def Info: figures/batch.jpg  used on input line 263.
(pdftex.def)             Requested size: 155.38005pt x 103.02864pt.
<figures/sigma.jpg, id=40, 563.10374pt x 373.395pt>
File: figures/sigma.jpg Graphic file (type jpg)
<use figures/sigma.jpg>
Package pdftex.def Info: figures/sigma.jpg  used on input line 264.
(pdftex.def)             Requested size: 155.38005pt x 103.02864pt.
<figures/sel.jpg, id=41, 563.10374pt x 373.395pt>
File: figures/sel.jpg Graphic file (type jpg)
<use figures/sel.jpg>
Package pdftex.def Info: figures/sel.jpg  used on input line 265.
(pdftex.def)             Requested size: 155.38005pt x 103.02864pt.
<figures/bound.jpg, id=42, 565.11125pt x 381.425pt>
File: figures/bound.jpg Graphic file (type jpg)
<use figures/bound.jpg>
Package pdftex.def Info: figures/bound.jpg  used on input line 266.
(pdftex.def)             Requested size: 155.38005pt x 104.87183pt.

LaTeX Warning: Citation `LeCun1998' on page 5 undefined on input line 272.


LaTeX Warning: Citation `Netzer2011' on page 5 undefined on input line 272.


LaTeX Warning: Citation `Krizhevsky2009' on page 5 undefined on input line 272.



LaTeX Warning: Citation `Laine2017' on page 5 undefined on input line 275.


LaTeX Warning: Citation `Park2017' on page 5 undefined on input line 275.

[5]

LaTeX Warning: Citation `wang2017cost' on page 6 undefined on input line 285.


LaTeX Warning: Citation `wang2015querying' on page 6 undefined on input line 28
5.

<figures/mnist.jpg, id=49, 563.10374pt x 374.39874pt>
File: figures/mnist.jpg Graphic file (type jpg)
<use figures/mnist.jpg>
Package pdftex.def Info: figures/mnist.jpg  used on input line 290.
(pdftex.def)             Requested size: 155.38005pt x 103.30559pt.
<figures/svhn.jpg, id=50, 563.10374pt x 374.39874pt>
File: figures/svhn.jpg Graphic file (type jpg)
<use figures/svhn.jpg>
Package pdftex.def Info: figures/svhn.jpg  used on input line 291.
(pdftex.def)             Requested size: 155.38005pt x 103.30559pt.
<figures/cifar.jpg, id=51, 563.10374pt x 374.39874pt>
File: figures/cifar.jpg Graphic file (type jpg)
<use figures/cifar.jpg>
Package pdftex.def Info: figures/cifar.jpg  used on input line 292.
(pdftex.def)             Requested size: 158.27147pt x 105.23082pt.

Overfull \hbox (1.90497pt too wide) in paragraph at lines 308--315
 [][] 
 []


LaTeX Warning: Citation `papernot2017semi' on page 6 undefined on input line 31
8.


LaTeX Warning: Citation `papernot2018scalable' on page 6 undefined on input lin
e 318.


LaTeX Warning: Citation `abadi2016deep' on page 6 undefined on input line 318.


LaTeX Warning: Citation `wang2018not' on page 6 undefined on input line 318.

[6 <./figures/hint.jpg> <./figures/r-kd.jpg> <./figures/batch.jpg> <./figures/s
igma.jpg> <./figures/sel.jpg> <./figures/bound.jpg>]
Underfull \hbox (badness 1152) in paragraph at lines 345--346
\OT1/cmr/m/n/10 (9\OML/cmm/m/it/10 :\OT1/cmr/m/n/10 60\OML/cmm/m/it/10 ; \OT1/c
mr/m/n/10 10[])$\OT1/ptm/m/n/10 , $\OT1/cmr/m/n/10 (9\OML/cmm/m/it/10 :\OT1/cmr
/m/n/10 83\OML/cmm/m/it/10 ; \OT1/cmr/m/n/10 10[])$\OT1/ptm/m/n/10 , and $\OT1/
cmr/m/n/10 (9\OML/cmm/m/it/10 :\OT1/cmr/m/n/10 59\OML/cmm/m/it/10 ; \OT1/cmr/m/
n/10 10[])$ \OT1/ptm/m/n/10 dif-fer-en-tial
 []

[7 <./figures/mnist.jpg> <./figures/svhn.jpg> <./figures/cifar.jpg>] [8

]
No file private_compress_changed.bbl.
(private_compress_changed.aux)
 ***********
LaTeX2e <2023-06-01> patch level 1
L3 programming layer <2023-08-29>
 ***********
 ) 
Here is how much of TeX's memory you used:
 6982 strings out of 475247
 118897 string characters out of 5757792
 1947801 words of memory out of 5000000
 28379 multiletter control sequences out of 15000+600000
 604061 words of font info for 125 fonts, out of 8000000 for 9000
 1141 hyphenation exceptions out of 8191
 69i,19n,79p,1647b,608s stack positions out of 10000i,1000n,20000p,200000b,200000s
<C:/Users/micha/AppData/Local/Programs/MiKTeX/fonts/type1/public/amsfonts/cm/
cmbx6.pfb><C:/Users/micha/AppData/Local/Programs/MiKTeX/fonts/type1/public/amsf
onts/cm/cmbx7.pfb><C:/Users/micha/AppData/Local/Programs/MiKTeX/fonts/type1/pub
lic/amsfonts/cm/cmbx9.pfb><C:/Users/micha/AppData/Local/Programs/MiKTeX/fonts/t
ype1/public/amsfonts/cm/cmex10.pfb><C:/Users/micha/AppData/Local/Programs/MiKTe
X/fonts/type1/public/amsfonts/cmextra/cmex9.pfb><C:/Users/micha/AppData/Local/P
rograms/MiKTeX/fonts/type1/public/amsfonts/cm/cmmi10.pfb><C:/Users/micha/AppDat
a/Local/Programs/MiKTeX/fonts/type1/public/amsfonts/cm/cmmi5.pfb><C:/Users/mich
a/AppData/Local/Programs/MiKTeX/fonts/type1/public/amsfonts/cm/cmmi6.pfb><C:/Us
ers/micha/AppData/Local/Programs/MiKTeX/fonts/type1/public/amsfonts/cm/cmmi7.pf
b><C:/Users/micha/AppData/Local/Programs/MiKTeX/fonts/type1/public/amsfonts/cm/
cmmi9.pfb><C:/Users/micha/AppData/Local/Programs/MiKTeX/fonts/type1/public/amsf
onts/cm/cmr10.pfb><C:/Users/micha/AppData/Local/Programs/MiKTeX/fonts/type1/pub
lic/amsfonts/cm/cmr5.pfb><C:/Users/micha/AppData/Local/Programs/MiKTeX/fonts/ty
pe1/public/amsfonts/cm/cmr6.pfb><C:/Users/micha/AppData/Local/Programs/MiKTeX/f
onts/type1/public/amsfonts/cm/cmr7.pfb><C:/Users/micha/AppData/Local/Programs/M
iKTeX/fonts/type1/public/amsfonts/cm/cmr9.pfb><C:/Users/micha/AppData/Local/Pro
grams/MiKTeX/fonts/type1/public/amsfonts/cm/cmsy10.pfb><C:/Users/micha/AppData/
Local/Programs/MiKTeX/fonts/type1/public/amsfonts/cm/cmsy5.pfb><C:/Users/micha/
AppData/Local/Programs/MiKTeX/fonts/type1/public/amsfonts/cm/cmsy6.pfb><C:/User
s/micha/AppData/Local/Programs/MiKTeX/fonts/type1/public/amsfonts/cm/cmsy7.pfb>
<C:/Users/micha/AppData/Local/Programs/MiKTeX/fonts/type1/public/amsfonts/cm/cm
sy9.pfb><C:/Users/micha/AppData/Local/Programs/MiKTeX/fonts/type1/urw/courier/u
crr8a.pfb><C:/Users/micha/AppData/Local/Programs/MiKTeX/fonts/type1/urw/times/u
tmb8a.pfb><C:/Users/micha/AppData/Local/Programs/MiKTeX/fonts/type1/urw/times/u
tmbi8a.pfb><C:/Users/micha/AppData/Local/Programs/MiKTeX/fonts/type1/urw/times/
utmr8a.pfb><C:/Users/micha/AppData/Local/Programs/MiKTeX/fonts/type1/urw/times/
utmri8a.pfb>
Output written on private_compress_changed.pdf (8 pages, 698127 bytes).
PDF statistics:
 165 PDF objects out of 1000 (max. 8388607)
 0 named destinations out of 1000 (max. 500000)
 51 words of extra memory for PDF output out of 10000 (max. 10000000)

