This is pdfTeX, Version 3.141592653-2.6-1.40.25 (MiKTeX 23.9) (preloaded format=pdflatex 2023.9.22)  30 MAR 2024 16:24
entering extended mode
 restricted \write18 enabled.
 %&-line parsing enabled.
**./AAAI-LiuW.2859_changed.tex
(AAAI-LiuW.2859_changed.tex
LaTeX2e <2023-06-01> patch level 1
L3 programming layer <2023-08-29>
(C:\Users\micha\AppData\Local\Programs\MiKTeX\tex/latex/base\article.cls
Document Class: article 2023/05/17 v1.4n Standard LaTeX document class
(C:\Users\micha\AppData\Local\Programs\MiKTeX\tex/latex/base\size10.clo
File: size10.clo 2023/05/17 v1.4n Standard LaTeX file (size option)
)
\c@part=\count185
\c@section=\count186
\c@subsection=\count187
\c@subsubsection=\count188
\c@paragraph=\count189
\c@subparagraph=\count190
\c@figure=\count191
\c@table=\count192
\abovecaptionskip=\skip48
\belowcaptionskip=\skip49
\bibindent=\dimen140
)
(aaai20.sty
Conference Style for AAAI for LaTeX 2e -- version for the AAAI-20 conference
\titlebox=\skip50
) (C:\Users\micha\AppData\Local\Programs\MiKTeX\tex/latex/psnfss\times.sty
Package: times 2020/03/25 PSNFSS-v9.3 (SPQR) 
)
(C:\Users\micha\AppData\Local\Programs\MiKTeX\tex/latex/psnfss\helvet.sty
Package: helvet 2020/03/25 PSNFSS-v9.3 (WaS) 

(C:\Users\micha\AppData\Local\Programs\MiKTeX\tex/latex/graphics\keyval.sty
Package: keyval 2022/05/29 v1.15 key=value parser (DPC)
\KV@toks@=\toks17
))
(C:\Users\micha\AppData\Local\Programs\MiKTeX\tex/latex/psnfss\courier.sty
Package: courier 2020/03/25 PSNFSS-v9.3 (WaS) 
)
(C:\Users\micha\AppData\Local\Programs\MiKTeX\tex/latex/url\url.sty
\Urlmuskip=\muskip16
Package: url 2013/09/16  ver 3.4  Verb mode for urls, etc.
)
(C:\Users\micha\AppData\Local\Programs\MiKTeX\tex/latex/graphics\graphicx.sty
Package: graphicx 2021/09/16 v1.2d Enhanced LaTeX Graphics (DPC,SPQR)

(C:\Users\micha\AppData\Local\Programs\MiKTeX\tex/latex/graphics\graphics.sty
Package: graphics 2022/03/10 v1.4e Standard LaTeX Graphics (DPC,SPQR)

(C:\Users\micha\AppData\Local\Programs\MiKTeX\tex/latex/graphics\trig.sty
Package: trig 2021/08/11 v1.11 sin cos tan (DPC)
)
(C:\Users\micha\AppData\Local\Programs\MiKTeX\tex/latex/graphics-cfg\graphics.c
fg
File: graphics.cfg 2016/06/04 v1.11 sample graphics configuration
)
Package graphics Info: Driver file: pdftex.def on input line 107.

(C:\Users\micha\AppData\Local\Programs\MiKTeX\tex/latex/graphics-def\pdftex.def
File: pdftex.def 2022/09/22 v1.2b Graphics/color driver for pdftex
))
\Gin@req@height=\dimen141
\Gin@req@width=\dimen142
) (C:\Users\micha\AppData\Local\Programs\MiKTeX\tex/latex/xcolor\xcolor.sty
Package: xcolor 2022/06/12 v2.14 LaTeX color extensions (UK)

(C:\Users\micha\AppData\Local\Programs\MiKTeX\tex/latex/graphics-cfg\color.cfg
File: color.cfg 2016/01/02 v1.6 sample color configuration
)
Package xcolor Info: Driver file: pdftex.def on input line 227.
(C:\Users\micha\AppData\Local\Programs\MiKTeX\tex/latex/graphics\mathcolor.ltx)
Package xcolor Info: Model `cmy' substituted by `cmy0' on input line 1353.
Package xcolor Info: Model `hsb' substituted by `rgb' on input line 1357.
Package xcolor Info: Model `RGB' extended on input line 1369.
Package xcolor Info: Model `HTML' substituted by `rgb' on input line 1371.
Package xcolor Info: Model `Hsb' substituted by `hsb' on input line 1372.
Package xcolor Info: Model `tHsb' substituted by `hsb' on input line 1373.
Package xcolor Info: Model `HSB' substituted by `hsb' on input line 1374.
Package xcolor Info: Model `Gray' substituted by `gray' on input line 1375.
Package xcolor Info: Model `wave' substituted by `hsb' on input line 1376.
) (C:\Users\micha\AppData\Local\Programs\MiKTeX\tex/latex/amsmath\amsmath.sty
Package: amsmath 2023/05/13 v2.17o AMS math features
\@mathmargin=\skip51

For additional information on amsmath, use the `?' option.
(C:\Users\micha\AppData\Local\Programs\MiKTeX\tex/latex/amsmath\amstext.sty
Package: amstext 2021/08/26 v2.01 AMS text

(C:\Users\micha\AppData\Local\Programs\MiKTeX\tex/latex/amsmath\amsgen.sty
File: amsgen.sty 1999/11/30 v2.0 generic functions
\@emptytoks=\toks18
\ex@=\dimen143
))
(C:\Users\micha\AppData\Local\Programs\MiKTeX\tex/latex/amsmath\amsbsy.sty
Package: amsbsy 1999/11/29 v1.2d Bold Symbols
\pmbraise@=\dimen144
)
(C:\Users\micha\AppData\Local\Programs\MiKTeX\tex/latex/amsmath\amsopn.sty
Package: amsopn 2022/04/08 v2.04 operator names
)
\inf@bad=\count193
LaTeX Info: Redefining \frac on input line 234.
\uproot@=\count194
\leftroot@=\count195
LaTeX Info: Redefining \overline on input line 399.
LaTeX Info: Redefining \colon on input line 410.
\classnum@=\count196
\DOTSCASE@=\count197
LaTeX Info: Redefining \ldots on input line 496.
LaTeX Info: Redefining \dots on input line 499.
LaTeX Info: Redefining \cdots on input line 620.
\Mathstrutbox@=\box51
\strutbox@=\box52
LaTeX Info: Redefining \big on input line 722.
LaTeX Info: Redefining \Big on input line 723.
LaTeX Info: Redefining \bigg on input line 724.
LaTeX Info: Redefining \Bigg on input line 725.
\big@size=\dimen145
LaTeX Font Info:    Redeclaring font encoding OML on input line 743.
LaTeX Font Info:    Redeclaring font encoding OMS on input line 744.
\macc@depth=\count198
LaTeX Info: Redefining \bmod on input line 905.
LaTeX Info: Redefining \pmod on input line 910.
LaTeX Info: Redefining \smash on input line 940.
LaTeX Info: Redefining \relbar on input line 970.
LaTeX Info: Redefining \Relbar on input line 971.
\c@MaxMatrixCols=\count199
\dotsspace@=\muskip17
\c@parentequation=\count266
\dspbrk@lvl=\count267
\tag@help=\toks19
\row@=\count268
\column@=\count269
\maxfields@=\count270
\andhelp@=\toks20
\eqnshift@=\dimen146
\alignsep@=\dimen147
\tagshift@=\dimen148
\tagwidth@=\dimen149
\totwidth@=\dimen150
\lineht@=\dimen151
\@envbody=\toks21
\multlinegap=\skip52
\multlinetaggap=\skip53
\mathdisplay@stack=\toks22
LaTeX Info: Redefining \[ on input line 2953.
LaTeX Info: Redefining \] on input line 2954.
)
(C:\Users\micha\AppData\Local\Programs\MiKTeX\tex/latex/booktabs\booktabs.sty
Package: booktabs 2020/01/12 v1.61803398 Publication quality tables
\heavyrulewidth=\dimen152
\lightrulewidth=\dimen153
\cmidrulewidth=\dimen154
\belowrulesep=\dimen155
\belowbottomsep=\dimen156
\aboverulesep=\dimen157
\abovetopsep=\dimen158
\cmidrulesep=\dimen159
\cmidrulekern=\dimen160
\defaultaddspace=\dimen161
\@cmidla=\count271
\@cmidlb=\count272
\@aboverulesep=\dimen162
\@belowrulesep=\dimen163
\@thisruleclass=\count273
\@lastruleclass=\count274
\@thisrulewidth=\dimen164
)
(C:\Users\micha\AppData\Local\Programs\MiKTeX\tex/latex/tools\bm.sty
Package: bm 2022/01/05 v1.2f Bold Symbol Support (DPC/FMi)
\symboldoperators=\mathgroup4
\symboldletters=\mathgroup5
\symboldsymbols=\mathgroup6
Package bm Info: No bold for \OMX/cmex/m/n, using \pmb.
LaTeX Font Info:    Redeclaring math alphabet \mathbf on input line 149.
)
(C:\Users\micha\AppData\Local\Programs\MiKTeX\tex/latex/mathtools\mathtools.sty
Package: mathtools 2022/06/29 v1.29 mathematical typesetting tools
(C:\Users\micha\AppData\Local\Programs\MiKTeX\tex/latex/tools\calc.sty
Package: calc 2017/05/25 v4.3 Infix arithmetic (KKT,FJ)
\calc@Acount=\count275
\calc@Bcount=\count276
\calc@Adimen=\dimen165
\calc@Bdimen=\dimen166
\calc@Askip=\skip54
\calc@Bskip=\skip55
LaTeX Info: Redefining \setlength on input line 80.
LaTeX Info: Redefining \addtolength on input line 81.
\calc@Ccount=\count277
\calc@Cskip=\skip56
)
(C:\Users\micha\AppData\Local\Programs\MiKTeX\tex/latex/mathtools\mhsetup.sty
Package: mhsetup 2021/03/18 v1.4 programming setup (MH)
)
\g_MT_multlinerow_int=\count278
\l_MT_multwidth_dim=\dimen167
\origjot=\skip57
\l_MT_shortvdotswithinadjustabove_dim=\dimen168
\l_MT_shortvdotswithinadjustbelow_dim=\dimen169
\l_MT_above_intertext_sep=\dimen170
\l_MT_below_intertext_sep=\dimen171
\l_MT_above_shortintertext_sep=\dimen172
\l_MT_below_shortintertext_sep=\dimen173
\xmathstrut@box=\box53
\xmathstrut@dim=\dimen174
) (C:\Users\micha\AppData\Local\Programs\MiKTeX\tex/latex/footmisc\footmisc.sty
Package: footmisc 2023/07/05 v6.0f a miscellany of footnote facilities
\FN@temptoken=\toks23
\footnotemargin=\dimen175
\@outputbox@depth=\dimen176
Package footmisc Info: Declaring symbol style bringhurst on input line 696.
Package footmisc Info: Declaring symbol style chicago on input line 704.
Package footmisc Info: Declaring symbol style wiley on input line 713.
Package footmisc Info: Declaring symbol style lamport-robust on input line 724.

Package footmisc Info: Declaring symbol style lamport* on input line 744.
Package footmisc Info: Declaring symbol style lamport*-robust on input line 765
.
) (C:\Users\micha\AppData\Local\Programs\MiKTeX\tex/latex/base\textcomp.sty
Package: textcomp 2020/02/02 v2.0n Standard LaTeX package
)
(C:\Users\micha\AppData\Local\Programs\MiKTeX\tex/latex/caption\subcaption.sty
Package: subcaption 2023/07/28 v1.6b Sub-captions (AR)

(C:\Users\micha\AppData\Local\Programs\MiKTeX\tex/latex/caption\caption.sty
Package: caption 2023/07/31 v3.6n Customizing captions (AR)

(C:\Users\micha\AppData\Local\Programs\MiKTeX\tex/latex/caption\caption3.sty
Package: caption3 2023/07/31 v2.4d caption3 kernel (AR)
\caption@tempdima=\dimen177
\captionmargin=\dimen178
\caption@leftmargin=\dimen179
\caption@rightmargin=\dimen180
\caption@width=\dimen181
\caption@indent=\dimen182
\caption@parindent=\dimen183
\caption@hangindent=\dimen184
Package caption Info: Standard document class detected.
)
\c@caption@flags=\count279
\c@continuedfloat=\count280
)
Package caption Info: New subtype `subfigure' on input line 238.
\c@subfigure=\count281
Package caption Info: New subtype `subtable' on input line 238.
\c@subtable=\count282
)
LaTeX Font Info:    Trying to load font information for OT1+ptm on input line 1
15.
(C:\Users\micha\AppData\Local\Programs\MiKTeX\tex/latex/psnfss\ot1ptm.fd
File: ot1ptm.fd 2001/06/04 font definitions for OT1/ptm.
)
(C:\Users\micha\AppData\Local\Programs\MiKTeX\tex/latex/l3backend\l3backend-pdf
tex.def
File: l3backend-pdftex.def 2023-04-19 L3 backend support: PDF output (pdfTeX)
\l__color_backend_stack_int=\count283
\l__pdf_internal_box=\box54
) (AAAI-LiuW.2859_changed.aux)
\openout1 = `AAAI-LiuW.2859_changed.aux'.

LaTeX Font Info:    Checking defaults for OML/cmm/m/it on input line 115.
LaTeX Font Info:    ... okay on input line 115.
LaTeX Font Info:    Checking defaults for OMS/cmsy/m/n on input line 115.
LaTeX Font Info:    ... okay on input line 115.
LaTeX Font Info:    Checking defaults for OT1/cmr/m/n on input line 115.
LaTeX Font Info:    ... okay on input line 115.
LaTeX Font Info:    Checking defaults for T1/cmr/m/n on input line 115.
LaTeX Font Info:    ... okay on input line 115.
LaTeX Font Info:    Checking defaults for TS1/cmr/m/n on input line 115.
LaTeX Font Info:    ... okay on input line 115.
LaTeX Font Info:    Checking defaults for OMX/cmex/m/n on input line 115.
LaTeX Font Info:    ... okay on input line 115.
LaTeX Font Info:    Checking defaults for U/cmr/m/n on input line 115.
LaTeX Font Info:    ... okay on input line 115.

(C:\Users\micha\AppData\Local\Programs\MiKTeX\tex/context/base/mkii\supp-pdf.mk
ii
[Loading MPS to PDF converter (version 2006.09.02).]
\scratchcounter=\count284
\scratchdimen=\dimen185
\scratchbox=\box55
\nofMPsegments=\count285
\nofMParguments=\count286
\everyMPshowfont=\toks24
\MPscratchCnt=\count287
\MPscratchDim=\dimen186
\MPnumerator=\count288
\makeMPintoPDFobject=\count289
\everyMPtoPDFconversion=\toks25
)
(C:\Users\micha\AppData\Local\Programs\MiKTeX\tex/latex/epstopdf-pkg\epstopdf-b
ase.sty
Package: epstopdf-base 2020-01-24 v2.11 Base part for package epstopdf
Package epstopdf-base Info: Redefining graphics rule for `.eps' on input line 4
85.

(C:\Users\micha\AppData\Local\Programs\MiKTeX\tex/latex/00miktex\epstopdf-sys.c
fg
File: epstopdf-sys.cfg 2021/03/18 v2.0 Configuration of epstopdf for MiKTeX
))
Package caption Info: Begin \AtBeginDocument code.
Package caption Info: End \AtBeginDocument code.
LaTeX Font Info:    Trying to load font information for OMS+ptm on input line 1
17.
 (C:\Users\micha\AppData\Local\Programs\MiKTeX\tex/latex/psnfss\omsptm.fd
File: omsptm.fd 
)
LaTeX Font Info:    Font shape `OMS/ptm/m/n' in size <10> not available
(Font)              Font shape `OMS/cmsy/m/n' tried instead on input line 117.
LaTeX Font Info:    Trying to load font information for TS1+ptm on input line 1
17.

(C:\Users\micha\AppData\Local\Programs\MiKTeX\tex/latex/psnfss\ts1ptm.fd
File: ts1ptm.fd 2001/06/04 font definitions for TS1/ptm.
)

LaTeX Warning: Citation `wordnet' on page 1 undefined on input line 125.


LaTeX Warning: Citation `freebase' on page 1 undefined on input line 125.


LaTeX Warning: Citation `wang2018dkn' on page 1 undefined on input line 125.


LaTeX Warning: Citation `aditya2018explicit' on page 1 undefined on input line 
125.


LaTeX Warning: Citation `min2013distant' on page 1 undefined on input line 128.


<figure1.png, id=1, 544.9158pt x 577.29276pt>
File: figure1.png Graphic file (type png)
<use figure1.png>
Package pdftex.def Info: figure1.png  used on input line 131.
(pdftex.def)             Requested size: 239.39438pt x 253.62201pt.

LaTeX Warning: Citation `pra' on page 1 undefined on input line 138.


LaTeX Warning: Citation `sfe' on page 1 undefined on input line 138.


LaTeX Warning: Citation `cvsm' on page 1 undefined on input line 138.


LaTeX Warning: Citation `chains' on page 1 undefined on input line 138.


LaTeX Warning: Citation `pra' on page 1 undefined on input line 138.

[1{C:/Users/micha/AppData/Local/MiKTeX/fonts/map/pdftex/pdftex.map}{C:/Users/mi
cha/AppData/Local/Programs/MiKTeX/fonts/enc/dvips/base/8r.enc}



 <./figure1.png>]

LaTeX Warning: Citation `chains' on page 2 undefined on input line 140.


Underfull \hbox (badness 1838) in paragraph at lines 140--141
[]\OT1/ptm/m/n/10 To im-prove the dis-crim-i-na-tive-ness of PRA, ( \OT1/ptm/b/
n/10 ?\OT1/ptm/m/n/10 ) ex-
 []


Underfull \hbox (badness 1596) in paragraph at lines 140--141
\OT1/ptm/m/n/10 tion in ad-di-tion to re-la-tions within the learned paths.
 []


Underfull \hbox (badness 1028) in paragraph at lines 140--141
\OT1/ptm/m/n/10 path pat-tern of the known triple in Fig-ure 1[] be-comes
 []


LaTeX Warning: Citation `santus2014hypernym' on page 2 undefined on input line 
142.


LaTeX Warning: Citation `chains' on page 2 undefined on input line 144.


LaTeX Warning: Citation `ntm' on page 2 undefined on input line 146.


Underfull \hbox (badness 5316) in paragraph at lines 142--147
\OT1/ptm/m/n/10 dis-crim-i-na-tion and gen-er-al-iza-tion si-mul-ta-ne-ously. O
ur
 []


Underfull \hbox (badness 1107) in paragraph at lines 142--147
\OT1/ptm/m/n/10 typ-i-cal lin-guis-tic con-texts. Sim-i-lar to ( \OT1/ptm/b/n/1
0 ?\OT1/ptm/m/n/10 ), we uti-lize a
 []


Underfull \hbox (badness 10000) in paragraph at lines 142--147
\OMS/cmsy/m/n/10 h\OML/cmm/m/it/10 Cutlery; in; Room; \OMS/cmsy/m/n/10 ^^@\OML/
cmm/m/it/10 in; Ware; used[]for; Ingestion\OMS/cmsy/m/n/10 i$\OT1/ptm/m/n/10 ,
 []


Underfull \hbox (badness 1728) in paragraph at lines 153--155
[]\OT1/ptm/m/n/10 We in-tro-duce an end-to-end trained attention-based
 []


LaTeX Warning: Citation `wn18rr' on page 2 undefined on input line 158.


LaTeX Warning: Citation `fb15k-237' on page 2 undefined on input line 158.


LaTeX Warning: Citation `nickel' on page 2 undefined on input line 165.


LaTeX Warning: Citation `quinlan1993foil' on page 2 undefined on input line 165
.


LaTeX Warning: Citation `getoor2007srl' on page 2 undefined on input line 165.


LaTeX Warning: Citation `deeppath' on page 2 undefined on input line 165.


LaTeX Warning: Citation `das2017go' on page 2 undefined on input line 165.


LaTeX Warning: Citation `pra' on page 2 undefined on input line 165.


LaTeX Warning: Citation `sfe' on page 2 undefined on input line 165.


LaTeX Warning: Citation `cvsm' on page 2 undefined on input line 165.


LaTeX Warning: Citation `chains' on page 2 undefined on input line 165.


LaTeX Warning: Citation `pra' on page 2 undefined on input line 167.


LaTeX Warning: Citation `sfe' on page 2 undefined on input line 167.


LaTeX Warning: Citation `cvsm' on page 2 undefined on input line 167.


LaTeX Warning: Citation `chains' on page 2 undefined on input line 167.

<architecture.png, id=15, 1863.8433pt x 420.46686pt>
File: architecture.png Graphic file (type png)
<use architecture.png>
Package pdftex.def Info: architecture.png  used on input line 175.
(pdftex.def)             Requested size: 505.89pt x 114.12424pt.

LaTeX Warning: Citation `vendrov2016oe' on page 2 undefined on input line 181.


LaTeX Warning: Citation `athiwaratkun2018hierarchical' on page 2 undefined on i
nput line 181.


LaTeX Warning: Citation `ntm' on page 2 undefined on input line 185.


LaTeX Warning: Citation `xu2015show' on page 2 undefined on input line 185.


LaTeX Warning: Citation `chan2015listen' on page 2 undefined on input line 185.


[2]
Underfull \hbox (badness 1275) in paragraph at lines 224--227
\OT1/ptm/m/n/10 re-la-tions $\OMS/cmsy/m/n/10 h\OML/cmm/m/it/10 r[]; :::; r[]\O
MS/cmsy/m/n/10 i$ \OT1/ptm/m/n/10 (e.g., $\OMS/cmsy/m/n/10 h\OML/cmm/m/it/10 in
; \OMS/cmsy/m/n/10 ^^@\OML/cmm/m/it/10 in; used[]for\OMS/cmsy/m/n/10 i$ \OT1/pt
m/m/n/10 in Fig-
 []


Underfull \hbox (badness 1735) in paragraph at lines 224--227
\OT1/ptm/m/n/10 ure 2[]). The \OT1/ptm/b/n/10 en-tity type en-coder \OT1/ptm/m/
n/10 both se-lects a type
 []


Underfull \hbox (badness 1688) in paragraph at lines 224--227
\OML/cmm/m/it/10 l[]$ \OT1/ptm/m/n/10 for each en-tity $\OML/cmm/m/it/10 e[]$ \
OT1/ptm/m/n/10 with a cer-tain level of ab-strac-
 []


LaTeX Warning: Citation `lstm' on page 3 undefined on input line 230.


LaTeX Warning: Citation `santus2014hypernym' on page 3 undefined on input line 
238.


LaTeX Warning: Citation `ntm' on page 3 undefined on input line 244.

[3 <./architecture.png>]

LaTeX Warning: Citation `cvsm' on page 4 undefined on input line 276.


LaTeX Warning: Citation `chains' on page 4 undefined on input line 276.


LaTeX Warning: Citation `adam' on page 4 undefined on input line 300.


Underfull \hbox (badness 1107) in paragraph at lines 299--301
\OT1/ptm/m/n/10 en-tity type em-bed-ding $\OML/cmm/b/it/10 v[]$ \OT1/ptm/m/n/10
 (dim=$\OT1/cmr/m/n/10 50$\OT1/ptm/m/n/10 ), train-able relation-
 []


LaTeX Warning: Citation `freebase' on page 4 undefined on input line 306.


LaTeX Warning: Citation `wordnet' on page 4 undefined on input line 306.


LaTeX Warning: Citation `sfe' on page 4 undefined on input line 308.


LaTeX Warning: Citation `pra' on page 4 undefined on input line 308.


LaTeX Warning: Citation `deeppath' on page 4 undefined on input line 308.


LaTeX Warning: Citation `sfe' on page 4 undefined on input line 308.


LaTeX Warning: Citation `baselines_strike_back' on page 4 undefined on input li
ne 308.

[4]
<path_also_see_test.png, id=34, 803.1606pt x 602.25pt>
File: path_also_see_test.png Graphic file (type png)
<use path_also_see_test.png>
Package pdftex.def Info: path_also_see_test.png  used on input line 378.
(pdftex.def)             Requested size: 121.41637pt x 91.0412pt.
<path_verb_group_test.png, id=35, 803.1606pt x 602.25pt>
File: path_verb_group_test.png Graphic file (type png)
<use path_verb_group_test.png>
Package pdftex.def Info: path_verb_group_test.png  used on input line 384.
(pdftex.def)             Requested size: 121.41637pt x 91.0412pt.
<path_fb1.png, id=36, 803.1606pt x 602.25pt>
File: path_fb1.png Graphic file (type png)
<use path_fb1.png>
Package pdftex.def Info: path_fb1.png  used on input line 390.
(pdftex.def)             Requested size: 121.41637pt x 91.0412pt.
<path_fb2.png, id=37, 803.1606pt x 602.25pt>
File: path_fb2.png Graphic file (type png)
<use path_fb2.png>
Package pdftex.def Info: path_fb2.png  used on input line 396.
(pdftex.def)             Requested size: 121.41637pt x 91.0412pt.


LaTeX Warning: Citation `pra' on page 5 undefined on input line 404.


LaTeX Warning: Citation `wordnet' on page 5 undefined on input line 406.


LaTeX Warning: Citation `fb_types' on page 5 undefined on input line 406.


LaTeX Warning: Citation `chains' on page 5 undefined on input line 406.


LaTeX Warning: Citation `sfe' on page 5 undefined on input line 409.


LaTeX Warning: Citation `chains' on page 5 undefined on input line 409.


LaTeX Warning: Citation `pra' on page 5 undefined on input line 409.


LaTeX Warning: Citation `sfe' on page 5 undefined on input line 409.


LaTeX Warning: Citation `cvsm' on page 5 undefined on input line 409.


LaTeX Warning: Citation `chains' on page 5 undefined on input line 409.

[5]

LaTeX Warning: `h' float specifier changed to `ht'.

<type_wn.png, id=43, 1606.0pt x 1549.79pt>
File: type_wn.png Graphic file (type png)
<use type_wn.png>
Package pdftex.def Info: type_wn.png  used on input line 540.
(pdftex.def)             Requested size: 116.35252pt x 112.28003pt.

Underfull \hbox (badness 2941) in paragraph at lines 541--541
[]\OT1/ptm/m/n/9 (a) |Av-er-age type weights of
 []

<type_fb.png, id=44, 1606.0pt x 1204.5pt>
File: type_fb.png Graphic file (type png)
<use type_fb.png>
Package pdftex.def Info: type_fb.png  used on input line 546.
(pdftex.def)             Requested size: 116.35252pt x 87.26428pt.

Underfull \hbox (badness 2689) in paragraph at lines 547--547
[]\OT1/ptm/m/n/9 (b) |Av-er-age type weights of
 []


Underfull \vbox (badness 3449) has occurred while \output is active []

 [6 <./path_also_see_test.png (PNG copy)> <./path_verb_group_test.png (PNG copy
)> <./path_fb1.png (PNG copy)> <./path_fb2.png (PNG copy)> <./type_wn.png (PNG 
copy)> <./type_fb.png (PNG copy)>]

LaTeX Warning: Citation `deeppath' on page 7 undefined on input line 575.


LaTeX Warning: Citation `tucker' on page 7 undefined on input line 575.


LaTeX Warning: Citation `complex' on page 7 undefined on input line 575.

No file AAAI-LiuW.2859_changed.bbl.
[7] [8

] (AAAI-LiuW.2859_changed.aux)
 ***********
LaTeX2e <2023-06-01> patch level 1
L3 programming layer <2023-08-29>
 ***********
 ) 
Here is how much of TeX's memory you used:
 5344 strings out of 475247
 90731 string characters out of 5757792
 1957801 words of memory out of 5000000
 26791 multiletter control sequences out of 15000+600000
 587155 words of font info for 90 fonts, out of 8000000 for 9000
 1141 hyphenation exceptions out of 8191
 67i,21n,77p,1775b,522s stack positions out of 10000i,1000n,20000p,200000b,200000s
<C:/Users/micha/AppData/Local/Programs/MiKTeX/fonts/type1/public/amsfonts/cm/
cmbx10.pfb><C:/Users/micha/AppData/Local/Programs/MiKTeX/fonts/type1/public/ams
fonts/cm/cmex10.pfb><C:/Users/micha/AppData/Local/Programs/MiKTeX/fonts/type1/p
ublic/amsfonts/cm/cmmi10.pfb><C:/Users/micha/AppData/Local/Programs/MiKTeX/font
s/type1/public/amsfonts/cm/cmmi5.pfb><C:/Users/micha/AppData/Local/Programs/MiK
TeX/fonts/type1/public/amsfonts/cm/cmmi7.pfb><C:/Users/micha/AppData/Local/Prog
rams/MiKTeX/fonts/type1/public/amsfonts/cm/cmmi9.pfb><C:/Users/micha/AppData/Lo
cal/Programs/MiKTeX/fonts/type1/public/amsfonts/cm/cmmib10.pfb><C:/Users/micha/
AppData/Local/Programs/MiKTeX/fonts/type1/public/amsfonts/cm/cmr10.pfb><C:/User
s/micha/AppData/Local/Programs/MiKTeX/fonts/type1/public/amsfonts/cm/cmr5.pfb><
C:/Users/micha/AppData/Local/Programs/MiKTeX/fonts/type1/public/amsfonts/cm/cmr
7.pfb><C:/Users/micha/AppData/Local/Programs/MiKTeX/fonts/type1/public/amsfonts
/cm/cmr9.pfb><C:/Users/micha/AppData/Local/Programs/MiKTeX/fonts/type1/public/a
msfonts/cm/cmsy10.pfb><C:/Users/micha/AppData/Local/Programs/MiKTeX/fonts/type1
/public/amsfonts/cm/cmsy5.pfb><C:/Users/micha/AppData/Local/Programs/MiKTeX/fon
ts/type1/public/amsfonts/cm/cmsy7.pfb><C:/Users/micha/AppData/Local/Programs/Mi
KTeX/fonts/type1/urw/times/utmb8a.pfb><C:/Users/micha/AppData/Local/Programs/Mi
KTeX/fonts/type1/urw/times/utmbi8a.pfb><C:/Users/micha/AppData/Local/Programs/M
iKTeX/fonts/type1/urw/times/utmr8a.pfb><C:/Users/micha/AppData/Local/Programs/M
iKTeX/fonts/type1/urw/times/utmri8a.pfb>
Output written on AAAI-LiuW.2859_changed.pdf (8 pages, 2005868 bytes).
PDF statistics:
 130 PDF objects out of 1000 (max. 8388607)
 0 named destinations out of 1000 (max. 500000)
 41 words of extra memory for PDF output out of 10000 (max. 10000000)

