This is pdfTeX, Version 3.141592653-2.6-1.40.25 (MiKTeX 23.9) (preloaded format=pdflatex 2023.9.22)  30 MAR 2024 17:23
entering extended mode
 restricted \write18 enabled.
 %&-line parsing enabled.
**./camera-aaai-2023_changed.tex
(camera-aaai-2023_changed.tex
LaTeX2e <2023-06-01> patch level 1
L3 programming layer <2023-08-29>
(C:\Users\micha\AppData\Local\Programs\MiKTeX\tex/latex/base\article.cls
Document Class: article 2023/05/17 v1.4n Standard LaTeX document class
(C:\Users\micha\AppData\Local\Programs\MiKTeX\tex/latex/base\size10.clo
File: size10.clo 2023/05/17 v1.4n Standard LaTeX file (size option)
)
\c@part=\count185
\c@section=\count186
\c@subsection=\count187
\c@subsubsection=\count188
\c@paragraph=\count189
\c@subparagraph=\count190
\c@figure=\count191
\c@table=\count192
\abovecaptionskip=\skip48
\belowcaptionskip=\skip49
\bibindent=\dimen140
)
(aaai23.sty
Package: aaai23 2023/06/27 AAAI 2023 Submission format

Conference Style for AAAI for LaTeX 2e -- version for submission
\titlebox=\skip50
) (C:\Users\micha\AppData\Local\Programs\MiKTeX\tex/latex/psnfss\times.sty
Package: times 2020/03/25 PSNFSS-v9.3 (SPQR) 
)
(C:\Users\micha\AppData\Local\Programs\MiKTeX\tex/latex/psnfss\helvet.sty
Package: helvet 2020/03/25 PSNFSS-v9.3 (WaS) 

(C:\Users\micha\AppData\Local\Programs\MiKTeX\tex/latex/graphics\keyval.sty
Package: keyval 2022/05/29 v1.15 key=value parser (DPC)
\KV@toks@=\toks17
))
(C:\Users\micha\AppData\Local\Programs\MiKTeX\tex/latex/psnfss\courier.sty
Package: courier 2020/03/25 PSNFSS-v9.3 (WaS) 
)
(C:\Users\micha\AppData\Local\Programs\MiKTeX\tex/latex/url\url.sty
\Urlmuskip=\muskip16
Package: url 2013/09/16  ver 3.4  Verb mode for urls, etc.
)
(C:\Users\micha\AppData\Local\Programs\MiKTeX\tex/latex/graphics\graphicx.sty
Package: graphicx 2021/09/16 v1.2d Enhanced LaTeX Graphics (DPC,SPQR)

(C:\Users\micha\AppData\Local\Programs\MiKTeX\tex/latex/graphics\graphics.sty
Package: graphics 2022/03/10 v1.4e Standard LaTeX Graphics (DPC,SPQR)

(C:\Users\micha\AppData\Local\Programs\MiKTeX\tex/latex/graphics\trig.sty
Package: trig 2021/08/11 v1.11 sin cos tan (DPC)
)
(C:\Users\micha\AppData\Local\Programs\MiKTeX\tex/latex/graphics-cfg\graphics.c
fg
File: graphics.cfg 2016/06/04 v1.11 sample graphics configuration
)
Package graphics Info: Driver file: pdftex.def on input line 107.

(C:\Users\micha\AppData\Local\Programs\MiKTeX\tex/latex/graphics-def\pdftex.def
File: pdftex.def 2022/09/22 v1.2b Graphics/color driver for pdftex
))
\Gin@req@height=\dimen141
\Gin@req@width=\dimen142
) (C:\Users\micha\AppData\Local\Programs\MiKTeX\tex/latex/natbib\natbib.sty
Package: natbib 2010/09/13 8.31b (PWD, AO)
\bibhang=\skip51
\bibsep=\skip52
LaTeX Info: Redefining \cite on input line 694.
\c@NAT@ctr=\count193
)
(C:\Users\micha\AppData\Local\Programs\MiKTeX\tex/latex/caption\caption.sty
Package: caption 2023/07/31 v3.6n Customizing captions (AR)

(C:\Users\micha\AppData\Local\Programs\MiKTeX\tex/latex/caption\caption3.sty
Package: caption3 2023/07/31 v2.4d caption3 kernel (AR)
\caption@tempdima=\dimen143
\captionmargin=\dimen144
\caption@leftmargin=\dimen145
\caption@rightmargin=\dimen146
\caption@width=\dimen147
\caption@indent=\dimen148
\caption@parindent=\dimen149
\caption@hangindent=\dimen150
Package caption Info: Standard document class detected.
)
\c@caption@flags=\count194
\c@continuedfloat=\count195
)
(C:\Users\micha\AppData\Local\Programs\MiKTeX\tex/latex/algorithms\algorithm.st
y
Package: algorithm 2009/08/24 v0.1 Document Style `algorithm' - floating enviro
nment
 (C:\Users\micha\AppData\Local\Programs\MiKTeX\tex/latex/float\float.sty
Package: float 2001/11/08 v1.3d Float enhancements (AL)
\c@float@type=\count196
\float@exts=\toks18
\float@box=\box51
\@float@everytoks=\toks19
\@floatcapt=\box52
)
(C:\Users\micha\AppData\Local\Programs\MiKTeX\tex/latex/base\ifthen.sty
Package: ifthen 2022/04/13 v1.1d Standard LaTeX ifthen package (DPC)
)
\@float@every@algorithm=\toks20
\c@algorithm=\count197
)
(C:\Users\micha\AppData\Local\Programs\MiKTeX\tex/latex/algorithms\algorithmic.
sty
Package: algorithmic 2009/08/24 v0.1 Document Style `algorithmic'
\c@ALC@unique=\count198
\c@ALC@line=\count199
\c@ALC@rem=\count266
\c@ALC@depth=\count267
\ALC@tlm=\skip53
\algorithmicindent=\skip54
) (C:\Users\micha\AppData\Local\Programs\MiKTeX\tex/latex/xcolor\xcolor.sty
Package: xcolor 2022/06/12 v2.14 LaTeX color extensions (UK)

(C:\Users\micha\AppData\Local\Programs\MiKTeX\tex/latex/graphics-cfg\color.cfg
File: color.cfg 2016/01/02 v1.6 sample color configuration
)
Package xcolor Info: Driver file: pdftex.def on input line 227.
(C:\Users\micha\AppData\Local\Programs\MiKTeX\tex/latex/graphics\mathcolor.ltx)
Package xcolor Info: Model `cmy' substituted by `cmy0' on input line 1353.
Package xcolor Info: Model `hsb' substituted by `rgb' on input line 1357.
Package xcolor Info: Model `RGB' extended on input line 1369.
Package xcolor Info: Model `HTML' substituted by `rgb' on input line 1371.
Package xcolor Info: Model `Hsb' substituted by `hsb' on input line 1372.
Package xcolor Info: Model `tHsb' substituted by `hsb' on input line 1373.
Package xcolor Info: Model `HSB' substituted by `hsb' on input line 1374.
Package xcolor Info: Model `Gray' substituted by `gray' on input line 1375.
Package xcolor Info: Model `wave' substituted by `hsb' on input line 1376.
) (C:\Users\micha\AppData\Local\Programs\MiKTeX\tex/latex/amsmath\amsmath.sty
Package: amsmath 2023/05/13 v2.17o AMS math features
\@mathmargin=\skip55

For additional information on amsmath, use the `?' option.
(C:\Users\micha\AppData\Local\Programs\MiKTeX\tex/latex/amsmath\amstext.sty
Package: amstext 2021/08/26 v2.01 AMS text

(C:\Users\micha\AppData\Local\Programs\MiKTeX\tex/latex/amsmath\amsgen.sty
File: amsgen.sty 1999/11/30 v2.0 generic functions
\@emptytoks=\toks21
\ex@=\dimen151
))
(C:\Users\micha\AppData\Local\Programs\MiKTeX\tex/latex/amsmath\amsbsy.sty
Package: amsbsy 1999/11/29 v1.2d Bold Symbols
\pmbraise@=\dimen152
)
(C:\Users\micha\AppData\Local\Programs\MiKTeX\tex/latex/amsmath\amsopn.sty
Package: amsopn 2022/04/08 v2.04 operator names
)
\inf@bad=\count268
LaTeX Info: Redefining \frac on input line 234.
\uproot@=\count269
\leftroot@=\count270
LaTeX Info: Redefining \overline on input line 399.
LaTeX Info: Redefining \colon on input line 410.
\classnum@=\count271
\DOTSCASE@=\count272
LaTeX Info: Redefining \ldots on input line 496.
LaTeX Info: Redefining \dots on input line 499.
LaTeX Info: Redefining \cdots on input line 620.
\Mathstrutbox@=\box53
\strutbox@=\box54
LaTeX Info: Redefining \big on input line 722.
LaTeX Info: Redefining \Big on input line 723.
LaTeX Info: Redefining \bigg on input line 724.
LaTeX Info: Redefining \Bigg on input line 725.
\big@size=\dimen153
LaTeX Font Info:    Redeclaring font encoding OML on input line 743.
LaTeX Font Info:    Redeclaring font encoding OMS on input line 744.
\macc@depth=\count273
LaTeX Info: Redefining \bmod on input line 905.
LaTeX Info: Redefining \pmod on input line 910.
LaTeX Info: Redefining \smash on input line 940.
LaTeX Info: Redefining \relbar on input line 970.
LaTeX Info: Redefining \Relbar on input line 971.
\c@MaxMatrixCols=\count274
\dotsspace@=\muskip17
\c@parentequation=\count275
\dspbrk@lvl=\count276
\tag@help=\toks22
\row@=\count277
\column@=\count278
\maxfields@=\count279
\andhelp@=\toks23
\eqnshift@=\dimen154
\alignsep@=\dimen155
\tagshift@=\dimen156
\tagwidth@=\dimen157
\totwidth@=\dimen158
\lineht@=\dimen159
\@envbody=\toks24
\multlinegap=\skip56
\multlinetaggap=\skip57
\mathdisplay@stack=\toks25
LaTeX Info: Redefining \[ on input line 2953.
LaTeX Info: Redefining \] on input line 2954.
)
(C:\Users\micha\AppData\Local\Programs\MiKTeX\tex/latex/psnfss\pifont.sty
Package: pifont 2020/03/25 PSNFSS-v9.3 Pi font support (SPQR) 
LaTeX Font Info:    Trying to load font information for U+pzd on input line 63.


(C:\Users\micha\AppData\Local\Programs\MiKTeX\tex/latex/psnfss\upzd.fd
File: upzd.fd 2001/06/04 font definitions for U/pzd.
)
LaTeX Font Info:    Trying to load font information for U+psy on input line 64.


(C:\Users\micha\AppData\Local\Programs\MiKTeX\tex/latex/psnfss\upsy.fd
File: upsy.fd 2001/06/04 font definitions for U/psy.
))
(C:\Users\micha\AppData\Local\Programs\MiKTeX\tex/latex/overpic\overpic.sty
Package: overpic 2024/01/06 2.1 picture overlays (RN)

(C:\Users\micha\AppData\Local\Programs\MiKTeX\tex/latex/eepic\epic.sty
Enhancements to Picture Environment. Version 1.2 - Released June 1, 1986
\@@multicnt=\count280
\d@lta=\count281
\@delta=\dimen160
\@@delta=\dimen161
\@gridcnt=\count282
\@joinkind=\count283
\@dotgap=\dimen162
\@ddotgap=\dimen163
\@x@diff=\count284
\@y@diff=\count285
\x@diff=\dimen164
\y@diff=\dimen165
\@dotbox=\box55
\num@segments=\count286
\num@segmentsi=\count287
\@datafile=\read2
)
\OVP@box=\box56
) (C:\Users\micha\AppData\Local\Programs\MiKTeX\tex/latex/amsfonts\amssymb.sty
Package: amssymb 2013/01/14 v3.01 AMS font symbols
(C:\Users\micha\AppData\Local\Programs\MiKTeX\tex/latex/amsfonts\amsfonts.sty
Package: amsfonts 2013/01/14 v3.01 Basic AMSFonts support
\symAMSa=\mathgroup4
\symAMSb=\mathgroup5
LaTeX Font Info:    Redeclaring math symbol \hbar on input line 98.
LaTeX Font Info:    Overwriting math alphabet `\mathfrak' in version `bold'
(Font)                  U/euf/m/n --> U/euf/b/n on input line 106.
)) (C:\Users\micha\AppData\Local\Programs\MiKTeX\tex/latex/booktabs\booktabs.st
y
Package: booktabs 2020/01/12 v1.61803398 Publication quality tables
\heavyrulewidth=\dimen166
\lightrulewidth=\dimen167
\cmidrulewidth=\dimen168
\belowrulesep=\dimen169
\belowbottomsep=\dimen170
\aboverulesep=\dimen171
\abovetopsep=\dimen172
\cmidrulesep=\dimen173
\cmidrulekern=\dimen174
\defaultaddspace=\dimen175
\@cmidla=\count288
\@cmidlb=\count289
\@aboverulesep=\dimen176
\@belowrulesep=\dimen177
\@thisruleclass=\count290
\@lastruleclass=\count291
\@thisrulewidth=\dimen178
) (C:\Users\micha\AppData\Local\Programs\MiKTeX\tex/latex/multirow\multirow.sty
Package: multirow 2021/03/15 v2.8 Span multiple rows of a table
\multirow@colwidth=\skip58
\multirow@cntb=\count292
\multirow@dima=\skip59
\bigstrutjot=\dimen179
) (C:\Users\micha\AppData\Local\Programs\MiKTeX\tex/latex/makecell\makecell.sty
Package: makecell 2009/08/03 V0.1e Managing of Tab Column Heads and Cells

(C:\Users\micha\AppData\Local\Programs\MiKTeX\tex/latex/tools\array.sty
Package: array 2022/09/04 v2.5g Tabular extension package (FMi)
\col@sep=\dimen180
\ar@mcellbox=\box57
\extrarowheight=\dimen181
\NC@list=\toks26
\extratabsurround=\skip60
\backup@length=\skip61
\ar@cellbox=\box58
)
\rotheadsize=\dimen182
\c@nlinenum=\count293
\TeXr@lab=\toks27
)
(C:\Users\micha\AppData\Local\Programs\MiKTeX\tex/latex/preprint\balance.sty
Package: balance 1999/02/23 4.3 (PWD)
\oldvsize=\dimen183
)
(C:\Users\micha\AppData\Local\Programs\MiKTeX\tex/latex/colortbl\colortbl.sty
Package: colortbl 2022/06/20 v1.0f Color table columns (DPC)
\everycr=\toks28
\minrowclearance=\skip62
\rownum=\count294
)
(C:\Users\micha\AppData\Local\Programs\MiKTeX\tex/latex/tools\bm.sty
Package: bm 2022/01/05 v1.2f Bold Symbol Support (DPC/FMi)
\symboldoperators=\mathgroup6
\symboldletters=\mathgroup7
\symboldsymbols=\mathgroup8
Package bm Info: No bold for \OMX/cmex/m/n, using \pmb.
Package bm Info: No bold for \U/msa/m/n, using \pmb.
Package bm Info: No bold for \U/msb/m/n, using \pmb.
LaTeX Font Info:    Redeclaring math alphabet \mathbf on input line 149.
)
(C:\Users\micha\AppData\Local\Programs\MiKTeX\tex/latex/newfloat\newfloat.sty
Package: newfloat 2023/10/01 v1.2 Defining new floating environments (AR)
)
(C:\Users\micha\AppData\Local\Programs\MiKTeX\tex/latex/listings\listings.sty
\lst@mode=\count295
\lst@gtempboxa=\box59
\lst@token=\toks29
\lst@length=\count296
\lst@currlwidth=\dimen184
\lst@column=\count297
\lst@pos=\count298
\lst@lostspace=\dimen185
\lst@width=\dimen186
\lst@newlines=\count299
\lst@lineno=\count300
\lst@maxwidth=\dimen187

(C:\Users\micha\AppData\Local\Programs\MiKTeX\tex/latex/listings\lstmisc.sty
File: lstmisc.sty 2023/02/27 1.9 (Carsten Heinz)
\c@lstnumber=\count301
\lst@skipnumbers=\count302
\lst@framebox=\box60
)
(C:\Users\micha\AppData\Local\Programs\MiKTeX\tex/latex/listings\listings.cfg
File: listings.cfg 2023/02/27 1.9 listings configuration
))
Package: listings 2023/02/27 1.9 (Carsten Heinz)
\@float@every@listing=\toks30
\c@listing=\count303
(C:\Users\micha\AppData\Local\Programs\MiKTeX\tex/latex/natbib\bibentry.sty
Package: bibentry 2007/10/30 1.5 (PWD)
)
LaTeX Font Info:    Trying to load font information for OT1+ptm on input line 1
93.

(C:\Users\micha\AppData\Local\Programs\MiKTeX\tex/latex/psnfss\ot1ptm.fd
File: ot1ptm.fd 2001/06/04 font definitions for OT1/ptm.
)
(C:\Users\micha\AppData\Local\Programs\MiKTeX\tex/latex/l3backend\l3backend-pdf
tex.def
File: l3backend-pdftex.def 2023-04-19 L3 backend support: PDF output (pdfTeX)
\l__color_backend_stack_int=\count304
\l__pdf_internal_box=\box61
) (camera-aaai-2023_changed.aux)
\openout1 = `camera-aaai-2023_changed.aux'.

LaTeX Font Info:    Checking defaults for OML/cmm/m/it on input line 193.
LaTeX Font Info:    ... okay on input line 193.
LaTeX Font Info:    Checking defaults for OMS/cmsy/m/n on input line 193.
LaTeX Font Info:    ... okay on input line 193.
LaTeX Font Info:    Checking defaults for OT1/cmr/m/n on input line 193.
LaTeX Font Info:    ... okay on input line 193.
LaTeX Font Info:    Checking defaults for T1/cmr/m/n on input line 193.
LaTeX Font Info:    ... okay on input line 193.
LaTeX Font Info:    Checking defaults for TS1/cmr/m/n on input line 193.
LaTeX Font Info:    ... okay on input line 193.
LaTeX Font Info:    Checking defaults for OMX/cmex/m/n on input line 193.
LaTeX Font Info:    ... okay on input line 193.
LaTeX Font Info:    Checking defaults for U/cmr/m/n on input line 193.
LaTeX Font Info:    ... okay on input line 193.

(C:\Users\micha\AppData\Local\Programs\MiKTeX\tex/context/base/mkii\supp-pdf.mk
ii
[Loading MPS to PDF converter (version 2006.09.02).]
\scratchcounter=\count305
\scratchdimen=\dimen188
\scratchbox=\box62
\nofMPsegments=\count306
\nofMParguments=\count307
\everyMPshowfont=\toks31
\MPscratchCnt=\count308
\MPscratchDim=\dimen189
\MPnumerator=\count309
\makeMPintoPDFobject=\count310
\everyMPtoPDFconversion=\toks32
)
(C:\Users\micha\AppData\Local\Programs\MiKTeX\tex/latex/epstopdf-pkg\epstopdf-b
ase.sty
Package: epstopdf-base 2020-01-24 v2.11 Base part for package epstopdf
Package epstopdf-base Info: Redefining graphics rule for `.eps' on input line 4
85.

(C:\Users\micha\AppData\Local\Programs\MiKTeX\tex/latex/00miktex\epstopdf-sys.c
fg
File: epstopdf-sys.cfg 2021/03/18 v2.0 Configuration of epstopdf for MiKTeX
))
Package caption Info: Begin \AtBeginDocument code.
Package caption Info: float package is loaded.
Package caption Info: listings package is loaded.
Package caption Info: End \AtBeginDocument code.
Package newfloat Info: `float' package detected.
\c@lstlisting=\count311
\c@eqfn=\count312
\titlearea=\box63
LaTeX Font Info:    Trying to load font information for OMS+ptm on input line 1
95.
 (C:\Users\micha\AppData\Local\Programs\MiKTeX\tex/latex/psnfss\omsptm.fd
File: omsptm.fd 
)
LaTeX Font Info:    Font shape `OMS/ptm/m/n' in size <10> not available
(Font)              Font shape `OMS/cmsy/m/n' tried instead on input line 195.
\actualheight=\skip63
LaTeX Font Info:    Trying to load font information for U+msa on input line 195
.

(C:\Users\micha\AppData\Local\Programs\MiKTeX\tex/latex/amsfonts\umsa.fd
File: umsa.fd 2013/01/14 v3.01 AMS symbols A
)
LaTeX Font Info:    Trying to load font information for U+msb on input line 195
.

(C:\Users\micha\AppData\Local\Programs\MiKTeX\tex/latex/amsfonts\umsb.fd
File: umsb.fd 2013/01/14 v3.01 AMS symbols B
)
LaTeX Font Info:    Trying to load font information for TS1+ptm on input line 1
95.

(C:\Users\micha\AppData\Local\Programs\MiKTeX\tex/latex/psnfss\ts1ptm.fd
File: ts1ptm.fd 2001/06/04 font definitions for TS1/ptm.
)
(introduction.tex

Package natbib Warning: Citation `krizhevsky2017imagenet' on page 1 undefined o
n input line 3.


Package natbib Warning: Citation `wang2021survey' on page 1 undefined on input 
line 3.


Package natbib Warning: Citation `lin2016fixed' on page 1 undefined on input li
ne 3.


Package natbib Warning: Citation `jacob2018quantization' on page 1 undefined on
 input line 3.


Package natbib Warning: Citation `han2015deep' on page 1 undefined on input lin
e 3.


Package natbib Warning: Citation `qian2021diversifying' on page 1 undefined on 
input line 3.


Underfull \hbox (badness 1005) in paragraph at lines 3--4
\OT1/ptm/m/n/10 com-put-ing and stor-age re-sources. Net-work quan-ti-za-tion
 []

<previous_drawback.pdf, id=1, 2830.575pt x 1139.25626pt>
File: previous_drawback.pdf Graphic file (type pdf)
<use previous_drawback.pdf>
Package pdftex.def Info: previous_drawback.pdf  used on input line 14.
(pdftex.def)             Requested size: 239.39438pt x 96.34006pt.

Package natbib Warning: Citation `xu2020generative' on page 1 undefined on inpu
t line 16.


Package natbib Warning: Citation `choi2021qimera' on page 1 undefined on input 
line 16.


Package natbib Warning: Citation `xu2020generative' on page 1 undefined on inpu
t line 16.


Package natbib Warning: Citation `choi2021qimera' on page 1 undefined on input 
line 16.


Package natbib Warning: Citation `hinton2015distilling' on page 1 undefined on 
input line 25.


Package natbib Warning: Citation `qian2022switchable' on page 1 undefined on in
put line 25.


Package natbib Warning: Citation `cai2020zeroq' on page 1 undefined on input li
ne 27.


Package natbib Warning: Citation `zhang2021diversifying' on page 1 undefined on
 input line 27.


Package natbib Warning: Citation `xu2020generative' on page 1 undefined on inpu
t line 27.


Package natbib Warning: Citation `choi2021qimera' on page 1 undefined on input 
line 27.


Package natbib Warning: Citation `zhu2021autorecon' on page 1 undefined on inpu
t line 27.


Package natbib Warning: Citation `choi2021qimera' on page 1 undefined on input 
line 27.

[1{C:/Users/micha/AppData/Local/MiKTeX/fonts/map/pdftex/pdftex.map}{C:/Users/mi
cha/AppData/Local/Programs/MiKTeX/fonts/enc/dvips/base/8r.enc}



 <./previous_drawback.pdf>]
<knowledge_medium.png, id=3783, 1168.365pt x 558.888pt>
File: knowledge_medium.png Graphic file (type png)
<use knowledge_medium.png>
Package pdftex.def Info: knowledge_medium.png  used on input line 49.
(pdftex.def)             Requested size: 239.39438pt x 114.51308pt.


Package natbib Warning: Citation `li2022policy' on page 2 undefined on input li
ne 65.


Package natbib Warning: Citation `zhang2022no' on page 2 undefined on input lin
e 65.


Package natbib Warning: Citation `liu2021zero' on page 2 undefined on input lin
e 79.

) (technique.tex

Package natbib Warning: Citation `xu2020generative' on page 2 undefined on inpu
t line 8.


Package natbib Warning: Citation `choi2021qimera' on page 2 undefined on input 
line 8.


Package natbib Warning: Citation `zhu2021autorecon' on page 2 undefined on inpu
t line 8.

<real_data_dist.pdf, id=3785, 1103.12125pt x 479.7925pt>
File: real_data_dist.pdf Graphic file (type pdf)
<use real_data_dist.pdf>
Package pdftex.def Info: real_data_dist.pdf  used on input line 20.
(pdftex.def)             Requested size: 215.45348pt x 93.70923pt.
[2 <./knowledge_medium.png>]

Package natbib Warning: Citation `shoham2008multiagent' on page 3 undefined on 
input line 78.


Package natbib Warning: Citation `v1928theorie' on page 3 undefined on input li
ne 78.


Package natbib Warning: Citation `li2022policy' on page 3 undefined on input li
ne 88.


Package natbib Warning: Citation `zhang2022no' on page 3 undefined on input lin
e 88.


Package natbib Warning: Citation `cardoso2019competing' on page 3 undefined on 
input line 96.

[3 <./real_data_dist.pdf>]
<expand_shrink.pdf, id=6908, 1477.52pt x 1173.38374pt>
File: expand_shrink.pdf Graphic file (type pdf)
<use expand_shrink.pdf>
Package pdftex.def Info: expand_shrink.pdf  used on input line 110.
(pdftex.def)             Requested size: 239.39438pt x 190.10861pt.
<s_ada.pdf, id=6909, 3139.73pt x 1328.965pt>
File: s_ada.pdf Graphic file (type pdf)
<use s_ada.pdf>
Package pdftex.def Info: s_ada.pdf  used on input line 150.
(pdftex.def)             Requested size: 455.2979pt x 192.70512pt.


Package natbib Warning: Citation `lim2017geometric' on page 4 undefined on inpu
t line 213.

[4 <./expand_shrink.pdf>]

Package natbib Warning: Citation `xu2020generative' on page 5 undefined on inpu
t line 230.


Package natbib Warning: Citation `choi2021qimera' on page 5 undefined on input 
line 230.


Underfull \hbox (badness 1472) in paragraph at lines 274--275
\OT1/ptm/m/n/10 One may won-der whether the above maximization-vs-
 []


Underfull \hbox (badness 1337) in paragraph at lines 276--277
\OT1/ptm/b/n/10 Definition 3 \OT1/ptm/m/n/10 (Bal-ance Gap). \OT1/ptm/m/it/10 C
on-sid-er-ing the ob-jec-tive
 []

[5 <./s_ada.pdf>]

LaTeX Font Warning: Command \small invalid in math mode on input line 326.


Underfull \hbox (badness 2671) in paragraph at lines 334--337
\OT1/ptm/m/it/10 then Eq.(17[]) holds if and only if $\OMS/cmsy/m/n/10 r[]R\OT1
/cmr/m/n/10 (\OML/cmm/m/it/10 ^^R[]; ^^R[]\OT1/cmr/m/n/10 )$ \OT1/ptm/m/it/10 a
nd
 []


LaTeX Font Warning: Command \small invalid in math mode on input line 338.


LaTeX Font Warning: Command \small invalid in math mode on input line 348.


LaTeX Font Warning: Command \small invalid in math mode on input line 398.

) (experiment.tex

Package natbib Warning: Citation `krizhevsky2009learning' on page 6 undefined o
n input line 4.


Package natbib Warning: Citation `russakovsky2015imagenet' on page 6 undefined 
on input line 4.


Package natbib Warning: Citation `xu2020generative' on page 6 undefined on inpu
t line 8.


Package natbib Warning: Citation `choi2021qimera' on page 6 undefined on input 
line 8.


Package natbib Warning: Citation `jacob2018quantization' on page 6 undefined on
 input line 8.

[6]

Package natbib Warning: Citation `odena2017conditional' on page 7 undefined on 
input line 17.


Package natbib Warning: Citation `kingma2014adam' on page 7 undefined on input 
line 17.


Package natbib Warning: Citation `nesterov1983method' on page 7 undefined on in
put line 18.


Package natbib Warning: Citation `paszke2019pytorch' on page 7 undefined on inp
ut line 21.


Package natbib Warning: Citation `xu2020generative' on page 7 undefined on inpu
t line 21.


Package natbib Warning: Citation `xu2020generative' on page 7 undefined on inpu
t line 94.


Package natbib Warning: Citation `choi2021qimera' on page 7 undefined on input 
line 94.

<ada_experiment.png, id=14434, 2847.13687pt x 2411.25844pt>
File: ada_experiment.png Graphic file (type png)
<use ada_experiment.png>
Package pdftex.def Info: ada_experiment.png  used on input line 103.
(pdftex.def)             Requested size: 239.39438pt x 202.72829pt.

Package natbib Warning: Citation `xu2020generative' on page 7 undefined on inpu
t line 154.


Package natbib Warning: Citation `zhu2021autorecon' on page 7 undefined on inpu
t line 154.


Package natbib Warning: Citation `choi2021qimera' on page 7 undefined on input 
line 154.


Package natbib Warning: Citation `liu2021zero' on page 7 undefined on input lin
e 154.


Package natbib Warning: Citation `zhong2022intraq' on page 7 undefined on input
 line 154.


Package natbib Warning: Citation `choi2022s' on page 7 undefined on input line 
154.


Underfull \hbox (badness 2486) in paragraph at lines 156--158
[]\OT1/ptm/m/n/10 Table 1[] sum-ma-rizes our fol-low-ing ob-ser-va-tions: 1)
 []

[7 <./ada_experiment.png>]
<simi-visual.pdf, id=14439, 5156.26375pt x 1335.99126pt>
File: simi-visual.pdf Graphic file (type pdf)
<use simi-visual.pdf>
Package pdftex.def Info: simi-visual.pdf  used on input line 238.
(pdftex.def)             Requested size: 239.39438pt x 62.01286pt.
)
Underfull \vbox (badness 7397) has occurred while \output is active []


Underfull \hbox (badness 1603) in paragraph at lines 220--221
\OT1/ptm/m/n/10 This work are sup-ported by Na-tional Nat-u-ral Sci-ence
 []


Underfull \hbox (badness 1655) in paragraph at lines 220--221
\OT1/ptm/m/n/10 Foun-da-tion of China un-der the grant no U21A20470,
 []


Underfull \hbox (badness 6284) in paragraph at lines 220--221
\OT1/ptm/m/n/10 62172136, 72188101, U1936217. Key Re-search and
 []


Underfull \hbox (badness 3872) in paragraph at lines 220--221
\OT1/ptm/m/n/10 Tech-nol-ogy De-vel-op-ment Projects of An-hui Province
 []

[8 <./simi-visual.pdf>] [9

]
No file camera-aaai-2023_changed.bbl.

Package natbib Warning: There were undefined citations.

(camera-aaai-2023_changed.aux)
 ***********
LaTeX2e <2023-06-01> patch level 1
L3 programming layer <2023-08-29>
 ***********
 ) 
Here is how much of TeX's memory you used:
 7824 strings out of 475247
 123534 string characters out of 5757792
 1965801 words of memory out of 5000000
 29181 multiletter control sequences out of 15000+600000
 601883 words of font info for 131 fonts, out of 8000000 for 9000
 1141 hyphenation exceptions out of 8191
 57i,18n,65p,1667b,369s stack positions out of 10000i,1000n,20000p,200000b,200000s
<C:/Users/micha/AppData/Local/Programs/MiKTeX/fonts/type1/public/amsfonts/cm/
cmbx10.pfb><C:/Users/micha/AppData/Local/Programs/MiKTeX/fonts/type1/public/ams
fonts/cm/cmex10.pfb><C:/Users/micha/AppData/Local/Programs/MiKTeX/fonts/type1/p
ublic/amsfonts/cmextra/cmex7.pfb><C:/Users/micha/AppData/Local/Programs/MiKTeX/
fonts/type1/public/amsfonts/cmextra/cmex9.pfb><C:/Users/micha/AppData/Local/Pro
grams/MiKTeX/fonts/type1/public/amsfonts/cm/cmmi10.pfb><C:/Users/micha/AppData/
Local/Programs/MiKTeX/fonts/type1/public/amsfonts/cm/cmmi5.pfb><C:/Users/micha/
AppData/Local/Programs/MiKTeX/fonts/type1/public/amsfonts/cm/cmmi6.pfb><C:/User
s/micha/AppData/Local/Programs/MiKTeX/fonts/type1/public/amsfonts/cm/cmmi7.pfb>
<C:/Users/micha/AppData/Local/Programs/MiKTeX/fonts/type1/public/amsfonts/cm/cm
mi9.pfb><C:/Users/micha/AppData/Local/Programs/MiKTeX/fonts/type1/public/amsfon
ts/cm/cmmib10.pfb><C:/Users/micha/AppData/Local/Programs/MiKTeX/fonts/type1/pub
lic/amsfonts/cmextra/cmmib7.pfb><C:/Users/micha/AppData/Local/Programs/MiKTeX/f
onts/type1/public/amsfonts/cm/cmr10.pfb><C:/Users/micha/AppData/Local/Programs/
MiKTeX/fonts/type1/public/amsfonts/cm/cmr5.pfb><C:/Users/micha/AppData/Local/Pr
ograms/MiKTeX/fonts/type1/public/amsfonts/cm/cmr6.pfb><C:/Users/micha/AppData/L
ocal/Programs/MiKTeX/fonts/type1/public/amsfonts/cm/cmr7.pfb><C:/Users/micha/Ap
pData/Local/Programs/MiKTeX/fonts/type1/public/amsfonts/cm/cmr9.pfb><C:/Users/m
icha/AppData/Local/Programs/MiKTeX/fonts/type1/public/amsfonts/cm/cmsy10.pfb><C
:/Users/micha/AppData/Local/Programs/MiKTeX/fonts/type1/public/amsfonts/cm/cmsy
5.pfb><C:/Users/micha/AppData/Local/Programs/MiKTeX/fonts/type1/public/amsfonts
/cm/cmsy6.pfb><C:/Users/micha/AppData/Local/Programs/MiKTeX/fonts/type1/public/
amsfonts/cm/cmsy7.pfb><C:/Users/micha/AppData/Local/Programs/MiKTeX/fonts/type1
/public/amsfonts/cm/cmsy9.pfb><C:/Users/micha/AppData/Local/Programs/MiKTeX/fon
ts/type1/public/amsfonts/symbols/msam10.pfb><C:/Users/micha/AppData/Local/Progr
ams/MiKTeX/fonts/type1/public/amsfonts/symbols/msbm10.pfb><C:/Users/micha/AppDa
ta/Local/Programs/MiKTeX/fonts/type1/urw/times/utmb8a.pfb><C:/Users/micha/AppDa
ta/Local/Programs/MiKTeX/fonts/type1/urw/times/utmbi8a.pfb><C:/Users/micha/AppD
ata/Local/Programs/MiKTeX/fonts/type1/urw/times/utmr8a.pfb><C:/Users/micha/AppD
ata/Local/Programs/MiKTeX/fonts/type1/urw/times/utmri8a.pfb><C:/Users/micha/App
Data/Local/Programs/MiKTeX/fonts/type1/urw/zapfding/uzdr.pfb>
Output written on camera-aaai-2023_changed.pdf (9 pages, 19571897 bytes).
PDF statistics:
 14839 PDF objects out of 15390 (max. 8388607)
 0 named destinations out of 1000 (max. 500000)
 36 words of extra memory for PDF output out of 10000 (max. 10000000)

