This is pdfTeX, Version 3.141592653-2.6-1.40.25 (MiKTeX 23.5) (preloaded format=pdflatex 2024.1.12)  2 APR 2024 12:41
entering extended mode
 restricted \write18 enabled.
 %&-line parsing enabled.
**./after_operator3.tex
(after_operator3.tex
LaTeX2e <2023-06-01> patch level 1
L3 programming layer <2023-08-29>
(C:\Users\orfuc\AppData\Local\Programs\MiKTeX\tex/latex/base\article.cls
Document Class: article 2023/05/17 v1.4n Standard LaTeX document class
(C:\Users\orfuc\AppData\Local\Programs\MiKTeX\tex/latex/base\size10.clo
File: size10.clo 2023/05/17 v1.4n Standard LaTeX file (size option)
)
\c@part=\count185
\c@section=\count186
\c@subsection=\count187
\c@subsubsection=\count188
\c@paragraph=\count189
\c@subparagraph=\count190
\c@figure=\count191
\c@table=\count192
\abovecaptionskip=\skip48
\belowcaptionskip=\skip49
\bibindent=\dimen140
)
(aaai21.sty
Conference Style for AAAI for LaTeX 2e -- version for the AAAI-21 conference - 
MODIFIED
\titlebox=\skip50
) (C:\Users\orfuc\AppData\Local\Programs\MiKTeX\tex/latex/psnfss\times.sty
Package: times 2020/03/25 PSNFSS-v9.3 (SPQR) 
)
(C:\Users\orfuc\AppData\Local\Programs\MiKTeX\tex/latex/psnfss\helvet.sty
Package: helvet 2020/03/25 PSNFSS-v9.3 (WaS) 

(C:\Users\orfuc\AppData\Local\Programs\MiKTeX\tex/latex/graphics\keyval.sty
Package: keyval 2022/05/29 v1.15 key=value parser (DPC)
\KV@toks@=\toks17
))
(C:\Users\orfuc\AppData\Local\Programs\MiKTeX\tex/latex/psnfss\courier.sty
Package: courier 2020/03/25 PSNFSS-v9.3 (WaS) 
)
(C:\Users\orfuc\AppData\Local\Programs\MiKTeX\tex/latex/url\url.sty
\Urlmuskip=\muskip16
Package: url 2013/09/16  ver 3.4  Verb mode for urls, etc.
)
(C:\Users\orfuc\AppData\Local\Programs\MiKTeX\tex/latex/graphics\graphicx.sty
Package: graphicx 2021/09/16 v1.2d Enhanced LaTeX Graphics (DPC,SPQR)

(C:\Users\orfuc\AppData\Local\Programs\MiKTeX\tex/latex/graphics\graphics.sty
Package: graphics 2022/03/10 v1.4e Standard LaTeX Graphics (DPC,SPQR)

(C:\Users\orfuc\AppData\Local\Programs\MiKTeX\tex/latex/graphics\trig.sty
Package: trig 2021/08/11 v1.11 sin cos tan (DPC)
)
(C:\Users\orfuc\AppData\Local\Programs\MiKTeX\tex/latex/graphics-cfg\graphics.c
fg
File: graphics.cfg 2016/06/04 v1.11 sample graphics configuration
)
Package graphics Info: Driver file: pdftex.def on input line 107.

(C:\Users\orfuc\AppData\Local\Programs\MiKTeX\tex/latex/graphics-def\pdftex.def
File: pdftex.def 2022/09/22 v1.2b Graphics/color driver for pdftex
))
\Gin@req@height=\dimen141
\Gin@req@width=\dimen142
) (C:\Users\orfuc\AppData\Local\Programs\MiKTeX\tex/latex/natbib\natbib.sty
Package: natbib 2010/09/13 8.31b (PWD, AO)
\bibhang=\skip51
\bibsep=\skip52
LaTeX Info: Redefining \cite on input line 694.
\c@NAT@ctr=\count193
)
(C:\Users\orfuc\AppData\Local\Programs\MiKTeX\tex/latex/caption\caption.sty
Package: caption 2023/07/31 v3.6n Customizing captions (AR)

(C:\Users\orfuc\AppData\Local\Programs\MiKTeX\tex/latex/caption\caption3.sty
Package: caption3 2023/07/31 v2.4d caption3 kernel (AR)
\caption@tempdima=\dimen143
\captionmargin=\dimen144
\caption@leftmargin=\dimen145
\caption@rightmargin=\dimen146
\caption@width=\dimen147
\caption@indent=\dimen148
\caption@parindent=\dimen149
\caption@hangindent=\dimen150
Package caption Info: Standard document class detected.
)
\c@caption@flags=\count194
\c@continuedfloat=\count195
)
(C:\Users\orfuc\AppData\Local\Programs\MiKTeX\tex/latex/amsmath\amsmath.sty
Package: amsmath 2023/05/13 v2.17o AMS math features
\@mathmargin=\skip53

For additional information on amsmath, use the `?' option.
(C:\Users\orfuc\AppData\Local\Programs\MiKTeX\tex/latex/amsmath\amstext.sty
Package: amstext 2021/08/26 v2.01 AMS text

(C:\Users\orfuc\AppData\Local\Programs\MiKTeX\tex/latex/amsmath\amsgen.sty
File: amsgen.sty 1999/11/30 v2.0 generic functions
\@emptytoks=\toks18
\ex@=\dimen151
))
(C:\Users\orfuc\AppData\Local\Programs\MiKTeX\tex/latex/amsmath\amsbsy.sty
Package: amsbsy 1999/11/29 v1.2d Bold Symbols
\pmbraise@=\dimen152
)
(C:\Users\orfuc\AppData\Local\Programs\MiKTeX\tex/latex/amsmath\amsopn.sty
Package: amsopn 2022/04/08 v2.04 operator names
)
\inf@bad=\count196
LaTeX Info: Redefining \frac on input line 234.
\uproot@=\count197
\leftroot@=\count198
LaTeX Info: Redefining \overline on input line 399.
LaTeX Info: Redefining \colon on input line 410.
\classnum@=\count199
\DOTSCASE@=\count266
LaTeX Info: Redefining \ldots on input line 496.
LaTeX Info: Redefining \dots on input line 499.
LaTeX Info: Redefining \cdots on input line 620.
\Mathstrutbox@=\box51
\strutbox@=\box52
LaTeX Info: Redefining \big on input line 722.
LaTeX Info: Redefining \Big on input line 723.
LaTeX Info: Redefining \bigg on input line 724.
LaTeX Info: Redefining \Bigg on input line 725.
\big@size=\dimen153
LaTeX Font Info:    Redeclaring font encoding OML on input line 743.
LaTeX Font Info:    Redeclaring font encoding OMS on input line 744.
\macc@depth=\count267
LaTeX Info: Redefining \bmod on input line 905.
LaTeX Info: Redefining \pmod on input line 910.
LaTeX Info: Redefining \smash on input line 940.
LaTeX Info: Redefining \relbar on input line 970.
LaTeX Info: Redefining \Relbar on input line 971.
\c@MaxMatrixCols=\count268
\dotsspace@=\muskip17
\c@parentequation=\count269
\dspbrk@lvl=\count270
\tag@help=\toks19
\row@=\count271
\column@=\count272
\maxfields@=\count273
\andhelp@=\toks20
\eqnshift@=\dimen154
\alignsep@=\dimen155
\tagshift@=\dimen156
\tagwidth@=\dimen157
\totwidth@=\dimen158
\lineht@=\dimen159
\@envbody=\toks21
\multlinegap=\skip54
\multlinetaggap=\skip55
\mathdisplay@stack=\toks22
LaTeX Info: Redefining \[ on input line 2953.
LaTeX Info: Redefining \] on input line 2954.
)
(C:\Users\orfuc\AppData\Local\Programs\MiKTeX\tex/latex/commath\commath.sty
(C:\Users\orfuc\AppData\Local\Programs\MiKTeX\tex/latex/base\ifthen.sty
Package: ifthen 2022/04/13 v1.1d Standard LaTeX ifthen package (DPC)
))
(C:\Users\orfuc\AppData\Local\Programs\MiKTeX\tex/latex/amsfonts\amsfonts.sty
Package: amsfonts 2013/01/14 v3.01 Basic AMSFonts support
\symAMSa=\mathgroup4
\symAMSb=\mathgroup5
LaTeX Font Info:    Redeclaring math symbol \hbar on input line 98.
LaTeX Font Info:    Overwriting math alphabet `\mathfrak' in version `bold'
(Font)                  U/euf/m/n --> U/euf/b/n on input line 106.
)
LaTeX Font Info:    Trying to load font information for OT1+ptm on input line 7
3.

(C:\Users\orfuc\AppData\Local\Programs\MiKTeX\tex/latex/psnfss\ot1ptm.fd
File: ot1ptm.fd 2001/06/04 font definitions for OT1/ptm.
)
(C:\Users\orfuc\AppData\Local\Programs\MiKTeX\tex/latex/l3backend\l3backend-pdf
tex.def
File: l3backend-pdftex.def 2023-04-19 L3 backend support: PDF output (pdfTeX)
\l__color_backend_stack_int=\count274
\l__pdf_internal_box=\box53
) (after_operator3.aux)
\openout1 = `after_operator3.aux'.

LaTeX Font Info:    Checking defaults for OML/cmm/m/it on input line 73.
LaTeX Font Info:    ... okay on input line 73.
LaTeX Font Info:    Checking defaults for OMS/cmsy/m/n on input line 73.
LaTeX Font Info:    ... okay on input line 73.
LaTeX Font Info:    Checking defaults for OT1/cmr/m/n on input line 73.
LaTeX Font Info:    ... okay on input line 73.
LaTeX Font Info:    Checking defaults for T1/cmr/m/n on input line 73.
LaTeX Font Info:    ... okay on input line 73.
LaTeX Font Info:    Checking defaults for TS1/cmr/m/n on input line 73.
LaTeX Font Info:    ... okay on input line 73.
LaTeX Font Info:    Checking defaults for OMX/cmex/m/n on input line 73.
LaTeX Font Info:    ... okay on input line 73.
LaTeX Font Info:    Checking defaults for U/cmr/m/n on input line 73.
LaTeX Font Info:    ... okay on input line 73.

(C:\Users\orfuc\AppData\Local\Programs\MiKTeX\tex/context/base/mkii\supp-pdf.mk
ii
[Loading MPS to PDF converter (version 2006.09.02).]
\scratchcounter=\count275
\scratchdimen=\dimen160
\scratchbox=\box54
\nofMPsegments=\count276
\nofMParguments=\count277
\everyMPshowfont=\toks23
\MPscratchCnt=\count278
\MPscratchDim=\dimen161
\MPnumerator=\count279
\makeMPintoPDFobject=\count280
\everyMPtoPDFconversion=\toks24
)
(C:\Users\orfuc\AppData\Local\Programs\MiKTeX\tex/latex/epstopdf-pkg\epstopdf-b
ase.sty
Package: epstopdf-base 2020-01-24 v2.11 Base part for package epstopdf
Package epstopdf-base Info: Redefining graphics rule for `.eps' on input line 4
85.

(C:\Users\orfuc\AppData\Local\Programs\MiKTeX\tex/latex/00miktex\epstopdf-sys.c
fg
File: epstopdf-sys.cfg 2021/03/18 v2.0 Configuration of epstopdf for MiKTeX
))
Package caption Info: Begin \AtBeginDocument code.
Package caption Info: End \AtBeginDocument code.
\titlearea=\box55
LaTeX Font Info:    Trying to load font information for U+msa on input line 75.

 (C:\Users\orfuc\AppData\Local\Programs\MiKTeX\tex/latex/amsfonts\umsa.fd
File: umsa.fd 2013/01/14 v3.01 AMS symbols A
)
LaTeX Font Info:    Trying to load font information for U+msb on input line 75.


(C:\Users\orfuc\AppData\Local\Programs\MiKTeX\tex/latex/amsfonts\umsb.fd
File: umsb.fd 2013/01/14 v3.01 AMS symbols B
)
LaTeX Font Info:    Trying to load font information for OMS+ptm on input line 7
5.

(C:\Users\orfuc\AppData\Local\Programs\MiKTeX\tex/latex/psnfss\omsptm.fd
File: omsptm.fd 
)
LaTeX Font Info:    Font shape `OMS/ptm/m/n' in size <10> not available
(Font)              Font shape `OMS/cmsy/m/n' tried instead on input line 75.
\actualheight=\skip56

Overfull \hbox (2.5pt too wide) in paragraph at lines 75--75
[][] 
 []


Underfull \vbox (badness 10000) detected at line 75
 []

LaTeX Font Info:    Trying to load font information for TS1+ptm on input line 7
5.
(C:\Users\orfuc\AppData\Local\Programs\MiKTeX\tex/latex/psnfss\ts1ptm.fd
File: ts1ptm.fd 2001/06/04 font definitions for TS1/ptm.
)

Package natbib Warning: Citation `abbeel2004apprenticeship' on page 1 undefined
 on input line 86.


Package natbib Warning: Citation `argall2009survey' on page 1 undefined on inpu
t line 86.


Package natbib Warning: Citation `ho2016showing' on page 1 undefined on input l
ine 86.


Package natbib Warning: Citation `Knox2009Interactively' on page 1 undefined on
 input line 86.


Package natbib Warning: Citation `macglashan2017interactive' on page 1 undefine
d on input line 86.


Package natbib Warning: Citation `christiano2017deep' on page 1 undefined on in
put line 86.


Package natbib Warning: Citation `Tellex2011' on page 1 undefined on input line
 86.


Package natbib Warning: Citation `Wang_2016' on page 1 undefined on input line 
86.


Package natbib Warning: Citation `Tellex2020' on page 1 undefined on input line
 86.


Underfull \hbox (badness 1742) in paragraph at lines 86--87
\OT1/ptm/m/n/10 coun-ter-fac-tu-als, en-cour-age-ment, ex-plicit pref-er-ences,
 or
 []


Package natbib Warning: Citation `hu2004mining' on page 1 undefined on input li
ne 88.


Package natbib Warning: Citation `liu2020sentiment' on page 1 undefined on inpu
t line 88.


Package natbib Warning: Citation `harnad1990symbol' on page 1 undefined on inpu
t line 88.


Package natbib Warning: Citation `mooney2008learning' on page 1 undefined on in
put line 88.


Package natbib Warning: Citation `grice1975logic' on page 1 undefined on input 
line 88.


! LaTeX Error: File `images/Fig1' not found.

See the LaTeX manual or LaTeX Companion for explanation.
Type  H <return>  for immediate help.
 ...                                              
                                                  
l.92 \includegraphics[width=17.5cm]{images/Fig1}
                                                
I could not locate the file with any of these extensions:
.pdf,.png,.jpg,.mps,.jpeg,.jbig2,.jb2,.PDF,.PNG,.JPG,.JPEG,.JBIG2,.JB2,.eps
Try typing  <return>  to proceed.
If that doesn't work, type  X <return>  to quit.


Package natbib Warning: Citation `Knox2009Interactively' on page 1 undefined on
 input line 100.


Package natbib Warning: Citation `macglashan2017interactive' on page 1 undefine
d on input line 100.


Package natbib Warning: Citation `christiano2017deep' on page 1 undefined on in
put line 100.


Package natbib Warning: Citation `ross2010efficient' on page 1 undefined on inp
ut line 100.


Package natbib Warning: Citation `abbeel2004apprenticeship' on page 1 undefined
 on input line 100.


Package natbib Warning: Citation `ho2016showing' on page 1 undefined on input l
ine 100.


Package natbib Warning: Citation `jeon2020rewardrational' on page 1 undefined o
n input line 100.


Package natbib Warning: Citation `Dragan2013Legibility' on page 1 undefined on 
input line 100.


Package natbib Warning: Citation `HadfieldMenell2016cooperative' on page 1 unde
fined on input line 100.

[1{C:/Users/orfuc/AppData/Local/MiKTeX/fonts/map/pdftex/pdftex.map}{C:/Users/or
fuc/AppData/Local/Programs/MiKTeX/fonts/enc/dvips/base/8r.enc}



]

Package natbib Warning: Citation `artzi_2011_bootstrapping' on page 2 undefined
 on input line 102.


Package natbib Warning: Citation `li2016dialogue' on page 2 undefined on input 
line 102.


Package natbib Warning: Citation `thomason_2015' on page 2 undefined on input l
ine 102.


Package natbib Warning: Citation `wang_2019_navigation' on page 2 undefined on 
input line 102.


Package natbib Warning: Citation `thomason_2020' on page 2 undefined on input l
ine 102.


Package natbib Warning: Citation `szlam2019build' on page 2 undefined on input 
line 102.


Package natbib Warning: Citation `Tellex2020' on page 2 undefined on input line
 102.


Package natbib Warning: Citation `maclin_1994' on page 2 undefined on input lin
e 102.


Package natbib Warning: Citation `kuhlman_2004' on page 2 undefined on input li
ne 102.


Package natbib Warning: Citation `kaplan_atari' on page 2 undefined on input li
ne 102.


Package natbib Warning: Citation `tellex_2018_rewards' on page 2 undefined on i
nput line 102.


Package natbib Warning: Citation `chevalier_boisvert_2018' on page 2 undefined 
on input line 102.


Package natbib Warning: Citation `goyal2019using' on page 2 undefined on input 
line 102.


Package natbib Warning: Citation `Bahdanau_2019' on page 2 undefined on input l
ine 102.


Package natbib Warning: Citation `zhou2020inverse' on page 2 undefined on input
 line 102.


Package natbib Warning: Citation `macglashan2015grounding' on page 2 undefined 
on input line 102.


Package natbib Warning: Citation `fu_2019_goals' on page 2 undefined on input l
ine 102.


Package natbib Warning: Citation `goyal2020pixl2r' on page 2 undefined on input
 line 102.


Package natbib Warning: Citation `Ling2017_captions' on page 2 undefined on inp
ut line 103.


Package natbib Warning: Citation `narasimhan2018grounding' on page 2 undefined 
on input line 103.


Package natbib Warning: Citation `cideron2019selfeducated' on page 2 undefined 
on input line 103.


Package natbib Warning: Citation `luketina2019survey' on page 2 undefined on in
put line 103.


Underfull \hbox (badness 1484) in paragraph at lines 102--104
[]\OT1/ptm/m/n/10 Another body of re-search has fo-cused on lin-guis-tic
 []


Package natbib Warning: Citation `Djalali2011' on page 2 undefined on input lin
e 105.


Package natbib Warning: Citation `Djalali_2012' on page 2 undefined on input li
ne 105.


Package natbib Warning: Citation `potts_2012' on page 2 undefined on input line
 105.


Package natbib Warning: Citation `ilinykh2019meetup' on page 2 undefined on inp
ut line 105.


Package natbib Warning: Citation `Suhr_2019' on page 2 undefined on input line 
105.


Package natbib Warning: Citation `He_2017' on page 2 undefined on input line 10
5.


Package natbib Warning: Citation `Udagawa_2019' on page 2 undefined on input li
ne 105.


Package natbib Warning: Citation `thomason2019visionanddialog' on page 2 undefi
ned on input line 105.


Package natbib Warning: Citation `kim2009people' on page 2 undefined on input l
ine 105.


Package natbib Warning: Citation `fraser2018_natural_language_agent' on page 2 
undefined on input line 105.


Package natbib Warning: Citation `hu2004mining' on page 2 undefined on input li
ne 109.


Package natbib Warning: Citation `liu2020sentiment' on page 2 undefined on inpu
t line 109.


Package natbib Warning: Citation `abbeel2004apprenticeship' on page 2 undefined
 on input line 109.


Package natbib Warning: Citation `harnad1990symbol' on page 2 undefined on inpu
t line 109.


Package natbib Warning: Citation `clark1996using' on page 2 undefined on input 
line 109.


Package natbib Warning: Citation `mooney2008learning' on page 2 undefined on in
put line 109.


Package natbib Warning: Citation `shute_2008' on page 2 undefined on input line
 109.


Package natbib Warning: Citation `Lipnevich_education' on page 2 undefined on i
nput line 109.


Package natbib Warning: Citation `puterman1994markov' on page 2 undefined on in
put line 112.


Underfull \vbox (badness 4531) has occurred while \output is active []



Package natbib Warning: Citation `liu2020sentiment' on page 2 undefined on inpu
t line 138.


Package natbib Warning: Citation `HuttoG14' on page 2 undefined on input line 1
38.


Package natbib Warning: Citation `Kim_2014' on page 2 undefined on input line 1
38.

[2]

Package natbib Warning: Citation `murphy_2007' on page 3 undefined on input lin
e 145.


Package natbib Warning: Citation `ramachandran2007bayesian' on page 3 undefined
 on input line 145.


Package natbib Warning: Citation `Lipnevich_education' on page 3 undefined on i
nput line 149.


Package natbib Warning: Citation `shute_2008' on page 3 undefined on input line
 149.


Package natbib Warning: Citation `thomaz2008teachable' on page 3 undefined on i
nput line 151.


Package natbib Warning: Citation `Knox2009Interactively' on page 3 undefined on
 input line 151.


Package natbib Warning: Citation `macglashan2017interactive' on page 3 undefine
d on input line 151.


Package natbib Warning: Citation `mcfadden1974conditional' on page 3 undefined 
on input line 151.


Package natbib Warning: Citation `judah2010_critique' on page 3 undefined on in
put line 153.


Package natbib Warning: Citation `christiano2017deep' on page 3 undefined on in
put line 153.


Package natbib Warning: Citation `ross2010efficient' on page 3 undefined on inp
ut line 153.


Package natbib Warning: Citation `abbeel2004apprenticeship' on page 3 undefined
 on input line 153.


Package natbib Warning: Citation `ho2016showing' on page 3 undefined on input l
ine 153.


Package natbib Warning: Citation `li2016dialogue' on page 3 undefined on input 
line 153.


Package natbib Warning: Citation `chen-etal-2017-line' on page 3 undefined on i
nput line 153.


LaTeX Warning: File `images/task_aaai.pdf' not found on input line 157.


! Package pdftex.def Error: File `images/task_aaai.pdf' not found: using draft 
setting.

See the pdftex.def package documentation for explanation.
Type  H <return>  for immediate help.
 ...                                              
                                                  
l.157 ...phics[width=17.5cm]{images/task_aaai.pdf}
                                                  
Try typing  <return>  to proceed.
If that doesn't work, type  X <return>  to quit.

LaTeX Font Info:    Trying to load font information for OT1+pcr on input line 1
57.
(C:\Users\orfuc\AppData\Local\Programs\MiKTeX\tex/latex/psnfss\ot1pcr.fd
File: ot1pcr.fd 2001/06/04 font definitions for OT1/pcr.
)

LaTeX Warning: `!h' float specifier changed to `!ht'.


Package natbib Warning: Citation `shute_2008' on page 3 undefined on input line
 163.


Package natbib Warning: Citation `Lipnevich_education' on page 3 undefined on i
nput line 163.


Package natbib Warning: Citation `van_der_klej_2015' on page 3 undefined on inp
ut line 163.


Package natbib Warning: Citation `Hattie_2007' on page 3 undefined on input lin
e 163.


Package natbib Warning: Citation `srivastava2017_explanation' on page 3 undefin
ed on input line 163.


Package natbib Warning: Citation `Hancock_2018_explanation' on page 3 undefined
 on input line 163.


Package natbib Warning: Citation `Ling2017_captions' on page 3 undefined on inp
ut line 163.


Package natbib Warning: Citation `narasimhan2018grounding' on page 3 undefined 
on input line 163.


LaTeX Warning: `h' float specifier changed to `ht'.


Package natbib Warning: Citation `gureckis_2016' on page 3 undefined on input l
ine 203.

[3]
Underfull \vbox (badness 10000) has occurred while \output is active []



Package amsmath Warning: Foreign command \atopwithdelims;
(amsmath)                \frac or \genfrac should be used instead
(amsmath)                 on input line 208.


Underfull \vbox (badness 10000) has occurred while \output is active []

 [4]

Package natbib Warning: Citation `shute_2008' on page 5 undefined on input line
 212.


Package natbib Warning: Citation `grice1975logic' on page 5 undefined on input 
line 217.


Package natbib Warning: Citation `HuttoG14' on page 5 undefined on input line 2
25.


Package natbib Warning: Citation `Tellex2020' on page 5 undefined on input line
 227.


Package natbib Warning: Citation `grice1975logic' on page 5 undefined on input 
line 233.


Package natbib Warning: Citation `goodman_2016' on page 5 undefined on input li
ne 233.


Underfull \vbox (badness 3333) has occurred while \output is active []

 [5]

LaTeX Warning: File `images/results_aaai.png' not found on input line 249.


! Package pdftex.def Error: File `images/results_aaai.png' not found: using dra
ft setting.

See the pdftex.def package documentation for explanation.
Type  H <return>  for immediate help.
 ...                                              
                                                  
l.249 ...ics[width=8.4cm]{images/results_aaai.png}
                                                  
Try typing  <return>  to proceed.
If that doesn't work, type  X <return>  to quit.


LaTeX Warning: File `images/neural_net_learning_final.png' not found on input l
ine 257.


! Package pdftex.def Error: File `images/neural_net_learning_final.png' not fou
nd: using draft setting.

See the pdftex.def package documentation for explanation.
Type  H <return>  for immediate help.
 ...                                              
                                                  
l.257 ...cm]{images/neural_net_learning_final.png}
                                                  
Try typing  <return>  to proceed.
If that doesn't work, type  X <return>  to quit.


LaTeX Warning: `h' float specifier changed to `ht'.


Package natbib Warning: Citation `kuznetsova2017lmertest' on page 6 undefined o
n input line 290.

[6]

Package natbib Warning: Citation `tukey1953section' on page 7 undefined on inpu
t line 297.


Underfull \hbox (badness 2772) in paragraph at lines 294--299
[]\OT1/ptm/m/n/10 First, we found a sig-nif-i-cant main ef-fect of time,
 []


Package natbib Warning: Citation `jiang2011target' on page 7 undefined on input
 line 308.


Package natbib Warning: Citation `xu2019bertsentiment' on page 7 undefined on i
nput line 308.


Package natbib Warning: Citation `narasimhan2018grounding' on page 7 undefined 
on input line 308.

[7]
Underfull \hbox (badness 2635) in paragraph at lines 322--322
[]\OT1/ptm/m/n/9 Modi volup-tat-i-bus do-lor, vel sim-ilique in-cidunt ex-cep-t
uri
 []

[8

] [9]
No file after_operator3.bbl.

Package natbib Warning: There were undefined citations.

(after_operator3.aux)
 ***********
LaTeX2e <2023-06-01> patch level 1
L3 programming layer <2023-08-29>
 ***********
 ) 
Here is how much of TeX's memory you used:
 4475 strings out of 475247
 76375 string characters out of 5757792
 1943801 words of memory out of 5000000
 25933 multiletter control sequences out of 15000+600000
 592752 words of font info for 110 fonts, out of 8000000 for 9000
 1141 hyphenation exceptions out of 8191
 57i,17n,65p,1954b,388s stack positions out of 10000i,1000n,20000p,200000b,200000s
<C:/Users/orfuc/AppData/Local/Programs/MiKTeX/fonts/type1/public/amsfonts/cm/
cmbx10.pfb><C:/Users/orfuc/AppData/Local/Programs/MiKTeX/fonts/type1/public/ams
fonts/cm/cmex10.pfb><C:/Users/orfuc/AppData/Local/Programs/MiKTeX/fonts/type1/p
ublic/amsfonts/cmextra/cmex9.pfb><C:/Users/orfuc/AppData/Local/Programs/MiKTeX/
fonts/type1/public/amsfonts/cm/cmmi10.pfb><C:/Users/orfuc/AppData/Local/Program
s/MiKTeX/fonts/type1/public/amsfonts/cm/cmmi7.pfb><C:/Users/orfuc/AppData/Local
/Programs/MiKTeX/fonts/type1/public/amsfonts/cm/cmmi9.pfb><C:/Users/orfuc/AppDa
ta/Local/Programs/MiKTeX/fonts/type1/public/amsfonts/cm/cmr10.pfb><C:/Users/orf
uc/AppData/Local/Programs/MiKTeX/fonts/type1/public/amsfonts/cm/cmr6.pfb><C:/Us
ers/orfuc/AppData/Local/Programs/MiKTeX/fonts/type1/public/amsfonts/cm/cmr7.pfb
><C:/Users/orfuc/AppData/Local/Programs/MiKTeX/fonts/type1/public/amsfonts/cm/c
mr9.pfb><C:/Users/orfuc/AppData/Local/Programs/MiKTeX/fonts/type1/public/amsfon
ts/cm/cmsy10.pfb><C:/Users/orfuc/AppData/Local/Programs/MiKTeX/fonts/type1/publ
ic/amsfonts/cm/cmsy5.pfb><C:/Users/orfuc/AppData/Local/Programs/MiKTeX/fonts/ty
pe1/public/amsfonts/cm/cmsy7.pfb><C:/Users/orfuc/AppData/Local/Programs/MiKTeX/
fonts/type1/public/amsfonts/cm/cmsy9.pfb><C:/Users/orfuc/AppData/Local/Programs
/MiKTeX/fonts/type1/public/amsfonts/symbols/msbm10.pfb><C:/Users/orfuc/AppData/
Local/Programs/MiKTeX/fonts/type1/urw/courier/ucrr8a.pfb><C:/Users/orfuc/AppDat
a/Local/Programs/MiKTeX/fonts/type1/urw/times/utmb8a.pfb><C:/Users/orfuc/AppDat
a/Local/Programs/MiKTeX/fonts/type1/urw/times/utmr8a.pfb><C:/Users/orfuc/AppDat
a/Local/Programs/MiKTeX/fonts/type1/urw/times/utmri8a.pfb>
Output written on after_operator3.pdf (9 pages, 252560 bytes).
PDF statistics:
 128 PDF objects out of 1000 (max. 8388607)
 0 named destinations out of 1000 (max. 500000)
 1 words of extra memory for PDF output out of 10000 (max. 10000000)

