This is pdfTeX, Version 3.141592653-2.6-1.40.25 (MiKTeX 23.9) (preloaded format=pdflatex 2023.9.22)  30 MAR 2024 17:11
entering extended mode
 restricted \write18 enabled.
 %&-line parsing enabled.
**./main_changed.tex
(main_changed.tex
LaTeX2e <2023-06-01> patch level 1
L3 programming layer <2023-08-29>
(C:\Users\micha\AppData\Local\Programs\MiKTeX\tex/latex/base\article.cls
Document Class: article 2023/05/17 v1.4n Standard LaTeX document class
(C:\Users\micha\AppData\Local\Programs\MiKTeX\tex/latex/base\size10.clo
File: size10.clo 2023/05/17 v1.4n Standard LaTeX file (size option)
)
\c@part=\count185
\c@section=\count186
\c@subsection=\count187
\c@subsubsection=\count188
\c@paragraph=\count189
\c@subparagraph=\count190
\c@figure=\count191
\c@table=\count192
\abovecaptionskip=\skip48
\belowcaptionskip=\skip49
\bibindent=\dimen140
)
(aaai24.sty
Package: aaai24 2023/06/26 AAAI 2024 Submission format

Conference Style for AAAI for LaTeX 2e -- version for submission
\titlebox=\skip50
) (C:\Users\micha\AppData\Local\Programs\MiKTeX\tex/latex/psnfss\times.sty
Package: times 2020/03/25 PSNFSS-v9.3 (SPQR) 
)
(C:\Users\micha\AppData\Local\Programs\MiKTeX\tex/latex/psnfss\helvet.sty
Package: helvet 2020/03/25 PSNFSS-v9.3 (WaS) 

(C:\Users\micha\AppData\Local\Programs\MiKTeX\tex/latex/graphics\keyval.sty
Package: keyval 2022/05/29 v1.15 key=value parser (DPC)
\KV@toks@=\toks17
))
(C:\Users\micha\AppData\Local\Programs\MiKTeX\tex/latex/psnfss\courier.sty
Package: courier 2020/03/25 PSNFSS-v9.3 (WaS) 
)
(C:\Users\micha\AppData\Local\Programs\MiKTeX\tex/latex/url\url.sty
\Urlmuskip=\muskip16
Package: url 2013/09/16  ver 3.4  Verb mode for urls, etc.
)
(C:\Users\micha\AppData\Local\Programs\MiKTeX\tex/latex/graphics\graphicx.sty
Package: graphicx 2021/09/16 v1.2d Enhanced LaTeX Graphics (DPC,SPQR)

(C:\Users\micha\AppData\Local\Programs\MiKTeX\tex/latex/graphics\graphics.sty
Package: graphics 2022/03/10 v1.4e Standard LaTeX Graphics (DPC,SPQR)

(C:\Users\micha\AppData\Local\Programs\MiKTeX\tex/latex/graphics\trig.sty
Package: trig 2021/08/11 v1.11 sin cos tan (DPC)
)
(C:\Users\micha\AppData\Local\Programs\MiKTeX\tex/latex/graphics-cfg\graphics.c
fg
File: graphics.cfg 2016/06/04 v1.11 sample graphics configuration
)
Package graphics Info: Driver file: pdftex.def on input line 107.

(C:\Users\micha\AppData\Local\Programs\MiKTeX\tex/latex/graphics-def\pdftex.def
File: pdftex.def 2022/09/22 v1.2b Graphics/color driver for pdftex
))
\Gin@req@height=\dimen141
\Gin@req@width=\dimen142
) (C:\Users\micha\AppData\Local\Programs\MiKTeX\tex/latex/natbib\natbib.sty
Package: natbib 2010/09/13 8.31b (PWD, AO)
\bibhang=\skip51
\bibsep=\skip52
LaTeX Info: Redefining \cite on input line 694.
\c@NAT@ctr=\count193
)
(C:\Users\micha\AppData\Local\Programs\MiKTeX\tex/latex/caption\caption.sty
Package: caption 2023/07/31 v3.6n Customizing captions (AR)

(C:\Users\micha\AppData\Local\Programs\MiKTeX\tex/latex/caption\caption3.sty
Package: caption3 2023/07/31 v2.4d caption3 kernel (AR)
\caption@tempdima=\dimen143
\captionmargin=\dimen144
\caption@leftmargin=\dimen145
\caption@rightmargin=\dimen146
\caption@width=\dimen147
\caption@indent=\dimen148
\caption@parindent=\dimen149
\caption@hangindent=\dimen150
Package caption Info: Standard document class detected.
)
\c@caption@flags=\count194
\c@continuedfloat=\count195
)
(C:\Users\micha\AppData\Local\Programs\MiKTeX\tex/latex/caption\subcaption.sty
Package: subcaption 2023/07/28 v1.6b Sub-captions (AR)
Package caption Info: New subtype `subfigure' on input line 238.
\c@subfigure=\count196
Package caption Info: New subtype `subtable' on input line 238.
\c@subtable=\count197
) (C:\Users\micha\AppData\Local\Programs\MiKTeX\tex/latex/booktabs\booktabs.sty
Package: booktabs 2020/01/12 v1.61803398 Publication quality tables
\heavyrulewidth=\dimen151
\lightrulewidth=\dimen152
\cmidrulewidth=\dimen153
\belowrulesep=\dimen154
\belowbottomsep=\dimen155
\aboverulesep=\dimen156
\abovetopsep=\dimen157
\cmidrulesep=\dimen158
\cmidrulekern=\dimen159
\defaultaddspace=\dimen160
\@cmidla=\count198
\@cmidlb=\count199
\@aboverulesep=\dimen161
\@belowrulesep=\dimen162
\@thisruleclass=\count266
\@lastruleclass=\count267
\@thisrulewidth=\dimen163
) (C:\Users\micha\AppData\Local\Programs\MiKTeX\tex/latex/multirow\multirow.sty
Package: multirow 2021/03/15 v2.8 Span multiple rows of a table
\multirow@colwidth=\skip53
\multirow@cntb=\count268
\multirow@dima=\skip54
\bigstrutjot=\dimen164
)
(C:\Users\micha\AppData\Local\Programs\MiKTeX\tex/latex/mathtools\mathtools.sty
Package: mathtools 2022/06/29 v1.29 mathematical typesetting tools
(C:\Users\micha\AppData\Local\Programs\MiKTeX\tex/latex/tools\calc.sty
Package: calc 2017/05/25 v4.3 Infix arithmetic (KKT,FJ)
\calc@Acount=\count269
\calc@Bcount=\count270
\calc@Adimen=\dimen165
\calc@Bdimen=\dimen166
\calc@Askip=\skip55
\calc@Bskip=\skip56
LaTeX Info: Redefining \setlength on input line 80.
LaTeX Info: Redefining \addtolength on input line 81.
\calc@Ccount=\count271
\calc@Cskip=\skip57
)
(C:\Users\micha\AppData\Local\Programs\MiKTeX\tex/latex/mathtools\mhsetup.sty
Package: mhsetup 2021/03/18 v1.4 programming setup (MH)
)
(C:\Users\micha\AppData\Local\Programs\MiKTeX\tex/latex/amsmath\amsmath.sty
Package: amsmath 2023/05/13 v2.17o AMS math features
\@mathmargin=\skip58

For additional information on amsmath, use the `?' option.
(C:\Users\micha\AppData\Local\Programs\MiKTeX\tex/latex/amsmath\amstext.sty
Package: amstext 2021/08/26 v2.01 AMS text

(C:\Users\micha\AppData\Local\Programs\MiKTeX\tex/latex/amsmath\amsgen.sty
File: amsgen.sty 1999/11/30 v2.0 generic functions
\@emptytoks=\toks18
\ex@=\dimen167
))
(C:\Users\micha\AppData\Local\Programs\MiKTeX\tex/latex/amsmath\amsbsy.sty
Package: amsbsy 1999/11/29 v1.2d Bold Symbols
\pmbraise@=\dimen168
)
(C:\Users\micha\AppData\Local\Programs\MiKTeX\tex/latex/amsmath\amsopn.sty
Package: amsopn 2022/04/08 v2.04 operator names
)
\inf@bad=\count272
LaTeX Info: Redefining \frac on input line 234.
\uproot@=\count273
\leftroot@=\count274
LaTeX Info: Redefining \overline on input line 399.
LaTeX Info: Redefining \colon on input line 410.
\classnum@=\count275
\DOTSCASE@=\count276
LaTeX Info: Redefining \ldots on input line 496.
LaTeX Info: Redefining \dots on input line 499.
LaTeX Info: Redefining \cdots on input line 620.
\Mathstrutbox@=\box51
\strutbox@=\box52
LaTeX Info: Redefining \big on input line 722.
LaTeX Info: Redefining \Big on input line 723.
LaTeX Info: Redefining \bigg on input line 724.
LaTeX Info: Redefining \Bigg on input line 725.
\big@size=\dimen169
LaTeX Font Info:    Redeclaring font encoding OML on input line 743.
LaTeX Font Info:    Redeclaring font encoding OMS on input line 744.
\macc@depth=\count277
LaTeX Info: Redefining \bmod on input line 905.
LaTeX Info: Redefining \pmod on input line 910.
LaTeX Info: Redefining \smash on input line 940.
LaTeX Info: Redefining \relbar on input line 970.
LaTeX Info: Redefining \Relbar on input line 971.
\c@MaxMatrixCols=\count278
\dotsspace@=\muskip17
\c@parentequation=\count279
\dspbrk@lvl=\count280
\tag@help=\toks19
\row@=\count281
\column@=\count282
\maxfields@=\count283
\andhelp@=\toks20
\eqnshift@=\dimen170
\alignsep@=\dimen171
\tagshift@=\dimen172
\tagwidth@=\dimen173
\totwidth@=\dimen174
\lineht@=\dimen175
\@envbody=\toks21
\multlinegap=\skip59
\multlinetaggap=\skip60
\mathdisplay@stack=\toks22
LaTeX Info: Redefining \[ on input line 2953.
LaTeX Info: Redefining \] on input line 2954.
)
\g_MT_multlinerow_int=\count284
\l_MT_multwidth_dim=\dimen176
\origjot=\skip61
\l_MT_shortvdotswithinadjustabove_dim=\dimen177
\l_MT_shortvdotswithinadjustbelow_dim=\dimen178
\l_MT_above_intertext_sep=\dimen179
\l_MT_below_intertext_sep=\dimen180
\l_MT_above_shortintertext_sep=\dimen181
\l_MT_below_shortintertext_sep=\dimen182
\xmathstrut@box=\box53
\xmathstrut@dim=\dimen183
)
(C:\Users\micha\AppData\Local\Programs\MiKTeX\tex/latex/amsfonts\amssymb.sty
Package: amssymb 2013/01/14 v3.01 AMS font symbols

(C:\Users\micha\AppData\Local\Programs\MiKTeX\tex/latex/amsfonts\amsfonts.sty
Package: amsfonts 2013/01/14 v3.01 Basic AMSFonts support
\symAMSa=\mathgroup4
\symAMSb=\mathgroup5
LaTeX Font Info:    Redeclaring math symbol \hbar on input line 98.
LaTeX Font Info:    Overwriting math alphabet `\mathfrak' in version `bold'
(Font)                  U/euf/m/n --> U/euf/b/n on input line 106.
)) (C:\Users\micha\AppData\Local\Programs\MiKTeX\tex/latex/amscls\amsthm.sty
Package: amsthm 2020/05/29 v2.20.6
\thm@style=\toks23
\thm@bodyfont=\toks24
\thm@headfont=\toks25
\thm@notefont=\toks26
\thm@headpunct=\toks27
\thm@preskip=\skip62
\thm@postskip=\skip63
\thm@headsep=\skip64
\dth@everypar=\toks28
)
(C:\Users\micha\AppData\Local\Programs\MiKTeX\tex/latex/units\nicefrac.sty
Package: nicefrac 1998/08/04 v0.9b Nice fractions
\L@UnitsRaiseDisplaystyle=\skip65
\L@UnitsRaiseTextstyle=\skip66
\L@UnitsRaiseScriptstyle=\skip67

(C:\Users\micha\AppData\Local\Programs\MiKTeX\tex/latex/base\ifthen.sty
Package: ifthen 2022/04/13 v1.1d Standard LaTeX ifthen package (DPC)
))
(C:\Users\micha\AppData\Local\Programs\MiKTeX\tex/latex/microtype\microtype.sty
Package: microtype 2023/03/13 v3.1a Micro-typographical refinements (RS)
(C:\Users\micha\AppData\Local\Programs\MiKTeX\tex/latex/etoolbox\etoolbox.sty
Package: etoolbox 2020/10/05 v2.5k e-TeX tools for LaTeX (JAW)
\etb@tempcnta=\count285
)
\MT@toks=\toks29
\MT@tempbox=\box54
\MT@count=\count286
LaTeX Info: Redefining \noprotrusionifhmode on input line 1059.
LaTeX Info: Redefining \leftprotrusion on input line 1060.
\MT@prot@toks=\toks30
LaTeX Info: Redefining \rightprotrusion on input line 1078.
LaTeX Info: Redefining \textls on input line 1368.
\MT@outer@kern=\dimen184
LaTeX Info: Redefining \textmicrotypecontext on input line 1988.
\MT@listname@count=\count287

(C:\Users\micha\AppData\Local\Programs\MiKTeX\tex/latex/microtype\microtype-pdf
tex.def
File: microtype-pdftex.def 2023/03/13 v3.1a Definitions specific to pdftex (RS)

LaTeX Info: Redefining \lsstyle on input line 902.
LaTeX Info: Redefining \lslig on input line 902.
\MT@outer@space=\skip68
)
Package microtype Info: Loading configuration file microtype.cfg.

(C:\Users\micha\AppData\Local\Programs\MiKTeX\tex/latex/microtype\microtype.cfg
File: microtype.cfg 2023/03/13 v3.1a microtype main configuration file (RS)
)) (C:\Users\micha\AppData\Local\Programs\MiKTeX\tex/latex/xcolor\xcolor.sty
Package: xcolor 2022/06/12 v2.14 LaTeX color extensions (UK)

(C:\Users\micha\AppData\Local\Programs\MiKTeX\tex/latex/graphics-cfg\color.cfg
File: color.cfg 2016/01/02 v1.6 sample color configuration
)
Package xcolor Info: Driver file: pdftex.def on input line 227.
(C:\Users\micha\AppData\Local\Programs\MiKTeX\tex/latex/graphics\mathcolor.ltx)
Package xcolor Info: Model `cmy' substituted by `cmy0' on input line 1353.
Package xcolor Info: Model `hsb' substituted by `rgb' on input line 1357.
Package xcolor Info: Model `RGB' extended on input line 1369.
Package xcolor Info: Model `HTML' substituted by `rgb' on input line 1371.
Package xcolor Info: Model `Hsb' substituted by `hsb' on input line 1372.
Package xcolor Info: Model `tHsb' substituted by `hsb' on input line 1373.
Package xcolor Info: Model `HSB' substituted by `hsb' on input line 1374.
Package xcolor Info: Model `Gray' substituted by `gray' on input line 1375.
Package xcolor Info: Model `wave' substituted by `hsb' on input line 1376.
)
(C:\Users\micha\AppData\Local\Programs\MiKTeX\tex/latex/algorithms\algorithm.st
y
Package: algorithm 2009/08/24 v0.1 Document Style `algorithm' - floating enviro
nment
 (C:\Users\micha\AppData\Local\Programs\MiKTeX\tex/latex/float\float.sty
Package: float 2001/11/08 v1.3d Float enhancements (AL)
\c@float@type=\count288
\float@exts=\toks31
\float@box=\box55
\@float@everytoks=\toks32
\@floatcapt=\box56
)
\@float@every@algorithm=\toks33
\c@algorithm=\count289
)
(C:\Users\micha\AppData\Local\Programs\MiKTeX\tex/latex/algorithmicx\algorithmi
cx.sty
Package: algorithmicx 2005/04/27 v1.2 Algorithmicx

Document Style algorithmicx 1.2 - a greatly improved `algorithmic' style
\c@ALG@line=\count290
\c@ALG@rem=\count291
\c@ALG@nested=\count292
\ALG@tlm=\skip69
\ALG@thistlm=\skip70
\c@ALG@Lnr=\count293
\c@ALG@blocknr=\count294
\c@ALG@storecount=\count295
\c@ALG@tmpcounter=\count296
\ALG@tmplength=\skip71
)
(C:\Users\micha\AppData\Local\Programs\MiKTeX\tex/latex/algorithmicx\algpseudoc
ode.sty
Package: algpseudocode 

Document Style - pseudocode environments for use with the `algorithmicx' style
) (C:\Users\micha\AppData\Local\Programs\MiKTeX\tex/latex/tools\bm.sty
Package: bm 2022/01/05 v1.2f Bold Symbol Support (DPC/FMi)
\symboldoperators=\mathgroup6
\symboldletters=\mathgroup7
\symboldsymbols=\mathgroup8
Package bm Info: No bold for \OMX/cmex/m/n, using \pmb.
Package bm Info: No bold for \U/msa/m/n, using \pmb.
Package bm Info: No bold for \U/msb/m/n, using \pmb.
LaTeX Font Info:    Redeclaring math alphabet \mathbf on input line 149.
)
(C:\Users\micha\AppData\Local\Programs\MiKTeX\tex/latex/enumitem\enumitem.sty
Package: enumitem 2019/06/20 v3.9 Customized lists
\labelindent=\skip72
\enit@outerparindent=\dimen185
\enit@toks=\toks34
\enit@inbox=\box57
\enit@count@id=\count297
\enitdp@description=\count298
)
(C:\Users\micha\AppData\Local\Programs\MiKTeX\tex/latex/comment\comment.sty
\CommentStream=\write3

Excluding comment 'comment')
(C:\Users\micha\AppData\Local\Programs\MiKTeX\tex/latex/newfloat\newfloat.sty
Package: newfloat 2023/10/01 v1.2 Defining new floating environments (AR)
)
(C:\Users\micha\AppData\Local\Programs\MiKTeX\tex/latex/listings\listings.sty
\lst@mode=\count299
\lst@gtempboxa=\box58
\lst@token=\toks35
\lst@length=\count300
\lst@currlwidth=\dimen186
\lst@column=\count301
\lst@pos=\count302
\lst@lostspace=\dimen187
\lst@width=\dimen188
\lst@newlines=\count303
\lst@lineno=\count304
\lst@maxwidth=\dimen189

(C:\Users\micha\AppData\Local\Programs\MiKTeX\tex/latex/listings\lstmisc.sty
File: lstmisc.sty 2023/02/27 1.9 (Carsten Heinz)
\c@lstnumber=\count305
\lst@skipnumbers=\count306
\lst@framebox=\box59
)
(C:\Users\micha\AppData\Local\Programs\MiKTeX\tex/latex/listings\listings.cfg
File: listings.cfg 2023/02/27 1.9 listings configuration
))
Package: listings 2023/02/27 1.9 (Carsten Heinz)
\@float@every@listing=\toks36
\c@listing=\count307
(C:\Users\micha\AppData\Local\Programs\MiKTeX\tex/latex/natbib\bibentry.sty
Package: bibentry 2007/10/30 1.5 (PWD)
)
LaTeX Font Info:    Trying to load font information for OT1+ptm on input line 1
31.

(C:\Users\micha\AppData\Local\Programs\MiKTeX\tex/latex/psnfss\ot1ptm.fd
File: ot1ptm.fd 2001/06/04 font definitions for OT1/ptm.
)
(C:\Users\micha\AppData\Local\Programs\MiKTeX\tex/latex/l3backend\l3backend-pdf
tex.def
File: l3backend-pdftex.def 2023-04-19 L3 backend support: PDF output (pdfTeX)
\l__color_backend_stack_int=\count308
\l__pdf_internal_box=\box60
) (main_changed.aux)
\openout1 = `main_changed.aux'.

LaTeX Font Info:    Checking defaults for OML/cmm/m/it on input line 131.
LaTeX Font Info:    ... okay on input line 131.
LaTeX Font Info:    Checking defaults for OMS/cmsy/m/n on input line 131.
LaTeX Font Info:    ... okay on input line 131.
LaTeX Font Info:    Checking defaults for OT1/cmr/m/n on input line 131.
LaTeX Font Info:    ... okay on input line 131.
LaTeX Font Info:    Checking defaults for T1/cmr/m/n on input line 131.
LaTeX Font Info:    ... okay on input line 131.
LaTeX Font Info:    Checking defaults for TS1/cmr/m/n on input line 131.
LaTeX Font Info:    ... okay on input line 131.
LaTeX Font Info:    Checking defaults for OMX/cmex/m/n on input line 131.
LaTeX Font Info:    ... okay on input line 131.
LaTeX Font Info:    Checking defaults for U/cmr/m/n on input line 131.
LaTeX Font Info:    ... okay on input line 131.

(C:\Users\micha\AppData\Local\Programs\MiKTeX\tex/context/base/mkii\supp-pdf.mk
ii
[Loading MPS to PDF converter (version 2006.09.02).]
\scratchcounter=\count309
\scratchdimen=\dimen190
\scratchbox=\box61
\nofMPsegments=\count310
\nofMParguments=\count311
\everyMPshowfont=\toks37
\MPscratchCnt=\count312
\MPscratchDim=\dimen191
\MPnumerator=\count313
\makeMPintoPDFobject=\count314
\everyMPtoPDFconversion=\toks38
)
(C:\Users\micha\AppData\Local\Programs\MiKTeX\tex/latex/epstopdf-pkg\epstopdf-b
ase.sty
Package: epstopdf-base 2020-01-24 v2.11 Base part for package epstopdf
Package epstopdf-base Info: Redefining graphics rule for `.eps' on input line 4
85.

(C:\Users\micha\AppData\Local\Programs\MiKTeX\tex/latex/00miktex\epstopdf-sys.c
fg
File: epstopdf-sys.cfg 2021/03/18 v2.0 Configuration of epstopdf for MiKTeX
))
Package caption Info: Begin \AtBeginDocument code.
Package caption Info: float package is loaded.
Package caption Info: listings package is loaded.
Package caption Info: End \AtBeginDocument code.
LaTeX Info: Redefining \microtypecontext on input line 131.
Package microtype Info: Applying patch `item' on input line 131.
Package microtype Info: Applying patch `toc' on input line 131.
Package microtype Info: Applying patch `eqnum' on input line 131.
Package microtype Info: Applying patch `footnote' on input line 131.
Package microtype Info: Applying patch `verbatim' on input line 131.
Package microtype Info: Generating PDF output.
Package microtype Info: Character protrusion enabled (level 2).
Package microtype Info: Using default protrusion set `alltext'.
Package microtype Info: Automatic font expansion enabled (level 2),
(microtype)             stretch: 20, shrink: 20, step: 1, non-selected.
Package microtype Info: Using default expansion set `alltext-nott'.
LaTeX Info: Redefining \showhyphens on input line 131.
Package microtype Info: No adjustment of tracking.
Package microtype Info: No adjustment of interword spacing.
Package microtype Info: No adjustment of character kerning.

(C:\Users\micha\AppData\Local\Programs\MiKTeX\tex/latex/microtype\mt-ptm.cfg
File: mt-ptm.cfg 2006/04/20 v1.7 microtype config. file: Times (RS)
)
Package newfloat Info: `float' package detected.
\c@lstlisting=\count315
\c@eqfn=\count316
\titlearea=\box62

(C:\Users\micha\AppData\Local\Programs\MiKTeX\tex/latex/microtype\mt-cmr.cfg
File: mt-cmr.cfg 2013/05/19 v2.2 microtype config. file: Computer Modern Roman 
(RS)
)
LaTeX Font Info:    Trying to load font information for U+msa on input line 133
.

(C:\Users\micha\AppData\Local\Programs\MiKTeX\tex/latex/amsfonts\umsa.fd
File: umsa.fd 2013/01/14 v3.01 AMS symbols A
)
(C:\Users\micha\AppData\Local\Programs\MiKTeX\tex/latex/microtype\mt-msa.cfg
File: mt-msa.cfg 2006/02/04 v1.1 microtype config. file: AMS symbols (a) (RS)
)
LaTeX Font Info:    Trying to load font information for U+msb on input line 133
.

(C:\Users\micha\AppData\Local\Programs\MiKTeX\tex/latex/amsfonts\umsb.fd
File: umsb.fd 2013/01/14 v3.01 AMS symbols B
)
(C:\Users\micha\AppData\Local\Programs\MiKTeX\tex/latex/microtype\mt-msb.cfg
File: mt-msb.cfg 2005/06/01 v1.0 microtype config. file: AMS symbols (b) (RS)
)
LaTeX Font Info:    Trying to load font information for OMS+ptm on input line 1
33.

(C:\Users\micha\AppData\Local\Programs\MiKTeX\tex/latex/psnfss\omsptm.fd
File: omsptm.fd 
)
LaTeX Font Info:    Font shape `OMS/ptm/m/n' in size <10> not available
(Font)              Font shape `OMS/cmsy/m/n' tried instead on input line 133.
\actualheight=\skip73


Package natbib Warning: Citation `kauffman2020cardiovascular' on page 1 undefin
ed on input line 144.


Package natbib Warning: Citation `bayoumy2021smart' on page 1 undefined on inpu
t line 144.


Package natbib Warning: Citation `hannun2019cardiologist' on page 1 undefined o
n input line 146.


Package natbib Warning: Citation `camm2012usefulness' on page 1 undefined on in
put line 146.


Package natbib Warning: Citation `steinhubl2018effect' on page 1 undefined on i
nput line 146.


Package natbib Warning: Citation `sarkar2021cardiogan' on page 1 undefined on i
nput line 151.


Package natbib Warning: Citation `vo2021p2e' on page 1 undefined on input line 
151.


Package natbib Warning: Citation `lan2023performer' on page 1 undefined on inpu
t line 151.


Package natbib Warning: Citation `saharia2022photorealistic' on page 1 undefine
d on input line 156.


Package natbib Warning: Citation `blattmann2023align' on page 1 undefined on in
put line 156.


Package natbib Warning: Citation `ruan2023mm' on page 1 undefined on input line
 156.


Package natbib Warning: Citation `sohl2015deep' on page 1 undefined on input li
ne 159.


Package natbib Warning: Citation `ho2020denoising' on page 1 undefined on input
 line 159.

[1{C:/Users/micha/AppData/Local/MiKTeX/fonts/map/pdftex/pdftex.map}{C:/Users/mi
cha/AppData/Local/Programs/MiKTeX/fonts/enc/dvips/base/8r.enc}



]
LaTeX Font Info:    Trying to load font information for TS1+ptm on input line 1
65.

(C:\Users\micha\AppData\Local\Programs\MiKTeX\tex/latex/psnfss\ts1ptm.fd
File: ts1ptm.fd 2001/06/04 font definitions for TS1/ptm.
)

Package natbib Warning: Citation `chen2022me' on page 2 undefined on input line
 184.


Package natbib Warning: Citation `golany2019pgans' on page 2 undefined on input
 line 184.


Package natbib Warning: Citation `alcaraz2023diffusion' on page 2 undefined on 
input line 185.


Package natbib Warning: Citation `adib2023synthetic' on page 2 undefined on inp
ut line 185.


Package natbib Warning: Citation `neifar2023diffecg' on page 2 undefined on inp
ut line 185.


Package natbib Warning: Citation `adib2023synthetic' on page 2 undefined on inp
ut line 185.


Package natbib Warning: Citation `alcaraz2023diffusion' on page 2 undefined on 
input line 186.


Package natbib Warning: Citation `neifar2023diffecg' on page 2 undefined on inp
ut line 186.


Package natbib Warning: Citation `banerjee2014photoecg' on page 2 undefined on 
input line 189.


Package natbib Warning: Citation `zhu2021learning' on page 2 undefined on input
 line 189.


Package natbib Warning: Citation `tian2022cross' on page 2 undefined on input l
ine 189.


Package natbib Warning: Citation `sarkar2021cardiogan' on page 2 undefined on i
nput line 190.


Package natbib Warning: Citation `zhu2017unpaired' on page 2 undefined on input
 line 190.


Package natbib Warning: Citation `vo2021p2e' on page 2 undefined on input line 
190.


Package natbib Warning: Citation `lan2023performer' on page 2 undefined on inpu
t line 190.


Package natbib Warning: Citation `sohl2015deep' on page 2 undefined on input li
ne 194.


Package natbib Warning: Citation `ho2020denoising' on page 2 undefined on input
 line 209.

[2]
<diagrams/rddm_process.pdf, id=18, 694.595pt x 627.34375pt>
File: diagrams/rddm_process.pdf Graphic file (type pdf)
<use diagrams/rddm_process.pdf>
Package pdftex.def Info: diagrams/rddm_process.pdf  used on input line 230.
(pdftex.def)             Requested size: 239.39438pt x 216.21365pt.
 [3 <./diagrams/rddm_process.pdf>]

Package natbib Warning: Citation `schmidt2018introducing' on page 4 undefined o
n input line 311.


Package natbib Warning: Citation `bashar2019noise' on page 4 undefined on input
 line 313.


Package natbib Warning: Citation `johnson2016mimic' on page 4 undefined on inpu
t line 313.


Package natbib Warning: Citation `liang2018new' on page 4 undefined on input li
ne 315.


Package natbib Warning: Citation `kachuee2015cuff' on page 4 undefined on input
 line 317.


Package natbib Warning: Citation `saeed2011multiparameter' on page 4 undefined 
on input line 317.


Package natbib Warning: Citation `karlen2021capnobase' on page 4 undefined on i
nput line 319.


Package natbib Warning: Citation `pimentel2016toward' on page 4 undefined on in
put line 321.


Package natbib Warning: Citation `reiss2019deep' on page 4 undefined on input l
ine 323.


Package natbib Warning: Citation `sarkar2021cardiogan' on page 4 undefined on i
nput line 328.


Package natbib Warning: Citation `pan1985real' on page 4 undefined on input lin
e 337.


Package natbib Warning: Citation `Makowski2021neurokit' on page 4 undefined on 
input line 337.


Package natbib Warning: Citation `Makowski2021neurokit' on page 4 undefined on 
input line 337.


Package natbib Warning: Citation `ho2020denoising' on page 4 undefined on input
 line 339.


Package natbib Warning: Citation `dhariwal2021diffusion' on page 4 undefined on
 input line 339.


Package natbib Warning: Citation `saharia2022photorealistic' on page 4 undefine
d on input line 339.


Package natbib Warning: Citation `ho2020denoising' on page 4 undefined on input
 line 339.


Package natbib Warning: Citation `dhariwal2021diffusion' on page 4 undefined on
 input line 339.


Package natbib Warning: Citation `saharia2022photorealistic' on page 4 undefine
d on input line 339.


Package natbib Warning: Citation `loshchilov2018decoupled' on page 4 undefined 
on input line 342.


Package natbib Warning: Citation `sarkar2021cardiogan' on page 4 undefined on i
nput line 377.

[4]

Package natbib Warning: Citation `schmidt2018introducing' on page 5 undefined o
n input line 382.


Package natbib Warning: Citation `reiss2019deep' on page 5 undefined on input l
ine 382.


Package natbib Warning: Citation `sarkar2021cardiogan' on page 5 undefined on i
nput line 382.


Package natbib Warning: Citation `hamilton2002open' on page 5 undefined on inpu
t line 382.


Package natbib Warning: Citation `bashar2019noise' on page 5 undefined on input
 line 384.


Package natbib Warning: Citation `burnsguidelines' on page 5 undefined on input
 line 385.


Package natbib Warning: Citation `sallem2020detection' on page 5 undefined on i
nput line 385.


Package natbib Warning: Citation `schmidt2018introducing' on page 5 undefined o
n input line 387.


Package natbib Warning: Citation `kim2018stress' on page 5 undefined on input l
ine 387.


Package natbib Warning: Citation `tewari2006sympathetic' on page 5 undefined on
 input line 387.


Package natbib Warning: Citation `sarkar2020self' on page 5 undefined on input 
line 387.


Package natbib Warning: Citation `behinaein2021transformer' on page 5 undefined
 on input line 387.


Package natbib Warning: Citation `liang2018new' on page 5 undefined on input li
ne 389.


Package natbib Warning: Citation `veglio2004qt' on page 5 undefined on input li
ne 390.


Package natbib Warning: Citation `reiss2019deep' on page 5 undefined on input l
ine 391.


Underfull \vbox (badness 1014) has occurred while \output is active []



Package natbib Warning: Citation `kachuee2015cuff' on page 5 undefined on input
 line 393.


Package natbib Warning: Citation `peng2006heart' on page 5 undefined on input l
ine 393.


Package natbib Warning: Citation `bird2020assessment' on page 5 undefined on in
put line 393.


Package natbib Warning: Citation `long2023bpnet' on page 5 undefined on input l
ine 396.


Package natbib Warning: Citation `hamilton2002open' on page 5 undefined on inpu
t line 400.


Package natbib Warning: Citation `elgendi2019use' on page 5 undefined on input 
line 401.


Package natbib Warning: Citation `sarkar2021cardiogan' on page 5 undefined on i
nput line 406.


Package natbib Warning: Citation `sarkar2021cardiogan' on page 5 undefined on i
nput line 415.


Package natbib Warning: Citation `sarkar2021cardiogan' on page 5 undefined on i
nput line 422.


Package natbib Warning: Citation `sarkar2021cardiogan' on page 5 undefined on i
nput line 429.


Package natbib Warning: Citation `sarkar2021cardiogan' on page 5 undefined on i
nput line 436.


Package natbib Warning: Citation `sarkar2021cardiogan' on page 5 undefined on i
nput line 443.


Package natbib Warning: Citation `song2021ppg' on page 5 undefined on input lin
e 458.


Package natbib Warning: Citation `reiss2019deep' on page 5 undefined on input l
ine 458.

[5]

Package natbib Warning: Citation `schack2017computationally' on page 6 undefine
d on input line 487.


Package natbib Warning: Citation `reiss2019deep' on page 6 undefined on input l
ine 487.


Package natbib Warning: Citation `wojcikowski2020photoplethysmographic' on page
 6 undefined on input line 487.


Package natbib Warning: Citation `song2021ppg' on page 6 undefined on input lin
e 487.


Package natbib Warning: Citation `sarkar2021cardiogan' on page 6 undefined on i
nput line 487.


Package natbib Warning: Citation `schack2017computationally' on page 6 undefine
d on input line 487.


Package natbib Warning: Citation `reiss2019deep' on page 6 undefined on input l
ine 487.


Package natbib Warning: Citation `sarkar2021cardiogan' on page 6 undefined on i
nput line 487.


Package natbib Warning: Citation `aliamiri2018deep' on page 6 undefined on inpu
t line 493.


Package natbib Warning: Citation `aliamiri2018deep' on page 6 undefined on inpu
t line 512.


Package natbib Warning: Citation `shen2019ambulatory' on page 6 undefined on in
put line 512.

<diagrams/fig_datasets.pdf, id=96, 1232.31178pt x 459.07135pt>
File: diagrams/fig_datasets.pdf Graphic file (type pdf)
<use diagrams/fig_datasets.pdf>
Package pdftex.def Info: diagrams/fig_datasets.pdf  used on input line 520.
(pdftex.def)             Requested size: 430.00958pt x 160.19403pt.

Package natbib Warning: Citation `schmidt2018introducing' on page 6 undefined o
n input line 527.


Package natbib Warning: Citation `schmidt2018introducing' on page 6 undefined o
n input line 527.


Package natbib Warning: Citation `behinaein2021transformer' on page 6 undefined
 on input line 545.


Package natbib Warning: Citation `schmidt2018introducing' on page 6 undefined o
n input line 545.


Package natbib Warning: Citation `lisowska2021catching' on page 6 undefined on 
input line 545.


Package natbib Warning: Citation `behinaein2021transformer' on page 6 undefined
 on input line 545.


Package natbib Warning: Citation `behinaein2021transformer' on page 6 undefined
 on input line 545.


Package natbib Warning: Citation `avram2020digital' on page 6 undefined on inpu
t line 550.


Package natbib Warning: Citation `lan2023performer' on page 6 undefined on inpu
t line 550.


Package natbib Warning: Citation `avram2020digital' on page 6 undefined on inpu
t line 567.


Package natbib Warning: Citation `lan2023performer' on page 6 undefined on inpu
t line 567.


LaTeX Warning: No positions in optional float specifier.
               Default added (so using `tbp') on input line 574.

<diagrams/fig_wesad.pdf, id=97, 1356.79872pt x 248.7512pt>
File: diagrams/fig_wesad.pdf Graphic file (type pdf)
<use diagrams/fig_wesad.pdf>
Package pdftex.def Info: diagrams/fig_wesad.pdf  used on input line 579.
(pdftex.def)             Requested size: 505.89pt x 92.74628pt.
<diagrams/fig_afib.pdf, id=98, 1341.57143pt x 231.26399pt>
File: diagrams/fig_afib.pdf Graphic file (type pdf)
<use diagrams/fig_afib.pdf>
Package pdftex.def Info: diagrams/fig_afib.pdf  used on input line 587.
(pdftex.def)             Requested size: 505.89pt x 87.20369pt.

Package natbib Warning: Citation `vardhan2021bp' on page 6 undefined on input l
ine 593.

[6]
Underfull \vbox (badness 5490) has occurred while \output is active []


Underfull \vbox (badness 10000) has occurred while \output is active []

 [7 <./diagrams/fig_datasets.pdf> <./diagrams/fig_wesad.pdf> <./diagrams/fig_af
ib.pdf>]

Package natbib Warning: Citation `ibtehaz2022ppg2abp' on page 8 undefined on in
put line 613.


Package natbib Warning: Citation `vardhan2021bp' on page 8 undefined on input l
ine 613.

<diagrams/plot_WESAD.pdf, id=226, 571.96307pt x 427.33968pt>
File: diagrams/plot_WESAD.pdf Graphic file (type pdf)
<use diagrams/plot_WESAD.pdf>
Package pdftex.def Info: diagrams/plot_WESAD.pdf  used on input line 622.
(pdftex.def)             Requested size: 101.17645pt x 75.5876pt.
<diagrams/plot_DALIA.pdf, id=227, 571.96307pt x 427.33968pt>
File: diagrams/plot_DALIA.pdf Graphic file (type pdf)
<use diagrams/plot_DALIA.pdf>
Package pdftex.def Info: diagrams/plot_DALIA.pdf  used on input line 623.
(pdftex.def)             Requested size: 101.17645pt x 75.5876pt.
<diagrams/plot_CAPNO.pdf, id=228, 571.96307pt x 427.33968pt>
File: diagrams/plot_CAPNO.pdf Graphic file (type pdf)
<use diagrams/plot_CAPNO.pdf>
Package pdftex.def Info: diagrams/plot_CAPNO.pdf  used on input line 624.
(pdftex.def)             Requested size: 101.17645pt x 75.5876pt.
<diagrams/plot_BIDMC.pdf, id=229, 571.96307pt x 427.33968pt>
File: diagrams/plot_BIDMC.pdf Graphic file (type pdf)
<use diagrams/plot_BIDMC.pdf>
Package pdftex.def Info: diagrams/plot_BIDMC.pdf  used on input line 625.
(pdftex.def)             Requested size: 101.17645pt x 75.5876pt.
<diagrams/plot_MIMIC-AFib.pdf, id=230, 572.56464pt x 427.33968pt>
File: diagrams/plot_MIMIC-AFib.pdf Graphic file (type pdf)
<use diagrams/plot_MIMIC-AFib.pdf>
Package pdftex.def Info: diagrams/plot_MIMIC-AFib.pdf  used on input line 626.
(pdftex.def)             Requested size: 106.2403pt x 79.29134pt.

Overfull \hbox (5.05618pt too wide) in paragraph at lines 621--630
 [][] 
 []


LaTeX Warning: `!h' float specifier changed to `!ht'.

<diagrams/afib_gamma_ablation.pdf, id=231, 433.62pt x 433.62pt>
File: diagrams/afib_gamma_ablation.pdf Graphic file (type pdf)
<use diagrams/afib_gamma_ablation.pdf>
Package pdftex.def Info: diagrams/afib_gamma_ablation.pdf  used on input line 6
54.
(pdftex.def)             Requested size: 107.72322pt x 114.90213pt.
<diagrams/HR_ablation.pdf, id=232, 498.56389pt x 497.98859pt>
File: diagrams/HR_ablation.pdf Graphic file (type pdf)
<use diagrams/HR_ablation.pdf>
Package pdftex.def Info: diagrams/HR_ablation.pdf  used on input line 656.
(pdftex.def)             Requested size: 107.72673pt x 107.59737pt.
No file main_changed.bbl.
[8]
Underfull \vbox (badness 2237) has occurred while \output is active []


Underfull \vbox (badness 10000) has occurred while \output is active []

 [9 <./diagrams/plot_WESAD.pdf> <./diagrams/plot_DALIA.pdf> <./diagrams/plot_CA
PNO.pdf> <./diagrams/plot_BIDMC.pdf> <./diagrams/plot_MIMIC-AFib.pdf> <./diagra
ms/afib_gamma_ablation.pdf> <./diagrams/HR_ablation.pdf>]

Package natbib Warning: There were undefined citations.

[10

] (main_changed.aux)
 ***********
LaTeX2e <2023-06-01> patch level 1
L3 programming layer <2023-08-29>
 ***********
 ) 
Here is how much of TeX's memory you used:
 11693 strings out of 475247
 187465 string characters out of 5757792
 1956801 words of memory out of 5000000
 32666 multiletter control sequences out of 15000+600000
 608472 words of font info for 351 fonts, out of 8000000 for 9000
 1141 hyphenation exceptions out of 8191
 70i,15n,79p,5410b,455s stack positions out of 10000i,1000n,20000p,200000b,200000s
<C:/Users/micha/AppData/Local/Programs/MiKTeX/fonts/type1/public/amsfonts/cm/
cmbx10.pfb><C:/Users/micha/AppData/Local/Programs/MiKTeX/fonts/type1/public/ams
fonts/cm/cmbx9.pfb><C:/Users/micha/AppData/Local/Programs/MiKTeX/fonts/type1/pu
blic/amsfonts/cm/cmex10.pfb><C:/Users/micha/AppData/Local/Programs/MiKTeX/fonts
/type1/public/amsfonts/cmextra/cmex9.pfb><C:/Users/micha/AppData/Local/Programs
/MiKTeX/fonts/type1/public/amsfonts/cm/cmmi10.pfb><C:/Users/micha/AppData/Local
/Programs/MiKTeX/fonts/type1/public/amsfonts/cm/cmmi5.pfb><C:/Users/micha/AppDa
ta/Local/Programs/MiKTeX/fonts/type1/public/amsfonts/cm/cmmi6.pfb><C:/Users/mic
ha/AppData/Local/Programs/MiKTeX/fonts/type1/public/amsfonts/cm/cmmi7.pfb><C:/U
sers/micha/AppData/Local/Programs/MiKTeX/fonts/type1/public/amsfonts/cm/cmmi9.p
fb><C:/Users/micha/AppData/Local/Programs/MiKTeX/fonts/type1/public/amsfonts/cm
/cmmib10.pfb><C:/Users/micha/AppData/Local/Programs/MiKTeX/fonts/type1/public/a
msfonts/cmextra/cmmib7.pfb><C:/Users/micha/AppData/Local/Programs/MiKTeX/fonts/
type1/public/amsfonts/cmextra/cmmib9.pfb><C:/Users/micha/AppData/Local/Programs
/MiKTeX/fonts/type1/public/amsfonts/cm/cmr10.pfb><C:/Users/micha/AppData/Local/
Programs/MiKTeX/fonts/type1/public/amsfonts/cm/cmr5.pfb><C:/Users/micha/AppData
/Local/Programs/MiKTeX/fonts/type1/public/amsfonts/cm/cmr6.pfb><C:/Users/micha/
AppData/Local/Programs/MiKTeX/fonts/type1/public/amsfonts/cm/cmr7.pfb><C:/Users
/micha/AppData/Local/Programs/MiKTeX/fonts/type1/public/amsfonts/cm/cmr9.pfb><C
:/Users/micha/AppData/Local/Programs/MiKTeX/fonts/type1/public/amsfonts/cm/cmsy
10.pfb><C:/Users/micha/AppData/Local/Programs/MiKTeX/fonts/type1/public/amsfont
s/cm/cmsy6.pfb><C:/Users/micha/AppData/Local/Programs/MiKTeX/fonts/type1/public
/amsfonts/cm/cmsy7.pfb><C:/Users/micha/AppData/Local/Programs/MiKTeX/fonts/type
1/public/amsfonts/cm/cmsy9.pfb><C:/Users/micha/AppData/Local/Programs/MiKTeX/fo
nts/type1/public/amsfonts/symbols/msbm10.pfb><C:/Users/micha/AppData/Local/Prog
rams/MiKTeX/fonts/type1/urw/times/utmb8a.pfb><C:/Users/micha/AppData/Local/Prog
rams/MiKTeX/fonts/type1/urw/times/utmr8a.pfb><C:/Users/micha/AppData/Local/Prog
rams/MiKTeX/fonts/type1/urw/times/utmri8a.pfb>
Output written on main_changed.pdf (10 pages, 1882461 bytes).
PDF statistics:
 634 PDF objects out of 1000 (max. 8388607)
 0 named destinations out of 1000 (max. 500000)
 68664 words of extra memory for PDF output out of 74296 (max. 10000000)

