This is pdfTeX, Version 3.141592653-2.6-1.40.25 (MiKTeX 23.9) (preloaded format=pdflatex 2023.9.22)  30 MAR 2024 17:05
entering extended mode
 restricted \write18 enabled.
 %&-line parsing enabled.
**./tuor_changed.tex
(tuor_changed.tex
LaTeX2e <2023-06-01> patch level 1
L3 programming layer <2023-08-29>
(C:\Users\micha\AppData\Local\Programs\MiKTeX\tex/latex/base\article.cls
Document Class: article 2023/05/17 v1.4n Standard LaTeX document class
(C:\Users\micha\AppData\Local\Programs\MiKTeX\tex/latex/base\size10.clo
File: size10.clo 2023/05/17 v1.4n Standard LaTeX file (size option)
)
\c@part=\count185
\c@section=\count186
\c@subsection=\count187
\c@subsubsection=\count188
\c@paragraph=\count189
\c@subparagraph=\count190
\c@figure=\count191
\c@table=\count192
\abovecaptionskip=\skip48
\belowcaptionskip=\skip49
\bibindent=\dimen140
)
(aaai18.sty
Conference Style for AAAI for LaTeX 2e -- version for the AAAI-18 conference
\titlebox=\skip50
) (C:\Users\micha\AppData\Local\Programs\MiKTeX\tex/latex/psnfss\times.sty
Package: times 2020/03/25 PSNFSS-v9.3 (SPQR) 
)
(C:\Users\micha\AppData\Local\Programs\MiKTeX\tex/latex/psnfss\helvet.sty
Package: helvet 2020/03/25 PSNFSS-v9.3 (WaS) 

(C:\Users\micha\AppData\Local\Programs\MiKTeX\tex/latex/graphics\keyval.sty
Package: keyval 2022/05/29 v1.15 key=value parser (DPC)
\KV@toks@=\toks17
))
(C:\Users\micha\AppData\Local\Programs\MiKTeX\tex/latex/amsfonts\amssymb.sty
Package: amssymb 2013/01/14 v3.01 AMS font symbols

(C:\Users\micha\AppData\Local\Programs\MiKTeX\tex/latex/amsfonts\amsfonts.sty
Package: amsfonts 2013/01/14 v3.01 Basic AMSFonts support
\@emptytoks=\toks18
\symAMSa=\mathgroup4
\symAMSb=\mathgroup5
LaTeX Font Info:    Redeclaring math symbol \hbar on input line 98.
LaTeX Font Info:    Overwriting math alphabet `\mathfrak' in version `bold'
(Font)                  U/euf/m/n --> U/euf/b/n on input line 106.
)) (C:\Users\micha\AppData\Local\Programs\MiKTeX\tex/latex/caption\subcaption.s
ty
Package: subcaption 2023/07/28 v1.6b Sub-captions (AR)
(C:\Users\micha\AppData\Local\Programs\MiKTeX\tex/latex/caption\caption.sty
Package: caption 2023/07/31 v3.6n Customizing captions (AR)

(C:\Users\micha\AppData\Local\Programs\MiKTeX\tex/latex/caption\caption3.sty
Package: caption3 2023/07/31 v2.4d caption3 kernel (AR)
\caption@tempdima=\dimen141
\captionmargin=\dimen142
\caption@leftmargin=\dimen143
\caption@rightmargin=\dimen144
\caption@width=\dimen145
\caption@indent=\dimen146
\caption@parindent=\dimen147
\caption@hangindent=\dimen148
Package caption Info: Standard document class detected.
)
\c@caption@flags=\count193
\c@continuedfloat=\count194
)
Package caption Info: New subtype `subfigure' on input line 238.
\c@subfigure=\count195
Package caption Info: New subtype `subtable' on input line 238.
\c@subtable=\count196
) (C:\Users\micha\AppData\Local\Programs\MiKTeX\tex/latex/psnfss\courier.sty
Package: courier 2020/03/25 PSNFSS-v9.3 (WaS) 
)
(C:\Users\micha\AppData\Local\Programs\MiKTeX\tex/latex/url\url.sty
\Urlmuskip=\muskip16
Package: url 2013/09/16  ver 3.4  Verb mode for urls, etc.
)
(C:\Users\micha\AppData\Local\Programs\MiKTeX\tex/latex/graphics\graphicx.sty
Package: graphicx 2021/09/16 v1.2d Enhanced LaTeX Graphics (DPC,SPQR)

(C:\Users\micha\AppData\Local\Programs\MiKTeX\tex/latex/graphics\graphics.sty
Package: graphics 2022/03/10 v1.4e Standard LaTeX Graphics (DPC,SPQR)

(C:\Users\micha\AppData\Local\Programs\MiKTeX\tex/latex/graphics\trig.sty
Package: trig 2021/08/11 v1.11 sin cos tan (DPC)
)
(C:\Users\micha\AppData\Local\Programs\MiKTeX\tex/latex/graphics-cfg\graphics.c
fg
File: graphics.cfg 2016/06/04 v1.11 sample graphics configuration
)
Package graphics Info: Driver file: pdftex.def on input line 107.

(C:\Users\micha\AppData\Local\Programs\MiKTeX\tex/latex/graphics-def\pdftex.def
File: pdftex.def 2022/09/22 v1.2b Graphics/color driver for pdftex
))
\Gin@req@height=\dimen149
\Gin@req@width=\dimen150
) (C:\Users\micha\AppData\Local\Programs\MiKTeX\tex/latex/tools\verbatim.sty
Package: verbatim 2022-07-02 v1.5u LaTeX2e package for verbatim enhancements
\every@verbatim=\toks19
\verbatim@line=\toks20
\verbatim@in@stream=\read2
) (C:\Users\micha\AppData\Local\Programs\MiKTeX\tex/latex/xcolor\xcolor.sty
Package: xcolor 2022/06/12 v2.14 LaTeX color extensions (UK)

(C:\Users\micha\AppData\Local\Programs\MiKTeX\tex/latex/graphics-cfg\color.cfg
File: color.cfg 2016/01/02 v1.6 sample color configuration
)
Package xcolor Info: Driver file: pdftex.def on input line 227.
(C:\Users\micha\AppData\Local\Programs\MiKTeX\tex/latex/colortbl\colortbl.sty
Package: colortbl 2022/06/20 v1.0f Color table columns (DPC)

(C:\Users\micha\AppData\Local\Programs\MiKTeX\tex/latex/tools\array.sty
Package: array 2022/09/04 v2.5g Tabular extension package (FMi)
\col@sep=\dimen151
\ar@mcellbox=\box51
\extrarowheight=\dimen152
\NC@list=\toks21
\extratabsurround=\skip51
\backup@length=\skip52
\ar@cellbox=\box52
)
\everycr=\toks22
\minrowclearance=\skip53
\rownum=\count197
)
(C:\Users\micha\AppData\Local\Programs\MiKTeX\tex/latex/graphics\mathcolor.ltx)
Package xcolor Info: Model `cmy' substituted by `cmy0' on input line 1353.
Package xcolor Info: Model `hsb' substituted by `rgb' on input line 1357.
Package xcolor Info: Model `RGB' extended on input line 1369.
Package xcolor Info: Model `HTML' substituted by `rgb' on input line 1371.
Package xcolor Info: Model `Hsb' substituted by `hsb' on input line 1372.
Package xcolor Info: Model `tHsb' substituted by `hsb' on input line 1373.
Package xcolor Info: Model `HSB' substituted by `hsb' on input line 1374.
Package xcolor Info: Model `Gray' substituted by `gray' on input line 1375.
Package xcolor Info: Model `wave' substituted by `hsb' on input line 1376.
)
LaTeX Font Info:    Trying to load font information for OT1+ptm on input line 3
6.
 (C:\Users\micha\AppData\Local\Programs\MiKTeX\tex/latex/psnfss\ot1ptm.fd
File: ot1ptm.fd 2001/06/04 font definitions for OT1/ptm.
)
(C:\Users\micha\AppData\Local\Programs\MiKTeX\tex/latex/l3backend\l3backend-pdf
tex.def
File: l3backend-pdftex.def 2023-04-19 L3 backend support: PDF output (pdfTeX)
\l__color_backend_stack_int=\count198
\l__pdf_internal_box=\box53
) (tuor_changed.aux)
\openout1 = `tuor_changed.aux'.

LaTeX Font Info:    Checking defaults for OML/cmm/m/it on input line 36.
LaTeX Font Info:    ... okay on input line 36.
LaTeX Font Info:    Checking defaults for OMS/cmsy/m/n on input line 36.
LaTeX Font Info:    ... okay on input line 36.
LaTeX Font Info:    Checking defaults for OT1/cmr/m/n on input line 36.
LaTeX Font Info:    ... okay on input line 36.
LaTeX Font Info:    Checking defaults for T1/cmr/m/n on input line 36.
LaTeX Font Info:    ... okay on input line 36.
LaTeX Font Info:    Checking defaults for TS1/cmr/m/n on input line 36.
LaTeX Font Info:    ... okay on input line 36.
LaTeX Font Info:    Checking defaults for OMX/cmex/m/n on input line 36.
LaTeX Font Info:    ... okay on input line 36.
LaTeX Font Info:    Checking defaults for U/cmr/m/n on input line 36.
LaTeX Font Info:    ... okay on input line 36.
Package caption Info: Begin \AtBeginDocument code.
Package caption Info: End \AtBeginDocument code.

(C:\Users\micha\AppData\Local\Programs\MiKTeX\tex/context/base/mkii\supp-pdf.mk
ii
[Loading MPS to PDF converter (version 2006.09.02).]
\scratchcounter=\count199
\scratchdimen=\dimen153
\scratchbox=\box54
\nofMPsegments=\count266
\nofMParguments=\count267
\everyMPshowfont=\toks23
\MPscratchCnt=\count268
\MPscratchDim=\dimen154
\MPnumerator=\count269
\makeMPintoPDFobject=\count270
\everyMPtoPDFconversion=\toks24
)
(C:\Users\micha\AppData\Local\Programs\MiKTeX\tex/latex/epstopdf-pkg\epstopdf-b
ase.sty
Package: epstopdf-base 2020-01-24 v2.11 Base part for package epstopdf
Package epstopdf-base Info: Redefining graphics rule for `.eps' on input line 4
85.

(C:\Users\micha\AppData\Local\Programs\MiKTeX\tex/latex/00miktex\epstopdf-sys.c
fg
File: epstopdf-sys.cfg 2021/03/18 v2.0 Configuration of epstopdf for MiKTeX
))
LaTeX Font Info:    Trying to load font information for U+msa on input line 37.

 (C:\Users\micha\AppData\Local\Programs\MiKTeX\tex/latex/amsfonts\umsa.fd
File: umsa.fd 2013/01/14 v3.01 AMS symbols A
)
LaTeX Font Info:    Trying to load font information for U+msb on input line 37.


(C:\Users\micha\AppData\Local\Programs\MiKTeX\tex/latex/amsfonts\umsb.fd
File: umsb.fd 2013/01/14 v3.01 AMS symbols B
)

LaTeX Warning: Citation `Sommer2010outside' on page 1 undefined on input line 6
7.

[1{C:/Users/micha/AppData/Local/MiKTeX/fonts/map/pdftex/pdftex.map}{C:/Users/mi
cha/AppData/Local/Programs/MiKTeX/fonts/enc/dvips/base/8r.enc}



]
Underfull \hbox (badness 2285) in paragraph at lines 88--91
[]\OT1/ptm/m/n/10 We as-sess our mod-els us-ing the pub-licly avail-able
 []


LaTeX Warning: Citation `gavai2015supervised' on page 2 undefined on input line
 98.


LaTeX Warning: Citation `LiuTingZhou08' on page 2 undefined on input line 98.


LaTeX Warning: Citation `novakov2013studies' on page 2 undefined on input line 
99.


LaTeX Warning: Citation `Ringberg2007SensitivityOP' on page 2 undefined on inpu
t line 99.


LaTeX Warning: Citation `bhattacharyya2013network' on page 2 undefined on input
 line 102.


LaTeX Warning: Citation `buczak2016survey' on page 2 undefined on input line 10
2.


LaTeX Warning: Citation `dua2016data' on page 2 undefined on input line 102.


LaTeX Warning: Citation `kumar2010use' on page 2 undefined on input line 102.


LaTeX Warning: Citation `zuech2015intrusion' on page 2 undefined on input line 
102.


LaTeX Warning: Citation `rubin2016anomaly' on page 2 undefined on input line 10
2.


LaTeX Warning: Citation `debar1992neural' on page 2 undefined on input line 105
.


LaTeX Warning: Citation `alrawashdeh2016toward' on page 2 undefined on input li
ne 106.


LaTeX Warning: Citation `bivens2002network' on page 2 undefined on input line 1
07.


LaTeX Warning: Citation `tuor2017deep' on page 2 undefined on input line 109.


LaTeX Warning: Citation `veeramachaneniAI2' on page 2 undefined on input line 1
09.


LaTeX Warning: Citation `turcotte2016modelling' on page 2 undefined on input li
ne 112.


LaTeX Warning: Citation `turcotte2016poisson' on page 2 undefined on input line
 113.


LaTeX Warning: Citation `gopalan2013scalable' on page 2 undefined on input line
 113.


LaTeX Warning: Citation `koutnik2014clockwork' on page 2 undefined on input lin
e 117.


LaTeX Warning: Citation `ling2015character' on page 2 undefined on input line 1
17.


LaTeX Warning: Citation `ling2015finding' on page 2 undefined on input line 117
.


LaTeX Warning: Citation `chung2015gated' on page 2 undefined on input line 117.



LaTeX Warning: Citation `ling2015character' on page 2 undefined on input line 1
19.


LaTeX Warning: Citation `hwang2016character' on page 2 undefined on input line 
120.


LaTeX Warning: Citation `ling2015finding' on page 2 undefined on input line 120
.


LaTeX Warning: Citation `pascanu2015malware' on page 2 undefined on input line 
121.

LaTeX Font Info:    Trying to load font information for OT1+pcr on input line 1
56.
(C:\Users\micha\AppData\Local\Programs\MiKTeX\tex/latex/psnfss\ot1pcr.fd
File: ot1pcr.fd 2001/06/04 font definitions for OT1/pcr.
)

LaTeX Warning: Citation `tensorflow2015-whitepaper' on page 2 undefined on inpu
t line 174.

[2]

LaTeX Warning: Citation `hochreiter1997long' on page 3 undefined on input line 
179.

<charlm.pdf, id=16, 963.6pt x 542.025pt>
File: charlm.pdf Graphic file (type pdf)
<use charlm.pdf>
Package pdftex.def Info: charlm.pdf  used on input line 214.
(pdftex.def)             Requested size: 227.64894pt x 128.0458pt.

LaTeX Warning: Citation `schuster1997bidirectional' on page 3 undefined on inpu
t line 219.


Underfull \hbox (badness 1163) in paragraph at lines 219--221
\OT1/ptm/m/it/10 tional \OT1/ptm/m/n/10 LSTM. We de-fine a new set of hid-den v
ec-tors
 []

<nlm_pic.pdf, id=17, 948.03465pt x 271.0145pt>
File: nlm_pic.pdf Graphic file (type pdf)
<use nlm_pic.pdf>
Package pdftex.def Info: nlm_pic.pdf  used on input line 234.
(pdftex.def)             Requested size: 237.7689pt x 67.96849pt.
[3 <./charlm.pdf> <./nlm_pic.pdf

pdfTeX warning: pdflatex (file ./nlm_pic.pdf): PDF inclusion: multiple pdfs wit
h page group included in a single page
>]

LaTeX Warning: Citation `ShyuChenetal03' on page 4 undefined on input line 277.



LaTeX Warning: Citation `LiuTingZhou08' on page 4 undefined on input line 278.


LaTeX Warning: Citation `scikit-learn' on page 4 undefined on input line 278.


LaTeX Warning: Citation `gavai2015supervised' on page 4 undefined on input line
 278.


LaTeX Warning: Citation `kent2016cyber' on page 4 undefined on input line 287.


Underfull \hbox (badness 10000) in paragraph at lines 295--322
[][]
 []

[4]
<word_lm.pdf, id=154, 379.46768pt x 250.34717pt>
File: word_lm.pdf Graphic file (type pdf)
<use word_lm.pdf>
Package pdftex.def Info: word_lm.pdf  used on input line 396.
(pdftex.def)             Requested size: 237.7689pt x 156.86768pt.
<char_lm.pdf, id=155, 379.46768pt x 250.34717pt>
File: char_lm.pdf Graphic file (type pdf)
<use char_lm.pdf>
Package pdftex.def Info: char_lm.pdf  used on input line 400.
(pdftex.def)             Requested size: 237.7689pt x 156.86768pt.
 [5]
<perc.pdf, id=159, 409.69403pt x 289.44191pt>
File: perc.pdf Graphic file (type pdf)
<use perc.pdf>
Package pdftex.def Info: perc.pdf  used on input line 419.
(pdftex.def)             Requested size: 237.7689pt x 167.978pt.
<perc_word.pdf, id=160, 648.34145pt x 472.70715pt>
File: perc_word.pdf Graphic file (type pdf)
<use perc_word.pdf>
Package pdftex.def Info: perc_word.pdf  used on input line 423.
(pdftex.def)             Requested size: 237.7689pt x 173.35533pt.
<roc2.pdf, id=161, 376.2839pt x 252.22606pt>
File: roc2.pdf Graphic file (type pdf)
<use roc2.pdf>
Package pdftex.def Info: roc2.pdf  used on input line 431.
(pdftex.def)             Requested size: 237.7689pt x 159.37663pt.
 [6 <./word_lm.pdf> <./char_lm.pdf

pdfTeX warning: pdflatex (file ./char_lm.pdf): PDF inclusion: multiple pdfs wit
h page group included in a single page
>] [7 <./perc.pdf> <./perc_word.pdf

pdfTeX warning: pdflatex (file ./perc_word.pdf): PDF inclusion: multiple pdfs w
ith page group included in a single page
> <./roc2.pdf

pdfTeX warning: pdflatex (file ./roc2.pdf): PDF inclusion: multiple pdfs with p
age group included in a single page
>]
No file tuor_changed.bbl.
[8

] (tuor_changed.aux)
 ***********
LaTeX2e <2023-06-01> patch level 1
L3 programming layer <2023-08-29>
 ***********
 )
(\end occurred inside a group at level 1)

### simple group (level 1) entered at line 405 ({)
### bottom level 
Here is how much of TeX's memory you used:
 4370 strings out of 475247
 72914 string characters out of 5757792
 1942801 words of memory out of 5000000
 25837 multiletter control sequences out of 15000+600000
 587288 words of font info for 101 fonts, out of 8000000 for 9000
 1141 hyphenation exceptions out of 8191
 67i,15n,77p,1371b,445s stack positions out of 10000i,1000n,20000p,200000b,200000s
<C:/Users/micha/AppData/Local/Programs/MiKTeX/fonts/type1/publi
c/amsfonts/cm/cmbx10.pfb><C:/Users/micha/AppData/Local/Programs/MiKTeX/fonts/ty
pe1/public/amsfonts/cm/cmbx9.pfb><C:/Users/micha/AppData/Local/Programs/MiKTeX/
fonts/type1/public/amsfonts/cm/cmex10.pfb><C:/Users/micha/AppData/Local/Program
s/MiKTeX/fonts/type1/public/amsfonts/cmextra/cmex9.pfb><C:/Users/micha/AppData/
Local/Programs/MiKTeX/fonts/type1/public/amsfonts/cm/cmmi10.pfb><C:/Users/micha
/AppData/Local/Programs/MiKTeX/fonts/type1/public/amsfonts/cm/cmmi5.pfb><C:/Use
rs/micha/AppData/Local/Programs/MiKTeX/fonts/type1/public/amsfonts/cm/cmmi6.pfb
><C:/Users/micha/AppData/Local/Programs/MiKTeX/fonts/type1/public/amsfonts/cm/c
mmi7.pfb><C:/Users/micha/AppData/Local/Programs/MiKTeX/fonts/type1/public/amsfo
nts/cm/cmmi9.pfb><C:/Users/micha/AppData/Local/Programs/MiKTeX/fonts/type1/publ
ic/amsfonts/cm/cmr10.pfb><C:/Users/micha/AppData/Local/Programs/MiKTeX/fonts/ty
pe1/public/amsfonts/cm/cmr6.pfb><C:/Users/micha/AppData/Local/Programs/MiKTeX/f
onts/type1/public/amsfonts/cm/cmr7.pfb><C:/Users/micha/AppData/Local/Programs/M
iKTeX/fonts/type1/public/amsfonts/cm/cmr9.pfb><C:/Users/micha/AppData/Local/Pro
grams/MiKTeX/fonts/type1/public/amsfonts/cm/cmsy10.pfb><C:/Users/micha/AppData/
Local/Programs/MiKTeX/fonts/type1/public/amsfonts/cm/cmsy6.pfb><C:/Users/micha/
AppData/Local/Programs/MiKTeX/fonts/type1/public/amsfonts/cm/cmsy7.pfb><C:/User
s/micha/AppData/Local/Programs/MiKTeX/fonts/type1/public/amsfonts/cm/cmsy9.pfb>
<C:/Users/micha/AppData/Local/Programs/MiKTeX/fonts/type1/public/amsfonts/symbo
ls/msbm10.pfb><C:/Users/micha/AppData/Local/Programs/MiKTeX/fonts/type1/urw/cou
rier/ucrb8a.pfb><C:/Users/micha/AppData/Local/Programs/MiKTeX/fonts/type1/urw/c
ourier/ucrr8a.pfb><C:/Users/micha/AppData/Local/Programs/MiKTeX/fonts/type1/urw
/times/utmb8a.pfb><C:/Users/micha/AppData/Local/Programs/MiKTeX/fonts/type1/urw
/times/utmr8a.pfb><C:/Users/micha/AppData/Local/Programs/MiKTeX/fonts/type1/urw
/times/utmri8a.pfb>
Output written on tuor_changed.pdf (8 pages, 2323624 bytes).
PDF statistics:
 334 PDF objects out of 1000 (max. 8388607)
 0 named destinations out of 1000 (max. 500000)
 36 words of extra memory for PDF output out of 10000 (max. 10000000)

