This is pdfTeX, Version 3.141592653-2.6-1.40.25 (MiKTeX 23.9) (preloaded format=pdflatex 2023.9.22)  30 MAR 2024 16:33
entering extended mode
 restricted \write18 enabled.
 %&-line parsing enabled.
**./5104_LaTeX_changed.tex
(5104_LaTeX_changed.tex
LaTeX2e <2023-06-01> patch level 1
L3 programming layer <2023-08-29>
(C:\Users\micha\AppData\Local\Programs\MiKTeX\tex/latex/base\article.cls
Document Class: article 2023/05/17 v1.4n Standard LaTeX document class
(C:\Users\micha\AppData\Local\Programs\MiKTeX\tex/latex/base\size10.clo
File: size10.clo 2023/05/17 v1.4n Standard LaTeX file (size option)
)
\c@part=\count185
\c@section=\count186
\c@subsection=\count187
\c@subsubsection=\count188
\c@paragraph=\count189
\c@subparagraph=\count190
\c@figure=\count191
\c@table=\count192
\abovecaptionskip=\skip48
\belowcaptionskip=\skip49
\bibindent=\dimen140
)
(aaai24.sty
Package: aaai24 2023/06/26 AAAI 2024 Submission format

Conference Style for AAAI for LaTeX 2e -- version for submission
\titlebox=\skip50
) (C:\Users\micha\AppData\Local\Programs\MiKTeX\tex/latex/psnfss\times.sty
Package: times 2020/03/25 PSNFSS-v9.3 (SPQR) 
)
(C:\Users\micha\AppData\Local\Programs\MiKTeX\tex/latex/psnfss\helvet.sty
Package: helvet 2020/03/25 PSNFSS-v9.3 (WaS) 

(C:\Users\micha\AppData\Local\Programs\MiKTeX\tex/latex/graphics\keyval.sty
Package: keyval 2022/05/29 v1.15 key=value parser (DPC)
\KV@toks@=\toks17
))
(C:\Users\micha\AppData\Local\Programs\MiKTeX\tex/latex/psnfss\courier.sty
Package: courier 2020/03/25 PSNFSS-v9.3 (WaS) 
)
(C:\Users\micha\AppData\Local\Programs\MiKTeX\tex/latex/url\url.sty
\Urlmuskip=\muskip16
Package: url 2013/09/16  ver 3.4  Verb mode for urls, etc.
)
(C:\Users\micha\AppData\Local\Programs\MiKTeX\tex/latex/graphics\graphicx.sty
Package: graphicx 2021/09/16 v1.2d Enhanced LaTeX Graphics (DPC,SPQR)

(C:\Users\micha\AppData\Local\Programs\MiKTeX\tex/latex/graphics\graphics.sty
Package: graphics 2022/03/10 v1.4e Standard LaTeX Graphics (DPC,SPQR)

(C:\Users\micha\AppData\Local\Programs\MiKTeX\tex/latex/graphics\trig.sty
Package: trig 2021/08/11 v1.11 sin cos tan (DPC)
)
(C:\Users\micha\AppData\Local\Programs\MiKTeX\tex/latex/graphics-cfg\graphics.c
fg
File: graphics.cfg 2016/06/04 v1.11 sample graphics configuration
)
Package graphics Info: Driver file: pdftex.def on input line 107.

(C:\Users\micha\AppData\Local\Programs\MiKTeX\tex/latex/graphics-def\pdftex.def
File: pdftex.def 2022/09/22 v1.2b Graphics/color driver for pdftex
))
\Gin@req@height=\dimen141
\Gin@req@width=\dimen142
) (C:\Users\micha\AppData\Local\Programs\MiKTeX\tex/latex/natbib\natbib.sty
Package: natbib 2010/09/13 8.31b (PWD, AO)
\bibhang=\skip51
\bibsep=\skip52
LaTeX Info: Redefining \cite on input line 694.
\c@NAT@ctr=\count193
)
(C:\Users\micha\AppData\Local\Programs\MiKTeX\tex/latex/caption\caption.sty
Package: caption 2023/07/31 v3.6n Customizing captions (AR)

(C:\Users\micha\AppData\Local\Programs\MiKTeX\tex/latex/caption\caption3.sty
Package: caption3 2023/07/31 v2.4d caption3 kernel (AR)
\caption@tempdima=\dimen143
\captionmargin=\dimen144
\caption@leftmargin=\dimen145
\caption@rightmargin=\dimen146
\caption@width=\dimen147
\caption@indent=\dimen148
\caption@parindent=\dimen149
\caption@hangindent=\dimen150
Package caption Info: Standard document class detected.
)
\c@caption@flags=\count194
\c@continuedfloat=\count195
)
(C:\Users\micha\AppData\Local\Programs\MiKTeX\tex/latex/algorithms\algorithm.st
y
Package: algorithm 2009/08/24 v0.1 Document Style `algorithm' - floating enviro
nment
 (C:\Users\micha\AppData\Local\Programs\MiKTeX\tex/latex/float\float.sty
Package: float 2001/11/08 v1.3d Float enhancements (AL)
\c@float@type=\count196
\float@exts=\toks18
\float@box=\box51
\@float@everytoks=\toks19
\@floatcapt=\box52
)
(C:\Users\micha\AppData\Local\Programs\MiKTeX\tex/latex/base\ifthen.sty
Package: ifthen 2022/04/13 v1.1d Standard LaTeX ifthen package (DPC)
)
\@float@every@algorithm=\toks20
\c@algorithm=\count197
)
(C:\Users\micha\AppData\Local\Programs\MiKTeX\tex/latex/algorithms\algorithmic.
sty
Package: algorithmic 2009/08/24 v0.1 Document Style `algorithmic'
\c@ALC@unique=\count198
\c@ALC@line=\count199
\c@ALC@rem=\count266
\c@ALC@depth=\count267
\ALC@tlm=\skip53
\algorithmicindent=\skip54
)
(C:\Users\micha\AppData\Local\Programs\MiKTeX\tex/latex/newfloat\newfloat.sty
Package: newfloat 2023/10/01 v1.2 Defining new floating environments (AR)
)
(C:\Users\micha\AppData\Local\Programs\MiKTeX\tex/latex/listings\listings.sty
\lst@mode=\count268
\lst@gtempboxa=\box53
\lst@token=\toks21
\lst@length=\count269
\lst@currlwidth=\dimen151
\lst@column=\count270
\lst@pos=\count271
\lst@lostspace=\dimen152
\lst@width=\dimen153
\lst@newlines=\count272
\lst@lineno=\count273
\lst@maxwidth=\dimen154

(C:\Users\micha\AppData\Local\Programs\MiKTeX\tex/latex/listings\lstmisc.sty
File: lstmisc.sty 2023/02/27 1.9 (Carsten Heinz)
\c@lstnumber=\count274
\lst@skipnumbers=\count275
\lst@framebox=\box54
)
(C:\Users\micha\AppData\Local\Programs\MiKTeX\tex/latex/listings\listings.cfg
File: listings.cfg 2023/02/27 1.9 listings configuration
))
Package: listings 2023/02/27 1.9 (Carsten Heinz)
\@float@every@listing=\toks22
\c@listing=\count276
(C:\Users\micha\AppData\Local\Programs\MiKTeX\tex/latex/amsmath\amsmath.sty
Package: amsmath 2023/05/13 v2.17o AMS math features
\@mathmargin=\skip55

For additional information on amsmath, use the `?' option.
(C:\Users\micha\AppData\Local\Programs\MiKTeX\tex/latex/amsmath\amstext.sty
Package: amstext 2021/08/26 v2.01 AMS text

(C:\Users\micha\AppData\Local\Programs\MiKTeX\tex/latex/amsmath\amsgen.sty
File: amsgen.sty 1999/11/30 v2.0 generic functions
\@emptytoks=\toks23
\ex@=\dimen155
))
(C:\Users\micha\AppData\Local\Programs\MiKTeX\tex/latex/amsmath\amsbsy.sty
Package: amsbsy 1999/11/29 v1.2d Bold Symbols
\pmbraise@=\dimen156
)
(C:\Users\micha\AppData\Local\Programs\MiKTeX\tex/latex/amsmath\amsopn.sty
Package: amsopn 2022/04/08 v2.04 operator names
)
\inf@bad=\count277
LaTeX Info: Redefining \frac on input line 234.
\uproot@=\count278
\leftroot@=\count279
LaTeX Info: Redefining \overline on input line 399.
LaTeX Info: Redefining \colon on input line 410.
\classnum@=\count280
\DOTSCASE@=\count281
LaTeX Info: Redefining \ldots on input line 496.
LaTeX Info: Redefining \dots on input line 499.
LaTeX Info: Redefining \cdots on input line 620.
\Mathstrutbox@=\box55
\strutbox@=\box56
LaTeX Info: Redefining \big on input line 722.
LaTeX Info: Redefining \Big on input line 723.
LaTeX Info: Redefining \bigg on input line 724.
LaTeX Info: Redefining \Bigg on input line 725.
\big@size=\dimen157
LaTeX Font Info:    Redeclaring font encoding OML on input line 743.
LaTeX Font Info:    Redeclaring font encoding OMS on input line 744.
\macc@depth=\count282
LaTeX Info: Redefining \bmod on input line 905.
LaTeX Info: Redefining \pmod on input line 910.
LaTeX Info: Redefining \smash on input line 940.
LaTeX Info: Redefining \relbar on input line 970.
LaTeX Info: Redefining \Relbar on input line 971.
\c@MaxMatrixCols=\count283
\dotsspace@=\muskip17
\c@parentequation=\count284
\dspbrk@lvl=\count285
\tag@help=\toks24
\row@=\count286
\column@=\count287
\maxfields@=\count288
\andhelp@=\toks25
\eqnshift@=\dimen158
\alignsep@=\dimen159
\tagshift@=\dimen160
\tagwidth@=\dimen161
\totwidth@=\dimen162
\lineht@=\dimen163
\@envbody=\toks26
\multlinegap=\skip56
\multlinetaggap=\skip57
\mathdisplay@stack=\toks27
LaTeX Info: Redefining \[ on input line 2953.
LaTeX Info: Redefining \] on input line 2954.
)
(C:\Users\micha\AppData\Local\Programs\MiKTeX\tex/latex/amscls\amsthm.sty
Package: amsthm 2020/05/29 v2.20.6
\thm@style=\toks28
\thm@bodyfont=\toks29
\thm@headfont=\toks30
\thm@notefont=\toks31
\thm@headpunct=\toks32
\thm@preskip=\skip58
\thm@postskip=\skip59
\thm@headsep=\skip60
\dth@everypar=\toks33
)
(C:\Users\micha\AppData\Local\Programs\MiKTeX\tex/latex/amsfonts\amsfonts.sty
Package: amsfonts 2013/01/14 v3.01 Basic AMSFonts support
\symAMSa=\mathgroup4
\symAMSb=\mathgroup5
LaTeX Font Info:    Redeclaring math symbol \hbar on input line 98.
LaTeX Font Info:    Overwriting math alphabet `\mathfrak' in version `bold'
(Font)                  U/euf/m/n --> U/euf/b/n on input line 106.
)
(C:\Users\micha\AppData\Local\Programs\MiKTeX\tex/latex/multirow\multirow.sty
Package: multirow 2021/03/15 v2.8 Span multiple rows of a table
\multirow@colwidth=\skip61
\multirow@cntb=\count289
\multirow@dima=\skip62
\bigstrutjot=\dimen164
)
(C:\Users\micha\AppData\Local\Programs\MiKTeX\tex/latex/graphics\color.sty
Package: color 2022/01/06 v1.3d Standard LaTeX Color (DPC)

(C:\Users\micha\AppData\Local\Programs\MiKTeX\tex/latex/graphics-cfg\color.cfg
File: color.cfg 2016/01/02 v1.6 sample color configuration
)
Package color Info: Driver file: pdftex.def on input line 149.
(C:\Users\micha\AppData\Local\Programs\MiKTeX\tex/latex/graphics\mathcolor.ltx)
)
(C:\Users\micha\AppData\Local\Programs\MiKTeX\tex/latex/caption\subcaption.sty
Package: subcaption 2023/07/28 v1.6b Sub-captions (AR)
Package caption Info: New subtype `subfigure' on input line 238.
\c@subfigure=\count290
Package caption Info: New subtype `subtable' on input line 238.
\c@subtable=\count291
) (C:\Users\micha\AppData\Local\Programs\MiKTeX\tex/latex/booktabs\booktabs.sty
Package: booktabs 2020/01/12 v1.61803398 Publication quality tables
\heavyrulewidth=\dimen165
\lightrulewidth=\dimen166
\cmidrulewidth=\dimen167
\belowrulesep=\dimen168
\belowbottomsep=\dimen169
\aboverulesep=\dimen170
\abovetopsep=\dimen171
\cmidrulesep=\dimen172
\cmidrulekern=\dimen173
\defaultaddspace=\dimen174
\@cmidla=\count292
\@cmidlb=\count293
\@aboverulesep=\dimen175
\@belowrulesep=\dimen176
\@thisruleclass=\count294
\@lastruleclass=\count295
\@thisrulewidth=\dimen177
) (C:\Users\micha\AppData\Local\Programs\MiKTeX\tex/latex/natbib\bibentry.sty
Package: bibentry 2007/10/30 1.5 (PWD)
)
LaTeX Font Info:    Trying to load font information for OT1+ptm on input line 1
85.

(C:\Users\micha\AppData\Local\Programs\MiKTeX\tex/latex/psnfss\ot1ptm.fd
File: ot1ptm.fd 2001/06/04 font definitions for OT1/ptm.
)
(C:\Users\micha\AppData\Local\Programs\MiKTeX\tex/latex/l3backend\l3backend-pdf
tex.def
File: l3backend-pdftex.def 2023-04-19 L3 backend support: PDF output (pdfTeX)
\l__color_backend_stack_int=\count296
\l__pdf_internal_box=\box57
) (5104_LaTeX_changed.aux)
\openout1 = `5104_LaTeX_changed.aux'.

LaTeX Font Info:    Checking defaults for OML/cmm/m/it on input line 185.
LaTeX Font Info:    ... okay on input line 185.
LaTeX Font Info:    Checking defaults for OMS/cmsy/m/n on input line 185.
LaTeX Font Info:    ... okay on input line 185.
LaTeX Font Info:    Checking defaults for OT1/cmr/m/n on input line 185.
LaTeX Font Info:    ... okay on input line 185.
LaTeX Font Info:    Checking defaults for T1/cmr/m/n on input line 185.
LaTeX Font Info:    ... okay on input line 185.
LaTeX Font Info:    Checking defaults for TS1/cmr/m/n on input line 185.
LaTeX Font Info:    ... okay on input line 185.
LaTeX Font Info:    Checking defaults for OMX/cmex/m/n on input line 185.
LaTeX Font Info:    ... okay on input line 185.
LaTeX Font Info:    Checking defaults for U/cmr/m/n on input line 185.
LaTeX Font Info:    ... okay on input line 185.

(C:\Users\micha\AppData\Local\Programs\MiKTeX\tex/context/base/mkii\supp-pdf.mk
ii
[Loading MPS to PDF converter (version 2006.09.02).]
\scratchcounter=\count297
\scratchdimen=\dimen178
\scratchbox=\box58
\nofMPsegments=\count298
\nofMParguments=\count299
\everyMPshowfont=\toks34
\MPscratchCnt=\count300
\MPscratchDim=\dimen179
\MPnumerator=\count301
\makeMPintoPDFobject=\count302
\everyMPtoPDFconversion=\toks35
)
(C:\Users\micha\AppData\Local\Programs\MiKTeX\tex/latex/epstopdf-pkg\epstopdf-b
ase.sty
Package: epstopdf-base 2020-01-24 v2.11 Base part for package epstopdf
Package epstopdf-base Info: Redefining graphics rule for `.eps' on input line 4
85.

(C:\Users\micha\AppData\Local\Programs\MiKTeX\tex/latex/00miktex\epstopdf-sys.c
fg
File: epstopdf-sys.cfg 2021/03/18 v2.0 Configuration of epstopdf for MiKTeX
))
Package caption Info: Begin \AtBeginDocument code.
Package caption Info: float package is loaded.
Package caption Info: listings package is loaded.
Package caption Info: End \AtBeginDocument code.
Package newfloat Info: `float' package detected.
\c@lstlisting=\count303
\c@eqfn=\count304
\titlearea=\box59
LaTeX Font Info:    Trying to load font information for U+msa on input line 187
.
 (C:\Users\micha\AppData\Local\Programs\MiKTeX\tex/latex/amsfonts\umsa.fd
File: umsa.fd 2013/01/14 v3.01 AMS symbols A
)
LaTeX Font Info:    Trying to load font information for U+msb on input line 187
.

(C:\Users\micha\AppData\Local\Programs\MiKTeX\tex/latex/amsfonts\umsb.fd
File: umsb.fd 2013/01/14 v3.01 AMS symbols B
)
LaTeX Font Info:    Trying to load font information for OMS+ptm on input line 1
87.

(C:\Users\micha\AppData\Local\Programs\MiKTeX\tex/latex/psnfss\omsptm.fd
File: omsptm.fd 
)
LaTeX Font Info:    Font shape `OMS/ptm/m/n' in size <10> not available
(Font)              Font shape `OMS/cmsy/m/n' tried instead on input line 187.
\actualheight=\skip63
LaTeX Font Info:    Trying to load font information for TS1+ptm on input line 1
87.

(C:\Users\micha\AppData\Local\Programs\MiKTeX\tex/latex/psnfss\ts1ptm.fd
File: ts1ptm.fd 2001/06/04 font definitions for TS1/ptm.
)

Package natbib Warning: Citation `Wang_TOG_2018' on page 1 undefined on input l
ine 195.


Package natbib Warning: Citation `mo2019structurenet' on page 1 undefined on in
put line 195.


Package natbib Warning: Citation `Li_Niu_Xu_2020' on page 1 undefined on input 
line 195.


Package natbib Warning: Citation `jones2020shapeAssembly' on page 1 undefined o
n input line 195.


Package natbib Warning: Citation `Gal_2021_ICCV' on page 1 undefined on input l
ine 195.


Package natbib Warning: Citation `Li_Liu_Walder_2022' on page 1 undefined on in
put line 195.


Package natbib Warning: Citation `Liu_2021_NCA' on page 1 undefined on input li
ne 195.


Underfull \hbox (badness 1205) in paragraph at lines 195--196
\OT1/ptm/m/n/10 ered the fun-da-men-tal units. Re-cently, part-based meth-
 []

<./figures/intro.pdf, id=1, 1525.7pt x 355.3275pt>
File: ./figures/intro.pdf Graphic file (type pdf)
<use ./figures/intro.pdf>
Package pdftex.def Info: ./figures/intro.pdf  used on input line 199.
(pdftex.def)             Requested size: 505.89pt x 117.81688pt.

Package natbib Warning: Citation `Gal_2021_ICCV' on page 1 undefined on input l
ine 204.


Package natbib Warning: Citation `li2021spgan' on page 1 undefined on input lin
e 204.


Package natbib Warning: Citation `wu2020multimodal' on page 1 undefined on inpu
t line 204.


Package natbib Warning: Citation `Schor_2019_ICCV' on page 1 undefined on input
 line 204.


Package natbib Warning: Citation `Li_Niu_Xu_2020' on page 1 undefined on input 
line 204.


Package natbib Warning: Citation `Li_Liu_Walder_2022' on page 1 undefined on in
put line 204.


Package natbib Warning: Citation `Chen_2019_ICCV' on page 1 undefined on input 
line 206.


Package natbib Warning: Citation `Zhu_2020_CVPR' on page 1 undefined on input l
ine 206.


Package natbib Warning: Citation `Zhang_Yang_Wu_Jin_2022' on page 1 undefined o
n input line 206.


Underfull \vbox (badness 10000) has occurred while \output is active []

 [1{C:/Users/micha/AppData/Local/MiKTeX/fonts/map/pdftex/pdftex.map}{C:/Users/m
icha/AppData/Local/Programs/MiKTeX/fonts/enc/dvips/base/8r.enc}



]

Package natbib Warning: Citation `Shu_2019_ICCV' on page 2 undefined on input l
ine 223.


Package natbib Warning: Citation `li2021spgan' on page 2 undefined on input lin
e 223.


Package natbib Warning: Citation `Yang_2018_CVPR' on page 2 undefined on input 
line 223.


Package natbib Warning: Citation `Gal_2021_ICCV' on page 2 undefined on input l
ine 223.


Package natbib Warning: Citation `Li_Liu_Walder_2022' on page 2 undefined on in
put line 223.


Package natbib Warning: Citation `ngn2020LPMNetLP' on page 2 undefined on input
 line 223.


Package natbib Warning: Citation `Postels_2021_3DV' on page 2 undefined on inpu
t line 223.


Package natbib Warning: Citation `Li_2022_TVCG' on page 2 undefined on input li
ne 223.


Package natbib Warning: Citation `cheng2022autoregressive' on page 2 undefined 
on input line 223.


Underfull \hbox (badness 1902) in paragraph at lines 223--224
\OT1/ptm/m/n/10 fine-grained im-prove-ment of gen-er-a-tive re-sults can be
 []


Package natbib Warning: Citation `Yi16' on page 2 undefined on input line 227.


Package natbib Warning: Citation `Mo_2019_CVPR' on page 2 undefined on input li
ne 227.


Package natbib Warning: Citation `Schor_2019_ICCV' on page 2 undefined on input
 line 227.


Package natbib Warning: Citation `Dubrovina_2019_ICCV' on page 2 undefined on i
nput line 227.


Package natbib Warning: Citation `yin2020coalesce' on page 2 undefined on input
 line 227.


Package natbib Warning: Citation `Hui_2022_CVPR' on page 2 undefined on input l
ine 227.


Package natbib Warning: Citation `wu2023attention' on page 2 undefined on input
 line 227.


Package natbib Warning: Citation `Schor_2019_ICCV' on page 2 undefined on input
 line 227.


Package natbib Warning: Citation `Dubrovina_2019_ICCV' on page 2 undefined on i
nput line 227.


Package natbib Warning: Citation `wu2023attention' on page 2 undefined on input
 line 227.


Package natbib Warning: Citation `li_sig17' on page 2 undefined on input line 2
27.


Package natbib Warning: Citation `Wang_TOG_2018' on page 2 undefined on input l
ine 227.


Package natbib Warning: Citation `Wu_TOG_2019' on page 2 undefined on input lin
e 227.


Package natbib Warning: Citation `Li_Niu_Xu_2020' on page 2 undefined on input 
line 227.


Package natbib Warning: Citation `Wang_TOG_2018' on page 2 undefined on input l
ine 227.


Package natbib Warning: Citation `Li_Niu_Xu_2020' on page 2 undefined on input 
line 227.


Package natbib Warning: Citation `Zou_2017_ICCV' on page 2 undefined on input l
ine 227.


Package natbib Warning: Citation `mo2019structurenet' on page 2 undefined on in
put line 227.


Package natbib Warning: Citation `Mo_2020_CVPR' on page 2 undefined on input li
ne 227.


Package natbib Warning: Citation `Wu_2020_CVPR' on page 2 undefined on input li
ne 227.


Package natbib Warning: Citation `jones2020shapeAssembly' on page 2 undefined o
n input line 227.


Package natbib Warning: Citation `wang2022shape' on page 2 undefined on input l
ine 227.


Package natbib Warning: Citation `Zhuang_2022' on page 2 undefined on input lin
e 227.


Package natbib Warning: Citation `Zou_2017_ICCV' on page 2 undefined on input l
ine 227.


Package natbib Warning: Citation `Wu_2020_CVPR' on page 2 undefined on input li
ne 227.


Package natbib Warning: Citation `jones2020shapeAssembly' on page 2 undefined o
n input line 227.


Package natbib Warning: Citation `wu2020multimodal' on page 2 undefined on inpu
t line 231.


Package natbib Warning: Citation `chen2020pcl2pcl' on page 2 undefined on input
 line 231.


Package natbib Warning: Citation `Zhou_2021_ICCV' on page 2 undefined on input 
line 231.


Package natbib Warning: Citation `Mittal_2022_CVPR' on page 2 undefined on inpu
t line 231.


Package natbib Warning: Citation `NIPS2017_7a98af17' on page 2 undefined on inp
ut line 231.


Package natbib Warning: Citation `Yan_2022_CVPR' on page 2 undefined on input l
ine 231.


Package natbib Warning: Citation `Arora_2022_CVPR' on page 2 undefined on input
 line 231.


Package natbib Warning: Citation `zhang2021gca' on page 2 undefined on input li
ne 231.


Package natbib Warning: Citation `Zhao_2021_MM' on page 2 undefined on input li
ne 231.


Package natbib Warning: Citation `jiang2022probabilistic' on page 2 undefined o
n input line 231.


Package natbib Warning: Citation `Cheng_2023_CVPR' on page 2 undefined on input
 line 231.


Underfull \vbox (badness 10000) has occurred while \output is active []

 [2 <./figures/intro.pdf>]
<./figures/method.pdf, id=41, 876.27374pt x 464.73625pt>
File: ./figures/method.pdf Graphic file (type pdf)
<use ./figures/method.pdf>
Package pdftex.def Info: ./figures/method.pdf  used on input line 236.
(pdftex.def)             Requested size: 404.71353pt x 214.6464pt.


Package natbib Warning: Citation `Yi16' on page 3 undefined on input line 248.


Package natbib Warning: Citation `Mo_2019_CVPR' on page 3 undefined on input li
ne 248.


Package natbib Warning: Citation `Chen_2019_ICCV' on page 3 undefined on input 
line 248.


Package natbib Warning: Citation `Zhu_2020_CVPR' on page 3 undefined on input l
ine 248.


Package natbib Warning: Citation `Zhang_Yang_Wu_Jin_2022' on page 3 undefined o
n input line 248.


Package natbib Warning: Citation `achlioptas2017latent_pc' on page 3 undefined 
on input line 248.


Package natbib Warning: Citation `Qi_2017_CVPR' on page 3 undefined on input li
ne 248.


Package natbib Warning: Citation `Fan_2017_CVPR' on page 3 undefined on input l
ine 248.


Package natbib Warning: Citation `Huang_2017_ICCV' on page 3 undefined on input
 line 252.


Package natbib Warning: Citation `Schor_2019_ICCV' on page 3 undefined on input
 line 256.


Package natbib Warning: Citation `Dubrovina_2019_ICCV' on page 3 undefined on i
nput line 256.


Package natbib Warning: Citation `yin2020coalesce' on page 3 undefined on input
 line 256.


Package natbib Warning: Citation `Li_Niu_Xu_2020' on page 3 undefined on input 
line 256.


Package natbib Warning: Citation `pmlr-v70-arjovsky17a' on page 3 undefined on 
input line 268.


Package natbib Warning: Citation `NIPS2017_892c3b1c' on page 3 undefined on inp
ut line 268.


Underfull \hbox (badness 1776) in paragraph at lines 268--269
\OT1/ptm/m/n/10 We adopt the loss func-tion in-tro-duced in Wasser-stein
 []

[3]

Package natbib Warning: Citation `NIPS2017_892c3b1c' on page 4 undefined on inp
ut line 290.


Package natbib Warning: Citation `Mo_2019_CVPR' on page 4 undefined on input li
ne 297.


Package natbib Warning: Citation `Gal_2021_ICCV' on page 4 undefined on input l
ine 297.


Package natbib Warning: Citation `Li_Liu_Walder_2022' on page 4 undefined on in
put line 297.


Package natbib Warning: Citation `Yi16' on page 4 undefined on input line 297.


Underfull \vbox (badness 3815) has occurred while \output is active []

<./figures/tmds.pdf, id=51, 1013.7875pt x 346.29375pt>
File: ./figures/tmds.pdf Graphic file (type pdf)
<use ./figures/tmds.pdf>
Package pdftex.def Info: ./figures/tmds.pdf  used on input line 319.
(pdftex.def)             Requested size: 239.39438pt x 81.77005pt.
 [4 <./figures/method.pdf>]

Package natbib Warning: Citation `Li_Niu_Xu_2020' on page 5 undefined on input 
line 328.


Package natbib Warning: Citation `Gal_2021_ICCV' on page 5 undefined on input l
ine 328.


Package natbib Warning: Citation `li2021spgan' on page 5 undefined on input lin
e 328.


Package natbib Warning: Citation `Li_Liu_Walder_2022' on page 5 undefined on in
put line 328.


Package natbib Warning: Citation `wu2020multimodal' on page 5 undefined on inpu
t line 328.


Package natbib Warning: Citation `wu2020multimodal' on page 5 undefined on inpu
t line 328.


Overfull \hbox (11.96727pt too wide) detected at line 359
[][][]
 []


Underfull \vbox (badness 10000) has occurred while \output is active []



Package natbib Warning: Citation `Fan_2017_CVPR' on page 5 undefined on input l
ine 360.

<./figures/editings.pdf, id=85, 1423.3175pt x 1045.9075pt>
File: ./figures/editings.pdf Graphic file (type pdf)
<use ./figures/editings.pdf>
Package pdftex.def Info: ./figures/editings.pdf  used on input line 364.
(pdftex.def)             Requested size: 404.71353pt x 297.38452pt.
<./figures/part-select.pdf, id=86, 975.645pt x 342.27875pt>
File: ./figures/part-select.pdf Graphic file (type pdf)
<use ./figures/part-select.pdf>
Package pdftex.def Info: ./figures/part-select.pdf  used on input line 373.
(pdftex.def)             Requested size: 239.39438pt x 83.98175pt.
<./figures/real-scan.pdf, id=87, 828.09375pt x 445.665pt>
File: ./figures/real-scan.pdf Graphic file (type pdf)
<use ./figures/real-scan.pdf>
Package pdftex.def Info: ./figures/real-scan.pdf  used on input line 380.
(pdftex.def)             Requested size: 239.39438pt x 128.83832pt.
<./figures/generation.pdf, id=88, 608.2725pt x 360.34625pt>
File: ./figures/generation.pdf Graphic file (type pdf)
<use ./figures/generation.pdf>
Package pdftex.def Info: ./figures/generation.pdf  used on input line 419.
(pdftex.def)             Requested size: 167.57533pt x 99.26872pt.

Package natbib Warning: Citation `dai2017scannet' on page 5 undefined on input 
line 424.

[5 <./figures/tmds.pdf>]

Package natbib Warning: Citation `Zhang_Yang_Wu_Jin_2022' on page 6 undefined o
n input line 429.

[6 <./figures/editings.pdf> <./figures/part-select.pdf> <./figures/real-scan.pd
f>]

Package natbib Warning: Citation `achlioptas2017latent_pc' on page 7 undefined 
on input line 452.


Package natbib Warning: Citation `Li_Liu_Walder_2022' on page 7 undefined on in
put line 452.


Underfull \hbox (badness 1178) in paragraph at lines 465--465
[]\OT1/ptm/m/n/10 Laborum do-loremque ve-niam enim aliq-uid rep-re-hen-
 []

[7 <./figures/generation.pdf>] [8

]
No file 5104_LaTeX_changed.bbl.

Package natbib Warning: There were undefined citations.

(5104_LaTeX_changed.aux)
 ***********
LaTeX2e <2023-06-01> patch level 1
L3 programming layer <2023-08-29>
 ***********
 ) 
Here is how much of TeX's memory you used:
 6459 strings out of 475247
 106909 string characters out of 5757792
 1950801 words of memory out of 5000000
 27888 multiletter control sequences out of 15000+600000
 583603 words of font info for 93 fonts, out of 8000000 for 9000
 1141 hyphenation exceptions out of 8191
 57i,14n,65p,2533b,308s stack positions out of 10000i,1000n,20000p,200000b,200000s
<C:/Users/micha/AppData/Local/Programs/MiKTeX/fonts/type1/public/amsfonts/cm/
cmex10.pfb><C:/Users/micha/AppData/Local/Programs/MiKTeX/fonts/type1/public/ams
fonts/cm/cmmi10.pfb><C:/Users/micha/AppData/Local/Programs/MiKTeX/fonts/type1/p
ublic/amsfonts/cm/cmmi5.pfb><C:/Users/micha/AppData/Local/Programs/MiKTeX/fonts
/type1/public/amsfonts/cm/cmmi7.pfb><C:/Users/micha/AppData/Local/Programs/MiKT
eX/fonts/type1/public/amsfonts/cm/cmmi9.pfb><C:/Users/micha/AppData/Local/Progr
ams/MiKTeX/fonts/type1/public/amsfonts/cm/cmr10.pfb><C:/Users/micha/AppData/Loc
al/Programs/MiKTeX/fonts/type1/public/amsfonts/cm/cmr7.pfb><C:/Users/micha/AppD
ata/Local/Programs/MiKTeX/fonts/type1/public/amsfonts/cm/cmr9.pfb><C:/Users/mic
ha/AppData/Local/Programs/MiKTeX/fonts/type1/public/amsfonts/cm/cmsy10.pfb><C:/
Users/micha/AppData/Local/Programs/MiKTeX/fonts/type1/public/amsfonts/cm/cmsy7.
pfb><C:/Users/micha/AppData/Local/Programs/MiKTeX/fonts/type1/public/amsfonts/c
m/cmsy9.pfb><C:/Users/micha/AppData/Local/Programs/MiKTeX/fonts/type1/public/am
sfonts/symbols/msbm10.pfb><C:/Users/micha/AppData/Local/Programs/MiKTeX/fonts/t
ype1/public/amsfonts/symbols/msbm7.pfb><C:/Users/micha/AppData/Local/Programs/M
iKTeX/fonts/type1/urw/times/utmb8a.pfb><C:/Users/micha/AppData/Local/Programs/M
iKTeX/fonts/type1/urw/times/utmr8a.pfb>
Output written on 5104_LaTeX_changed.pdf (8 pages, 8416170 bytes).
PDF statistics:
 327 PDF objects out of 1000 (max. 8388607)
 0 named destinations out of 1000 (max. 500000)
 36 words of extra memory for PDF output out of 10000 (max. 10000000)

