This is pdfTeX, Version 3.141592653-2.6-1.40.25 (MiKTeX 23.9) (preloaded format=pdflatex 2023.9.22)  30 MAR 2024 16:23
entering extended mode
 restricted \write18 enabled.
 %&-line parsing enabled.
**./AAAI-YuX.2226_changed.tex
(AAAI-YuX.2226_changed.tex
LaTeX2e <2023-06-01> patch level 1
L3 programming layer <2023-08-29>
(C:\Users\micha\AppData\Local\Programs\MiKTeX\tex/latex/base\article.cls
Document Class: article 2023/05/17 v1.4n Standard LaTeX document class
(C:\Users\micha\AppData\Local\Programs\MiKTeX\tex/latex/base\size10.clo
File: size10.clo 2023/05/17 v1.4n Standard LaTeX file (size option)
)
\c@part=\count185
\c@section=\count186
\c@subsection=\count187
\c@subsubsection=\count188
\c@paragraph=\count189
\c@subparagraph=\count190
\c@figure=\count191
\c@table=\count192
\abovecaptionskip=\skip48
\belowcaptionskip=\skip49
\bibindent=\dimen140
)
(aaai20.sty
Conference Style for AAAI for LaTeX 2e -- version for the AAAI-20 conference
\titlebox=\skip50
) (C:\Users\micha\AppData\Local\Programs\MiKTeX\tex/latex/psnfss\times.sty
Package: times 2020/03/25 PSNFSS-v9.3 (SPQR) 
)
(C:\Users\micha\AppData\Local\Programs\MiKTeX\tex/latex/psnfss\helvet.sty
Package: helvet 2020/03/25 PSNFSS-v9.3 (WaS) 

(C:\Users\micha\AppData\Local\Programs\MiKTeX\tex/latex/graphics\keyval.sty
Package: keyval 2022/05/29 v1.15 key=value parser (DPC)
\KV@toks@=\toks17
))
(C:\Users\micha\AppData\Local\Programs\MiKTeX\tex/latex/psnfss\courier.sty
Package: courier 2020/03/25 PSNFSS-v9.3 (WaS) 
)
(C:\Users\micha\AppData\Local\Programs\MiKTeX\tex/latex/url\url.sty
\Urlmuskip=\muskip16
Package: url 2013/09/16  ver 3.4  Verb mode for urls, etc.
)
(C:\Users\micha\AppData\Local\Programs\MiKTeX\tex/latex/graphics\color.sty
Package: color 2022/01/06 v1.3d Standard LaTeX Color (DPC)

(C:\Users\micha\AppData\Local\Programs\MiKTeX\tex/latex/graphics-cfg\color.cfg
File: color.cfg 2016/01/02 v1.6 sample color configuration
)
Package color Info: Driver file: pdftex.def on input line 149.

(C:\Users\micha\AppData\Local\Programs\MiKTeX\tex/latex/graphics-def\pdftex.def
File: pdftex.def 2022/09/22 v1.2b Graphics/color driver for pdftex
)
(C:\Users\micha\AppData\Local\Programs\MiKTeX\tex/latex/graphics\mathcolor.ltx)
) (C:\Users\micha\AppData\Local\Programs\MiKTeX\tex/latex/graphics\graphicx.sty
Package: graphicx 2021/09/16 v1.2d Enhanced LaTeX Graphics (DPC,SPQR)
(C:\Users\micha\AppData\Local\Programs\MiKTeX\tex/latex/graphics\graphics.sty
Package: graphics 2022/03/10 v1.4e Standard LaTeX Graphics (DPC,SPQR)

(C:\Users\micha\AppData\Local\Programs\MiKTeX\tex/latex/graphics\trig.sty
Package: trig 2021/08/11 v1.11 sin cos tan (DPC)
)
(C:\Users\micha\AppData\Local\Programs\MiKTeX\tex/latex/graphics-cfg\graphics.c
fg
File: graphics.cfg 2016/06/04 v1.11 sample graphics configuration
)
Package graphics Info: Driver file: pdftex.def on input line 107.
)
\Gin@req@height=\dimen141
\Gin@req@width=\dimen142
)
(C:\Users\micha\AppData\Local\Programs\MiKTeX\tex/latex/mathtools\mathtools.sty
Package: mathtools 2022/06/29 v1.29 mathematical typesetting tools
(C:\Users\micha\AppData\Local\Programs\MiKTeX\tex/latex/tools\calc.sty
Package: calc 2017/05/25 v4.3 Infix arithmetic (KKT,FJ)
\calc@Acount=\count193
\calc@Bcount=\count194
\calc@Adimen=\dimen143
\calc@Bdimen=\dimen144
\calc@Askip=\skip51
\calc@Bskip=\skip52
LaTeX Info: Redefining \setlength on input line 80.
LaTeX Info: Redefining \addtolength on input line 81.
\calc@Ccount=\count195
\calc@Cskip=\skip53
)
(C:\Users\micha\AppData\Local\Programs\MiKTeX\tex/latex/mathtools\mhsetup.sty
Package: mhsetup 2021/03/18 v1.4 programming setup (MH)
)
(C:\Users\micha\AppData\Local\Programs\MiKTeX\tex/latex/amsmath\amsmath.sty
Package: amsmath 2023/05/13 v2.17o AMS math features
\@mathmargin=\skip54

For additional information on amsmath, use the `?' option.
(C:\Users\micha\AppData\Local\Programs\MiKTeX\tex/latex/amsmath\amstext.sty
Package: amstext 2021/08/26 v2.01 AMS text

(C:\Users\micha\AppData\Local\Programs\MiKTeX\tex/latex/amsmath\amsgen.sty
File: amsgen.sty 1999/11/30 v2.0 generic functions
\@emptytoks=\toks18
\ex@=\dimen145
))
(C:\Users\micha\AppData\Local\Programs\MiKTeX\tex/latex/amsmath\amsbsy.sty
Package: amsbsy 1999/11/29 v1.2d Bold Symbols
\pmbraise@=\dimen146
)
(C:\Users\micha\AppData\Local\Programs\MiKTeX\tex/latex/amsmath\amsopn.sty
Package: amsopn 2022/04/08 v2.04 operator names
)
\inf@bad=\count196
LaTeX Info: Redefining \frac on input line 234.
\uproot@=\count197
\leftroot@=\count198
LaTeX Info: Redefining \overline on input line 399.
LaTeX Info: Redefining \colon on input line 410.
\classnum@=\count199
\DOTSCASE@=\count266
LaTeX Info: Redefining \ldots on input line 496.
LaTeX Info: Redefining \dots on input line 499.
LaTeX Info: Redefining \cdots on input line 620.
\Mathstrutbox@=\box51
\strutbox@=\box52
LaTeX Info: Redefining \big on input line 722.
LaTeX Info: Redefining \Big on input line 723.
LaTeX Info: Redefining \bigg on input line 724.
LaTeX Info: Redefining \Bigg on input line 725.
\big@size=\dimen147
LaTeX Font Info:    Redeclaring font encoding OML on input line 743.
LaTeX Font Info:    Redeclaring font encoding OMS on input line 744.
\macc@depth=\count267
LaTeX Info: Redefining \bmod on input line 905.
LaTeX Info: Redefining \pmod on input line 910.
LaTeX Info: Redefining \smash on input line 940.
LaTeX Info: Redefining \relbar on input line 970.
LaTeX Info: Redefining \Relbar on input line 971.
\c@MaxMatrixCols=\count268
\dotsspace@=\muskip17
\c@parentequation=\count269
\dspbrk@lvl=\count270
\tag@help=\toks19
\row@=\count271
\column@=\count272
\maxfields@=\count273
\andhelp@=\toks20
\eqnshift@=\dimen148
\alignsep@=\dimen149
\tagshift@=\dimen150
\tagwidth@=\dimen151
\totwidth@=\dimen152
\lineht@=\dimen153
\@envbody=\toks21
\multlinegap=\skip55
\multlinetaggap=\skip56
\mathdisplay@stack=\toks22
LaTeX Info: Redefining \[ on input line 2953.
LaTeX Info: Redefining \] on input line 2954.
)
\g_MT_multlinerow_int=\count274
\l_MT_multwidth_dim=\dimen154
\origjot=\skip57
\l_MT_shortvdotswithinadjustabove_dim=\dimen155
\l_MT_shortvdotswithinadjustbelow_dim=\dimen156
\l_MT_above_intertext_sep=\dimen157
\l_MT_below_intertext_sep=\dimen158
\l_MT_above_shortintertext_sep=\dimen159
\l_MT_below_shortintertext_sep=\dimen160
\xmathstrut@box=\box53
\xmathstrut@dim=\dimen161
)
(C:\Users\micha\AppData\Local\Programs\MiKTeX\tex/latex/algorithms\algorithm.st
y
Package: algorithm 2009/08/24 v0.1 Document Style `algorithm' - floating enviro
nment
 (C:\Users\micha\AppData\Local\Programs\MiKTeX\tex/latex/float\float.sty
Package: float 2001/11/08 v1.3d Float enhancements (AL)
\c@float@type=\count275
\float@exts=\toks23
\float@box=\box54
\@float@everytoks=\toks24
\@floatcapt=\box55
)
(C:\Users\micha\AppData\Local\Programs\MiKTeX\tex/latex/base\ifthen.sty
Package: ifthen 2022/04/13 v1.1d Standard LaTeX ifthen package (DPC)
)
\@float@every@algorithm=\toks25
\c@algorithm=\count276
)
(C:\Users\micha\AppData\Local\Programs\MiKTeX\tex/latex/algorithms\algorithmic.
sty
Package: algorithmic 2009/08/24 v0.1 Document Style `algorithmic'
\c@ALC@unique=\count277
\c@ALC@line=\count278
\c@ALC@rem=\count279
\c@ALC@depth=\count280
\ALC@tlm=\skip58
\algorithmicindent=\skip59
)
(C:\Users\micha\AppData\Local\Programs\MiKTeX\tex/latex/threeparttable\threepar
ttable.sty
Package: threeparttable 2003/06/13  v 3.0
\@tempboxb=\box56
)
(C:\Users\micha\AppData\Local\Programs\MiKTeX\tex/latex/booktabs\booktabs.sty
Package: booktabs 2020/01/12 v1.61803398 Publication quality tables
\heavyrulewidth=\dimen162
\lightrulewidth=\dimen163
\cmidrulewidth=\dimen164
\belowrulesep=\dimen165
\belowbottomsep=\dimen166
\aboverulesep=\dimen167
\abovetopsep=\dimen168
\cmidrulesep=\dimen169
\cmidrulekern=\dimen170
\defaultaddspace=\dimen171
\@cmidla=\count281
\@cmidlb=\count282
\@aboverulesep=\dimen172
\@belowrulesep=\dimen173
\@thisruleclass=\count283
\@lastruleclass=\count284
\@thisrulewidth=\dimen174
)
(C:\Users\micha\AppData\Local\Programs\MiKTeX\tex/latex/multirow\multirow.sty
Package: multirow 2021/03/15 v2.8 Span multiple rows of a table
\multirow@colwidth=\skip60
\multirow@cntb=\count285
\multirow@dima=\skip61
\bigstrutjot=\dimen175
)
(C:\Users\micha\AppData\Local\Programs\MiKTeX\tex/latex/lipsum\lipsum.sty
(C:\Users\micha\AppData\Local\Programs\MiKTeX\tex/latex/l3packages/l3keys2e\l3k
eys2e.sty
(C:\Users\micha\AppData\Local\Programs\MiKTeX\tex/latex/l3kernel\expl3.sty
Package: expl3 2023-08-29 L3 programming layer (loader) 

(C:\Users\micha\AppData\Local\Programs\MiKTeX\tex/latex/l3backend\l3backend-pdf
tex.def
File: l3backend-pdftex.def 2023-04-19 L3 backend support: PDF output (pdfTeX)
\l__color_backend_stack_int=\count286
\l__pdf_internal_box=\box57
))
Package: l3keys2e 2023-08-29 LaTeX2e option processing using LaTeX3 keys
)
Package: lipsum 2021-09-20 v2.7 150 paragraphs of Lorem Ipsum dummy text
\g__lipsum_par_int=\count287
\l__lipsum_a_int=\count288
\l__lipsum_b_int=\count289

(C:\Users\micha\AppData\Local\Programs\MiKTeX\tex/latex/lipsum\lipsum.ltd.tex))
LaTeX Font Info:    Trying to load font information for OT1+ptm on input line 9
9.
(C:\Users\micha\AppData\Local\Programs\MiKTeX\tex/latex/psnfss\ot1ptm.fd
File: ot1ptm.fd 2001/06/04 font definitions for OT1/ptm.
)
(AAAI-YuX.2226_changed.aux)
\openout1 = `AAAI-YuX.2226_changed.aux'.

LaTeX Font Info:    Checking defaults for OML/cmm/m/it on input line 99.
LaTeX Font Info:    ... okay on input line 99.
LaTeX Font Info:    Checking defaults for OMS/cmsy/m/n on input line 99.
LaTeX Font Info:    ... okay on input line 99.
LaTeX Font Info:    Checking defaults for OT1/cmr/m/n on input line 99.
LaTeX Font Info:    ... okay on input line 99.
LaTeX Font Info:    Checking defaults for T1/cmr/m/n on input line 99.
LaTeX Font Info:    ... okay on input line 99.
LaTeX Font Info:    Checking defaults for TS1/cmr/m/n on input line 99.
LaTeX Font Info:    ... okay on input line 99.
LaTeX Font Info:    Checking defaults for OMX/cmex/m/n on input line 99.
LaTeX Font Info:    ... okay on input line 99.
LaTeX Font Info:    Checking defaults for U/cmr/m/n on input line 99.
LaTeX Font Info:    ... okay on input line 99.

(C:\Users\micha\AppData\Local\Programs\MiKTeX\tex/context/base/mkii\supp-pdf.mk
ii
[Loading MPS to PDF converter (version 2006.09.02).]
\scratchcounter=\count290
\scratchdimen=\dimen176
\scratchbox=\box58
\nofMPsegments=\count291
\nofMParguments=\count292
\everyMPshowfont=\toks26
\MPscratchCnt=\count293
\MPscratchDim=\dimen177
\MPnumerator=\count294
\makeMPintoPDFobject=\count295
\everyMPtoPDFconversion=\toks27
)
(C:\Users\micha\AppData\Local\Programs\MiKTeX\tex/latex/epstopdf-pkg\epstopdf-b
ase.sty
Package: epstopdf-base 2020-01-24 v2.11 Base part for package epstopdf
Package epstopdf-base Info: Redefining graphics rule for `.eps' on input line 4
85.

(C:\Users\micha\AppData\Local\Programs\MiKTeX\tex/latex/00miktex\epstopdf-sys.c
fg
File: epstopdf-sys.cfg 2021/03/18 v2.0 Configuration of epstopdf for MiKTeX
))
LaTeX Font Info:    Trying to load font information for TS1+ptm on input line 1
01.
 (C:\Users\micha\AppData\Local\Programs\MiKTeX\tex/latex/psnfss\ts1ptm.fd
File: ts1ptm.fd 2001/06/04 font definitions for TS1/ptm.
)
LaTeX Font Info:    Trying to load font information for OMS+ptm on input line 1
01.

(C:\Users\micha\AppData\Local\Programs\MiKTeX\tex/latex/psnfss\omsptm.fd
File: omsptm.fd 
)
LaTeX Font Info:    Font shape `OMS/ptm/m/n' in size <10> not available
(Font)              Font shape `OMS/cmsy/m/n' tried instead on input line 101.


LaTeX Warning: Citation `8' on page 1 undefined on input line 112.


LaTeX Warning: Citation `9' on page 1 undefined on input line 112.


LaTeX Warning: Citation `41' on page 1 undefined on input line 112.


LaTeX Warning: Citation `11' on page 1 undefined on input line 114.


LaTeX Warning: Citation `20' on page 1 undefined on input line 114.


LaTeX Warning: Citation `7' on page 1 undefined on input line 114.


LaTeX Warning: Citation `28' on page 1 undefined on input line 114.


LaTeX Warning: Citation `25' on page 1 undefined on input line 114.


LaTeX Warning: Citation `4' on page 1 undefined on input line 114.

<fig1_new.pdf, id=1, 2219.29124pt x 1735.56401pt>
File: fig1_new.pdf Graphic file (type pdf)
<use fig1_new.pdf>
Package pdftex.def Info: fig1_new.pdf  used on input line 118.
(pdftex.def)             Requested size: 239.39438pt x 187.20508pt.

LaTeX Warning: Citation `52' on page 1 undefined on input line 125.


LaTeX Warning: Citation `21' on page 1 undefined on input line 125.


LaTeX Warning: Citation `34' on page 1 undefined on input line 125.


LaTeX Warning: Citation `fu2017look' on page 1 undefined on input line 125.


LaTeX Warning: Citation `Zheng_2019_CVPR' on page 1 undefined on input line 125
.


LaTeX Warning: Citation `Yang2018Learning' on page 1 undefined on input line 12
5.


LaTeX Warning: Citation `chen2019destruction' on page 1 undefined on input line
 125.


LaTeX Warning: Citation `37' on page 1 undefined on input line 125.

[1{C:/Users/micha/AppData/Local/MiKTeX/fonts/map/pdftex/pdftex.map}{C:/Users/mi
cha/AppData/Local/Programs/MiKTeX/fonts/enc/dvips/base/8r.enc}



 <./fig1_new.pdf>]

LaTeX Warning: Citation `7' on page 2 undefined on input line 140.


LaTeX Warning: Citation `11' on page 2 undefined on input line 140.


LaTeX Warning: Citation `25' on page 2 undefined on input line 140.


LaTeX Warning: Citation `28' on page 2 undefined on input line 140.


LaTeX Warning: Citation `20' on page 2 undefined on input line 140.


LaTeX Warning: Citation `4' on page 2 undefined on input line 140.


LaTeX Warning: Citation `52' on page 2 undefined on input line 142.


LaTeX Warning: Citation `21' on page 2 undefined on input line 142.


LaTeX Warning: Citation `34' on page 2 undefined on input line 142.


LaTeX Warning: Citation `wu2019ip102' on page 2 undefined on input line 142.


LaTeX Warning: Citation `lin2017improved' on page 2 undefined on input line 144
.


LaTeX Warning: Citation `lin2017improved' on page 2 undefined on input line 144
.


LaTeX Warning: Citation `li2018towards' on page 2 undefined on input line 144.


LaTeX Warning: Citation `li2018towards' on page 2 undefined on input line 144.


LaTeX Warning: Citation `huang2016part' on page 2 undefined on input line 145.


LaTeX Warning: Citation `zheng2017learning' on page 2 undefined on input line 1
45.


LaTeX Warning: Citation `fu2017look' on page 2 undefined on input line 145.


LaTeX Warning: Citation `Zheng_2019_CVPR' on page 2 undefined on input line 145
.


LaTeX Warning: Citation `Yang2018Learning' on page 2 undefined on input line 14
5.


LaTeX Warning: Citation `Yang2018Learning' on page 2 undefined on input line 14
5.


LaTeX Warning: Citation `chen2019destruction' on page 2 undefined on input line
 145.


LaTeX Warning: Citation `chen2019destruction' on page 2 undefined on input line
 145.


LaTeX Warning: Citation `37' on page 2 undefined on input line 145.


LaTeX Warning: Citation `3' on page 2 undefined on input line 148.


LaTeX Warning: Citation `11' on page 2 undefined on input line 148.


LaTeX Warning: Citation `7' on page 2 undefined on input line 148.


LaTeX Warning: Citation `28' on page 2 undefined on input line 148.


LaTeX Warning: Citation `25' on page 2 undefined on input line 148.


LaTeX Warning: Citation `20' on page 2 undefined on input line 148.


LaTeX Warning: Citation `4' on page 2 undefined on input line 148.

[2]

LaTeX Warning: Citation `12' on page 3 undefined on input line 159.


Overfull \hbox (8.08809pt too wide) detected at line 174
[][][]
 []

<fig2_new.pdf, id=38, 617.4267pt x 256.07669pt>
File: fig2_new.pdf Graphic file (type pdf)
<use fig2_new.pdf>
Package pdftex.def Info: fig2_new.pdf  used on input line 188.
(pdftex.def)             Requested size: 239.39438pt x 99.2873pt.
<fig3_methodnew.pdf, id=39, 1394.20876pt x 469.51411pt>
File: fig3_methodnew.pdf Graphic file (type pdf)
<use fig3_methodnew.pdf>
Package pdftex.def Info: fig3_methodnew.pdf  used on input line 197.
(pdftex.def)             Requested size: 505.89pt x 170.36465pt.
[3 <./fig2_new.pdf>]

LaTeX Warning: Citation `6' on page 4 undefined on input line 280.


Underfull \hbox (badness 1394) in paragraph at lines 291--293
[]\OT1/ptm/m/n/10 Given two sets of ma-tri-ces $[] \OT1/cmr/m/n/10 = \OMS/cmsy/
m/n/10 [[][][] \OT1/cmr/m/n/10 =
 []


LaTeX Warning: Citation `17' on page 4 undefined on input line 301.

[4 <./fig3_methodnew.pdf>]
<fig4_patchyRotate.pdf, id=178, 939.02821pt x 682.95152pt>
File: fig4_patchyRotate.pdf Graphic file (type pdf)
<use fig4_patchyRotate.pdf>
Package pdftex.def Info: fig4_patchyRotate.pdf  used on input line 314.
(pdftex.def)             Requested size: 239.39438pt x 174.10344pt.


LaTeX Warning: Citation `Yu_IEEEAccess2019' on page 5 undefined on input line 3
19.


LaTeX Warning: Citation `33' on page 5 undefined on input line 320.


LaTeX Warning: Citation `32' on page 5 undefined on input line 320.


Underfull \hbox (badness 1803) in paragraph at lines 320--321
 \OT1/ptm/b/n/10 Btf-PIS dataset. \OT1/ptm/m/n/10 The but-ter-fly patchy im-age
 struc-ture
 []


LaTeX Warning: Citation `38' on page 5 undefined on input line 323.


LaTeX Warning: Citation `3' on page 5 undefined on input line 360.


LaTeX Warning: Citation `11' on page 5 undefined on input line 360.


LaTeX Warning: Citation `20' on page 5 undefined on input line 360.


LaTeX Warning: Citation `4' on page 5 undefined on input line 360.


LaTeX Warning: Citation `25' on page 5 undefined on input line 360.


LaTeX Warning: Citation `7' on page 5 undefined on input line 360.


LaTeX Warning: Citation `28' on page 5 undefined on input line 360.

[5 <./fig4_patchyRotate.pdf>]
Underfull \hbox (badness 6859) in paragraph at lines 364--365
 \OT1/ptm/b/n/10 Eval-u-a-tion on Soy-Cul-ti-varVein dataset (ultra-fine-
 []


LaTeX Warning: Citation `wang2015beyond' on page 6 undefined on input line 441.



LaTeX Warning: Citation `chen2019destruction' on page 6 undefined on input line
 441.


LaTeX Warning: Citation `wu2019ip102' on page 6 undefined on input line 441.


LaTeX Warning: Citation `wu2019ip102' on page 6 undefined on input line 441.

[6]

LaTeX Warning: Citation `52' on page 7 undefined on input line 443.


LaTeX Warning: Citation `21' on page 7 undefined on input line 443.


LaTeX Warning: Citation `34' on page 7 undefined on input line 443.


LaTeX Warning: Citation `lin2017improved' on page 7 undefined on input line 443
.


LaTeX Warning: Citation `li2018towards' on page 7 undefined on input line 443.


LaTeX Warning: Citation `chen2019destruction' on page 7 undefined on input line
 443.


Underfull \hbox (badness 1286) in paragraph at lines 443--444
\OT1/ptm/m/n/10 fol-low-ing state-of-the-art Con-vNets meth-ods: (1) Three
 []


LaTeX Warning: Citation `deng2009imagenet' on page 7 undefined on input line 44
5.


LaTeX Warning: Citation `li2018towards' on page 7 undefined on input line 446.


LaTeX Warning: Citation `chen2019destruction' on page 7 undefined on input line
 446.

[7] [8

]
No file AAAI-YuX.2226_changed.bbl.
(AAAI-YuX.2226_changed.aux)
 ***********
LaTeX2e <2023-06-01> patch level 1
L3 programming layer <2023-08-29>
 ***********
 ) 
Here is how much of TeX's memory you used:
 4078 strings out of 475247
 71246 string characters out of 5757792
 1951801 words of memory out of 5000000
 25515 multiletter control sequences out of 15000+600000
 583431 words of font info for 88 fonts, out of 8000000 for 9000
 1141 hyphenation exceptions out of 8191
 79i,18n,93p,1456b,588s stack positions out of 10000i,1000n,20000p,200000b,200000s
<C:/Users/micha/AppData/Local/Programs/MiKTeX/fonts/type1/public/amsfonts/cm/
cmbsy10.pfb><C:/Users/micha/AppData/Local/Programs/MiKTeX/fonts/type1/public/am
sfonts/cmextra/cmbsy7.pfb><C:/Users/micha/AppData/Local/Programs/MiKTeX/fonts/t
ype1/public/amsfonts/cm/cmbx10.pfb><C:/Users/micha/AppData/Local/Programs/MiKTe
X/fonts/type1/public/amsfonts/cm/cmbx7.pfb><C:/Users/micha/AppData/Local/Progra
ms/MiKTeX/fonts/type1/public/amsfonts/cm/cmex10.pfb><C:/Users/micha/AppData/Loc
al/Programs/MiKTeX/fonts/type1/public/amsfonts/cm/cmmi10.pfb><C:/Users/micha/Ap
pData/Local/Programs/MiKTeX/fonts/type1/public/amsfonts/cm/cmmi5.pfb><C:/Users/
micha/AppData/Local/Programs/MiKTeX/fonts/type1/public/amsfonts/cm/cmmi7.pfb><C
:/Users/micha/AppData/Local/Programs/MiKTeX/fonts/type1/public/amsfonts/cm/cmmi
b10.pfb><C:/Users/micha/AppData/Local/Programs/MiKTeX/fonts/type1/public/amsfon
ts/cm/cmr10.pfb><C:/Users/micha/AppData/Local/Programs/MiKTeX/fonts/type1/publi
c/amsfonts/cm/cmr5.pfb><C:/Users/micha/AppData/Local/Programs/MiKTeX/fonts/type
1/public/amsfonts/cm/cmr7.pfb><C:/Users/micha/AppData/Local/Programs/MiKTeX/fon
ts/type1/public/amsfonts/cm/cmsy10.pfb><C:/Users/micha/AppData/Local/Programs/M
iKTeX/fonts/type1/public/amsfonts/cm/cmsy7.pfb><C:/Users/micha/AppData/Local/Pr
ograms/MiKTeX/fonts/type1/urw/times/utmb8a.pfb><C:/Users/micha/AppData/Local/Pr
ograms/MiKTeX/fonts/type1/urw/times/utmr8a.pfb>
Output written on AAAI-YuX.2226_changed.pdf (8 pages, 889547 bytes).
PDF statistics:
 285 PDF objects out of 1000 (max. 8388607)
 0 named destinations out of 1000 (max. 500000)
 21 words of extra memory for PDF output out of 10000 (max. 10000000)

