This is pdfTeX, Version 3.141592653-2.6-1.40.25 (MiKTeX 23.9) (preloaded format=pdflatex 2023.9.22)  30 MAR 2024 17:04
entering extended mode
 restricted \write18 enabled.
 %&-line parsing enabled.
**./AAAI-JungI.3218_changed.tex
(AAAI-JungI.3218_changed.tex
LaTeX2e <2023-06-01> patch level 1
L3 programming layer <2023-08-29>
(C:\Users\micha\AppData\Local\Programs\MiKTeX\tex/latex/base\article.cls
Document Class: article 2023/05/17 v1.4n Standard LaTeX document class
(C:\Users\micha\AppData\Local\Programs\MiKTeX\tex/latex/base\size10.clo
File: size10.clo 2023/05/17 v1.4n Standard LaTeX file (size option)
)
\c@part=\count185
\c@section=\count186
\c@subsection=\count187
\c@subsubsection=\count188
\c@paragraph=\count189
\c@subparagraph=\count190
\c@figure=\count191
\c@table=\count192
\abovecaptionskip=\skip48
\belowcaptionskip=\skip49
\bibindent=\dimen140
)
(aaai20.sty
Conference Style for AAAI for LaTeX 2e -- version for the AAAI-20 conference
\titlebox=\skip50
) (C:\Users\micha\AppData\Local\Programs\MiKTeX\tex/latex/psnfss\times.sty
Package: times 2020/03/25 PSNFSS-v9.3 (SPQR) 
)
(C:\Users\micha\AppData\Local\Programs\MiKTeX\tex/latex/psnfss\helvet.sty
Package: helvet 2020/03/25 PSNFSS-v9.3 (WaS) 

(C:\Users\micha\AppData\Local\Programs\MiKTeX\tex/latex/graphics\keyval.sty
Package: keyval 2022/05/29 v1.15 key=value parser (DPC)
\KV@toks@=\toks17
))
(C:\Users\micha\AppData\Local\Programs\MiKTeX\tex/latex/psnfss\courier.sty
Package: courier 2020/03/25 PSNFSS-v9.3 (WaS) 
)
(C:\Users\micha\AppData\Local\Programs\MiKTeX\tex/latex/url\url.sty
\Urlmuskip=\muskip16
Package: url 2013/09/16  ver 3.4  Verb mode for urls, etc.
)
(C:\Users\micha\AppData\Local\Programs\MiKTeX\tex/latex/graphics\graphicx.sty
Package: graphicx 2021/09/16 v1.2d Enhanced LaTeX Graphics (DPC,SPQR)

(C:\Users\micha\AppData\Local\Programs\MiKTeX\tex/latex/graphics\graphics.sty
Package: graphics 2022/03/10 v1.4e Standard LaTeX Graphics (DPC,SPQR)

(C:\Users\micha\AppData\Local\Programs\MiKTeX\tex/latex/graphics\trig.sty
Package: trig 2021/08/11 v1.11 sin cos tan (DPC)
)
(C:\Users\micha\AppData\Local\Programs\MiKTeX\tex/latex/graphics-cfg\graphics.c
fg
File: graphics.cfg 2016/06/04 v1.11 sample graphics configuration
)
Package graphics Info: Driver file: pdftex.def on input line 107.

(C:\Users\micha\AppData\Local\Programs\MiKTeX\tex/latex/graphics-def\pdftex.def
File: pdftex.def 2022/09/22 v1.2b Graphics/color driver for pdftex
))
\Gin@req@height=\dimen141
\Gin@req@width=\dimen142
) (C:\Users\micha\AppData\Local\Programs\MiKTeX\tex/latex/amsmath\amsmath.sty
Package: amsmath 2023/05/13 v2.17o AMS math features
\@mathmargin=\skip51
For additional information on amsmath, use the `?' option.
(C:\Users\micha\AppData\Local\Programs\MiKTeX\tex/latex/amsmath\amstext.sty
Package: amstext 2021/08/26 v2.01 AMS text

(C:\Users\micha\AppData\Local\Programs\MiKTeX\tex/latex/amsmath\amsgen.sty
File: amsgen.sty 1999/11/30 v2.0 generic functions
\@emptytoks=\toks18
\ex@=\dimen143
))
(C:\Users\micha\AppData\Local\Programs\MiKTeX\tex/latex/amsmath\amsbsy.sty
Package: amsbsy 1999/11/29 v1.2d Bold Symbols
\pmbraise@=\dimen144
)
(C:\Users\micha\AppData\Local\Programs\MiKTeX\tex/latex/amsmath\amsopn.sty
Package: amsopn 2022/04/08 v2.04 operator names
)
\inf@bad=\count193
LaTeX Info: Redefining \frac on input line 234.
\uproot@=\count194
\leftroot@=\count195
LaTeX Info: Redefining \overline on input line 399.
LaTeX Info: Redefining \colon on input line 410.
\classnum@=\count196
\DOTSCASE@=\count197
LaTeX Info: Redefining \ldots on input line 496.
LaTeX Info: Redefining \dots on input line 499.
LaTeX Info: Redefining \cdots on input line 620.
\Mathstrutbox@=\box51
\strutbox@=\box52
LaTeX Info: Redefining \big on input line 722.
LaTeX Info: Redefining \Big on input line 723.
LaTeX Info: Redefining \bigg on input line 724.
LaTeX Info: Redefining \Bigg on input line 725.
\big@size=\dimen145
LaTeX Font Info:    Redeclaring font encoding OML on input line 743.
LaTeX Font Info:    Redeclaring font encoding OMS on input line 744.
\macc@depth=\count198
LaTeX Info: Redefining \bmod on input line 905.
LaTeX Info: Redefining \pmod on input line 910.
LaTeX Info: Redefining \smash on input line 940.
LaTeX Info: Redefining \relbar on input line 970.
LaTeX Info: Redefining \Relbar on input line 971.
\c@MaxMatrixCols=\count199
\dotsspace@=\muskip17
\c@parentequation=\count266
\dspbrk@lvl=\count267
\tag@help=\toks19
\row@=\count268
\column@=\count269
\maxfields@=\count270
\andhelp@=\toks20
\eqnshift@=\dimen146
\alignsep@=\dimen147
\tagshift@=\dimen148
\tagwidth@=\dimen149
\totwidth@=\dimen150
\lineht@=\dimen151
\@envbody=\toks21
\multlinegap=\skip52
\multlinetaggap=\skip53
\mathdisplay@stack=\toks22
LaTeX Info: Redefining \[ on input line 2953.
LaTeX Info: Redefining \] on input line 2954.
)
(C:\Users\micha\AppData\Local\Programs\MiKTeX\tex/latex/amsfonts\amssymb.sty
Package: amssymb 2013/01/14 v3.01 AMS font symbols

(C:\Users\micha\AppData\Local\Programs\MiKTeX\tex/latex/amsfonts\amsfonts.sty
Package: amsfonts 2013/01/14 v3.01 Basic AMSFonts support
\symAMSa=\mathgroup4
\symAMSb=\mathgroup5
LaTeX Font Info:    Redeclaring math symbol \hbar on input line 98.
LaTeX Font Info:    Overwriting math alphabet `\mathfrak' in version `bold'
(Font)                  U/euf/m/n --> U/euf/b/n on input line 106.
)) (C:\Users\micha\AppData\Local\Programs\MiKTeX\tex/latex/graphics\color.sty
Package: color 2022/01/06 v1.3d Standard LaTeX Color (DPC)

(C:\Users\micha\AppData\Local\Programs\MiKTeX\tex/latex/graphics-cfg\color.cfg
File: color.cfg 2016/01/02 v1.6 sample color configuration
)
Package color Info: Driver file: pdftex.def on input line 149.
(C:\Users\micha\AppData\Local\Programs\MiKTeX\tex/latex/graphics\mathcolor.ltx)
) (C:\Users\micha\AppData\Local\Programs\MiKTeX\tex/latex/enumitem\enumitem.sty
Package: enumitem 2019/06/20 v3.9 Customized lists
\labelindent=\skip54
\enit@outerparindent=\dimen152
\enit@toks=\toks23
\enit@inbox=\box53
\enit@count@id=\count271
\enitdp@description=\count272
)
(C:\Users\micha\AppData\Local\Programs\MiKTeX\tex/latex/algorithms\algorithm.st
y
Package: algorithm 2009/08/24 v0.1 Document Style `algorithm' - floating enviro
nment
 (C:\Users\micha\AppData\Local\Programs\MiKTeX\tex/latex/float\float.sty
Package: float 2001/11/08 v1.3d Float enhancements (AL)
\c@float@type=\count273
\float@exts=\toks24
\float@box=\box54
\@float@everytoks=\toks25
\@floatcapt=\box55
)
(C:\Users\micha\AppData\Local\Programs\MiKTeX\tex/latex/base\ifthen.sty
Package: ifthen 2022/04/13 v1.1d Standard LaTeX ifthen package (DPC)
)
\@float@every@algorithm=\toks26
\c@algorithm=\count274
)
(C:\Users\micha\AppData\Local\Programs\MiKTeX\tex/latex/algorithmicx\algpseudoc
ode.sty
Package: algpseudocode 

(C:\Users\micha\AppData\Local\Programs\MiKTeX\tex/latex/algorithmicx\algorithmi
cx.sty
Package: algorithmicx 2005/04/27 v1.2 Algorithmicx

Document Style algorithmicx 1.2 - a greatly improved `algorithmic' style
\c@ALG@line=\count275
\c@ALG@rem=\count276
\c@ALG@nested=\count277
\ALG@tlm=\skip55
\ALG@thistlm=\skip56
\c@ALG@Lnr=\count278
\c@ALG@blocknr=\count279
\c@ALG@storecount=\count280
\c@ALG@tmpcounter=\count281
\ALG@tmplength=\skip57
)
Document Style - pseudocode environments for use with the `algorithmicx' style
) (C:\Users\micha\AppData\Local\Programs\MiKTeX\tex/latex/tools\bm.sty
Package: bm 2022/01/05 v1.2f Bold Symbol Support (DPC/FMi)
\symboldoperators=\mathgroup6
\symboldletters=\mathgroup7
\symboldsymbols=\mathgroup8
Package bm Info: No bold for \OMX/cmex/m/n, using \pmb.
Package bm Info: No bold for \U/msa/m/n, using \pmb.
Package bm Info: No bold for \U/msb/m/n, using \pmb.
LaTeX Font Info:    Redeclaring math alphabet \mathbf on input line 149.
)
(C:\Users\micha\AppData\Local\Programs\MiKTeX\tex/latex/multirow\multirow.sty
Package: multirow 2021/03/15 v2.8 Span multiple rows of a table
\multirow@colwidth=\skip58
\multirow@cntb=\count282
\multirow@dima=\skip59
\bigstrutjot=\dimen153
)
(C:\Users\micha\AppData\Local\Programs\MiKTeX\tex/latex/makecell\makecell.sty
Package: makecell 2009/08/03 V0.1e Managing of Tab Column Heads and Cells

(C:\Users\micha\AppData\Local\Programs\MiKTeX\tex/latex/tools\array.sty
Package: array 2022/09/04 v2.5g Tabular extension package (FMi)
\col@sep=\dimen154
\ar@mcellbox=\box56
\extrarowheight=\dimen155
\NC@list=\toks27
\extratabsurround=\skip60
\backup@length=\skip61
\ar@cellbox=\box57
)
\rotheadsize=\dimen156
\c@nlinenum=\count283
\TeXr@lab=\toks28
)
(C:\Users\micha\AppData\Local\Programs\MiKTeX\tex/latex/mathtools\mathtools.sty
Package: mathtools 2022/06/29 v1.29 mathematical typesetting tools
(C:\Users\micha\AppData\Local\Programs\MiKTeX\tex/latex/tools\calc.sty
Package: calc 2017/05/25 v4.3 Infix arithmetic (KKT,FJ)
\calc@Acount=\count284
\calc@Bcount=\count285
\calc@Adimen=\dimen157
\calc@Bdimen=\dimen158
\calc@Askip=\skip62
\calc@Bskip=\skip63
LaTeX Info: Redefining \setlength on input line 80.
LaTeX Info: Redefining \addtolength on input line 81.
\calc@Ccount=\count286
\calc@Cskip=\skip64
)
(C:\Users\micha\AppData\Local\Programs\MiKTeX\tex/latex/mathtools\mhsetup.sty
Package: mhsetup 2021/03/18 v1.4 programming setup (MH)
)
\g_MT_multlinerow_int=\count287
\l_MT_multwidth_dim=\dimen159
\origjot=\skip65
\l_MT_shortvdotswithinadjustabove_dim=\dimen160
\l_MT_shortvdotswithinadjustbelow_dim=\dimen161
\l_MT_above_intertext_sep=\dimen162
\l_MT_below_intertext_sep=\dimen163
\l_MT_above_shortintertext_sep=\dimen164
\l_MT_below_shortintertext_sep=\dimen165
\xmathstrut@box=\box58
\xmathstrut@dim=\dimen166
)
(C:\Users\micha\AppData\Local\Programs\MiKTeX\tex/latex/doublestroke\dsfont.sty
Package: dsfont 1995/08/01 v0.1 Double stroke roman fonts
) (C:\Users\micha\AppData\Local\Programs\MiKTeX\tex/latex/tools\tabularx.sty
Package: tabularx 2020/01/15 v2.11c `tabularx' package (DPC)
\TX@col@width=\dimen167
\TX@old@table=\dimen168
\TX@old@col=\dimen169
\TX@target=\dimen170
\TX@delta=\dimen171
\TX@cols=\count288
\TX@ftn=\toks29
)
(C:\Users\micha\AppData\Local\Programs\MiKTeX\tex/latex/arydshln\arydshln.sty
Package: arydshln 2019/02/21 v1.76 
\dashlinedash=\dimen172
\dashlinegap=\dimen173
\adl@box=\box59
\adl@height=\dimen174
\adl@heightsave=\dimen175
\adl@depth=\dimen176
\adl@depthsave=\dimen177
\adl@finaldepth=\dimen178
\adl@columns=\count289
\adl@ncol=\count290
\adl@currentcolumn=\count291
\adl@currentcolumnsave=\count292
\adl@totalheight=\count293
\adl@totalheightsave=\count294
\adl@dash=\count295
\adl@gap=\count296
\adl@cla=\count297
\adl@clb=\count298
\adl@everyvbox=\toks30
\adl@LTpagetotal=\dimen179
)
LaTeX Font Info:    Trying to load font information for OT1+ptm on input line 1
69.

(C:\Users\micha\AppData\Local\Programs\MiKTeX\tex/latex/psnfss\ot1ptm.fd
File: ot1ptm.fd 2001/06/04 font definitions for OT1/ptm.
)
(C:\Users\micha\AppData\Local\Programs\MiKTeX\tex/latex/l3backend\l3backend-pdf
tex.def
File: l3backend-pdftex.def 2023-04-19 L3 backend support: PDF output (pdfTeX)
\l__color_backend_stack_int=\count299
\l__pdf_internal_box=\box60
) (AAAI-JungI.3218_changed.aux)
\openout1 = `AAAI-JungI.3218_changed.aux'.

LaTeX Font Info:    Checking defaults for OML/cmm/m/it on input line 169.
LaTeX Font Info:    ... okay on input line 169.
LaTeX Font Info:    Checking defaults for OMS/cmsy/m/n on input line 169.
LaTeX Font Info:    ... okay on input line 169.
LaTeX Font Info:    Checking defaults for OT1/cmr/m/n on input line 169.
LaTeX Font Info:    ... okay on input line 169.
LaTeX Font Info:    Checking defaults for T1/cmr/m/n on input line 169.
LaTeX Font Info:    ... okay on input line 169.
LaTeX Font Info:    Checking defaults for TS1/cmr/m/n on input line 169.
LaTeX Font Info:    ... okay on input line 169.
LaTeX Font Info:    Checking defaults for OMX/cmex/m/n on input line 169.
LaTeX Font Info:    ... okay on input line 169.
LaTeX Font Info:    Checking defaults for U/cmr/m/n on input line 169.
LaTeX Font Info:    ... okay on input line 169.

(C:\Users\micha\AppData\Local\Programs\MiKTeX\tex/context/base/mkii\supp-pdf.mk
ii
[Loading MPS to PDF converter (version 2006.09.02).]
\scratchcounter=\count300
\scratchdimen=\dimen180
\scratchbox=\box61
\nofMPsegments=\count301
\nofMParguments=\count302
\everyMPshowfont=\toks31
\MPscratchCnt=\count303
\MPscratchDim=\dimen181
\MPnumerator=\count304
\makeMPintoPDFobject=\count305
\everyMPtoPDFconversion=\toks32
)
(C:\Users\micha\AppData\Local\Programs\MiKTeX\tex/latex/epstopdf-pkg\epstopdf-b
ase.sty
Package: epstopdf-base 2020-01-24 v2.11 Base part for package epstopdf
Package epstopdf-base Info: Redefining graphics rule for `.eps' on input line 4
85.

(C:\Users\micha\AppData\Local\Programs\MiKTeX\tex/latex/00miktex\epstopdf-sys.c
fg
File: epstopdf-sys.cfg 2021/03/18 v2.0 Configuration of epstopdf for MiKTeX
))
LaTeX Font Info:    Trying to load font information for U+msa on input line 170
.
 (C:\Users\micha\AppData\Local\Programs\MiKTeX\tex/latex/amsfonts\umsa.fd
File: umsa.fd 2013/01/14 v3.01 AMS symbols A
)
LaTeX Font Info:    Trying to load font information for U+msb on input line 170
.

(C:\Users\micha\AppData\Local\Programs\MiKTeX\tex/latex/amsfonts\umsb.fd
File: umsb.fd 2013/01/14 v3.01 AMS symbols B
)
LaTeX Font Info:    Trying to load font information for OMS+ptm on input line 1
70.

(C:\Users\micha\AppData\Local\Programs\MiKTeX\tex/latex/psnfss\omsptm.fd
File: omsptm.fd 
)
LaTeX Font Info:    Font shape `OMS/ptm/m/n' in size <10> not available
(Font)              Font shape `OMS/cmsy/m/n' tried instead on input line 170.
LaTeX Font Info:    Trying to load font information for TS1+ptm on input line 1
70.

(C:\Users\micha\AppData\Local\Programs\MiKTeX\tex/latex/psnfss\ts1ptm.fd
File: ts1ptm.fd 2001/06/04 font definitions for TS1/ptm.
)

LaTeX Warning: Citation `nam2016learningmulti' on page 1 undefined on input lin
e 189.


LaTeX Warning: Citation `nam2016modeling' on page 1 undefined on input line 189
.


LaTeX Warning: Citation `han2017branchout' on page 1 undefined on input line 18
9.


LaTeX Warning: Citation `martin2016beyond' on page 1 undefined on input line 18
9.


LaTeX Warning: Citation `martin2017eco' on page 1 undefined on input line 189.


LaTeX Warning: Citation `danelljan2019atom' on page 1 undefined on input line 1
91.


LaTeX Warning: Citation `li2019siamrpn++' on page 1 undefined on input line 191
.


LaTeX Warning: Citation `huang2017learning' on page 1 undefined on input line 1
91.


LaTeX Warning: Citation `fan2017parallel' on page 1 undefined on input line 191
.


LaTeX Warning: Citation `zheng2018distractor' on page 1 undefined on input line
 191.


LaTeX Warning: Citation `jung2018realtime' on page 1 undefined on input line 19
1.


LaTeX Warning: Citation `santoro2016meta' on page 1 undefined on input line 194
.


LaTeX Warning: Citation `andrychowicz2016learning' on page 1 undefined on input
 line 194.


LaTeX Warning: Citation `finn2017model_agnostic' on page 1 undefined on input l
ine 194.


LaTeX Warning: Citation `park2018metatracker' on page 1 undefined on input line
 199.


Underfull \hbox (badness 1460) in paragraph at lines 237--240
[]\OT1/ptm/m/n/10 We in-tro-duce a one-shot net-work prun-ing tech-nique
 []


LaTeX Warning: Citation `nam2016learningmulti' on page 1 undefined on input lin
e 257.


LaTeX Warning: Citation `jung2018realtime' on page 1 undefined on input line 25
7.


LaTeX Warning: Citation `luca2016fullycovolutional' on page 1 undefined on inpu
t line 257.


LaTeX Warning: Citation `zheng2018distractor' on page 1 undefined on input line
 257.


Underfull \vbox (badness 1917) has occurred while \output is active []

 [1{C:/Users/micha/AppData/Local/MiKTeX/fonts/map/pdftex/pdftex.map}{C:/Users/m
icha/AppData/Local/Programs/MiKTeX/fonts/enc/dvips/base/8r.enc}



]

LaTeX Warning: Citation `nam2016learningmulti' on page 2 undefined on input lin
e 262.


LaTeX Warning: Citation `jung2018realtime' on page 2 undefined on input line 26
2.


LaTeX Warning: Citation `luca2016fullycovolutional' on page 2 undefined on inpu
t line 263.


LaTeX Warning: Citation `jack2017endtoend' on page 2 undefined on input line 26
3.


LaTeX Warning: Citation `zheng2018distractor' on page 2 undefined on input line
 263.


LaTeX Warning: Citation `thrun1998learning' on page 2 undefined on input line 2
69.


LaTeX Warning: Citation `hochreiter2001learning' on page 2 undefined on input l
ine 269.


LaTeX Warning: Citation `santoro2016meta' on page 2 undefined on input line 271
.


LaTeX Warning: Citation `andrychowicz2016learning' on page 2 undefined on input
 line 271.


LaTeX Warning: Citation `finn2017model_agnostic' on page 2 undefined on input l
ine 271.


LaTeX Warning: Citation `li2017metaSGD' on page 2 undefined on input line 271.


LaTeX Warning: Citation `finn2017model_agnostic' on page 2 undefined on input l
ine 271.


LaTeX Warning: Citation `al2018continuous' on page 2 undefined on input line 27
1.


LaTeX Warning: Citation `duan2017one' on page 2 undefined on input line 271.


LaTeX Warning: Citation `park2018metatracker' on page 2 undefined on input line
 272.


LaTeX Warning: Citation `han2015learningboth' on page 2 undefined on input line
 277.


LaTeX Warning: Citation `han16deep' on page 2 undefined on input line 277.


LaTeX Warning: Citation `wen2016learningsparsity' on page 2 undefined on input 
line 278.


LaTeX Warning: Citation `he2017channel' on page 2 undefined on input line 278.


LaTeX Warning: Citation `choi2018context' on page 2 undefined on input line 280
.


LaTeX Warning: Citation `finn2017model_agnostic' on page 2 undefined on input l
ine 285.


LaTeX Warning: Citation `li2017metaSGD' on page 2 undefined on input line 285.


LaTeX Warning: Citation `park2018metatracker' on page 2 undefined on input line
 286.



pdfTeX warning: pdflatex (file ./training_framework2.pdf): PDF inclusion: found
 PDF version <1.6>, but at most version <1.5> allowed
<training_framework2.pdf, id=11, 577.16212pt x 140.8693pt>
File: training_framework2.pdf Graphic file (type pdf)
<use training_framework2.pdf>
Package pdftex.def Info: training_framework2.pdf  used on input line 334.
(pdftex.def)             Requested size: 505.89pt x 123.47311pt.

LaTeX Warning: Citation `finn2017model_agnostic' on page 2 undefined on input l
ine 345.


Underfull \vbox (badness 10000) has occurred while \output is active []



LaTeX Warning: Citation `nam2016learningmulti' on page 2 undefined on input lin
e 417.


LaTeX Warning: Citation `jung2018realtime' on page 2 undefined on input line 41
7.


LaTeX Warning: Citation `santoro2016meta' on page 2 undefined on input line 429
.


LaTeX Warning: Citation `finn2017model_agnostic' on page 2 undefined on input l
ine 429.

[2]
Underfull \hbox (badness 10000) in paragraph at lines 481--493

 []


LaTeX Warning: Citation `jung2018realtime' on page 3 undefined on input line 54
1.

[3 <./training_framework2.pdf>]

LaTeX Warning: Citation `park2018metatracker' on page 4 undefined on input line
 607.


Underfull \hbox (badness 6592) in paragraph at lines 729--732
\OT1/ptm/m/n/10 We op-ti-mize the meta-parameters to en-cour-age the
 []


LaTeX Warning: Citation `diederik2014adam' on page 4 undefined on input line 75
0.

[4]

LaTeX Warning: Citation `he2017channel' on page 5 undefined on input line 787.


LaTeX Warning: Citation `he2017channel' on page 5 undefined on input line 794.


LaTeX Warning: Citation `jung2018realtime' on page 5 undefined on input line 89
5.


LaTeX Warning: Citation `park2018metatracker' on page 5 undefined on input line
 895.


Underfull \hbox (badness 1314) in paragraph at lines 951--961
[]\OT1/ptm/m/n/10 We build our prun-ing net-work on top of the CNN
 []


LaTeX Warning: Citation `jung2018realtime' on page 5 undefined on input line 11
96.

[5]

LaTeX Warning: Citation `he2017maskrcnn' on page 6 undefined on input line 1209
.


LaTeX Warning: Citation `he2017maskrcnn' on page 6 undefined on input line 1212
.


LaTeX Warning: Citation `russakovsky2015imagenet' on page 6 undefined on input 
line 1238.


LaTeX Warning: Citation `lin2014microsoft' on page 6 undefined on input line 12
46.


LaTeX Warning: Citation `zheng2018distractor' on page 6 undefined on input line
 1247.


LaTeX Warning: Citation `wu2013online' on page 6 undefined on input line 1291.


LaTeX Warning: Citation `park2018metatracker' on page 6 undefined on input line
 1302.


Underfull \vbox (badness 2809) has occurred while \output is active []

 [6]

LaTeX Warning: Citation `nam2016learningmulti' on page 7 undefined on input lin
e 1468.


LaTeX Warning: Citation `martin2017eco' on page 7 undefined on input line 1468.



LaTeX Warning: Citation `martin2016beyond' on page 7 undefined on input line 14
68.


LaTeX Warning: Citation `martin2017discriminative' on page 7 undefined on input
 line 1468.


LaTeX Warning: Citation `fan2017parallel' on page 7 undefined on input line 146
8.


LaTeX Warning: Citation `jung2018realtime' on page 7 undefined on input line 14
68.


LaTeX Warning: Citation `zheng2018distractor' on page 7 undefined on input line
 1468.


LaTeX Warning: Citation `wu2015object' on page 7 undefined on input line 1470.


LaTeX Warning: Citation `liang2015encoding' on page 7 undefined on input line 1
470.



pdfTeX warning: pdflatex (file ./OTB100_error_OPE_threshold_sota3.pdf): PDF inc
lusion: found PDF version <1.6>, but at most version <1.5> allowed
<OTB100_error_OPE_threshold_sota3.pdf, id=124, 273.03606pt x 221.87292pt>
File: OTB100_error_OPE_threshold_sota3.pdf Graphic file (type pdf)
<use OTB100_error_OPE_threshold_sota3.pdf>
Package pdftex.def Info: OTB100_error_OPE_threshold_sota3.pdf  used on input li
ne 1492.
(pdftex.def)             Requested size: 117.30455pt x 95.32224pt.


pdfTeX warning: pdflatex (file ./OTB100_overlap_OPE_AUC_sota3.pdf): PDF inclusi
on: found PDF version <1.6>, but at most version <1.5> allowed
<OTB100_overlap_OPE_AUC_sota3.pdf, id=125, 270.68529pt x 223.38055pt>
File: OTB100_overlap_OPE_AUC_sota3.pdf Graphic file (type pdf)
<use OTB100_overlap_OPE_AUC_sota3.pdf>
Package pdftex.def Info: OTB100_overlap_OPE_AUC_sota3.pdf  used on input line 1
493.
(pdftex.def)             Requested size: 117.30455pt x 96.80504pt.


pdfTeX warning: pdflatex (file ./TempleColor_error_OPE_threshold_sota3.pdf): PD
F inclusion: found PDF version <1.6>, but at most version <1.5> allowed
<TempleColor_error_OPE_threshold_sota3.pdf, id=126, 274.18938pt x 222.50427pt>
File: TempleColor_error_OPE_threshold_sota3.pdf Graphic file (type pdf)
<use TempleColor_error_OPE_threshold_sota3.pdf>
Package pdftex.def Info: TempleColor_error_OPE_threshold_sota3.pdf  used on inp
ut line 1510.
(pdftex.def)             Requested size: 117.30455pt x 95.19286pt.


pdfTeX warning: pdflatex (file ./TempleColor_overlap_OPE_AUC_sota3.pdf): PDF in
clusion: found PDF version <1.6>, but at most version <1.5> allowed
<TempleColor_overlap_OPE_AUC_sota3.pdf, id=127, 269.37135pt x 222.72409pt>
File: TempleColor_overlap_OPE_AUC_sota3.pdf Graphic file (type pdf)
<use TempleColor_overlap_OPE_AUC_sota3.pdf>
Package pdftex.def Info: TempleColor_overlap_OPE_AUC_sota3.pdf  used on input l
ine 1511.
(pdftex.def)             Requested size: 117.30455pt x 96.98955pt.

LaTeX Warning: Citation `kristan2016vot' on page 7 undefined on input line 1528
.


LaTeX Warning: Citation `matthias2016benchmark' on page 7 undefined on input li
ne 1528.


Underfull \hbox (badness 1635) in paragraph at lines 1528--1557
[]\OT1/ptm/m/n/10 Table 4[] presents that the vari-ants of our al-go-rithm
 []


Underfull \hbox (badness 6526) in paragraph at lines 1687--1688
 \OT1/ptm/b/n/10 Ac-knowl-edge-ment \OT1/ptm/m/n/10 This work was partly sup-po
rted
 []


Underfull \hbox (badness 2318) in paragraph at lines 1687--1688
\OT1/ptm/m/n/10 by In-sti-tute for In-for-ma-tion & com-mu-ni-ca-tions Tech-
 []


Underfull \hbox (badness 5756) in paragraph at lines 1687--1688
\OT1/ptm/m/n/10 nol-ogy Pro-mo-tion(IITP) grant funded by the Ko-rea
 []

[7 <./OTB100_error_OPE_threshold_sota3.pdf> <./OTB100_overlap_OPE_AUC_sota3.pdf
> <./TempleColor_error_OPE_threshold_sota3.pdf> <./TempleColor_overlap_OPE_AUC_
sota3.pdf>] [8

]
No file AAAI-JungI.3218_changed.bbl.
(AAAI-JungI.3218_changed.aux)
 ***********
LaTeX2e <2023-06-01> patch level 1
L3 programming layer <2023-08-29>
 ***********
 ) 
Here is how much of TeX's memory you used:
 5400 strings out of 475247
 86334 string characters out of 5757792
 1953801 words of memory out of 5000000
 26800 multiletter control sequences out of 15000+600000
 590353 words of font info for 113 fonts, out of 8000000 for 9000
 1141 hyphenation exceptions out of 8191
 57i,19n,65p,720b,372s stack positions out of 10000i,1000n,20000p,200000b,200000s
<C:/Users/micha/AppData/Local/Programs/MiKTeX/fonts/type1/public/amsfonts/cm/
cmbx10.pfb><C:/Users/micha/AppData/Local/Programs/MiKTeX/fonts/type1/public/ams
fonts/cm/cmbx7.pfb><C:/Users/micha/AppData/Local/Programs/MiKTeX/fonts/type1/pu
blic/amsfonts/cm/cmex10.pfb><C:/Users/micha/AppData/Local/Programs/MiKTeX/fonts
/type1/public/amsfonts/cm/cmmi10.pfb><C:/Users/micha/AppData/Local/Programs/MiK
TeX/fonts/type1/public/amsfonts/cm/cmmi5.pfb><C:/Users/micha/AppData/Local/Prog
rams/MiKTeX/fonts/type1/public/amsfonts/cm/cmmi7.pfb><C:/Users/micha/AppData/Lo
cal/Programs/MiKTeX/fonts/type1/public/amsfonts/cm/cmmi8.pfb><C:/Users/micha/Ap
pData/Local/Programs/MiKTeX/fonts/type1/public/amsfonts/cm/cmmi9.pfb><C:/Users/
micha/AppData/Local/Programs/MiKTeX/fonts/type1/public/amsfonts/cm/cmmib10.pfb>
<C:/Users/micha/AppData/Local/Programs/MiKTeX/fonts/type1/public/amsfonts/cmext
ra/cmmib7.pfb><C:/Users/micha/AppData/Local/Programs/MiKTeX/fonts/type1/public/
amsfonts/cm/cmr10.pfb><C:/Users/micha/AppData/Local/Programs/MiKTeX/fonts/type1
/public/amsfonts/cm/cmr5.pfb><C:/Users/micha/AppData/Local/Programs/MiKTeX/font
s/type1/public/amsfonts/cm/cmr7.pfb><C:/Users/micha/AppData/Local/Programs/MiKT
eX/fonts/type1/public/amsfonts/cm/cmr8.pfb><C:/Users/micha/AppData/Local/Progra
ms/MiKTeX/fonts/type1/public/amsfonts/cm/cmsy10.pfb><C:/Users/micha/AppData/Loc
al/Programs/MiKTeX/fonts/type1/public/amsfonts/cm/cmsy5.pfb><C:/Users/micha/App
Data/Local/Programs/MiKTeX/fonts/type1/public/amsfonts/cm/cmsy7.pfb><C:/Users/m
icha/AppData/Local/Programs/MiKTeX/fonts/type1/public/amsfonts/symbols/msbm10.p
fb><C:/Users/micha/AppData/Local/Programs/MiKTeX/fonts/type1/urw/times/utmb8a.p
fb><C:/Users/micha/AppData/Local/Programs/MiKTeX/fonts/type1/urw/times/utmr8a.p
fb><C:/Users/micha/AppData/Local/Programs/MiKTeX/fonts/type1/urw/times/utmri8a.
pfb>
Output written on AAAI-JungI.3218_changed.pdf (8 pages, 459097 bytes).
PDF statistics:
 230 PDF objects out of 1000 (max. 8388607)
 0 named destinations out of 1000 (max. 500000)
 26 words of extra memory for PDF output out of 10000 (max. 10000000)

