This is pdfTeX, Version 3.141592653-2.6-1.40.25 (MiKTeX 23.9) (preloaded format=pdflatex 2023.9.22)  30 MAR 2024 16:40
entering extended mode
 restricted \write18 enabled.
 %&-line parsing enabled.
**./AAAI-LiQ.669_changed.tex
(AAAI-LiQ.669_changed.tex
LaTeX2e <2023-06-01> patch level 1
L3 programming layer <2023-08-29>
(C:\Users\micha\AppData\Local\Programs\MiKTeX\tex/latex/base\article.cls
Document Class: article 2023/05/17 v1.4n Standard LaTeX document class
(C:\Users\micha\AppData\Local\Programs\MiKTeX\tex/latex/base\size10.clo
File: size10.clo 2023/05/17 v1.4n Standard LaTeX file (size option)
)
\c@part=\count185
\c@section=\count186
\c@subsection=\count187
\c@subsubsection=\count188
\c@paragraph=\count189
\c@subparagraph=\count190
\c@figure=\count191
\c@table=\count192
\abovecaptionskip=\skip48
\belowcaptionskip=\skip49
\bibindent=\dimen140
)
(aaai20.sty
Conference Style for AAAI for LaTeX 2e -- version for the AAAI-20 conference
\titlebox=\skip50
) (C:\Users\micha\AppData\Local\Programs\MiKTeX\tex/latex/psnfss\times.sty
Package: times 2020/03/25 PSNFSS-v9.3 (SPQR) 
)
(C:\Users\micha\AppData\Local\Programs\MiKTeX\tex/latex/psnfss\helvet.sty
Package: helvet 2020/03/25 PSNFSS-v9.3 (WaS) 

(C:\Users\micha\AppData\Local\Programs\MiKTeX\tex/latex/graphics\keyval.sty
Package: keyval 2022/05/29 v1.15 key=value parser (DPC)
\KV@toks@=\toks17
))
(C:\Users\micha\AppData\Local\Programs\MiKTeX\tex/latex/psnfss\courier.sty
Package: courier 2020/03/25 PSNFSS-v9.3 (WaS) 
)
(C:\Users\micha\AppData\Local\Programs\MiKTeX\tex/latex/url\url.sty
\Urlmuskip=\muskip16
Package: url 2013/09/16  ver 3.4  Verb mode for urls, etc.
)
(C:\Users\micha\AppData\Local\Programs\MiKTeX\tex/latex/graphics\graphicx.sty
Package: graphicx 2021/09/16 v1.2d Enhanced LaTeX Graphics (DPC,SPQR)

(C:\Users\micha\AppData\Local\Programs\MiKTeX\tex/latex/graphics\graphics.sty
Package: graphics 2022/03/10 v1.4e Standard LaTeX Graphics (DPC,SPQR)

(C:\Users\micha\AppData\Local\Programs\MiKTeX\tex/latex/graphics\trig.sty
Package: trig 2021/08/11 v1.11 sin cos tan (DPC)
)
(C:\Users\micha\AppData\Local\Programs\MiKTeX\tex/latex/graphics-cfg\graphics.c
fg
File: graphics.cfg 2016/06/04 v1.11 sample graphics configuration
)
Package graphics Info: Driver file: pdftex.def on input line 107.

(C:\Users\micha\AppData\Local\Programs\MiKTeX\tex/latex/graphics-def\pdftex.def
File: pdftex.def 2022/09/22 v1.2b Graphics/color driver for pdftex
))
\Gin@req@height=\dimen141
\Gin@req@width=\dimen142
) (C:\Users\micha\AppData\Local\Programs\MiKTeX\tex/latex/xcolor\xcolor.sty
Package: xcolor 2022/06/12 v2.14 LaTeX color extensions (UK)

(C:\Users\micha\AppData\Local\Programs\MiKTeX\tex/latex/graphics-cfg\color.cfg
File: color.cfg 2016/01/02 v1.6 sample color configuration
)
Package xcolor Info: Driver file: pdftex.def on input line 227.
(C:\Users\micha\AppData\Local\Programs\MiKTeX\tex/latex/graphics\mathcolor.ltx)
Package xcolor Info: Model `cmy' substituted by `cmy0' on input line 1353.
Package xcolor Info: Model `hsb' substituted by `rgb' on input line 1357.
Package xcolor Info: Model `RGB' extended on input line 1369.
Package xcolor Info: Model `HTML' substituted by `rgb' on input line 1371.
Package xcolor Info: Model `Hsb' substituted by `hsb' on input line 1372.
Package xcolor Info: Model `tHsb' substituted by `hsb' on input line 1373.
Package xcolor Info: Model `HSB' substituted by `hsb' on input line 1374.
Package xcolor Info: Model `Gray' substituted by `gray' on input line 1375.
Package xcolor Info: Model `wave' substituted by `hsb' on input line 1376.
) (C:\Users\micha\AppData\Local\Programs\MiKTeX\tex/latex/amsmath\amsmath.sty
Package: amsmath 2023/05/13 v2.17o AMS math features
\@mathmargin=\skip51

For additional information on amsmath, use the `?' option.
(C:\Users\micha\AppData\Local\Programs\MiKTeX\tex/latex/amsmath\amstext.sty
Package: amstext 2021/08/26 v2.01 AMS text

(C:\Users\micha\AppData\Local\Programs\MiKTeX\tex/latex/amsmath\amsgen.sty
File: amsgen.sty 1999/11/30 v2.0 generic functions
\@emptytoks=\toks18
\ex@=\dimen143
))
(C:\Users\micha\AppData\Local\Programs\MiKTeX\tex/latex/amsmath\amsbsy.sty
Package: amsbsy 1999/11/29 v1.2d Bold Symbols
\pmbraise@=\dimen144
)
(C:\Users\micha\AppData\Local\Programs\MiKTeX\tex/latex/amsmath\amsopn.sty
Package: amsopn 2022/04/08 v2.04 operator names
)
\inf@bad=\count193
LaTeX Info: Redefining \frac on input line 234.
\uproot@=\count194
\leftroot@=\count195
LaTeX Info: Redefining \overline on input line 399.
LaTeX Info: Redefining \colon on input line 410.
\classnum@=\count196
\DOTSCASE@=\count197
LaTeX Info: Redefining \ldots on input line 496.
LaTeX Info: Redefining \dots on input line 499.
LaTeX Info: Redefining \cdots on input line 620.
\Mathstrutbox@=\box51
\strutbox@=\box52
LaTeX Info: Redefining \big on input line 722.
LaTeX Info: Redefining \Big on input line 723.
LaTeX Info: Redefining \bigg on input line 724.
LaTeX Info: Redefining \Bigg on input line 725.
\big@size=\dimen145
LaTeX Font Info:    Redeclaring font encoding OML on input line 743.
LaTeX Font Info:    Redeclaring font encoding OMS on input line 744.
\macc@depth=\count198
LaTeX Info: Redefining \bmod on input line 905.
LaTeX Info: Redefining \pmod on input line 910.
LaTeX Info: Redefining \smash on input line 940.
LaTeX Info: Redefining \relbar on input line 970.
LaTeX Info: Redefining \Relbar on input line 971.
\c@MaxMatrixCols=\count199
\dotsspace@=\muskip17
\c@parentequation=\count266
\dspbrk@lvl=\count267
\tag@help=\toks19
\row@=\count268
\column@=\count269
\maxfields@=\count270
\andhelp@=\toks20
\eqnshift@=\dimen146
\alignsep@=\dimen147
\tagshift@=\dimen148
\tagwidth@=\dimen149
\totwidth@=\dimen150
\lineht@=\dimen151
\@envbody=\toks21
\multlinegap=\skip52
\multlinetaggap=\skip53
\mathdisplay@stack=\toks22
LaTeX Info: Redefining \[ on input line 2953.
LaTeX Info: Redefining \] on input line 2954.
)
(C:\Users\micha\AppData\Local\Programs\MiKTeX\tex/latex/amscls\amsthm.sty
Package: amsthm 2020/05/29 v2.20.6
\thm@style=\toks23
\thm@bodyfont=\toks24
\thm@headfont=\toks25
\thm@notefont=\toks26
\thm@headpunct=\toks27
\thm@preskip=\skip54
\thm@postskip=\skip55
\thm@headsep=\skip56
\dth@everypar=\toks28
)
(C:\Users\micha\AppData\Local\Programs\MiKTeX\tex/latex/amsfonts\amssymb.sty
Package: amssymb 2013/01/14 v3.01 AMS font symbols

(C:\Users\micha\AppData\Local\Programs\MiKTeX\tex/latex/amsfonts\amsfonts.sty
Package: amsfonts 2013/01/14 v3.01 Basic AMSFonts support
\symAMSa=\mathgroup4
\symAMSb=\mathgroup5
LaTeX Font Info:    Redeclaring math symbol \hbar on input line 98.
LaTeX Font Info:    Overwriting math alphabet `\mathfrak' in version `bold'
(Font)                  U/euf/m/n --> U/euf/b/n on input line 106.
))
\c@definition=\count271
\c@theorem=\count272

(C:\Users\micha\AppData\Local\Programs\MiKTeX\tex/latex/algorithm2e\algorithm2e
.sty
Package: algorithm2e 2017/07/18 v5.2 algorithms environments
\c@AlgoLine=\count273
 (C:\Users\micha\AppData\Local\Programs\MiKTeX\tex/latex/base\ifthen.sty
Package: ifthen 2022/04/13 v1.1d Standard LaTeX ifthen package (DPC)
)
\algocf@hangindent=\skip57

(C:\Users\micha\AppData\Local\Programs\MiKTeX\tex/latex/ifoddpage\ifoddpage.sty
Package: ifoddpage 2022/10/18 v1.2 Conditionals for odd/even page detection
\c@checkoddpage=\count274
) (C:\Users\micha\AppData\Local\Programs\MiKTeX\tex/latex/tools\xspace.sty
Package: xspace 2014/10/28 v1.13 Space after command names (DPC,MH)
)
(C:\Users\micha\AppData\Local\Programs\MiKTeX\tex/latex/relsize\relsize.sty
Package: relsize 2013/03/29 ver 4.1
)
\skiptotal=\skip58
\skiplinenumber=\skip59
\skiprule=\skip60
\skiphlne=\skip61
\skiptext=\skip62
\skiplength=\skip63
\algomargin=\skip64
\skipalgocfslide=\skip65
\algowidth=\dimen152
\inoutsize=\dimen153
\inoutindent=\dimen154
\interspacetitleruled=\dimen155
\interspacealgoruled=\dimen156
\interspacetitleboxruled=\dimen157
\algocf@ruledwidth=\skip66
\algocf@inoutbox=\box53
\algocf@inputbox=\box54
\AlCapSkip=\skip67
\AlCapHSkip=\skip68
\algoskipindent=\skip69
\algocf@nlbox=\box55
\algocf@hangingbox=\box56
\algocf@untilbox=\box57
\algocf@skipuntil=\skip70
\algocf@capbox=\box58
\algocf@lcaptionbox=\skip71
\algoheightruledefault=\skip72
\algoheightrule=\skip73
\algotitleheightruledefault=\skip74
\algotitleheightrule=\skip75
\c@algocfline=\count275
\c@algocfproc=\count276
\c@algocf=\count277
\algocf@algoframe=\box59
\algocf@algobox=\box60
)
(C:\Users\micha\AppData\Local\Programs\MiKTeX\tex/latex/subfig\subfig.sty
Package: subfig 2005/06/28 ver: 1.3 subfig package

(C:\Users\micha\AppData\Local\Programs\MiKTeX\tex/latex/caption\caption3.sty
Package: caption3 2023/07/31 v2.4d caption3 kernel (AR)
\caption@tempdima=\dimen158
\captionmargin=\dimen159
\caption@leftmargin=\dimen160
\caption@rightmargin=\dimen161
\caption@width=\dimen162
\caption@indent=\dimen163
\caption@parindent=\dimen164
\caption@hangindent=\dimen165
Package caption Info: Standard document class detected.
)
\c@KVtest=\count278
\sf@farskip=\skip76
\sf@captopadj=\dimen166
\sf@capskip=\skip77
\sf@nearskip=\skip78
\c@subfigure=\count279
\c@subfigure@save=\count280
\c@lofdepth=\count281
\c@subtable=\count282
\c@subtable@save=\count283
\c@lotdepth=\count284
\sf@top=\skip79
\sf@bottom=\skip80
)
(C:\Users\micha\AppData\Local\Programs\MiKTeX\tex/latex/stmaryrd\stmaryrd.sty
Package: stmaryrd 1994/03/03 St Mary's Road symbol package
\symstmry=\mathgroup6
LaTeX Font Info:    Overwriting symbol font `stmry' in version `bold'
(Font)                  U/stmry/m/n --> U/stmry/b/n on input line 89.
)
(C:\Users\micha\AppData\Local\Programs\MiKTeX\tex/latex/multirow\multirow.sty
Package: multirow 2021/03/15 v2.8 Span multiple rows of a table
\multirow@colwidth=\skip81
\multirow@cntb=\count285
\multirow@dima=\skip82
\bigstrutjot=\dimen167
)
LaTeX Font Info:    Trying to load font information for OT1+ptm on input line 1
23.

(C:\Users\micha\AppData\Local\Programs\MiKTeX\tex/latex/psnfss\ot1ptm.fd
File: ot1ptm.fd 2001/06/04 font definitions for OT1/ptm.
)
(C:\Users\micha\AppData\Local\Programs\MiKTeX\tex/latex/l3backend\l3backend-pdf
tex.def
File: l3backend-pdftex.def 2023-04-19 L3 backend support: PDF output (pdfTeX)
\l__color_backend_stack_int=\count286
\l__pdf_internal_box=\box61
) (AAAI-LiQ.669_changed.aux)
\openout1 = `AAAI-LiQ.669_changed.aux'.

LaTeX Font Info:    Checking defaults for OML/cmm/m/it on input line 123.
LaTeX Font Info:    ... okay on input line 123.
LaTeX Font Info:    Checking defaults for OMS/cmsy/m/n on input line 123.
LaTeX Font Info:    ... okay on input line 123.
LaTeX Font Info:    Checking defaults for OT1/cmr/m/n on input line 123.
LaTeX Font Info:    ... okay on input line 123.
LaTeX Font Info:    Checking defaults for T1/cmr/m/n on input line 123.
LaTeX Font Info:    ... okay on input line 123.
LaTeX Font Info:    Checking defaults for TS1/cmr/m/n on input line 123.
LaTeX Font Info:    ... okay on input line 123.
LaTeX Font Info:    Checking defaults for OMX/cmex/m/n on input line 123.
LaTeX Font Info:    ... okay on input line 123.
LaTeX Font Info:    Checking defaults for U/cmr/m/n on input line 123.
LaTeX Font Info:    ... okay on input line 123.

(C:\Users\micha\AppData\Local\Programs\MiKTeX\tex/context/base/mkii\supp-pdf.mk
ii
[Loading MPS to PDF converter (version 2006.09.02).]
\scratchcounter=\count287
\scratchdimen=\dimen168
\scratchbox=\box62
\nofMPsegments=\count288
\nofMParguments=\count289
\everyMPshowfont=\toks29
\MPscratchCnt=\count290
\MPscratchDim=\dimen169
\MPnumerator=\count291
\makeMPintoPDFobject=\count292
\everyMPtoPDFconversion=\toks30
)
(C:\Users\micha\AppData\Local\Programs\MiKTeX\tex/latex/epstopdf-pkg\epstopdf-b
ase.sty
Package: epstopdf-base 2020-01-24 v2.11 Base part for package epstopdf
Package epstopdf-base Info: Redefining graphics rule for `.eps' on input line 4
85.

(C:\Users\micha\AppData\Local\Programs\MiKTeX\tex/latex/00miktex\epstopdf-sys.c
fg
File: epstopdf-sys.cfg 2021/03/18 v2.0 Configuration of epstopdf for MiKTeX
))
Package caption Info: Begin \AtBeginDocument code.
Package caption Info: subfig package v1.3 is loaded.
Package caption Info: End \AtBeginDocument code.
LaTeX Font Info:    Trying to load font information for U+msa on input line 125
.
 (C:\Users\micha\AppData\Local\Programs\MiKTeX\tex/latex/amsfonts\umsa.fd
File: umsa.fd 2013/01/14 v3.01 AMS symbols A
)
LaTeX Font Info:    Trying to load font information for U+msb on input line 125
.

(C:\Users\micha\AppData\Local\Programs\MiKTeX\tex/latex/amsfonts\umsb.fd
File: umsb.fd 2013/01/14 v3.01 AMS symbols B
)
LaTeX Font Info:    Trying to load font information for U+stmry on input line 1
25.

(C:\Users\micha\AppData\Local\Programs\MiKTeX\tex/latex/stmaryrd\ustmry.fd)
LaTeX Font Info:    Trying to load font information for OMS+ptm on input line 1
25.

(C:\Users\micha\AppData\Local\Programs\MiKTeX\tex/latex/psnfss\omsptm.fd
File: omsptm.fd 
)
LaTeX Font Info:    Font shape `OMS/ptm/m/n' in size <10> not available
(Font)              Font shape `OMS/cmsy/m/n' tried instead on input line 125.
LaTeX Font Info:    Trying to load font information for TS1+ptm on input line 1
25.

(C:\Users\micha\AppData\Local\Programs\MiKTeX\tex/latex/psnfss\ts1ptm.fd
File: ts1ptm.fd 2001/06/04 font definitions for TS1/ptm.
)

LaTeX Warning: Citation `McMahan2016FederatedLO' on page 1 undefined on input l
ine 133.


LaTeX Warning: Citation `mirhoseini2016cryptoml' on page 1 undefined on input l
ine 133.


LaTeX Warning: Citation `shi2017distributed' on page 1 undefined on input line 
133.


LaTeX Warning: Citation `Yang:2019:FML:3306498.3298981' on page 1 undefined on 
input line 133.


LaTeX Warning: Citation `pmlr-v97-mohri19a' on page 1 undefined on input line 1
33.


LaTeX Warning: Citation `li2019federated' on page 1 undefined on input line 133
.


LaTeX Warning: Citation `Yang:2019:FML:3306498.3298981' on page 1 undefined on 
input line 133.


LaTeX Warning: Citation `smith2017federated' on page 1 undefined on input line 
133.


LaTeX Warning: Citation `takabi2016privacy' on page 1 undefined on input line 1
33.


LaTeX Warning: Citation `liu2018secure' on page 1 undefined on input line 133.


LaTeX Warning: Citation `pmlr-v97-yurochkin19a' on page 1 undefined on input li
ne 133.


LaTeX Warning: Citation `Yang:2019:FML:3306498.3298981' on page 1 undefined on 
input line 133.


LaTeX Warning: Citation `li2019federated' on page 1 undefined on input line 133
.


LaTeX Warning: Citation `chen2016xgboost' on page 1 undefined on input line 135
.


LaTeX Warning: Citation `richardson2007predicting' on page 1 undefined on input
 line 135.


LaTeX Warning: Citation `kim2009improving' on page 1 undefined on input line 13
5.


LaTeX Warning: Citation `burges2010ranknet' on page 1 undefined on input line 1
35.


LaTeX Warning: Citation `li2019privacy' on page 1 undefined on input line 135.


LaTeX Warning: Citation `cheng2019secureboost' on page 1 undefined on input lin
e 135.


LaTeX Warning: Citation `liu2019boosting' on page 1 undefined on input line 135
.


LaTeX Warning: Citation `zhao2018inprivate' on page 1 undefined on input line 1
35.


LaTeX Warning: Citation `cheng2019secureboost' on page 1 undefined on input lin
e 135.


LaTeX Warning: Citation `liu2019boosting' on page 1 undefined on input line 138
.


LaTeX Warning: Citation `zhao2018inprivate' on page 1 undefined on input line 1
38.


LaTeX Warning: Citation `zhao2018inprivate' on page 1 undefined on input line 1
40.


LaTeX Warning: Citation `liu2019boosting' on page 1 undefined on input line 143
.


LaTeX Warning: Citation `du2004privacy' on page 1 undefined on input line 148.


LaTeX Warning: Citation `liu2018secure' on page 1 undefined on input line 148.

[1{C:/Users/micha/AppData/Local/MiKTeX/fonts/map/pdftex/pdftex.map}{C:/Users/mi
cha/AppData/Local/Programs/MiKTeX/fonts/enc/dvips/base/8r.enc}



]

LaTeX Warning: Citation `du2004privacy' on page 2 undefined on input line 150.


LaTeX Warning: Citation `liu2018secure' on page 2 undefined on input line 150.


LaTeX Warning: Citation `gionis1999similarity' on page 2 undefined on input lin
e 155.


LaTeX Warning: Citation `gionis1999similarity' on page 2 undefined on input lin
e 155.


LaTeX Warning: Citation `wang2014privacy' on page 2 undefined on input line 155
.


LaTeX Warning: Citation `qi2017distributed' on page 2 undefined on input line 1
55.


LaTeX Warning: Citation `datar2004locality' on page 2 undefined on input line 1
57.


LaTeX Warning: Citation `zolotarev1986one' on page 2 undefined on input line 15
7.


LaTeX Warning: Citation `chen2016xgboost' on page 2 undefined on input line 162
.


Underfull \hbox (badness 10000) in paragraph at lines 171--174
\OT1/ptm/m/n/10 where $\OML/cmm/m/it/10 g[] \OT1/cmr/m/n/10 = \OML/cmm/m/it/10 
@[]l\OT1/cmr/m/n/10 (\OML/cmm/m/it/10 y[]; []\OT1/cmr/m/n/10 )$ \OT1/ptm/m/n/10
 and $\OML/cmm/m/it/10 h[] \OT1/cmr/m/n/10 =
 []


Underfull \hbox (badness 1888) in paragraph at lines 171--174
\OML/cmm/m/it/10 @[]l\OT1/cmr/m/n/10 (\OML/cmm/m/it/10 y[]; []\OT1/cmr/m/n/10 )
$ \OT1/ptm/m/n/10 are first and sec-ond or-der gra-di-ent
 []


LaTeX Warning: Citation `Yang:2019:FML:3306498.3298981' on page 2 undefined on 
input line 185.


LaTeX Warning: Citation `du2004privacy' on page 2 undefined on input line 189.


LaTeX Warning: Citation `liu2018secure' on page 2 undefined on input line 189.


Underfull \hbox (badness 10000) in paragraph at lines 192--194
[]\OT1/ptm/b/n/10 Definition 1 \OT1/ptm/m/n/10 (Pri-vacy Model)\OT1/ptm/b/n/10 
. []\OT1/ptm/m/n/10 Sup-pose all par-ties
 []


Underfull \hbox (badness 10000) in paragraph at lines 192--194
\OT1/ptm/m/n/10 are \OT1/ptm/m/it/10 honest-but-curious\OT1/ptm/m/n/10 . For a 
pro-to-col $\OML/cmm/m/it/10 C$ \OT1/ptm/m/n/10 per-form-
 []


Underfull \hbox (badness 10000) in paragraph at lines 192--194
\OT1/ptm/m/n/10 ing $\OT1/cmr/m/n/10 (\OML/cmm/m/it/10 O[]; O[]; :::; O[]\OT1/c
mr/m/n/10 ) = \OML/cmm/m/it/10 C\OT1/cmr/m/n/10 (\OML/cmm/m/it/10 I[]; I[]; :::
; I[]\OT1/cmr/m/n/10 )$\OT1/ptm/m/n/10 , where
 []


Underfull \hbox (badness 1946) in paragraph at lines 192--194
\OML/cmm/m/it/10 O[]; O[]; :::; O[]$ \OT1/ptm/m/n/10 are par-ties $\OML/cmm/m/i
t/10 P[]; P[]; :::; P[]$\OT1/ptm/m/n/10 's out-put and
 []


LaTeX Warning: Citation `yao1982protocols' on page 2 undefined on input line 19
6.


LaTeX Warning: Citation `du2004privacy' on page 2 undefined on input line 196.


LaTeX Warning: Citation `du2004privacy' on page 2 undefined on input line 196.


LaTeX Warning: Citation `liu2018secure' on page 2 undefined on input line 196.

[2]

LaTeX Warning: Citation `patarasuk2009bandwidth' on page 3 undefined on input l
ine 205.

<preprocess_allreduce.pdf, id=31, 502.87875pt x 184.69pt>
File: preprocess_allreduce.pdf Graphic file (type pdf)
<use preprocess_allreduce.pdf>
Package pdftex.def Info: preprocess_allreduce.pdf  used on input line 214.
(pdftex.def)             Requested size: 227.42392pt x 83.52399pt.
<training_stage.pdf, id=32, 502.87875pt x 184.69pt>
File: training_stage.pdf Graphic file (type pdf)
<use training_stage.pdf>
Package pdftex.def Info: training_stage.pdf  used on input line 217.
(pdftex.def)             Requested size: 227.42392pt x 83.52399pt.

LaTeX Warning: Citation `datar2004locality' on page 3 undefined on input line 2
24.


LaTeX Warning: Citation `gionis1999similarity' on page 3 undefined on input lin
e 224.


LaTeX Warning: Citation `patarasuk2009bandwidth' on page 3 undefined on input l
ine 226.


LaTeX Warning: Citation `patarasuk2009bandwidth' on page 3 undefined on input l
ine 226.


LaTeX Warning: Citation `chen2016xgboost' on page 3 undefined on input line 265
.


LaTeX Warning: Citation `Ke2017LightGBMAH' on page 3 undefined on input line 26
5.

[3 <./preprocess_allreduce.pdf> <./training_stage.pdf

pdfTeX warning: pdflatex (file ./training_stage.pdf): PDF inclusion: multiple p
dfs with page group included in a single page
>]

LaTeX Warning: Citation `ladyzhenskaia1968linear' on page 4 undefined on input 
line 337.

[4]

LaTeX Warning: Citation `shalev2014understanding' on page 5 undefined on input 
line 358.


LaTeX Warning: Citation `patarasuk2009bandwidth' on page 5 undefined on input l
ine 369.


LaTeX Warning: Citation `zhao2018inprivate' on page 5 undefined on input line 3
72.


LaTeX Warning: Citation `zhao2018inprivate' on page 5 undefined on input line 3
72.


LaTeX Warning: Citation `ThunderGBM' on page 5 undefined on input line 374.


LaTeX Warning: Citation `pmlr-v97-yurochkin19a' on page 5 undefined on input li
ne 393.

[5]
<errorRatioA9a.pdf, id=83, 462.52798pt x 346.89601pt>
File: errorRatioA9a.pdf Graphic file (type pdf)
<use errorRatioA9a.pdf>
Package pdftex.def Info: errorRatioA9a.pdf  used on input line 447.
(pdftex.def)             Requested size: 113.71379pt x 85.28403pt.
<errorRatioCod.pdf, id=84, 462.52798pt x 346.89601pt>
File: errorRatioCod.pdf Graphic file (type pdf)
<use errorRatioCod.pdf>
Package pdftex.def Info: errorRatioCod.pdf  used on input line 450.
(pdftex.def)             Requested size: 113.71379pt x 85.28403pt.
<errorRatioReal-sim.pdf, id=85, 462.52798pt x 346.89601pt>
File: errorRatioReal-sim.pdf Graphic file (type pdf)
<use errorRatioReal-sim.pdf>
Package pdftex.def Info: errorRatioReal-sim.pdf  used on input line 453.
(pdftex.def)             Requested size: 113.71379pt x 85.28403pt.
<errorRatioIjcnn.pdf, id=86, 462.52798pt x 346.89601pt>
File: errorRatioIjcnn.pdf Graphic file (type pdf)
<use errorRatioIjcnn.pdf>
Package pdftex.def Info: errorRatioIjcnn.pdf  used on input line 456.
(pdftex.def)             Requested size: 113.71379pt x 85.28403pt.
<errorRatioSUSY.pdf, id=87, 462.52798pt x 346.89601pt>
File: errorRatioSUSY.pdf Graphic file (type pdf)
<use errorRatioSUSY.pdf>
Package pdftex.def Info: errorRatioSUSY.pdf  used on input line 459.
(pdftex.def)             Requested size: 113.71379pt x 85.28403pt.
<errorRatioHIGGS.pdf, id=88, 462.52798pt x 346.89601pt>
File: errorRatioHIGGS.pdf Graphic file (type pdf)
<use errorRatioHIGGS.pdf>
Package pdftex.def Info: errorRatioHIGGS.pdf  used on input line 461.
(pdftex.def)             Requested size: 113.71379pt x 85.28403pt.


LaTeX Warning: Citation `liu2019boosting' on page 6 undefined on input line 471
.

[6 <./errorRatioA9a.pdf> <./errorRatioCod.pdf

pdfTeX warning: pdflatex (file ./errorRatioCod.pdf): PDF inclusion: multiple pd
fs with page group included in a single page
> <./errorRatioReal-sim.pdf

pdfTeX warning: pdflatex (file ./errorRatioReal-sim.pdf): PDF inclusion: multip
le pdfs with page group included in a single page
> <./errorRatioIjcnn.pdf

pdfTeX warning: pdflatex (file ./errorRatioIjcnn.pdf): PDF inclusion: multiple 
pdfs with page group included in a single page
> <./errorRatioSUSY.pdf

pdfTeX warning: pdflatex (file ./errorRatioSUSY.pdf): PDF inclusion: multiple p
dfs with page group included in a single page
> <./errorRatioHIGGS.pdf

pdfTeX warning: pdflatex (file ./errorRatioHIGGS.pdf): PDF inclusion: multiple 
pdfs with page group included in a single page
>]
<errorUnbaA9a.pdf, id=316, 462.52798pt x 346.89601pt>
File: errorUnbaA9a.pdf Graphic file (type pdf)
<use errorUnbaA9a.pdf>
Package pdftex.def Info: errorUnbaA9a.pdf  used on input line 479.
(pdftex.def)             Requested size: 113.71379pt x 85.28403pt.
<errorUnbaCod.pdf, id=317, 462.52798pt x 346.89601pt>
File: errorUnbaCod.pdf Graphic file (type pdf)
<use errorUnbaCod.pdf>
Package pdftex.def Info: errorUnbaCod.pdf  used on input line 481.
(pdftex.def)             Requested size: 113.71379pt x 85.28403pt.
<errorUnbaReal-sim.pdf, id=318, 462.52798pt x 346.89601pt>
File: errorUnbaReal-sim.pdf Graphic file (type pdf)
<use errorUnbaReal-sim.pdf>
Package pdftex.def Info: errorUnbaReal-sim.pdf  used on input line 484.
(pdftex.def)             Requested size: 113.71379pt x 85.28403pt.
<errorUnbaIjcnn.pdf, id=319, 462.52798pt x 346.89601pt>
File: errorUnbaIjcnn.pdf Graphic file (type pdf)
<use errorUnbaIjcnn.pdf>
Package pdftex.def Info: errorUnbaIjcnn.pdf  used on input line 486.
(pdftex.def)             Requested size: 113.71379pt x 85.28403pt.
<errorUnbaSUSY.pdf, id=320, 462.52798pt x 346.89601pt>
File: errorUnbaSUSY.pdf Graphic file (type pdf)
<use errorUnbaSUSY.pdf>
Package pdftex.def Info: errorUnbaSUSY.pdf  used on input line 489.
(pdftex.def)             Requested size: 113.71379pt x 85.28403pt.
<errorUnbaHIGGS.pdf, id=321, 462.52798pt x 346.89601pt>
File: errorUnbaHIGGS.pdf Graphic file (type pdf)
<use errorUnbaHIGGS.pdf>
Package pdftex.def Info: errorUnbaHIGGS.pdf  used on input line 491.
(pdftex.def)             Requested size: 113.71379pt x 85.28403pt.
<errorBaA9a.pdf, id=322, 462.52798pt x 346.89601pt>
File: errorBaA9a.pdf Graphic file (type pdf)
<use errorBaA9a.pdf>
Package pdftex.def Info: errorBaA9a.pdf  used on input line 503.
(pdftex.def)             Requested size: 113.71379pt x 85.28403pt.
<errorBaCod.pdf, id=323, 462.52798pt x 346.89601pt>
File: errorBaCod.pdf Graphic file (type pdf)
<use errorBaCod.pdf>
Package pdftex.def Info: errorBaCod.pdf  used on input line 505.
(pdftex.def)             Requested size: 113.71379pt x 85.28403pt.
<errorBaReal.pdf, id=324, 462.52798pt x 346.89601pt>
File: errorBaReal.pdf Graphic file (type pdf)
<use errorBaReal.pdf>
Package pdftex.def Info: errorBaReal.pdf  used on input line 508.
(pdftex.def)             Requested size: 113.71379pt x 85.28403pt.
<errorBaIjcnn.pdf, id=325, 462.52798pt x 346.89601pt>
File: errorBaIjcnn.pdf Graphic file (type pdf)
<use errorBaIjcnn.pdf>
Package pdftex.def Info: errorBaIjcnn.pdf  used on input line 510.
(pdftex.def)             Requested size: 113.71379pt x 85.28403pt.
<errorBaSUSY.pdf, id=326, 462.52798pt x 346.89601pt>
File: errorBaSUSY.pdf Graphic file (type pdf)
<use errorBaSUSY.pdf>
Package pdftex.def Info: errorBaSUSY.pdf  used on input line 513.
(pdftex.def)             Requested size: 113.71379pt x 85.28403pt.
<errorBaHIGGS.pdf, id=327, 462.52798pt x 346.89601pt>
File: errorBaHIGGS.pdf Graphic file (type pdf)
<use errorBaHIGGS.pdf>
Package pdftex.def Info: errorBaHIGGS.pdf  used on input line 515.
(pdftex.def)             Requested size: 113.71379pt x 85.28403pt.


LaTeX Warning: `h' float specifier changed to `ht'.

No file AAAI-LiQ.669_changed.bbl.

Underfull \hbox (badness 1052) in paragraph at lines 541--545
\OT1/ptm/m/n/10 ip-sum, ipsa volup-tas ex-pe-dita as-per-natur cumque?Porro
 []


Underfull \hbox (badness 1789) in paragraph at lines 541--545
\OT1/ptm/m/n/10 cu-san-tium volup-tatem, in-cidunt cum prae-sen-tium.Nobis
 []


Underfull \hbox (badness 1365) in paragraph at lines 541--545
\OT1/ptm/m/n/10 tates re-pel-len-dus in-cidunt ex libero ac-cu-san-tium op-tio,

 []

[7 <./errorUnbaA9a.pdf> <./errorUnbaCod.pdf

pdfTeX warning: pdflatex (file ./errorUnbaCod.pdf): PDF inclusion: multiple pdf
s with page group included in a single page
> <./errorUnbaReal-sim.pdf

pdfTeX warning: pdflatex (file ./errorUnbaReal-sim.pdf): PDF inclusion: multipl
e pdfs with page group included in a single page
> <./errorUnbaIjcnn.pdf

pdfTeX warning: pdflatex (file ./errorUnbaIjcnn.pdf): PDF inclusion: multiple p
dfs with page group included in a single page
> <./errorUnbaSUSY.pdf

pdfTeX warning: pdflatex (file ./errorUnbaSUSY.pdf): PDF inclusion: multiple pd
fs with page group included in a single page
> <./errorUnbaHIGGS.pdf

pdfTeX warning: pdflatex (file ./errorUnbaHIGGS.pdf): PDF inclusion: multiple p
dfs with page group included in a single page
> <./errorBaA9a.pdf

pdfTeX warning: pdflatex (file ./errorBaA9a.pdf): PDF inclusion: multiple pdfs 
with page group included in a single page
> <./errorBaCod.pdf

pdfTeX warning: pdflatex (file ./errorBaCod.pdf): PDF inclusion: multiple pdfs 
with page group included in a single page
> <./errorBaReal.pdf

pdfTeX warning: pdflatex (file ./errorBaReal.pdf): PDF inclusion: multiple pdfs
 with page group included in a single page
> <./errorBaIjcnn.pdf

pdfTeX warning: pdflatex (file ./errorBaIjcnn.pdf): PDF inclusion: multiple pdf
s with page group included in a single page
> <./errorBaSUSY.pdf

pdfTeX warning: pdflatex (file ./errorBaSUSY.pdf): PDF inclusion: multiple pdfs
 with page group included in a single page
> <./errorBaHIGGS.pdf

pdfTeX warning: pdflatex (file ./errorBaHIGGS.pdf): PDF inclusion: multiple pdf
s with page group included in a single page
>]
Underfull \vbox (badness 10000) has occurred while \output is active []

 [8]
[9

] (AAAI-LiQ.669_changed.aux)
 ***********
LaTeX2e <2023-06-01> patch level 1
L3 programming layer <2023-08-29>
 ***********
 ) 
Here is how much of TeX's memory you used:
 6036 strings out of 475247
 98032 string characters out of 5757792
 1951801 words of memory out of 5000000
 27457 multiletter control sequences out of 15000+600000
 589533 words of font info for 108 fonts, out of 8000000 for 9000
 1141 hyphenation exceptions out of 8191
 57i,21n,65p,6462b,600s stack positions out of 10000i,1000n,20000p,200000b,200000s
<C:/Users/micha/AppData/Local/Programs/MiKTeX/fonts/type1/public/amsfonts/cm/
cmbx10.pfb><C:/Users/micha/AppData/Local/Programs/MiKTeX/fonts/type1/public/ams
fonts/cm/cmbx7.pfb><C:/Users/micha/AppData/Local/Programs/MiKTeX/fonts/type1/pu
blic/amsfonts/cm/cmex10.pfb><C:/Users/micha/AppData/Local/Programs/MiKTeX/fonts
/type1/public/amsfonts/cmextra/cmex9.pfb><C:/Users/micha/AppData/Local/Programs
/MiKTeX/fonts/type1/public/amsfonts/cm/cmmi10.pfb><C:/Users/micha/AppData/Local
/Programs/MiKTeX/fonts/type1/public/amsfonts/cm/cmmi5.pfb><C:/Users/micha/AppDa
ta/Local/Programs/MiKTeX/fonts/type1/public/amsfonts/cm/cmmi6.pfb><C:/Users/mic
ha/AppData/Local/Programs/MiKTeX/fonts/type1/public/amsfonts/cm/cmmi7.pfb><C:/U
sers/micha/AppData/Local/Programs/MiKTeX/fonts/type1/public/amsfonts/cm/cmmi9.p
fb><C:/Users/micha/AppData/Local/Programs/MiKTeX/fonts/type1/public/amsfonts/cm
/cmr10.pfb><C:/Users/micha/AppData/Local/Programs/MiKTeX/fonts/type1/public/ams
fonts/cm/cmr5.pfb><C:/Users/micha/AppData/Local/Programs/MiKTeX/fonts/type1/pub
lic/amsfonts/cm/cmr6.pfb><C:/Users/micha/AppData/Local/Programs/MiKTeX/fonts/ty
pe1/public/amsfonts/cm/cmr7.pfb><C:/Users/micha/AppData/Local/Programs/MiKTeX/f
onts/type1/public/amsfonts/cm/cmr9.pfb><C:/Users/micha/AppData/Local/Programs/M
iKTeX/fonts/type1/public/amsfonts/cm/cmsy10.pfb><C:/Users/micha/AppData/Local/P
rograms/MiKTeX/fonts/type1/public/amsfonts/cm/cmsy5.pfb><C:/Users/micha/AppData
/Local/Programs/MiKTeX/fonts/type1/public/amsfonts/cm/cmsy6.pfb><C:/Users/micha
/AppData/Local/Programs/MiKTeX/fonts/type1/public/amsfonts/cm/cmsy7.pfb><C:/Use
rs/micha/AppData/Local/Programs/MiKTeX/fonts/type1/public/amsfonts/cm/cmsy9.pfb
><C:/Users/micha/AppData/Local/Programs/MiKTeX/fonts/type1/public/amsfonts/symb
ols/msam10.pfb><C:/Users/micha/AppData/Local/Programs/MiKTeX/fonts/type1/public
/amsfonts/symbols/msbm10.pfb><C:/Users/micha/AppData/Local/Programs/MiKTeX/font
s/type1/urw/times/utmb8a.pfb><C:/Users/micha/AppData/Local/Programs/MiKTeX/font
s/type1/urw/times/utmr8a.pfb><C:/Users/micha/AppData/Local/Programs/MiKTeX/font
s/type1/urw/times/utmri8a.pfb>
Output written on AAAI-LiQ.669_changed.pdf (9 pages, 637337 bytes).
PDF statistics:
 877 PDF objects out of 1000 (max. 8388607)
 0 named destinations out of 1000 (max. 500000)
 101 words of extra memory for PDF output out of 10000 (max. 10000000)

