This is pdfTeX, Version 3.141592653-2.6-1.40.25 (MiKTeX 23.9) (preloaded format=pdflatex 2023.9.22)  30 MAR 2024 16:32
entering extended mode
 restricted \write18 enabled.
 %&-line parsing enabled.
**./aaai24_tex_file_changed.tex
(aaai24_tex_file_changed.tex
LaTeX2e <2023-06-01> patch level 1
L3 programming layer <2023-08-29>
(C:\Users\micha\AppData\Local\Programs\MiKTeX\tex/latex/base\article.cls
Document Class: article 2023/05/17 v1.4n Standard LaTeX document class
(C:\Users\micha\AppData\Local\Programs\MiKTeX\tex/latex/base\size10.clo
File: size10.clo 2023/05/17 v1.4n Standard LaTeX file (size option)
)
\c@part=\count185
\c@section=\count186
\c@subsection=\count187
\c@subsubsection=\count188
\c@paragraph=\count189
\c@subparagraph=\count190
\c@figure=\count191
\c@table=\count192
\abovecaptionskip=\skip48
\belowcaptionskip=\skip49
\bibindent=\dimen140
)
(aaai24.sty
Package: aaai24 2023/06/26 AAAI 2024 Submission format

Conference Style for AAAI for LaTeX 2e -- version for submission
\titlebox=\skip50
) (C:\Users\micha\AppData\Local\Programs\MiKTeX\tex/latex/psnfss\times.sty
Package: times 2020/03/25 PSNFSS-v9.3 (SPQR) 
)
(C:\Users\micha\AppData\Local\Programs\MiKTeX\tex/latex/psnfss\helvet.sty
Package: helvet 2020/03/25 PSNFSS-v9.3 (WaS) 

(C:\Users\micha\AppData\Local\Programs\MiKTeX\tex/latex/graphics\keyval.sty
Package: keyval 2022/05/29 v1.15 key=value parser (DPC)
\KV@toks@=\toks17
))
(C:\Users\micha\AppData\Local\Programs\MiKTeX\tex/latex/psnfss\courier.sty
Package: courier 2020/03/25 PSNFSS-v9.3 (WaS) 
)
(C:\Users\micha\AppData\Local\Programs\MiKTeX\tex/latex/url\url.sty
\Urlmuskip=\muskip16
Package: url 2013/09/16  ver 3.4  Verb mode for urls, etc.
)
(C:\Users\micha\AppData\Local\Programs\MiKTeX\tex/latex/graphics\graphicx.sty
Package: graphicx 2021/09/16 v1.2d Enhanced LaTeX Graphics (DPC,SPQR)

(C:\Users\micha\AppData\Local\Programs\MiKTeX\tex/latex/graphics\graphics.sty
Package: graphics 2022/03/10 v1.4e Standard LaTeX Graphics (DPC,SPQR)

(C:\Users\micha\AppData\Local\Programs\MiKTeX\tex/latex/graphics\trig.sty
Package: trig 2021/08/11 v1.11 sin cos tan (DPC)
)
(C:\Users\micha\AppData\Local\Programs\MiKTeX\tex/latex/graphics-cfg\graphics.c
fg
File: graphics.cfg 2016/06/04 v1.11 sample graphics configuration
)
Package graphics Info: Driver file: pdftex.def on input line 107.

(C:\Users\micha\AppData\Local\Programs\MiKTeX\tex/latex/graphics-def\pdftex.def
File: pdftex.def 2022/09/22 v1.2b Graphics/color driver for pdftex
))
\Gin@req@height=\dimen141
\Gin@req@width=\dimen142
) (C:\Users\micha\AppData\Local\Programs\MiKTeX\tex/latex/natbib\natbib.sty
Package: natbib 2010/09/13 8.31b (PWD, AO)
\bibhang=\skip51
\bibsep=\skip52
LaTeX Info: Redefining \cite on input line 694.
\c@NAT@ctr=\count193
)
(C:\Users\micha\AppData\Local\Programs\MiKTeX\tex/latex/caption\caption.sty
Package: caption 2023/07/31 v3.6n Customizing captions (AR)

(C:\Users\micha\AppData\Local\Programs\MiKTeX\tex/latex/caption\caption3.sty
Package: caption3 2023/07/31 v2.4d caption3 kernel (AR)
\caption@tempdima=\dimen143
\captionmargin=\dimen144
\caption@leftmargin=\dimen145
\caption@rightmargin=\dimen146
\caption@width=\dimen147
\caption@indent=\dimen148
\caption@parindent=\dimen149
\caption@hangindent=\dimen150
Package caption Info: Standard document class detected.
)
\c@caption@flags=\count194
\c@continuedfloat=\count195
)
(C:\Users\micha\AppData\Local\Programs\MiKTeX\tex/latex/algorithms\algorithm.st
y
Package: algorithm 2009/08/24 v0.1 Document Style `algorithm' - floating enviro
nment
 (C:\Users\micha\AppData\Local\Programs\MiKTeX\tex/latex/float\float.sty
Package: float 2001/11/08 v1.3d Float enhancements (AL)
\c@float@type=\count196
\float@exts=\toks18
\float@box=\box51
\@float@everytoks=\toks19
\@floatcapt=\box52
)
(C:\Users\micha\AppData\Local\Programs\MiKTeX\tex/latex/base\ifthen.sty
Package: ifthen 2022/04/13 v1.1d Standard LaTeX ifthen package (DPC)
)
\@float@every@algorithm=\toks20
\c@algorithm=\count197
)
(C:\Users\micha\AppData\Local\Programs\MiKTeX\tex/latex/algorithms\algorithmic.
sty
Package: algorithmic 2009/08/24 v0.1 Document Style `algorithmic'
\c@ALC@unique=\count198
\c@ALC@line=\count199
\c@ALC@rem=\count266
\c@ALC@depth=\count267
\ALC@tlm=\skip53
\algorithmicindent=\skip54
) (C:\Users\micha\AppData\Local\Programs\MiKTeX\tex/latex/tools\bm.sty
Package: bm 2022/01/05 v1.2f Bold Symbol Support (DPC/FMi)
\symboldoperators=\mathgroup4
\symboldletters=\mathgroup5
\symboldsymbols=\mathgroup6
Package bm Info: No bold for \OMX/cmex/m/n, using \pmb.
LaTeX Font Info:    Redeclaring math alphabet \mathbf on input line 149.
)
(C:\Users\micha\AppData\Local\Programs\MiKTeX\tex/latex/enumitem\enumitem.sty
Package: enumitem 2019/06/20 v3.9 Customized lists
\labelindent=\skip55
\enit@outerparindent=\dimen151
\enit@toks=\toks21
\enit@inbox=\box53
\enit@count@id=\count268
\enitdp@description=\count269
)
(C:\Users\micha\AppData\Local\Programs\MiKTeX\tex/latex/bbding\bbding.sty
Package: bbding 1999/04/15 v1.01 Dingbats symbols
)
(C:\Users\micha\AppData\Local\Programs\MiKTeX\tex/latex/multirow\multirow.sty
Package: multirow 2021/03/15 v2.8 Span multiple rows of a table
\multirow@colwidth=\skip56
\multirow@cntb=\count270
\multirow@dima=\skip57
\bigstrutjot=\dimen152
)
(C:\Users\micha\AppData\Local\Programs\MiKTeX\tex/latex/amsmath\amsmath.sty
Package: amsmath 2023/05/13 v2.17o AMS math features
\@mathmargin=\skip58

For additional information on amsmath, use the `?' option.
(C:\Users\micha\AppData\Local\Programs\MiKTeX\tex/latex/amsmath\amstext.sty
Package: amstext 2021/08/26 v2.01 AMS text

(C:\Users\micha\AppData\Local\Programs\MiKTeX\tex/latex/amsmath\amsgen.sty
File: amsgen.sty 1999/11/30 v2.0 generic functions
\@emptytoks=\toks22
\ex@=\dimen153
))
(C:\Users\micha\AppData\Local\Programs\MiKTeX\tex/latex/amsmath\amsbsy.sty
Package: amsbsy 1999/11/29 v1.2d Bold Symbols
LaTeX Info: Redefining \boldsymbol on input line 28.
\pmbraise@=\dimen154
)
(C:\Users\micha\AppData\Local\Programs\MiKTeX\tex/latex/amsmath\amsopn.sty
Package: amsopn 2022/04/08 v2.04 operator names
)
\inf@bad=\count271
LaTeX Info: Redefining \frac on input line 234.
\uproot@=\count272
\leftroot@=\count273
LaTeX Info: Redefining \overline on input line 399.
LaTeX Info: Redefining \colon on input line 410.
\classnum@=\count274
\DOTSCASE@=\count275
LaTeX Info: Redefining \ldots on input line 496.
LaTeX Info: Redefining \dots on input line 499.
LaTeX Info: Redefining \cdots on input line 620.
\Mathstrutbox@=\box54
\strutbox@=\box55
LaTeX Info: Redefining \big on input line 722.
LaTeX Info: Redefining \Big on input line 723.
LaTeX Info: Redefining \bigg on input line 724.
LaTeX Info: Redefining \Bigg on input line 725.
\big@size=\dimen155
LaTeX Font Info:    Redeclaring font encoding OML on input line 743.
LaTeX Font Info:    Redeclaring font encoding OMS on input line 744.
\macc@depth=\count276
LaTeX Info: Redefining \bmod on input line 905.
LaTeX Info: Redefining \pmod on input line 910.
LaTeX Info: Redefining \smash on input line 940.
LaTeX Info: Redefining \relbar on input line 970.
LaTeX Info: Redefining \Relbar on input line 971.
\c@MaxMatrixCols=\count277
\dotsspace@=\muskip17
\c@parentequation=\count278
\dspbrk@lvl=\count279
\tag@help=\toks23
\row@=\count280
\column@=\count281
\maxfields@=\count282
\andhelp@=\toks24
\eqnshift@=\dimen156
\alignsep@=\dimen157
\tagshift@=\dimen158
\tagwidth@=\dimen159
\totwidth@=\dimen160
\lineht@=\dimen161
\@envbody=\toks25
\multlinegap=\skip59
\multlinetaggap=\skip60
\mathdisplay@stack=\toks26
LaTeX Info: Redefining \[ on input line 2953.
LaTeX Info: Redefining \] on input line 2954.
)
(C:\Users\micha\AppData\Local\Programs\MiKTeX\tex/latex/amsfonts\amssymb.sty
Package: amssymb 2013/01/14 v3.01 AMS font symbols

(C:\Users\micha\AppData\Local\Programs\MiKTeX\tex/latex/amsfonts\amsfonts.sty
Package: amsfonts 2013/01/14 v3.01 Basic AMSFonts support
\symAMSa=\mathgroup7
\symAMSb=\mathgroup8
LaTeX Font Info:    Redeclaring math symbol \hbar on input line 98.
LaTeX Font Info:    Overwriting math alphabet `\mathfrak' in version `bold'
(Font)                  U/euf/m/n --> U/euf/b/n on input line 106.
)) (C:\Users\micha\AppData\Local\Programs\MiKTeX\tex/latex/newfloat\newfloat.st
y
Package: newfloat 2023/10/01 v1.2 Defining new floating environments (AR)
) (C:\Users\micha\AppData\Local\Programs\MiKTeX\tex/latex/listings\listings.sty
\lst@mode=\count283
\lst@gtempboxa=\box56
\lst@token=\toks27
\lst@length=\count284
\lst@currlwidth=\dimen162
\lst@column=\count285
\lst@pos=\count286
\lst@lostspace=\dimen163
\lst@width=\dimen164
\lst@newlines=\count287
\lst@lineno=\count288
\lst@maxwidth=\dimen165

(C:\Users\micha\AppData\Local\Programs\MiKTeX\tex/latex/listings\lstmisc.sty
File: lstmisc.sty 2023/02/27 1.9 (Carsten Heinz)
\c@lstnumber=\count289
\lst@skipnumbers=\count290
\lst@framebox=\box57
)
(C:\Users\micha\AppData\Local\Programs\MiKTeX\tex/latex/listings\listings.cfg
File: listings.cfg 2023/02/27 1.9 listings configuration
))
Package: listings 2023/02/27 1.9 (Carsten Heinz)
\@float@every@listing=\toks28
\c@listing=\count291
(C:\Users\micha\AppData\Local\Programs\MiKTeX\tex/latex/natbib\bibentry.sty
Package: bibentry 2007/10/30 1.5 (PWD)
)
LaTeX Font Info:    Trying to load font information for OT1+ptm on input line 1
22.

(C:\Users\micha\AppData\Local\Programs\MiKTeX\tex/latex/psnfss\ot1ptm.fd
File: ot1ptm.fd 2001/06/04 font definitions for OT1/ptm.
)
(C:\Users\micha\AppData\Local\Programs\MiKTeX\tex/latex/l3backend\l3backend-pdf
tex.def
File: l3backend-pdftex.def 2023-04-19 L3 backend support: PDF output (pdfTeX)
\l__color_backend_stack_int=\count292
\l__pdf_internal_box=\box58
) (aaai24_tex_file_changed.aux)
\openout1 = `aaai24_tex_file_changed.aux'.

LaTeX Font Info:    Checking defaults for OML/cmm/m/it on input line 122.
LaTeX Font Info:    ... okay on input line 122.
LaTeX Font Info:    Checking defaults for OMS/cmsy/m/n on input line 122.
LaTeX Font Info:    ... okay on input line 122.
LaTeX Font Info:    Checking defaults for OT1/cmr/m/n on input line 122.
LaTeX Font Info:    ... okay on input line 122.
LaTeX Font Info:    Checking defaults for T1/cmr/m/n on input line 122.
LaTeX Font Info:    ... okay on input line 122.
LaTeX Font Info:    Checking defaults for TS1/cmr/m/n on input line 122.
LaTeX Font Info:    ... okay on input line 122.
LaTeX Font Info:    Checking defaults for OMX/cmex/m/n on input line 122.
LaTeX Font Info:    ... okay on input line 122.
LaTeX Font Info:    Checking defaults for U/cmr/m/n on input line 122.
LaTeX Font Info:    ... okay on input line 122.

(C:\Users\micha\AppData\Local\Programs\MiKTeX\tex/context/base/mkii\supp-pdf.mk
ii
[Loading MPS to PDF converter (version 2006.09.02).]
\scratchcounter=\count293
\scratchdimen=\dimen166
\scratchbox=\box59
\nofMPsegments=\count294
\nofMParguments=\count295
\everyMPshowfont=\toks29
\MPscratchCnt=\count296
\MPscratchDim=\dimen167
\MPnumerator=\count297
\makeMPintoPDFobject=\count298
\everyMPtoPDFconversion=\toks30
)
(C:\Users\micha\AppData\Local\Programs\MiKTeX\tex/latex/epstopdf-pkg\epstopdf-b
ase.sty
Package: epstopdf-base 2020-01-24 v2.11 Base part for package epstopdf
Package epstopdf-base Info: Redefining graphics rule for `.eps' on input line 4
85.

(C:\Users\micha\AppData\Local\Programs\MiKTeX\tex/latex/00miktex\epstopdf-sys.c
fg
File: epstopdf-sys.cfg 2021/03/18 v2.0 Configuration of epstopdf for MiKTeX
))
Package caption Info: Begin \AtBeginDocument code.
Package caption Info: float package is loaded.
Package caption Info: listings package is loaded.
Package caption Info: End \AtBeginDocument code.
Package newfloat Info: `float' package detected.
\c@lstlisting=\count299
\c@eqfn=\count300
\titlearea=\box60
LaTeX Font Info:    Trying to load font information for U+msa on input line 124
.
 (C:\Users\micha\AppData\Local\Programs\MiKTeX\tex/latex/amsfonts\umsa.fd
File: umsa.fd 2013/01/14 v3.01 AMS symbols A
)
LaTeX Font Info:    Trying to load font information for U+msb on input line 124
.

(C:\Users\micha\AppData\Local\Programs\MiKTeX\tex/latex/amsfonts\umsb.fd
File: umsb.fd 2013/01/14 v3.01 AMS symbols B
)
LaTeX Font Info:    Trying to load font information for OMS+ptm on input line 1
24.

(C:\Users\micha\AppData\Local\Programs\MiKTeX\tex/latex/psnfss\omsptm.fd
File: omsptm.fd 
)
LaTeX Font Info:    Font shape `OMS/ptm/m/n' in size <10> not available
(Font)              Font shape `OMS/cmsy/m/n' tried instead on input line 124.
\actualheight=\skip61
LaTeX Font Info:    Trying to load font information for TS1+ptm on input line 1
24.

(C:\Users\micha\AppData\Local\Programs\MiKTeX\tex/latex/psnfss\ts1ptm.fd
File: ts1ptm.fd 2001/06/04 font definitions for TS1/ptm.
)

Package natbib Warning: Citation `RS3' on page 1 undefined on input line 131.


Package natbib Warning: Citation `RS2' on page 1 undefined on input line 131.


Package natbib Warning: Citation `RS1' on page 1 undefined on input line 131.


Package natbib Warning: Citation `DGSR' on page 1 undefined on input line 131.


Package natbib Warning: Citation `MLP4Rec' on page 1 undefined on input line 13
1.


Package natbib Warning: Citation `ICLRec' on page 1 undefined on input line 131
.


Package natbib Warning: Citation `xia2021knowledge' on page 1 undefined on inpu
t line 131.


Package natbib Warning: Citation `P2FCDR' on page 1 undefined on input line 131
.


Package natbib Warning: Citation `chen2023enhanced' on page 1 undefined on inpu
t line 131.

<figs/motivation.pdf, id=1, 290.08376pt x 74.2775pt>
File: figs/motivation.pdf Graphic file (type pdf)
<use figs/motivation.pdf>
Package pdftex.def Info: figs/motivation.pdf  used on input line 135.
(pdftex.def)             Requested size: 242.82503pt x 62.17732pt.

Overfull \hbox (3.43065pt too wide) in paragraph at lines 135--136
 [][] 
 []


Package natbib Warning: Citation `DDPM' on page 1 undefined on input line 141.


Package natbib Warning: Citation `SS_v1' on page 1 undefined on input line 141.



Package natbib Warning: Citation `TSL_v1' on page 1 undefined on input line 141
.


Package natbib Warning: Citation `CoMix' on page 1 undefined on input line 141.



Package natbib Warning: Citation `CODIGEM' on page 1 undefined on input line 14
3.


Package natbib Warning: Citation `DiffRec' on page 1 undefined on input line 14
3.

[1{C:/Users/micha/AppData/Local/MiKTeX/fonts/map/pdftex/pdftex.map}{C:/Users/mi
cha/AppData/Local/Programs/MiKTeX/fonts/enc/dvips/base/8r.enc}



 <./figs/motivation.pdf>]

Package natbib Warning: Citation `MLP4Rec' on page 2 undefined on input line 16
4.


Package natbib Warning: Citation `RCNN' on page 2 undefined on input line 165.


Package natbib Warning: Citation `Caser' on page 2 undefined on input line 165.



Package natbib Warning: Citation `NARM' on page 2 undefined on input line 165.


Package natbib Warning: Citation `GRU4Rec' on page 2 undefined on input line 16
5.


Package natbib Warning: Citation `BERT4Rec' on page 2 undefined on input line 1
65.


Package natbib Warning: Citation `SASRec' on page 2 undefined on input line 165
.


Package natbib Warning: Citation `GRU4Rec' on page 2 undefined on input line 16
5.


Package natbib Warning: Citation `SASRec' on page 2 undefined on input line 165
.


Package natbib Warning: Citation `CL4SRec' on page 2 undefined on input line 16
6.


Package natbib Warning: Citation `SR_v1' on page 2 undefined on input line 171.



Package natbib Warning: Citation `SR_v2' on page 2 undefined on input line 171.



Package natbib Warning: Citation `SS_v1' on page 2 undefined on input line 171.



Package natbib Warning: Citation `TSL_v2' on page 2 undefined on input line 171
.


Package natbib Warning: Citation `CODIGEM' on page 2 undefined on input line 17
1.


Package natbib Warning: Citation `DiffRec' on page 2 undefined on input line 17
1.


Package natbib Warning: Citation `DiffuRec' on page 2 undefined on input line 1
71.


Package natbib Warning: Citation `DiffRec*' on page 2 undefined on input line 1
71.


Underfull \hbox (badness 1122) in paragraph at lines 169--172
\OT1/ptm/m/n/10 spired by non-equilibrium sta-tis-ti-cal physics and hasve
 []


Package natbib Warning: Citation `DDPM' on page 2 undefined on input line 180.


Package natbib Warning: Citation `IDDPM' on page 2 undefined on input line 180.



Package natbib Warning: Citation `CODIGEM' on page 2 undefined on input line 18
0.


Package natbib Warning: Citation `DiffRec' on page 2 undefined on input line 18
0.


Package natbib Warning: Citation `DiffRec' on page 2 undefined on input line 18
0.

[2]
<figs/dm_demo.pdf, id=25, 330.23375pt x 108.405pt>
File: figs/dm_demo.pdf Graphic file (type pdf)
<use figs/dm_demo.pdf>
Package pdftex.def Info: figs/dm_demo.pdf  used on input line 184.
(pdftex.def)             Requested size: 227.64894pt x 74.7317pt.


Package natbib Warning: Citation `DDPM' on page 3 undefined on input line 192.


Package natbib Warning: Citation `VAE' on page 3 undefined on input line 192.

<figs/overall_structure.pdf, id=26, 489.83pt x 244.915pt>
File: figs/overall_structure.pdf Graphic file (type pdf)
<use figs/overall_structure.pdf>
Package pdftex.def Info: figs/overall_structure.pdf  used on input line 208.
(pdftex.def)             Requested size: 242.82503pt x 121.4108pt.

Overfull \hbox (3.43065pt too wide) in paragraph at lines 208--209
 [][] 
 []

[3 <./figs/dm_demo.pdf> <./figs/overall_structure.pdf>]

Package natbib Warning: Citation `DiffRec' on page 4 undefined on input line 22
1.


Package natbib Warning: Citation `SASRec' on page 4 undefined on input line 238
.


Package natbib Warning: Citation `DNS+' on page 4 undefined on input line 242.


Package natbib Warning: Citation `RealHNS' on page 4 undefined on input line 24
2.


Overfull \hbox (2.16241pt too wide) in paragraph at lines 265--298
 [][] 
 []


LaTeX Warning: Command \textless invalid in math mode on input line 298.

LaTeX Font Info:    Trying to load font information for OML+ptm on input line 2
98.
(C:\Users\micha\AppData\Local\Programs\MiKTeX\tex/latex/psnfss\omlptm.fd
File: omlptm.fd 
)
LaTeX Font Info:    Font shape `OML/ptm/m/n' in size <10> not available
(Font)              Font shape `OML/cmm/m/it' tried instead on input line 298.


LaTeX Warning: Command \textless invalid in math mode on input line 298.


LaTeX Warning: Command \textless invalid in math mode on input line 298.


LaTeX Warning: Command \textless invalid in math mode on input line 298.

[4]

Package natbib Warning: Citation `amazon' on page 5 undefined on input line 349
.


Package natbib Warning: Citation `douban' on page 5 undefined on input line 349
.


Package natbib Warning: Citation `GRU4Rec' on page 5 undefined on input line 35
5.


Package natbib Warning: Citation `SASRec' on page 5 undefined on input line 355
.


Package natbib Warning: Citation `CL4SRec' on page 5 undefined on input line 35
5.


Package natbib Warning: Citation `DiffRec' on page 5 undefined on input line 35
5.


Package natbib Warning: Citation `DiffRec' on page 5 undefined on input line 35
5.

<figs/ablation.pdf, id=147, 1741.50626pt x 466.74374pt>
File: figs/ablation.pdf Graphic file (type pdf)
<use figs/ablation.pdf>
Package pdftex.def Info: figs/ablation.pdf  used on input line 360.
(pdftex.def)             Requested size: 495.77003pt x 132.86665pt.

Package natbib Warning: Citation `SASRec' on page 5 undefined on input line 371
.

[5]

LaTeX Warning: Command \textless invalid in math mode on input line 373.


LaTeX Warning: Command \textless invalid in math mode on input line 373.


Underfull \hbox (badness 1014) in paragraph at lines 373--374
\OT1/ptm/m/n/10 lines on four datasets, ex-hibit-ing the sig-nif-i-cance level
 []


Package natbib Warning: Citation `DiffRec' on page 6 undefined on input line 37
7.

<figs/universality_both.pdf, id=151, 1741.50626pt x 497.86pt>
File: figs/universality_both.pdf Graphic file (type pdf)
<use figs/universality_both.pdf>
Package pdftex.def Info: figs/universality_both.pdf  used on input line 381.
(pdftex.def)             Requested size: 455.2979pt x 130.15463pt.

Package natbib Warning: Citation `GRU4Rec' on page 6 undefined on input line 44
2.


Package natbib Warning: Citation `CL4SRec' on page 6 undefined on input line 44
2.

[6 <./figs/ablation.pdf>]

Package natbib Warning: Citation `Tri-CDR' on page 7 undefined on input line 45
4.


Package natbib Warning: Citation `DDGHM' on page 7 undefined on input line 454.


[7 <./figs/universality_both.pdf>] [8

]
No file aaai24_tex_file_changed.bbl.

Package natbib Warning: There were undefined citations.

(aaai24_tex_file_changed.aux)
 ***********
LaTeX2e <2023-06-01> patch level 1
L3 programming layer <2023-08-29>
 ***********
 ) 
Here is how much of TeX's memory you used:
 7169 strings out of 475247
 115066 string characters out of 5757792
 1971801 words of memory out of 5000000
 28573 multiletter control sequences out of 15000+600000
 596107 words of font info for 123 fonts, out of 8000000 for 9000
 1141 hyphenation exceptions out of 8191
 57i,16n,65p,1883b,412s stack positions out of 10000i,1000n,20000p,200000b,200000s
<C:/Users/micha/AppData/Local/Programs/MiKTeX/fonts/type1/public/amsfonts/cme
xtra/cmbsy7.pfb><C:/Users/micha/AppData/Local/Programs/MiKTeX/fonts/type1/publi
c/amsfonts/cm/cmbx10.pfb><C:/Users/micha/AppData/Local/Programs/MiKTeX/fonts/ty
pe1/public/amsfonts/cm/cmex10.pfb><C:/Users/micha/AppData/Local/Programs/MiKTeX
/fonts/type1/public/amsfonts/cm/cmmi10.pfb><C:/Users/micha/AppData/Local/Progra
ms/MiKTeX/fonts/type1/public/amsfonts/cm/cmmi5.pfb><C:/Users/micha/AppData/Loca
l/Programs/MiKTeX/fonts/type1/public/amsfonts/cm/cmmi7.pfb><C:/Users/micha/AppD
ata/Local/Programs/MiKTeX/fonts/type1/public/amsfonts/cm/cmmib10.pfb><C:/Users/
micha/AppData/Local/Programs/MiKTeX/fonts/type1/public/amsfonts/cmextra/cmmib5.
pfb><C:/Users/micha/AppData/Local/Programs/MiKTeX/fonts/type1/public/amsfonts/c
mextra/cmmib7.pfb><C:/Users/micha/AppData/Local/Programs/MiKTeX/fonts/type1/pub
lic/amsfonts/cm/cmr10.pfb><C:/Users/micha/AppData/Local/Programs/MiKTeX/fonts/t
ype1/public/amsfonts/cm/cmr5.pfb><C:/Users/micha/AppData/Local/Programs/MiKTeX/
fonts/type1/public/amsfonts/cm/cmr7.pfb><C:/Users/micha/AppData/Local/Programs/
MiKTeX/fonts/type1/public/amsfonts/cm/cmsy10.pfb><C:/Users/micha/AppData/Local/
Programs/MiKTeX/fonts/type1/public/amsfonts/cm/cmsy5.pfb><C:/Users/micha/AppDat
a/Local/Programs/MiKTeX/fonts/type1/public/amsfonts/cm/cmsy7.pfb><C:/Users/mich
a/AppData/Local/Programs/MiKTeX/fonts/type1/public/amsfonts/symbols/msbm10.pfb>
<C:/Users/micha/AppData/Local/Programs/MiKTeX/fonts/type1/urw/times/utmb8a.pfb>
<C:/Users/micha/AppData/Local/Programs/MiKTeX/fonts/type1/urw/times/utmbi8a.pfb
><C:/Users/micha/AppData/Local/Programs/MiKTeX/fonts/type1/urw/times/utmr8a.pfb
><C:/Users/micha/AppData/Local/Programs/MiKTeX/fonts/type1/urw/times/utmri8a.pf
b>
Output written on aaai24_tex_file_changed.pdf (8 pages, 648024 bytes).
PDF statistics:
 312 PDF objects out of 1000 (max. 8388607)
 0 named destinations out of 1000 (max. 500000)
 26 words of extra memory for PDF output out of 10000 (max. 10000000)

