This is pdfTeX, Version 3.141592653-2.6-1.40.25 (MiKTeX 23.9) (preloaded format=pdflatex 2023.9.22)  30 MAR 2024 17:12
entering extended mode
 restricted \write18 enabled.
 %&-line parsing enabled.
**./AAAI-ZhaoM.7640_changed.tex
(AAAI-ZhaoM.7640_changed.tex
LaTeX2e <2023-06-01> patch level 1
L3 programming layer <2023-08-29>
(C:\Users\micha\AppData\Local\Programs\MiKTeX\tex/latex/base\article.cls
Document Class: article 2023/05/17 v1.4n Standard LaTeX document class
(C:\Users\micha\AppData\Local\Programs\MiKTeX\tex/latex/base\size10.clo
File: size10.clo 2023/05/17 v1.4n Standard LaTeX file (size option)
)
\c@part=\count185
\c@section=\count186
\c@subsection=\count187
\c@subsubsection=\count188
\c@paragraph=\count189
\c@subparagraph=\count190
\c@figure=\count191
\c@table=\count192
\abovecaptionskip=\skip48
\belowcaptionskip=\skip49
\bibindent=\dimen140
)
(aaai20.sty
Conference Style for AAAI for LaTeX 2e -- version for the AAAI-20 conference
\titlebox=\skip50
) (C:\Users\micha\AppData\Local\Programs\MiKTeX\tex/latex/psnfss\times.sty
Package: times 2020/03/25 PSNFSS-v9.3 (SPQR) 
)
(C:\Users\micha\AppData\Local\Programs\MiKTeX\tex/latex/psnfss\helvet.sty
Package: helvet 2020/03/25 PSNFSS-v9.3 (WaS) 

(C:\Users\micha\AppData\Local\Programs\MiKTeX\tex/latex/graphics\keyval.sty
Package: keyval 2022/05/29 v1.15 key=value parser (DPC)
\KV@toks@=\toks17
))
(C:\Users\micha\AppData\Local\Programs\MiKTeX\tex/latex/psnfss\courier.sty
Package: courier 2020/03/25 PSNFSS-v9.3 (WaS) 
)
(C:\Users\micha\AppData\Local\Programs\MiKTeX\tex/latex/xcolor\xcolor.sty
Package: xcolor 2022/06/12 v2.14 LaTeX color extensions (UK)

(C:\Users\micha\AppData\Local\Programs\MiKTeX\tex/latex/graphics-cfg\color.cfg
File: color.cfg 2016/01/02 v1.6 sample color configuration
)
Package xcolor Info: Driver file: pdftex.def on input line 227.

(C:\Users\micha\AppData\Local\Programs\MiKTeX\tex/latex/graphics-def\pdftex.def
File: pdftex.def 2022/09/22 v1.2b Graphics/color driver for pdftex
)
(C:\Users\micha\AppData\Local\Programs\MiKTeX\tex/latex/graphics\mathcolor.ltx)
Package xcolor Info: Model `cmy' substituted by `cmy0' on input line 1353.
Package xcolor Info: Model `hsb' substituted by `rgb' on input line 1357.
Package xcolor Info: Model `RGB' extended on input line 1369.
Package xcolor Info: Model `HTML' substituted by `rgb' on input line 1371.
Package xcolor Info: Model `Hsb' substituted by `hsb' on input line 1372.
Package xcolor Info: Model `tHsb' substituted by `hsb' on input line 1373.
Package xcolor Info: Model `HSB' substituted by `hsb' on input line 1374.
Package xcolor Info: Model `Gray' substituted by `gray' on input line 1375.
Package xcolor Info: Model `wave' substituted by `hsb' on input line 1376.
) (C:\Users\micha\AppData\Local\Programs\MiKTeX\tex/latex/url\url.sty
\Urlmuskip=\muskip16
Package: url 2013/09/16  ver 3.4  Verb mode for urls, etc.
)
(C:\Users\micha\AppData\Local\Programs\MiKTeX\tex/latex/graphics\graphicx.sty
Package: graphicx 2021/09/16 v1.2d Enhanced LaTeX Graphics (DPC,SPQR)

(C:\Users\micha\AppData\Local\Programs\MiKTeX\tex/latex/graphics\graphics.sty
Package: graphics 2022/03/10 v1.4e Standard LaTeX Graphics (DPC,SPQR)

(C:\Users\micha\AppData\Local\Programs\MiKTeX\tex/latex/graphics\trig.sty
Package: trig 2021/08/11 v1.11 sin cos tan (DPC)
)
(C:\Users\micha\AppData\Local\Programs\MiKTeX\tex/latex/graphics-cfg\graphics.c
fg
File: graphics.cfg 2016/06/04 v1.11 sample graphics configuration
)
Package graphics Info: Driver file: pdftex.def on input line 107.
)
\Gin@req@height=\dimen141
\Gin@req@width=\dimen142
)
(C:\Users\micha\AppData\Local\Programs\MiKTeX\tex/latex/threeparttable\threepar
ttable.sty
Package: threeparttable 2003/06/13  v 3.0
\@tempboxb=\box51
)
(C:\Users\micha\AppData\Local\Programs\MiKTeX\tex/latex/booktabs\booktabs.sty
Package: booktabs 2020/01/12 v1.61803398 Publication quality tables
\heavyrulewidth=\dimen143
\lightrulewidth=\dimen144
\cmidrulewidth=\dimen145
\belowrulesep=\dimen146
\belowbottomsep=\dimen147
\aboverulesep=\dimen148
\abovetopsep=\dimen149
\cmidrulesep=\dimen150
\cmidrulekern=\dimen151
\defaultaddspace=\dimen152
\@cmidla=\count193
\@cmidlb=\count194
\@aboverulesep=\dimen153
\@belowrulesep=\dimen154
\@thisruleclass=\count195
\@lastruleclass=\count196
\@thisrulewidth=\dimen155
)
(C:\Users\micha\AppData\Local\Programs\MiKTeX\tex/latex/amsmath\amsmath.sty
Package: amsmath 2023/05/13 v2.17o AMS math features
\@mathmargin=\skip51

For additional information on amsmath, use the `?' option.
(C:\Users\micha\AppData\Local\Programs\MiKTeX\tex/latex/amsmath\amstext.sty
Package: amstext 2021/08/26 v2.01 AMS text

(C:\Users\micha\AppData\Local\Programs\MiKTeX\tex/latex/amsmath\amsgen.sty
File: amsgen.sty 1999/11/30 v2.0 generic functions
\@emptytoks=\toks18
\ex@=\dimen156
))
(C:\Users\micha\AppData\Local\Programs\MiKTeX\tex/latex/amsmath\amsbsy.sty
Package: amsbsy 1999/11/29 v1.2d Bold Symbols
\pmbraise@=\dimen157
)
(C:\Users\micha\AppData\Local\Programs\MiKTeX\tex/latex/amsmath\amsopn.sty
Package: amsopn 2022/04/08 v2.04 operator names
)
\inf@bad=\count197
LaTeX Info: Redefining \frac on input line 234.
\uproot@=\count198
\leftroot@=\count199
LaTeX Info: Redefining \overline on input line 399.
LaTeX Info: Redefining \colon on input line 410.
\classnum@=\count266
\DOTSCASE@=\count267
LaTeX Info: Redefining \ldots on input line 496.
LaTeX Info: Redefining \dots on input line 499.
LaTeX Info: Redefining \cdots on input line 620.
\Mathstrutbox@=\box52
\strutbox@=\box53
LaTeX Info: Redefining \big on input line 722.
LaTeX Info: Redefining \Big on input line 723.
LaTeX Info: Redefining \bigg on input line 724.
LaTeX Info: Redefining \Bigg on input line 725.
\big@size=\dimen158
LaTeX Font Info:    Redeclaring font encoding OML on input line 743.
LaTeX Font Info:    Redeclaring font encoding OMS on input line 744.
\macc@depth=\count268
LaTeX Info: Redefining \bmod on input line 905.
LaTeX Info: Redefining \pmod on input line 910.
LaTeX Info: Redefining \smash on input line 940.
LaTeX Info: Redefining \relbar on input line 970.
LaTeX Info: Redefining \Relbar on input line 971.
\c@MaxMatrixCols=\count269
\dotsspace@=\muskip17
\c@parentequation=\count270
\dspbrk@lvl=\count271
\tag@help=\toks19
\row@=\count272
\column@=\count273
\maxfields@=\count274
\andhelp@=\toks20
\eqnshift@=\dimen159
\alignsep@=\dimen160
\tagshift@=\dimen161
\tagwidth@=\dimen162
\totwidth@=\dimen163
\lineht@=\dimen164
\@envbody=\toks21
\multlinegap=\skip52
\multlinetaggap=\skip53
\mathdisplay@stack=\toks22
LaTeX Info: Redefining \[ on input line 2953.
LaTeX Info: Redefining \] on input line 2954.
)
(C:\Users\micha\AppData\Local\Programs\MiKTeX\tex/latex/amsfonts\amssymb.sty
Package: amssymb 2013/01/14 v3.01 AMS font symbols

(C:\Users\micha\AppData\Local\Programs\MiKTeX\tex/latex/amsfonts\amsfonts.sty
Package: amsfonts 2013/01/14 v3.01 Basic AMSFonts support
\symAMSa=\mathgroup4
\symAMSb=\mathgroup5
LaTeX Font Info:    Redeclaring math symbol \hbar on input line 98.
LaTeX Font Info:    Overwriting math alphabet `\mathfrak' in version `bold'
(Font)                  U/euf/m/n --> U/euf/b/n on input line 106.
))
(C:\Users\micha\AppData\Local\Programs\MiKTeX\tex/latex/doublestroke\dsfont.sty
Package: dsfont 1995/08/01 v0.1 Double stroke roman fonts
)
(C:\Users\micha\AppData\Local\Programs\MiKTeX\tex/latex/algorithm2e\algorithm2e
.sty
Package: algorithm2e 2017/07/18 v5.2 algorithms environments
\c@AlgoLine=\count275
 (C:\Users\micha\AppData\Local\Programs\MiKTeX\tex/latex/base\ifthen.sty
Package: ifthen 2022/04/13 v1.1d Standard LaTeX ifthen package (DPC)
)
\algocf@hangindent=\skip54

(C:\Users\micha\AppData\Local\Programs\MiKTeX\tex/latex/ifoddpage\ifoddpage.sty
Package: ifoddpage 2022/10/18 v1.2 Conditionals for odd/even page detection
\c@checkoddpage=\count276
) (C:\Users\micha\AppData\Local\Programs\MiKTeX\tex/latex/tools\xspace.sty
Package: xspace 2014/10/28 v1.13 Space after command names (DPC,MH)
)
(C:\Users\micha\AppData\Local\Programs\MiKTeX\tex/latex/relsize\relsize.sty
Package: relsize 2013/03/29 ver 4.1
)
\skiptotal=\skip55
\skiplinenumber=\skip56
\skiprule=\skip57
\skiphlne=\skip58
\skiptext=\skip59
\skiplength=\skip60
\algomargin=\skip61
\skipalgocfslide=\skip62
\algowidth=\dimen165
\inoutsize=\dimen166
\inoutindent=\dimen167
\interspacetitleruled=\dimen168
\interspacealgoruled=\dimen169
\interspacetitleboxruled=\dimen170
\algocf@ruledwidth=\skip63
\algocf@inoutbox=\box54
\algocf@inputbox=\box55
\AlCapSkip=\skip64
\AlCapHSkip=\skip65
\algoskipindent=\skip66
\algocf@nlbox=\box56
\algocf@hangingbox=\box57
\algocf@untilbox=\box58
\algocf@skipuntil=\skip67
\algocf@capbox=\box59
\algocf@lcaptionbox=\skip68
\algoheightruledefault=\skip69
\algoheightrule=\skip70
\algotitleheightruledefault=\skip71
\algotitleheightrule=\skip72
\c@algocfline=\count277
\c@algocfproc=\count278
\c@algocf=\count279
\algocf@algoframe=\box60
\algocf@algobox=\box61
)
LaTeX Font Info:    Trying to load font information for OT1+ptm on input line 9
8.

(C:\Users\micha\AppData\Local\Programs\MiKTeX\tex/latex/psnfss\ot1ptm.fd
File: ot1ptm.fd 2001/06/04 font definitions for OT1/ptm.
)
(C:\Users\micha\AppData\Local\Programs\MiKTeX\tex/latex/l3backend\l3backend-pdf
tex.def
File: l3backend-pdftex.def 2023-04-19 L3 backend support: PDF output (pdfTeX)
\l__color_backend_stack_int=\count280
\l__pdf_internal_box=\box62
) (AAAI-ZhaoM.7640_changed.aux)
\openout1 = `AAAI-ZhaoM.7640_changed.aux'.

LaTeX Font Info:    Checking defaults for OML/cmm/m/it on input line 98.
LaTeX Font Info:    ... okay on input line 98.
LaTeX Font Info:    Checking defaults for OMS/cmsy/m/n on input line 98.
LaTeX Font Info:    ... okay on input line 98.
LaTeX Font Info:    Checking defaults for OT1/cmr/m/n on input line 98.
LaTeX Font Info:    ... okay on input line 98.
LaTeX Font Info:    Checking defaults for T1/cmr/m/n on input line 98.
LaTeX Font Info:    ... okay on input line 98.
LaTeX Font Info:    Checking defaults for TS1/cmr/m/n on input line 98.
LaTeX Font Info:    ... okay on input line 98.
LaTeX Font Info:    Checking defaults for OMX/cmex/m/n on input line 98.
LaTeX Font Info:    ... okay on input line 98.
LaTeX Font Info:    Checking defaults for U/cmr/m/n on input line 98.
LaTeX Font Info:    ... okay on input line 98.

(C:\Users\micha\AppData\Local\Programs\MiKTeX\tex/context/base/mkii\supp-pdf.mk
ii
[Loading MPS to PDF converter (version 2006.09.02).]
\scratchcounter=\count281
\scratchdimen=\dimen171
\scratchbox=\box63
\nofMPsegments=\count282
\nofMParguments=\count283
\everyMPshowfont=\toks23
\MPscratchCnt=\count284
\MPscratchDim=\dimen172
\MPnumerator=\count285
\makeMPintoPDFobject=\count286
\everyMPtoPDFconversion=\toks24
)
(C:\Users\micha\AppData\Local\Programs\MiKTeX\tex/latex/epstopdf-pkg\epstopdf-b
ase.sty
Package: epstopdf-base 2020-01-24 v2.11 Base part for package epstopdf
Package epstopdf-base Info: Redefining graphics rule for `.eps' on input line 4
85.

(C:\Users\micha\AppData\Local\Programs\MiKTeX\tex/latex/00miktex\epstopdf-sys.c
fg
File: epstopdf-sys.cfg 2021/03/18 v2.0 Configuration of epstopdf for MiKTeX
))
LaTeX Font Info:    Trying to load font information for U+msa on input line 100
.
 (C:\Users\micha\AppData\Local\Programs\MiKTeX\tex/latex/amsfonts\umsa.fd
File: umsa.fd 2013/01/14 v3.01 AMS symbols A
)
LaTeX Font Info:    Trying to load font information for U+msb on input line 100
.

(C:\Users\micha\AppData\Local\Programs\MiKTeX\tex/latex/amsfonts\umsb.fd
File: umsb.fd 2013/01/14 v3.01 AMS symbols B
)
LaTeX Font Info:    Trying to load font information for TS1+ptm on input line 1
00.

(C:\Users\micha\AppData\Local\Programs\MiKTeX\tex/latex/psnfss\ts1ptm.fd
File: ts1ptm.fd 2001/06/04 font definitions for TS1/ptm.
)

LaTeX Warning: Citation `bengio2009curriculum' on page 1 undefined on input lin
e 111.


LaTeX Warning: Citation `skinner1958reinforcement' on page 1 undefined on input
 line 111.


LaTeX Warning: Citation `peterson2004day' on page 1 undefined on input line 111
.


LaTeX Warning: Citation `krueger2009flexible' on page 1 undefined on input line
 111.


LaTeX Warning: Citation `bengio2009curriculum' on page 1 undefined on input lin
e 112.


LaTeX Warning: Citation `kalchbrenner2013recurrent' on page 1 undefined on inpu
t line 133.


LaTeX Warning: Citation `sutskever2014sequence' on page 1 undefined on input li
ne 133.


LaTeX Warning: Citation `sutskever2014sequence' on page 1 undefined on input li
ne 133.


LaTeX Warning: Citation `gehring2017convolutional' on page 1 undefined on input
 line 133.


LaTeX Warning: Citation `vaswani2017attention' on page 1 undefined on input lin
e 133.


LaTeX Warning: Citation `platanios2019competence' on page 1 undefined on input 
line 136.


LaTeX Warning: Citation `wang2018denoising' on page 1 undefined on input line 1
36.


LaTeX Warning: Citation `van2017dynamic' on page 1 undefined on input line 138.



LaTeX Warning: Citation `bengio2009curriculum' on page 1 undefined on input lin
e 138.


LaTeX Warning: Citation `platanios2019competence' on page 1 undefined on input 
line 138.

[1{C:/Users/micha/AppData/Local/MiKTeX/fonts/map/pdftex/pdftex.map}{C:/Users/mi
cha/AppData/Local/Programs/MiKTeX/fonts/enc/dvips/base/8r.enc}



]
<task.pdf, id=7, 316.18124pt x 186.6975pt>
File: task.pdf Graphic file (type pdf)
<use task.pdf>
Package pdftex.def Info: task.pdf  used on input line 145.
(pdftex.def)             Requested size: 238.49121pt x 140.82613pt.


LaTeX Warning: Citation `silver2014deterministic' on page 2 undefined on input 
line 151.


LaTeX Warning: Citation `wang2018denoising' on page 2 undefined on input line 1
53.

[2 <./task.pdf>]

LaTeX Warning: Citation `konda2000actor' on page 3 undefined on input line 202.



LaTeX Warning: Citation `williams1992simple' on page 3 undefined on input line 
202.


LaTeX Warning: Citation `silver2014deterministic' on page 3 undefined on input 
line 204.

<framework.pdf, id=32, 350.30875pt x 289.08pt>
File: framework.pdf Graphic file (type pdf)
<use framework.pdf>
Package pdftex.def Info: framework.pdf  used on input line 208.
(pdftex.def)             Requested size: 238.49121pt x 196.80998pt.

LaTeX Warning: Citation `tesauro1992practical' on page 3 undefined on input lin
e 213.

[3 <./framework.pdf>]
<network.pdf, id=51, 442.65375pt x 397.485pt>
File: network.pdf Graphic file (type pdf)
<use network.pdf>
Package pdftex.def Info: network.pdf  used on input line 267.
(pdftex.def)             Requested size: 238.49121pt x 214.15955pt.


LaTeX Warning: Citation `platanios2019competence' on page 4 undefined on input 
line 286.


LaTeX Warning: Citation `li2006confidence' on page 4 undefined on input line 28
8.


LaTeX Warning: Citation `yang2015multi' on page 4 undefined on input line 294.


LaTeX Warning: Citation `sener2018active' on page 4 undefined on input line 294
.

LaTeX Font Info:    Trying to load font information for U+dsrom on input line 3
00.
(C:\Users\micha\AppData\Local\Programs\MiKTeX\tex/latex/doublestroke\udsrom.fd
File: Udsrom.fd 1995/08/01 v0.1 Double stroke roman font definitions
)
LaTeX Font Info:    Trying to load font information for OMS+ptm on input line 3
02.
(C:\Users\micha\AppData\Local\Programs\MiKTeX\tex/latex/psnfss\omsptm.fd
File: omsptm.fd 
)
LaTeX Font Info:    Font shape `OMS/ptm/m/it' in size <10> not available
(Font)              Font shape `OMS/cmsy/m/n' tried instead on input line 302.

[4 <./network.pdf>]

LaTeX Warning: Citation `fang2017learning' on page 5 undefined on input line 32
4.


LaTeX Warning: Citation `kumar2019reinforcement' on page 5 undefined on input l
ine 324.


LaTeX Warning: Citation `so2019evolved' on page 5 undefined on input line 328.


Underfull \hbox (badness 1552) in paragraph at lines 363--364
[]\OT1/ptm/m/n/10 Table 2[] sum-ma-rizes the de-tails of the ex-per-i-men-tal
 []


LaTeX Warning: Citation `papineni2002bleu' on page 5 undefined on input line 36
5.


LaTeX Warning: Citation `paszke2017pytorch' on page 5 undefined on input line 3
68.


LaTeX Warning: Citation `bird2009natural' on page 5 undefined on input line 368
.


LaTeX Warning: Citation `opennmt' on page 5 undefined on input line 370.


LaTeX Warning: Citation `vaswani2017attention' on page 5 undefined on input lin
e 370.


LaTeX Warning: Citation `kingma2015adam' on page 5 undefined on input line 370.



LaTeX Warning: Citation `kocmi2017curriculum' on page 5 undefined on input line
 370.


LaTeX Warning: Citation `deeprl' on page 5 undefined on input line 372.


Underfull \hbox (badness 1152) in paragraph at lines 374--375
[]\OT1/ptm/m/n/10 The fea-ture net-work maps data fea-tures of sen-tence
 []

[5]

LaTeX Warning: Citation `platanios2019competence' on page 6 undefined on input 
line 383.


LaTeX Warning: Citation `wang2018denoising' on page 6 undefined on input line 3
83.


LaTeX Warning: Citation `wang2018denoising' on page 6 undefined on input line 3
86.


LaTeX Warning: Citation `kumar2019reinforcement' on page 6 undefined on input l
ine 386.


LaTeX Warning: Citation `wang2018denoising' on page 6 undefined on input line 3
86.


LaTeX Warning: Citation `platanios2019competence' on page 6 undefined on input 
line 387.


LaTeX Warning: Citation `platanios2019competence' on page 6 undefined on input 
line 388.


LaTeX Warning: Citation `fan2019bilingual' on page 6 undefined on input line 44
7.


LaTeX Warning: Citation `wang2018denoising' on page 6 undefined on input line 4
47.


LaTeX Warning: Citation `bengio2009curriculum' on page 6 undefined on input lin
e 449.


LaTeX Warning: Citation `kocmi2017curriculum' on page 6 undefined on input line
 449.


LaTeX Warning: Citation `zhang2018empirical' on page 6 undefined on input line 
449.


LaTeX Warning: Citation `platanios2019competence' on page 6 undefined on input 
line 449.

[6]

LaTeX Warning: Citation `tsvetkov2016learning' on page 7 undefined on input lin
e 451.


LaTeX Warning: Citation `graves2017automated' on page 7 undefined on input line
 451.


LaTeX Warning: Citation `wu2018reinforced' on page 7 undefined on input line 45
1.


LaTeX Warning: Citation `kumar2019reinforcement' on page 7 undefined on input l
ine 451.


LaTeX Warning: Citation `wang2018denoising' on page 7 undefined on input line 4
51.


Underfull \hbox (badness 1028) in paragraph at lines 451--452
[]\OT1/ptm/m/n/10 Compared with heuristic-based ap-proaches, RL-based
 []


LaTeX Warning: Citation `settles2009active' on page 7 undefined on input line 4
55.


LaTeX Warning: Citation `haffari2009active' on page 7 undefined on input line 4
55.


LaTeX Warning: Citation `bloodgood2010bucking' on page 7 undefined on input lin
e 455.


LaTeX Warning: Citation `fang2017learning' on page 7 undefined on input line 45
5.


LaTeX Warning: Citation `liu2018learning' on page 7 undefined on input line 455
.

No file AAAI-ZhaoM.7640_changed.bbl.
[7] [8

] (AAAI-ZhaoM.7640_changed.aux)
 ***********
LaTeX2e <2023-06-01> patch level 1
L3 programming layer <2023-08-29>
 ***********
 ) 
Here is how much of TeX's memory you used:
 4646 strings out of 475247
 72228 string characters out of 5757792
 1942801 words of memory out of 5000000
 26089 multiletter control sequences out of 15000+600000
 585645 words of font info for 95 fonts, out of 8000000 for 9000
 1141 hyphenation exceptions out of 8191
 57i,15n,65p,1582b,496s stack positions out of 10000i,1000n,20000p,200000b,200000s
<C:/Users/micha/AppData/Local/Programs/MiKTeX/fonts/type1/public/amsfonts/cm/
cmex10.pfb><C:/Users/micha/AppData/Local/Programs/MiKTeX/fonts/type1/public/ams
fonts/cm/cmmi10.pfb><C:/Users/micha/AppData/Local/Programs/MiKTeX/fonts/type1/p
ublic/amsfonts/cm/cmmi5.pfb><C:/Users/micha/AppData/Local/Programs/MiKTeX/fonts
/type1/public/amsfonts/cm/cmmi7.pfb><C:/Users/micha/AppData/Local/Programs/MiKT
eX/fonts/type1/public/amsfonts/cm/cmr10.pfb><C:/Users/micha/AppData/Local/Progr
ams/MiKTeX/fonts/type1/public/amsfonts/cm/cmr5.pfb><C:/Users/micha/AppData/Loca
l/Programs/MiKTeX/fonts/type1/public/amsfonts/cm/cmr7.pfb><C:/Users/micha/AppDa
ta/Local/Programs/MiKTeX/fonts/type1/public/amsfonts/cm/cmsy10.pfb><C:/Users/mi
cha/AppData/Local/Programs/MiKTeX/fonts/type1/public/amsfonts/cm/cmsy5.pfb><C:/
Users/micha/AppData/Local/Programs/MiKTeX/fonts/type1/public/amsfonts/cm/cmsy7.
pfb><C:/Users/micha/AppData/Local/Programs/MiKTeX/fonts/type1/public/doublestro
ke/dsrom10.pfb><C:/Users/micha/AppData/Local/Programs/MiKTeX/fonts/type1/public
/amsfonts/symbols/msam10.pfb><C:/Users/micha/AppData/Local/Programs/MiKTeX/font
s/type1/urw/times/utmb8a.pfb><C:/Users/micha/AppData/Local/Programs/MiKTeX/font
s/type1/urw/times/utmr8a.pfb><C:/Users/micha/AppData/Local/Programs/MiKTeX/font
s/type1/urw/times/utmri8a.pfb>
Output written on AAAI-ZhaoM.7640_changed.pdf (8 pages, 259032 bytes).
PDF statistics:
 150 PDF objects out of 1000 (max. 8388607)
 0 named destinations out of 1000 (max. 500000)
 16 words of extra memory for PDF output out of 10000 (max. 10000000)

