This is pdfTeX, Version 3.141592653-2.6-1.40.25 (MiKTeX 23.9) (preloaded format=pdflatex 2023.9.22)  30 MAR 2024 16:38
entering extended mode
 restricted \write18 enabled.
 %&-line parsing enabled.
**./aaai23_changed.tex
(aaai23_changed.tex
LaTeX2e <2023-06-01> patch level 1
L3 programming layer <2023-08-29>
(C:\Users\micha\AppData\Local\Programs\MiKTeX\tex/latex/base\article.cls
Document Class: article 2023/05/17 v1.4n Standard LaTeX document class
(C:\Users\micha\AppData\Local\Programs\MiKTeX\tex/latex/base\size10.clo
File: size10.clo 2023/05/17 v1.4n Standard LaTeX file (size option)
)
\c@part=\count185
\c@section=\count186
\c@subsection=\count187
\c@subsubsection=\count188
\c@paragraph=\count189
\c@subparagraph=\count190
\c@figure=\count191
\c@table=\count192
\abovecaptionskip=\skip48
\belowcaptionskip=\skip49
\bibindent=\dimen140
)
(aaai23.sty
Package: aaai23 2023/06/27 AAAI 2023 Submission format

Conference Style for AAAI for LaTeX 2e -- version for submission
\titlebox=\skip50
) (C:\Users\micha\AppData\Local\Programs\MiKTeX\tex/latex/psnfss\times.sty
Package: times 2020/03/25 PSNFSS-v9.3 (SPQR) 
)
(C:\Users\micha\AppData\Local\Programs\MiKTeX\tex/latex/psnfss\helvet.sty
Package: helvet 2020/03/25 PSNFSS-v9.3 (WaS) 

(C:\Users\micha\AppData\Local\Programs\MiKTeX\tex/latex/graphics\keyval.sty
Package: keyval 2022/05/29 v1.15 key=value parser (DPC)
\KV@toks@=\toks17
))
(C:\Users\micha\AppData\Local\Programs\MiKTeX\tex/latex/psnfss\courier.sty
Package: courier 2020/03/25 PSNFSS-v9.3 (WaS) 
)
(C:\Users\micha\AppData\Local\Programs\MiKTeX\tex/latex/url\url.sty
\Urlmuskip=\muskip16
Package: url 2013/09/16  ver 3.4  Verb mode for urls, etc.
)
(C:\Users\micha\AppData\Local\Programs\MiKTeX\tex/latex/graphics\graphicx.sty
Package: graphicx 2021/09/16 v1.2d Enhanced LaTeX Graphics (DPC,SPQR)

(C:\Users\micha\AppData\Local\Programs\MiKTeX\tex/latex/graphics\graphics.sty
Package: graphics 2022/03/10 v1.4e Standard LaTeX Graphics (DPC,SPQR)

(C:\Users\micha\AppData\Local\Programs\MiKTeX\tex/latex/graphics\trig.sty
Package: trig 2021/08/11 v1.11 sin cos tan (DPC)
)
(C:\Users\micha\AppData\Local\Programs\MiKTeX\tex/latex/graphics-cfg\graphics.c
fg
File: graphics.cfg 2016/06/04 v1.11 sample graphics configuration
)
Package graphics Info: Driver file: pdftex.def on input line 107.

(C:\Users\micha\AppData\Local\Programs\MiKTeX\tex/latex/graphics-def\pdftex.def
File: pdftex.def 2022/09/22 v1.2b Graphics/color driver for pdftex
))
\Gin@req@height=\dimen141
\Gin@req@width=\dimen142
) (C:\Users\micha\AppData\Local\Programs\MiKTeX\tex/latex/natbib\natbib.sty
Package: natbib 2010/09/13 8.31b (PWD, AO)
\bibhang=\skip51
\bibsep=\skip52
LaTeX Info: Redefining \cite on input line 694.
\c@NAT@ctr=\count193
)
(C:\Users\micha\AppData\Local\Programs\MiKTeX\tex/latex/caption\caption.sty
Package: caption 2023/07/31 v3.6n Customizing captions (AR)

(C:\Users\micha\AppData\Local\Programs\MiKTeX\tex/latex/caption\caption3.sty
Package: caption3 2023/07/31 v2.4d caption3 kernel (AR)
\caption@tempdima=\dimen143
\captionmargin=\dimen144
\caption@leftmargin=\dimen145
\caption@rightmargin=\dimen146
\caption@width=\dimen147
\caption@indent=\dimen148
\caption@parindent=\dimen149
\caption@hangindent=\dimen150
Package caption Info: Standard document class detected.
)
\c@caption@flags=\count194
\c@continuedfloat=\count195
)
(C:\Users\micha\AppData\Local\Programs\MiKTeX\tex/latex/algorithms\algorithm.st
y
Package: algorithm 2009/08/24 v0.1 Document Style `algorithm' - floating enviro
nment
 (C:\Users\micha\AppData\Local\Programs\MiKTeX\tex/latex/float\float.sty
Package: float 2001/11/08 v1.3d Float enhancements (AL)
\c@float@type=\count196
\float@exts=\toks18
\float@box=\box51
\@float@everytoks=\toks19
\@floatcapt=\box52
)
(C:\Users\micha\AppData\Local\Programs\MiKTeX\tex/latex/base\ifthen.sty
Package: ifthen 2022/04/13 v1.1d Standard LaTeX ifthen package (DPC)
)
\@float@every@algorithm=\toks20
\c@algorithm=\count197
)
(C:\Users\micha\AppData\Local\Programs\MiKTeX\tex/latex/algorithms\algorithmic.
sty
Package: algorithmic 2009/08/24 v0.1 Document Style `algorithmic'
\c@ALC@unique=\count198
\c@ALC@line=\count199
\c@ALC@rem=\count266
\c@ALC@depth=\count267
\ALC@tlm=\skip53
\algorithmicindent=\skip54
) (math_commands.tex
(C:\Users\micha\AppData\Local\Programs\MiKTeX\tex/latex/amsmath\amsmath.sty
Package: amsmath 2023/05/13 v2.17o AMS math features
\@mathmargin=\skip55

For additional information on amsmath, use the `?' option.
(C:\Users\micha\AppData\Local\Programs\MiKTeX\tex/latex/amsmath\amstext.sty
Package: amstext 2021/08/26 v2.01 AMS text

(C:\Users\micha\AppData\Local\Programs\MiKTeX\tex/latex/amsmath\amsgen.sty
File: amsgen.sty 1999/11/30 v2.0 generic functions
\@emptytoks=\toks21
\ex@=\dimen151
))
(C:\Users\micha\AppData\Local\Programs\MiKTeX\tex/latex/amsmath\amsbsy.sty
Package: amsbsy 1999/11/29 v1.2d Bold Symbols
\pmbraise@=\dimen152
)
(C:\Users\micha\AppData\Local\Programs\MiKTeX\tex/latex/amsmath\amsopn.sty
Package: amsopn 2022/04/08 v2.04 operator names
)
\inf@bad=\count268
LaTeX Info: Redefining \frac on input line 234.
\uproot@=\count269
\leftroot@=\count270
LaTeX Info: Redefining \overline on input line 399.
LaTeX Info: Redefining \colon on input line 410.
\classnum@=\count271
\DOTSCASE@=\count272
LaTeX Info: Redefining \ldots on input line 496.
LaTeX Info: Redefining \dots on input line 499.
LaTeX Info: Redefining \cdots on input line 620.
\Mathstrutbox@=\box53
\strutbox@=\box54
LaTeX Info: Redefining \big on input line 722.
LaTeX Info: Redefining \Big on input line 723.
LaTeX Info: Redefining \bigg on input line 724.
LaTeX Info: Redefining \Bigg on input line 725.
\big@size=\dimen153
LaTeX Font Info:    Redeclaring font encoding OML on input line 743.
LaTeX Font Info:    Redeclaring font encoding OMS on input line 744.
\macc@depth=\count273
LaTeX Info: Redefining \bmod on input line 905.
LaTeX Info: Redefining \pmod on input line 910.
LaTeX Info: Redefining \smash on input line 940.
LaTeX Info: Redefining \relbar on input line 970.
LaTeX Info: Redefining \Relbar on input line 971.
\c@MaxMatrixCols=\count274
\dotsspace@=\muskip17
\c@parentequation=\count275
\dspbrk@lvl=\count276
\tag@help=\toks22
\row@=\count277
\column@=\count278
\maxfields@=\count279
\andhelp@=\toks23
\eqnshift@=\dimen154
\alignsep@=\dimen155
\tagshift@=\dimen156
\tagwidth@=\dimen157
\totwidth@=\dimen158
\lineht@=\dimen159
\@envbody=\toks24
\multlinegap=\skip56
\multlinetaggap=\skip57
\mathdisplay@stack=\toks25
LaTeX Info: Redefining \[ on input line 2953.
LaTeX Info: Redefining \] on input line 2954.
)
(C:\Users\micha\AppData\Local\Programs\MiKTeX\tex/latex/amsfonts\amsfonts.sty
Package: amsfonts 2013/01/14 v3.01 Basic AMSFonts support
\symAMSa=\mathgroup4
\symAMSb=\mathgroup5
LaTeX Font Info:    Redeclaring math symbol \hbar on input line 98.
LaTeX Font Info:    Overwriting math alphabet `\mathfrak' in version `bold'
(Font)                  U/euf/m/n --> U/euf/b/n on input line 106.
)
(C:\Users\micha\AppData\Local\Programs\MiKTeX\tex/latex/tools\bm.sty
Package: bm 2022/01/05 v1.2f Bold Symbol Support (DPC/FMi)
\symboldoperators=\mathgroup6
\symboldletters=\mathgroup7
\symboldsymbols=\mathgroup8
Package bm Info: No bold for \OMX/cmex/m/n, using \pmb.
Package bm Info: No bold for \U/msa/m/n, using \pmb.
Package bm Info: No bold for \U/msb/m/n, using \pmb.
LaTeX Font Info:    Redeclaring math alphabet \mathbf on input line 149.
)
(C:\Users\micha\AppData\Local\Programs\MiKTeX\tex/latex/amscls\amsthm.sty
Package: amsthm 2020/05/29 v2.20.6
\thm@style=\toks26
\thm@bodyfont=\toks27
\thm@headfont=\toks28
\thm@notefont=\toks29
\thm@headpunct=\toks30
\thm@preskip=\skip58
\thm@postskip=\skip59
\thm@headsep=\skip60
\dth@everypar=\toks31
)
(C:\Users\micha\AppData\Local\Programs\MiKTeX\tex/latex/jknappen\mathrsfs.sty
Package: mathrsfs 1996/01/01 Math RSFS package v1.0 (jk)
\symrsfs=\mathgroup9
)
(C:\Users\micha\AppData\Local\Programs\MiKTeX\tex/latex/mathtools\mathtools.sty
Package: mathtools 2022/06/29 v1.29 mathematical typesetting tools
(C:\Users\micha\AppData\Local\Programs\MiKTeX\tex/latex/tools\calc.sty
Package: calc 2017/05/25 v4.3 Infix arithmetic (KKT,FJ)
\calc@Acount=\count280
\calc@Bcount=\count281
\calc@Adimen=\dimen160
\calc@Bdimen=\dimen161
\calc@Askip=\skip61
\calc@Bskip=\skip62
LaTeX Info: Redefining \setlength on input line 80.
LaTeX Info: Redefining \addtolength on input line 81.
\calc@Ccount=\count282
\calc@Cskip=\skip63
)
(C:\Users\micha\AppData\Local\Programs\MiKTeX\tex/latex/mathtools\mhsetup.sty
Package: mhsetup 2021/03/18 v1.4 programming setup (MH)
)
\g_MT_multlinerow_int=\count283
\l_MT_multwidth_dim=\dimen162
\origjot=\skip64
\l_MT_shortvdotswithinadjustabove_dim=\dimen163
\l_MT_shortvdotswithinadjustbelow_dim=\dimen164
\l_MT_above_intertext_sep=\dimen165
\l_MT_below_intertext_sep=\dimen166
\l_MT_above_shortintertext_sep=\dimen167
\l_MT_below_shortintertext_sep=\dimen168
\xmathstrut@box=\box55
\xmathstrut@dim=\dimen169
)
\c@question=\count284
\c@theorem=\count285
\c@assumption=\count286
\c@proposition=\count287
\c@remark=\count288
\c@conjecture=\count289
\c@problem=\count290
\c@lemma=\count291
\c@definition=\count292
\c@corollary=\count293
LaTeX Font Info:    Overwriting math alphabet `\mathsfit' in version `bold'
(Font)                  OT1/phv/m/sl --> OT1/phv/bx/n on input line 365.
) (C:\Users\micha\AppData\Local\Programs\MiKTeX\tex/latex/xcolor\xcolor.sty
Package: xcolor 2022/06/12 v2.14 LaTeX color extensions (UK)

(C:\Users\micha\AppData\Local\Programs\MiKTeX\tex/latex/graphics-cfg\color.cfg
File: color.cfg 2016/01/02 v1.6 sample color configuration
)
Package xcolor Info: Driver file: pdftex.def on input line 227.
(C:\Users\micha\AppData\Local\Programs\MiKTeX\tex/latex/graphics\mathcolor.ltx)
Package xcolor Info: Model `cmy' substituted by `cmy0' on input line 1353.
Package xcolor Info: Model `hsb' substituted by `rgb' on input line 1357.
Package xcolor Info: Model `RGB' extended on input line 1369.
Package xcolor Info: Model `HTML' substituted by `rgb' on input line 1371.
Package xcolor Info: Model `Hsb' substituted by `hsb' on input line 1372.
Package xcolor Info: Model `tHsb' substituted by `hsb' on input line 1373.
Package xcolor Info: Model `HSB' substituted by `hsb' on input line 1374.
Package xcolor Info: Model `Gray' substituted by `gray' on input line 1375.
Package xcolor Info: Model `wave' substituted by `hsb' on input line 1376.
) (C:\Users\micha\AppData\Local\Programs\MiKTeX\tex/latex/makecell\makecell.sty
Package: makecell 2009/08/03 V0.1e Managing of Tab Column Heads and Cells
(C:\Users\micha\AppData\Local\Programs\MiKTeX\tex/latex/tools\array.sty
Package: array 2022/09/04 v2.5g Tabular extension package (FMi)
\col@sep=\dimen170
\ar@mcellbox=\box56
\extrarowheight=\dimen171
\NC@list=\toks32
\extratabsurround=\skip65
\backup@length=\skip66
\ar@cellbox=\box57
)
\rotheadsize=\dimen172
\c@nlinenum=\count294
\TeXr@lab=\toks33
)
(C:\Users\micha\AppData\Local\Programs\MiKTeX\tex/latex/booktabs\booktabs.sty
Package: booktabs 2020/01/12 v1.61803398 Publication quality tables
\heavyrulewidth=\dimen173
\lightrulewidth=\dimen174
\cmidrulewidth=\dimen175
\belowrulesep=\dimen176
\belowbottomsep=\dimen177
\aboverulesep=\dimen178
\abovetopsep=\dimen179
\cmidrulesep=\dimen180
\cmidrulekern=\dimen181
\defaultaddspace=\dimen182
\@cmidla=\count295
\@cmidlb=\count296
\@aboverulesep=\dimen183
\@belowrulesep=\dimen184
\@thisruleclass=\count297
\@lastruleclass=\count298
\@thisrulewidth=\dimen185
)
(C:\Users\micha\AppData\Local\Programs\MiKTeX\tex/latex/amsfonts\amssymb.sty
Package: amssymb 2013/01/14 v3.01 AMS font symbols
)
(C:\Users\micha\AppData\Local\Programs\MiKTeX\tex/latex/comment\comment.sty
\CommentStream=\write3

Excluding comment 'comment')
(C:\Users\micha\AppData\Local\Programs\MiKTeX\tex/latex/newfloat\newfloat.sty
Package: newfloat 2023/10/01 v1.2 Defining new floating environments (AR)
)
(C:\Users\micha\AppData\Local\Programs\MiKTeX\tex/latex/listings\listings.sty
\lst@mode=\count299
\lst@gtempboxa=\box58
\lst@token=\toks34
\lst@length=\count300
\lst@currlwidth=\dimen186
\lst@column=\count301
\lst@pos=\count302
\lst@lostspace=\dimen187
\lst@width=\dimen188
\lst@newlines=\count303
\lst@lineno=\count304
\lst@maxwidth=\dimen189

(C:\Users\micha\AppData\Local\Programs\MiKTeX\tex/latex/listings\lstmisc.sty
File: lstmisc.sty 2023/02/27 1.9 (Carsten Heinz)
\c@lstnumber=\count305
\lst@skipnumbers=\count306
\lst@framebox=\box59
)
(C:\Users\micha\AppData\Local\Programs\MiKTeX\tex/latex/listings\listings.cfg
File: listings.cfg 2023/02/27 1.9 listings configuration
))
Package: listings 2023/02/27 1.9 (Carsten Heinz)
\@float@every@listing=\toks35
\c@listing=\count307
(C:\Users\micha\AppData\Local\Programs\MiKTeX\tex/latex/natbib\bibentry.sty
Package: bibentry 2007/10/30 1.5 (PWD)
)
LaTeX Font Info:    Trying to load font information for OT1+ptm on input line 1
68.

(C:\Users\micha\AppData\Local\Programs\MiKTeX\tex/latex/psnfss\ot1ptm.fd
File: ot1ptm.fd 2001/06/04 font definitions for OT1/ptm.
)
(C:\Users\micha\AppData\Local\Programs\MiKTeX\tex/latex/l3backend\l3backend-pdf
tex.def
File: l3backend-pdftex.def 2023-04-19 L3 backend support: PDF output (pdfTeX)
\l__color_backend_stack_int=\count308
\l__pdf_internal_box=\box60
) (aaai23_changed.aux)
\openout1 = `aaai23_changed.aux'.

LaTeX Font Info:    Checking defaults for OML/cmm/m/it on input line 168.
LaTeX Font Info:    ... okay on input line 168.
LaTeX Font Info:    Checking defaults for OMS/cmsy/m/n on input line 168.
LaTeX Font Info:    ... okay on input line 168.
LaTeX Font Info:    Checking defaults for OT1/cmr/m/n on input line 168.
LaTeX Font Info:    ... okay on input line 168.
LaTeX Font Info:    Checking defaults for T1/cmr/m/n on input line 168.
LaTeX Font Info:    ... okay on input line 168.
LaTeX Font Info:    Checking defaults for TS1/cmr/m/n on input line 168.
LaTeX Font Info:    ... okay on input line 168.
LaTeX Font Info:    Checking defaults for OMX/cmex/m/n on input line 168.
LaTeX Font Info:    ... okay on input line 168.
LaTeX Font Info:    Checking defaults for U/cmr/m/n on input line 168.
LaTeX Font Info:    ... okay on input line 168.

(C:\Users\micha\AppData\Local\Programs\MiKTeX\tex/context/base/mkii\supp-pdf.mk
ii
[Loading MPS to PDF converter (version 2006.09.02).]
\scratchcounter=\count309
\scratchdimen=\dimen190
\scratchbox=\box61
\nofMPsegments=\count310
\nofMParguments=\count311
\everyMPshowfont=\toks36
\MPscratchCnt=\count312
\MPscratchDim=\dimen191
\MPnumerator=\count313
\makeMPintoPDFobject=\count314
\everyMPtoPDFconversion=\toks37
)
(C:\Users\micha\AppData\Local\Programs\MiKTeX\tex/latex/epstopdf-pkg\epstopdf-b
ase.sty
Package: epstopdf-base 2020-01-24 v2.11 Base part for package epstopdf
Package epstopdf-base Info: Redefining graphics rule for `.eps' on input line 4
85.

(C:\Users\micha\AppData\Local\Programs\MiKTeX\tex/latex/00miktex\epstopdf-sys.c
fg
File: epstopdf-sys.cfg 2021/03/18 v2.0 Configuration of epstopdf for MiKTeX
))
Package caption Info: Begin \AtBeginDocument code.
Package caption Info: float package is loaded.
Package caption Info: listings package is loaded.
Package caption Info: End \AtBeginDocument code.
Package newfloat Info: `float' package detected.
\c@lstlisting=\count315
\c@eqfn=\count316
\titlearea=\box62
LaTeX Font Info:    Trying to load font information for U+msa on input line 170
.
 (C:\Users\micha\AppData\Local\Programs\MiKTeX\tex/latex/amsfonts\umsa.fd
File: umsa.fd 2013/01/14 v3.01 AMS symbols A
)
LaTeX Font Info:    Trying to load font information for U+msb on input line 170
.

(C:\Users\micha\AppData\Local\Programs\MiKTeX\tex/latex/amsfonts\umsb.fd
File: umsb.fd 2013/01/14 v3.01 AMS symbols B
)
LaTeX Font Info:    Trying to load font information for U+rsfs on input line 17
0.

(C:\Users\micha\AppData\Local\Programs\MiKTeX\tex/latex/jknappen\ursfs.fd
File: ursfs.fd 1998/03/24 rsfs font definition file (jk)
)
\actualheight=\skip67
LaTeX Font Info:    Trying to load font information for TS1+ptm on input line 1
70.

(C:\Users\micha\AppData\Local\Programs\MiKTeX\tex/latex/psnfss\ts1ptm.fd
File: ts1ptm.fd 2001/06/04 font definitions for TS1/ptm.
)
(sections/abstract.tex) (sections/intro.tex

Package natbib Warning: Citation `simonyan2014very' on page 1 undefined on inpu
t line 4.


Package natbib Warning: Citation `ren2015faster' on page 1 undefined on input l
ine 4.


Package natbib Warning: Citation `hinton2012deep' on page 1 undefined on input 
line 4.


Package natbib Warning: Citation `mikolov2010recurrent' on page 1 undefined on 
input line 4.


Package natbib Warning: Citation `alipanahi2015predicting' on page 1 undefined 
on input line 4.


Package natbib Warning: Citation `litjens2017survey' on page 1 undefined on inp
ut line 4.


Package natbib Warning: Citation `bojarski2016end' on page 1 undefined on input
 line 4.


Package natbib Warning: Citation `begoli2019need' on page 1 undefined on input 
line 4.


Package natbib Warning: Citation `gal2016dropout' on page 1 undefined on input 
line 6.


Package natbib Warning: Citation `lakshminarayanan2017simple' on page 1 undefin
ed on input line 6.


Package natbib Warning: Citation `malinin2018predictive' on page 1 undefined on
 input line 6.


Package natbib Warning: Citation `van2020simple' on page 1 undefined on input l
ine 6.


Package natbib Warning: Citation `guo2017calibration' on page 1 undefined on in
put line 10.


Package natbib Warning: Citation `kull2019beyond' on page 1 undefined on input 
line 10.


Package natbib Warning: Citation `chen2019confidence' on page 1 undefined on in
put line 10.


Package natbib Warning: Citation `jain2021deup' on page 1 undefined on input li
ne 10.


Underfull \vbox (badness 1400) has occurred while \output is active []

 [1{C:/Users/micha/AppData/Local/MiKTeX/fonts/map/pdftex/pdftex.map}{C:/Users/m
icha/AppData/Local/Programs/MiKTeX/fonts/enc/dvips/base/8r.enc}



]) (sections/related.tex

Package natbib Warning: Citation `wakefield2013bayesian' on page 2 undefined on
 input line 9.


Package natbib Warning: Citation `koenker1978regression' on page 2 undefined on
 input line 9.


Package natbib Warning: Citation `neal2012bayesian' on page 2 undefined on inpu
t line 9.


Package natbib Warning: Citation `blundell15' on page 2 undefined on input line
 9.


Package natbib Warning: Citation `welling2011bayesian' on page 2 undefined on i
nput line 9.


Package natbib Warning: Citation `gpbook' on page 2 undefined on input line 9.


Package natbib Warning: Citation `lakshminarayanan2017simple' on page 2 undefin
ed on input line 9.


Package natbib Warning: Citation `mackay1992practical' on page 2 undefined on i
nput line 10.


Package natbib Warning: Citation `kristiadi2021learnable' on page 2 undefined o
n input line 10.


Package natbib Warning: Citation `welling2011bayesian' on page 2 undefined on i
nput line 10.


Package natbib Warning: Citation `malinin2018predictive' on page 2 undefined on
 input line 10.


Package natbib Warning: Citation `sensoy2018evidential' on page 2 undefined on 
input line 10.


Package natbib Warning: Citation `malinin2019reverse' on page 2 undefined on in
put line 10.


Package natbib Warning: Citation `nandy2020towards' on page 2 undefined on inpu
t line 10.


Package natbib Warning: Citation `charpentier2020posterior' on page 2 undefined
 on input line 10.


Package natbib Warning: Citation `joo2020being' on page 2 undefined on input li
ne 10.


Package natbib Warning: Citation `ghosh2019model' on page 2 undefined on input 
line 12.


Package natbib Warning: Citation `alaa2019discriminative' on page 2 undefined o
n input line 12.


Underfull \hbox (badness 1838) in paragraph at lines 12--14
\OT1/ptm/m/n/10 promoting pri-ors have been shown to pro-duce better-
 []


Package natbib Warning: Citation `chen2019confidence' on page 2 undefined on in
put line 19.


Package natbib Warning: Citation `elder2020learning' on page 2 undefined on inp
ut line 19.


Package natbib Warning: Citation `jain2021deup' on page 2 undefined on input li
ne 19.


Package natbib Warning: Citation `kristiadi2021learnable' on page 2 undefined o
n input line 19.


Package natbib Warning: Citation `hullermeier2021aleatoric' on page 2 undefined
 on input line 19.

) (sections/problem.tex
Underfull \hbox (badness 1616) in paragraph at lines 14--15
[]\OT1/ptm/b/n/10 Problem 1. []\OT1/ptm/m/it/10 [Post-hoc Un-cer-tainty Learn-i
ng by Meta-
 []

) (sections/method.tex [2]
<figures/toy_problem.pdf, id=23, 1111.15125pt x 477.785pt>
File: figures/toy_problem.pdf Graphic file (type pdf)
<use figures/toy_problem.pdf>
Package pdftex.def Info: figures/toy_problem.pdf  used on input line 10.
(pdftex.def)             Requested size: 239.39438pt x 102.93318pt.


Package natbib Warning: Citation `malinin2018predictive' on page 3 undefined on
 input line 27.


Package natbib Warning: Citation `malinin2019reverse' on page 3 undefined on in
put line 27.


Package natbib Warning: Citation `nandy2020towards' on page 3 undefined on inpu
t line 27.


Package natbib Warning: Citation `charpentier2020posterior' on page 3 undefined
 on input line 27.


Overfull \hbox (1.54573pt too wide) detected at line 31
[][]\OT1/cmr/m/n/10 (\OML/cmm/b/it/10 ^^Y\OMS/cmsy/m/n/10 j\OML/cmm/b/it/10 \O
T1/cmr/m/n/10 ) \U/msa/m/n/10 , [] [] \OML/cmm/m/it/10 ^^Y[]; [] > \OT1/cmr/m/
n/10 0\OML/cmm/m/it/10 ; [] \U/msa/m/n/10 , [] \OML/cmm/m/it/10 [];
 []

<figures/structure.pdf, id=25, 936.49875pt x 423.5825pt>
File: figures/structure.pdf Graphic file (type pdf)
<use figures/structure.pdf>
Package pdftex.def Info: figures/structure.pdf  used on input line 57.
(pdftex.def)             Requested size: 239.39438pt x 108.28033pt.

Overfull \hbox (4.64412pt too wide) detected at line 70
[]\OML/cmm/m/it/10 q\OT1/cmr/m/n/10 (\OML/cmm/m/it/10 y \OT1/cmr/m/n/10 = \OML/
cmm/m/it/10 c\OMS/cmsy/m/n/10 j\OT1/cmr/m/n/10 ^^H(\OML/cmm/b/it/10 x\OT1/cmr/m
/n/10 ); \OML/cmm/b/it/10 w[]\OT1/cmr/m/n/10 ) = \U/msb/m/n/10 E[]\OT1/cmr/m/n/
10 [\OML/cmm/m/it/10 P\OT1/cmr/m/n/10 (\OML/cmm/m/it/10 y \OT1/cmr/m/n/10 = \OM
L/cmm/m/it/10 c\OMS/cmsy/m/n/10 j\OML/cmm/b/it/10 ^^Y\OT1/cmr/m/n/10 )] = []\OM
L/cmm/m/it/10 ;
 []


Package natbib Warning: Citation `joo2020being' on page 3 undefined on input li
ne 73.


LaTeX Warning: Reference `sec:ELBO-appendix' on page 3 undefined on input line 
73.

[3 <./figures/toy_problem.pdf>]

LaTeX Warning: Reference `ood-dataset-appendix' on page 4 undefined on input li
ne 87.


Package natbib Warning: Citation `hendrycks2018deep' on page 4 undefined on inp
ut line 87.


Package natbib Warning: Citation `kristiadi2021learnable' on page 4 undefined o
n input line 87.


Package natbib Warning: Citation `malinin2018predictive' on page 4 undefined on
 input line 87.


Underfull \hbox (badness 1137) in paragraph at lines 87--88
 \OT1/ptm/b/n/10 Val-i-da-tion for Un-cer-tainty Learn-ing \OT1/ptm/m/n/10 Val-
i-da-tion with
 []


Underfull \hbox (badness 1472) in paragraph at lines 96--100
\OT1/ptm/m/n/10 the mis-clas-si-fied sam-ples are viewed as in-distribution
 []


Underfull \hbox (badness 2343) in paragraph at lines 96--100
\OT1/ptm/m/n/10 hard sam-ples. There are two stan-dard ways to mea-
 []


Underfull \hbox (badness 2426) in paragraph at lines 96--100
\OT1/ptm/m/n/10 sure to-tal un-cer-tainty: (1) \OT1/ptm/b/n/10 En-tropy \OT1/pt
m/m/n/10 (Ent): The Shan-
 []


Underfull \hbox (badness 2443) in paragraph at lines 96--100
\OT1/ptm/m/n/10 non en-tropy of ex-pected cat-e-gor-i-cal la-bel dis-tri-bu-tio
n
 []

) (sections/exp.tex
Underfull \hbox (badness 1577) in paragraph at lines 101--1
[] []\OML/cmm/m/it/10 d\OML/cmm/b/it/10 ^^Y$\OT1/ptm/m/n/10 . (2) \OT1/ptm/b/n/
10 Mu-tual In-for-ma-tion \OT1/ptm/m/n/10 (MI):
 []


Underfull \hbox (badness 1527) in paragraph at lines 101--1
\OT1/ptm/m/n/10 Mu-tual In-for-ma-tion is the dif-fer-ence be-tween the En-
 []


Underfull \hbox (badness 1466) in paragraph at lines 101--1
\OT1/ptm/m/n/10 tropy of the cat-e-gor-i-cal dis-tri-bu-tion sam-pled from the
 []


Underfull \hbox (badness 2865) in paragraph at lines 101--1
\OT1/ptm/m/n/10 i.e., $\OMS/cmsy/m/n/10 I [] \OT1/cmr/m/n/10 = \OMS/cmsy/m/n/10
 H [] ^^@
 []


LaTeX Warning: Reference `setup-appendix' on page 4 undefined on input line 2.


LaTeX Warning: Reference `results-appendix' on page 4 undefined on input line 2
.

[4 <./figures/structure.pdf>] Excluding 'comment' comment.

Package natbib Warning: Citation `simonyan2014very' on page 5 undefined on inpu
t line 130.


Package natbib Warning: Citation `zagoruyko2016wide' on page 5 undefined on inp
ut line 130.


Package natbib Warning: Citation `chen2019confidence' on page 5 undefined on in
put line 134.


Package natbib Warning: Citation `kristiadi2021learnable' on page 5 undefined o
n input line 134.


LaTeX Warning: Reference `results-appendix' on page 5 undefined on input line 1
34.


Package natbib Warning: Citation `gal2016dropout' on page 5 undefined on input 
line 134.


Package natbib Warning: Citation `joo2020being' on page 5 undefined on input li
ne 134.


Package natbib Warning: Citation `charpentier2020posterior' on page 5 undefined
 on input line 134.


Package natbib Warning: Citation `chen2020robust' on page 5 undefined on input 
line 134.


LaTeX Warning: Reference `table:OOD-appendix' on page 5 undefined on input line
 142.


LaTeX Warning: Reference `table:miss-class-appendix' on page 5 undefined on inp
ut line 146.


Underfull \hbox (badness 1609) in paragraph at lines 146--147
\OT1/ptm/m/n/10 mark datasets, MNIST, CI-FAR10, and CI-FAR100, are
 []

[5] [6]

LaTeX Warning: Reference `table:ablation-structure-appendix' on page 7 undefine
d on input line 237.


LaTeX Warning: Reference `table:ablation-structure-appendix' on page 7 undefine
d on input line 237.


Overfull \hbox (4.21605pt too wide) in paragraph at lines 239--273
 [] 
 []

) (sections/conclusion.tex
Underfull \vbox (badness 10000) has occurred while \output is active []

) [7]
[8

]
No file aaai23_changed.bbl.

Package natbib Warning: There were undefined citations.

(aaai23_changed.aux)
 ***********
LaTeX2e <2023-06-01> patch level 1
L3 programming layer <2023-08-29>
 ***********


LaTeX Warning: There were undefined references.

 ) 
Here is how much of TeX's memory you used:
 8727 strings out of 475247
 134189 string characters out of 5757792
 1964801 words of memory out of 5000000
 30088 multiletter control sequences out of 15000+600000
 591062 words of font info for 113 fonts, out of 8000000 for 9000
 1141 hyphenation exceptions out of 8191
 61i,15n,68p,1808b,490s stack positions out of 10000i,1000n,20000p,200000b,200000s
<C:/Users/micha/AppData/Local/Programs/MiKTeX/fonts/type1/public/amsfonts/cm/
cmex10.pfb><C:/Users/micha/AppData/Local/Programs/MiKTeX/fonts/type1/public/ams
fonts/cm/cmmi10.pfb><C:/Users/micha/AppData/Local/Programs/MiKTeX/fonts/type1/p
ublic/amsfonts/cm/cmmi5.pfb><C:/Users/micha/AppData/Local/Programs/MiKTeX/fonts
/type1/public/amsfonts/cm/cmmi7.pfb><C:/Users/micha/AppData/Local/Programs/MiKT
eX/fonts/type1/public/amsfonts/cm/cmmib10.pfb><C:/Users/micha/AppData/Local/Pro
grams/MiKTeX/fonts/type1/public/amsfonts/cmextra/cmmib7.pfb><C:/Users/micha/App
Data/Local/Programs/MiKTeX/fonts/type1/public/amsfonts/cm/cmr10.pfb><C:/Users/m
icha/AppData/Local/Programs/MiKTeX/fonts/type1/public/amsfonts/cm/cmr7.pfb><C:/
Users/micha/AppData/Local/Programs/MiKTeX/fonts/type1/public/amsfonts/cm/cmsy10
.pfb><C:/Users/micha/AppData/Local/Programs/MiKTeX/fonts/type1/public/amsfonts/
cm/cmsy7.pfb><C:/Users/micha/AppData/Local/Programs/MiKTeX/fonts/type1/public/a
msfonts/symbols/msam10.pfb><C:/Users/micha/AppData/Local/Programs/MiKTeX/fonts/
type1/public/amsfonts/symbols/msbm10.pfb><C:/Users/micha/AppData/Local/Programs
/MiKTeX/fonts/type1/urw/times/utmb8a.pfb><C:/Users/micha/AppData/Local/Programs
/MiKTeX/fonts/type1/urw/times/utmr8a.pfb><C:/Users/micha/AppData/Local/Programs
/MiKTeX/fonts/type1/urw/times/utmri8a.pfb>
Output written on aaai23_changed.pdf (8 pages, 358339 bytes).
PDF statistics:
 110 PDF objects out of 1000 (max. 8388607)
 0 named destinations out of 1000 (max. 500000)
 11 words of extra memory for PDF output out of 10000 (max. 10000000)

