This is pdfTeX, Version 3.141592653-2.6-1.40.25 (MiKTeX 23.9) (preloaded format=pdflatex 2023.9.22)  30 MAR 2024 17:06
entering extended mode
 restricted \write18 enabled.
 %&-line parsing enabled.
**./aaai23_changed.tex
(aaai23_changed.tex
LaTeX2e <2023-06-01> patch level 1
L3 programming layer <2023-08-29>
(C:\Users\micha\AppData\Local\Programs\MiKTeX\tex/latex/base\article.cls
Document Class: article 2023/05/17 v1.4n Standard LaTeX document class
(C:\Users\micha\AppData\Local\Programs\MiKTeX\tex/latex/base\size10.clo
File: size10.clo 2023/05/17 v1.4n Standard LaTeX file (size option)
)
\c@part=\count185
\c@section=\count186
\c@subsection=\count187
\c@subsubsection=\count188
\c@paragraph=\count189
\c@subparagraph=\count190
\c@figure=\count191
\c@table=\count192
\abovecaptionskip=\skip48
\belowcaptionskip=\skip49
\bibindent=\dimen140
)
(aaai23.sty
Package: aaai23 2023/06/27 AAAI 2023 Submission format

Conference Style for AAAI for LaTeX 2e -- version for submission
\titlebox=\skip50
) (C:\Users\micha\AppData\Local\Programs\MiKTeX\tex/latex/psnfss\times.sty
Package: times 2020/03/25 PSNFSS-v9.3 (SPQR) 
)
(C:\Users\micha\AppData\Local\Programs\MiKTeX\tex/latex/psnfss\helvet.sty
Package: helvet 2020/03/25 PSNFSS-v9.3 (WaS) 

(C:\Users\micha\AppData\Local\Programs\MiKTeX\tex/latex/graphics\keyval.sty
Package: keyval 2022/05/29 v1.15 key=value parser (DPC)
\KV@toks@=\toks17
))
(C:\Users\micha\AppData\Local\Programs\MiKTeX\tex/latex/psnfss\courier.sty
Package: courier 2020/03/25 PSNFSS-v9.3 (WaS) 
)
(C:\Users\micha\AppData\Local\Programs\MiKTeX\tex/latex/url\url.sty
\Urlmuskip=\muskip16
Package: url 2013/09/16  ver 3.4  Verb mode for urls, etc.
)
(C:\Users\micha\AppData\Local\Programs\MiKTeX\tex/latex/graphics\graphicx.sty
Package: graphicx 2021/09/16 v1.2d Enhanced LaTeX Graphics (DPC,SPQR)

(C:\Users\micha\AppData\Local\Programs\MiKTeX\tex/latex/graphics\graphics.sty
Package: graphics 2022/03/10 v1.4e Standard LaTeX Graphics (DPC,SPQR)

(C:\Users\micha\AppData\Local\Programs\MiKTeX\tex/latex/graphics\trig.sty
Package: trig 2021/08/11 v1.11 sin cos tan (DPC)
)
(C:\Users\micha\AppData\Local\Programs\MiKTeX\tex/latex/graphics-cfg\graphics.c
fg
File: graphics.cfg 2016/06/04 v1.11 sample graphics configuration
)
Package graphics Info: Driver file: pdftex.def on input line 107.

(C:\Users\micha\AppData\Local\Programs\MiKTeX\tex/latex/graphics-def\pdftex.def
File: pdftex.def 2022/09/22 v1.2b Graphics/color driver for pdftex
))
\Gin@req@height=\dimen141
\Gin@req@width=\dimen142
) (C:\Users\micha\AppData\Local\Programs\MiKTeX\tex/latex/natbib\natbib.sty
Package: natbib 2010/09/13 8.31b (PWD, AO)
\bibhang=\skip51
\bibsep=\skip52
LaTeX Info: Redefining \cite on input line 694.
\c@NAT@ctr=\count193
)
(C:\Users\micha\AppData\Local\Programs\MiKTeX\tex/latex/caption\caption.sty
Package: caption 2023/07/31 v3.6n Customizing captions (AR)

(C:\Users\micha\AppData\Local\Programs\MiKTeX\tex/latex/caption\caption3.sty
Package: caption3 2023/07/31 v2.4d caption3 kernel (AR)
\caption@tempdima=\dimen143
\captionmargin=\dimen144
\caption@leftmargin=\dimen145
\caption@rightmargin=\dimen146
\caption@width=\dimen147
\caption@indent=\dimen148
\caption@parindent=\dimen149
\caption@hangindent=\dimen150
Package caption Info: Standard document class detected.
)
\c@caption@flags=\count194
\c@continuedfloat=\count195
)
(C:\Users\micha\AppData\Local\Programs\MiKTeX\tex/latex/algorithms\algorithm.st
y
Package: algorithm 2009/08/24 v0.1 Document Style `algorithm' - floating enviro
nment
 (C:\Users\micha\AppData\Local\Programs\MiKTeX\tex/latex/float\float.sty
Package: float 2001/11/08 v1.3d Float enhancements (AL)
\c@float@type=\count196
\float@exts=\toks18
\float@box=\box51
\@float@everytoks=\toks19
\@floatcapt=\box52
)
(C:\Users\micha\AppData\Local\Programs\MiKTeX\tex/latex/base\ifthen.sty
Package: ifthen 2022/04/13 v1.1d Standard LaTeX ifthen package (DPC)
)
\@float@every@algorithm=\toks20
\c@algorithm=\count197
)
(C:\Users\micha\AppData\Local\Programs\MiKTeX\tex/latex/algorithms\algorithmic.
sty
Package: algorithmic 2009/08/24 v0.1 Document Style `algorithmic'
\c@ALC@unique=\count198
\c@ALC@line=\count199
\c@ALC@rem=\count266
\c@ALC@depth=\count267
\ALC@tlm=\skip53
\algorithmicindent=\skip54
)
(C:\Users\micha\AppData\Local\Programs\MiKTeX\tex/latex/graphics\epsfig.sty
Package: epsfig 2017/06/25 v1.7b (e)psfig emulation (SPQR)
\epsfxsize=\dimen151
\epsfysize=\dimen152
)
(C:\Users\micha\AppData\Local\Programs\MiKTeX\tex/latex/amsfonts\amssymb.sty
Package: amssymb 2013/01/14 v3.01 AMS font symbols

(C:\Users\micha\AppData\Local\Programs\MiKTeX\tex/latex/amsfonts\amsfonts.sty
Package: amsfonts 2013/01/14 v3.01 Basic AMSFonts support
\@emptytoks=\toks21
\symAMSa=\mathgroup4
\symAMSb=\mathgroup5
LaTeX Font Info:    Redeclaring math symbol \hbar on input line 98.
LaTeX Font Info:    Overwriting math alphabet `\mathfrak' in version `bold'
(Font)                  U/euf/m/n --> U/euf/b/n on input line 106.
)) (C:\Users\micha\AppData\Local\Programs\MiKTeX\tex/latex/makecell\makecell.st
y
Package: makecell 2009/08/03 V0.1e Managing of Tab Column Heads and Cells

(C:\Users\micha\AppData\Local\Programs\MiKTeX\tex/latex/tools\array.sty
Package: array 2022/09/04 v2.5g Tabular extension package (FMi)
\col@sep=\dimen153
\ar@mcellbox=\box53
\extrarowheight=\dimen154
\NC@list=\toks22
\extratabsurround=\skip55
\backup@length=\skip56
\ar@cellbox=\box54
)
\rotheadsize=\dimen155
\c@nlinenum=\count268
\TeXr@lab=\toks23
)
(C:\Users\micha\AppData\Local\Programs\MiKTeX\tex/latex/amsmath\amsmath.sty
Package: amsmath 2023/05/13 v2.17o AMS math features
\@mathmargin=\skip57

For additional information on amsmath, use the `?' option.
(C:\Users\micha\AppData\Local\Programs\MiKTeX\tex/latex/amsmath\amstext.sty
Package: amstext 2021/08/26 v2.01 AMS text

(C:\Users\micha\AppData\Local\Programs\MiKTeX\tex/latex/amsmath\amsgen.sty
File: amsgen.sty 1999/11/30 v2.0 generic functions
\@emptytoks=\toks24
\ex@=\dimen156
))
(C:\Users\micha\AppData\Local\Programs\MiKTeX\tex/latex/amsmath\amsbsy.sty
Package: amsbsy 1999/11/29 v1.2d Bold Symbols
\pmbraise@=\dimen157
)
(C:\Users\micha\AppData\Local\Programs\MiKTeX\tex/latex/amsmath\amsopn.sty
Package: amsopn 2022/04/08 v2.04 operator names
)
\inf@bad=\count269
LaTeX Info: Redefining \frac on input line 234.
\uproot@=\count270
\leftroot@=\count271
LaTeX Info: Redefining \overline on input line 399.
LaTeX Info: Redefining \colon on input line 410.
\classnum@=\count272
\DOTSCASE@=\count273
LaTeX Info: Redefining \ldots on input line 496.
LaTeX Info: Redefining \dots on input line 499.
LaTeX Info: Redefining \cdots on input line 620.
\Mathstrutbox@=\box55
\strutbox@=\box56
LaTeX Info: Redefining \big on input line 722.
LaTeX Info: Redefining \Big on input line 723.
LaTeX Info: Redefining \bigg on input line 724.
LaTeX Info: Redefining \Bigg on input line 725.
\big@size=\dimen158
LaTeX Font Info:    Redeclaring font encoding OML on input line 743.
LaTeX Font Info:    Redeclaring font encoding OMS on input line 744.
\macc@depth=\count274
LaTeX Info: Redefining \bmod on input line 905.
LaTeX Info: Redefining \pmod on input line 910.
LaTeX Info: Redefining \smash on input line 940.
LaTeX Info: Redefining \relbar on input line 970.
LaTeX Info: Redefining \Relbar on input line 971.
\c@MaxMatrixCols=\count275
\dotsspace@=\muskip17
\c@parentequation=\count276
\dspbrk@lvl=\count277
\tag@help=\toks25
\row@=\count278
\column@=\count279
\maxfields@=\count280
\andhelp@=\toks26
\eqnshift@=\dimen159
\alignsep@=\dimen160
\tagshift@=\dimen161
\tagwidth@=\dimen162
\totwidth@=\dimen163
\lineht@=\dimen164
\@envbody=\toks27
\multlinegap=\skip58
\multlinetaggap=\skip59
\mathdisplay@stack=\toks28
LaTeX Info: Redefining \[ on input line 2953.
LaTeX Info: Redefining \] on input line 2954.
)
(C:\Users\micha\AppData\Local\Programs\MiKTeX\tex/latex/amscls\amsthm.sty
Package: amsthm 2020/05/29 v2.20.6
\thm@style=\toks29
\thm@bodyfont=\toks30
\thm@headfont=\toks31
\thm@notefont=\toks32
\thm@headpunct=\toks33
\thm@preskip=\skip60
\thm@postskip=\skip61
\thm@headsep=\skip62
\dth@everypar=\toks34
)
(C:\Users\micha\AppData\Local\Programs\MiKTeX\tex/latex/jknappen\mathrsfs.sty
Package: mathrsfs 1996/01/01 Math RSFS package v1.0 (jk)
\symrsfs=\mathgroup6
)
(C:\Users\micha\AppData\Local\Programs\MiKTeX\tex/latex/booktabs\booktabs.sty
Package: booktabs 2020/01/12 v1.61803398 Publication quality tables
\heavyrulewidth=\dimen165
\lightrulewidth=\dimen166
\cmidrulewidth=\dimen167
\belowrulesep=\dimen168
\belowbottomsep=\dimen169
\aboverulesep=\dimen170
\abovetopsep=\dimen171
\cmidrulesep=\dimen172
\cmidrulekern=\dimen173
\defaultaddspace=\dimen174
\@cmidla=\count281
\@cmidlb=\count282
\@aboverulesep=\dimen175
\@belowrulesep=\dimen176
\@thisruleclass=\count283
\@lastruleclass=\count284
\@thisrulewidth=\dimen177
)
(C:\Users\micha\AppData\Local\Programs\MiKTeX\tex/latex/tools\bm.sty
Package: bm 2022/01/05 v1.2f Bold Symbol Support (DPC/FMi)
\symboldoperators=\mathgroup7
\symboldletters=\mathgroup8
\symboldsymbols=\mathgroup9
Package bm Info: No bold for \OMX/cmex/m/n, using \pmb.
Package bm Info: No bold for \U/msa/m/n, using \pmb.
Package bm Info: No bold for \U/msb/m/n, using \pmb.
Package bm Info: No bold for \U/rsfs/m/n, using \pmb.
LaTeX Font Info:    Redeclaring math alphabet \mathbf on input line 149.
)
(C:\Users\micha\AppData\Local\Programs\MiKTeX\tex/latex/overpic\overpic.sty
Package: overpic 2024/01/06 2.1 picture overlays (RN)

(C:\Users\micha\AppData\Local\Programs\MiKTeX\tex/latex/eepic\epic.sty
Enhancements to Picture Environment. Version 1.2 - Released June 1, 1986
\@@multicnt=\count285
\d@lta=\count286
\@delta=\dimen178
\@@delta=\dimen179
\@gridcnt=\count287
\@joinkind=\count288
\@dotgap=\dimen180
\@ddotgap=\dimen181
\@x@diff=\count289
\@y@diff=\count290
\x@diff=\dimen182
\y@diff=\dimen183
\@dotbox=\box57
\num@segments=\count291
\num@segmentsi=\count292
\@datafile=\read2
)
\OVP@box=\box58
)
(C:\Users\micha\AppData\Local\Programs\MiKTeX\tex/latex/subfigure\subfigure.sty
Package: subfigure 2002/07/30 v2.1.4 subfigure package
\subfigtopskip=\skip63
\subfigcapskip=\skip64
\subfigcaptopadj=\dimen184
\subfigbottomskip=\skip65
\subfigcapmargin=\dimen185
\subfiglabelskip=\skip66
\c@subfigure=\count293
\c@lofdepth=\count294
\c@subtable=\count295
\c@lotdepth=\count296
****************************************
* Local config file subfigure.cfg used *
****************************************

(C:\Users\micha\AppData\Local\Programs\MiKTeX\tex/latex/subfigure\subfigure.cfg
)
\subfig@top=\skip67
\subfig@bottom=\skip68
) (C:\Users\micha\AppData\Local\Programs\MiKTeX\tex/latex/graphics\color.sty
Package: color 2022/01/06 v1.3d Standard LaTeX Color (DPC)

(C:\Users\micha\AppData\Local\Programs\MiKTeX\tex/latex/graphics-cfg\color.cfg
File: color.cfg 2016/01/02 v1.6 sample color configuration
)
Package color Info: Driver file: pdftex.def on input line 149.
(C:\Users\micha\AppData\Local\Programs\MiKTeX\tex/latex/graphics\mathcolor.ltx)
)
(C:\Users\micha\AppData\Local\Programs\MiKTeX\tex/latex/threeparttable\threepar
ttable.sty
Package: threeparttable 2003/06/13  v 3.0
\@tempboxb=\box59
)
(C:\Users\micha\AppData\Local\Programs\MiKTeX\tex/latex/multirow\multirow.sty
Package: multirow 2021/03/15 v2.8 Span multiple rows of a table
\multirow@colwidth=\skip69
\multirow@cntb=\count297
\multirow@dima=\skip70
\bigstrutjot=\dimen186
)
\c@theorem=\count298
\c@lemma=\count299
\c@definition=\count300

(C:\Users\micha\AppData\Local\Programs\MiKTeX\tex/latex/newfloat\newfloat.sty
Package: newfloat 2023/10/01 v1.2 Defining new floating environments (AR)
)
(C:\Users\micha\AppData\Local\Programs\MiKTeX\tex/latex/listings\listings.sty
\lst@mode=\count301
\lst@gtempboxa=\box60
\lst@token=\toks35
\lst@length=\count302
\lst@currlwidth=\dimen187
\lst@column=\count303
\lst@pos=\count304
\lst@lostspace=\dimen188
\lst@width=\dimen189
\lst@newlines=\count305
\lst@lineno=\count306
\lst@maxwidth=\dimen190

(C:\Users\micha\AppData\Local\Programs\MiKTeX\tex/latex/listings\lstmisc.sty
File: lstmisc.sty 2023/02/27 1.9 (Carsten Heinz)
\c@lstnumber=\count307
\lst@skipnumbers=\count308
\lst@framebox=\box61
)
(C:\Users\micha\AppData\Local\Programs\MiKTeX\tex/latex/listings\listings.cfg
File: listings.cfg 2023/02/27 1.9 listings configuration
))
Package: listings 2023/02/27 1.9 (Carsten Heinz)
\@float@every@listing=\toks36
\c@listing=\count309
LaTeX Font Info:    Trying to load font information for OT1+ptm on input line 1
98.
(C:\Users\micha\AppData\Local\Programs\MiKTeX\tex/latex/psnfss\ot1ptm.fd
File: ot1ptm.fd 2001/06/04 font definitions for OT1/ptm.
)
(C:\Users\micha\AppData\Local\Programs\MiKTeX\tex/latex/l3backend\l3backend-pdf
tex.def
File: l3backend-pdftex.def 2023-04-19 L3 backend support: PDF output (pdfTeX)
\l__color_backend_stack_int=\count310
\l__pdf_internal_box=\box62
) (aaai23_changed.aux)
\openout1 = `aaai23_changed.aux'.

LaTeX Font Info:    Checking defaults for OML/cmm/m/it on input line 198.
LaTeX Font Info:    ... okay on input line 198.
LaTeX Font Info:    Checking defaults for OMS/cmsy/m/n on input line 198.
LaTeX Font Info:    ... okay on input line 198.
LaTeX Font Info:    Checking defaults for OT1/cmr/m/n on input line 198.
LaTeX Font Info:    ... okay on input line 198.
LaTeX Font Info:    Checking defaults for T1/cmr/m/n on input line 198.
LaTeX Font Info:    ... okay on input line 198.
LaTeX Font Info:    Checking defaults for TS1/cmr/m/n on input line 198.
LaTeX Font Info:    ... okay on input line 198.
LaTeX Font Info:    Checking defaults for OMX/cmex/m/n on input line 198.
LaTeX Font Info:    ... okay on input line 198.
LaTeX Font Info:    Checking defaults for U/cmr/m/n on input line 198.
LaTeX Font Info:    ... okay on input line 198.

(C:\Users\micha\AppData\Local\Programs\MiKTeX\tex/context/base/mkii\supp-pdf.mk
ii
[Loading MPS to PDF converter (version 2006.09.02).]
\scratchcounter=\count311
\scratchdimen=\dimen191
\scratchbox=\box63
\nofMPsegments=\count312
\nofMParguments=\count313
\everyMPshowfont=\toks37
\MPscratchCnt=\count314
\MPscratchDim=\dimen192
\MPnumerator=\count315
\makeMPintoPDFobject=\count316
\everyMPtoPDFconversion=\toks38
)
(C:\Users\micha\AppData\Local\Programs\MiKTeX\tex/latex/epstopdf-pkg\epstopdf-b
ase.sty
Package: epstopdf-base 2020-01-24 v2.11 Base part for package epstopdf
Package epstopdf-base Info: Redefining graphics rule for `.eps' on input line 4
85.

(C:\Users\micha\AppData\Local\Programs\MiKTeX\tex/latex/00miktex\epstopdf-sys.c
fg
File: epstopdf-sys.cfg 2021/03/18 v2.0 Configuration of epstopdf for MiKTeX
))
Package caption Info: Begin \AtBeginDocument code.
Package caption Info: float package is loaded.
Package caption Info: listings package is loaded.
Package caption Info: subfigure package is loaded.
Package caption Info: threeparttable package is loaded.
Package caption Info: End \AtBeginDocument code.
Package newfloat Info: `float' package detected.
\c@lstlisting=\count317
\c@eqfn=\count318
\titlearea=\box64
LaTeX Font Info:    Trying to load font information for U+msa on input line 200
.
 (C:\Users\micha\AppData\Local\Programs\MiKTeX\tex/latex/amsfonts\umsa.fd
File: umsa.fd 2013/01/14 v3.01 AMS symbols A
)
LaTeX Font Info:    Trying to load font information for U+msb on input line 200
.

(C:\Users\micha\AppData\Local\Programs\MiKTeX\tex/latex/amsfonts\umsb.fd
File: umsb.fd 2013/01/14 v3.01 AMS symbols B
)
LaTeX Font Info:    Trying to load font information for U+rsfs on input line 20
0.

(C:\Users\micha\AppData\Local\Programs\MiKTeX\tex/latex/jknappen\ursfs.fd
File: ursfs.fd 1998/03/24 rsfs font definition file (jk)
)
LaTeX Font Info:    Trying to load font information for OMS+ptm on input line 2
00.

(C:\Users\micha\AppData\Local\Programs\MiKTeX\tex/latex/psnfss\omsptm.fd
File: omsptm.fd 
)
LaTeX Font Info:    Font shape `OMS/ptm/m/n' in size <10> not available
(Font)              Font shape `OMS/cmsy/m/n' tried instead on input line 200.
\actualheight=\skip71
LaTeX Font Info:    Trying to load font information for TS1+ptm on input line 2
00.

(C:\Users\micha\AppData\Local\Programs\MiKTeX\tex/latex/psnfss\ts1ptm.fd
File: ts1ptm.fd 2001/06/04 font definitions for TS1/ptm.
)

Package natbib Warning: Citation `Wolfgang1997' on page 1 undefined on input li
ne 212.


Package natbib Warning: Citation `roy2019towards' on page 1 undefined on input 
line 212.


Package natbib Warning: Citation `schemmel2010wafer' on page 1 undefined on inp
ut line 212.


Package natbib Warning: Citation `furber2012overview' on page 1 undefined on in
put line 212.


Package natbib Warning: Citation `merolla2014million' on page 1 undefined on in
put line 212.


Package natbib Warning: Citation `davies2018loihi' on page 1 undefined on input
 line 212.


Package natbib Warning: Citation `pei2019towards' on page 1 undefined on input 
line 212.


Package natbib Warning: Citation `debole2019truenorth' on page 1 undefined on i
nput line 212.


Package natbib Warning: Citation `neftci2019surrogate' on page 1 undefined on i
nput line 215.


Package natbib Warning: Citation `kim2020unifying' on page 1 undefined on input
 line 215.


Package natbib Warning: Citation `cao2015spiking' on page 1 undefined on input 
line 215.


Package natbib Warning: Citation `rueckauer2016theory' on page 1 undefined on i
nput line 215.


Underfull \hbox (badness 1412) in paragraph at lines 215--216
\OT1/ptm/m/n/10 deep SNNs: (1) back-prop-a-ga-tion with sur-ro-gate gra-di-
 []


Package natbib Warning: Citation `han2020rmp' on page 1 undefined on input line
 217.


Package natbib Warning: Citation `ding2021optimal' on page 1 undefined on input
 line 217.


Package natbib Warning: Citation `ho2021tcl' on page 1 undefined on input line 
217.


Package natbib Warning: Citation `deng2020optimal' on page 1 undefined on input
 line 217.


Package natbib Warning: Citation `li2021free' on page 1 undefined on input line
 217.


Package natbib Warning: Citation `li2022quantization' on page 1 undefined on in
put line 217.


Package natbib Warning: Citation `bu2022optimal' on page 1 undefined on input l
ine 217.


Package natbib Warning: Citation `huh2017gradient' on page 1 undefined on input
 line 232.


Package natbib Warning: Citation `jin2018hybrid' on page 1 undefined on input l
ine 232.


Package natbib Warning: Citation `wu2018STBP' on page 1 undefined on input line
 232.


Package natbib Warning: Citation `shrestha2018slayer' on page 1 undefined on in
put line 232.


Package natbib Warning: Citation `zenke2018superspike' on page 1 undefined on i
nput line 232.


Package natbib Warning: Citation `bellec2018long' on page 1 undefined on input 
line 232.


Package natbib Warning: Citation `neftci2019surrogate' on page 1 undefined on i
nput line 232.


Package natbib Warning: Citation `Zenke2020.06.29.176925' on page 1 undefined o
n input line 233.


Package natbib Warning: Citation `li2021differentiable' on page 1 undefined on 
input line 233.


Package natbib Warning: Citation `zheng2021going' on page 1 undefined on input 
line 233.


Package natbib Warning: Citation `fang2020incorporating' on page 1 undefined on
 input line 233.


Package natbib Warning: Citation `deng2022temporal' on page 1 undefined on inpu
t line 233.


Package natbib Warning: Citation `guo2022recdis' on page 1 undefined on input l
ine 233.


Package natbib Warning: Citation `fang2020incorporating' on page 1 undefined on
 input line 233.


Package natbib Warning: Citation `bohte2002error' on page 1 undefined on input 
line 235.


Package natbib Warning: Citation `kheradpisheh2020temporal' on page 1 undefined
 on input line 235.


Package natbib Warning: Citation `zhang2020temporal' on page 1 undefined on inp
ut line 235.


Package natbib Warning: Citation `mostafa2017supervised' on page 1 undefined on
 input line 236.


Package natbib Warning: Citation `zhou2021temporal' on page 1 undefined on inpu
t line 236.


Package natbib Warning: Citation `kim2020unifying' on page 1 undefined on input
 line 236.


Package natbib Warning: Citation `cao2015spiking' on page 1 undefined on input 
line 237.


Package natbib Warning: Citation `diehl2015fast' on page 1 undefined on input l
ine 237.


Package natbib Warning: Citation `Bodo2017Conversion' on page 1 undefined on in
put line 237.


Package natbib Warning: Citation `han2020rmp' on page 1 undefined on input line
 237.


Package natbib Warning: Citation `deng2020optimal' on page 1 undefined on input
 line 237.


Package natbib Warning: Citation `bu2022optimal' on page 1 undefined on input l
ine 237.


Package natbib Warning: Citation `Bodo2017Conversion' on page 1 undefined on in
put line 238.


Package natbib Warning: Citation `sengupta2019going' on page 1 undefined on inp
ut line 238.


Package natbib Warning: Citation `han2020rmp' on page 1 undefined on input line
 238.


Package natbib Warning: Citation `ding2021optimal' on page 1 undefined on input
 line 238.


Package natbib Warning: Citation `stockl2021optimized' on page 1 undefined on i
nput line 238.


Package natbib Warning: Citation `ho2021tcl' on page 1 undefined on input line 
238.


Package natbib Warning: Citation `wu2021tandem' on page 1 undefined on input li
ne 238.


Package natbib Warning: Citation `kim2020spiking' on page 1 undefined on input 
line 238.


Package natbib Warning: Citation `deng2020optimal' on page 1 undefined on input
 line 238.


Package natbib Warning: Citation `li2021free' on page 1 undefined on input line
 238.


Package natbib Warning: Citation `Bu2022OPI' on page 1 undefined on input line 
238.


Package natbib Warning: Citation `li2022efficient' on page 1 undefined on input
 line 238.


Package natbib Warning: Citation `wang2022signed' on page 1 undefined on input 
line 238.


Package natbib Warning: Citation `bu2022optimal' on page 1 undefined on input l
ine 238.


Underfull \hbox (badness 1292) in paragraph at lines 230--240
\OT1/ptm/b/n/10 Supervised learn-ing of SNNs\OT1/ptm/m/n/10 . To over-come the 
non-
 []


Underfull \hbox (badness 1014) in paragraph at lines 230--240
\OT1/ptm/m/n/10 meth-ods (\OT1/ptm/b/n/10 ???????\OT1/ptm/m/n/10 ) have been pr
o-posed. These mod-els
 []


Underfull \hbox (badness 1436) in paragraph at lines 230--240
\OT1/ptm/m/n/10 brane po-ten-tial with a dif-fer-en-tiable func-tion in back-
 []


Underfull \vbox (badness 1817) has occurred while \output is active []

 [1{C:/Users/micha/AppData/Local/MiKTeX/fonts/map/pdftex/pdftex.map}{C:/Users/m
icha/AppData/Local/Programs/MiKTeX/fonts/enc/dvips/base/8r.enc}



]

Package natbib Warning: Citation `diehl2015fast' on page 2 undefined on input l
ine 253.


Package natbib Warning: Citation `sengupta2019going' on page 2 undefined on inp
ut line 253.


Package natbib Warning: Citation `han2020rmp' on page 2 undefined on input line
 253.


Package natbib Warning: Citation `deng2020optimal' on page 2 undefined on input
 line 253.


Package natbib Warning: Citation `bu2022optimal' on page 2 undefined on input l
ine 253.


Package natbib Warning: Citation `Bodo2017Conversion' on page 2 undefined on in
put line 262.



pdfTeX warning: pdflatex (file ./clipping_and_quantization_error_1a.pdf): PDF i
nclusion: found PDF version <1.7>, but at most version <1.5> allowed
<clipping_and_quantization_error_1a.pdf, id=8, 963.6pt x 542.025pt>
File: clipping_and_quantization_error_1a.pdf Graphic file (type pdf)
<use clipping_and_quantization_error_1a.pdf>
Package pdftex.def Info: clipping_and_quantization_error_1a.pdf  used on input 
line 273.
(pdftex.def)             Requested size: 179.54578pt x 104.73372pt.


pdfTeX warning: pdflatex (file ./uneveness_error_1a.pdf): PDF inclusion: found 
PDF version <1.7>, but at most version <1.5> allowed
<uneveness_error_1a.pdf, id=10, 963.6pt x 542.025pt>
File: uneveness_error_1a.pdf Graphic file (type pdf)
<use uneveness_error_1a.pdf>
Package pdftex.def Info: uneveness_error_1a.pdf  used on input line 277.
(pdftex.def)             Requested size: 71.81903pt x 62.84108pt.


pdfTeX warning: pdflatex (file ./uneveness_error_1b.pdf): PDF inclusion: found 
PDF version <1.7>, but at most version <1.5> allowed
<uneveness_error_1b.pdf, id=12, 963.6pt x 542.025pt>
File: uneveness_error_1b.pdf Graphic file (type pdf)
<use uneveness_error_1b.pdf>
Package pdftex.def Info: uneveness_error_1b.pdf  used on input line 281.
(pdftex.def)             Requested size: 71.81903pt x 62.84108pt.


pdfTeX warning: pdflatex (file ./uneveness_error_1c.pdf): PDF inclusion: found 
PDF version <1.7>, but at most version <1.5> allowed
<uneveness_error_1c.pdf, id=14, 963.6pt x 542.025pt>
File: uneveness_error_1c.pdf Graphic file (type pdf)
<use uneveness_error_1c.pdf>
Package pdftex.def Info: uneveness_error_1c.pdf  used on input line 286.
(pdftex.def)             Requested size: 71.81903pt x 62.84108pt.

Underfull \hbox (badness 10000) in paragraph at lines 298--301

 []

[2]

Package natbib Warning: Citation `bu2022optimal' on page 3 undefined on input l
ine 305.


Package natbib Warning: Citation `ho2021tcl' on page 3 undefined on input line 
314.


Package natbib Warning: Citation `bu2022optimal' on page 3 undefined on input l
ine 314.


Package natbib Warning: Citation `bu2022optimal' on page 3 undefined on input l
ine 335.


Underfull \hbox (badness 1173) in paragraph at lines 334--336
\OT1/ptm/m/n/10 In or-der to fa-cil-i-tate the anal-y-sis of un-even-ness er-ro
r,
 []

[3 <./clipping_and_quantization_error_1a.pdf> <./uneveness_error_1a.pdf> <./une
veness_error_1b.pdf> <./uneveness_error_1c.pdf>]

pdfTeX warning: pdflatex (file ./uneveness_error_2a.pdf): PDF inclusion: found 
PDF version <1.7>, but at most version <1.5> allowed
<uneveness_error_2a.pdf, id=106, 963.6pt x 542.025pt>
File: uneveness_error_2a.pdf Graphic file (type pdf)
<use uneveness_error_2a.pdf>
Package pdftex.def Info: uneveness_error_2a.pdf  used on input line 343.
(pdftex.def)             Requested size: 179.54578pt x 112.21475pt.
<uneveness_error_3e.pdf, id=108, 404.38266pt x 278.6388pt>
File: uneveness_error_3e.pdf Graphic file (type pdf)
<use uneveness_error_3e.pdf>
Package pdftex.def Info: uneveness_error_3e.pdf  used on input line 377.
(pdftex.def)             Requested size: 112.51564pt x 77.52937pt.
<uneveness_error_3f.pdf, id=109, 404.38266pt x 278.6388pt>
File: uneveness_error_3f.pdf Graphic file (type pdf)
<use uneveness_error_3f.pdf>
Package pdftex.def Info: uneveness_error_3f.pdf  used on input line 381.
(pdftex.def)             Requested size: 112.51564pt x 77.52937pt.
<uneveness_error_3b.pdf, id=110, 404.38266pt x 278.6388pt>
File: uneveness_error_3b.pdf Graphic file (type pdf)
<use uneveness_error_3b.pdf>
Package pdftex.def Info: uneveness_error_3b.pdf  used on input line 385.
(pdftex.def)             Requested size: 112.51564pt x 77.52937pt.
<uneveness_error_3c.pdf, id=111, 404.38266pt x 278.6388pt>
File: uneveness_error_3c.pdf Graphic file (type pdf)
<use uneveness_error_3c.pdf>
Package pdftex.def Info: uneveness_error_3c.pdf  used on input line 389.
(pdftex.def)             Requested size: 112.51564pt x 77.52937pt.


pdfTeX warning: pdflatex (file ./residual_membrane_potential.pdf): PDF inclusio
n: found PDF version <1.7>, but at most version <1.5> allowed
<residual_membrane_potential.pdf, id=112, 963.6pt x 542.025pt>
File: residual_membrane_potential.pdf Graphic file (type pdf)
<use residual_membrane_potential.pdf>
Package pdftex.def Info: residual_membrane_potential.pdf  used on input line 40
2.
(pdftex.def)             Requested size: 191.51622pt x 154.68723pt.
[4 <./uneveness_error_3e.pdf> <./uneveness_error_3f.pdf> <./uneveness_error_3b.
pdf> <./uneveness_error_3c.pdf> <./uneveness_error_2a.pdf>]

LaTeX Warning: No positions in optional float specifier.
               Default added (so using `tbp') on input line 478.


Package natbib Warning: Citation `LeCun1998CIFAR10' on page 5 undefined on inpu
t line 585.


Package natbib Warning: Citation `Krizhevsky2009CIFAR100' on page 5 undefined o
n input line 585.


Package natbib Warning: Citation `Deng2009ImageNet' on page 5 undefined on inpu
t line 585.


Package natbib Warning: Citation `he2016deep' on page 5 undefined on input line
 585.


Package natbib Warning: Citation `Simonyan2014VGG16' on page 5 undefined on inp
ut line 585.


Package natbib Warning: Citation `han2020rmp' on page 5 undefined on input line
 586.


Package natbib Warning: Citation `Han&Roy2020' on page 5 undefined on input lin
e 587.


Package natbib Warning: Citation `deng2020optimal' on page 5 undefined on input
 line 588.


Package natbib Warning: Citation `Bu2022OPI' on page 5 undefined on input line 
590.


Package natbib Warning: Citation `li2021free' on page 5 undefined on input line
 590.


Package natbib Warning: Citation `ho2021tcl' on page 5 undefined on input line 
590.


Package natbib Warning: Citation `bu2022optimal' on page 5 undefined on input l
ine 590.


Package natbib Warning: Citation `wang2022signed' on page 5 undefined on input 
line 590.


Underfull \hbox (badness 1360) in paragraph at lines 585--591
\OT1/ptm/m/n/10 TSC (\OT1/ptm/b/n/10 ?\OT1/ptm/m/n/10 ), RTS (\OT1/ptm/b/n/10 ?
\OT1/ptm/m/n/10 ), OPI (\OT1/ptm/b/n/10 ?\OT1/ptm/m/n/10 ), SNNC-AP (\OT1/ptm/b
/n/10 ?\OT1/ptm/m/n/10 ), TCL (\OT1/ptm/b/n/10 ?\OT1/ptm/m/n/10 ),
 []

[5 <./residual_membrane_potential.pdf>]

pdfTeX warning: pdflatex (file ./uneveness_error_after1.pdf): PDF inclusion: fo
und PDF version <1.7>, but at most version <1.5> allowed
<uneveness_error_after1.pdf, id=278, 740.43814pt x 278.6388pt>
File: uneveness_error_after1.pdf Graphic file (type pdf)
<use uneveness_error_after1.pdf>
Package pdftex.def Info: uneveness_error_after1.pdf  used on input line 643.
(pdftex.def)             Requested size: 215.45348pt x 81.07953pt.
<uneveness_error_after2.pdf, id=279, 740.43814pt x 278.6388pt>
File: uneveness_error_after2.pdf Graphic file (type pdf)
<use uneveness_error_after2.pdf>
Package pdftex.def Info: uneveness_error_after2.pdf  used on input line 647.
(pdftex.def)             Requested size: 215.45348pt x 81.07953pt.

LaTeX Warning: No positions in optional float specifier.
               Default added (so using `tbp') on input line 660.


Underfull \vbox (badness 10000) has occurred while \output is active []

 [6 <./uneveness_error_after1.pdf> <./uneveness_error_after2.pdf>]

pdfTeX warning: pdflatex (file ./cifar100_vgg16.pdf): PDF inclusion: found PDF 
version <1.7>, but at most version <1.5> allowed
<cifar100_vgg16.pdf, id=689, 963.6pt x 542.025pt>
File: cifar100_vgg16.pdf Graphic file (type pdf)
<use cifar100_vgg16.pdf>
Package pdftex.def Info: cifar100_vgg16.pdf  used on input line 728.
(pdftex.def)             Requested size: 107.72673pt x 70.4356pt.


pdfTeX warning: pdflatex (file ./cifar100_resnet20.pdf): PDF inclusion: found P
DF version <1.7>, but at most version <1.5> allowed
<cifar100_resnet20.pdf, id=691, 963.6pt x 542.025pt>
File: cifar100_resnet20.pdf Graphic file (type pdf)
<use cifar100_resnet20.pdf>
Package pdftex.def Info: cifar100_resnet20.pdf  used on input line 732.
(pdftex.def)             Requested size: 107.72673pt x 70.4356pt.


pdfTeX warning: pdflatex (file ./imagenet_vgg16.pdf): PDF inclusion: found PDF 
version <1.7>, but at most version <1.5> allowed
<imagenet_vgg16.pdf, id=693, 963.6pt x 542.025pt>
File: imagenet_vgg16.pdf Graphic file (type pdf)
<use imagenet_vgg16.pdf>
Package pdftex.def Info: imagenet_vgg16.pdf  used on input line 736.
(pdftex.def)             Requested size: 107.72673pt x 70.4356pt.


pdfTeX warning: pdflatex (file ./imagenet_resnet34.pdf): PDF inclusion: found P
DF version <1.7>, but at most version <1.5> allowed
<imagenet_resnet34.pdf, id=695, 963.6pt x 542.025pt>
File: imagenet_resnet34.pdf Graphic file (type pdf)
<use imagenet_resnet34.pdf>
Package pdftex.def Info: imagenet_resnet34.pdf  used on input line 740.
(pdftex.def)             Requested size: 107.72673pt x 70.4356pt.

Underfull \vbox (badness 10000) has occurred while \output is active []

 [7 <./cifar100_vgg16.pdf> <./cifar100_resnet20.pdf> <./imagenet_vgg16.pdf> <./
imagenet_resnet34.pdf>]

Package natbib Warning: Citation `ho2021tcl' on page 8 undefined on input line 
754.


Package natbib Warning: Citation `Bu2022OPI' on page 8 undefined on input line 
754.



pdfTeX warning: pdflatex (file ./parameter_3a.pdf): PDF inclusion: found PDF ve
rsion <1.7>, but at most version <1.5> allowed
<parameter_3a.pdf, id=721, 963.6pt x 542.025pt>
File: parameter_3a.pdf Graphic file (type pdf)
<use parameter_3a.pdf>
Package pdftex.def Info: parameter_3a.pdf  used on input line 770.
(pdftex.def)             Requested size: 112.51564pt x 68.31096pt.


pdfTeX warning: pdflatex (file ./parameter_3b.pdf): PDF inclusion: found PDF ve
rsion <1.7>, but at most version <1.5> allowed
<parameter_3b.pdf, id=723, 963.6pt x 542.025pt>
File: parameter_3b.pdf Graphic file (type pdf)
<use parameter_3b.pdf>
Package pdftex.def Info: parameter_3b.pdf  used on input line 774.
(pdftex.def)             Requested size: 112.51564pt x 68.31096pt.

Package natbib Warning: Citation `bu2022optimal' on page 8 undefined on input l
ine 781.


Package natbib Warning: Citation `bottou2012stochastic' on page 8 undefined on 
input line 784.


Package natbib Warning: Citation `loshchilov2016sgdr' on page 8 undefined on in
put line 784.


Package natbib Warning: Citation `devries2017improved' on page 8 undefined on i
nput line 784.


Package natbib Warning: Citation `Ekin2019' on page 8 undefined on input line 7
84.


Package natbib Warning: Citation `li2021free' on page 8 undefined on input line
 784.

No file aaai23_changed.bbl.

Underfull \hbox (badness 1331) in paragraph at lines 796--798
\OT1/ptm/m/n/10 saepe, sed prae-sen-tium do-lor nisi, id tem-po-ribus amet
 []

[8 <./parameter_3a.pdf> <./parameter_3b.pdf>]

Package natbib Warning: There were undefined citations.

[9

] (aaai23_changed.aux)
 ***********
LaTeX2e <2023-06-01> patch level 1
L3 programming layer <2023-08-29>
 ***********
 ) 
Here is how much of TeX's memory you used:
 7756 strings out of 475247
 125070 string characters out of 5757792
 1962801 words of memory out of 5000000
 29127 multiletter control sequences out of 15000+600000
 596833 words of font info for 136 fonts, out of 8000000 for 9000
 1141 hyphenation exceptions out of 8191
 57i,15n,65p,1476b,652s stack positions out of 10000i,1000n,20000p,200000b,200000s
<C:/Users/micha/AppData/Local/Programs/MiKTeX/fonts/type1/public/amsfonts/cm/
cmex10.pfb><C:/Users/micha/AppData/Local/Programs/MiKTeX/fonts/type1/public/ams
fonts/cmextra/cmex7.pfb><C:/Users/micha/AppData/Local/Programs/MiKTeX/fonts/typ
e1/public/amsfonts/cm/cmmi10.pfb><C:/Users/micha/AppData/Local/Programs/MiKTeX/
fonts/type1/public/amsfonts/cm/cmmi5.pfb><C:/Users/micha/AppData/Local/Programs
/MiKTeX/fonts/type1/public/amsfonts/cm/cmmi7.pfb><C:/Users/micha/AppData/Local/
Programs/MiKTeX/fonts/type1/public/amsfonts/cm/cmmib10.pfb><C:/Users/micha/AppD
ata/Local/Programs/MiKTeX/fonts/type1/public/amsfonts/cmextra/cmmib7.pfb><C:/Us
ers/micha/AppData/Local/Programs/MiKTeX/fonts/type1/public/amsfonts/cm/cmr10.pf
b><C:/Users/micha/AppData/Local/Programs/MiKTeX/fonts/type1/public/amsfonts/cm/
cmr5.pfb><C:/Users/micha/AppData/Local/Programs/MiKTeX/fonts/type1/public/amsfo
nts/cm/cmr7.pfb><C:/Users/micha/AppData/Local/Programs/MiKTeX/fonts/type1/publi
c/amsfonts/cm/cmsy10.pfb><C:/Users/micha/AppData/Local/Programs/MiKTeX/fonts/ty
pe1/public/amsfonts/cm/cmsy7.pfb><C:/Users/micha/AppData/Local/Programs/MiKTeX/
fonts/type1/public/amsfonts/symbols/msam10.pfb><C:/Users/micha/AppData/Local/Pr
ograms/MiKTeX/fonts/type1/public/amsfonts/symbols/msbm10.pfb><C:/Users/micha/Ap
pData/Local/Programs/MiKTeX/fonts/type1/urw/times/utmb8a.pfb><C:/Users/micha/Ap
pData/Local/Programs/MiKTeX/fonts/type1/urw/times/utmr8a.pfb><C:/Users/micha/Ap
pData/Local/Programs/MiKTeX/fonts/type1/urw/times/utmri8a.pfb>
Output written on aaai23_changed.pdf (9 pages, 1348084 bytes).
PDF statistics:
 842 PDF objects out of 1000 (max. 8388607)
 0 named destinations out of 1000 (max. 500000)
 163 words of extra memory for PDF output out of 10000 (max. 10000000)

