This is pdfTeX, Version 3.141592653-2.6-1.40.25 (MiKTeX 23.9) (preloaded format=pdflatex 2023.9.22)  30 MAR 2024 17:22
entering extended mode
 restricted \write18 enabled.
 %&-line parsing enabled.
**./Formatting-Instructions-LaTeX-2023_changed.tex
(Formatting-Instructions-LaTeX-2023_changed.tex
LaTeX2e <2023-06-01> patch level 1
L3 programming layer <2023-08-29>
(C:\Users\micha\AppData\Local\Programs\MiKTeX\tex/latex/base\article.cls
Document Class: article 2023/05/17 v1.4n Standard LaTeX document class
(C:\Users\micha\AppData\Local\Programs\MiKTeX\tex/latex/base\size10.clo
File: size10.clo 2023/05/17 v1.4n Standard LaTeX file (size option)
)
\c@part=\count185
\c@section=\count186
\c@subsection=\count187
\c@subsubsection=\count188
\c@paragraph=\count189
\c@subparagraph=\count190
\c@figure=\count191
\c@table=\count192
\abovecaptionskip=\skip48
\belowcaptionskip=\skip49
\bibindent=\dimen140
)
(aaai23.sty
Package: aaai23 2023/06/27 AAAI 2023 Submission format

Conference Style for AAAI for LaTeX 2e -- version for submission
\titlebox=\skip50
) (C:\Users\micha\AppData\Local\Programs\MiKTeX\tex/latex/psnfss\times.sty
Package: times 2020/03/25 PSNFSS-v9.3 (SPQR) 
)
(C:\Users\micha\AppData\Local\Programs\MiKTeX\tex/latex/psnfss\helvet.sty
Package: helvet 2020/03/25 PSNFSS-v9.3 (WaS) 

(C:\Users\micha\AppData\Local\Programs\MiKTeX\tex/latex/graphics\keyval.sty
Package: keyval 2022/05/29 v1.15 key=value parser (DPC)
\KV@toks@=\toks17
))
(C:\Users\micha\AppData\Local\Programs\MiKTeX\tex/latex/psnfss\courier.sty
Package: courier 2020/03/25 PSNFSS-v9.3 (WaS) 
)
(C:\Users\micha\AppData\Local\Programs\MiKTeX\tex/latex/url\url.sty
\Urlmuskip=\muskip16
Package: url 2013/09/16  ver 3.4  Verb mode for urls, etc.
)
(C:\Users\micha\AppData\Local\Programs\MiKTeX\tex/latex/graphics\graphicx.sty
Package: graphicx 2021/09/16 v1.2d Enhanced LaTeX Graphics (DPC,SPQR)

(C:\Users\micha\AppData\Local\Programs\MiKTeX\tex/latex/graphics\graphics.sty
Package: graphics 2022/03/10 v1.4e Standard LaTeX Graphics (DPC,SPQR)

(C:\Users\micha\AppData\Local\Programs\MiKTeX\tex/latex/graphics\trig.sty
Package: trig 2021/08/11 v1.11 sin cos tan (DPC)
)
(C:\Users\micha\AppData\Local\Programs\MiKTeX\tex/latex/graphics-cfg\graphics.c
fg
File: graphics.cfg 2016/06/04 v1.11 sample graphics configuration
)
Package graphics Info: Driver file: pdftex.def on input line 107.

(C:\Users\micha\AppData\Local\Programs\MiKTeX\tex/latex/graphics-def\pdftex.def
File: pdftex.def 2022/09/22 v1.2b Graphics/color driver for pdftex
))
\Gin@req@height=\dimen141
\Gin@req@width=\dimen142
) (C:\Users\micha\AppData\Local\Programs\MiKTeX\tex/latex/natbib\natbib.sty
Package: natbib 2010/09/13 8.31b (PWD, AO)
\bibhang=\skip51
\bibsep=\skip52
LaTeX Info: Redefining \cite on input line 694.
\c@NAT@ctr=\count193
)
(C:\Users\micha\AppData\Local\Programs\MiKTeX\tex/latex/caption\caption.sty
Package: caption 2023/07/31 v3.6n Customizing captions (AR)

(C:\Users\micha\AppData\Local\Programs\MiKTeX\tex/latex/caption\caption3.sty
Package: caption3 2023/07/31 v2.4d caption3 kernel (AR)
\caption@tempdima=\dimen143
\captionmargin=\dimen144
\caption@leftmargin=\dimen145
\caption@rightmargin=\dimen146
\caption@width=\dimen147
\caption@indent=\dimen148
\caption@parindent=\dimen149
\caption@hangindent=\dimen150
Package caption Info: Standard document class detected.
)
\c@caption@flags=\count194
\c@continuedfloat=\count195
)
(C:\Users\micha\AppData\Local\Programs\MiKTeX\tex/latex/algorithms\algorithm.st
y
Package: algorithm 2009/08/24 v0.1 Document Style `algorithm' - floating enviro
nment
 (C:\Users\micha\AppData\Local\Programs\MiKTeX\tex/latex/float\float.sty
Package: float 2001/11/08 v1.3d Float enhancements (AL)
\c@float@type=\count196
\float@exts=\toks18
\float@box=\box51
\@float@everytoks=\toks19
\@floatcapt=\box52
)
(C:\Users\micha\AppData\Local\Programs\MiKTeX\tex/latex/base\ifthen.sty
Package: ifthen 2022/04/13 v1.1d Standard LaTeX ifthen package (DPC)
)
\@float@every@algorithm=\toks20
\c@algorithm=\count197
)
(C:\Users\micha\AppData\Local\Programs\MiKTeX\tex/latex/algorithms\algorithmic.
sty
Package: algorithmic 2009/08/24 v0.1 Document Style `algorithmic'
\c@ALC@unique=\count198
\c@ALC@line=\count199
\c@ALC@rem=\count266
\c@ALC@depth=\count267
\ALC@tlm=\skip53
\algorithmicindent=\skip54
)
(C:\Users\micha\AppData\Local\Programs\MiKTeX\tex/latex/amsmath\amsmath.sty
Package: amsmath 2023/05/13 v2.17o AMS math features
\@mathmargin=\skip55

For additional information on amsmath, use the `?' option.
(C:\Users\micha\AppData\Local\Programs\MiKTeX\tex/latex/amsmath\amstext.sty
Package: amstext 2021/08/26 v2.01 AMS text

(C:\Users\micha\AppData\Local\Programs\MiKTeX\tex/latex/amsmath\amsgen.sty
File: amsgen.sty 1999/11/30 v2.0 generic functions
\@emptytoks=\toks21
\ex@=\dimen151
))
(C:\Users\micha\AppData\Local\Programs\MiKTeX\tex/latex/amsmath\amsbsy.sty
Package: amsbsy 1999/11/29 v1.2d Bold Symbols
\pmbraise@=\dimen152
)
(C:\Users\micha\AppData\Local\Programs\MiKTeX\tex/latex/amsmath\amsopn.sty
Package: amsopn 2022/04/08 v2.04 operator names
)
\inf@bad=\count268
LaTeX Info: Redefining \frac on input line 234.
\uproot@=\count269
\leftroot@=\count270
LaTeX Info: Redefining \overline on input line 399.
LaTeX Info: Redefining \colon on input line 410.
\classnum@=\count271
\DOTSCASE@=\count272
LaTeX Info: Redefining \ldots on input line 496.
LaTeX Info: Redefining \dots on input line 499.
LaTeX Info: Redefining \cdots on input line 620.
\Mathstrutbox@=\box53
\strutbox@=\box54
LaTeX Info: Redefining \big on input line 722.
LaTeX Info: Redefining \Big on input line 723.
LaTeX Info: Redefining \bigg on input line 724.
LaTeX Info: Redefining \Bigg on input line 725.
\big@size=\dimen153
LaTeX Font Info:    Redeclaring font encoding OML on input line 743.
LaTeX Font Info:    Redeclaring font encoding OMS on input line 744.
\macc@depth=\count273
LaTeX Info: Redefining \bmod on input line 905.
LaTeX Info: Redefining \pmod on input line 910.
LaTeX Info: Redefining \smash on input line 940.
LaTeX Info: Redefining \relbar on input line 970.
LaTeX Info: Redefining \Relbar on input line 971.
\c@MaxMatrixCols=\count274
\dotsspace@=\muskip17
\c@parentequation=\count275
\dspbrk@lvl=\count276
\tag@help=\toks22
\row@=\count277
\column@=\count278
\maxfields@=\count279
\andhelp@=\toks23
\eqnshift@=\dimen154
\alignsep@=\dimen155
\tagshift@=\dimen156
\tagwidth@=\dimen157
\totwidth@=\dimen158
\lineht@=\dimen159
\@envbody=\toks24
\multlinegap=\skip56
\multlinetaggap=\skip57
\mathdisplay@stack=\toks25
LaTeX Info: Redefining \[ on input line 2953.
LaTeX Info: Redefining \] on input line 2954.
)
(C:\Users\micha\AppData\Local\Programs\MiKTeX\tex/latex/caption\subcaption.sty
Package: subcaption 2023/07/28 v1.6b Sub-captions (AR)
Package caption Info: New subtype `subfigure' on input line 238.
\c@subfigure=\count280
Package caption Info: New subtype `subtable' on input line 238.
\c@subtable=\count281
)
(C:\Users\micha\AppData\Local\Programs\MiKTeX\tex/latex/threeparttable\threepar
ttable.sty
Package: threeparttable 2003/06/13  v 3.0
\@tempboxb=\box55
)
(C:\Users\micha\AppData\Local\Programs\MiKTeX\tex/latex/multirow\multirow.sty
Package: multirow 2021/03/15 v2.8 Span multiple rows of a table
\multirow@colwidth=\skip58
\multirow@cntb=\count282
\multirow@dima=\skip59
\bigstrutjot=\dimen160
)
(C:\Users\micha\AppData\Local\Programs\MiKTeX\tex/latex/booktabs\booktabs.sty
Package: booktabs 2020/01/12 v1.61803398 Publication quality tables
\heavyrulewidth=\dimen161
\lightrulewidth=\dimen162
\cmidrulewidth=\dimen163
\belowrulesep=\dimen164
\belowbottomsep=\dimen165
\aboverulesep=\dimen166
\abovetopsep=\dimen167
\cmidrulesep=\dimen168
\cmidrulekern=\dimen169
\defaultaddspace=\dimen170
\@cmidla=\count283
\@cmidlb=\count284
\@aboverulesep=\dimen171
\@belowrulesep=\dimen172
\@thisruleclass=\count285
\@lastruleclass=\count286
\@thisrulewidth=\dimen173
)
(C:\Users\micha\AppData\Local\Programs\MiKTeX\tex/latex/bbding\bbding.sty
Package: bbding 1999/04/15 v1.01 Dingbats symbols
)
(C:\Users\micha\AppData\Local\Programs\MiKTeX\tex/latex/graphics\color.sty
Package: color 2022/01/06 v1.3d Standard LaTeX Color (DPC)

(C:\Users\micha\AppData\Local\Programs\MiKTeX\tex/latex/graphics-cfg\color.cfg
File: color.cfg 2016/01/02 v1.6 sample color configuration
)
Package color Info: Driver file: pdftex.def on input line 149.
(C:\Users\micha\AppData\Local\Programs\MiKTeX\tex/latex/graphics\mathcolor.ltx)
) (C:\Users\micha\AppData\Local\Programs\MiKTeX\tex/latex/amsfonts\amssymb.sty
Package: amssymb 2013/01/14 v3.01 AMS font symbols

(C:\Users\micha\AppData\Local\Programs\MiKTeX\tex/latex/amsfonts\amsfonts.sty
Package: amsfonts 2013/01/14 v3.01 Basic AMSFonts support
\symAMSa=\mathgroup4
\symAMSb=\mathgroup5
LaTeX Font Info:    Redeclaring math symbol \hbar on input line 98.
LaTeX Font Info:    Overwriting math alphabet `\mathfrak' in version `bold'
(Font)                  U/euf/m/n --> U/euf/b/n on input line 106.
)) (C:\Users\micha\AppData\Local\Programs\MiKTeX\tex/latex/newfloat\newfloat.st
y
Package: newfloat 2023/10/01 v1.2 Defining new floating environments (AR)
) (C:\Users\micha\AppData\Local\Programs\MiKTeX\tex/latex/listings\listings.sty
\lst@mode=\count287
\lst@gtempboxa=\box56
\lst@token=\toks26
\lst@length=\count288
\lst@currlwidth=\dimen174
\lst@column=\count289
\lst@pos=\count290
\lst@lostspace=\dimen175
\lst@width=\dimen176
\lst@newlines=\count291
\lst@lineno=\count292
\lst@maxwidth=\dimen177

(C:\Users\micha\AppData\Local\Programs\MiKTeX\tex/latex/listings\lstmisc.sty
File: lstmisc.sty 2023/02/27 1.9 (Carsten Heinz)
\c@lstnumber=\count293
\lst@skipnumbers=\count294
\lst@framebox=\box57
)
(C:\Users\micha\AppData\Local\Programs\MiKTeX\tex/latex/listings\listings.cfg
File: listings.cfg 2023/02/27 1.9 listings configuration
))
Package: listings 2023/02/27 1.9 (Carsten Heinz)
\@float@every@listing=\toks27
\c@listing=\count295
(C:\Users\micha\AppData\Local\Programs\MiKTeX\tex/latex/natbib\bibentry.sty
Package: bibentry 2007/10/30 1.5 (PWD)
)
LaTeX Font Info:    Trying to load font information for OT1+ptm on input line 1
69.

(C:\Users\micha\AppData\Local\Programs\MiKTeX\tex/latex/psnfss\ot1ptm.fd
File: ot1ptm.fd 2001/06/04 font definitions for OT1/ptm.
)
(C:\Users\micha\AppData\Local\Programs\MiKTeX\tex/latex/l3backend\l3backend-pdf
tex.def
File: l3backend-pdftex.def 2023-04-19 L3 backend support: PDF output (pdfTeX)
\l__color_backend_stack_int=\count296
\l__pdf_internal_box=\box58
) (Formatting-Instructions-LaTeX-2023_changed.aux)
\openout1 = `Formatting-Instructions-LaTeX-2023_changed.aux'.

LaTeX Font Info:    Checking defaults for OML/cmm/m/it on input line 169.
LaTeX Font Info:    ... okay on input line 169.
LaTeX Font Info:    Checking defaults for OMS/cmsy/m/n on input line 169.
LaTeX Font Info:    ... okay on input line 169.
LaTeX Font Info:    Checking defaults for OT1/cmr/m/n on input line 169.
LaTeX Font Info:    ... okay on input line 169.
LaTeX Font Info:    Checking defaults for T1/cmr/m/n on input line 169.
LaTeX Font Info:    ... okay on input line 169.
LaTeX Font Info:    Checking defaults for TS1/cmr/m/n on input line 169.
LaTeX Font Info:    ... okay on input line 169.
LaTeX Font Info:    Checking defaults for OMX/cmex/m/n on input line 169.
LaTeX Font Info:    ... okay on input line 169.
LaTeX Font Info:    Checking defaults for U/cmr/m/n on input line 169.
LaTeX Font Info:    ... okay on input line 169.

(C:\Users\micha\AppData\Local\Programs\MiKTeX\tex/context/base/mkii\supp-pdf.mk
ii
[Loading MPS to PDF converter (version 2006.09.02).]
\scratchcounter=\count297
\scratchdimen=\dimen178
\scratchbox=\box59
\nofMPsegments=\count298
\nofMParguments=\count299
\everyMPshowfont=\toks28
\MPscratchCnt=\count300
\MPscratchDim=\dimen179
\MPnumerator=\count301
\makeMPintoPDFobject=\count302
\everyMPtoPDFconversion=\toks29
)
(C:\Users\micha\AppData\Local\Programs\MiKTeX\tex/latex/epstopdf-pkg\epstopdf-b
ase.sty
Package: epstopdf-base 2020-01-24 v2.11 Base part for package epstopdf
Package epstopdf-base Info: Redefining graphics rule for `.eps' on input line 4
85.

(C:\Users\micha\AppData\Local\Programs\MiKTeX\tex/latex/00miktex\epstopdf-sys.c
fg
File: epstopdf-sys.cfg 2021/03/18 v2.0 Configuration of epstopdf for MiKTeX
))
Package caption Info: Begin \AtBeginDocument code.
Package caption Info: float package is loaded.
Package caption Info: listings package is loaded.
Package caption Info: threeparttable package is loaded.
Package caption Info: End \AtBeginDocument code.
Package newfloat Info: `float' package detected.
\c@lstlisting=\count303
\c@eqfn=\count304
\titlearea=\box60
LaTeX Font Info:    Trying to load font information for U+msa on input line 171
.
 (C:\Users\micha\AppData\Local\Programs\MiKTeX\tex/latex/amsfonts\umsa.fd
File: umsa.fd 2013/01/14 v3.01 AMS symbols A
)
LaTeX Font Info:    Trying to load font information for U+msb on input line 171
.

(C:\Users\micha\AppData\Local\Programs\MiKTeX\tex/latex/amsfonts\umsb.fd
File: umsb.fd 2013/01/14 v3.01 AMS symbols B
)
LaTeX Font Info:    Trying to load font information for OMS+ptm on input line 1
71.

(C:\Users\micha\AppData\Local\Programs\MiKTeX\tex/latex/psnfss\omsptm.fd
File: omsptm.fd 
)
LaTeX Font Info:    Font shape `OMS/ptm/m/n' in size <10> not available
(Font)              Font shape `OMS/cmsy/m/n' tried instead on input line 171.
\actualheight=\skip60
LaTeX Font Info:    Trying to load font information for TS1+ptm on input line 1
71.

(C:\Users\micha\AppData\Local\Programs\MiKTeX\tex/latex/psnfss\ts1ptm.fd
File: ts1ptm.fd 2001/06/04 font definitions for TS1/ptm.
)

Package natbib Warning: Citation `m32' on page 1 undefined on input line 180.


Package natbib Warning: Citation `t54' on page 1 undefined on input line 180.


Package natbib Warning: Citation `d25' on page 1 undefined on input line 180.


Package natbib Warning: Citation `d19' on page 1 undefined on input line 180.


Package natbib Warning: Citation `e0' on page 1 undefined on input line 180.


Package natbib Warning: Citation `m12' on page 1 undefined on input line 180.


Package natbib Warning: Citation `t38' on page 1 undefined on input line 180.


Package natbib Warning: Citation `lu2022bridging' on page 1 undefined on input 
line 180.


Package natbib Warning: Citation `t38' on page 1 undefined on input line 183.


Package natbib Warning: Citation `e1' on page 1 undefined on input line 183.


Package natbib Warning: Citation `p24' on page 1 undefined on input line 183.


Package natbib Warning: Citation `e2' on page 1 undefined on input line 183.


Package natbib Warning: Citation `w20' on page 1 undefined on input line 183.


Package natbib Warning: Citation `s43' on page 1 undefined on input line 183.


Package natbib Warning: Citation `s14' on page 1 undefined on input line 183.


Package natbib Warning: Citation `w5' on page 1 undefined on input line 183.


Package natbib Warning: Citation `v29' on page 1 undefined on input line 183.


Package natbib Warning: Citation `e2' on page 1 undefined on input line 183.


Package natbib Warning: Citation `e4' on page 1 undefined on input line 183.


Package natbib Warning: Citation `e5' on page 1 undefined on input line 183.


Package natbib Warning: Citation `zhu2021prototype' on page 1 undefined on inpu
t line 183.


Package natbib Warning: Citation `zhu2022self' on page 1 undefined on input lin
e 183.


Package natbib Warning: Citation `t23' on page 1 undefined on input line 183.


Package natbib Warning: Citation `t27' on page 1 undefined on input line 183.


Package natbib Warning: Citation `t33' on page 1 undefined on input line 183.


Package natbib Warning: Citation `t70' on page 1 undefined on input line 183.


Package natbib Warning: Citation `t47' on page 1 undefined on input line 183.


Package natbib Warning: Citation `t0' on page 1 undefined on input line 183.

<Figures/task_confuse.pdf, id=1, 539.01375pt x 145.54375pt>
File: Figures/task_confuse.pdf Graphic file (type pdf)
<use Figures/task_confuse.pdf>
Package pdftex.def Info: Figures/task_confuse.pdf  used on input line 189.
(pdftex.def)             Requested size: 242.82503pt x 65.56735pt.
<Figures/weight_bias.pdf, id=2, 845.1575pt x 464.73625pt>
File: Figures/weight_bias.pdf Graphic file (type pdf)
<use Figures/weight_bias.pdf>
Package pdftex.def Info: Figures/weight_bias.pdf  used on input line 195.
(pdftex.def)             Requested size: 126.47249pt x 69.54433pt.
<Figures/error_analyse.pdf, id=3, 362.35374pt x 254.9525pt>
File: Figures/error_analyse.pdf Graphic file (type pdf)
<use Figures/error_analyse.pdf>
Package pdftex.def Info: Figures/error_analyse.pdf  used on input line 201.
(pdftex.def)             Requested size: 101.17645pt x 71.1878pt.

Overfull \hbox (3.43065pt too wide) in paragraph at lines 187--205
 [][] 
 []

[1{C:/Users/micha/AppData/Local/MiKTeX/fonts/map/pdftex/pdftex.map}{C:/Users/mi
cha/AppData/Local/Programs/MiKTeX/fonts/enc/dvips/base/8r.enc}



 <./Figures/task_confuse.pdf> <./Figures/weight_bias.pdf> <./Figures/error_anal
yse.pdf>]

Package natbib Warning: Citation `v0' on page 2 undefined on input line 210.


Package natbib Warning: Citation `t69' on page 2 undefined on input line 210.


Package natbib Warning: Citation `t32' on page 2 undefined on input line 210.


Package natbib Warning: Citation `w20' on page 2 undefined on input line 210.


Package natbib Warning: Citation `t54' on page 2 undefined on input line 210.


Package natbib Warning: Citation `t19' on page 2 undefined on input line 210.


Package natbib Warning: Citation `min2020multi' on page 2 undefined on input li
ne 210.


Package natbib Warning: Citation `v0' on page 2 undefined on input line 210.


Package natbib Warning: Citation `v25' on page 2 undefined on input line 210.


Package natbib Warning: Citation `v25' on page 2 undefined on input line 210.


Package natbib Warning: Citation `t69' on page 2 undefined on input line 210.


Package natbib Warning: Citation `d39' on page 2 undefined on input line 210.


Package natbib Warning: Citation `d39' on page 2 undefined on input line 210.


Package natbib Warning: Citation `t23' on page 2 undefined on input line 210.


Package natbib Warning: Citation `t33' on page 2 undefined on input line 210.


Package natbib Warning: Citation `t67' on page 2 undefined on input line 210.


Package natbib Warning: Citation `t70' on page 2 undefined on input line 210.


Package natbib Warning: Citation `t70' on page 2 undefined on input line 210.


Package natbib Warning: Citation `d39' on page 2 undefined on input line 214.

<Figures/frame1.pdf, id=45, 846.16125pt x 398.48875pt>
File: Figures/frame1.pdf Graphic file (type pdf)
<use Figures/frame1.pdf>
Package pdftex.def Info: Figures/frame1.pdf  used on input line 222.
(pdftex.def)             Requested size: 430.00008pt x 182.11528pt.

Package natbib Warning: Citation `t38' on page 2 undefined on input line 232.


Package natbib Warning: Citation `e1' on page 2 undefined on input line 232.


Package natbib Warning: Citation `p24' on page 2 undefined on input line 232.


Package natbib Warning: Citation `w20' on page 2 undefined on input line 232.


Package natbib Warning: Citation `s43' on page 2 undefined on input line 232.


Package natbib Warning: Citation `s14' on page 2 undefined on input line 232.


Package natbib Warning: Citation `w5' on page 2 undefined on input line 232.


Package natbib Warning: Citation `v29' on page 2 undefined on input line 232.


Package natbib Warning: Citation `e2' on page 2 undefined on input line 232.


Package natbib Warning: Citation `t23' on page 2 undefined on input line 232.


Package natbib Warning: Citation `t27' on page 2 undefined on input line 232.


Package natbib Warning: Citation `t33' on page 2 undefined on input line 232.


Package natbib Warning: Citation `t70' on page 2 undefined on input line 232.


Package natbib Warning: Citation `t47' on page 2 undefined on input line 232.


Package natbib Warning: Citation `t0' on page 2 undefined on input line 232.


Package natbib Warning: Citation `t54' on page 2 undefined on input line 232.


Package natbib Warning: Citation `e3' on page 2 undefined on input line 232.


Package natbib Warning: Citation `e5' on page 2 undefined on input line 232.


Package natbib Warning: Citation `e4' on page 2 undefined on input line 232.


Underfull \hbox (badness 10000) in paragraph at lines 231--234
\OT1/ptm/b/n/10 Catastrophic For-get-ting. \OT1/ptm/m/n/10 Many re-searches hav
e
 []


Underfull \hbox (badness 3000) in paragraph at lines 231--234
\OT1/ptm/m/n/10 been car-ried out to over-come catas-trophic for-get-ting.
 []


Underfull \hbox (badness 3735) in paragraph at lines 231--234
\OT1/ptm/m/n/10 We can broadly clas-sify them into three cat-e-gories:
 []


Underfull \hbox (badness 10000) in paragraph at lines 231--234
\OT1/ptm/m/n/10 regularization-based (\OT1/ptm/b/n/10 ????\OT1/ptm/m/n/10 ), re
hearsal-based (\OT1/ptm/b/n/10 ?????\OT1/ptm/m/n/10 )
 []


Package natbib Warning: Citation `t23' on page 2 undefined on input line 235.


Package natbib Warning: Citation `t27' on page 2 undefined on input line 235.


Package natbib Warning: Citation `t33' on page 2 undefined on input line 235.


Package natbib Warning: Citation `t56' on page 2 undefined on input line 235.


Package natbib Warning: Citation `t11' on page 2 undefined on input line 235.


Package natbib Warning: Citation `t67' on page 2 undefined on input line 235.


Package natbib Warning: Citation `t70' on page 2 undefined on input line 235.


Package natbib Warning: Citation `t47' on page 2 undefined on input line 235.


Package natbib Warning: Citation `t0' on page 2 undefined on input line 235.


Package natbib Warning: Citation `r9' on page 2 undefined on input line 239.


Package natbib Warning: Citation `yang2022multi' on page 2 undefined on input l
ine 239.


Package natbib Warning: Citation `yang2022rd' on page 2 undefined on input line
 239.


Package natbib Warning: Citation `e14' on page 2 undefined on input line 239.


Package natbib Warning: Citation `w20' on page 2 undefined on input line 239.


Package natbib Warning: Citation `t54' on page 2 undefined on input line 239.


Package natbib Warning: Citation `w39' on page 2 undefined on input line 239.


Package natbib Warning: Citation `p24' on page 2 undefined on input line 239.


Package natbib Warning: Citation `t19' on page 2 undefined on input line 239.


Package natbib Warning: Citation `t32' on page 2 undefined on input line 239.

[2]

Package natbib Warning: Citation `p24' on page 3 undefined on input line 255.


Package natbib Warning: Citation `e2' on page 3 undefined on input line 255.


Package natbib Warning: Citation `w20' on page 3 undefined on input line 255.


Package natbib Warning: Citation `t54' on page 3 undefined on input line 255.

[3 <./Figures/frame1.pdf>]

Package natbib Warning: Citation `r23' on page 4 undefined on input line 294.


Underfull \hbox (badness 2452) in paragraph at lines 299--301
\OML/cmm/m/it/10 T$ \OT1/ptm/m/n/10 is the tem-per-a-ture scalar. $[]\OT1/cmr/m
/n/10 (\OML/cmm/m/it/10 x\OT1/cmr/m/n/10 )$ \OT1/ptm/m/n/10 is an el-e-ment of
 []


Underfull \hbox (badness 3838) in paragraph at lines 299--301
[][]\OT1/cmr/m/n/10 ([])$\OT1/ptm/m/n/10 , $[][]\OT1/cmr/m/n/10 ([]) = ([]([])\
OML/cmm/m/it/10 ; []  ; []\OT1/cmr/m/n/10 ([]))[]$ \OT1/ptm/m/n/10 rep-re-
 []


Package natbib Warning: Citation `t54' on page 4 undefined on input line 337.


Package natbib Warning: Citation `t32' on page 4 undefined on input line 337.


Package natbib Warning: Citation `t69' on page 4 undefined on input line 337.


Package natbib Warning: Citation `t52' on page 4 undefined on input line 337.


Package natbib Warning: Citation `d39' on page 4 undefined on input line 337.


Package natbib Warning: Citation `t19' on page 4 undefined on input line 337.


Package natbib Warning: Citation `t70' on page 4 undefined on input line 337.


Package natbib Warning: Citation `t0' on page 4 undefined on input line 337.


Package natbib Warning: Citation `t0' on page 4 undefined on input line 338.


Package natbib Warning: Citation `t52' on page 4 undefined on input line 338.


Package natbib Warning: Citation `t70' on page 4 undefined on input line 338.


Package natbib Warning: Citation `t0' on page 4 undefined on input line 338.


Package natbib Warning: Citation `t52' on page 4 undefined on input line 338.


Package natbib Warning: Citation `t70' on page 4 undefined on input line 338.


Package natbib Warning: Citation `d39' on page 4 undefined on input line 343.


Package natbib Warning: Citation `c0' on page 4 undefined on input line 364.


Package natbib Warning: Citation `c28' on page 4 undefined on input line 370.


Package natbib Warning: Citation `c0' on page 4 undefined on input line 370.


Package natbib Warning: Citation `e10' on page 4 undefined on input line 370.


Package natbib Warning: Citation `c0' on page 4 undefined on input line 370.


Package natbib Warning: Citation `e11' on page 4 undefined on input line 370.


Overfull \hbox (23.7952pt too wide) detected at line 375
[][][]
 []


Package natbib Warning: Citation `t70' on page 4 undefined on input line 384.


Package natbib Warning: Citation `e12' on page 4 undefined on input line 396.


Package natbib Warning: Citation `e15' on page 4 undefined on input line 396.


Underfull \hbox (badness 2790) in paragraph at lines 396--397
\OT1/ptm/m/n/10 Since fea-ture ex-trac-tion sub-networks are se-quen-tially
 []

[4]
<Figures/mix_pic.pdf, id=77, 845.1575pt x 241.90375pt>
File: Figures/mix_pic.pdf Graphic file (type pdf)
<use Figures/mix_pic.pdf>
Package pdftex.def Info: Figures/mix_pic.pdf  used on input line 403.
(pdftex.def)             Requested size: 505.89pt x 144.80008pt.


Package natbib Warning: Citation `e6' on page 5 undefined on input line 414.


Package natbib Warning: Citation `e7' on page 5 undefined on input line 414.


Package natbib Warning: Citation `t0' on page 5 undefined on input line 414.


Package natbib Warning: Citation `t70' on page 5 undefined on input line 414.


Package natbib Warning: Citation `t54' on page 5 undefined on input line 414.


Package natbib Warning: Citation `t19' on page 5 undefined on input line 414.


Package natbib Warning: Citation `t19' on page 5 undefined on input line 414.


Package natbib Warning: Citation `t32' on page 5 undefined on input line 414.


Package natbib Warning: Citation `t54' on page 5 undefined on input line 414.


Package natbib Warning: Citation `t70' on page 5 undefined on input line 414.


Package natbib Warning: Citation `t47' on page 5 undefined on input line 416.


Package natbib Warning: Citation `t70' on page 5 undefined on input line 416.


Package natbib Warning: Citation `e13' on page 5 undefined on input line 416.


Package natbib Warning: Citation `t54' on page 5 undefined on input line 416.


Package natbib Warning: Citation `t32' on page 5 undefined on input line 416.


Package natbib Warning: Citation `t54' on page 5 undefined on input line 438.


Package natbib Warning: Citation `w5' on page 5 undefined on input line 438.


Package natbib Warning: Citation `t69' on page 5 undefined on input line 438.


Package natbib Warning: Citation `t52' on page 5 undefined on input line 438.


Package natbib Warning: Citation `d39' on page 5 undefined on input line 438.


Package natbib Warning: Citation `t70' on page 5 undefined on input line 438.


Package natbib Warning: Citation `t0' on page 5 undefined on input line 438.


Underfull \hbox (badness 5908) in paragraph at lines 439--439
[]\OT1/ptm/m/n/10 Table 2: |Top-1 and top-5 ac-cu-racy com-par-i-son on
 []

[5]

Package natbib Warning: Citation `t54' on page 6 undefined on input line 468.


Package natbib Warning: Citation `t69' on page 6 undefined on input line 468.


Package natbib Warning: Citation `p24' on page 6 undefined on input line 468.


Package natbib Warning: Citation `d39' on page 6 undefined on input line 468.


Package natbib Warning: Citation `t70' on page 6 undefined on input line 468.


Package natbib Warning: Citation `p24' on page 6 undefined on input line 469.


Package natbib Warning: Citation `p24' on page 6 undefined on input line 469.


Package natbib Warning: Citation `t70' on page 6 undefined on input line 486.


Underfull \hbox (badness 1448) in paragraph at lines 491--493
\OT1/ptm/b/n/10 Non-Rehearsal Set-ting. \OT1/ptm/m/n/10 Ta-ble 3[] shows the re
-sults on
 []

LaTeX Font Info:    Trying to load font information for U+ding on input line 50
8.
(C:\Users\micha\AppData\Local\Programs\MiKTeX\tex/latex/bbding\uding.fd
File: Uding.fd 1996/02/01 v1.0 BBding font definitions
)

Package natbib Warning: Citation `e2' on page 6 undefined on input line 517.


Package natbib Warning: Citation `t38' on page 6 undefined on input line 517.

[6 <./Figures/mix_pic.pdf>]
No file Formatting-Instructions-LaTeX-2023_changed.bbl.

Underfull \hbox (badness 1205) in paragraph at lines 553--555
\OT1/ptm/m/n/10 iure.Quod to-tam se-qui re-rum volup-tat-i-bus pariatur rem
 []

[7]

Package natbib Warning: There were undefined citations.

[8

] (Formatting-Instructions-LaTeX-2023_changed.aux)
 ***********
LaTeX2e <2023-06-01> patch level 1
L3 programming layer <2023-08-29>
 ***********
 ) 
Here is how much of TeX's memory you used:
 7033 strings out of 475247
 114015 string characters out of 5757792
 1967801 words of memory out of 5000000
 28440 multiletter control sequences out of 15000+600000
 589639 words of font info for 107 fonts, out of 8000000 for 9000
 1141 hyphenation exceptions out of 8191
 57i,12n,65p,2205b,467s stack positions out of 10000i,1000n,20000p,200000b,200000s
 <C:\Users\micha\AppData\Local\MiKTeX\fonts/pk/ljfour/public/bbding/dpi600\bb
ding10.pk><C:/Users/micha/AppData/Local/Programs/MiKTeX/fonts/type1/public/amsf
onts/cm/cmbx10.pfb><C:/Users/micha/AppData/Local/Programs/MiKTeX/fonts/type1/pu
blic/amsfonts/cm/cmbx7.pfb><C:/Users/micha/AppData/Local/Programs/MiKTeX/fonts/
type1/public/amsfonts/cm/cmex10.pfb><C:/Users/micha/AppData/Local/Programs/MiKT
eX/fonts/type1/public/amsfonts/cmextra/cmex7.pfb><C:/Users/micha/AppData/Local/
Programs/MiKTeX/fonts/type1/public/amsfonts/cm/cmmi10.pfb><C:/Users/micha/AppDa
ta/Local/Programs/MiKTeX/fonts/type1/public/amsfonts/cm/cmmi5.pfb><C:/Users/mic
ha/AppData/Local/Programs/MiKTeX/fonts/type1/public/amsfonts/cm/cmmi7.pfb><C:/U
sers/micha/AppData/Local/Programs/MiKTeX/fonts/type1/public/amsfonts/cm/cmmib10
.pfb><C:/Users/micha/AppData/Local/Programs/MiKTeX/fonts/type1/public/amsfonts/
cmextra/cmmib7.pfb><C:/Users/micha/AppData/Local/Programs/MiKTeX/fonts/type1/pu
blic/amsfonts/cm/cmr10.pfb><C:/Users/micha/AppData/Local/Programs/MiKTeX/fonts/
type1/public/amsfonts/cm/cmr5.pfb><C:/Users/micha/AppData/Local/Programs/MiKTeX
/fonts/type1/public/amsfonts/cm/cmr7.pfb><C:/Users/micha/AppData/Local/Programs
/MiKTeX/fonts/type1/public/amsfonts/cm/cmsy10.pfb><C:/Users/micha/AppData/Local
/Programs/MiKTeX/fonts/type1/public/amsfonts/cm/cmsy5.pfb><C:/Users/micha/AppDa
ta/Local/Programs/MiKTeX/fonts/type1/public/amsfonts/cm/cmsy7.pfb><C:/Users/mic
ha/AppData/Local/Programs/MiKTeX/fonts/type1/public/amsfonts/symbols/msbm10.pfb
><C:/Users/micha/AppData/Local/Programs/MiKTeX/fonts/type1/urw/times/utmb8a.pfb
><C:/Users/micha/AppData/Local/Programs/MiKTeX/fonts/type1/urw/times/utmr8a.pfb
><C:/Users/micha/AppData/Local/Programs/MiKTeX/fonts/type1/urw/times/utmri8a.pf
b>
Output written on Formatting-Instructions-LaTeX-2023_changed.pdf (8 pages, 1710
981 bytes).
PDF statistics:
 180 PDF objects out of 1000 (max. 8388607)
 0 named destinations out of 1000 (max. 500000)
 26 words of extra memory for PDF output out of 10000 (max. 10000000)

