This is pdfTeX, Version 3.141592653-2.6-1.40.25 (MiKTeX 23.9) (preloaded format=pdflatex 2023.9.22)  30 MAR 2024 17:13
entering extended mode
 restricted \write18 enabled.
 %&-line parsing enabled.
**./AAAI21_changed.tex
(AAAI21_changed.tex
LaTeX2e <2023-06-01> patch level 1
L3 programming layer <2023-08-29>
(C:\Users\micha\AppData\Local\Programs\MiKTeX\tex/latex/base\article.cls
Document Class: article 2023/05/17 v1.4n Standard LaTeX document class
(C:\Users\micha\AppData\Local\Programs\MiKTeX\tex/latex/base\size10.clo
File: size10.clo 2023/05/17 v1.4n Standard LaTeX file (size option)
)
\c@part=\count185
\c@section=\count186
\c@subsection=\count187
\c@subsubsection=\count188
\c@paragraph=\count189
\c@subparagraph=\count190
\c@figure=\count191
\c@table=\count192
\abovecaptionskip=\skip48
\belowcaptionskip=\skip49
\bibindent=\dimen140
)
(aaai21.sty
Conference Style for AAAI for LaTeX 2e -- version for the AAAI-21 conference - 
MODIFIED
\titlebox=\skip50
) (C:\Users\micha\AppData\Local\Programs\MiKTeX\tex/latex/psnfss\times.sty
Package: times 2020/03/25 PSNFSS-v9.3 (SPQR) 
)
(C:\Users\micha\AppData\Local\Programs\MiKTeX\tex/latex/psnfss\helvet.sty
Package: helvet 2020/03/25 PSNFSS-v9.3 (WaS) 

(C:\Users\micha\AppData\Local\Programs\MiKTeX\tex/latex/graphics\keyval.sty
Package: keyval 2022/05/29 v1.15 key=value parser (DPC)
\KV@toks@=\toks17
))
(C:\Users\micha\AppData\Local\Programs\MiKTeX\tex/latex/psnfss\courier.sty
Package: courier 2020/03/25 PSNFSS-v9.3 (WaS) 
)
(C:\Users\micha\AppData\Local\Programs\MiKTeX\tex/latex/url\url.sty
\Urlmuskip=\muskip16
Package: url 2013/09/16  ver 3.4  Verb mode for urls, etc.
)
(C:\Users\micha\AppData\Local\Programs\MiKTeX\tex/latex/graphics\graphicx.sty
Package: graphicx 2021/09/16 v1.2d Enhanced LaTeX Graphics (DPC,SPQR)

(C:\Users\micha\AppData\Local\Programs\MiKTeX\tex/latex/graphics\graphics.sty
Package: graphics 2022/03/10 v1.4e Standard LaTeX Graphics (DPC,SPQR)

(C:\Users\micha\AppData\Local\Programs\MiKTeX\tex/latex/graphics\trig.sty
Package: trig 2021/08/11 v1.11 sin cos tan (DPC)
)
(C:\Users\micha\AppData\Local\Programs\MiKTeX\tex/latex/graphics-cfg\graphics.c
fg
File: graphics.cfg 2016/06/04 v1.11 sample graphics configuration
)
Package graphics Info: Driver file: pdftex.def on input line 107.

(C:\Users\micha\AppData\Local\Programs\MiKTeX\tex/latex/graphics-def\pdftex.def
File: pdftex.def 2022/09/22 v1.2b Graphics/color driver for pdftex
))
\Gin@req@height=\dimen141
\Gin@req@width=\dimen142
) (C:\Users\micha\AppData\Local\Programs\MiKTeX\tex/latex/natbib\natbib.sty
Package: natbib 2010/09/13 8.31b (PWD, AO)
\bibhang=\skip51
\bibsep=\skip52
LaTeX Info: Redefining \cite on input line 694.
\c@NAT@ctr=\count193
)
(C:\Users\micha\AppData\Local\Programs\MiKTeX\tex/latex/caption\caption.sty
Package: caption 2023/07/31 v3.6n Customizing captions (AR)

(C:\Users\micha\AppData\Local\Programs\MiKTeX\tex/latex/caption\caption3.sty
Package: caption3 2023/07/31 v2.4d caption3 kernel (AR)
\caption@tempdima=\dimen143
\captionmargin=\dimen144
\caption@leftmargin=\dimen145
\caption@rightmargin=\dimen146
\caption@width=\dimen147
\caption@indent=\dimen148
\caption@parindent=\dimen149
\caption@hangindent=\dimen150
Package caption Info: Standard document class detected.
)
\c@caption@flags=\count194
\c@continuedfloat=\count195
)
(C:\Users\micha\AppData\Local\Programs\MiKTeX\tex/latex/multirow\multirow.sty
Package: multirow 2021/03/15 v2.8 Span multiple rows of a table
\multirow@colwidth=\skip53
\multirow@cntb=\count196
\multirow@dima=\skip54
\bigstrutjot=\dimen151
)
(C:\Users\micha\AppData\Local\Programs\MiKTeX\tex/latex/amsfonts\amssymb.sty
Package: amssymb 2013/01/14 v3.01 AMS font symbols

(C:\Users\micha\AppData\Local\Programs\MiKTeX\tex/latex/amsfonts\amsfonts.sty
Package: amsfonts 2013/01/14 v3.01 Basic AMSFonts support
\@emptytoks=\toks18
\symAMSa=\mathgroup4
\symAMSb=\mathgroup5
LaTeX Font Info:    Redeclaring math symbol \hbar on input line 98.
LaTeX Font Info:    Overwriting math alphabet `\mathfrak' in version `bold'
(Font)                  U/euf/m/n --> U/euf/b/n on input line 106.
)) (C:\Users\micha\AppData\Local\Programs\MiKTeX\tex/latex/tools\bm.sty
Package: bm 2022/01/05 v1.2f Bold Symbol Support (DPC/FMi)
\symboldoperators=\mathgroup6
\symboldletters=\mathgroup7
\symboldsymbols=\mathgroup8
Package bm Info: No bold for \OMX/cmex/m/n, using \pmb.
Package bm Info: No bold for \U/msa/m/n, using \pmb.
Package bm Info: No bold for \U/msb/m/n, using \pmb.
LaTeX Font Info:    Redeclaring math alphabet \mathbf on input line 149.
)
(C:\Users\micha\AppData\Local\Programs\MiKTeX\tex/latex/subfigure\subfigure.sty
Package: subfigure 2002/07/30 v2.1.4 subfigure package
\subfigtopskip=\skip55
\subfigcapskip=\skip56
\subfigcaptopadj=\dimen152
\subfigbottomskip=\skip57
\subfigcapmargin=\dimen153
\subfiglabelskip=\skip58
\c@subfigure=\count197
\c@lofdepth=\count198
\c@subtable=\count199
\c@lotdepth=\count266
****************************************
* Local config file subfigure.cfg used *
****************************************

(C:\Users\micha\AppData\Local\Programs\MiKTeX\tex/latex/subfigure\subfigure.cfg
)
\subfig@top=\skip59
\subfig@bottom=\skip60
)
(C:\Users\micha\AppData\Local\Programs\MiKTeX\tex/latex/algorithms\algorithm.st
y
Package: algorithm 2009/08/24 v0.1 Document Style `algorithm' - floating enviro
nment
 (C:\Users\micha\AppData\Local\Programs\MiKTeX\tex/latex/float\float.sty
Package: float 2001/11/08 v1.3d Float enhancements (AL)
\c@float@type=\count267
\float@exts=\toks19
\float@box=\box51
\@float@everytoks=\toks20
\@floatcapt=\box52
)
(C:\Users\micha\AppData\Local\Programs\MiKTeX\tex/latex/base\ifthen.sty
Package: ifthen 2022/04/13 v1.1d Standard LaTeX ifthen package (DPC)
)
\@float@every@algorithm=\toks21
\c@algorithm=\count268
)
(C:\Users\micha\AppData\Local\Programs\MiKTeX\tex/latex/amsmath\amsmath.sty
Package: amsmath 2023/05/13 v2.17o AMS math features
\@mathmargin=\skip61

For additional information on amsmath, use the `?' option.
(C:\Users\micha\AppData\Local\Programs\MiKTeX\tex/latex/amsmath\amstext.sty
Package: amstext 2021/08/26 v2.01 AMS text

(C:\Users\micha\AppData\Local\Programs\MiKTeX\tex/latex/amsmath\amsgen.sty
File: amsgen.sty 1999/11/30 v2.0 generic functions
\@emptytoks=\toks22
\ex@=\dimen154
))
(C:\Users\micha\AppData\Local\Programs\MiKTeX\tex/latex/amsmath\amsbsy.sty
Package: amsbsy 1999/11/29 v1.2d Bold Symbols
LaTeX Info: Redefining \boldsymbol on input line 28.
\pmbraise@=\dimen155
)
(C:\Users\micha\AppData\Local\Programs\MiKTeX\tex/latex/amsmath\amsopn.sty
Package: amsopn 2022/04/08 v2.04 operator names
)
\inf@bad=\count269
LaTeX Info: Redefining \frac on input line 234.
\uproot@=\count270
\leftroot@=\count271
LaTeX Info: Redefining \overline on input line 399.
LaTeX Info: Redefining \colon on input line 410.
\classnum@=\count272
\DOTSCASE@=\count273
LaTeX Info: Redefining \ldots on input line 496.
LaTeX Info: Redefining \dots on input line 499.
LaTeX Info: Redefining \cdots on input line 620.
\Mathstrutbox@=\box53
\strutbox@=\box54
LaTeX Info: Redefining \big on input line 722.
LaTeX Info: Redefining \Big on input line 723.
LaTeX Info: Redefining \bigg on input line 724.
LaTeX Info: Redefining \Bigg on input line 725.
\big@size=\dimen156
LaTeX Font Info:    Redeclaring font encoding OML on input line 743.
LaTeX Font Info:    Redeclaring font encoding OMS on input line 744.
\macc@depth=\count274
LaTeX Info: Redefining \bmod on input line 905.
LaTeX Info: Redefining \pmod on input line 910.
LaTeX Info: Redefining \smash on input line 940.
LaTeX Info: Redefining \relbar on input line 970.
LaTeX Info: Redefining \Relbar on input line 971.
\c@MaxMatrixCols=\count275
\dotsspace@=\muskip17
\c@parentequation=\count276
\dspbrk@lvl=\count277
\tag@help=\toks23
\row@=\count278
\column@=\count279
\maxfields@=\count280
\andhelp@=\toks24
\eqnshift@=\dimen157
\alignsep@=\dimen158
\tagshift@=\dimen159
\tagwidth@=\dimen160
\totwidth@=\dimen161
\lineht@=\dimen162
\@envbody=\toks25
\multlinegap=\skip62
\multlinetaggap=\skip63
\mathdisplay@stack=\toks26
LaTeX Info: Redefining \[ on input line 2953.
LaTeX Info: Redefining \] on input line 2954.
)
(C:\Users\micha\AppData\Local\Programs\MiKTeX\tex/latex/algorithmicx\algpseudoc
ode.sty
Package: algpseudocode 

(C:\Users\micha\AppData\Local\Programs\MiKTeX\tex/latex/algorithmicx\algorithmi
cx.sty
Package: algorithmicx 2005/04/27 v1.2 Algorithmicx

Document Style algorithmicx 1.2 - a greatly improved `algorithmic' style
\c@ALG@line=\count281
\c@ALG@rem=\count282
\c@ALG@nested=\count283
\ALG@tlm=\skip64
\ALG@thistlm=\skip65
\c@ALG@Lnr=\count284
\c@ALG@blocknr=\count285
\c@ALG@storecount=\count286
\c@ALG@tmpcounter=\count287
\ALG@tmplength=\skip66
)
Document Style - pseudocode environments for use with the `algorithmicx' style
)
LaTeX Font Info:    Trying to load font information for OT1+ptm on input line 1
13.
 (C:\Users\micha\AppData\Local\Programs\MiKTeX\tex/latex/psnfss\ot1ptm.fd
File: ot1ptm.fd 2001/06/04 font definitions for OT1/ptm.
)
(C:\Users\micha\AppData\Local\Programs\MiKTeX\tex/latex/l3backend\l3backend-pdf
tex.def
File: l3backend-pdftex.def 2023-04-19 L3 backend support: PDF output (pdfTeX)
\l__color_backend_stack_int=\count288
\l__pdf_internal_box=\box55
) (AAAI21_changed.aux)
\openout1 = `AAAI21_changed.aux'.

LaTeX Font Info:    Checking defaults for OML/cmm/m/it on input line 113.
LaTeX Font Info:    ... okay on input line 113.
LaTeX Font Info:    Checking defaults for OMS/cmsy/m/n on input line 113.
LaTeX Font Info:    ... okay on input line 113.
LaTeX Font Info:    Checking defaults for OT1/cmr/m/n on input line 113.
LaTeX Font Info:    ... okay on input line 113.
LaTeX Font Info:    Checking defaults for T1/cmr/m/n on input line 113.
LaTeX Font Info:    ... okay on input line 113.
LaTeX Font Info:    Checking defaults for TS1/cmr/m/n on input line 113.
LaTeX Font Info:    ... okay on input line 113.
LaTeX Font Info:    Checking defaults for OMX/cmex/m/n on input line 113.
LaTeX Font Info:    ... okay on input line 113.
LaTeX Font Info:    Checking defaults for U/cmr/m/n on input line 113.
LaTeX Font Info:    ... okay on input line 113.

(C:\Users\micha\AppData\Local\Programs\MiKTeX\tex/context/base/mkii\supp-pdf.mk
ii
[Loading MPS to PDF converter (version 2006.09.02).]
\scratchcounter=\count289
\scratchdimen=\dimen163
\scratchbox=\box56
\nofMPsegments=\count290
\nofMParguments=\count291
\everyMPshowfont=\toks27
\MPscratchCnt=\count292
\MPscratchDim=\dimen164
\MPnumerator=\count293
\makeMPintoPDFobject=\count294
\everyMPtoPDFconversion=\toks28
)
(C:\Users\micha\AppData\Local\Programs\MiKTeX\tex/latex/epstopdf-pkg\epstopdf-b
ase.sty
Package: epstopdf-base 2020-01-24 v2.11 Base part for package epstopdf
Package epstopdf-base Info: Redefining graphics rule for `.eps' on input line 4
85.

(C:\Users\micha\AppData\Local\Programs\MiKTeX\tex/latex/00miktex\epstopdf-sys.c
fg
File: epstopdf-sys.cfg 2021/03/18 v2.0 Configuration of epstopdf for MiKTeX
))
Package caption Info: Begin \AtBeginDocument code.
Package caption Info: float package is loaded.
Package caption Info: subfigure package is loaded.
Package caption Info: End \AtBeginDocument code.
\titlearea=\box57
LaTeX Font Info:    Trying to load font information for U+msa on input line 116
.
 (C:\Users\micha\AppData\Local\Programs\MiKTeX\tex/latex/amsfonts\umsa.fd
File: umsa.fd 2013/01/14 v3.01 AMS symbols A
)
LaTeX Font Info:    Trying to load font information for U+msb on input line 116
.

(C:\Users\micha\AppData\Local\Programs\MiKTeX\tex/latex/amsfonts\umsb.fd
File: umsb.fd 2013/01/14 v3.01 AMS symbols B
)
LaTeX Font Info:    Trying to load font information for OMS+ptm on input line 1
16.

(C:\Users\micha\AppData\Local\Programs\MiKTeX\tex/latex/psnfss\omsptm.fd
File: omsptm.fd 
)
LaTeX Font Info:    Font shape `OMS/ptm/m/n' in size <10> not available
(Font)              Font shape `OMS/cmsy/m/n' tried instead on input line 116.
\actualheight=\skip67
LaTeX Font Info:    Trying to load font information for TS1+ptm on input line 1
16.

(C:\Users\micha\AppData\Local\Programs\MiKTeX\tex/latex/psnfss\ts1ptm.fd
File: ts1ptm.fd 2001/06/04 font definitions for TS1/ptm.
)
Underfull \vbox (badness 10000) detected at line 116
 []


Package natbib Warning: Citation `lehmann2015dbpedia' on page 1 undefined on in
put line 152.


Package natbib Warning: Citation `suchanek2007yago' on page 1 undefined on inpu
t line 152.


Package natbib Warning: Citation `bollacker2008freebase' on page 1 undefined on
 input line 153.


Package natbib Warning: Citation `cao2019unifying' on page 1 undefined on input
 line 155.


Package natbib Warning: Citation `huang2019knowledge' on page 1 undefined on in
put line 156.


Package natbib Warning: Citation `xiong2017explicit' on page 1 undefined on inp
ut line 157.


Package natbib Warning: Citation `bordes2013translating' on page 1 undefined on
 input line 172.


Package natbib Warning: Citation `hao2016joint' on page 1 undefined on input li
ne 175.


Package natbib Warning: Citation `chen2017multilingual' on page 1 undefined on 
input line 175.


Package natbib Warning: Citation `hao2017Iterative' on page 1 undefined on inpu
t line 175.


Package natbib Warning: Citation `sun2018bootstrapping' on page 1 undefined on 
input line 175.


Package natbib Warning: Citation `kipf2017semi' on page 1 undefined on input li
ne 176.


Package natbib Warning: Citation `wang2018cross' on page 1 undefined on input l
ine 179.


Package natbib Warning: Citation `wu2019relation' on page 1 undefined on input 
line 179.


Package natbib Warning: Citation `ye2019vectorized' on page 1 undefined on inpu
t line 179.


Package natbib Warning: Citation `sun2020knowledge' on page 1 undefined on inpu
t line 179.

<insight.png, id=1, 463.0098pt x 404.2302pt>
File: insight.png Graphic file (type png)
<use insight.png>
Package pdftex.def Info: insight.png  used on input line 186.
(pdftex.def)             Requested size: 191.51622pt x 167.20345pt.

Underfull \hbox (badness 1062) in paragraph at lines 194--194
\OT1/ptm/m/n/10 sume the en-ti-ties $\OML/cmm/m/it/10 Rome$\OT1/ptm/m/n/10 , $\
OML/cmm/m/it/10 Renaissance$\OT1/ptm/m/n/10 , $\OML/cmm/m/it/10 Florence$ \OT1/
ptm/m/n/10 and
 []


Package natbib Warning: Citation `xu2019cross' on page 1 undefined on input lin
e 200.


Package natbib Warning: Citation `wu2020neighborhood' on page 1 undefined on in
put line 200.

[1{C:/Users/micha/AppData/Local/MiKTeX/fonts/map/pdftex/pdftex.map}{C:/Users/mi
cha/AppData/Local/Programs/MiKTeX/fonts/enc/dvips/base/8r.enc}



 <./insight.png>]

LaTeX Warning: No positions in optional float specifier.
               Default added (so using `tbp') on input line 248.

<arc.pdf, id=16, 1366.10374pt x 483.8075pt>
File: arc.pdf Graphic file (type pdf)
<use arc.pdf>
Package pdftex.def Info: arc.pdf  used on input line 250.
(pdftex.def)             Requested size: 505.89pt x 179.161pt.

Package natbib Warning: Citation `bordes2013translating' on page 2 undefined on
 input line 263.


Package natbib Warning: Citation `chen2017multilingual' on page 2 undefined on 
input line 265.


Package natbib Warning: Citation `hao2017Iterative' on page 2 undefined on inpu
t line 268.


Package natbib Warning: Citation `sun2018bootstrapping' on page 2 undefined on 
input line 271.


Package natbib Warning: Citation `kipf2017semi' on page 2 undefined on input li
ne 276.


Package natbib Warning: Citation `wang2018cross' on page 2 undefined on input l
ine 279.


Package natbib Warning: Citation `wang2018cross' on page 2 undefined on input l
ine 279.


Package natbib Warning: Citation `wu2019jointly' on page 2 undefined on input l
ine 282.


Package natbib Warning: Citation `wu2019relation' on page 2 undefined on input 
line 284.


Package natbib Warning: Citation `sun2020knowledge' on page 2 undefined on inpu
t line 286.


Package natbib Warning: Citation `xu2019cross' on page 2 undefined on input lin
e 294.


Package natbib Warning: Citation `xu2019cross' on page 2 undefined on input lin
e 295.


Package natbib Warning: Citation `wu2020neighborhood' on page 2 undefined on in
put line 297.


Underfull \vbox (badness 2875) has occurred while \output is active []

 [2]

Package natbib Warning: Citation `xu2019cross' on page 3 undefined on input lin
e 385.


Package natbib Warning: Citation `wu2020neighborhood' on page 3 undefined on in
put line 385.


Package natbib Warning: Citation `srivastava2015highway' on page 3 undefined on
 input line 389.


Package natbib Warning: Citation `wu2020neighborhood' on page 3 undefined on in
put line 424.


Package natbib Warning: Citation `bordes2013translating' on page 3 undefined on
 input line 450.

[3 <./arc.pdf>]

Package natbib Warning: Citation `kingma2015adam' on page 4 undefined on input 
line 471.

[4]

Package natbib Warning: Citation `lehmann2015dbpedia' on page 5 undefined on in
put line 681.


Package natbib Warning: Citation `wu2019relation' on page 5 undefined on input 
line 686.


Package natbib Warning: Citation `sun2020knowledge' on page 5 undefined on inpu
t line 686.


Package natbib Warning: Citation `wu2020neighborhood' on page 5 undefined on in
put line 686.


Underfull \vbox (badness 1184) has occurred while \output is active []



Package natbib Warning: Citation `wu2020neighborhood' on page 5 undefined on in
put line 712.


LaTeX Warning: No positions in optional float specifier.
               Default added (so using `tbp') on input line 729.


Package natbib Warning: Citation `chen2017multilingual' on page 5 undefined on 
input line 737.


Package natbib Warning: Citation `hao2017Iterative' on page 5 undefined on inpu
t line 738.


Package natbib Warning: Citation `sun2018bootstrapping' on page 5 undefined on 
input line 739.


Package natbib Warning: Citation `lin2019guiding' on page 5 undefined on input 
line 740.


Package natbib Warning: Citation `pei2019semi' on page 5 undefined on input lin
e 741.


Package natbib Warning: Citation `wang2018cross' on page 5 undefined on input l
ine 743.


Package natbib Warning: Citation `li2019semi' on page 5 undefined on input line
 744.


Package natbib Warning: Citation `cao2019multi' on page 5 undefined on input li
ne 745.


Package natbib Warning: Citation `zhu2019neighborhood' on page 5 undefined on i
nput line 746.


Package natbib Warning: Citation `sun2020knowledge' on page 5 undefined on inpu
t line 747.


Package natbib Warning: Citation `xu2019cross' on page 5 undefined on input lin
e 749.


Package natbib Warning: Citation `wu2019relation' on page 5 undefined on input 
line 750.


Package natbib Warning: Citation `wu2019jointly' on page 5 undefined on input l
ine 751.


Package natbib Warning: Citation `wu2020neighborhood' on page 5 undefined on in
put line 752.


LaTeX Warning: No positions in optional float specifier.
               Default added (so using `tbp') on input line 761.


Package natbib Warning: Citation `sun2018bootstrapping' on page 5 undefined on 
input line 782.


Package natbib Warning: Citation `yang2020cotsae' on page 5 undefined on input 
line 782.


Package natbib Warning: Citation `chen2017multilingual' on page 5 undefined on 
input line 792.


Package natbib Warning: Citation `hao2017Iterative' on page 5 undefined on inpu
t line 793.


Package natbib Warning: Citation `sun2018bootstrapping' on page 5 undefined on 
input line 794.


Package natbib Warning: Citation `lin2019guiding' on page 5 undefined on input 
line 794.


Package natbib Warning: Citation `pei2019semi' on page 5 undefined on input lin
e 795.


Package natbib Warning: Citation `wang2018cross' on page 5 undefined on input l
ine 796.


Package natbib Warning: Citation `li2019semi' on page 5 undefined on input line
 797.


Package natbib Warning: Citation `cao2019multi' on page 5 undefined on input li
ne 797.


Package natbib Warning: Citation `zhu2019neighborhood' on page 5 undefined on i
nput line 798.


Package natbib Warning: Citation `sun2020knowledge' on page 5 undefined on inpu
t line 798.


Package natbib Warning: Citation `xu2019cross' on page 5 undefined on input lin
e 800.


Package natbib Warning: Citation `wu2019relation' on page 5 undefined on input 
line 800.


Package natbib Warning: Citation `wu2019jointly' on page 5 undefined on input l
ine 801.


Package natbib Warning: Citation `wu2020neighborhood' on page 5 undefined on in
put line 801.

[5]
<iter_zh_en.png, id=257, 280.1667pt x 215.8464pt>
File: iter_zh_en.png Graphic file (type png)
<use iter_zh_en.png>
Package pdftex.def Info: iter_zh_en.png  used on input line 844.
(pdftex.def)             Requested size: 110.28519pt x 84.96361pt.
<iter_ja_en.png, id=258, 285.9483pt x 227.1687pt>
File: iter_ja_en.png Graphic file (type png)
<use iter_ja_en.png>
Package pdftex.def Info: iter_ja_en.png  used on input line 847.
(pdftex.def)             Requested size: 110.28519pt x 87.61446pt.
<iter_fr_en.png, id=259, 285.9483pt x 223.5552pt>
File: iter_fr_en.png Graphic file (type png)
<use iter_fr_en.png>
Package pdftex.def Info: iter_fr_en.png  used on input line 850.
(pdftex.def)             Requested size: 110.28519pt x 86.22081pt.
<seed_zh_en.png, id=260, 281.1303pt x 209.583pt>
File: seed_zh_en.png Graphic file (type png)
<use seed_zh_en.png>
Package pdftex.def Info: seed_zh_en.png  used on input line 860.
(pdftex.def)             Requested size: 110.28519pt x 82.21672pt.
<seed_ja_en.png, id=261, 281.1303pt x 209.583pt>
File: seed_ja_en.png Graphic file (type png)
<use seed_ja_en.png>
Package pdftex.def Info: seed_ja_en.png  used on input line 863.
(pdftex.def)             Requested size: 110.28519pt x 82.21672pt.
<seed_fr_en.png, id=262, 281.1303pt x 209.3421pt>
File: seed_fr_en.png Graphic file (type png)
<use seed_fr_en.png>
Package pdftex.def Info: seed_fr_en.png  used on input line 866.
(pdftex.def)             Requested size: 110.28519pt x 82.12222pt.


Package natbib Warning: Citation `wu2019jointly' on page 6 undefined on input l
ine 924.


Package natbib Warning: Citation `wu2019jointly' on page 6 undefined on input l
ine 927.

[6]

Package natbib Warning: Citation `zhang2019multi' on page 7 undefined on input 
line 986.


Package natbib Warning: Citation `yang2019aligning' on page 7 undefined on inpu
t line 986.

No file AAAI21_changed.bbl.
[7 <./iter_zh_en.png> <./iter_ja_en.png> <./iter_fr_en.png> <./seed_zh_en.png> 
<./seed_ja_en.png> <./seed_fr_en.png>]

Package natbib Warning: There were undefined citations.

[8

] (AAAI21_changed.aux)
 ***********
LaTeX2e <2023-06-01> patch level 1
L3 programming layer <2023-08-29>
 ***********
 ) 
Here is how much of TeX's memory you used:
 5665 strings out of 475247
 91391 string characters out of 5757792
 1966801 words of memory out of 5000000
 27086 multiletter control sequences out of 15000+600000
 594233 words of font info for 119 fonts, out of 8000000 for 9000
 1141 hyphenation exceptions out of 8191
 57i,18n,65p,716b,427s stack positions out of 10000i,1000n,20000p,200000b,200000s
<C:/Users/micha/AppData/Local/Programs/MiKTeX/fonts/type1/public/amsfonts/cm/
cmex10.pfb><C:/Users/micha/AppData/Local/Programs/MiKTeX/fonts/type1/public/ams
fonts/cm/cmmi10.pfb><C:/Users/micha/AppData/Local/Programs/MiKTeX/fonts/type1/p
ublic/amsfonts/cm/cmmi5.pfb><C:/Users/micha/AppData/Local/Programs/MiKTeX/fonts
/type1/public/amsfonts/cm/cmmi7.pfb><C:/Users/micha/AppData/Local/Programs/MiKT
eX/fonts/type1/public/amsfonts/cm/cmmi8.pfb><C:/Users/micha/AppData/Local/Progr
ams/MiKTeX/fonts/type1/public/amsfonts/cm/cmmib10.pfb><C:/Users/micha/AppData/L
ocal/Programs/MiKTeX/fonts/type1/public/amsfonts/cm/cmr10.pfb><C:/Users/micha/A
ppData/Local/Programs/MiKTeX/fonts/type1/public/amsfonts/cm/cmr5.pfb><C:/Users/
micha/AppData/Local/Programs/MiKTeX/fonts/type1/public/amsfonts/cm/cmr7.pfb><C:
/Users/micha/AppData/Local/Programs/MiKTeX/fonts/type1/public/amsfonts/cm/cmr8.
pfb><C:/Users/micha/AppData/Local/Programs/MiKTeX/fonts/type1/public/amsfonts/c
m/cmsy10.pfb><C:/Users/micha/AppData/Local/Programs/MiKTeX/fonts/type1/public/a
msfonts/cm/cmsy5.pfb><C:/Users/micha/AppData/Local/Programs/MiKTeX/fonts/type1/
public/amsfonts/cm/cmsy7.pfb><C:/Users/micha/AppData/Local/Programs/MiKTeX/font
s/type1/public/amsfonts/symbols/msbm10.pfb><C:/Users/micha/AppData/Local/Progra
ms/MiKTeX/fonts/type1/public/amsfonts/symbols/msbm7.pfb><C:/Users/micha/AppData
/Local/Programs/MiKTeX/fonts/type1/urw/times/utmb8a.pfb><C:/Users/micha/AppData
/Local/Programs/MiKTeX/fonts/type1/urw/times/utmr8a.pfb><C:/Users/micha/AppData
/Local/Programs/MiKTeX/fonts/type1/urw/times/utmri8a.pfb>
Output written on AAAI21_changed.pdf (8 pages, 826400 bytes).
PDF statistics:
 354 PDF objects out of 1000 (max. 8388607)
 0 named destinations out of 1000 (max. 500000)
 41 words of extra memory for PDF output out of 10000 (max. 10000000)

