This is pdfTeX, Version 3.141592653-2.6-1.40.25 (MiKTeX 23.9) (preloaded format=pdflatex 2023.9.22)  30 MAR 2024 17:20
entering extended mode
 restricted \write18 enabled.
 %&-line parsing enabled.
**./main_changed.tex
(main_changed.tex
LaTeX2e <2023-06-01> patch level 1
L3 programming layer <2023-08-29>
(C:\Users\micha\AppData\Local\Programs\MiKTeX\tex/latex/base\article.cls
Document Class: article 2023/05/17 v1.4n Standard LaTeX document class
(C:\Users\micha\AppData\Local\Programs\MiKTeX\tex/latex/base\size10.clo
File: size10.clo 2023/05/17 v1.4n Standard LaTeX file (size option)
)
\c@part=\count185
\c@section=\count186
\c@subsection=\count187
\c@subsubsection=\count188
\c@paragraph=\count189
\c@subparagraph=\count190
\c@figure=\count191
\c@table=\count192
\abovecaptionskip=\skip48
\belowcaptionskip=\skip49
\bibindent=\dimen140
)
(aaai20.sty
Conference Style for AAAI for LaTeX 2e -- version for the AAAI-20 conference
\titlebox=\skip50
) (C:\Users\micha\AppData\Local\Programs\MiKTeX\tex/latex/psnfss\times.sty
Package: times 2020/03/25 PSNFSS-v9.3 (SPQR) 
)
(C:\Users\micha\AppData\Local\Programs\MiKTeX\tex/latex/psnfss\helvet.sty
Package: helvet 2020/03/25 PSNFSS-v9.3 (WaS) 

(C:\Users\micha\AppData\Local\Programs\MiKTeX\tex/latex/graphics\keyval.sty
Package: keyval 2022/05/29 v1.15 key=value parser (DPC)
\KV@toks@=\toks17
))
(C:\Users\micha\AppData\Local\Programs\MiKTeX\tex/latex/psnfss\courier.sty
Package: courier 2020/03/25 PSNFSS-v9.3 (WaS) 
)
(C:\Users\micha\AppData\Local\Programs\MiKTeX\tex/latex/url\url.sty
\Urlmuskip=\muskip16
Package: url 2013/09/16  ver 3.4  Verb mode for urls, etc.
)
(C:\Users\micha\AppData\Local\Programs\MiKTeX\tex/latex/graphics\graphicx.sty
Package: graphicx 2021/09/16 v1.2d Enhanced LaTeX Graphics (DPC,SPQR)

(C:\Users\micha\AppData\Local\Programs\MiKTeX\tex/latex/graphics\graphics.sty
Package: graphics 2022/03/10 v1.4e Standard LaTeX Graphics (DPC,SPQR)

(C:\Users\micha\AppData\Local\Programs\MiKTeX\tex/latex/graphics\trig.sty
Package: trig 2021/08/11 v1.11 sin cos tan (DPC)
)
(C:\Users\micha\AppData\Local\Programs\MiKTeX\tex/latex/graphics-cfg\graphics.c
fg
File: graphics.cfg 2016/06/04 v1.11 sample graphics configuration
)
Package graphics Info: Driver file: pdftex.def on input line 107.

(C:\Users\micha\AppData\Local\Programs\MiKTeX\tex/latex/graphics-def\pdftex.def
File: pdftex.def 2022/09/22 v1.2b Graphics/color driver for pdftex
))
\Gin@req@height=\dimen141
\Gin@req@width=\dimen142
)
(C:\Users\micha\AppData\Local\Programs\MiKTeX\tex/latex/amsfonts\amssymb.sty
Package: amssymb 2013/01/14 v3.01 AMS font symbols

(C:\Users\micha\AppData\Local\Programs\MiKTeX\tex/latex/amsfonts\amsfonts.sty
Package: amsfonts 2013/01/14 v3.01 Basic AMSFonts support
\@emptytoks=\toks18
\symAMSa=\mathgroup4
\symAMSb=\mathgroup5
LaTeX Font Info:    Redeclaring math symbol \hbar on input line 98.
LaTeX Font Info:    Overwriting math alphabet `\mathfrak' in version `bold'
(Font)                  U/euf/m/n --> U/euf/b/n on input line 106.
)) (C:\Users\micha\AppData\Local\Programs\MiKTeX\tex/latex/amsmath\amsmath.sty
Package: amsmath 2023/05/13 v2.17o AMS math features
\@mathmargin=\skip51

For additional information on amsmath, use the `?' option.
(C:\Users\micha\AppData\Local\Programs\MiKTeX\tex/latex/amsmath\amstext.sty
Package: amstext 2021/08/26 v2.01 AMS text

(C:\Users\micha\AppData\Local\Programs\MiKTeX\tex/latex/amsmath\amsgen.sty
File: amsgen.sty 1999/11/30 v2.0 generic functions
\@emptytoks=\toks19
\ex@=\dimen143
))
(C:\Users\micha\AppData\Local\Programs\MiKTeX\tex/latex/amsmath\amsbsy.sty
Package: amsbsy 1999/11/29 v1.2d Bold Symbols
\pmbraise@=\dimen144
)
(C:\Users\micha\AppData\Local\Programs\MiKTeX\tex/latex/amsmath\amsopn.sty
Package: amsopn 2022/04/08 v2.04 operator names
)
\inf@bad=\count193
LaTeX Info: Redefining \frac on input line 234.
\uproot@=\count194
\leftroot@=\count195
LaTeX Info: Redefining \overline on input line 399.
LaTeX Info: Redefining \colon on input line 410.
\classnum@=\count196
\DOTSCASE@=\count197
LaTeX Info: Redefining \ldots on input line 496.
LaTeX Info: Redefining \dots on input line 499.
LaTeX Info: Redefining \cdots on input line 620.
\Mathstrutbox@=\box51
\strutbox@=\box52
LaTeX Info: Redefining \big on input line 722.
LaTeX Info: Redefining \Big on input line 723.
LaTeX Info: Redefining \bigg on input line 724.
LaTeX Info: Redefining \Bigg on input line 725.
\big@size=\dimen145
LaTeX Font Info:    Redeclaring font encoding OML on input line 743.
LaTeX Font Info:    Redeclaring font encoding OMS on input line 744.
\macc@depth=\count198
LaTeX Info: Redefining \bmod on input line 905.
LaTeX Info: Redefining \pmod on input line 910.
LaTeX Info: Redefining \smash on input line 940.
LaTeX Info: Redefining \relbar on input line 970.
LaTeX Info: Redefining \Relbar on input line 971.
\c@MaxMatrixCols=\count199
\dotsspace@=\muskip17
\c@parentequation=\count266
\dspbrk@lvl=\count267
\tag@help=\toks20
\row@=\count268
\column@=\count269
\maxfields@=\count270
\andhelp@=\toks21
\eqnshift@=\dimen146
\alignsep@=\dimen147
\tagshift@=\dimen148
\tagwidth@=\dimen149
\totwidth@=\dimen150
\lineht@=\dimen151
\@envbody=\toks22
\multlinegap=\skip52
\multlinetaggap=\skip53
\mathdisplay@stack=\toks23
LaTeX Info: Redefining \[ on input line 2953.
LaTeX Info: Redefining \] on input line 2954.
)
(C:\Users\micha\AppData\Local\Programs\MiKTeX\tex/latex/multirow\multirow.sty
Package: multirow 2021/03/15 v2.8 Span multiple rows of a table
\multirow@colwidth=\skip54
\multirow@cntb=\count271
\multirow@dima=\skip55
\bigstrutjot=\dimen152
)
(C:\Users\micha\AppData\Local\Programs\MiKTeX\tex/latex/tools\bm.sty
Package: bm 2022/01/05 v1.2f Bold Symbol Support (DPC/FMi)
\symboldoperators=\mathgroup6
\symboldletters=\mathgroup7
\symboldsymbols=\mathgroup8
Package bm Info: No bold for \OMX/cmex/m/n, using \pmb.
Package bm Info: No bold for \U/msa/m/n, using \pmb.
Package bm Info: No bold for \U/msb/m/n, using \pmb.
LaTeX Font Info:    Redeclaring math alphabet \mathbf on input line 149.
)
(C:\Users\micha\AppData\Local\Programs\MiKTeX\tex/latex/bbm\bbm.sty
Package: bbm 1999/03/15 V 1.2 provides fonts for set symbols - TH
LaTeX Font Info:    Overwriting math alphabet `\mathbbm' in version `bold'
(Font)                  U/bbm/m/n --> U/bbm/bx/n on input line 33.
LaTeX Font Info:    Overwriting math alphabet `\mathbbmss' in version `bold'
(Font)                  U/bbmss/m/n --> U/bbmss/bx/n on input line 35.
)
(C:\Users\micha\AppData\Local\Programs\MiKTeX\tex/latex/algorithm2e\algorithm2e
.sty
Package: algorithm2e 2017/07/18 v5.2 algorithms environments
\c@AlgoLine=\count272
 (C:\Users\micha\AppData\Local\Programs\MiKTeX\tex/latex/base\ifthen.sty
Package: ifthen 2022/04/13 v1.1d Standard LaTeX ifthen package (DPC)
)
\algocf@hangindent=\skip56

(C:\Users\micha\AppData\Local\Programs\MiKTeX\tex/latex/ifoddpage\ifoddpage.sty
Package: ifoddpage 2022/10/18 v1.2 Conditionals for odd/even page detection
\c@checkoddpage=\count273
) (C:\Users\micha\AppData\Local\Programs\MiKTeX\tex/latex/tools\xspace.sty
Package: xspace 2014/10/28 v1.13 Space after command names (DPC,MH)
)
(C:\Users\micha\AppData\Local\Programs\MiKTeX\tex/latex/relsize\relsize.sty
Package: relsize 2013/03/29 ver 4.1
)
\skiptotal=\skip57
\skiplinenumber=\skip58
\skiprule=\skip59
\skiphlne=\skip60
\skiptext=\skip61
\skiplength=\skip62
\algomargin=\skip63
\skipalgocfslide=\skip64
\algowidth=\dimen153
\inoutsize=\dimen154
\inoutindent=\dimen155
\interspacetitleruled=\dimen156
\interspacealgoruled=\dimen157
\interspacetitleboxruled=\dimen158
\algocf@ruledwidth=\skip65
\algocf@inoutbox=\box53
\algocf@inputbox=\box54
\AlCapSkip=\skip66
\AlCapHSkip=\skip67
\algoskipindent=\skip68
\algocf@nlbox=\box55
\algocf@hangingbox=\box56
\algocf@untilbox=\box57
\algocf@skipuntil=\skip69
\algocf@capbox=\box58
\algocf@lcaptionbox=\skip70
\algoheightruledefault=\skip71
\algoheightrule=\skip72
\algotitleheightruledefault=\skip73
\algotitleheightrule=\skip74
\c@algocfline=\count274
\c@algocfproc=\count275
\c@algocf=\count276
\algocf@algoframe=\box59
\algocf@algobox=\box60
)
LaTeX Font Info:    Trying to load font information for OT1+ptm on input line 3
3.

(C:\Users\micha\AppData\Local\Programs\MiKTeX\tex/latex/psnfss\ot1ptm.fd
File: ot1ptm.fd 2001/06/04 font definitions for OT1/ptm.
)
(C:\Users\micha\AppData\Local\Programs\MiKTeX\tex/latex/l3backend\l3backend-pdf
tex.def
File: l3backend-pdftex.def 2023-04-19 L3 backend support: PDF output (pdfTeX)
\l__color_backend_stack_int=\count277
\l__pdf_internal_box=\box61
) (main_changed.aux)
\openout1 = `main_changed.aux'.

LaTeX Font Info:    Checking defaults for OML/cmm/m/it on input line 33.
LaTeX Font Info:    ... okay on input line 33.
LaTeX Font Info:    Checking defaults for OMS/cmsy/m/n on input line 33.
LaTeX Font Info:    ... okay on input line 33.
LaTeX Font Info:    Checking defaults for OT1/cmr/m/n on input line 33.
LaTeX Font Info:    ... okay on input line 33.
LaTeX Font Info:    Checking defaults for T1/cmr/m/n on input line 33.
LaTeX Font Info:    ... okay on input line 33.
LaTeX Font Info:    Checking defaults for TS1/cmr/m/n on input line 33.
LaTeX Font Info:    ... okay on input line 33.
LaTeX Font Info:    Checking defaults for OMX/cmex/m/n on input line 33.
LaTeX Font Info:    ... okay on input line 33.
LaTeX Font Info:    Checking defaults for U/cmr/m/n on input line 33.
LaTeX Font Info:    ... okay on input line 33.

(C:\Users\micha\AppData\Local\Programs\MiKTeX\tex/context/base/mkii\supp-pdf.mk
ii
[Loading MPS to PDF converter (version 2006.09.02).]
\scratchcounter=\count278
\scratchdimen=\dimen159
\scratchbox=\box62
\nofMPsegments=\count279
\nofMParguments=\count280
\everyMPshowfont=\toks24
\MPscratchCnt=\count281
\MPscratchDim=\dimen160
\MPnumerator=\count282
\makeMPintoPDFobject=\count283
\everyMPtoPDFconversion=\toks25
)
(C:\Users\micha\AppData\Local\Programs\MiKTeX\tex/latex/epstopdf-pkg\epstopdf-b
ase.sty
Package: epstopdf-base 2020-01-24 v2.11 Base part for package epstopdf
Package epstopdf-base Info: Redefining graphics rule for `.eps' on input line 4
85.

(C:\Users\micha\AppData\Local\Programs\MiKTeX\tex/latex/00miktex\epstopdf-sys.c
fg
File: epstopdf-sys.cfg 2021/03/18 v2.0 Configuration of epstopdf for MiKTeX
))
LaTeX Font Info:    Trying to load font information for U+msa on input line 35.

 (C:\Users\micha\AppData\Local\Programs\MiKTeX\tex/latex/amsfonts\umsa.fd
File: umsa.fd 2013/01/14 v3.01 AMS symbols A
)
LaTeX Font Info:    Trying to load font information for U+msb on input line 35.


(C:\Users\micha\AppData\Local\Programs\MiKTeX\tex/latex/amsfonts\umsb.fd
File: umsb.fd 2013/01/14 v3.01 AMS symbols B
)
LaTeX Font Info:    Trying to load font information for OMS+ptm on input line 3
5.

(C:\Users\micha\AppData\Local\Programs\MiKTeX\tex/latex/psnfss\omsptm.fd
File: omsptm.fd 
)
LaTeX Font Info:    Font shape `OMS/ptm/m/n' in size <10> not available
(Font)              Font shape `OMS/cmsy/m/n' tried instead on input line 35.
LaTeX Font Info:    Trying to load font information for TS1+ptm on input line 3
5.

(C:\Users\micha\AppData\Local\Programs\MiKTeX\tex/latex/psnfss\ts1ptm.fd
File: ts1ptm.fd 2001/06/04 font definitions for TS1/ptm.
)

LaTeX Warning: Citation `he2016deep' on page 1 undefined on input line 44.


LaTeX Warning: Citation `wu2016google' on page 1 undefined on input line 44.


LaTeX Warning: Citation `silver2017mastering' on page 1 undefined on input line
 44.


LaTeX Warning: Citation `yosinski2014transferable' on page 1 undefined on input
 line 44.


LaTeX Warning: Citation `french1999catastrophic' on page 1 undefined on input l
ine 47.


LaTeX Warning: Citation `mccloskey1989catastrophic' on page 1 undefined on inpu
t line 47.


LaTeX Warning: Citation `shin2017continual' on page 1 undefined on input line 5
5.


LaTeX Warning: Citation `kirkpatrick2017overcoming' on page 1 undefined on inpu
t line 55.


LaTeX Warning: Citation `ritter2018online' on page 1 undefined on input line 55
.


LaTeX Warning: Citation `terekhov2015knowledge' on page 1 undefined on input li
ne 56.


LaTeX Warning: Citation `rusu2016progressive' on page 1 undefined on input line
 56.


LaTeX Warning: Citation `ioffe2015batch' on page 1 undefined on input line 65.


LaTeX Warning: Citation `li2018learning' on page 1 undefined on input line 82.


LaTeX Warning: Citation `hinton2015distilling' on page 1 undefined on input lin
e 82.

[1{C:/Users/micha/AppData/Local/MiKTeX/fonts/map/pdftex/pdftex.map}{C:/Users/mi
cha/AppData/Local/Programs/MiKTeX/fonts/enc/dvips/base/8r.enc}



]

LaTeX Warning: Citation `lee2017overcoming' on page 2 undefined on input line 8
6.


LaTeX Warning: Citation `terekhov2015knowledge' on page 2 undefined on input li
ne 92.


LaTeX Warning: Citation `rusu2016progressive' on page 2 undefined on input line
 92.


LaTeX Warning: Citation `kirkpatrick2017overcoming' on page 2 undefined on inpu
t line 93.


LaTeX Warning: Citation `ritter2018online' on page 2 undefined on input line 93
.


LaTeX Warning: Citation `aljundi2018memory' on page 2 undefined on input line 9
4.


LaTeX Warning: Citation `zenke2017continual' on page 2 undefined on input line 
95.


LaTeX Warning: Citation `mallya2018packnet' on page 2 undefined on input line 9
6.


LaTeX Warning: Citation `rebuffi2017learning' on page 2 undefined on input line
 104.


LaTeX Warning: Citation `rosenfeld2018incremental' on page 2 undefined on input
 line 104.


LaTeX Warning: Citation `rebuffi2017learning' on page 2 undefined on input line
 107.


LaTeX Warning: Citation `rosenfeld2018incremental' on page 2 undefined on input
 line 108.



pdfTeX warning: pdflatex (file ./method.pdf): PDF inclusion: found PDF version 
<1.6>, but at most version <1.5> allowed
<method.pdf, id=9, 532.60681pt x 201.47974pt>
File: method.pdf Graphic file (type pdf)
<use method.pdf>
Package pdftex.def Info: method.pdf  used on input line 127.
(pdftex.def)             Requested size: 505.89pt x 191.37698pt.

LaTeX Warning: Citation `lee2017overcoming' on page 2 undefined on input line 1
38.

LaTeX Font Info:    Trying to load font information for U+bbm on input line 147
.
(C:\Users\micha\AppData\Local\Programs\MiKTeX\tex/latex/bbm\ubbm.fd
File: ubbm.fd 1999/03/15 V 1.2 Font definition for bbm font - TH
) [2]

LaTeX Warning: Citation `li2018learning' on page 3 undefined on input line 165.



LaTeX Warning: Citation `hinton2015distilling' on page 3 undefined on input lin
e 165.


LaTeX Warning: Citation `krogh1992simple' on page 3 undefined on input line 168
.


LaTeX Warning: Citation `he2016deep' on page 3 undefined on input line 175.


LaTeX Warning: Citation `he2016deep' on page 3 undefined on input line 177.

[3 <./method.pdf>]
Underfull \hbox (badness 1043) in paragraph at lines 222--225
\OT1/ptm/m/n/10 be the weight ten-sors of two con-vo-lu-tional lay-ers and
 []


LaTeX Warning: Citation `ioffe2015batch' on page 4 undefined on input line 226.



LaTeX Warning: Citation `BMVC2016_87' on page 4 undefined on input line 226.


LaTeX Warning: Citation `huang2017densely' on page 4 undefined on input line 22
6.


LaTeX Warning: Citation `chollet2017xception' on page 4 undefined on input line
 226.



pdfTeX warning: pdflatex (file ./arch.pdf): PDF inclusion: found PDF version <1
.6>, but at most version <1.5> allowed
<arch.pdf, id=51, 501.9507pt x 343.61293pt>
File: arch.pdf Graphic file (type pdf)
<use arch.pdf>
Package pdftex.def Info: arch.pdf  used on input line 236.
(pdftex.def)             Requested size: 239.39438pt x 163.87846pt.

LaTeX Warning: Citation `he2016identity' on page 4 undefined on input line 238.



LaTeX Warning: Citation `he2016identity' on page 4 undefined on input line 238.



LaTeX Warning: Citation `li2018learning' on page 4 undefined on input line 262.



LaTeX Warning: Citation `lee2017overcoming' on page 4 undefined on input line 2
62.


LaTeX Warning: Citation `li2018learning' on page 4 undefined on input line 282.



LaTeX Warning: Citation `lee2017overcoming' on page 4 undefined on input line 2
83.


LaTeX Warning: Citation `krizhevsky2009learning' on page 4 undefined on input l
ine 303.


LaTeX Warning: Citation `netzer2011reading' on page 4 undefined on input line 3
03.


LaTeX Warning: Citation `he2016identity' on page 4 undefined on input line 303.



LaTeX Warning: Citation `he2016identity' on page 4 undefined on input line 305.



LaTeX Warning: Citation `he2015delving' on page 4 undefined on input line 305.

[4 <./arch.pdf>]

LaTeX Warning: Citation `li2018learning' on page 5 undefined on input line 311.



LaTeX Warning: Citation `lee2017overcoming' on page 5 undefined on input line 3
11.


Underfull \vbox (badness 1248) has occurred while \output is active []

<stat.pdf, id=86, 515.8391pt x 150.5625pt>
File: stat.pdf Graphic file (type pdf)
<use stat.pdf>
Package pdftex.def Info: stat.pdf  used on input line 338.
(pdftex.def)             Requested size: 239.39438pt x 69.87527pt.
 [5 <./stat.pdf>]

LaTeX Warning: Citation `russakovsky2015imagenet' on page 6 undefined on input 
line 378.


LaTeX Warning: Citation `wah2011caltech' on page 6 undefined on input line 378.



LaTeX Warning: Citation `krizhevsky2012imagenet' on page 6 undefined on input l
ine 378.


LaTeX Warning: Citation `simonyan2014very' on page 6 undefined on input line 37
8.


LaTeX Warning: Citation `li2018learning' on page 6 undefined on input line 404.



LaTeX Warning: Citation `lee2017overcoming' on page 6 undefined on input line 4
04.



pdfTeX warning: pdflatex (file ./eval.pdf): PDF inclusion: found PDF version <1
.6>, but at most version <1.5> allowed
<eval.pdf, id=96, 455.16821pt x 154.00075pt>
File: eval.pdf Graphic file (type pdf)
<use eval.pdf>
Package pdftex.def Info: eval.pdf  used on input line 418.
(pdftex.def)             Requested size: 239.39438pt x 80.99728pt.

LaTeX Warning: Citation `li2018learning' on page 6 undefined on input line 463.



LaTeX Warning: Citation `li2018learning' on page 6 undefined on input line 491.



LaTeX Warning: Citation `lee2017overcoming' on page 6 undefined on input line 4
91.


LaTeX Warning: Citation `zeiler2014visualizing' on page 6 undefined on input li
ne 516.

[6 <./eval.pdf>]
<lambda.pdf, id=119, 564.1105pt x 212.29654pt>
File: lambda.pdf Graphic file (type pdf)
<use lambda.pdf>
Package pdftex.def Info: lambda.pdf  used on input line 523.
(pdftex.def)             Requested size: 239.39438pt x 90.09363pt.
<alpha.pdf, id=120, 520.00775pt x 197.98999pt>
File: alpha.pdf Graphic file (type pdf)
<use alpha.pdf>
Package pdftex.def Info: alpha.pdf  used on input line 533.
(pdftex.def)             Requested size: 239.39438pt x 91.149pt.

Underfull \hbox (badness 1308) in paragraph at lines 545--546
\OT1/ptm/m/n/10 We have pro-posed a novel con-tin-ual learn-ing method,
 []

[7 <./lambda.pdf> <./alpha.pdf>] [8

]
No file main_changed.bbl.
(main_changed.aux)
 ***********
LaTeX2e <2023-06-01> patch level 1
L3 programming layer <2023-08-29>
 ***********
 ) 
Here is how much of TeX's memory you used:
 4260 strings out of 475247
 66868 string characters out of 5757792
 1952801 words of memory out of 5000000
 25686 multiletter control sequences out of 15000+600000
 599454 words of font info for 137 fonts, out of 8000000 for 9000
 1141 hyphenation exceptions out of 8191
 57i,14n,65p,1840b,512s stack positions out of 10000i,1000n,20000p,200000b,200000s
 <C:\Users\micha\AppData\Local\MiKTeX\fonts/pk/ljfour/public/bbm/dpi600\bbmbx
9.pk> <C:\Users\micha\AppData\Local\MiKTeX\fonts/pk/ljfour/public/bbm/dpi600\bb
mbx10.pk><C:/Users/micha/AppData/Local/Programs/MiKTeX/fonts/type1/public/amsfo
nts/cm/cmbx9.pfb><C:/Users/micha/AppData/Local/Programs/MiKTeX/fonts/type1/publ
ic/amsfonts/cm/cmex10.pfb><C:/Users/micha/AppData/Local/Programs/MiKTeX/fonts/t
ype1/public/amsfonts/cm/cmmi10.pfb><C:/Users/micha/AppData/Local/Programs/MiKTe
X/fonts/type1/public/amsfonts/cm/cmmi5.pfb><C:/Users/micha/AppData/Local/Progra
ms/MiKTeX/fonts/type1/public/amsfonts/cm/cmmi6.pfb><C:/Users/micha/AppData/Loca
l/Programs/MiKTeX/fonts/type1/public/amsfonts/cm/cmmi7.pfb><C:/Users/micha/AppD
ata/Local/Programs/MiKTeX/fonts/type1/public/amsfonts/cm/cmmi9.pfb><C:/Users/mi
cha/AppData/Local/Programs/MiKTeX/fonts/type1/public/amsfonts/cm/cmmib10.pfb><C
:/Users/micha/AppData/Local/Programs/MiKTeX/fonts/type1/public/amsfonts/cmextra
/cmmib5.pfb><C:/Users/micha/AppData/Local/Programs/MiKTeX/fonts/type1/public/am
sfonts/cmextra/cmmib6.pfb><C:/Users/micha/AppData/Local/Programs/MiKTeX/fonts/t
ype1/public/amsfonts/cmextra/cmmib7.pfb><C:/Users/micha/AppData/Local/Programs/
MiKTeX/fonts/type1/public/amsfonts/cmextra/cmmib9.pfb><C:/Users/micha/AppData/L
ocal/Programs/MiKTeX/fonts/type1/public/amsfonts/cm/cmr10.pfb><C:/Users/micha/A
ppData/Local/Programs/MiKTeX/fonts/type1/public/amsfonts/cm/cmr6.pfb><C:/Users/
micha/AppData/Local/Programs/MiKTeX/fonts/type1/public/amsfonts/cm/cmr7.pfb><C:
/Users/micha/AppData/Local/Programs/MiKTeX/fonts/type1/public/amsfonts/cm/cmr9.
pfb><C:/Users/micha/AppData/Local/Programs/MiKTeX/fonts/type1/public/amsfonts/c
m/cmsy10.pfb><C:/Users/micha/AppData/Local/Programs/MiKTeX/fonts/type1/public/a
msfonts/cm/cmsy6.pfb><C:/Users/micha/AppData/Local/Programs/MiKTeX/fonts/type1/
public/amsfonts/cm/cmsy7.pfb><C:/Users/micha/AppData/Local/Programs/MiKTeX/font
s/type1/public/amsfonts/cm/cmsy9.pfb><C:/Users/micha/AppData/Local/Programs/MiK
TeX/fonts/type1/public/amsfonts/symbols/msbm10.pfb><C:/Users/micha/AppData/Loca
l/Programs/MiKTeX/fonts/type1/urw/times/utmb8a.pfb><C:/Users/micha/AppData/Loca
l/Programs/MiKTeX/fonts/type1/urw/times/utmr8a.pfb><C:/Users/micha/AppData/Loca
l/Programs/MiKTeX/fonts/type1/urw/times/utmri8a.pfb>
Output written on main_changed.pdf (8 pages, 623695 bytes).
PDF statistics:
 261 PDF objects out of 1000 (max. 8388607)
 0 named destinations out of 1000 (max. 500000)
 31 words of extra memory for PDF output out of 10000 (max. 10000000)

