This is pdfTeX, Version 3.141592653-2.6-1.40.25 (MiKTeX 23.9) (preloaded format=pdflatex 2023.9.22)  30 MAR 2024 16:16
entering extended mode
 restricted \write18 enabled.
 %&-line parsing enabled.
**./aaai23_changed.tex
(aaai23_changed.tex
LaTeX2e <2023-06-01> patch level 1
L3 programming layer <2023-08-29>
(C:\Users\micha\AppData\Local\Programs\MiKTeX\tex/latex/base\article.cls
Document Class: article 2023/05/17 v1.4n Standard LaTeX document class
(C:\Users\micha\AppData\Local\Programs\MiKTeX\tex/latex/base\size10.clo
File: size10.clo 2023/05/17 v1.4n Standard LaTeX file (size option)
)
\c@part=\count185
\c@section=\count186
\c@subsection=\count187
\c@subsubsection=\count188
\c@paragraph=\count189
\c@subparagraph=\count190
\c@figure=\count191
\c@table=\count192
\abovecaptionskip=\skip48
\belowcaptionskip=\skip49
\bibindent=\dimen140
)
(aaai23.sty
Package: aaai23 2023/06/27 AAAI 2023 Submission format

Conference Style for AAAI for LaTeX 2e -- version for submission
\titlebox=\skip50
) (C:\Users\micha\AppData\Local\Programs\MiKTeX\tex/latex/psnfss\times.sty
Package: times 2020/03/25 PSNFSS-v9.3 (SPQR) 
)
(C:\Users\micha\AppData\Local\Programs\MiKTeX\tex/latex/psnfss\helvet.sty
Package: helvet 2020/03/25 PSNFSS-v9.3 (WaS) 

(C:\Users\micha\AppData\Local\Programs\MiKTeX\tex/latex/graphics\keyval.sty
Package: keyval 2022/05/29 v1.15 key=value parser (DPC)
\KV@toks@=\toks17
))
(C:\Users\micha\AppData\Local\Programs\MiKTeX\tex/latex/psnfss\courier.sty
Package: courier 2020/03/25 PSNFSS-v9.3 (WaS) 
)
(C:\Users\micha\AppData\Local\Programs\MiKTeX\tex/latex/url\url.sty
\Urlmuskip=\muskip16
Package: url 2013/09/16  ver 3.4  Verb mode for urls, etc.
)
(C:\Users\micha\AppData\Local\Programs\MiKTeX\tex/latex/graphics\graphicx.sty
Package: graphicx 2021/09/16 v1.2d Enhanced LaTeX Graphics (DPC,SPQR)

(C:\Users\micha\AppData\Local\Programs\MiKTeX\tex/latex/graphics\graphics.sty
Package: graphics 2022/03/10 v1.4e Standard LaTeX Graphics (DPC,SPQR)

(C:\Users\micha\AppData\Local\Programs\MiKTeX\tex/latex/graphics\trig.sty
Package: trig 2021/08/11 v1.11 sin cos tan (DPC)
)
(C:\Users\micha\AppData\Local\Programs\MiKTeX\tex/latex/graphics-cfg\graphics.c
fg
File: graphics.cfg 2016/06/04 v1.11 sample graphics configuration
)
Package graphics Info: Driver file: pdftex.def on input line 107.

(C:\Users\micha\AppData\Local\Programs\MiKTeX\tex/latex/graphics-def\pdftex.def
File: pdftex.def 2022/09/22 v1.2b Graphics/color driver for pdftex
))
\Gin@req@height=\dimen141
\Gin@req@width=\dimen142
) (C:\Users\micha\AppData\Local\Programs\MiKTeX\tex/latex/natbib\natbib.sty
Package: natbib 2010/09/13 8.31b (PWD, AO)
\bibhang=\skip51
\bibsep=\skip52
LaTeX Info: Redefining \cite on input line 694.
\c@NAT@ctr=\count193
)
(C:\Users\micha\AppData\Local\Programs\MiKTeX\tex/latex/caption\caption.sty
Package: caption 2023/07/31 v3.6n Customizing captions (AR)

(C:\Users\micha\AppData\Local\Programs\MiKTeX\tex/latex/caption\caption3.sty
Package: caption3 2023/07/31 v2.4d caption3 kernel (AR)
\caption@tempdima=\dimen143
\captionmargin=\dimen144
\caption@leftmargin=\dimen145
\caption@rightmargin=\dimen146
\caption@width=\dimen147
\caption@indent=\dimen148
\caption@parindent=\dimen149
\caption@hangindent=\dimen150
Package caption Info: Standard document class detected.
)
\c@caption@flags=\count194
\c@continuedfloat=\count195
)
(C:\Users\micha\AppData\Local\Programs\MiKTeX\tex/latex/hyperref\hyperref.sty
Package: hyperref 2023-07-08 v7.01b Hypertext links for LaTeX

(C:\Users\micha\AppData\Local\Programs\MiKTeX\tex/generic/ltxcmds\ltxcmds.sty
Package: ltxcmds 2023-12-04 v1.26 LaTeX kernel commands for general use (HO)
)
(C:\Users\micha\AppData\Local\Programs\MiKTeX\tex/generic/iftex\iftex.sty
Package: iftex 2022/02/03 v1.0f TeX engine tests
)
(C:\Users\micha\AppData\Local\Programs\MiKTeX\tex/generic/pdftexcmds\pdftexcmds
.sty
Package: pdftexcmds 2020-06-27 v0.33 Utility functions of pdfTeX for LuaTeX (HO
)

(C:\Users\micha\AppData\Local\Programs\MiKTeX\tex/generic/infwarerr\infwarerr.s
ty
Package: infwarerr 2019/12/03 v1.5 Providing info/warning/error messages (HO)
)
Package pdftexcmds Info: \pdf@primitive is available.
Package pdftexcmds Info: \pdf@ifprimitive is available.
Package pdftexcmds Info: \pdfdraftmode found.
)
(C:\Users\micha\AppData\Local\Programs\MiKTeX\tex/latex/kvsetkeys\kvsetkeys.sty
Package: kvsetkeys 2022-10-05 v1.19 Key value parser (HO)
)
(C:\Users\micha\AppData\Local\Programs\MiKTeX\tex/generic/kvdefinekeys\kvdefine
keys.sty
Package: kvdefinekeys 2019-12-19 v1.6 Define keys (HO)
)
(C:\Users\micha\AppData\Local\Programs\MiKTeX\tex/generic/pdfescape\pdfescape.s
ty
Package: pdfescape 2019/12/09 v1.15 Implements pdfTeX's escape features (HO)
) (C:\Users\micha\AppData\Local\Programs\MiKTeX\tex/latex/hycolor\hycolor.sty
Package: hycolor 2020-01-27 v1.10 Color options for hyperref/bookmark (HO)
)
(C:\Users\micha\AppData\Local\Programs\MiKTeX\tex/latex/letltxmacro\letltxmacro
.sty
Package: letltxmacro 2019/12/03 v1.6 Let assignment for LaTeX macros (HO)
)
(C:\Users\micha\AppData\Local\Programs\MiKTeX\tex/latex/auxhook\auxhook.sty
Package: auxhook 2019-12-17 v1.6 Hooks for auxiliary files (HO)
)
(C:\Users\micha\AppData\Local\Programs\MiKTeX\tex/latex/hyperref\nameref.sty
Package: nameref 2023-08-07 v2.53 Cross-referencing by name of section

(C:\Users\micha\AppData\Local\Programs\MiKTeX\tex/latex/refcount\refcount.sty
Package: refcount 2019/12/15 v3.6 Data extraction from label references (HO)
)
(C:\Users\micha\AppData\Local\Programs\MiKTeX\tex/generic/gettitlestring\gettit
lestring.sty
Package: gettitlestring 2019/12/15 v1.6 Cleanup title references (HO)

(C:\Users\micha\AppData\Local\Programs\MiKTeX\tex/latex/kvoptions\kvoptions.sty
Package: kvoptions 2022-06-15 v3.15 Key value format for package options (HO)
))
\c@section@level=\count196
)
(C:\Users\micha\AppData\Local\Programs\MiKTeX\tex/latex/etoolbox\etoolbox.sty
Package: etoolbox 2020/10/05 v2.5k e-TeX tools for LaTeX (JAW)
\etb@tempcnta=\count197
)
\@linkdim=\dimen151
\Hy@linkcounter=\count198
\Hy@pagecounter=\count199

(C:\Users\micha\AppData\Local\Programs\MiKTeX\tex/latex/hyperref\pd1enc.def
File: pd1enc.def 2023-07-08 v7.01b Hyperref: PDFDocEncoding definition (HO)
Now handling font encoding PD1 ...
... no UTF-8 mapping file for font encoding PD1
)
(C:\Users\micha\AppData\Local\Programs\MiKTeX\tex/generic/intcalc\intcalc.sty
Package: intcalc 2019/12/15 v1.3 Expandable calculations with integers (HO)
)
\Hy@SavedSpaceFactor=\count266

(C:\Users\micha\AppData\Local\Programs\MiKTeX\tex/latex/hyperref\puenc.def
File: puenc.def 2023-07-08 v7.01b Hyperref: PDF Unicode definition (HO)
Now handling font encoding PU ...
... no UTF-8 mapping file for font encoding PU
)
Package hyperref Info: Hyper figures OFF on input line 4167.
Package hyperref Info: Link nesting OFF on input line 4172.
Package hyperref Info: Hyper index ON on input line 4175.
Package hyperref Info: Plain pages OFF on input line 4182.
Package hyperref Info: Backreferencing OFF on input line 4187.
Package hyperref Info: Implicit mode ON; LaTeX internals redefined.
Package hyperref Info: Bookmarks ON on input line 4434.
\c@Hy@tempcnt=\count267
LaTeX Info: Redefining \url on input line 4772.
\XeTeXLinkMargin=\dimen152

(C:\Users\micha\AppData\Local\Programs\MiKTeX\tex/generic/bitset\bitset.sty
Package: bitset 2019/12/09 v1.3 Handle bit-vector datatype (HO)

(C:\Users\micha\AppData\Local\Programs\MiKTeX\tex/generic/bigintcalc\bigintcalc
.sty
Package: bigintcalc 2019/12/15 v1.5 Expandable calculations on big integers (HO
)
))
\Fld@menulength=\count268
\Field@Width=\dimen153
\Fld@charsize=\dimen154
Package hyperref Info: Hyper figures OFF on input line 6051.
Package hyperref Info: Link nesting OFF on input line 6056.
Package hyperref Info: Hyper index ON on input line 6059.
Package hyperref Info: backreferencing OFF on input line 6066.
Package hyperref Info: Link coloring OFF on input line 6071.
Package hyperref Info: Link coloring with OCG OFF on input line 6076.
Package hyperref Info: PDF/A mode OFF on input line 6081.

(C:\Users\micha\AppData\Local\Programs\MiKTeX\tex/latex/base\atbegshi-ltx.sty
Package: atbegshi-ltx 2021/01/10 v1.0c Emulation of the original atbegshi
package with kernel methods
)
\Hy@abspage=\count269
\c@Item=\count270
\c@Hfootnote=\count271
)
Package hyperref Info: Driver (autodetected): hpdftex.
(C:\Users\micha\AppData\Local\Programs\MiKTeX\tex/latex/hyperref\hpdftex.def
File: hpdftex.def 2023-07-08 v7.01b Hyperref driver for pdfTeX

(C:\Users\micha\AppData\Local\Programs\MiKTeX\tex/latex/base\atveryend-ltx.sty
Package: atveryend-ltx 2020/08/19 v1.0a Emulation of the original atveryend pac
kage
with kernel methods
)
\Fld@listcount=\count272
\c@bookmark@seq@number=\count273

(C:\Users\micha\AppData\Local\Programs\MiKTeX\tex/latex/rerunfilecheck\rerunfil
echeck.sty
Package: rerunfilecheck 2022-07-10 v1.10 Rerun checks for auxiliary files (HO)

(C:\Users\micha\AppData\Local\Programs\MiKTeX\tex/generic/uniquecounter\uniquec
ounter.sty
Package: uniquecounter 2019/12/15 v1.4 Provide unlimited unique counter (HO)
)
Package uniquecounter Info: New unique counter `rerunfilecheck' on input line 2
85.
)
\Hy@SectionHShift=\skip53
)
(C:\Users\micha\AppData\Local\Programs\MiKTeX\tex/latex/tools\xr.sty
Package: xr 2020-05-10 v5.06 eXternal References (DPC)
)
(C:\Users\micha\AppData\Local\Programs\MiKTeX\tex/latex/threeparttable\threepar
ttable.sty
Package: threeparttable 2003/06/13  v 3.0
\@tempboxb=\box51
)
(C:\Users\micha\AppData\Local\Programs\MiKTeX\tex/latex/bbding\bbding.sty
Package: bbding 1999/04/15 v1.01 Dingbats symbols
)
(C:\Users\micha\AppData\Local\Programs\MiKTeX\tex/latex/tools\bm.sty
Package: bm 2022/01/05 v1.2f Bold Symbol Support (DPC/FMi)
\symboldoperators=\mathgroup4
\symboldletters=\mathgroup5
\symboldsymbols=\mathgroup6
Package bm Info: No bold for \OMX/cmex/m/n, using \pmb.
LaTeX Font Info:    Redeclaring math alphabet \mathbf on input line 149.
)
(C:\Users\micha\AppData\Local\Programs\MiKTeX\tex/latex/amsfonts\amssymb.sty
Package: amssymb 2013/01/14 v3.01 AMS font symbols

(C:\Users\micha\AppData\Local\Programs\MiKTeX\tex/latex/amsfonts\amsfonts.sty
Package: amsfonts 2013/01/14 v3.01 Basic AMSFonts support
\@emptytoks=\toks18
\symAMSa=\mathgroup7
\symAMSb=\mathgroup8
LaTeX Font Info:    Redeclaring math symbol \hbar on input line 98.
LaTeX Font Info:    Overwriting math alphabet `\mathfrak' in version `bold'
(Font)                  U/euf/m/n --> U/euf/b/n on input line 106.
)) (C:\Users\micha\AppData\Local\Programs\MiKTeX\tex/latex/amsmath\amsmath.sty
Package: amsmath 2023/05/13 v2.17o AMS math features
\@mathmargin=\skip54

For additional information on amsmath, use the `?' option.
(C:\Users\micha\AppData\Local\Programs\MiKTeX\tex/latex/amsmath\amstext.sty
Package: amstext 2021/08/26 v2.01 AMS text

(C:\Users\micha\AppData\Local\Programs\MiKTeX\tex/latex/amsmath\amsgen.sty
File: amsgen.sty 1999/11/30 v2.0 generic functions
\@emptytoks=\toks19
\ex@=\dimen155
))
(C:\Users\micha\AppData\Local\Programs\MiKTeX\tex/latex/amsmath\amsbsy.sty
Package: amsbsy 1999/11/29 v1.2d Bold Symbols
LaTeX Info: Redefining \boldsymbol on input line 28.
\pmbraise@=\dimen156
)
(C:\Users\micha\AppData\Local\Programs\MiKTeX\tex/latex/amsmath\amsopn.sty
Package: amsopn 2022/04/08 v2.04 operator names
)
\inf@bad=\count274
LaTeX Info: Redefining \frac on input line 234.
\uproot@=\count275
\leftroot@=\count276
LaTeX Info: Redefining \overline on input line 399.
LaTeX Info: Redefining \colon on input line 410.
\classnum@=\count277
\DOTSCASE@=\count278
LaTeX Info: Redefining \ldots on input line 496.
LaTeX Info: Redefining \dots on input line 499.
LaTeX Info: Redefining \cdots on input line 620.
\Mathstrutbox@=\box52
\strutbox@=\box53
LaTeX Info: Redefining \big on input line 722.
LaTeX Info: Redefining \Big on input line 723.
LaTeX Info: Redefining \bigg on input line 724.
LaTeX Info: Redefining \Bigg on input line 725.
\big@size=\dimen157
LaTeX Font Info:    Redeclaring font encoding OML on input line 743.
LaTeX Font Info:    Redeclaring font encoding OMS on input line 744.
\macc@depth=\count279
LaTeX Info: Redefining \bmod on input line 905.
LaTeX Info: Redefining \pmod on input line 910.
LaTeX Info: Redefining \smash on input line 940.
LaTeX Info: Redefining \relbar on input line 970.
LaTeX Info: Redefining \Relbar on input line 971.
\c@MaxMatrixCols=\count280
\dotsspace@=\muskip17
\c@parentequation=\count281
\dspbrk@lvl=\count282
\tag@help=\toks20
\row@=\count283
\column@=\count284
\maxfields@=\count285
\andhelp@=\toks21
\eqnshift@=\dimen158
\alignsep@=\dimen159
\tagshift@=\dimen160
\tagwidth@=\dimen161
\totwidth@=\dimen162
\lineht@=\dimen163
\@envbody=\toks22
\multlinegap=\skip55
\multlinetaggap=\skip56
\mathdisplay@stack=\toks23
LaTeX Info: Redefining \[ on input line 2953.
LaTeX Info: Redefining \] on input line 2954.
)
(C:\Users\micha\AppData\Local\Programs\MiKTeX\tex/latex/caption\subcaption.sty
Package: subcaption 2023/07/28 v1.6b Sub-captions (AR)
Package caption Info: New subtype `subfigure' on input line 238.
\c@subfigure=\count286
Package caption Info: New subtype `subtable' on input line 238.
\c@subtable=\count287
)
(C:\Users\micha\AppData\Local\Programs\MiKTeX\tex/latex/adjustbox\adjustbox.sty
Package: adjustbox 2022/10/17 v1.3a Adjusting TeX boxes (trim, clip, ...)
(C:\Users\micha\AppData\Local\Programs\MiKTeX\tex/latex/xkeyval\xkeyval.sty
Package: xkeyval 2022/06/16 v2.9 package option processing (HA)

(C:\Users\micha\AppData\Local\Programs\MiKTeX\tex/generic/xkeyval\xkeyval.tex
(C:\Users\micha\AppData\Local\Programs\MiKTeX\tex/generic/xkeyval\xkvutils.tex
\XKV@toks=\toks24
\XKV@tempa@toks=\toks25
)
\XKV@depth=\count288
File: xkeyval.tex 2014/12/03 v2.7a key=value parser (HA)
))
(C:\Users\micha\AppData\Local\Programs\MiKTeX\tex/latex/adjustbox\adjcalc.sty
Package: adjcalc 2012/05/16 v1.1 Provides advanced setlength with multiple back
-ends (calc, etex, pgfmath)
)
(C:\Users\micha\AppData\Local\Programs\MiKTeX\tex/latex/adjustbox\trimclip.sty
Package: trimclip 2020/08/19 v1.2 Trim and clip general TeX material

(C:\Users\micha\AppData\Local\Programs\MiKTeX\tex/latex/collectbox\collectbox.s
ty
Package: collectbox 2022/10/17 v0.4c Collect macro arguments as boxes
\collectedbox=\box54
)
\tc@llx=\dimen164
\tc@lly=\dimen165
\tc@urx=\dimen166
\tc@ury=\dimen167
Package trimclip Info: Using driver 'tc-pdftex.def'.

(C:\Users\micha\AppData\Local\Programs\MiKTeX\tex/latex/adjustbox\tc-pdftex.def
File: tc-pdftex.def 2019/01/04 v2.2 Clipping driver for pdftex
))
\adjbox@Width=\dimen168
\adjbox@Height=\dimen169
\adjbox@Depth=\dimen170
\adjbox@Totalheight=\dimen171
\adjbox@pwidth=\dimen172
\adjbox@pheight=\dimen173
\adjbox@pdepth=\dimen174
\adjbox@ptotalheight=\dimen175

(C:\Users\micha\AppData\Local\Programs\MiKTeX\tex/latex/ifoddpage\ifoddpage.sty
Package: ifoddpage 2022/10/18 v1.2 Conditionals for odd/even page detection
\c@checkoddpage=\count289
) (C:\Users\micha\AppData\Local\Programs\MiKTeX\tex/latex/varwidth\varwidth.sty
Package: varwidth 2009/03/30 ver 0.92;  Variable-width minipages
\@vwid@box=\box55
\sift@deathcycles=\count290
\@vwid@loff=\dimen176
\@vwid@roff=\dimen177
))
(C:\Users\micha\AppData\Local\Programs\MiKTeX\tex/latex/booktabs\booktabs.sty
Package: booktabs 2020/01/12 v1.61803398 Publication quality tables
\heavyrulewidth=\dimen178
\lightrulewidth=\dimen179
\cmidrulewidth=\dimen180
\belowrulesep=\dimen181
\belowbottomsep=\dimen182
\aboverulesep=\dimen183
\abovetopsep=\dimen184
\cmidrulesep=\dimen185
\cmidrulekern=\dimen186
\defaultaddspace=\dimen187
\@cmidla=\count291
\@cmidlb=\count292
\@aboverulesep=\dimen188
\@belowrulesep=\dimen189
\@thisruleclass=\count293
\@lastruleclass=\count294
\@thisrulewidth=\dimen190
)
(C:\Users\micha\AppData\Local\Programs\MiKTeX\tex/latex/multirow\multirow.sty
Package: multirow 2021/03/15 v2.8 Span multiple rows of a table
\multirow@colwidth=\skip57
\multirow@cntb=\count295
\multirow@dima=\skip58
\bigstrutjot=\dimen191
)
LaTeX Font Info:    Trying to load font information for OT1+ptm on input line 1
16.

(C:\Users\micha\AppData\Local\Programs\MiKTeX\tex/latex/psnfss\ot1ptm.fd
File: ot1ptm.fd 2001/06/04 font definitions for OT1/ptm.
)
(C:\Users\micha\AppData\Local\Programs\MiKTeX\tex/latex/l3backend\l3backend-pdf
tex.def
File: l3backend-pdftex.def 2023-04-19 L3 backend support: PDF output (pdfTeX)
\l__color_backend_stack_int=\count296
\l__pdf_internal_box=\box56
) (aaai23_changed.aux)
\openout1 = `aaai23_changed.aux'.

LaTeX Font Info:    Checking defaults for OML/cmm/m/it on input line 116.
LaTeX Font Info:    ... okay on input line 116.
LaTeX Font Info:    Checking defaults for OMS/cmsy/m/n on input line 116.
LaTeX Font Info:    ... okay on input line 116.
LaTeX Font Info:    Checking defaults for OT1/cmr/m/n on input line 116.
LaTeX Font Info:    ... okay on input line 116.
LaTeX Font Info:    Checking defaults for T1/cmr/m/n on input line 116.
LaTeX Font Info:    ... okay on input line 116.
LaTeX Font Info:    Checking defaults for TS1/cmr/m/n on input line 116.
LaTeX Font Info:    ... okay on input line 116.
LaTeX Font Info:    Checking defaults for OMX/cmex/m/n on input line 116.
LaTeX Font Info:    ... okay on input line 116.
LaTeX Font Info:    Checking defaults for U/cmr/m/n on input line 116.
LaTeX Font Info:    ... okay on input line 116.
LaTeX Font Info:    Checking defaults for PD1/pdf/m/n on input line 116.
LaTeX Font Info:    ... okay on input line 116.
LaTeX Font Info:    Checking defaults for PU/pdf/m/n on input line 116.
LaTeX Font Info:    ... okay on input line 116.

(C:\Users\micha\AppData\Local\Programs\MiKTeX\tex/context/base/mkii\supp-pdf.mk
ii
[Loading MPS to PDF converter (version 2006.09.02).]
\scratchcounter=\count297
\scratchdimen=\dimen192
\scratchbox=\box57
\nofMPsegments=\count298
\nofMParguments=\count299
\everyMPshowfont=\toks26
\MPscratchCnt=\count300
\MPscratchDim=\dimen193
\MPnumerator=\count301
\makeMPintoPDFobject=\count302
\everyMPtoPDFconversion=\toks27
)
(C:\Users\micha\AppData\Local\Programs\MiKTeX\tex/latex/epstopdf-pkg\epstopdf-b
ase.sty
Package: epstopdf-base 2020-01-24 v2.11 Base part for package epstopdf
Package epstopdf-base Info: Redefining graphics rule for `.eps' on input line 4
85.

(C:\Users\micha\AppData\Local\Programs\MiKTeX\tex/latex/00miktex\epstopdf-sys.c
fg
File: epstopdf-sys.cfg 2021/03/18 v2.0 Configuration of epstopdf for MiKTeX
))
Package caption Info: Begin \AtBeginDocument code.
Package caption Info: hyperref package is loaded.
Package caption Info: threeparttable package is loaded.
Package caption Info: End \AtBeginDocument code.
Package hyperref Info: Link coloring OFF on input line 116.
 (aaai23_changed.out) (aaai23_changed.out)
\@outlinefile=\write3
\openout3 = `aaai23_changed.out'.

\c@eqfn=\count303
\titlearea=\box58
LaTeX Font Info:    Trying to load font information for U+msa on input line 119
.

(C:\Users\micha\AppData\Local\Programs\MiKTeX\tex/latex/amsfonts\umsa.fd
File: umsa.fd 2013/01/14 v3.01 AMS symbols A
)
LaTeX Font Info:    Trying to load font information for U+msb on input line 119
.

(C:\Users\micha\AppData\Local\Programs\MiKTeX\tex/latex/amsfonts\umsb.fd
File: umsb.fd 2013/01/14 v3.01 AMS symbols B
)
LaTeX Font Info:    Trying to load font information for OMS+ptm on input line 1
19.

(C:\Users\micha\AppData\Local\Programs\MiKTeX\tex/latex/psnfss\omsptm.fd
File: omsptm.fd 
)
LaTeX Font Info:    Font shape `OMS/ptm/m/n' in size <10> not available
(Font)              Font shape `OMS/cmsy/m/n' tried instead on input line 119.
\actualheight=\skip59
LaTeX Font Info:    Trying to load font information for TS1+ptm on input line 1
19.

(C:\Users\micha\AppData\Local\Programs\MiKTeX\tex/latex/psnfss\ts1ptm.fd
File: ts1ptm.fd 2001/06/04 font definitions for TS1/ptm.
)

pdfTeX warning: pdflatex (file ./images/teaser5.pdf): PDF inclusion: found PDF 
version <1.7>, but at most version <1.5> allowed
<images/teaser5.pdf, id=76, page=6, 347.1369pt x 267.51944pt>
File: images/teaser5.pdf Graphic file (type pdf)
<use images/teaser5.pdf, page 6>
Package pdftex.def Info: images/teaser5.pdf , page6 used on input line 142.
(pdftex.def)             Requested size: 239.39438pt x 184.49063pt.

Package natbib Warning: Citation `lesa' on page 1 undefined on input line 149.


Package natbib Warning: Citation `ganmlzsl' on page 1 undefined on input line 1
49.


Package natbib Warning: Citation `zssdl' on page 1 undefined on input line 149.



Package natbib Warning: Citation `biam' on page 1 undefined on input line 149.


Package natbib Warning: Citation `fast0tag' on page 1 undefined on input line 1
50.


Package natbib Warning: Citation `lesa' on page 1 undefined on input line 150.


Package natbib Warning: Citation `ganmlzsl' on page 1 undefined on input line 1
50.


Package natbib Warning: Citation `zssdl' on page 1 undefined on input line 150.



Package natbib Warning: Citation `biam' on page 1 undefined on input line 150.


Package natbib Warning: Citation `glove' on page 1 undefined on input line 152.



Underfull \hbox (badness 1024) in paragraph at lines 148--156
\OT1/ptm/m/n/10 been re-cently de-vel-oped by trans-fer-ring knowl-edge be-
 []


Package natbib Warning: Citation `openvild' on page 1 undefined on input line 1
57.


Package natbib Warning: Citation `opensedo' on page 1 undefined on input line 1
57.


Package natbib Warning: Citation `openseg' on page 1 undefined on input line 15
7.


Package natbib Warning: Citation `openprompt' on page 1 undefined on input line
 157.


Package natbib Warning: Citation `liang2022mind' on page 1 undefined on input l
ine 157.

[1{C:/Users/micha/AppData/Local/MiKTeX/fonts/map/pdftex/pdftex.map}{C:/Users/mi
cha/AppData/Local/Programs/MiKTeX/fonts/enc/dvips/base/8r.enc}



 <./images/teaser5.pdf>]
Underfull \hbox (badness 2096) in paragraph at lines 176--178
[]\OT1/ptm/m/n/10 We pro-pose an open-vocabulary based multi-modal
 []



pdfTeX warning: pdflatex (file ./images/framework4.pdf): PDF inclusion: found P
DF version <1.7>, but at most version <1.5> allowed
<images/framework4.pdf, id=118, page=2, 1112.47615pt x 551.90193pt>
File: images/framework4.pdf Graphic file (type pdf)
<use images/framework4.pdf, page 2>
Package pdftex.def Info: images/framework4.pdf , page2 used on input line 185.
(pdftex.def)             Requested size: 455.2979pt x 225.8686pt.

Package natbib Warning: Citation `tsoumakas2007multi' on page 2 undefined on in
put line 198.


Package natbib Warning: Citation `read2011classifier' on page 2 undefined on in
put line 198.


Package natbib Warning: Citation `gong2014deep' on page 2 undefined on input li
ne 199.


Package natbib Warning: Citation `Wang_2016_CVPR' on page 2 undefined on input 
line 199.


Package natbib Warning: Citation `Zhu_2017_CVPR' on page 2 undefined on input l
ine 199.


Package natbib Warning: Citation `Wang_2017_ICCV' on page 2 undefined on input 
line 199.


Package natbib Warning: Citation `Li_2016_CVPR' on page 2 undefined on input li
ne 199.


Package natbib Warning: Citation `Lee_2018_CVPR' on page 2 undefined on input l
ine 199.


Package natbib Warning: Citation `Chen_2019_CVPR' on page 2 undefined on input 
line 199.


Package natbib Warning: Citation `lanchantin2021general' on page 2 undefined on
 input line 200.


Package natbib Warning: Citation `liu2021query2label' on page 2 undefined on in
put line 200.


Package natbib Warning: Citation `cheng2021mltr' on page 2 undefined on input l
ine 200.


Package natbib Warning: Citation `mikolov2013distributed' on page 2 undefined o
n input line 203.


Package natbib Warning: Citation `Xian_2017_CVPR' on page 2 undefined on input 
line 203.


Package natbib Warning: Citation `5206594' on page 2 undefined on input line 20
5.


Package natbib Warning: Citation `6571196' on page 2 undefined on input line 20
6.


Package natbib Warning: Citation `Zhang_2015_ICCV' on page 2 undefined on input
 line 206.


Package natbib Warning: Citation `fast0tag' on page 2 undefined on input line 2
12.


Package natbib Warning: Citation `zssdl' on page 2 undefined on input line 212.



Package natbib Warning: Citation `lesa' on page 2 undefined on input line 213.


Package natbib Warning: Citation `biam' on page 2 undefined on input line 213.


Package natbib Warning: Citation `ganmlzsl' on page 2 undefined on input line 2
14.


Underfull \hbox (badness 1009) in paragraph at lines 215--220
[]\OT1/ptm/m/n/10 However, most ex-ist-ing ML-ZSL works ex-ploit only
 []


Package natbib Warning: Citation `devlin2018bert' on page 2 undefined on input 
line 223.


Package natbib Warning: Citation `radford2019language' on page 2 undefined on i
nput line 223.


Package natbib Warning: Citation `raffel2020exploring' on page 2 undefined on i
nput line 224.


Package natbib Warning: Citation `devlin2018bert' on page 2 undefined on input 
line 224.


Package natbib Warning: Citation `ViLBERT' on page 2 undefined on input line 22
5.


Package natbib Warning: Citation `chen2020uniter' on page 2 undefined on input 
line 225.


Package natbib Warning: Citation `li2020unicoder' on page 2 undefined on input 
line 225.


Package natbib Warning: Citation `li2020oscar' on page 2 undefined on input lin
e 225.


Package natbib Warning: Citation `kim2021vilt' on page 2 undefined on input lin
e 225.


Package natbib Warning: Citation `clip' on page 2 undefined on input line 226.


Package natbib Warning: Citation `align' on page 2 undefined on input line 226.


[2]

Package natbib Warning: Citation `ovrcnn' on page 3 undefined on input line 230
.


Package natbib Warning: Citation `openvild' on page 3 undefined on input line 2
30.


Package natbib Warning: Citation `openprompt' on page 3 undefined on input line
 230.


Package natbib Warning: Citation `openonstage' on page 3 undefined on input lin
e 230.


Package natbib Warning: Citation `opendetr' on page 3 undefined on input line 2
30.


Package natbib Warning: Citation `opensedo' on page 3 undefined on input line 2
30.


Package natbib Warning: Citation `openseg' on page 3 undefined on input line 23
0.


Package natbib Warning: Citation `hinton2015distilling' on page 3 undefined on 
input line 232.


Package natbib Warning: Citation `li2021prefix' on page 3 undefined on input li
ne 232.


Package natbib Warning: Citation `coop' on page 3 undefined on input line 232.


Package natbib Warning: Citation `vit' on page 3 undefined on input line 248.


Package natbib Warning: Citation `clip' on page 3 undefined on input line 250.


Package natbib Warning: Citation `vit' on page 3 undefined on input line 255.

[3 <./images/framework4.pdf>]
Underfull \hbox (badness 1803) in paragraph at lines 269--271
[]\OT1/ptm/m/n/10 Denote the out-put of vi-sion trans-former as $\OT1/cmr/bx/n/
10 x[] \OT1/cmr/m/n/10 =
 []


Overfull \hbox (7.74133pt too wide) detected at line 287
[][][]\OML/cmm/m/it/10 s[] \OT1/cmr/m/n/10 = [] [] + [] [] [] \OML/cmm/m/it/10 
;
 []


Package natbib Warning: Citation `clip' on page 4 undefined on input line 297.

(table_tex/main.tex)

Package natbib Warning: Citation `clip' on page 4 undefined on input line 313.


Package natbib Warning: Citation `coop' on page 4 undefined on input line 319.


Package natbib Warning: Citation `lesa' on page 4 undefined on input line 340.

[4]

Package natbib Warning: Citation `biam' on page 5 undefined on input line 367.


Package natbib Warning: Citation `zssdl' on page 5 undefined on input line 369.



Underfull \hbox (badness 1127) in paragraph at lines 373--381
\OT1/ptm/m/n/10 ZSL/GZSL task. In com-par-i-son with pre-vi-ous best re-
 []

(table_tex/ablation.tex
LaTeX Font Info:    Trying to load font information for U+ding on input line 11
.

(C:\Users\micha\AppData\Local\Programs\MiKTeX\tex/latex/bbding\uding.fd
File: Uding.fd 1996/02/01 v1.0 BBding font definitions
))
(table_tex/glove.tex) (figure_tex/label_emb.tex

pdfTeX warning: pdflatex (file ./images/top3acc.pdf): PDF inclusion: found PDF 
version <1.7>, but at most version <1.5> allowed
<images/top3acc.pdf, id=200, page=3, 278.84174pt x 284.62335pt>
File: images/top3acc.pdf Graphic file (type pdf)
<use images/top3acc.pdf, page 3>
Package pdftex.def Info: images/top3acc.pdf , page3 used on input line 4.
(pdftex.def)             Requested size: 76.60794pt x 78.19565pt.


pdfTeX warning: pdflatex (file ./images/label_retri.pdf): PDF inclusion: found 
PDF version <1.7>, but at most version <1.5> allowed
<images/label_retri.pdf, id=201, page=3, 523.59616pt x 290.16403pt>
File: images/label_retri.pdf Graphic file (type pdf)
<use images/label_retri.pdf, page 3>
Package pdftex.def Info: images/label_retri.pdf , page3 used on input line 6.
(pdftex.def)             Requested size: 143.63808pt x 79.59833pt.
)
Underfull \vbox (badness 10000) has occurred while \output is active []

 [5]
(figure_tex/local_global.tex

pdfTeX warning: pdflatex (file ./images/global.pdf): PDF inclusion: found PDF v
ersion <1.7>, but at most version <1.5> allowed
<images/global.pdf, id=213, 414.8298pt x 277.63725pt>
File: images/global.pdf Graphic file (type pdf)
<use images/global.pdf>
Package pdftex.def Info: images/global.pdf  used on input line 4.
(pdftex.def)             Requested size: 117.30455pt x 78.50891pt.


pdfTeX warning: pdflatex (file ./images/local.pdf): PDF inclusion: found PDF ve
rsion <1.7>, but at most version <1.5> allowed
<images/local.pdf, id=214, 414.8298pt x 277.63725pt>
File: images/local.pdf Graphic file (type pdf)
<use images/local.pdf>
Package pdftex.def Info: images/local.pdf  used on input line 6.
(pdftex.def)             Requested size: 117.30455pt x 78.50891pt.
) (table_tex/head.tex) (figure_tex/hyper.tex

pdfTeX warning: pdflatex (file ./images/wdist.pdf): PDF inclusion: found PDF ve
rsion <1.7>, but at most version <1.5> allowed
<images/wdist.pdf, id=217, page=1, 466.6233pt x 284.62335pt>
File: images/wdist.pdf Graphic file (type pdf)
<use images/wdist.pdf, page 1>
Package pdftex.def Info: images/wdist.pdf , page1 used on input line 4.
(pdftex.def)             Requested size: 117.30455pt x 71.55087pt.


pdfTeX warning: pdflatex (file ./images/topk.pdf): PDF inclusion: found PDF ver
sion <1.7>, but at most version <1.5> allowed
<images/topk.pdf, id=218, page=1, 466.6233pt x 284.62335pt>
File: images/topk.pdf Graphic file (type pdf)
<use images/topk.pdf, page 1>
Package pdftex.def Info: images/topk.pdf , page1 used on input line 6.
(pdftex.def)             Requested size: 117.30455pt x 71.55087pt.
) (figure_tex/prediction.tex

pdfTeX warning: pdflatex (file ./images/prediction.pdf): PDF inclusion: found P
DF version <1.7>, but at most version <1.5> allowed
<images/prediction.pdf, id=219, page=5, 939.02821pt x 810.86943pt>
File: images/prediction.pdf Graphic file (type pdf)
<use images/prediction.pdf, page 5>
Package pdftex.def Info: images/prediction.pdf , page5 used on input line 3.
(pdftex.def)             Requested size: 239.39438pt x 206.71329pt.
) (figure_tex/heatmap.tex

pdfTeX warning: pdflatex (file ./images/heatmap.pdf): PDF inclusion: found PDF 
version <1.7>, but at most version <1.5> allowed
<images/heatmap.pdf, id=222, page=2, 756.54642pt x 538.89331pt>
File: images/heatmap.pdf Graphic file (type pdf)
<use images/heatmap.pdf, page 2>
Package pdftex.def Info: images/heatmap.pdf , page2 used on input line 3.
(pdftex.def)             Requested size: 215.45348pt x 153.47107pt.
) [6 <./images/top3acc.pdf> <./images/label_retri.pdf

pdfTeX warning: pdflatex (file ./images/label_retri.pdf): PDF inclusion: multip
le pdfs with page group included in a single page
> <./images/global.pdf

pdfTeX warning: pdflatex (file ./images/global.pdf): PDF inclusion: multiple pd
fs with page group included in a single page
> <./images/local.pdf

pdfTeX warning: pdflatex (file ./images/local.pdf): PDF inclusion: multiple pdf
s with page group included in a single page
>] (section/conclusion.tex) (section/acknowledgements.tex)
No file aaai23_changed.bbl.

Underfull \hbox (badness 2884) in paragraph at lines 2--464
\OT1/ptm/m/n/10 Sci-ence Foun-da-tion of China un-der Grant 62171248,
 []


Underfull \hbox (badness 10000) in paragraph at lines 2--464
\OT1/ptm/m/n/10 2021A1515011807, Shen-zhen Sci-ence and Tech-nol-
 []


Underfull \hbox (badness 10000) in paragraph at lines 2--464
\OT1/ptm/m/n/10 ogy Pro-gram (Grant No.RCYX20200714114523079,
 []


Underfull \hbox (badness 1033) in paragraph at lines 2--464
\OT1/ptm/m/n/10 JCYJ20220818101012025) and the PCNL KEY project
 []


Underfull \hbox (badness 1014) in paragraph at lines 2--464
\OT1/ptm/m/n/10 (PCL2021A07), and Shen-zhen Sci-ence and Tech-nol-ogy
 []


Underfull \hbox (badness 1681) in paragraph at lines 2--464
\OT1/ptm/m/n/10 per-natur eos rep-re-hen-derit dicta re-iciendis, quasi er-ror
 []

[7 <./images/wdist.pdf> <./images/topk.pdf

pdfTeX warning: pdflatex (file ./images/topk.pdf): PDF inclusion: multiple pdfs
 with page group included in a single page
> <./images/prediction.pdf

pdfTeX warning: pdflatex (file ./images/prediction.pdf): PDF inclusion: multipl
e pdfs with page group included in a single page
> <./images/heatmap.pdf

pdfTeX warning: pdflatex (file ./images/heatmap.pdf): PDF inclusion: multiple p
dfs with page group included in a single page
>]

Package natbib Warning: There were undefined citations.

[8

] (aaai23_changed.aux)
 ***********
LaTeX2e <2023-06-01> patch level 1
L3 programming layer <2023-08-29>
 ***********
Package rerunfilecheck Info: File `aaai23_changed.out' has not changed.
(rerunfilecheck)             Checksum: ECC4F127AF9C9DBDAAE3A5B57E295D7A;2958.
 ) 
Here is how much of TeX's memory you used:
 13447 strings out of 475247
 219834 string characters out of 5757792
 1971801 words of memory out of 5000000
 34649 multiletter control sequences out of 15000+600000
 593836 words of font info for 120 fonts, out of 8000000 for 9000
 1141 hyphenation exceptions out of 8191
 75i,11n,79p,750b,593s stack positions out of 10000i,1000n,20000p,200000b,200000s
 <C:\Users\micha\AppData\Local\MiKTeX\fonts/pk/ljfour/public/bbding/dpi600\bb
ding10.pk><C:/Users/micha/AppData/Local/Programs/MiKTeX/fonts/type1/public/amsf
onts/cm/cmbx10.pfb><C:/Users/micha/AppData/Local/Programs/MiKTeX/fonts/type1/pu
blic/amsfonts/cm/cmbx7.pfb><C:/Users/micha/AppData/Local/Programs/MiKTeX/fonts/
type1/public/amsfonts/cm/cmex10.pfb><C:/Users/micha/AppData/Local/Programs/MiKT
eX/fonts/type1/public/amsfonts/cm/cmmi10.pfb><C:/Users/micha/AppData/Local/Prog
rams/MiKTeX/fonts/type1/public/amsfonts/cm/cmmi5.pfb><C:/Users/micha/AppData/Lo
cal/Programs/MiKTeX/fonts/type1/public/amsfonts/cm/cmmi7.pfb><C:/Users/micha/Ap
pData/Local/Programs/MiKTeX/fonts/type1/public/amsfonts/cm/cmmi9.pfb><C:/Users/
micha/AppData/Local/Programs/MiKTeX/fonts/type1/public/amsfonts/cm/cmr10.pfb><C
:/Users/micha/AppData/Local/Programs/MiKTeX/fonts/type1/public/amsfonts/cm/cmr5
.pfb><C:/Users/micha/AppData/Local/Programs/MiKTeX/fonts/type1/public/amsfonts/
cm/cmr7.pfb><C:/Users/micha/AppData/Local/Programs/MiKTeX/fonts/type1/public/am
sfonts/cm/cmsy10.pfb><C:/Users/micha/AppData/Local/Programs/MiKTeX/fonts/type1/
public/amsfonts/cm/cmsy7.pfb><C:/Users/micha/AppData/Local/Programs/MiKTeX/font
s/type1/public/amsfonts/symbols/msam10.pfb><C:/Users/micha/AppData/Local/Progra
ms/MiKTeX/fonts/type1/public/amsfonts/symbols/msbm10.pfb><C:/Users/micha/AppDat
a/Local/Programs/MiKTeX/fonts/type1/urw/times/utmb8a.pfb><C:/Users/micha/AppDat
a/Local/Programs/MiKTeX/fonts/type1/urw/times/utmr8a.pfb><C:/Users/micha/AppDat
a/Local/Programs/MiKTeX/fonts/type1/urw/times/utmri8a.pfb>
Output written on aaai23_changed.pdf (8 pages, 728853 bytes).
PDF statistics:
 404 PDF objects out of 1000 (max. 8388607)
 48 named destinations out of 1000 (max. 500000)
 195 words of extra memory for PDF output out of 10000 (max. 10000000)

