This is pdfTeX, Version 3.141592653-2.6-1.40.25 (MiKTeX 23.9) (preloaded format=pdflatex 2023.9.22)  30 MAR 2024 17:38
entering extended mode
 restricted \write18 enabled.
 %&-line parsing enabled.
**./aaai_changed.tex
(aaai_changed.tex
LaTeX2e <2023-06-01> patch level 1
L3 programming layer <2023-08-29>
(C:\Users\micha\AppData\Local\Programs\MiKTeX\tex/latex/base\article.cls
Document Class: article 2023/05/17 v1.4n Standard LaTeX document class
(C:\Users\micha\AppData\Local\Programs\MiKTeX\tex/latex/base\size10.clo
File: size10.clo 2023/05/17 v1.4n Standard LaTeX file (size option)
)
\c@part=\count185
\c@section=\count186
\c@subsection=\count187
\c@subsubsection=\count188
\c@paragraph=\count189
\c@subparagraph=\count190
\c@figure=\count191
\c@table=\count192
\abovecaptionskip=\skip48
\belowcaptionskip=\skip49
\bibindent=\dimen140
)
(aaai20.sty
Conference Style for AAAI for LaTeX 2e -- version for the AAAI-20 conference
\titlebox=\skip50
) (C:\Users\micha\AppData\Local\Programs\MiKTeX\tex/latex/psnfss\times.sty
Package: times 2020/03/25 PSNFSS-v9.3 (SPQR) 
)
(C:\Users\micha\AppData\Local\Programs\MiKTeX\tex/latex/psnfss\helvet.sty
Package: helvet 2020/03/25 PSNFSS-v9.3 (WaS) 

(C:\Users\micha\AppData\Local\Programs\MiKTeX\tex/latex/graphics\keyval.sty
Package: keyval 2022/05/29 v1.15 key=value parser (DPC)
\KV@toks@=\toks17
))
(C:\Users\micha\AppData\Local\Programs\MiKTeX\tex/latex/psnfss\courier.sty
Package: courier 2020/03/25 PSNFSS-v9.3 (WaS) 
)
(C:\Users\micha\AppData\Local\Programs\MiKTeX\tex/latex/url\url.sty
\Urlmuskip=\muskip16
Package: url 2013/09/16  ver 3.4  Verb mode for urls, etc.
)
(C:\Users\micha\AppData\Local\Programs\MiKTeX\tex/latex/graphics\graphicx.sty
Package: graphicx 2021/09/16 v1.2d Enhanced LaTeX Graphics (DPC,SPQR)

(C:\Users\micha\AppData\Local\Programs\MiKTeX\tex/latex/graphics\graphics.sty
Package: graphics 2022/03/10 v1.4e Standard LaTeX Graphics (DPC,SPQR)

(C:\Users\micha\AppData\Local\Programs\MiKTeX\tex/latex/graphics\trig.sty
Package: trig 2021/08/11 v1.11 sin cos tan (DPC)
)
(C:\Users\micha\AppData\Local\Programs\MiKTeX\tex/latex/graphics-cfg\graphics.c
fg
File: graphics.cfg 2016/06/04 v1.11 sample graphics configuration
)
Package graphics Info: Driver file: pdftex.def on input line 107.

(C:\Users\micha\AppData\Local\Programs\MiKTeX\tex/latex/graphics-def\pdftex.def
File: pdftex.def 2022/09/22 v1.2b Graphics/color driver for pdftex
))
\Gin@req@height=\dimen141
\Gin@req@width=\dimen142
)
(C:\Users\micha\AppData\Local\Programs\MiKTeX\tex/latex/amsfonts\amsfonts.sty
Package: amsfonts 2013/01/14 v3.01 Basic AMSFonts support
\@emptytoks=\toks18
\symAMSa=\mathgroup4
\symAMSb=\mathgroup5
LaTeX Font Info:    Redeclaring math symbol \hbar on input line 98.
LaTeX Font Info:    Overwriting math alphabet `\mathfrak' in version `bold'
(Font)                  U/euf/m/n --> U/euf/b/n on input line 106.
)
(C:\Users\micha\AppData\Local\Programs\MiKTeX\tex/latex/algorithms\algorithm.st
y
Package: algorithm 2009/08/24 v0.1 Document Style `algorithm' - floating enviro
nment
 (C:\Users\micha\AppData\Local\Programs\MiKTeX\tex/latex/float\float.sty
Package: float 2001/11/08 v1.3d Float enhancements (AL)
\c@float@type=\count193
\float@exts=\toks19
\float@box=\box51
\@float@everytoks=\toks20
\@floatcapt=\box52
)
(C:\Users\micha\AppData\Local\Programs\MiKTeX\tex/latex/base\ifthen.sty
Package: ifthen 2022/04/13 v1.1d Standard LaTeX ifthen package (DPC)
)
\@float@every@algorithm=\toks21
\c@algorithm=\count194
)
(C:\Users\micha\AppData\Local\Programs\MiKTeX\tex/latex/algorithms\algorithmic.
sty
Package: algorithmic 2009/08/24 v0.1 Document Style `algorithmic'
\c@ALC@unique=\count195
\c@ALC@line=\count196
\c@ALC@rem=\count197
\c@ALC@depth=\count198
\ALC@tlm=\skip51
\algorithmicindent=\skip52
)
(C:\Users\micha\AppData\Local\Programs\MiKTeX\tex/latex/amsmath\amsmath.sty
Package: amsmath 2023/05/13 v2.17o AMS math features
\@mathmargin=\skip53

For additional information on amsmath, use the `?' option.
(C:\Users\micha\AppData\Local\Programs\MiKTeX\tex/latex/amsmath\amstext.sty
Package: amstext 2021/08/26 v2.01 AMS text

(C:\Users\micha\AppData\Local\Programs\MiKTeX\tex/latex/amsmath\amsgen.sty
File: amsgen.sty 1999/11/30 v2.0 generic functions
\@emptytoks=\toks22
\ex@=\dimen143
))
(C:\Users\micha\AppData\Local\Programs\MiKTeX\tex/latex/amsmath\amsbsy.sty
Package: amsbsy 1999/11/29 v1.2d Bold Symbols
\pmbraise@=\dimen144
)
(C:\Users\micha\AppData\Local\Programs\MiKTeX\tex/latex/amsmath\amsopn.sty
Package: amsopn 2022/04/08 v2.04 operator names
)
\inf@bad=\count199
LaTeX Info: Redefining \frac on input line 234.
\uproot@=\count266
\leftroot@=\count267
LaTeX Info: Redefining \overline on input line 399.
LaTeX Info: Redefining \colon on input line 410.
\classnum@=\count268
\DOTSCASE@=\count269
LaTeX Info: Redefining \ldots on input line 496.
LaTeX Info: Redefining \dots on input line 499.
LaTeX Info: Redefining \cdots on input line 620.
\Mathstrutbox@=\box53
\strutbox@=\box54
LaTeX Info: Redefining \big on input line 722.
LaTeX Info: Redefining \Big on input line 723.
LaTeX Info: Redefining \bigg on input line 724.
LaTeX Info: Redefining \Bigg on input line 725.
\big@size=\dimen145
LaTeX Font Info:    Redeclaring font encoding OML on input line 743.
LaTeX Font Info:    Redeclaring font encoding OMS on input line 744.
\macc@depth=\count270
LaTeX Info: Redefining \bmod on input line 905.
LaTeX Info: Redefining \pmod on input line 910.
LaTeX Info: Redefining \smash on input line 940.
LaTeX Info: Redefining \relbar on input line 970.
LaTeX Info: Redefining \Relbar on input line 971.
\c@MaxMatrixCols=\count271
\dotsspace@=\muskip17
\c@parentequation=\count272
\dspbrk@lvl=\count273
\tag@help=\toks23
\row@=\count274
\column@=\count275
\maxfields@=\count276
\andhelp@=\toks24
\eqnshift@=\dimen146
\alignsep@=\dimen147
\tagshift@=\dimen148
\tagwidth@=\dimen149
\totwidth@=\dimen150
\lineht@=\dimen151
\@envbody=\toks25
\multlinegap=\skip54
\multlinetaggap=\skip55
\mathdisplay@stack=\toks26
LaTeX Info: Redefining \[ on input line 2953.
LaTeX Info: Redefining \] on input line 2954.
)
(C:\Users\micha\AppData\Local\Programs\MiKTeX\tex/latex/amsfonts\amssymb.sty
Package: amssymb 2013/01/14 v3.01 AMS font symbols
)
(C:\Users\micha\AppData\Local\Programs\MiKTeX\tex/latex/tools\bm.sty
Package: bm 2022/01/05 v1.2f Bold Symbol Support (DPC/FMi)
\symboldoperators=\mathgroup6
\symboldletters=\mathgroup7
\symboldsymbols=\mathgroup8
Package bm Info: No bold for \OMX/cmex/m/n, using \pmb.
Package bm Info: No bold for \U/msa/m/n, using \pmb.
Package bm Info: No bold for \U/msb/m/n, using \pmb.
LaTeX Font Info:    Redeclaring math alphabet \mathbf on input line 149.
)
(C:\Users\micha\AppData\Local\Programs\MiKTeX\tex/latex/graphics\color.sty
Package: color 2022/01/06 v1.3d Standard LaTeX Color (DPC)

(C:\Users\micha\AppData\Local\Programs\MiKTeX\tex/latex/graphics-cfg\color.cfg
File: color.cfg 2016/01/02 v1.6 sample color configuration
)
Package color Info: Driver file: pdftex.def on input line 149.
(C:\Users\micha\AppData\Local\Programs\MiKTeX\tex/latex/graphics\mathcolor.ltx)
) (C:\Users\micha\AppData\Local\Programs\MiKTeX\tex/latex/comment\comment.sty
\CommentStream=\write3

Excluding comment 'comment')
(C:\Users\micha\AppData\Local\Programs\MiKTeX\tex/latex/multirow\multirow.sty
Package: multirow 2021/03/15 v2.8 Span multiple rows of a table
\multirow@colwidth=\skip56
\multirow@cntb=\count277
\multirow@dima=\skip57
\bigstrutjot=\dimen152
)
(C:\Users\micha\AppData\Local\Programs\MiKTeX\tex/latex/subfigure\subfigure.sty
Package: subfigure 2002/07/30 v2.1.4 subfigure package
\subfigtopskip=\skip58
\subfigcapskip=\skip59
\subfigcaptopadj=\dimen153
\subfigbottomskip=\skip60
\subfigcapmargin=\dimen154
\subfiglabelskip=\skip61
\c@subfigure=\count278
\c@lofdepth=\count279
\c@subtable=\count280
\c@lotdepth=\count281
****************************************
* Local config file subfigure.cfg used *
****************************************

(C:\Users\micha\AppData\Local\Programs\MiKTeX\tex/latex/subfigure\subfigure.cfg
)
\subfig@top=\skip62
\subfig@bottom=\skip63
)
(C:\Users\micha\AppData\Local\Programs\MiKTeX\tex/latex/cleveref\cleveref.sty
Package: cleveref 2018/03/27 v0.21.4 Intelligent cross-referencing
)
LaTeX Font Info:    Trying to load font information for OT1+ptm on input line 7
8.

(C:\Users\micha\AppData\Local\Programs\MiKTeX\tex/latex/psnfss\ot1ptm.fd
File: ot1ptm.fd 2001/06/04 font definitions for OT1/ptm.
)
(C:\Users\micha\AppData\Local\Programs\MiKTeX\tex/latex/l3backend\l3backend-pdf
tex.def
File: l3backend-pdftex.def 2023-04-19 L3 backend support: PDF output (pdfTeX)
\l__color_backend_stack_int=\count282
\l__pdf_internal_box=\box55
) (aaai_changed.aux

LaTeX Warning: Label `eqsgcn_1' multiply defined.


LaTeX Warning: Label `eqsgcn_1@cref' multiply defined.

)
\openout1 = `aaai_changed.aux'.

LaTeX Font Info:    Checking defaults for OML/cmm/m/it on input line 78.
LaTeX Font Info:    ... okay on input line 78.
LaTeX Font Info:    Checking defaults for OMS/cmsy/m/n on input line 78.
LaTeX Font Info:    ... okay on input line 78.
LaTeX Font Info:    Checking defaults for OT1/cmr/m/n on input line 78.
LaTeX Font Info:    ... okay on input line 78.
LaTeX Font Info:    Checking defaults for T1/cmr/m/n on input line 78.
LaTeX Font Info:    ... okay on input line 78.
LaTeX Font Info:    Checking defaults for TS1/cmr/m/n on input line 78.
LaTeX Font Info:    ... okay on input line 78.
LaTeX Font Info:    Checking defaults for OMX/cmex/m/n on input line 78.
LaTeX Font Info:    ... okay on input line 78.
LaTeX Font Info:    Checking defaults for U/cmr/m/n on input line 78.
LaTeX Font Info:    ... okay on input line 78.

(C:\Users\micha\AppData\Local\Programs\MiKTeX\tex/context/base/mkii\supp-pdf.mk
ii
[Loading MPS to PDF converter (version 2006.09.02).]
\scratchcounter=\count283
\scratchdimen=\dimen155
\scratchbox=\box56
\nofMPsegments=\count284
\nofMParguments=\count285
\everyMPshowfont=\toks27
\MPscratchCnt=\count286
\MPscratchDim=\dimen156
\MPnumerator=\count287
\makeMPintoPDFobject=\count288
\everyMPtoPDFconversion=\toks28
)
(C:\Users\micha\AppData\Local\Programs\MiKTeX\tex/latex/epstopdf-pkg\epstopdf-b
ase.sty
Package: epstopdf-base 2020-01-24 v2.11 Base part for package epstopdf
Package epstopdf-base Info: Redefining graphics rule for `.eps' on input line 4
85.

(C:\Users\micha\AppData\Local\Programs\MiKTeX\tex/latex/00miktex\epstopdf-sys.c
fg
File: epstopdf-sys.cfg 2021/03/18 v2.0 Configuration of epstopdf for MiKTeX
))
LaTeX Font Info:    Trying to load font information for U+msa on input line 80.

 (C:\Users\micha\AppData\Local\Programs\MiKTeX\tex/latex/amsfonts\umsa.fd
File: umsa.fd 2013/01/14 v3.01 AMS symbols A
)
LaTeX Font Info:    Trying to load font information for U+msb on input line 80.


(C:\Users\micha\AppData\Local\Programs\MiKTeX\tex/latex/amsfonts\umsb.fd
File: umsb.fd 2013/01/14 v3.01 AMS symbols B
)
LaTeX Font Info:    Trying to load font information for TS1+ptm on input line 8
0.

(C:\Users\micha\AppData\Local\Programs\MiKTeX\tex/latex/psnfss\ts1ptm.fd
File: ts1ptm.fd 2001/06/04 font definitions for TS1/ptm.
)
LaTeX Font Info:    Trying to load font information for OMS+ptm on input line 8
0.

(C:\Users\micha\AppData\Local\Programs\MiKTeX\tex/latex/psnfss\omsptm.fd
File: omsptm.fd 
)
LaTeX Font Info:    Font shape `OMS/ptm/m/n' in size <10> not available
(Font)              Font shape `OMS/cmsy/m/n' tried instead on input line 80.


LaTeX Warning: Citation `ICLR2017semi' on page 1 undefined on input line 96.


LaTeX Warning: Citation `NIPS2017inductive' on page 1 undefined on input line 9
6.


LaTeX Warning: Citation `ICLR2019powerful' on page 1 undefined on input line 96
.


LaTeX Warning: Citation `li2018deeper' on page 1 undefined on input line 96.


LaTeX Warning: Citation `li2016unsupervised' on page 1 undefined on input line 
96.


LaTeX Warning: Citation `ICLR2017semi' on page 1 undefined on input line 96.


LaTeX Warning: Citation `camps2007semi' on page 1 undefined on input line 96.


LaTeX Warning: Citation `xu2019relation' on page 1 undefined on input line 99.


LaTeX Warning: Citation `zhao2019t' on page 1 undefined on input line 99.


LaTeX Warning: Citation `kdd2018GCMC' on page 1 undefined on input line 99.


LaTeX Warning: Citation `UAI2009bpr' on page 1 undefined on input line 99.


LaTeX Warning: Citation `WWW2017neural' on page 1 undefined on input line 99.


LaTeX Warning: Citation `sigir2019ngcf' on page 1 undefined on input line 101.


LaTeX Warning: Citation `kdd2018GCMC' on page 1 undefined on input line 101.


LaTeX Warning: Citation `kdd2018Pinsage' on page 1 undefined on input line 101.



LaTeX Warning: Citation `SIGIR2008eigenrank' on page 1 undefined on input line 
101.


LaTeX Warning: Citation `SDM2010collaborative' on page 1 undefined on input lin
e 101.


LaTeX Warning: Citation `huang2004graph' on page 1 undefined on input line 101.



LaTeX Warning: Citation `kdir18' on page 1 undefined on input line 102.


LaTeX Warning: Citation `sigir2019ngcf' on page 1 undefined on input line 102.


LaTeX Warning: Citation `kdd2018GCMC' on page 1 undefined on input line 102.


LaTeX Warning: Citation `kdd2018Pinsage' on page 1 undefined on input line 102.



LaTeX Warning: Citation `kdd2018Pinsage' on page 1 undefined on input line 102.



LaTeX Warning: Citation `sigir2019ngcf' on page 1 undefined on input line 102.


LaTeX Warning: Citation `li2018deeper' on page 1 undefined on input line 107.


LaTeX Warning: Citation `klicpera2018predict' on page 1 undefined on input line
 107.


LaTeX Warning: Citation `wu2017modeling' on page 1 undefined on input line 107.



LaTeX Warning: Citation `wu2016relevance' on page 1 undefined on input line 107
.


Underfull \vbox (badness 10000) has occurred while \output is active []

 [1{C:/Users/micha/AppData/Local/MiKTeX/fonts/map/pdftex/pdftex.map}{C:/Users/m
icha/AppData/Local/Programs/MiKTeX/fonts/enc/dvips/base/8r.enc}



]

LaTeX Warning: Citation `ICML2019simplifying' on page 2 undefined on input line
 111.


LaTeX Warning: Citation `CVPR2016resudial' on page 2 undefined on input line 11
1.


LaTeX Warning: Citation `wu2019wider' on page 2 undefined on input line 111.


LaTeX Warning: Citation `kdd2018GCMC' on page 2 undefined on input line 121.


LaTeX Warning: Citation `NIPS2017inductive' on page 2 undefined on input line 1
21.


LaTeX Warning: Citation `ICML2017neural' on page 2 undefined on input line 121.



LaTeX Warning: Citation `NIPS2017inductive' on page 2 undefined on input line 1
30.


LaTeX Warning: Citation `ICML2017neural' on page 2 undefined on input line 130.



LaTeX Warning: Citation `ICLR2018graphATT' on page 2 undefined on input line 13
0.


LaTeX Warning: Citation `ICLR2017semi' on page 2 undefined on input line 130.


LaTeX Warning: Citation `ICLR2017semi' on page 2 undefined on input line 130.


LaTeX Warning: Citation `ICLR2017semi' on page 2 undefined on input line 130.


LaTeX Warning: Citation `kdd2018GCMC' on page 2 undefined on input line 130.


LaTeX Warning: Citation `ICML2019simplifying' on page 2 undefined on input line
 130.


LaTeX Warning: Citation `li2018deeper' on page 2 undefined on input line 140.


LaTeX Warning: Citation `zhu2003semi' on page 2 undefined on input line 140.


LaTeX Warning: Citation `ICML2019simplifying' on page 2 undefined on input line
 168.


LaTeX Warning: Citation `ICML2019simplifying' on page 2 undefined on input line
 187.


LaTeX Warning: Citation `UAI2009bpr' on page 2 undefined on input line 192.


LaTeX Warning: Citation `koren2009matrix' on page 2 undefined on input line 193
.


LaTeX Warning: Citation `UAI2009bpr' on page 2 undefined on input line 193.


LaTeX Warning: Citation `WWW2017neural' on page 2 undefined on input line 193.


LaTeX Warning: Citation `recsys2016wide' on page 2 undefined on input line 193.


[2]

LaTeX Warning: Citation `sigir2019ngcf' on page 3 undefined on input line 196.


LaTeX Warning: Citation `NIPSi2017geometric' on page 3 undefined on input line 
196.


LaTeX Warning: Citation `kdd2018Pinsage' on page 3 undefined on input line 196.



LaTeX Warning: Citation `NIPSi2017geometric' on page 3 undefined on input line 
196.


LaTeX Warning: Citation `zheng2018spectral' on page 3 undefined on input line 1
96.


LaTeX Warning: Citation `kdir18' on page 3 undefined on input line 196.


LaTeX Warning: Citation `sigir2019ngcf' on page 3 undefined on input line 196.


LaTeX Warning: Citation `kdd2018GCMC' on page 3 undefined on input line 196.


LaTeX Warning: Citation `kdd2018Pinsage' on page 3 undefined on input line 196.



LaTeX Warning: Citation `kdd2018Pinsage' on page 3 undefined on input line 196.



LaTeX Warning: Citation `kdd2018GCMC' on page 3 undefined on input line 196.


LaTeX Warning: Citation `sigir2019ngcf' on page 3 undefined on input line 196.


LaTeX Font Warning: Command \small invalid in math mode on input line 212.


LaTeX Warning: Citation `kdd2018GCMC' on page 3 undefined on input line 213.

<framework.pdf, id=25, 1279.78125pt x 336.25626pt>
File: framework.pdf Graphic file (type pdf)
<use framework.pdf>
Package pdftex.def Info: framework.pdf  used on input line 220.
(pdftex.def)             Requested size: 478.78876pt x 125.79819pt.

LaTeX Warning: Citation `goodfellow2016deep' on page 3 undefined on input line 
232.


LaTeX Warning: Citation `CVPR2016resudial' on page 3 undefined on input line 23
3.


LaTeX Warning: Citation `CVPR2017densely' on page 3 undefined on input line 233
.


LaTeX Warning: Citation `CVPR2016resudial' on page 3 undefined on input line 23
3.


LaTeX Warning: Citation `WWW2017neural' on page 3 undefined on input line 233.


LaTeX Warning: Citation `recsys2016wide' on page 3 undefined on input line 233.



LaTeX Warning: Citation `NIPS2017inductive' on page 3 undefined on input line 2
33.


LaTeX Warning: Citation `wu2019neural' on page 3 undefined on input line 233.


LaTeX Warning: Citation `ICML2018representation' on page 3 undefined on input l
ine 233.


LaTeX Warning: Citation `klicpera2018predict' on page 3 undefined on input line
 233.


LaTeX Warning: Citation `li2018deeper' on page 3 undefined on input line 233.


Underfull \hbox (badness 1642) in paragraph at lines 232--234
\OT1/ptm/m/n/10 Theoretically, deep neu-ral net-works could ap-prox-i-mate
 []


Underfull \hbox (badness 10000) in paragraph at lines 241--243
\OT1/ptm/m/n/10 In this part, we pro-pose \OT1/ptm/m/it/10 L\OT1/ptm/m/n/10 ine
ar \OT1/ptm/m/it/10 R\OT1/ptm/m/n/10 esidual \OT1/ptm/m/it/10 G\OT1/ptm/m/n/10 
raph
 []


LaTeX Warning: Citation `ICML2019simplifying' on page 3 undefined on input line
 257.

[3]
<errorbar.pdf, id=32, 926.46124pt x 543.02875pt>
File: errorbar.pdf Graphic file (type pdf)
<use errorbar.pdf>
Package pdftex.def Info: errorbar.pdf  used on input line 303.
(pdftex.def)             Requested size: 227.42392pt x 133.29591pt.


LaTeX Warning: Citation `ICLR2017semi' on page 4 undefined on input line 313.


LaTeX Warning: Citation `NIPS2017inductive' on page 4 undefined on input line 3
13.


LaTeX Warning: Citation `kdd2018Pinsage' on page 4 undefined on input line 313.



LaTeX Warning: Citation `UAI2009bpr' on page 4 undefined on input line 313.

[4 <./framework.pdf> <./errorbar.pdf>]

LaTeX Warning: Citation `ICML2019simplifying' on page 5 undefined on input line
 386.


Overfull \hbox (7.85292pt too wide) in paragraph at lines 408--408
[]\OT1/ptm/m/n/10 Higher| 
 []


Overfull \hbox (1.18301pt too wide) in paragraph at lines 408--408
[]\OT1/ptm/m/n/10 order| 
 []


Overfull \hbox (1.18301pt too wide) in paragraph at lines 408--408
[]\OT1/ptm/m/n/10 order| 
 []


Overfull \hbox (5.6005pt too wide) in paragraph at lines 408--408
[]\OT1/ptm/m/n/10 Propagation| 
 []


Overfull \hbox (4.12079pt too wide) in paragraph at lines 408--408
[]\OT1/ptm/m/n/10 Prediction| 
 []


LaTeX Warning: Citation `kdd2018GCMC' on page 5 undefined on input line 418.


LaTeX Warning: Citation `kdd2018Pinsage' on page 5 undefined on input line 418.



LaTeX Warning: Citation `sigir2019ngcf' on page 5 undefined on input line 418.


LaTeX Warning: Citation `liang2016modeling' on page 5 undefined on input line 4
27.


LaTeX Warning: Citation `chen2017attentive' on page 5 undefined on input line 4
46.


LaTeX Warning: Citation `UAI2009bpr' on page 5 undefined on input line 446.


LaTeX Warning: Citation `ICLR2017graph' on page 5 undefined on input line 446.


LaTeX Warning: Citation `kdd2018Pinsage' on page 5 undefined on input line 446.



LaTeX Warning: Citation `sigir2019ngcf' on page 5 undefined on input line 446.


Underfull \hbox (badness 1348) in paragraph at lines 445--448
[]\OT1/ptm/b/n/10 Evaluation Met-rics and Base-lines. \OT1/ptm/m/n/10 Since we 
fo-cus
 []


Underfull \hbox (badness 1527) in paragraph at lines 445--448
\OT1/ptm/m/n/10 on rec-om-mend-ing items to users, we use two widely
 []

[5]
Underfull \hbox (badness 3118) in paragraph at lines 453--455
[]\OT1/ptm/b/n/10 Parameter Set-tings. \OT1/ptm/m/n/10 We im-ple-ment our LR-GC
CF
 []


LaTeX Warning: `h' float specifier changed to `ht'.


LaTeX Warning: `h' float specifier changed to `ht'.


LaTeX Warning: No positions in optional float specifier.
               Default added (so using `tbp') on input line 520.


Overfull \hbox (16.04471pt too wide) in paragraph at lines 522--533
[][] 
 []

<simproof.pdf, id=108, 935.495pt x 594.22pt>
File: simproof.pdf Graphic file (type pdf)
<use simproof.pdf>
Package pdftex.def Info: simproof.pdf  used on input line 547.
(pdftex.def)             Requested size: 227.42392pt x 144.45631pt.
[6]
Underfull \hbox (badness 1147) in paragraph at lines 565--566
\OT1/ptm/m/n/10 61972125, 61602147, 61932009, 61732008, 61722204),
 []


Underfull \vbox (badness 2635) has occurred while \output is active []

 [7 <./simproof.pdf>] [8

]
No file aaai_changed.bbl.
(aaai_changed.aux)
 ***********
LaTeX2e <2023-06-01> patch level 1
L3 programming layer <2023-08-29>
 ***********


LaTeX Warning: There were multiply-defined labels.

 ) 
Here is how much of TeX's memory you used:
 5412 strings out of 475247
 95810 string characters out of 5757792
 1960801 words of memory out of 5000000
 26828 multiletter control sequences out of 15000+600000
 598068 words of font info for 124 fonts, out of 8000000 for 9000
 1141 hyphenation exceptions out of 8191
 57i,15n,65p,2255b,403s stack positions out of 10000i,1000n,20000p,200000b,200000s
<C:/Users/micha/AppData/Local/Programs/MiKTeX/fonts/type1/public/amsfonts/cm/
cmbx10.pfb><C:/Users/micha/AppData/Local/Programs/MiKTeX/fonts/type1/public/ams
fonts/cm/cmbx6.pfb><C:/Users/micha/AppData/Local/Programs/MiKTeX/fonts/type1/pu
blic/amsfonts/cm/cmbx7.pfb><C:/Users/micha/AppData/Local/Programs/MiKTeX/fonts/
type1/public/amsfonts/cm/cmbx9.pfb><C:/Users/micha/AppData/Local/Programs/MiKTe
X/fonts/type1/public/amsfonts/cmextra/cmex9.pfb><C:/Users/micha/AppData/Local/P
rograms/MiKTeX/fonts/type1/public/amsfonts/cm/cmmi10.pfb><C:/Users/micha/AppDat
a/Local/Programs/MiKTeX/fonts/type1/public/amsfonts/cm/cmmi5.pfb><C:/Users/mich
a/AppData/Local/Programs/MiKTeX/fonts/type1/public/amsfonts/cm/cmmi6.pfb><C:/Us
ers/micha/AppData/Local/Programs/MiKTeX/fonts/type1/public/amsfonts/cm/cmmi7.pf
b><C:/Users/micha/AppData/Local/Programs/MiKTeX/fonts/type1/public/amsfonts/cm/
cmmi9.pfb><C:/Users/micha/AppData/Local/Programs/MiKTeX/fonts/type1/public/amsf
onts/cm/cmr10.pfb><C:/Users/micha/AppData/Local/Programs/MiKTeX/fonts/type1/pub
lic/amsfonts/cm/cmr5.pfb><C:/Users/micha/AppData/Local/Programs/MiKTeX/fonts/ty
pe1/public/amsfonts/cm/cmr6.pfb><C:/Users/micha/AppData/Local/Programs/MiKTeX/f
onts/type1/public/amsfonts/cm/cmr7.pfb><C:/Users/micha/AppData/Local/Programs/M
iKTeX/fonts/type1/public/amsfonts/cm/cmr9.pfb><C:/Users/micha/AppData/Local/Pro
grams/MiKTeX/fonts/type1/public/amsfonts/cm/cmsy10.pfb><C:/Users/micha/AppData/
Local/Programs/MiKTeX/fonts/type1/public/amsfonts/cm/cmsy6.pfb><C:/Users/micha/
AppData/Local/Programs/MiKTeX/fonts/type1/public/amsfonts/cm/cmsy7.pfb><C:/User
s/micha/AppData/Local/Programs/MiKTeX/fonts/type1/public/amsfonts/cm/cmsy9.pfb>
<C:/Users/micha/AppData/Local/Programs/MiKTeX/fonts/type1/public/amsfonts/symbo
ls/msbm10.pfb><C:/Users/micha/AppData/Local/Programs/MiKTeX/fonts/type1/urw/tim
es/utmb8a.pfb><C:/Users/micha/AppData/Local/Programs/MiKTeX/fonts/type1/urw/tim
es/utmbi8a.pfb><C:/Users/micha/AppData/Local/Programs/MiKTeX/fonts/type1/urw/ti
mes/utmr8a.pfb><C:/Users/micha/AppData/Local/Programs/MiKTeX/fonts/type1/urw/ti
mes/utmri8a.pfb>
Output written on aaai_changed.pdf (8 pages, 517761 bytes).
PDF statistics:
 270 PDF objects out of 1000 (max. 8388607)
 0 named destinations out of 1000 (max. 500000)
 16 words of extra memory for PDF output out of 10000 (max. 10000000)

