This is pdfTeX, Version 3.141592653-2.6-1.40.25 (MiKTeX 23.9) (preloaded format=pdflatex 2023.9.22)  30 MAR 2024 16:18
entering extended mode
 restricted \write18 enabled.
 %&-line parsing enabled.
**./CVaR_arXiv_changed.tex
(CVaR_arXiv_changed.tex
LaTeX2e <2023-06-01> patch level 1
L3 programming layer <2023-08-29>
(C:\Users\micha\AppData\Local\Programs\MiKTeX\tex/latex/base\article.cls
Document Class: article 2023/05/17 v1.4n Standard LaTeX document class
(C:\Users\micha\AppData\Local\Programs\MiKTeX\tex/latex/base\size10.clo
File: size10.clo 2023/05/17 v1.4n Standard LaTeX file (size option)
)
\c@part=\count185
\c@section=\count186
\c@subsection=\count187
\c@subsubsection=\count188
\c@paragraph=\count189
\c@subparagraph=\count190
\c@figure=\count191
\c@table=\count192
\abovecaptionskip=\skip48
\belowcaptionskip=\skip49
\bibindent=\dimen140
)
(aaai.sty
Conference Style for AAAI for LaTeX 2e -- version of 1 January 2015
\titlebox=\skip50
) (C:\Users\micha\AppData\Local\Programs\MiKTeX\tex/latex/psnfss\times.sty
Package: times 2020/03/25 PSNFSS-v9.3 (SPQR) 
)
(C:\Users\micha\AppData\Local\Programs\MiKTeX\tex/latex/psnfss\helvet.sty
Package: helvet 2020/03/25 PSNFSS-v9.3 (WaS) 

(C:\Users\micha\AppData\Local\Programs\MiKTeX\tex/latex/graphics\keyval.sty
Package: keyval 2022/05/29 v1.15 key=value parser (DPC)
\KV@toks@=\toks17
))
(C:\Users\micha\AppData\Local\Programs\MiKTeX\tex/latex/psnfss\courier.sty
Package: courier 2020/03/25 PSNFSS-v9.3 (WaS) 
)
(C:\Users\micha\AppData\Local\Programs\MiKTeX\tex/latex/url\url.sty
\Urlmuskip=\muskip16
Package: url 2013/09/16  ver 3.4  Verb mode for urls, etc.
)
(C:\Users\micha\AppData\Local\Programs\MiKTeX\tex/latex/graphics\graphicx.sty
Package: graphicx 2021/09/16 v1.2d Enhanced LaTeX Graphics (DPC,SPQR)

(C:\Users\micha\AppData\Local\Programs\MiKTeX\tex/latex/graphics\graphics.sty
Package: graphics 2022/03/10 v1.4e Standard LaTeX Graphics (DPC,SPQR)

(C:\Users\micha\AppData\Local\Programs\MiKTeX\tex/latex/graphics\trig.sty
Package: trig 2021/08/11 v1.11 sin cos tan (DPC)
)
(C:\Users\micha\AppData\Local\Programs\MiKTeX\tex/latex/graphics-cfg\graphics.c
fg
File: graphics.cfg 2016/06/04 v1.11 sample graphics configuration
)
Package graphics Info: Driver file: pdftex.def on input line 107.

(C:\Users\micha\AppData\Local\Programs\MiKTeX\tex/latex/graphics-def\pdftex.def
File: pdftex.def 2022/09/22 v1.2b Graphics/color driver for pdftex
))
\Gin@req@height=\dimen141
\Gin@req@width=\dimen142
)
(C:\Users\micha\AppData\Local\Programs\MiKTeX\tex/latex/algorithms\algorithm.st
y
Package: algorithm 2009/08/24 v0.1 Document Style `algorithm' - floating enviro
nment
 (C:\Users\micha\AppData\Local\Programs\MiKTeX\tex/latex/float\float.sty
Package: float 2001/11/08 v1.3d Float enhancements (AL)
\c@float@type=\count193
\float@exts=\toks18
\float@box=\box51
\@float@everytoks=\toks19
\@floatcapt=\box52
)
(C:\Users\micha\AppData\Local\Programs\MiKTeX\tex/latex/base\ifthen.sty
Package: ifthen 2022/04/13 v1.1d Standard LaTeX ifthen package (DPC)
)
\@float@every@algorithm=\toks20
\c@algorithm=\count194
)
(C:\Users\micha\AppData\Local\Programs\MiKTeX\tex/latex/algorithms\algorithmic.
sty
Package: algorithmic 2009/08/24 v0.1 Document Style `algorithmic'
\c@ALC@unique=\count195
\c@ALC@line=\count196
\c@ALC@rem=\count197
\c@ALC@depth=\count198
\ALC@tlm=\skip51
\algorithmicindent=\skip52
)
(C:\Users\micha\AppData\Local\Programs\MiKTeX\tex/latex/amsmath\amsmath.sty
Package: amsmath 2023/05/13 v2.17o AMS math features
\@mathmargin=\skip53

For additional information on amsmath, use the `?' option.
(C:\Users\micha\AppData\Local\Programs\MiKTeX\tex/latex/amsmath\amstext.sty
Package: amstext 2021/08/26 v2.01 AMS text

(C:\Users\micha\AppData\Local\Programs\MiKTeX\tex/latex/amsmath\amsgen.sty
File: amsgen.sty 1999/11/30 v2.0 generic functions
\@emptytoks=\toks21
\ex@=\dimen143
))
(C:\Users\micha\AppData\Local\Programs\MiKTeX\tex/latex/amsmath\amsbsy.sty
Package: amsbsy 1999/11/29 v1.2d Bold Symbols
\pmbraise@=\dimen144
)
(C:\Users\micha\AppData\Local\Programs\MiKTeX\tex/latex/amsmath\amsopn.sty
Package: amsopn 2022/04/08 v2.04 operator names
)
\inf@bad=\count199
LaTeX Info: Redefining \frac on input line 234.
\uproot@=\count266
\leftroot@=\count267
LaTeX Info: Redefining \overline on input line 399.
LaTeX Info: Redefining \colon on input line 410.
\classnum@=\count268
\DOTSCASE@=\count269
LaTeX Info: Redefining \ldots on input line 496.
LaTeX Info: Redefining \dots on input line 499.
LaTeX Info: Redefining \cdots on input line 620.
\Mathstrutbox@=\box53
\strutbox@=\box54
LaTeX Info: Redefining \big on input line 722.
LaTeX Info: Redefining \Big on input line 723.
LaTeX Info: Redefining \bigg on input line 724.
LaTeX Info: Redefining \Bigg on input line 725.
\big@size=\dimen145
LaTeX Font Info:    Redeclaring font encoding OML on input line 743.
LaTeX Font Info:    Redeclaring font encoding OMS on input line 744.
\macc@depth=\count270
LaTeX Info: Redefining \bmod on input line 905.
LaTeX Info: Redefining \pmod on input line 910.
LaTeX Info: Redefining \smash on input line 940.
LaTeX Info: Redefining \relbar on input line 970.
LaTeX Info: Redefining \Relbar on input line 971.
\c@MaxMatrixCols=\count271
\dotsspace@=\muskip17
\c@parentequation=\count272
\dspbrk@lvl=\count273
\tag@help=\toks22
\row@=\count274
\column@=\count275
\maxfields@=\count276
\andhelp@=\toks23
\eqnshift@=\dimen146
\alignsep@=\dimen147
\tagshift@=\dimen148
\tagwidth@=\dimen149
\totwidth@=\dimen150
\lineht@=\dimen151
\@envbody=\toks24
\multlinegap=\skip54
\multlinetaggap=\skip55
\mathdisplay@stack=\toks25
LaTeX Info: Redefining \[ on input line 2953.
LaTeX Info: Redefining \] on input line 2954.
)
(C:\Users\micha\AppData\Local\Programs\MiKTeX\tex/latex/amscls\amsthm.sty
Package: amsthm 2020/05/29 v2.20.6
\thm@style=\toks26
\thm@bodyfont=\toks27
\thm@headfont=\toks28
\thm@notefont=\toks29
\thm@headpunct=\toks30
\thm@preskip=\skip56
\thm@postskip=\skip57
\thm@headsep=\skip58
\dth@everypar=\toks31
)
(C:\Users\micha\AppData\Local\Programs\MiKTeX\tex/latex/amsfonts\amsfonts.sty
Package: amsfonts 2013/01/14 v3.01 Basic AMSFonts support
\symAMSa=\mathgroup4
\symAMSb=\mathgroup5
LaTeX Font Info:    Redeclaring math symbol \hbar on input line 98.
LaTeX Font Info:    Overwriting math alphabet `\mathfrak' in version `bold'
(Font)                  U/euf/m/n --> U/euf/b/n on input line 106.
)
(MnSymbol.sty
Package: MnSymbol 2007/01/21 v1.4 support for the MnSymbol font

(C:\Users\micha\AppData\Local\Programs\MiKTeX\tex/latex/base\textcomp.sty
Package: textcomp 2020/02/02 v2.0n Standard LaTeX package
)
LaTeX Info: Redefining \dagger on input line 84.
LaTeX Info: Redefining \ddagger on input line 84.
LaTeX Info: Redefining \mathparagraph on input line 84.
LaTeX Info: Redefining \mathsection on input line 84.
LaTeX Info: Redefining \mathdollar on input line 84.
LaTeX Info: Redefining \mathsterling on input line 84.
LaTeX Info: Redefining \yen on input line 84.
LaTeX Info: Redefining \circledR on input line 84.
LaTeX Info: Redefining \Re on input line 84.
LaTeX Info: Redefining \Im on input line 84.
\symMnSyA=\mathgroup6
\symMnSyB=\mathgroup7
\symMnSyC=\mathgroup8
\symMnSyD=\mathgroup9
LaTeX Font Info:    Redeclaring symbol font `largesymbols' on input line 119.
LaTeX Font Info:    Overwriting symbol font `largesymbols' in version `normal'
(Font)                  OMX/cmex/m/n --> OMX/MnSymbolE/m/n on input line 119.
LaTeX Font Info:    Overwriting symbol font `largesymbols' in version `bold'
(Font)                  OMX/cmex/m/n --> OMX/MnSymbolE/m/n on input line 119.
LaTeX Font Info:    Redeclaring symbol font `symbols' on input line 120.
LaTeX Font Info:    Encoding `OMS' has changed to `U' for symbol font
(Font)              `symbols' in the math version `normal' on input line 120.
LaTeX Font Info:    Overwriting symbol font `symbols' in version `normal'
(Font)                  OMS/cmsy/m/n --> U/MnSymbolF/m/n on input line 120.
LaTeX Font Info:    Encoding `OMS' has changed to `U' for symbol font
(Font)              `symbols' in the math version `bold' on input line 120.
LaTeX Font Info:    Overwriting symbol font `symbols' in version `bold'
(Font)                  OMS/cmsy/b/n --> U/MnSymbolF/m/n on input line 120.
LaTeX Font Info:    Overwriting symbol font `MnSyA' in version `bold'
(Font)                  U/MnSymbolA/m/n --> U/MnSymbolA/b/n on input line 121.
LaTeX Font Info:    Overwriting symbol font `MnSyB' in version `bold'
(Font)                  U/MnSymbolB/m/n --> U/MnSymbolB/b/n on input line 122.
LaTeX Font Info:    Overwriting symbol font `MnSyC' in version `bold'
(Font)                  U/MnSymbolC/m/n --> U/MnSymbolC/b/n on input line 123.
LaTeX Font Info:    Overwriting symbol font `MnSyD' in version `bold'
(Font)                  U/MnSymbolD/m/n --> U/MnSymbolD/b/n on input line 124.
LaTeX Font Info:    Overwriting symbol font `largesymbols' in version `bold'
(Font)                  OMX/MnSymbolE/m/n --> OMX/MnSymbolE/b/n on input line 1
25.
LaTeX Font Info:    Overwriting symbol font `symbols' in version `bold'
(Font)                  U/MnSymbolF/m/n --> U/MnSymbolF/b/n on input line 126.
LaTeX Font Info:    Redeclaring math alphabet \mathcal on input line 241.
LaTeX Font Info:    Overwriting math alphabet `\mathcal' in version `bold'
(Font)                  OMS/MnSymbolS/m/n --> OMS/MnSymbolS/b/n on input line 2
41.
LaTeX Info: Redefining \longrightarrow on input line 548.
LaTeX Info: Redefining \longleftarrow on input line 549.
LaTeX Info: Redefining \longleftrightarrow on input line 550.
LaTeX Info: Redefining \Longrightarrow on input line 551.
LaTeX Info: Redefining \Longleftarrow on input line 552.
LaTeX Info: Redefining \Longleftrightarrow on input line 553.
LaTeX Info: Redefining \longmapsto on input line 554.
LaTeX Info: Redefining \vdots on input line 868.
LaTeX Font Info:    Redeclaring math symbol \braceld on input line 1721.
LaTeX Font Info:    Redeclaring math symbol \bracelu on input line 1722.
LaTeX Font Info:    Redeclaring math symbol \bracerd on input line 1723.
LaTeX Font Info:    Redeclaring math symbol \braceru on input line 1724.
LaTeX Info: Redefining \downbracefill on input line 1799.
LaTeX Info: Redefining \upbracefill on input line 1800.
LaTeX Info: Redefining \overbrace on input line 1819.
LaTeX Info: Redefining \underbrace on input line 1820.
LaTeX Info: Redefining \surd on input line 1843.
LaTeX Font Info:    Redeclaring math accent \widehat on input line 1845.
LaTeX Font Info:    Redeclaring math accent \widetilde on input line 1846.
LaTeX Font Info:    Redeclaring math accent \vec on input line 1848.
)
\c@definition=\count277
\c@theorem=\count278
\c@assumption=\count279
\c@question=\count280
LaTeX Font Info:    Trying to load font information for OT1+ptm on input line 8
6.

(C:\Users\micha\AppData\Local\Programs\MiKTeX\tex/latex/psnfss\ot1ptm.fd
File: ot1ptm.fd 2001/06/04 font definitions for OT1/ptm.
)
(C:\Users\micha\AppData\Local\Programs\MiKTeX\tex/latex/l3backend\l3backend-pdf
tex.def
File: l3backend-pdftex.def 2023-04-19 L3 backend support: PDF output (pdfTeX)
\l__color_backend_stack_int=\count281
\l__pdf_internal_box=\box55
) (CVaR_arXiv_changed.aux)
\openout1 = `CVaR_arXiv_changed.aux'.

LaTeX Font Info:    Checking defaults for OML/cmm/m/it on input line 86.
LaTeX Font Info:    ... okay on input line 86.
LaTeX Font Info:    Checking defaults for OMS/cmsy/m/n on input line 86.
LaTeX Font Info:    ... okay on input line 86.
LaTeX Font Info:    Checking defaults for OT1/cmr/m/n on input line 86.
LaTeX Font Info:    ... okay on input line 86.
LaTeX Font Info:    Checking defaults for T1/cmr/m/n on input line 86.
LaTeX Font Info:    ... okay on input line 86.
LaTeX Font Info:    Checking defaults for TS1/cmr/m/n on input line 86.
LaTeX Font Info:    ... okay on input line 86.
LaTeX Font Info:    Checking defaults for OMX/cmex/m/n on input line 86.
LaTeX Font Info:    ... okay on input line 86.
LaTeX Font Info:    Checking defaults for U/cmr/m/n on input line 86.
LaTeX Font Info:    ... okay on input line 86.

(C:\Users\micha\AppData\Local\Programs\MiKTeX\tex/context/base/mkii\supp-pdf.mk
ii
[Loading MPS to PDF converter (version 2006.09.02).]
\scratchcounter=\count282
\scratchdimen=\dimen152
\scratchbox=\box56
\nofMPsegments=\count283
\nofMParguments=\count284
\everyMPshowfont=\toks32
\MPscratchCnt=\count285
\MPscratchDim=\dimen153
\MPnumerator=\count286
\makeMPintoPDFobject=\count287
\everyMPtoPDFconversion=\toks33
)
(C:\Users\micha\AppData\Local\Programs\MiKTeX\tex/latex/epstopdf-pkg\epstopdf-b
ase.sty
Package: epstopdf-base 2020-01-24 v2.11 Base part for package epstopdf
Package epstopdf-base Info: Redefining graphics rule for `.eps' on input line 4
85.

(C:\Users\micha\AppData\Local\Programs\MiKTeX\tex/latex/00miktex\epstopdf-sys.c
fg
File: epstopdf-sys.cfg 2021/03/18 v2.0 Configuration of epstopdf for MiKTeX
))
LaTeX Font Info:    Trying to load font information for U+msa on input line 98.

 (C:\Users\micha\AppData\Local\Programs\MiKTeX\tex/latex/amsfonts\umsa.fd
File: umsa.fd 2013/01/14 v3.01 AMS symbols A
)
LaTeX Font Info:    Trying to load font information for U+msb on input line 98.


(C:\Users\micha\AppData\Local\Programs\MiKTeX\tex/latex/amsfonts\umsb.fd
File: umsb.fd 2013/01/14 v3.01 AMS symbols B
)
LaTeX Font Info:    Trying to load font information for OMS+ptm on input line 9
8.

(C:\Users\micha\AppData\Local\Programs\MiKTeX\tex/latex/psnfss\omsptm.fd
File: omsptm.fd 
)
LaTeX Font Info:    Font shape `OMS/ptm/m/n' in size <10> not available
(Font)              Font shape `OMS/cmsy/m/n' tried instead on input line 98.
LaTeX Font Info:    Trying to load font information for TS1+ptm on input line 9
8.

(C:\Users\micha\AppData\Local\Programs\MiKTeX\tex/latex/psnfss\ts1ptm.fd
File: ts1ptm.fd 2001/06/04 font definitions for TS1/ptm.
)

LaTeX Warning: Citation `rockafellar2000optimization' on page 1 undefined on in
put line 109.


LaTeX Warning: Citation `rockafellar2000optimization' on page 1 undefined on in
put line 109.


LaTeX Warning: Citation `rockafellar2000optimization' on page 1 undefined on in
put line 117.


LaTeX Warning: Citation `hong_simulating_2009' on page 1 undefined on input lin
e 117.


LaTeX Warning: Citation `iyengar2013fast' on page 1 undefined on input line 117
.


LaTeX Warning: Citation `tamar2012policy' on page 1 undefined on input line 117
.


LaTeX Warning: Citation `prashanth2013actor' on page 1 undefined on input line 
117.


LaTeX Warning: Citation `tamar2012policy' on page 1 undefined on input line 127
.


LaTeX Warning: Citation `tamar2012policy' on page 1 undefined on input line 127
.


LaTeX Warning: Citation `prashanth2013actor' on page 1 undefined on input line 
127.


LaTeX Warning: Citation `prashanth2013actor' on page 1 undefined on input line 
127.


LaTeX Warning: Citation `glynn1990likelihood' on page 1 undefined on input line
 132.


LaTeX Warning: Citation `glynn1990likelihood' on page 1 undefined on input line
 132.


LaTeX Warning: Citation `Fu2006gradients' on page 1 undefined on input line 132
.


LaTeX Warning: Citation `sutton_reinforcement_1998' on page 1 undefined on inpu
t line 132.


LaTeX Warning: Citation `sutton_reinforcement_1998' on page 1 undefined on inpu
t line 132.


LaTeX Warning: Citation `baxter2001infinite' on page 1 undefined on input line 
132.


LaTeX Warning: Citation `peters_reinforcement_2008' on page 1 undefined on inpu
t line 132.


LaTeX Warning: Citation `hong_simulating_2009' on page 1 undefined on input lin
e 136.


LaTeX Warning: Citation `hong_simulating_2009' on page 1 undefined on input lin
e 136.


LaTeX Warning: Citation `scaillet_nonparametric_2004' on page 1 undefined on in
put line 136.


LaTeX Warning: Citation `scaillet_nonparametric_2004' on page 1 undefined on in
put line 136.


LaTeX Warning: Citation `borkar2001sensitivity' on page 1 undefined on input li
ne 138.


LaTeX Warning: Citation `borkar2001sensitivity' on page 1 undefined on input li
ne 138.


LaTeX Warning: Citation `tamar2012policy' on page 1 undefined on input line 138
.


LaTeX Warning: Citation `tamar2012policy' on page 1 undefined on input line 138
.


LaTeX Warning: Citation `agarwal2004risks' on page 1 undefined on input line 13
8.

[1{C:/Users/micha/AppData/Local/MiKTeX/fonts/map/pdftex/pdftex.map}{C:/Users/mi
cha/AppData/Local/Programs/MiKTeX/fonts/enc/dvips/base/8r.enc}



{C:/Users/micha/AppData/Local/Programs/MiKTeX/fonts/enc/dvips/mnsymbol/MnSymbol
E.enc}{C:/Users/micha/AppData/Local/Programs/MiKTeX/fonts/enc/dvips/mnsymbol/Mn
SymbolD.enc}]

LaTeX Warning: Citation `tamar2012policy' on page 2 undefined on input line 140
.


LaTeX Warning: Citation `tamar2012policy' on page 2 undefined on input line 140
.


LaTeX Warning: Citation `prashanth2013actor' on page 2 undefined on input line 
140.


LaTeX Warning: Citation `prashanth2013actor' on page 2 undefined on input line 
140.


LaTeX Warning: Citation `morimura_nonparametric_2010' on page 2 undefined on in
put line 140.


LaTeX Warning: Citation `morimura_nonparametric_2010' on page 2 undefined on in
put line 140.


LaTeX Warning: Citation `borkar2014risk' on page 2 undefined on input line 140.



LaTeX Warning: Citation `borkar2014risk' on page 2 undefined on input line 140.



LaTeX Warning: Citation `borkar2014risk' on page 2 undefined on input line 140.



LaTeX Warning: Citation `prashanth2014cvar' on page 2 undefined on input line 1
41.


LaTeX Warning: Citation `prashanth2014cvar' on page 2 undefined on input line 1
41.


Underfull \hbox (badness 6477) in paragraph at lines 225--232
[]\OT1/ptm/m/n/10 Rearranging, and plug-ging [] in [] we ob-tain
 []


Underfull \hbox (badness 1210) in paragraph at lines 225--232
[]\OT1/cmr/m/n/10 ^^H[]\OMX/MnSymbolE/m/n/10 à\OML/cmm/m/it/10 Z\OT1/cmr/m/n/10
 ; \OML/cmm/m/it/10 ^^R\OMX/MnSymbolE/m/n/10 ç \U/MnSymbolD/m/n/10 ^^@ \OML/cmm
/m/it/10 [] [][] [] [] dz:$
 []


LaTeX Warning: Citation `glynn1990likelihood' on page 2 undefined on input line
 234.

[2{C:/Users/micha/AppData/Local/Programs/MiKTeX/fonts/enc/dvips/mnsymbol/MnSymb
olC.enc}{C:/Users/micha/AppData/Local/Programs/MiKTeX/fonts/enc/dvips/mnsymbol/
MnSymbolF.enc}]
Underfull \hbox (badness 10000) in paragraph at lines 249--254
[]\OT1/ptm/m/n/10 Define the level-set $\OMS/MnSymbolS/m/n/10 D[] \U/MnSymbolD/
m/n/10 ^^@
 []


Underfull \hbox (badness 10000) in paragraph at lines 249--254
[] \OML/cmm/m/it/10 :$ \OT1/ptm/m/n/10 We re-quire some
 []


Underfull \hbox (badness 1178) in paragraph at lines 249--254
\OT1/ptm/m/n/10 smooth-ness of the func-tion $\OML/cmm/m/it/10 r$\OT1/ptm/m/n/1
0 , that is cap-tured by the
 []


LaTeX Warning: Citation `tamar2014cvar' on page 3 undefined on input line 272.

LaTeX Font Info:    Trying to load font information for OT1+pcr on input line 2
75.
(C:\Users\micha\AppData\Local\Programs\MiKTeX\tex/latex/psnfss\ot1pcr.fd
File: ot1pcr.fd 2001/06/04 font definitions for OT1/pcr.
)
Underfull \hbox (badness 5175) in paragraph at lines 276--276
[][]\OT1/ptm/m/n/9 Algorithmically, this is equiv-a-lent to first sort-ing the
 []


Underfull \hbox (badness 2418) in paragraph at lines 279--288
\OT1/ptm/m/n/10 where $[]\OMX/MnSymbolE/m/n/10 à\OML/cmm/m/it/10 z\OMX/MnSymbol
E/m/n/10 ç$ \OT1/ptm/m/n/10 is the em-pir-i-cal C.D.F. of $\OML/cmm/m/it/10 R$\
OT1/ptm/m/n/10 : $[]\OMX/MnSymbolE/m/n/10 à\OML/cmm/m/it/10 z\OMX/MnSymbolE/m/n
/10 ç \U/MnSymbolD/m/n/10 ^^S
 []


LaTeX Warning: Citation `hong_simulating_2009' on page 3 undefined on input lin
e 322.


Underfull \hbox (badness 10000) in paragraph at lines 328--333
[]\OT1/ptm/m/n/10 With an ad-di-tional smooth-ness as-sump-tion we
 []


Underfull \hbox (badness 6758) in paragraph at lines 328--333
\OT1/ptm/m/n/10 can ex-plic-itly bound the bias. Let $\OML/cmm/m/it/10 f[]\OMX/
MnSymbolE/m/n/10 à\U/MnSymbolC/m/n/10 ^^@\OT1/cmr/m/n/10 ; \OML/cmm/m/it/10 ^^R
\OMX/MnSymbolE/m/n/10 ç$ \OT1/ptm/m/n/10 de-note
 []


Underfull \hbox (badness 2617) in paragraph at lines 328--333
\OT1/ptm/m/n/10 the P.D.F. of $\OML/cmm/m/it/10 R$\OT1/ptm/m/n/10 , and de-fine
 the func-tion $\OML/cmm/m/it/10 g\OMX/MnSymbolE/m/n/10 à\OML/cmm/m/it/10 ^^L\O
T1/cmr/m/n/10 ; \OML/cmm/m/it/10 ^^R\OMX/MnSymbolE/m/n/10 ç \U/MnSymbolD/m/n/10
 ^^S
 []


LaTeX Warning: Citation `hong_simulating_2009' on page 3 undefined on input lin
e 337.


LaTeX Warning: Citation `hong_simulating_2009' on page 3 undefined on input lin
e 338.


LaTeX Warning: Citation `hong_simulating_2009' on page 3 undefined on input lin
e 338.

[3{C:/Users/micha/AppData/Local/Programs/MiKTeX/fonts/enc/dvips/mnsymbol/MnSymb
olS.enc}{C:/Users/micha/AppData/Local/Programs/MiKTeX/fonts/enc/dvips/mnsymbol/
MnSymbolA.enc}]
Underfull \hbox (badness 1173) in paragraph at lines 340--341
\OT1/ptm/b/n/10 Theorem 4. \OT1/ptm/m/it/10 Let As-sump-tions 4[], 5[], and 6[]
 hold. Then
 []


LaTeX Warning: Citation `rubinstein2011simulation' on page 4 undefined on input
 line 350.


LaTeX Warning: Citation `rubinstein2011simulation' on page 4 undefined on input
 line 350.


LaTeX Warning: Citation `bardou2009computing' on page 4 undefined on input line
 350.


LaTeX Warning: Citation `bardou2009computing' on page 4 undefined on input line
 350.


LaTeX Warning: Citation `rubinstein2011simulation' on page 4 undefined on input
 line 350.


LaTeX Warning: Citation `rubinstein2011simulation' on page 4 undefined on input
 line 350.


LaTeX Warning: Citation `kushner2003stochastic' on page 4 undefined on input li
ne 364.


LaTeX Warning: Citation `kushner2003stochastic' on page 4 undefined on input li
ne 364.


LaTeX Warning: Citation `kushner2003stochastic' on page 4 undefined on input li
ne 369.


LaTeX Warning: Citation `kushner2003stochastic' on page 4 undefined on input li
ne 369.

LaTeX Font Info:    Font shape `OT1/pcr/m/it' in size <10> not available
(Font)              Font shape `OT1/pcr/m/sl' tried instead on input line 372.

Underfull \hbox (badness 4940) in paragraph at lines 372--373
\OT1/ptm/b/n/10 Theorem 5. \OT1/ptm/m/it/10 Con-sider the \OT1/pcr/m/sl/10 CVaR
SGD \OT1/ptm/m/it/10 al-go-rithm [].
 []


Underfull \hbox (badness 2277) in paragraph at lines 372--373
\OT1/ptm/m/it/10 Let As-sump-tions 4[], 5[], and 6[] hold, and as-sume that
 []


Underfull \hbox (badness 1237) in paragraph at lines 372--373
\OT1/cmr/m/n/10 ^^H[]\OMX/MnSymbolE/m/n/10 à\OML/cmm/m/it/10 R\OT1/cmr/m/n/10 ;
 \OML/cmm/m/it/10 ^^R\OMX/MnSymbolE/m/n/10 ç$ \OT1/ptm/m/it/10 is con-tin-u-ous
ly dif-fer-en-tiable in $\OML/cmm/m/it/10 ^^R$\OT1/ptm/m/it/10 . Also, as-
 []


Underfull \hbox (badness 3590) in paragraph at lines 372--373
\OT1/ptm/m/it/10 sume that $[][] \OML/cmm/m/it/10 ^^O[] \U/MnSymbolD/m/n/10 ^^@
 \U/MnSymbolC/m/n/10 ™$\OT1/ptm/m/it/10 , $[][] \OML/cmm/m/it/10 ^^O[] \U/MnSym
bolD/m/n/10 @ \U/MnSymbolC/m/n/10 ™$\OT1/ptm/m/it/10 , and that
 []

[4]

LaTeX Warning: Citation `Ber2012DynamicProgramming' on page 5 undefined on inpu
t line 385.


Underfull \hbox (badness 1062) in paragraph at lines 385--389
[]\OT1/ptm/m/n/10 We con-sider an episodic[] Markov De-ci-sion Prob-lem
 []


LaTeX Warning: Citation `baxter2001infinite' on page 5 undefined on input line 
391.


LaTeX Warning: Citation `MarTsi98' on page 5 undefined on input line 391.


LaTeX Warning: Citation `peters_reinforcement_2008' on page 5 undefined on inpu
t line 391.


LaTeX Warning: Citation `MarTsi98' on page 5 undefined on input line 403.


Underfull \hbox (badness 1028) in paragraph at lines 413--416
\OT1/ptm/m/n/10 us-ing the sim-u-lated tra-jec-to-ries $\OML/cmm/m/it/10 x[]; y
[]; [] ; x[]; y[]$\OT1/ptm/m/n/10 , Eq.
 []


LaTeX Warning: Citation `Ber2012DynamicProgramming' on page 5 undefined on inpu
t line 417.


LaTeX Warning: Citation `bauerle2011markov' on page 5 undefined on input line 4
17.


LaTeX Warning: Citation `bauerle2011markov' on page 5 undefined on input line 4
17.


LaTeX Warning: Citation `sutton_policy_2000' on page 5 undefined on input line 
419.


LaTeX Warning: Citation `MarTsi98' on page 5 undefined on input line 419.

<fig1.png, id=47, 1571.8725pt x 323.70938pt>
File: fig1.png Graphic file (type png)
<use fig1.png>
Package pdftex.def Info: fig1.png  used on input line 498.
(pdftex.def)             Requested size: 505.89pt x 104.18184pt.

LaTeX Warning: Citation `tsitsiklis1996feature' on page 5 undefined on input li
ne 506.


LaTeX Warning: Citation `kakade2001natural' on page 5 undefined on input line 5
06.


LaTeX Warning: Citation `furmston2012unifying' on page 5 undefined on input lin
e 506.


LaTeX Warning: Citation `gabillon2013approximate' on page 5 undefined on input 
line 506.


LaTeX Warning: Citation `gabillon2013approximate' on page 5 undefined on input 
line 507.


LaTeX Warning: Citation `gabillon2013approximate' on page 5 undefined on input 
line 507.


LaTeX Warning: Citation `gabillon2013approximate' on page 5 undefined on input 
line 507.

[5]

LaTeX Warning: Citation `thiery2009improvements' on page 6 undefined on input l
ine 515.


LaTeX Warning: Citation `thiery2009improvements' on page 6 undefined on input l
ine 515.

[6 <./fig1.png>] [7

]
No file CVaR_arXiv_changed.bbl.
(CVaR_arXiv_changed.aux)
 ***********
LaTeX2e <2023-06-01> patch level 1
L3 programming layer <2023-08-29>
 ***********
 ) 
Here is how much of TeX's memory you used:
 5647 strings out of 475247
 80492 string characters out of 5757792
 1953801 words of memory out of 5000000
 27063 multiletter control sequences out of 15000+600000
 595192 words of font info for 125 fonts, out of 8000000 for 9000
 1141 hyphenation exceptions out of 8191
 57i,21n,65p,1251b,292s stack positions out of 10000i,1000n,20000p,200000b,200000s
<C:/Users/micha/AppData/Local/Programs/MiKTeX/fonts/type1/public/mnsymbol/MnS
ymbol10.pfb><C:/Users/micha/AppData/Local/Programs/MiKTeX/fonts/type1/public/mn
symbol/MnSymbol5.pfb><C:/Users/micha/AppData/Local/Programs/MiKTeX/fonts/type1/
public/mnsymbol/MnSymbol6.pfb><C:/Users/micha/AppData/Local/Programs/MiKTeX/fon
ts/type1/public/mnsymbol/MnSymbol7.pfb><C:/Users/micha/AppData/Local/Programs/M
iKTeX/fonts/type1/public/mnsymbol/MnSymbol9.pfb><C:/Users/micha/AppData/Local/P
rograms/MiKTeX/fonts/type1/public/amsfonts/cm/cmbx10.pfb><C:/Users/micha/AppDat
a/Local/Programs/MiKTeX/fonts/type1/public/amsfonts/cm/cmbx5.pfb><C:/Users/mich
a/AppData/Local/Programs/MiKTeX/fonts/type1/public/amsfonts/cm/cmbx7.pfb><C:/Us
ers/micha/AppData/Local/Programs/MiKTeX/fonts/type1/public/amsfonts/cm/cmbx9.pf
b><C:/Users/micha/AppData/Local/Programs/MiKTeX/fonts/type1/public/amsfonts/cm/
cmmi10.pfb><C:/Users/micha/AppData/Local/Programs/MiKTeX/fonts/type1/public/ams
fonts/cm/cmmi5.pfb><C:/Users/micha/AppData/Local/Programs/MiKTeX/fonts/type1/pu
blic/amsfonts/cm/cmmi6.pfb><C:/Users/micha/AppData/Local/Programs/MiKTeX/fonts/
type1/public/amsfonts/cm/cmmi7.pfb><C:/Users/micha/AppData/Local/Programs/MiKTe
X/fonts/type1/public/amsfonts/cm/cmmi9.pfb><C:/Users/micha/AppData/Local/Progra
ms/MiKTeX/fonts/type1/public/amsfonts/cm/cmr10.pfb><C:/Users/micha/AppData/Loca
l/Programs/MiKTeX/fonts/type1/public/amsfonts/cm/cmr5.pfb><C:/Users/micha/AppDa
ta/Local/Programs/MiKTeX/fonts/type1/public/amsfonts/cm/cmr6.pfb><C:/Users/mich
a/AppData/Local/Programs/MiKTeX/fonts/type1/public/amsfonts/cm/cmr7.pfb><C:/Use
rs/micha/AppData/Local/Programs/MiKTeX/fonts/type1/public/amsfonts/cm/cmr9.pfb>
<C:/Users/micha/AppData/Local/Programs/MiKTeX/fonts/type1/public/amsfonts/cm/cm
sy10.pfb><C:/Users/micha/AppData/Local/Programs/MiKTeX/fonts/type1/public/amsfo
nts/symbols/msbm10.pfb><C:/Users/micha/AppData/Local/Programs/MiKTeX/fonts/type
1/public/amsfonts/symbols/msbm7.pfb><C:/Users/micha/AppData/Local/Programs/MiKT
eX/fonts/type1/urw/courier/ucrb8a.pfb><C:/Users/micha/AppData/Local/Programs/Mi
KTeX/fonts/type1/urw/courier/ucrr8a.pfb><C:/Users/micha/AppData/Local/Programs/
MiKTeX/fonts/type1/urw/courier/ucrro8a.pfb><C:/Users/micha/AppData/Local/Progra
ms/MiKTeX/fonts/type1/urw/times/utmb8a.pfb><C:/Users/micha/AppData/Local/Progra
ms/MiKTeX/fonts/type1/urw/times/utmr8a.pfb><C:/Users/micha/AppData/Local/Progra
ms/MiKTeX/fonts/type1/urw/times/utmri8a.pfb>
Output written on CVaR_arXiv_changed.pdf (7 pages, 443022 bytes).
PDF statistics:
 216 PDF objects out of 1000 (max. 8388607)
 0 named destinations out of 1000 (max. 500000)
 6 words of extra memory for PDF output out of 10000 (max. 10000000)

