This is pdfTeX, Version 3.141592653-2.6-1.40.25 (MiKTeX 23.9) (preloaded format=pdflatex 2023.9.22)  30 MAR 2024 16:27
entering extended mode
 restricted \write18 enabled.
 %&-line parsing enabled.
**./main_changed.tex
(main_changed.tex
LaTeX2e <2023-06-01> patch level 1
L3 programming layer <2023-08-29>
(C:\Users\micha\AppData\Local\Programs\MiKTeX\tex/latex/base\article.cls
Document Class: article 2023/05/17 v1.4n Standard LaTeX document class
(C:\Users\micha\AppData\Local\Programs\MiKTeX\tex/latex/base\size10.clo
File: size10.clo 2023/05/17 v1.4n Standard LaTeX file (size option)
)
\c@part=\count185
\c@section=\count186
\c@subsection=\count187
\c@subsubsection=\count188
\c@paragraph=\count189
\c@subparagraph=\count190
\c@figure=\count191
\c@table=\count192
\abovecaptionskip=\skip48
\belowcaptionskip=\skip49
\bibindent=\dimen140
)
(aaai21.sty
Conference Style for AAAI for LaTeX 2e -- version for the AAAI-21 conference - 
MODIFIED
\titlebox=\skip50
) (C:\Users\micha\AppData\Local\Programs\MiKTeX\tex/latex/psnfss\times.sty
Package: times 2020/03/25 PSNFSS-v9.3 (SPQR) 
)
(C:\Users\micha\AppData\Local\Programs\MiKTeX\tex/latex/psnfss\helvet.sty
Package: helvet 2020/03/25 PSNFSS-v9.3 (WaS) 

(C:\Users\micha\AppData\Local\Programs\MiKTeX\tex/latex/graphics\keyval.sty
Package: keyval 2022/05/29 v1.15 key=value parser (DPC)
\KV@toks@=\toks17
))
(C:\Users\micha\AppData\Local\Programs\MiKTeX\tex/latex/psnfss\courier.sty
Package: courier 2020/03/25 PSNFSS-v9.3 (WaS) 
)
(C:\Users\micha\AppData\Local\Programs\MiKTeX\tex/latex/url\url.sty
\Urlmuskip=\muskip16
Package: url 2013/09/16  ver 3.4  Verb mode for urls, etc.
)
(C:\Users\micha\AppData\Local\Programs\MiKTeX\tex/latex/graphics\graphicx.sty
Package: graphicx 2021/09/16 v1.2d Enhanced LaTeX Graphics (DPC,SPQR)

(C:\Users\micha\AppData\Local\Programs\MiKTeX\tex/latex/graphics\graphics.sty
Package: graphics 2022/03/10 v1.4e Standard LaTeX Graphics (DPC,SPQR)

(C:\Users\micha\AppData\Local\Programs\MiKTeX\tex/latex/graphics\trig.sty
Package: trig 2021/08/11 v1.11 sin cos tan (DPC)
)
(C:\Users\micha\AppData\Local\Programs\MiKTeX\tex/latex/graphics-cfg\graphics.c
fg
File: graphics.cfg 2016/06/04 v1.11 sample graphics configuration
)
Package graphics Info: Driver file: pdftex.def on input line 107.

(C:\Users\micha\AppData\Local\Programs\MiKTeX\tex/latex/graphics-def\pdftex.def
File: pdftex.def 2022/09/22 v1.2b Graphics/color driver for pdftex
))
\Gin@req@height=\dimen141
\Gin@req@width=\dimen142
) (C:\Users\micha\AppData\Local\Programs\MiKTeX\tex/latex/natbib\natbib.sty
Package: natbib 2010/09/13 8.31b (PWD, AO)
\bibhang=\skip51
\bibsep=\skip52
LaTeX Info: Redefining \cite on input line 694.
\c@NAT@ctr=\count193
)
(C:\Users\micha\AppData\Local\Programs\MiKTeX\tex/latex/caption\caption.sty
Package: caption 2023/07/31 v3.6n Customizing captions (AR)

(C:\Users\micha\AppData\Local\Programs\MiKTeX\tex/latex/caption\caption3.sty
Package: caption3 2023/07/31 v2.4d caption3 kernel (AR)
\caption@tempdima=\dimen143
\captionmargin=\dimen144
\caption@leftmargin=\dimen145
\caption@rightmargin=\dimen146
\caption@width=\dimen147
\caption@indent=\dimen148
\caption@parindent=\dimen149
\caption@hangindent=\dimen150
Package caption Info: Standard document class detected.
)
\c@caption@flags=\count194
\c@continuedfloat=\count195
)
(C:\Users\micha\AppData\Local\Programs\MiKTeX\tex/latex/tools\bm.sty
Package: bm 2022/01/05 v1.2f Bold Symbol Support (DPC/FMi)
\symboldoperators=\mathgroup4
\symboldletters=\mathgroup5
\symboldsymbols=\mathgroup6
Package bm Info: No bold for \OMX/cmex/m/n, using \pmb.
LaTeX Font Info:    Redeclaring math alphabet \mathbf on input line 149.
)
(C:\Users\micha\AppData\Local\Programs\MiKTeX\tex/latex/amsfonts\amssymb.sty
Package: amssymb 2013/01/14 v3.01 AMS font symbols

(C:\Users\micha\AppData\Local\Programs\MiKTeX\tex/latex/amsfonts\amsfonts.sty
Package: amsfonts 2013/01/14 v3.01 Basic AMSFonts support
\@emptytoks=\toks18
\symAMSa=\mathgroup7
\symAMSb=\mathgroup8
LaTeX Font Info:    Redeclaring math symbol \hbar on input line 98.
LaTeX Font Info:    Overwriting math alphabet `\mathfrak' in version `bold'
(Font)                  U/euf/m/n --> U/euf/b/n on input line 106.
)) (C:\Users\micha\AppData\Local\Programs\MiKTeX\tex/latex/amsmath\amsmath.sty
Package: amsmath 2023/05/13 v2.17o AMS math features
\@mathmargin=\skip53

For additional information on amsmath, use the `?' option.
(C:\Users\micha\AppData\Local\Programs\MiKTeX\tex/latex/amsmath\amstext.sty
Package: amstext 2021/08/26 v2.01 AMS text

(C:\Users\micha\AppData\Local\Programs\MiKTeX\tex/latex/amsmath\amsgen.sty
File: amsgen.sty 1999/11/30 v2.0 generic functions
\@emptytoks=\toks19
\ex@=\dimen151
))
(C:\Users\micha\AppData\Local\Programs\MiKTeX\tex/latex/amsmath\amsbsy.sty
Package: amsbsy 1999/11/29 v1.2d Bold Symbols
LaTeX Info: Redefining \boldsymbol on input line 28.
\pmbraise@=\dimen152
)
(C:\Users\micha\AppData\Local\Programs\MiKTeX\tex/latex/amsmath\amsopn.sty
Package: amsopn 2022/04/08 v2.04 operator names
)
\inf@bad=\count196
LaTeX Info: Redefining \frac on input line 234.
\uproot@=\count197
\leftroot@=\count198
LaTeX Info: Redefining \overline on input line 399.
LaTeX Info: Redefining \colon on input line 410.
\classnum@=\count199
\DOTSCASE@=\count266
LaTeX Info: Redefining \ldots on input line 496.
LaTeX Info: Redefining \dots on input line 499.
LaTeX Info: Redefining \cdots on input line 620.
\Mathstrutbox@=\box51
\strutbox@=\box52
LaTeX Info: Redefining \big on input line 722.
LaTeX Info: Redefining \Big on input line 723.
LaTeX Info: Redefining \bigg on input line 724.
LaTeX Info: Redefining \Bigg on input line 725.
\big@size=\dimen153
LaTeX Font Info:    Redeclaring font encoding OML on input line 743.
LaTeX Font Info:    Redeclaring font encoding OMS on input line 744.
\macc@depth=\count267
LaTeX Info: Redefining \bmod on input line 905.
LaTeX Info: Redefining \pmod on input line 910.
LaTeX Info: Redefining \smash on input line 940.
LaTeX Info: Redefining \relbar on input line 970.
LaTeX Info: Redefining \Relbar on input line 971.
\c@MaxMatrixCols=\count268
\dotsspace@=\muskip17
\c@parentequation=\count269
\dspbrk@lvl=\count270
\tag@help=\toks20
\row@=\count271
\column@=\count272
\maxfields@=\count273
\andhelp@=\toks21
\eqnshift@=\dimen154
\alignsep@=\dimen155
\tagshift@=\dimen156
\tagwidth@=\dimen157
\totwidth@=\dimen158
\lineht@=\dimen159
\@envbody=\toks22
\multlinegap=\skip54
\multlinetaggap=\skip55
\mathdisplay@stack=\toks23
LaTeX Info: Redefining \[ on input line 2953.
LaTeX Info: Redefining \] on input line 2954.
)
(C:\Users\micha\AppData\Local\Programs\MiKTeX\tex/latex/mathtools\mathtools.sty
Package: mathtools 2022/06/29 v1.29 mathematical typesetting tools
(C:\Users\micha\AppData\Local\Programs\MiKTeX\tex/latex/tools\calc.sty
Package: calc 2017/05/25 v4.3 Infix arithmetic (KKT,FJ)
\calc@Acount=\count274
\calc@Bcount=\count275
\calc@Adimen=\dimen160
\calc@Bdimen=\dimen161
\calc@Askip=\skip56
\calc@Bskip=\skip57
LaTeX Info: Redefining \setlength on input line 80.
LaTeX Info: Redefining \addtolength on input line 81.
\calc@Ccount=\count276
\calc@Cskip=\skip58
)
(C:\Users\micha\AppData\Local\Programs\MiKTeX\tex/latex/mathtools\mhsetup.sty
Package: mhsetup 2021/03/18 v1.4 programming setup (MH)
)
\g_MT_multlinerow_int=\count277
\l_MT_multwidth_dim=\dimen162
\origjot=\skip59
\l_MT_shortvdotswithinadjustabove_dim=\dimen163
\l_MT_shortvdotswithinadjustbelow_dim=\dimen164
\l_MT_above_intertext_sep=\dimen165
\l_MT_below_intertext_sep=\dimen166
\l_MT_above_shortintertext_sep=\dimen167
\l_MT_below_shortintertext_sep=\dimen168
\xmathstrut@box=\box53
\xmathstrut@dim=\dimen169
) (C:\Users\micha\AppData\Local\Programs\MiKTeX\tex/latex/booktabs\booktabs.sty
Package: booktabs 2020/01/12 v1.61803398 Publication quality tables
\heavyrulewidth=\dimen170
\lightrulewidth=\dimen171
\cmidrulewidth=\dimen172
\belowrulesep=\dimen173
\belowbottomsep=\dimen174
\aboverulesep=\dimen175
\abovetopsep=\dimen176
\cmidrulesep=\dimen177
\cmidrulekern=\dimen178
\defaultaddspace=\dimen179
\@cmidla=\count278
\@cmidlb=\count279
\@aboverulesep=\dimen180
\@belowrulesep=\dimen181
\@thisruleclass=\count280
\@lastruleclass=\count281
\@thisrulewidth=\dimen182
) (C:\Users\micha\AppData\Local\Programs\MiKTeX\tex/latex/xcolor\xcolor.sty
Package: xcolor 2022/06/12 v2.14 LaTeX color extensions (UK)

(C:\Users\micha\AppData\Local\Programs\MiKTeX\tex/latex/graphics-cfg\color.cfg
File: color.cfg 2016/01/02 v1.6 sample color configuration
)
Package xcolor Info: Driver file: pdftex.def on input line 227.
(C:\Users\micha\AppData\Local\Programs\MiKTeX\tex/latex/graphics\mathcolor.ltx)
Package xcolor Info: Model `cmy' substituted by `cmy0' on input line 1353.
Package xcolor Info: Model `hsb' substituted by `rgb' on input line 1357.
Package xcolor Info: Model `RGB' extended on input line 1369.
Package xcolor Info: Model `HTML' substituted by `rgb' on input line 1371.
Package xcolor Info: Model `Hsb' substituted by `hsb' on input line 1372.
Package xcolor Info: Model `tHsb' substituted by `hsb' on input line 1373.
Package xcolor Info: Model `HSB' substituted by `hsb' on input line 1374.
Package xcolor Info: Model `Gray' substituted by `gray' on input line 1375.
Package xcolor Info: Model `wave' substituted by `hsb' on input line 1376.
)
(C:\Users\micha\AppData\Local\Programs\MiKTeX\tex/latex/algorithm2e\algorithm2e
.sty
Package: algorithm2e 2017/07/18 v5.2 algorithms environments
\c@AlgoLine=\count282
 (C:\Users\micha\AppData\Local\Programs\MiKTeX\tex/latex/base\ifthen.sty
Package: ifthen 2022/04/13 v1.1d Standard LaTeX ifthen package (DPC)
)
\algocf@hangindent=\skip60

(C:\Users\micha\AppData\Local\Programs\MiKTeX\tex/latex/ifoddpage\ifoddpage.sty
Package: ifoddpage 2022/10/18 v1.2 Conditionals for odd/even page detection
\c@checkoddpage=\count283
) (C:\Users\micha\AppData\Local\Programs\MiKTeX\tex/latex/tools\xspace.sty
Package: xspace 2014/10/28 v1.13 Space after command names (DPC,MH)
)
(C:\Users\micha\AppData\Local\Programs\MiKTeX\tex/latex/relsize\relsize.sty
Package: relsize 2013/03/29 ver 4.1
)
\skiptotal=\skip61
\skiplinenumber=\skip62
\skiprule=\skip63
\skiphlne=\skip64
\skiptext=\skip65
\skiplength=\skip66
\algomargin=\skip67
\skipalgocfslide=\skip68
\algowidth=\dimen183
\inoutsize=\dimen184
\inoutindent=\dimen185
\interspacetitleruled=\dimen186
\interspacealgoruled=\dimen187
\interspacetitleboxruled=\dimen188
\algocf@ruledwidth=\skip69
\algocf@inoutbox=\box54
\algocf@inputbox=\box55
\AlCapSkip=\skip70
\AlCapHSkip=\skip71
\algoskipindent=\skip72
\algocf@nlbox=\box56
\algocf@hangingbox=\box57
\algocf@untilbox=\box58
\algocf@skipuntil=\skip73
\algocf@capbox=\box59
\algocf@lcaptionbox=\skip74
\algoheightruledefault=\skip75
\algoheightrule=\skip76
\algotitleheightruledefault=\skip77
\algotitleheightrule=\skip78
\c@algocfline=\count284
\c@algocfproc=\count285
\c@algocf=\count286
\algocf@algoframe=\box60
\algocf@algobox=\box61
)
(C:\Users\micha\AppData\Local\Programs\MiKTeX\tex/latex/caption\subcaption.sty
Package: subcaption 2023/07/28 v1.6b Sub-captions (AR)
Package caption Info: New subtype `subfigure' on input line 238.
\c@subfigure=\count287
Package caption Info: New subtype `subtable' on input line 238.
\c@subtable=\count288
) (C:\Users\micha\AppData\Local\Programs\MiKTeX\tex/latex/enumitem\enumitem.sty
Package: enumitem 2019/06/20 v3.9 Customized lists
\labelindent=\skip79
\enit@outerparindent=\dimen189
\enit@toks=\toks24
\enit@inbox=\box62
\enit@count@id=\count289
\enitdp@description=\count290
) (C:\Users\micha\AppData\Local\Programs\MiKTeX\tex/latex/lineno\lineno.sty
Package: lineno 2023/05/20 line numbers on paragraphs v5.3

(C:\Users\micha\AppData\Local\Programs\MiKTeX\tex/latex/etoolbox\etoolbox.sty
Package: etoolbox 2020/10/05 v2.5k e-TeX tools for LaTeX (JAW)
\etb@tempcnta=\count291
)
(C:\Users\micha\AppData\Local\Programs\MiKTeX\tex/latex/kvoptions\kvoptions.sty
Package: kvoptions 2022-06-15 v3.15 Key value format for package options (HO)
(C:\Users\micha\AppData\Local\Programs\MiKTeX\tex/generic/ltxcmds\ltxcmds.sty
Package: ltxcmds 2023-12-04 v1.26 LaTeX kernel commands for general use (HO)
)
(C:\Users\micha\AppData\Local\Programs\MiKTeX\tex/latex/kvsetkeys\kvsetkeys.sty
Package: kvsetkeys 2022-10-05 v1.19 Key value parser (HO)
))
\linenopenalty=\count292
\output=\toks25
\linenoprevgraf=\count293
\linenumbersep=\dimen190
\linenumberwidth=\dimen191
\c@linenumber=\count294
\c@pagewiselinenumber=\count295
\c@LN@truepage=\count296
\c@internallinenumber=\count297
\c@internallinenumbers=\count298
\quotelinenumbersep=\dimen192
\bframerule=\dimen193
\bframesep=\dimen194
\bframebox=\box63
\linenoamsmath@ams@eqpen=\count299
LaTeX Info: Redefining \\ on input line 3180.
)
\c@rem=\count300
\c@assumption=\count301
\c@fact=\count302
\c@exam=\count303
\c@model=\count304
\c@thm=\count305
\c@defi=\count306
LaTeX Font Info:    Trying to load font information for OT1+ptm on input line 2
15.
 (C:\Users\micha\AppData\Local\Programs\MiKTeX\tex/latex/psnfss\ot1ptm.fd
File: ot1ptm.fd 2001/06/04 font definitions for OT1/ptm.
)
(C:\Users\micha\AppData\Local\Programs\MiKTeX\tex/latex/l3backend\l3backend-pdf
tex.def
File: l3backend-pdftex.def 2023-04-19 L3 backend support: PDF output (pdfTeX)
\l__color_backend_stack_int=\count307
\l__pdf_internal_box=\box64
) (main_changed.aux)
\openout1 = `main_changed.aux'.

LaTeX Font Info:    Checking defaults for OML/cmm/m/it on input line 215.
LaTeX Font Info:    ... okay on input line 215.
LaTeX Font Info:    Checking defaults for OMS/cmsy/m/n on input line 215.
LaTeX Font Info:    ... okay on input line 215.
LaTeX Font Info:    Checking defaults for OT1/cmr/m/n on input line 215.
LaTeX Font Info:    ... okay on input line 215.
LaTeX Font Info:    Checking defaults for T1/cmr/m/n on input line 215.
LaTeX Font Info:    ... okay on input line 215.
LaTeX Font Info:    Checking defaults for TS1/cmr/m/n on input line 215.
LaTeX Font Info:    ... okay on input line 215.
LaTeX Font Info:    Checking defaults for OMX/cmex/m/n on input line 215.
LaTeX Font Info:    ... okay on input line 215.
LaTeX Font Info:    Checking defaults for U/cmr/m/n on input line 215.
LaTeX Font Info:    ... okay on input line 215.

(C:\Users\micha\AppData\Local\Programs\MiKTeX\tex/context/base/mkii\supp-pdf.mk
ii
[Loading MPS to PDF converter (version 2006.09.02).]
\scratchcounter=\count308
\scratchdimen=\dimen195
\scratchbox=\box65
\nofMPsegments=\count309
\nofMParguments=\count310
\everyMPshowfont=\toks26
\MPscratchCnt=\count311
\MPscratchDim=\dimen196
\MPnumerator=\count312
\makeMPintoPDFobject=\count313
\everyMPtoPDFconversion=\toks27
)
(C:\Users\micha\AppData\Local\Programs\MiKTeX\tex/latex/epstopdf-pkg\epstopdf-b
ase.sty
Package: epstopdf-base 2020-01-24 v2.11 Base part for package epstopdf
Package epstopdf-base Info: Redefining graphics rule for `.eps' on input line 4
85.

(C:\Users\micha\AppData\Local\Programs\MiKTeX\tex/latex/00miktex\epstopdf-sys.c
fg
File: epstopdf-sys.cfg 2021/03/18 v2.0 Configuration of epstopdf for MiKTeX
))
Package caption Info: Begin \AtBeginDocument code.
Package caption Info: End \AtBeginDocument code.
\titlearea=\box66
LaTeX Font Info:    Trying to load font information for U+msa on input line 218
.
 (C:\Users\micha\AppData\Local\Programs\MiKTeX\tex/latex/amsfonts\umsa.fd
File: umsa.fd 2013/01/14 v3.01 AMS symbols A
)
LaTeX Font Info:    Trying to load font information for U+msb on input line 218
.

(C:\Users\micha\AppData\Local\Programs\MiKTeX\tex/latex/amsfonts\umsb.fd
File: umsb.fd 2013/01/14 v3.01 AMS symbols B
)
LaTeX Font Info:    Trying to load font information for TS1+ptm on input line 2
18.

(C:\Users\micha\AppData\Local\Programs\MiKTeX\tex/latex/psnfss\ts1ptm.fd
File: ts1ptm.fd 2001/06/04 font definitions for TS1/ptm.
)
LaTeX Font Info:    Trying to load font information for OMS+ptm on input line 2
18.

(C:\Users\micha\AppData\Local\Programs\MiKTeX\tex/latex/psnfss\omsptm.fd
File: omsptm.fd 
)
LaTeX Font Info:    Font shape `OMS/ptm/m/n' in size <10> not available
(Font)              Font shape `OMS/cmsy/m/n' tried instead on input line 218.
\actualheight=\skip80

Overfull \hbox (2.5pt too wide) in paragraph at lines 218--218
[][] 
 []


Underfull \vbox (badness 10000) detected at line 218
 []


Underfull \hbox (badness 10000) in paragraph at lines 218--218
[][]\OT1/ptm/m/n/9 Lingyang Chu and Yu-tao Huang con-tribute equally
 []


Underfull \hbox (badness 10000) in paragraph at lines 218--218
\OT1/ptm/m/n/9 in this work. The API of this work is avail-able at
 []


Underfull \hbox (badness 10000) in paragraph at lines 218--218
\OT1/ptm/m/n/9 https : / / developer . huaweicloud . com / develop / aigallery 
/ notebook /
 []


Underfull \hbox (badness 1242) in paragraph at lines 218--218
\OT1/ptm/m/n/9 detail ? id = 6d4a9521 -[] 6a4d -[] 4b6d -[] b84d -[] 943d7c7b1c
bd$, free reg-is-
 []

(Chapters/sec1.tex

Package natbib Warning: Citation `yang2019federated' on page 1 undefined on inp
ut line 6.


Package natbib Warning: Citation `kairouz2019advances' on page 1 undefined on i
nput line 17.


Underfull \hbox (badness 3168) in paragraph at lines 17--18
[]\OT1/ptm/m/n/10 In many ap-pli-ca-tion sce-nar-ios where col-lab-o-ra-tions
 []


Package natbib Warning: Citation `ben2010theory' on page 1 undefined on input l
ine 22.


Package natbib Warning: Citation `cortes2014domain' on page 1 undefined on inpu
t line 22.


Package natbib Warning: Citation `mansour2020three' on page 1 undefined on inpu
t line 22.


Package natbib Warning: Citation `mansour2009domain' on page 1 undefined on inp
ut line 22.


Package natbib Warning: Citation `schneider2019mass' on page 1 undefined on inp
ut line 22.


Package natbib Warning: Citation `wang2019federated' on page 1 undefined on inp
ut line 22.

) (Chapters/sec2.tex

Package natbib Warning: Citation `deng2020adaptive' on page 1 undefined on inpu
t line 6.


Package natbib Warning: Citation `fallah2020personalized' on page 1 undefined o
n input line 6.


Package natbib Warning: Citation `kulkarni2020survey' on page 1 undefined on in
put line 6.


Package natbib Warning: Citation `mansour2020three' on page 1 undefined on inpu
t line 6.

[1{C:/Users/micha/AppData/Local/MiKTeX/fonts/map/pdftex/pdftex.map}{C:/Users/mi
cha/AppData/Local/Programs/MiKTeX/fonts/enc/dvips/base/8r.enc}



]

Package natbib Warning: Citation `ji2019learning' on page 2 undefined on input 
line 14.


Package natbib Warning: Citation `mcmahan2016communication' on page 2 undefined
 on input line 14.


Package natbib Warning: Citation `wang2020federated' on page 2 undefined on inp
ut line 14.


Package natbib Warning: Citation `yurochkin2019bayesian' on page 2 undefined on
 input line 14.


Package natbib Warning: Citation `kairouz2019advances' on page 2 undefined on i
nput line 15.


Package natbib Warning: Citation `li2018federated' on page 2 undefined on input
 line 15.


Package natbib Warning: Citation `mcmahan2016communication' on page 2 undefined
 on input line 15.


Package natbib Warning: Citation `zhao2018federated' on page 2 undefined on inp
ut line 15.


Package natbib Warning: Citation `chen2018federated' on page 2 undefined on inp
ut line 68.


Package natbib Warning: Citation `fallah2020personalized' on page 2 undefined o
n input line 68.


Package natbib Warning: Citation `jiang2019improving' on page 2 undefined on in
put line 68.


Package natbib Warning: Citation `khodak2019adaptive' on page 2 undefined on in
put line 68.


Package natbib Warning: Citation `kulkarni2020survey' on page 2 undefined on in
put line 68.


Package natbib Warning: Citation `mansour2020three' on page 2 undefined on inpu
t line 68.


Package natbib Warning: Citation `nichol2018first' on page 2 undefined on input
 line 68.


Package natbib Warning: Citation `schneider2019mass' on page 2 undefined on inp
ut line 68.


Package natbib Warning: Citation `wang2019federated' on page 2 undefined on inp
ut line 68.


Package natbib Warning: Citation `ben2010theory' on page 2 undefined on input l
ine 69.


Package natbib Warning: Citation `cortes2014domain' on page 2 undefined on inpu
t line 69.


Package natbib Warning: Citation `mansour2020three' on page 2 undefined on inpu
t line 69.


Package natbib Warning: Citation `mansour2009domain' on page 2 undefined on inp
ut line 69.


Package natbib Warning: Citation `schneider2019mass' on page 2 undefined on inp
ut line 69.


Package natbib Warning: Citation `wang2019federated' on page 2 undefined on inp
ut line 69.


Package natbib Warning: Citation `chen2018federated' on page 2 undefined on inp
ut line 70.


Package natbib Warning: Citation `fallah2020personalized' on page 2 undefined o
n input line 70.


Package natbib Warning: Citation `jiang2019improving' on page 2 undefined on in
put line 70.


Package natbib Warning: Citation `khodak2019adaptive' on page 2 undefined on in
put line 70.


Package natbib Warning: Citation `kulkarni2020survey' on page 2 undefined on in
put line 70.


Package natbib Warning: Citation `nichol2018first' on page 2 undefined on input
 line 70.


Package natbib Warning: Citation `kairouz2019advances' on page 2 undefined on i
nput line 70.


Package natbib Warning: Citation `deng2020adaptive' on page 2 undefined on inpu
t line 71.


Package natbib Warning: Citation `hanzely2020federated' on page 2 undefined on 
input line 71.


Package natbib Warning: Citation `karimireddy2019scaffold' on page 2 undefined 
on input line 72.


Package natbib Warning: Citation `smith2017federated' on page 2 undefined on in
put line 201.

) (Chapters/sec3.tex

Package natbib Warning: Citation `kairouz2019advances' on page 2 undefined on i
nput line 4.


Package natbib Warning: Citation `zhao2018federated' on page 2 undefined on inp
ut line 4.


Package natbib Warning: Citation `fan2001variable' on page 2 undefined on input
 line 117.


Package natbib Warning: Citation `zhang2010nearly' on page 2 undefined on input
 line 117.

) (Chapters/sec4.tex [2]
Underfull \hbox (badness 2173) in paragraph at lines 66--67
\OT1/ptm/m/n/10 Denote by $\OMS/cmsy/m/n/10 F\OT1/cmr/m/n/10 (\OML/cmm/m/it/10 
W\OT1/cmr/m/n/10 ) [][]= [][] \OML/cmm/m/it/10 F[]\OT1/cmr/m/n/10 ([])$ \OT1/pt
m/m/n/10 and $\OMS/cmsy/m/n/10 A\OT1/cmr/m/n/10 (\OML/cmm/m/it/10 W\OT1/cmr/m/n
/10 ) [][]=
 []


Package natbib Warning: Citation `bertsekas2011incremental' on page 3 undefined
 on input line 72.


Package natbib Warning: Citation `rockafellar1976monotone' on page 3 undefined 
on input line 79.


Underfull \hbox (badness 3724) in paragraph at lines 120--122
[]\OT1/ptm/m/n/10 Let $\OML/cmm/m/it/10 U[] \OT1/cmr/m/n/10 = [[]\OML/cmm/m/it/
10 ; [] ; []\OT1/cmr/m/n/10 ]$\OT1/ptm/m/n/10 , where $[]\OML/cmm/m/it/10 ; [] 
; []$ \OT1/ptm/m/n/10 are
 []


Underfull \hbox (badness 2626) in paragraph at lines 120--122
\OT1/ptm/m/n/10 the $\OML/cmm/m/it/10 d$\OT1/ptm/m/n/10 -dimensional columns of
 $\OML/cmm/m/it/10 U[]$\OT1/ptm/m/n/10 . Since $\OMS/cmsy/m/n/10 A\OT1/cmr/m/n/
10 (\OML/cmm/m/it/10 W\OT1/cmr/m/n/10 ) :=
 []

<figures/amp_mechanism.pdf, id=23, 340.27126pt x 188.705pt>
File: figures/amp_mechanism.pdf Graphic file (type pdf)
<use figures/amp_mechanism.pdf>
Package pdftex.def Info: figures/amp_mechanism.pdf  used on input line 144.
(pdftex.def)             Requested size: 182.1207pt x 100.99792pt.

Underfull \hbox (badness 2384) in paragraph at lines 170--172
[]\OT1/ptm/m/n/10 The above mes-sage pass-ing mech-a-nism is the key
 []


Underfull \hbox (badness 1270) in paragraph at lines 170--172
\OT1/ptm/m/n/10 step for FedAMP to per-form inter-client col-lab-o-ra-tion.
 []


Underfull \hbox (badness 2189) in paragraph at lines 176--179
\OT1/ptm/m/n/10 step in Eq. [] by com-put-ing in-de-pen-dently columns
 []

[3 <./figures/amp_mechanism.pdf>]) (Chapters/sec5.tex

Package natbib Warning: Citation `bertsekas2011incremental' on page 4 undefined
 on input line 9.


Package natbib Warning: Citation `nemirovski2009robust' on page 4 undefined on 
input line 9.


Underfull \hbox (badness 1558) in paragraph at lines 31--37
[]\OT1/ptm/m/n/10 Now, we pro-vide the guar-an-tee on con-ver-gence for
 []


Package natbib Warning: Citation `huang2020personalized' on page 4 undefined on
 input line 50.

[4]

Package natbib Warning: Citation `huang2020personalized' on page 5 undefined on
 input line 79.

) (Chapters/sec6.tex

Package natbib Warning: Citation `verleysen2005curse' on page 5 undefined on in
put line 36.

) (Chapters/sec7.tex

Package natbib Warning: Citation `karimireddy2019scaffold' on page 5 undefined 
on input line 6.


Package natbib Warning: Citation `deng2020adaptive' on page 5 undefined on inpu
t line 6.


Package natbib Warning: Citation `wang2019federated' on page 5 undefined on inp
ut line 6.


Package natbib Warning: Citation `wang2019federated' on page 5 undefined on inp
ut line 7.


Package natbib Warning: Citation `mcmahan2016communication' on page 5 undefined
 on input line 8.


Package natbib Warning: Citation `li2018federated' on page 5 undefined on input
 line 8.


Package natbib Warning: Citation `lecun2010mnist' on page 5 undefined on input 
line 39.


Package natbib Warning: Citation `xiao2017fashion' on page 5 undefined on input
 line 39.


Package natbib Warning: Citation `cohen2017emnist' on page 5 undefined on input
 line 39.


Package natbib Warning: Citation `krizhevsky2009learning' on page 5 undefined o
n input line 39.


Underfull \hbox (badness 1194) in paragraph at lines 39--40
\OT1/ptm/m/n/10 We use four pub-lic bench-mark data sets, MNIST (\OT1/ptm/b/n/1
0 ?\OT1/ptm/m/n/10 ),
 []


Underfull \hbox (badness 6641) in paragraph at lines 39--40
\OT1/ptm/m/n/10 FM-NIST (Fashion-MNIST) (\OT1/ptm/b/n/10 ?\OT1/ptm/m/n/10 ), EM
-NIST (Extended-
 []


Package natbib Warning: Citation `mcmahan2016communication' on page 5 undefined
 on input line 42.


Package natbib Warning: Citation `mcmahan2016communication' on page 5 undefined
 on input line 43.

[5]

Package natbib Warning: Citation `huang2020personalized' on page 6 undefined on
 input line 88.


Package natbib Warning: Citation `deng2020adaptive' on page 6 undefined on inpu
t line 205.


Package natbib Warning: Citation `mcmahan2016communication' on page 6 undefined
 on input line 334.

[6]

Package natbib Warning: Citation `zhang2020fedpd' on page 7 undefined on input 
line 338.


Underfull \hbox (badness 4353) in paragraph at lines 344--348
[]\OT1/ptm/m/n/10 The other per-son-al-ized fed-er-ated learn-ing meth-ods
 []


Underfull \hbox (badness 5431) in paragraph at lines 344--348
\OT1/ptm/m/n/10 FedAvg-FT, FedProx-FT, FedAMP and HeurFedAMP
 []


Package natbib Warning: Citation `wilcoxon1992individual' on page 7 undefined o
n input line 432.


Underfull \hbox (badness 1675) in paragraph at lines 454--457
\OT1/ptm/m/n/10 col-lab-o-ra-tions be-tween clients. Fig-ure 3[] the vi-su-al-i
zes
 []

<figures/legend.pdf, id=54, 2011.515pt x 176.66pt>
File: figures/legend.pdf Graphic file (type pdf)
<use figures/legend.pdf>
Package pdftex.def Info: figures/legend.pdf  used on input line 475.
(pdftex.def)             Requested size: 232.71278pt x 20.43542pt.
<figures/Histo_MNIST_PracticalNonIID.pdf, id=55, 971.63pt x 753.81625pt>
File: figures/Histo_MNIST_PracticalNonIID.pdf Graphic file (type pdf)
<use figures/Histo_MNIST_PracticalNonIID.pdf>
Package pdftex.def Info: figures/Histo_MNIST_PracticalNonIID.pdf  used on input
 line 479.
(pdftex.def)             Requested size: 116.35252pt x 90.2585pt.
<figures/Histo_FMNIST_PracticalNonIID.pdf, id=56, 971.63pt x 751.80875pt>
File: figures/Histo_FMNIST_PracticalNonIID.pdf Graphic file (type pdf)
<use figures/Histo_FMNIST_PracticalNonIID.pdf>
Package pdftex.def Info: figures/Histo_FMNIST_PracticalNonIID.pdf  used on inpu
t line 485.
(pdftex.def)             Requested size: 116.35252pt x 90.01813pt.
<figures/Histo_EMNIST_PracticalNonIID.pdf, id=57, 963.6pt x 756.8275pt>
File: figures/Histo_EMNIST_PracticalNonIID.pdf Graphic file (type pdf)
<use figures/Histo_EMNIST_PracticalNonIID.pdf>
Package pdftex.def Info: figures/Histo_EMNIST_PracticalNonIID.pdf  used on inpu
t line 491.
(pdftex.def)             Requested size: 116.35252pt x 91.38124pt.
<figures/Histo_CIFAR100_PracticalNonIID.pdf, id=58, 971.63pt x 751.80875pt>
File: figures/Histo_CIFAR100_PracticalNonIID.pdf Graphic file (type pdf)
<use figures/Histo_CIFAR100_PracticalNonIID.pdf>
Package pdftex.def Info: figures/Histo_CIFAR100_PracticalNonIID.pdf  used on in
put line 497.
(pdftex.def)             Requested size: 116.35252pt x 90.01813pt.
<figures/heatmap_amp.png, id=59, 462.528pt x 346.896pt>
File: figures/heatmap_amp.png Graphic file (type png)
<use figures/heatmap_amp.png>
Package pdftex.def Info: figures/heatmap_amp.png  used on input line 516.
(pdftex.def)             Requested size: 106.2403pt x 79.67853pt.
<figures/heatmap_heuristic.png, id=61, 462.528pt x 346.896pt>
File: figures/heatmap_heuristic.png Graphic file (type png)
<use figures/heatmap_heuristic.png>
Package pdftex.def Info: figures/heatmap_heuristic.png  used on input line 522.

(pdftex.def)             Requested size: 106.2403pt x 79.67853pt.
) (Chapters/sec8.tex [7 <./figures/legend.pdf> <./figures/Histo_MNIST_Practical
NonIID.pdf> <./figures/Histo_FMNIST_PracticalNonIID.pdf> <./figures/Histo_EMNIS
T_PracticalNonIID.pdf> <./figures/Histo_CIFAR100_PracticalNonIID.pdf>])
Underfull \hbox (badness 1184) in paragraph at lines 24--244
\OT1/ptm/m/n/10 dif-fer-ent sources. The re-stric-tions on data trans-mis-sion
 []

No file main_changed.bbl.

Underfull \vbox (badness 10000) has occurred while \output is active []

 [8 <./figures/heatmap_amp.png> <./figures/heatmap_heuristic.png>]

Package natbib Warning: There were undefined citations.

[9

] (main_changed.aux)
 ***********
LaTeX2e <2023-06-01> patch level 1
L3 programming layer <2023-08-29>
 ***********
 ) 
Here is how much of TeX's memory you used:
 8549 strings out of 475247
 141125 string characters out of 5757792
 1945801 words of memory out of 5000000
 29907 multiletter control sequences out of 15000+600000
 593126 words of font info for 118 fonts, out of 8000000 for 9000
 1141 hyphenation exceptions out of 8191
 57i,18n,65p,4689b,506s stack positions out of 10000i,1000n,20000p,200000b,200000s
<C:/Users/micha/AppData/Local/Programs/MiKTeX/fonts/type1/public/amsfonts/cm/
cmbx10.pfb><C:/Users/micha/AppData/Local/Programs/MiKTeX/fonts/type1/public/ams
fonts/cm/cmbx5.pfb><C:/Users/micha/AppData/Local/Programs/MiKTeX/fonts/type1/pu
blic/amsfonts/cm/cmbx7.pfb><C:/Users/micha/AppData/Local/Programs/MiKTeX/fonts/
type1/public/amsfonts/cm/cmex10.pfb><C:/Users/micha/AppData/Local/Programs/MiKT
eX/fonts/type1/public/amsfonts/cm/cmmi10.pfb><C:/Users/micha/AppData/Local/Prog
rams/MiKTeX/fonts/type1/public/amsfonts/cm/cmmi5.pfb><C:/Users/micha/AppData/Lo
cal/Programs/MiKTeX/fonts/type1/public/amsfonts/cm/cmmi7.pfb><C:/Users/micha/Ap
pData/Local/Programs/MiKTeX/fonts/type1/public/amsfonts/cm/cmr10.pfb><C:/Users/
micha/AppData/Local/Programs/MiKTeX/fonts/type1/public/amsfonts/cm/cmr5.pfb><C:
/Users/micha/AppData/Local/Programs/MiKTeX/fonts/type1/public/amsfonts/cm/cmr7.
pfb><C:/Users/micha/AppData/Local/Programs/MiKTeX/fonts/type1/public/amsfonts/c
m/cmsy10.pfb><C:/Users/micha/AppData/Local/Programs/MiKTeX/fonts/type1/public/a
msfonts/cm/cmsy5.pfb><C:/Users/micha/AppData/Local/Programs/MiKTeX/fonts/type1/
public/amsfonts/cm/cmsy7.pfb><C:/Users/micha/AppData/Local/Programs/MiKTeX/font
s/type1/public/amsfonts/symbols/msbm10.pfb><C:/Users/micha/AppData/Local/Progra
ms/MiKTeX/fonts/type1/public/amsfonts/symbols/msbm7.pfb><C:/Users/micha/AppData
/Local/Programs/MiKTeX/fonts/type1/urw/times/utmb8a.pfb><C:/Users/micha/AppData
/Local/Programs/MiKTeX/fonts/type1/urw/times/utmr8a.pfb><C:/Users/micha/AppData
/Local/Programs/MiKTeX/fonts/type1/urw/times/utmri8a.pfb>
Output written on main_changed.pdf (9 pages, 588844 bytes).
PDF statistics:
 173 PDF objects out of 1000 (max. 8388607)
 0 named destinations out of 1000 (max. 500000)
 41 words of extra memory for PDF output out of 10000 (max. 10000000)

