This is pdfTeX, Version 3.141592653-2.6-1.40.25 (MiKTeX 23.9) (preloaded format=pdflatex 2023.9.22)  30 MAR 2024 16:41
entering extended mode
 restricted \write18 enabled.
 %&-line parsing enabled.
**./aaai_changed.tex
(aaai_changed.tex
LaTeX2e <2023-06-01> patch level 1
L3 programming layer <2023-08-29>
(C:\Users\micha\AppData\Local\Programs\MiKTeX\tex/latex/base\article.cls
Document Class: article 2023/05/17 v1.4n Standard LaTeX document class
(C:\Users\micha\AppData\Local\Programs\MiKTeX\tex/latex/base\size10.clo
File: size10.clo 2023/05/17 v1.4n Standard LaTeX file (size option)
)
\c@part=\count185
\c@section=\count186
\c@subsection=\count187
\c@subsubsection=\count188
\c@paragraph=\count189
\c@subparagraph=\count190
\c@figure=\count191
\c@table=\count192
\abovecaptionskip=\skip48
\belowcaptionskip=\skip49
\bibindent=\dimen140
)
(aaai19.sty
Conference Style for AAAI for LaTeX 2e -- version for the AAAI-19 conference
\titlebox=\skip50
) (C:\Users\micha\AppData\Local\Programs\MiKTeX\tex/latex/psnfss\times.sty
Package: times 2020/03/25 PSNFSS-v9.3 (SPQR) 
)
(C:\Users\micha\AppData\Local\Programs\MiKTeX\tex/latex/psnfss\helvet.sty
Package: helvet 2020/03/25 PSNFSS-v9.3 (WaS) 

(C:\Users\micha\AppData\Local\Programs\MiKTeX\tex/latex/graphics\keyval.sty
Package: keyval 2022/05/29 v1.15 key=value parser (DPC)
\KV@toks@=\toks17
))
(C:\Users\micha\AppData\Local\Programs\MiKTeX\tex/latex/psnfss\courier.sty
Package: courier 2020/03/25 PSNFSS-v9.3 (WaS) 
)
(C:\Users\micha\AppData\Local\Programs\MiKTeX\tex/latex/url\url.sty
\Urlmuskip=\muskip16
Package: url 2013/09/16  ver 3.4  Verb mode for urls, etc.
)
(C:\Users\micha\AppData\Local\Programs\MiKTeX\tex/latex/graphics\graphicx.sty
Package: graphicx 2021/09/16 v1.2d Enhanced LaTeX Graphics (DPC,SPQR)

(C:\Users\micha\AppData\Local\Programs\MiKTeX\tex/latex/graphics\graphics.sty
Package: graphics 2022/03/10 v1.4e Standard LaTeX Graphics (DPC,SPQR)

(C:\Users\micha\AppData\Local\Programs\MiKTeX\tex/latex/graphics\trig.sty
Package: trig 2021/08/11 v1.11 sin cos tan (DPC)
)
(C:\Users\micha\AppData\Local\Programs\MiKTeX\tex/latex/graphics-cfg\graphics.c
fg
File: graphics.cfg 2016/06/04 v1.11 sample graphics configuration
)
Package graphics Info: Driver file: pdftex.def on input line 107.

(C:\Users\micha\AppData\Local\Programs\MiKTeX\tex/latex/graphics-def\pdftex.def
File: pdftex.def 2022/09/22 v1.2b Graphics/color driver for pdftex
))
\Gin@req@height=\dimen141
\Gin@req@width=\dimen142
)
(C:\Users\micha\AppData\Local\Programs\MiKTeX\tex/latex/booktabs\booktabs.sty
Package: booktabs 2020/01/12 v1.61803398 Publication quality tables
\heavyrulewidth=\dimen143
\lightrulewidth=\dimen144
\cmidrulewidth=\dimen145
\belowrulesep=\dimen146
\belowbottomsep=\dimen147
\aboverulesep=\dimen148
\abovetopsep=\dimen149
\cmidrulesep=\dimen150
\cmidrulekern=\dimen151
\defaultaddspace=\dimen152
\@cmidla=\count193
\@cmidlb=\count194
\@aboverulesep=\dimen153
\@belowrulesep=\dimen154
\@thisruleclass=\count195
\@lastruleclass=\count196
\@thisrulewidth=\dimen155
)
(C:\Users\micha\AppData\Local\Programs\MiKTeX\tex/latex/tools\multicol.sty
Package: multicol 2023/03/30 v1.9f multicolumn formatting (FMi)
\c@tracingmulticols=\count197
\mult@box=\box51
\multicol@leftmargin=\dimen156
\c@unbalance=\count198
\c@collectmore=\count199
\doublecol@number=\count266
\multicoltolerance=\count267
\multicolpretolerance=\count268
\full@width=\dimen157
\page@free=\dimen158
\premulticols=\dimen159
\postmulticols=\dimen160
\multicolsep=\skip51
\multicolbaselineskip=\skip52
\partial@page=\box52
\last@line=\box53
\mc@boxedresult=\box54
\maxbalancingoverflow=\dimen161
\mult@rightbox=\box55
\mult@grightbox=\box56
\mult@firstbox=\box57
\mult@gfirstbox=\box58
\@tempa=\box59
\@tempa=\box60
\@tempa=\box61
\@tempa=\box62
\@tempa=\box63
\@tempa=\box64
\@tempa=\box65
\@tempa=\box66
\@tempa=\box67
\@tempa=\box68
\@tempa=\box69
\@tempa=\box70
\@tempa=\box71
\@tempa=\box72
\@tempa=\box73
\@tempa=\box74
\@tempa=\box75
\@tempa=\box76
\@tempa=\box77
\@tempa=\box78
\@tempa=\box79
\@tempa=\box80
\@tempa=\box81
\@tempa=\box82
\@tempa=\box83
\@tempa=\box84
\@tempa=\box85
\@tempa=\box86
\@tempa=\box87
\@tempa=\box88
\@tempa=\box89
\@tempa=\box90
\@tempa=\box91
\@tempa=\box92
\@tempa=\box93
\@tempa=\box94
\c@minrows=\count269
\c@columnbadness=\count270
\c@finalcolumnbadness=\count271
\last@try=\dimen162
\multicolovershoot=\dimen163
\multicolundershoot=\dimen164
\mult@nat@firstbox=\box95
\colbreak@box=\box96
\mc@col@check@num=\count272
)
(C:\Users\micha\AppData\Local\Programs\MiKTeX\tex/latex/amsmath\amsmath.sty
Package: amsmath 2023/05/13 v2.17o AMS math features
\@mathmargin=\skip53

For additional information on amsmath, use the `?' option.
(C:\Users\micha\AppData\Local\Programs\MiKTeX\tex/latex/amsmath\amstext.sty
Package: amstext 2021/08/26 v2.01 AMS text

(C:\Users\micha\AppData\Local\Programs\MiKTeX\tex/latex/amsmath\amsgen.sty
File: amsgen.sty 1999/11/30 v2.0 generic functions
\@emptytoks=\toks18
\ex@=\dimen165
))
(C:\Users\micha\AppData\Local\Programs\MiKTeX\tex/latex/amsmath\amsbsy.sty
Package: amsbsy 1999/11/29 v1.2d Bold Symbols
\pmbraise@=\dimen166
)
(C:\Users\micha\AppData\Local\Programs\MiKTeX\tex/latex/amsmath\amsopn.sty
Package: amsopn 2022/04/08 v2.04 operator names
)
\inf@bad=\count273
LaTeX Info: Redefining \frac on input line 234.
\uproot@=\count274
\leftroot@=\count275
LaTeX Info: Redefining \overline on input line 399.
LaTeX Info: Redefining \colon on input line 410.
\classnum@=\count276
\DOTSCASE@=\count277
LaTeX Info: Redefining \ldots on input line 496.
LaTeX Info: Redefining \dots on input line 499.
LaTeX Info: Redefining \cdots on input line 620.
\Mathstrutbox@=\box97
\strutbox@=\box98
LaTeX Info: Redefining \big on input line 722.
LaTeX Info: Redefining \Big on input line 723.
LaTeX Info: Redefining \bigg on input line 724.
LaTeX Info: Redefining \Bigg on input line 725.
\big@size=\dimen167
LaTeX Font Info:    Redeclaring font encoding OML on input line 743.
LaTeX Font Info:    Redeclaring font encoding OMS on input line 744.
\macc@depth=\count278
LaTeX Info: Redefining \bmod on input line 905.
LaTeX Info: Redefining \pmod on input line 910.
LaTeX Info: Redefining \smash on input line 940.
LaTeX Info: Redefining \relbar on input line 970.
LaTeX Info: Redefining \Relbar on input line 971.
\c@MaxMatrixCols=\count279
\dotsspace@=\muskip17
\c@parentequation=\count280
\dspbrk@lvl=\count281
\tag@help=\toks19
\row@=\count282
\column@=\count283
\maxfields@=\count284
\andhelp@=\toks20
\eqnshift@=\dimen168
\alignsep@=\dimen169
\tagshift@=\dimen170
\tagwidth@=\dimen171
\totwidth@=\dimen172
\lineht@=\dimen173
\@envbody=\toks21
\multlinegap=\skip54
\multlinetaggap=\skip55
\mathdisplay@stack=\toks22
LaTeX Info: Redefining \[ on input line 2953.
LaTeX Info: Redefining \] on input line 2954.
)
(C:\Users\micha\AppData\Local\Programs\MiKTeX\tex/latex/amsfonts\amssymb.sty
Package: amssymb 2013/01/14 v3.01 AMS font symbols

(C:\Users\micha\AppData\Local\Programs\MiKTeX\tex/latex/amsfonts\amsfonts.sty
Package: amsfonts 2013/01/14 v3.01 Basic AMSFonts support
\symAMSa=\mathgroup4
\symAMSb=\mathgroup5
LaTeX Font Info:    Redeclaring math symbol \hbar on input line 98.
LaTeX Font Info:    Overwriting math alphabet `\mathfrak' in version `bold'
(Font)                  U/euf/m/n --> U/euf/b/n on input line 106.
))
(C:\Users\micha\AppData\Local\Programs\MiKTeX\tex/latex/algorithms\algorithm.st
y
Package: algorithm 2009/08/24 v0.1 Document Style `algorithm' - floating enviro
nment
 (C:\Users\micha\AppData\Local\Programs\MiKTeX\tex/latex/float\float.sty
Package: float 2001/11/08 v1.3d Float enhancements (AL)
\c@float@type=\count285
\float@exts=\toks23
\float@box=\box99
\@float@everytoks=\toks24
\@floatcapt=\box100
)
(C:\Users\micha\AppData\Local\Programs\MiKTeX\tex/latex/base\ifthen.sty
Package: ifthen 2022/04/13 v1.1d Standard LaTeX ifthen package (DPC)
)
\@float@every@algorithm=\toks25
\c@algorithm=\count286
)
(C:\Users\micha\AppData\Local\Programs\MiKTeX\tex/latex/multirow\multirow.sty
Package: multirow 2021/03/15 v2.8 Span multiple rows of a table
\multirow@colwidth=\skip56
\multirow@cntb=\count287
\multirow@dima=\skip57
\bigstrutjot=\dimen174
)
(C:\Users\micha\AppData\Local\Programs\MiKTeX\tex/latex/sttools\stfloats.sty
Package: stfloats 2017/03/27 v3.3 Improve float mechanism and baselineskip sett
ings
\@dblbotnum=\count288
\c@dblbotnumber=\count289
)
(C:\Users\micha\AppData\Local\Programs\MiKTeX\tex/latex/algorithmicx\algpseudoc
ode.sty
Package: algpseudocode 

(C:\Users\micha\AppData\Local\Programs\MiKTeX\tex/latex/algorithmicx\algorithmi
cx.sty
Package: algorithmicx 2005/04/27 v1.2 Algorithmicx

Document Style algorithmicx 1.2 - a greatly improved `algorithmic' style
\c@ALG@line=\count290
\c@ALG@rem=\count291
\c@ALG@nested=\count292
\ALG@tlm=\skip58
\ALG@thistlm=\skip59
\c@ALG@Lnr=\count293
\c@ALG@blocknr=\count294
\c@ALG@storecount=\count295
\c@ALG@tmpcounter=\count296
\ALG@tmplength=\skip60
)
Document Style - pseudocode environments for use with the `algorithmicx' style
) (C:\Users\micha\AppData\Local\Programs\MiKTeX\tex/latex/caption\caption.sty
Package: caption 2023/07/31 v3.6n Customizing captions (AR)

(C:\Users\micha\AppData\Local\Programs\MiKTeX\tex/latex/caption\caption3.sty
Package: caption3 2023/07/31 v2.4d caption3 kernel (AR)
\caption@tempdima=\dimen175
\captionmargin=\dimen176
\caption@leftmargin=\dimen177
\caption@rightmargin=\dimen178
\caption@width=\dimen179
\caption@indent=\dimen180
\caption@parindent=\dimen181
\caption@hangindent=\dimen182
Package caption Info: Standard document class detected.
)
\c@caption@flags=\count297
\c@continuedfloat=\count298
Package caption Info: float package is loaded.
)
(C:\Users\micha\AppData\Local\Programs\MiKTeX\tex/latex/caption\subcaption.sty
Package: subcaption 2023/07/28 v1.6b Sub-captions (AR)
Package caption Info: New subtype `subfigure' on input line 238.
\c@subfigure=\count299
Package caption Info: New subtype `subtable' on input line 238.
\c@subtable=\count300
)
LaTeX Font Info:    Trying to load font information for OT1+ptm on input line 3
0.
(C:\Users\micha\AppData\Local\Programs\MiKTeX\tex/latex/psnfss\ot1ptm.fd
File: ot1ptm.fd 2001/06/04 font definitions for OT1/ptm.
)
(C:\Users\micha\AppData\Local\Programs\MiKTeX\tex/latex/l3backend\l3backend-pdf
tex.def
File: l3backend-pdftex.def 2023-04-19 L3 backend support: PDF output (pdfTeX)
\l__color_backend_stack_int=\count301
\l__pdf_internal_box=\box101
) (aaai_changed.aux
Runaway argument?
{{6}{5}{Comparison on SemEval Task 1:E-c challenge. Official results \ETC.
! Paragraph ended before \@newl@bel was complete.
<to be read again> 
                   \par 
l.50 ...bels hidden]. \let \reserved@d =[\def \par
                                                   }{}{}}
I suspect you've forgotten a `}', causing me to apply this
control sequence to too much text. How can we recover?
My plan is to forget the whole thing and hope for the best.

! Extra }, or forgotten \endgroup.
l.50 ...ls hidden]. \let \reserved@d =[\def \par }
                                                  {}{}}
I've deleted a group-closing symbol because it seems to be
spurious, as in `$x}$'. But perhaps the } is legitimate and
you forgot something else, as in `\hbox{$x}'. In such cases
the way to recover is to insert both the forgotten and the
deleted material, e.g., by typing `I$}'.

! Extra }, or forgotten \endgroup.
l.50 ...dden]. \let \reserved@d =[\def \par }{}{}}
                                                  
I've deleted a group-closing symbol because it seems to be
spurious, as in `$x}$'. But perhaps the } is legitimate and
you forgot something else, as in `\hbox{$x}'. In such cases
the way to recover is to insert both the forgotten and the
deleted material, e.g., by typing `I$}'.

)
\openout1 = `aaai_changed.aux'.

LaTeX Font Info:    Checking defaults for OML/cmm/m/it on input line 30.
LaTeX Font Info:    ... okay on input line 30.
LaTeX Font Info:    Checking defaults for OMS/cmsy/m/n on input line 30.
LaTeX Font Info:    ... okay on input line 30.
LaTeX Font Info:    Checking defaults for OT1/cmr/m/n on input line 30.
LaTeX Font Info:    ... okay on input line 30.
LaTeX Font Info:    Checking defaults for T1/cmr/m/n on input line 30.
LaTeX Font Info:    ... okay on input line 30.
LaTeX Font Info:    Checking defaults for TS1/cmr/m/n on input line 30.
LaTeX Font Info:    ... okay on input line 30.
LaTeX Font Info:    Checking defaults for OMX/cmex/m/n on input line 30.
LaTeX Font Info:    ... okay on input line 30.
LaTeX Font Info:    Checking defaults for U/cmr/m/n on input line 30.
LaTeX Font Info:    ... okay on input line 30.

(C:\Users\micha\AppData\Local\Programs\MiKTeX\tex/context/base/mkii\supp-pdf.mk
ii
[Loading MPS to PDF converter (version 2006.09.02).]
\scratchcounter=\count302
\scratchdimen=\dimen183
\scratchbox=\box102
\nofMPsegments=\count303
\nofMParguments=\count304
\everyMPshowfont=\toks26
\MPscratchCnt=\count305
\MPscratchDim=\dimen184
\MPnumerator=\count306
\makeMPintoPDFobject=\count307
\everyMPtoPDFconversion=\toks27
)
(C:\Users\micha\AppData\Local\Programs\MiKTeX\tex/latex/epstopdf-pkg\epstopdf-b
ase.sty
Package: epstopdf-base 2020-01-24 v2.11 Base part for package epstopdf
Package epstopdf-base Info: Redefining graphics rule for `.eps' on input line 4
85.

(C:\Users\micha\AppData\Local\Programs\MiKTeX\tex/latex/00miktex\epstopdf-sys.c
fg
File: epstopdf-sys.cfg 2021/03/18 v2.0 Configuration of epstopdf for MiKTeX
))
Package caption Info: Begin \AtBeginDocument code.
Package caption Info: End \AtBeginDocument code.
LaTeX Font Info:    Trying to load font information for U+msa on input line 53.

 (C:\Users\micha\AppData\Local\Programs\MiKTeX\tex/latex/amsfonts\umsa.fd
File: umsa.fd 2013/01/14 v3.01 AMS symbols A
)
LaTeX Font Info:    Trying to load font information for U+msb on input line 53.


(C:\Users\micha\AppData\Local\Programs\MiKTeX\tex/latex/amsfonts\umsb.fd
File: umsb.fd 2013/01/14 v3.01 AMS symbols B
)
LaTeX Font Info:    Trying to load font information for OT1+pcr on input line 5
3.

(C:\Users\micha\AppData\Local\Programs\MiKTeX\tex/latex/psnfss\ot1pcr.fd
File: ot1pcr.fd 2001/06/04 font definitions for OT1/pcr.
)
LaTeX Font Info:    Trying to load font information for TS1+ptm on input line 5
3.

(C:\Users\micha\AppData\Local\Programs\MiKTeX\tex/latex/psnfss\ts1ptm.fd
File: ts1ptm.fd 2001/06/04 font definitions for TS1/ptm.
)

LaTeX Warning: Citation `Transformer2017' on page 1 undefined on input line 56.



LaTeX Warning: Citation `McAuley2015' on page 1 undefined on input line 56.


LaTeX Warning: Citation `SemEval2018Task1' on page 1 undefined on input line 56
.


LaTeX Warning: Citation `Plutchik1979' on page 1 undefined on input line 56.


LaTeX Warning: Citation `Krause2016' on page 1 undefined on input line 63.


LaTeX Warning: Citation `Transformer2017' on page 1 undefined on input line 63.



LaTeX Warning: Citation `McAuley2015' on page 1 undefined on input line 65.


LaTeX Warning: Citation `Plutchik1979' on page 1 undefined on input line 65.


LaTeX Warning: Citation `Radford2017' on page 1 undefined on input line 83.


LaTeX Warning: Citation `Radford2018' on page 1 undefined on input line 83.


LaTeX Warning: Citation `Dai2015' on page 1 undefined on input line 83.


LaTeX Warning: Citation `SST-Socher:2013' on page 1 undefined on input line 83.


[1{C:/Users/micha/AppData/Local/MiKTeX/fonts/map/pdftex/pdftex.map}{C:/Users/mi
cha/AppData/Local/Programs/MiKTeX/fonts/enc/dvips/base/8r.enc}



]
Overfull \hbox (1.29698pt too wide) in paragraph at lines 111--111
[]\OT1/ptm/m/n/10 Watson| 
 []

LaTeX Font Info:    Trying to load font information for OML+ptm on input line 1
11.
(C:\Users\micha\AppData\Local\Programs\MiKTeX\tex/latex/psnfss\omlptm.fd
File: omlptm.fd 
)
LaTeX Font Info:    Font shape `OML/ptm/m/n' in size <10> not available
(Font)              Font shape `OML/cmm/m/it' tried instead on input line 111.


LaTeX Warning: Citation `Plutchik1979' on page 2 undefined on input line 114.


LaTeX Warning: Citation `Ekman2013AnAF' on page 2 undefined on input line 114.


Underfull \hbox (badness 1622) in paragraph at lines 114--115
 \OT1/ptm/b/n/10 Plutchik's Wheel of Emo-tions \OT1/ptm/m/n/10 We fo-cus our mu
lti-
 []


Underfull \hbox (badness 10000) in paragraph at lines 116--116
[][]\OT1/ptm/m/n/9 https://www.ibm.com/watson/services/natural-language-
 []

<plutchik-wheel.png, id=8, 645.41125pt x 609.27625pt>
File: plutchik-wheel.png Graphic file (type png)
<use plutchik-wheel.png>
Package pdftex.def Info: plutchik-wheel.png  used on input line 120.
(pdftex.def)             Requested size: 239.39438pt x 225.98648pt.

LaTeX Warning: Citation `Plutchik1979' on page 2 undefined on input line 121.


LaTeX Warning: Citation `Plutchik1979' on page 2 undefined on input line 121.


LaTeX Warning: Citation `SemEval2018Task1' on page 2 undefined on input line 12
9.


Underfull \hbox (badness 1953) in paragraph at lines 129--130
 \OT1/ptm/b/n/10 Se-mEval Mul-ti-di-men-sion Emo-tion Dataset \OT1/ptm/m/n/10 T
he Se-
 []

[2 <./plutchik-wheel.png>]

LaTeX Warning: Citation `Radford2017' on page 3 undefined on input line 203.


LaTeX Warning: Citation `Radford2018' on page 3 undefined on input line 203.


LaTeX Warning: Citation `Howard2018' on page 3 undefined on input line 203.


LaTeX Warning: Citation `GLUE2018' on page 3 undefined on input line 205.


LaTeX Warning: Citation `McAuley2015' on page 3 undefined on input line 209.


LaTeX Warning: Citation `BooksCorpus2015' on page 3 undefined on input line 209
.


LaTeX Warning: Citation `Puri2018' on page 3 undefined on input line 211.


LaTeX Warning: Citation `Radford2017' on page 3 undefined on input line 229.


LaTeX Warning: Citation `Gray2017' on page 3 undefined on input line 229.


LaTeX Warning: Citation `Puri2018' on page 3 undefined on input line 229.


LaTeX Warning: Citation `BPE2015' on page 3 undefined on input line 229.


LaTeX Warning: Citation `McAuley2015' on page 3 undefined on input line 230.


LaTeX Warning: Citation `SubwordMikolov2012' on page 3 undefined on input line 
230.


Underfull \hbox (badness 10000) in paragraph at lines 231--231
[][]\OT1/ptm/m/n/9 Library for BPE avail-able in open source:
 []


LaTeX Warning: Citation `DeepXformer2018' on page 3 undefined on input line 233
.


LaTeX Warning: Citation `Radford2018' on page 3 undefined on input line 233.

[3]
Underfull \hbox (badness 10000) in paragraph at lines 269--269
[]\OT1/ptm/m/n/10 global
 []


Underfull \hbox (badness 10000) in paragraph at lines 269--269
[]\OT1/ptm/m/n/10 sequence
 []


Underfull \hbox (badness 2418) in paragraph at lines 269--269
\OT1/ptm/m/n/10 (cosine de-cay af-ter lin-ear
 []


Underfull \hbox (badness 10000) in paragraph at lines 269--269
[]\OT1/ptm/m/n/10 Decoder
 []


Underfull \hbox (badness 3590) in paragraph at lines 269--269
\OT1/ptm/m/it/10 Multiclass: \OT1/ptm/m/n/10 MLP(4096 $\OMS/cmsy/m/n/10 !$
 []


LaTeX Warning: Citation `ELMo' on page 4 undefined on input line 274.

[4]

LaTeX Warning: Citation `Puri2018' on page 5 undefined on input line 324.


LaTeX Warning: Citation `Gray2017' on page 5 undefined on input line 324.


LaTeX Warning: Citation `GLUE2018' on page 5 undefined on input line 324.

! Argument of \caption@@@withoptargs has an extra }.
<inserted text> 
                \par 
l.331 \label{table:SemEval-results}
                                   
I've run across a `}' that doesn't seem to match anything.
For example, `\def\a#1{...}' and `\a}' would produce
this error. If you simply proceed now, the `\par' that
I've just inserted will cause me to report a runaway
argument that might be the root of the problem. But if
your `}' was spurious, just type `2' and it will go away.

Runaway argument?
{\caption@@xlabel }{\@xfootnote }\def \reserved@b {\stepcounter \@mpfn \ETC.
! Paragraph ended before \caption@@@withoptargs was complete.
<to be read again> 
                   \par 
l.331 \label{table:SemEval-results}
                                   
I suspect you've forgotten a `}', causing me to apply this
control sequence to too much text. How can we recover?
My plan is to forget the whole thing and hope for the best.


LaTeX Warning: Citation `WinnerSemEval2018Task1' on page 5 undefined on input l
ine 345.


LaTeX Warning: Citation `ThirdPlaceSemEval2018Task1' on page 5 undefined on inp
ut line 345.


LaTeX Warning: Reference `table:SemEval-results' on page 5 undefined on input l
ine 406.


Underfull \hbox (badness 10000) in paragraph at lines 407--407
[][]\OT1/ptm/m/n/9 SemEval 2018 re-sults can be seen at
 []


Underfull \hbox (badness 1199) in paragraph at lines 407--407
\OT1/ptm/m/n/9 http://alt.qcri.org/semeval2018/. Our en-try is $\OT1/cmr/m/n/9 
#1$ \OT1/ptm/m/n/9 in the post-
 []


LaTeX Warning: Citation `WinnerSemEval2018Task1' on page 5 undefined on input l
ine 411.


LaTeX Warning: Citation `Mikolov2013' on page 5 undefined on input line 411.


LaTeX Warning: Citation `ThirdPlaceSemEval2018Task1' on page 5 undefined on inp
ut line 411.

[5]
Underfull \vbox (badness 10000) has occurred while \output is active []


! Argument of \caption@@@withoptargs has an extra }.
<inserted text> 
                \par 
l.447         \caption{\label{fig:macro-micro}}
                                               
I've run across a `}' that doesn't seem to match anything.
For example, `\def\a#1{...}' and `\a}' would produce
this error. If you simply proceed now, the `\par' that
I've just inserted will cause me to report a runaway
argument that might be the root of the problem. But if
your `}' was spurious, just type `2' and it will go away.

Runaway argument?
{\caption@@xlabel }{\def \reserved@a *{\def \caption@tempa {*}\caption@@withopt
args \ETC.
! Paragraph ended before \caption@@@withoptargs was complete.
<to be read again> 
                   \par 
l.447         \caption{\label{fig:macro-micro}}
                                               
I suspect you've forgotten a `}', causing me to apply this
control sequence to too much text. How can we recover?
My plan is to forget the whole thing and hope for the best.

! Argument of \caption@@@withoptargs has an extra }.
<inserted text> 
                \par 
l.447         \caption{\label{fig:macro-micro}}
                                               
I've run across a `}' that doesn't seem to match anything.
For example, `\def\a#1{...}' and `\a}' would produce
this error. If you simply proceed now, the `\par' that
I've just inserted will cause me to report a runaway
argument that might be the root of the problem. But if
your `}' was spurious, just type `2' and it will go away.

Runaway argument?
{\caption@@xlabel }{\def \reserved@a *{\def \caption@tempa {*}\caption@@withopt
args \ETC.
! Paragraph ended before \caption@@@withoptargs was complete.
<to be read again> 
                   \par 
l.447         \caption{\label{fig:macro-micro}}
                                               
I suspect you've forgotten a `}', causing me to apply this
control sequence to too much text. How can we recover?
My plan is to forget the whole thing and hope for the best.

<macro-micro.png, id=35, 390.45876pt x 334.24875pt>
File: macro-micro.png Graphic file (type png)
<use macro-micro.png>
Package pdftex.def Info: macro-micro.png  used on input line 448.
(pdftex.def)             Requested size: 133.04932pt x 113.89297pt.
! Argument of \caption@@@withoptargs has an extra }.
<inserted text> 
                \par 
l.454         \caption{\label{fig:cat-sizes}}
                                             
I've run across a `}' that doesn't seem to match anything.
For example, `\def\a#1{...}' and `\a}' would produce
this error. If you simply proceed now, the `\par' that
I've just inserted will cause me to report a runaway
argument that might be the root of the problem. But if
your `}' was spurious, just type `2' and it will go away.

Runaway argument?
{\caption@@xlabel }{\def \reserved@a *{\def \caption@tempa {*}\caption@@withopt
args \ETC.
! Paragraph ended before \caption@@@withoptargs was complete.
<to be read again> 
                   \par 
l.454         \caption{\label{fig:cat-sizes}}
                                             
I suspect you've forgotten a `}', causing me to apply this
control sequence to too much text. How can we recover?
My plan is to forget the whole thing and hope for the best.

! Argument of \caption@@@withoptargs has an extra }.
<inserted text> 
                \par 
l.454         \caption{\label{fig:cat-sizes}}
                                             
I've run across a `}' that doesn't seem to match anything.
For example, `\def\a#1{...}' and `\a}' would produce
this error. If you simply proceed now, the `\par' that
I've just inserted will cause me to report a runaway
argument that might be the root of the problem. But if
your `}' was spurious, just type `2' and it will go away.

Runaway argument?
{\caption@@xlabel }{\def \reserved@a *{\def \caption@tempa {*}\caption@@withopt
args \ETC.
! Paragraph ended before \caption@@@withoptargs was complete.
<to be read again> 
                   \par 
l.454         \caption{\label{fig:cat-sizes}}
                                             
I suspect you've forgotten a `}', causing me to apply this
control sequence to too much text. How can we recover?
My plan is to forget the whole thing and hope for the best.

<cat-sizes2.png, id=36, 1062.97125pt x 334.24875pt>
File: cat-sizes2.png Graphic file (type png)
<use cat-sizes2.png>
Package pdftex.def Info: cat-sizes2.png  used on input line 455.
(pdftex.def)             Requested size: 362.72072pt x 114.05618pt.

LaTeX Warning: Citation `SemEval2018Task1' on page 6 undefined on input line 46
7.

[6]

LaTeX Warning: Citation `NoisyLabelHumanAWS2017' on page 7 undefined on input l
ine 473.


LaTeX Warning: Citation `SoftmaxBottleneck2017' on page 7 undefined on input li
ne 485.


LaTeX Warning: Citation `Radford2018' on page 7 undefined on input line 496.


LaTeX Warning: Citation `devlin2018bert' on page 7 undefined on input line 496.


No file aaai_changed.bbl.
[7 <./macro-micro.png> <./cat-sizes2.png>] [8

] (aaai_changed.aux
Runaway argument?
{{6}{5}{Comparison on SemEval Task 1:E-c challenge. Official results \ETC.
! Paragraph ended before \@newl@bel was complete.
<to be read again> 
                   \par 
l.50 ...bels hidden]. \let \reserved@d =[\def \par
                                                   }{}{}}
I suspect you've forgotten a `}', causing me to apply this
control sequence to too much text. How can we recover?
My plan is to forget the whole thing and hope for the best.

! Extra }, or forgotten \endgroup.
l.50 ...ls hidden]. \let \reserved@d =[\def \par }
                                                  {}{}}
I've deleted a group-closing symbol because it seems to be
spurious, as in `$x}$'. But perhaps the } is legitimate and
you forgot something else, as in `\hbox{$x}'. In such cases
the way to recover is to insert both the forgotten and the
deleted material, e.g., by typing `I$}'.

! Extra }, or forgotten \endgroup.
l.50 ...dden]. \let \reserved@d =[\def \par }{}{}}
                                                  
I've deleted a group-closing symbol because it seems to be
spurious, as in `$x}$'. But perhaps the } is legitimate and
you forgot something else, as in `\hbox{$x}'. In such cases
the way to recover is to insert both the forgotten and the
deleted material, e.g., by typing `I$}'.

)
 ***********
LaTeX2e <2023-06-01> patch level 1
L3 programming layer <2023-08-29>
 ***********


LaTeX Warning: There were undefined references.

 ) 
Here is how much of TeX's memory you used:
 5334 strings out of 475247
 88685 string characters out of 5757792
 1946801 words of memory out of 5000000
 26777 multiletter control sequences out of 15000+600000
 582195 words of font info for 84 fonts, out of 8000000 for 9000
 1141 hyphenation exceptions out of 8191
 57i,16n,65p,1115b,511s stack positions out of 10000i,1000n,20000p,200000b,200000s
<C:/Users/micha/AppData/Local/Programs/MiKTeX/fonts/type1/public/amsfonts/cm/
cmex10.pfb><C:/Users/micha/AppData/Local/Programs/MiKTeX/fonts/type1/public/ams
fonts/cm/cmmi10.pfb><C:/Users/micha/AppData/Local/Programs/MiKTeX/fonts/type1/p
ublic/amsfonts/cm/cmmi5.pfb><C:/Users/micha/AppData/Local/Programs/MiKTeX/fonts
/type1/public/amsfonts/cm/cmmi7.pfb><C:/Users/micha/AppData/Local/Programs/MiKT
eX/fonts/type1/public/amsfonts/cm/cmr10.pfb><C:/Users/micha/AppData/Local/Progr
ams/MiKTeX/fonts/type1/public/amsfonts/cm/cmr7.pfb><C:/Users/micha/AppData/Loca
l/Programs/MiKTeX/fonts/type1/public/amsfonts/cm/cmr9.pfb><C:/Users/micha/AppDa
ta/Local/Programs/MiKTeX/fonts/type1/public/amsfonts/cm/cmsy10.pfb><C:/Users/mi
cha/AppData/Local/Programs/MiKTeX/fonts/type1/public/amsfonts/cm/cmsy5.pfb><C:/
Users/micha/AppData/Local/Programs/MiKTeX/fonts/type1/public/amsfonts/cm/cmsy7.
pfb><C:/Users/micha/AppData/Local/Programs/MiKTeX/fonts/type1/public/amsfonts/s
ymbols/msbm10.pfb><C:/Users/micha/AppData/Local/Programs/MiKTeX/fonts/type1/urw
/courier/ucrr8a.pfb><C:/Users/micha/AppData/Local/Programs/MiKTeX/fonts/type1/u
rw/times/utmb8a.pfb><C:/Users/micha/AppData/Local/Programs/MiKTeX/fonts/type1/u
rw/times/utmr8a.pfb><C:/Users/micha/AppData/Local/Programs/MiKTeX/fonts/type1/u
rw/times/utmri8a.pfb>
Output written on aaai_changed.pdf (8 pages, 346657 bytes).
PDF statistics:
 112 PDF objects out of 1000 (max. 8388607)
 0 named destinations out of 1000 (max. 500000)
 16 words of extra memory for PDF output out of 10000 (max. 10000000)

