This is pdfTeX, Version 3.141592653-2.6-1.40.25 (MiKTeX 23.9) (preloaded format=pdflatex 2023.9.22)  30 MAR 2024 16:25
entering extended mode
 restricted \write18 enabled.
 %&-line parsing enabled.
**./AAAISubmission1086_changed.tex
(AAAISubmission1086_changed.tex
LaTeX2e <2023-06-01> patch level 1
L3 programming layer <2023-08-29>
(C:\Users\micha\AppData\Local\Programs\MiKTeX\tex/latex/base\article.cls
Document Class: article 2023/05/17 v1.4n Standard LaTeX document class
(C:\Users\micha\AppData\Local\Programs\MiKTeX\tex/latex/base\size10.clo
File: size10.clo 2023/05/17 v1.4n Standard LaTeX file (size option)
)
\c@part=\count185
\c@section=\count186
\c@subsection=\count187
\c@subsubsection=\count188
\c@paragraph=\count189
\c@subparagraph=\count190
\c@figure=\count191
\c@table=\count192
\abovecaptionskip=\skip48
\belowcaptionskip=\skip49
\bibindent=\dimen140
)
(aaai19.sty
Conference Style for AAAI for LaTeX 2e -- version for the AAAI-19 conference
\titlebox=\skip50
) (C:\Users\micha\AppData\Local\Programs\MiKTeX\tex/latex/psnfss\times.sty
Package: times 2020/03/25 PSNFSS-v9.3 (SPQR) 
)
(C:\Users\micha\AppData\Local\Programs\MiKTeX\tex/latex/psnfss\helvet.sty
Package: helvet 2020/03/25 PSNFSS-v9.3 (WaS) 

(C:\Users\micha\AppData\Local\Programs\MiKTeX\tex/latex/graphics\keyval.sty
Package: keyval 2022/05/29 v1.15 key=value parser (DPC)
\KV@toks@=\toks17
))
(C:\Users\micha\AppData\Local\Programs\MiKTeX\tex/latex/psnfss\courier.sty
Package: courier 2020/03/25 PSNFSS-v9.3 (WaS) 
)
(C:\Users\micha\AppData\Local\Programs\MiKTeX\tex/latex/url\url.sty
\Urlmuskip=\muskip16
Package: url 2013/09/16  ver 3.4  Verb mode for urls, etc.
)
(C:\Users\micha\AppData\Local\Programs\MiKTeX\tex/latex/graphics\graphicx.sty
Package: graphicx 2021/09/16 v1.2d Enhanced LaTeX Graphics (DPC,SPQR)

(C:\Users\micha\AppData\Local\Programs\MiKTeX\tex/latex/graphics\graphics.sty
Package: graphics 2022/03/10 v1.4e Standard LaTeX Graphics (DPC,SPQR)

(C:\Users\micha\AppData\Local\Programs\MiKTeX\tex/latex/graphics\trig.sty
Package: trig 2021/08/11 v1.11 sin cos tan (DPC)
)
(C:\Users\micha\AppData\Local\Programs\MiKTeX\tex/latex/graphics-cfg\graphics.c
fg
File: graphics.cfg 2016/06/04 v1.11 sample graphics configuration
)
Package graphics Info: Driver file: pdftex.def on input line 107.

(C:\Users\micha\AppData\Local\Programs\MiKTeX\tex/latex/graphics-def\pdftex.def
File: pdftex.def 2022/09/22 v1.2b Graphics/color driver for pdftex
))
\Gin@req@height=\dimen141
\Gin@req@width=\dimen142
) (C:\Users\micha\AppData\Local\Programs\MiKTeX\tex/latex/amsmath\amsmath.sty
Package: amsmath 2023/05/13 v2.17o AMS math features
\@mathmargin=\skip51
For additional information on amsmath, use the `?' option.
(C:\Users\micha\AppData\Local\Programs\MiKTeX\tex/latex/amsmath\amstext.sty
Package: amstext 2021/08/26 v2.01 AMS text

(C:\Users\micha\AppData\Local\Programs\MiKTeX\tex/latex/amsmath\amsgen.sty
File: amsgen.sty 1999/11/30 v2.0 generic functions
\@emptytoks=\toks18
\ex@=\dimen143
))
(C:\Users\micha\AppData\Local\Programs\MiKTeX\tex/latex/amsmath\amsbsy.sty
Package: amsbsy 1999/11/29 v1.2d Bold Symbols
\pmbraise@=\dimen144
)
(C:\Users\micha\AppData\Local\Programs\MiKTeX\tex/latex/amsmath\amsopn.sty
Package: amsopn 2022/04/08 v2.04 operator names
)
\inf@bad=\count193
LaTeX Info: Redefining \frac on input line 234.
\uproot@=\count194
\leftroot@=\count195
LaTeX Info: Redefining \overline on input line 399.
LaTeX Info: Redefining \colon on input line 410.
\classnum@=\count196
\DOTSCASE@=\count197
LaTeX Info: Redefining \ldots on input line 496.
LaTeX Info: Redefining \dots on input line 499.
LaTeX Info: Redefining \cdots on input line 620.
\Mathstrutbox@=\box51
\strutbox@=\box52
LaTeX Info: Redefining \big on input line 722.
LaTeX Info: Redefining \Big on input line 723.
LaTeX Info: Redefining \bigg on input line 724.
LaTeX Info: Redefining \Bigg on input line 725.
\big@size=\dimen145
LaTeX Font Info:    Redeclaring font encoding OML on input line 743.
LaTeX Font Info:    Redeclaring font encoding OMS on input line 744.
\macc@depth=\count198
LaTeX Info: Redefining \bmod on input line 905.
LaTeX Info: Redefining \pmod on input line 910.
LaTeX Info: Redefining \smash on input line 940.
LaTeX Info: Redefining \relbar on input line 970.
LaTeX Info: Redefining \Relbar on input line 971.
\c@MaxMatrixCols=\count199
\dotsspace@=\muskip17
\c@parentequation=\count266
\dspbrk@lvl=\count267
\tag@help=\toks19
\row@=\count268
\column@=\count269
\maxfields@=\count270
\andhelp@=\toks20
\eqnshift@=\dimen146
\alignsep@=\dimen147
\tagshift@=\dimen148
\tagwidth@=\dimen149
\totwidth@=\dimen150
\lineht@=\dimen151
\@envbody=\toks21
\multlinegap=\skip52
\multlinetaggap=\skip53
\mathdisplay@stack=\toks22
LaTeX Info: Redefining \[ on input line 2953.
LaTeX Info: Redefining \] on input line 2954.
)
(C:\Users\micha\AppData\Local\Programs\MiKTeX\tex/latex/amsfonts\amsfonts.sty
Package: amsfonts 2013/01/14 v3.01 Basic AMSFonts support
\symAMSa=\mathgroup4
\symAMSb=\mathgroup5
LaTeX Font Info:    Redeclaring math symbol \hbar on input line 98.
LaTeX Font Info:    Overwriting math alphabet `\mathfrak' in version `bold'
(Font)                  U/euf/m/n --> U/euf/b/n on input line 106.
)
(C:\Users\micha\AppData\Local\Programs\MiKTeX\tex/latex/xcolor\xcolor.sty
Package: xcolor 2022/06/12 v2.14 LaTeX color extensions (UK)

(C:\Users\micha\AppData\Local\Programs\MiKTeX\tex/latex/graphics-cfg\color.cfg
File: color.cfg 2016/01/02 v1.6 sample color configuration
)
Package xcolor Info: Driver file: pdftex.def on input line 227.
(C:\Users\micha\AppData\Local\Programs\MiKTeX\tex/latex/graphics\mathcolor.ltx)
Package xcolor Info: Model `cmy' substituted by `cmy0' on input line 1353.
Package xcolor Info: Model `hsb' substituted by `rgb' on input line 1357.
Package xcolor Info: Model `RGB' extended on input line 1369.
Package xcolor Info: Model `HTML' substituted by `rgb' on input line 1371.
Package xcolor Info: Model `Hsb' substituted by `hsb' on input line 1372.
Package xcolor Info: Model `tHsb' substituted by `hsb' on input line 1373.
Package xcolor Info: Model `HSB' substituted by `hsb' on input line 1374.
Package xcolor Info: Model `Gray' substituted by `gray' on input line 1375.
Package xcolor Info: Model `wave' substituted by `hsb' on input line 1376.
) (C:\Users\micha\AppData\Local\Programs\MiKTeX\tex/latex/tools\tabularx.sty
Package: tabularx 2020/01/15 v2.11c `tabularx' package (DPC)

(C:\Users\micha\AppData\Local\Programs\MiKTeX\tex/latex/tools\array.sty
Package: array 2022/09/04 v2.5g Tabular extension package (FMi)
\col@sep=\dimen152
\ar@mcellbox=\box53
\extrarowheight=\dimen153
\NC@list=\toks23
\extratabsurround=\skip54
\backup@length=\skip55
\ar@cellbox=\box54
)
\TX@col@width=\dimen154
\TX@old@table=\dimen155
\TX@old@col=\dimen156
\TX@target=\dimen157
\TX@delta=\dimen158
\TX@cols=\count271
\TX@ftn=\toks24
)
LaTeX Font Info:    Trying to load font information for OT1+ptm on input line 4
4.

(C:\Users\micha\AppData\Local\Programs\MiKTeX\tex/latex/psnfss\ot1ptm.fd
File: ot1ptm.fd 2001/06/04 font definitions for OT1/ptm.
)
(C:\Users\micha\AppData\Local\Programs\MiKTeX\tex/latex/l3backend\l3backend-pdf
tex.def
File: l3backend-pdftex.def 2023-04-19 L3 backend support: PDF output (pdfTeX)
\l__color_backend_stack_int=\count272
\l__pdf_internal_box=\box55
) (AAAISubmission1086_changed.aux)
\openout1 = `AAAISubmission1086_changed.aux'.

LaTeX Font Info:    Checking defaults for OML/cmm/m/it on input line 44.
LaTeX Font Info:    ... okay on input line 44.
LaTeX Font Info:    Checking defaults for OMS/cmsy/m/n on input line 44.
LaTeX Font Info:    ... okay on input line 44.
LaTeX Font Info:    Checking defaults for OT1/cmr/m/n on input line 44.
LaTeX Font Info:    ... okay on input line 44.
LaTeX Font Info:    Checking defaults for T1/cmr/m/n on input line 44.
LaTeX Font Info:    ... okay on input line 44.
LaTeX Font Info:    Checking defaults for TS1/cmr/m/n on input line 44.
LaTeX Font Info:    ... okay on input line 44.
LaTeX Font Info:    Checking defaults for OMX/cmex/m/n on input line 44.
LaTeX Font Info:    ... okay on input line 44.
LaTeX Font Info:    Checking defaults for U/cmr/m/n on input line 44.
LaTeX Font Info:    ... okay on input line 44.

(C:\Users\micha\AppData\Local\Programs\MiKTeX\tex/context/base/mkii\supp-pdf.mk
ii
[Loading MPS to PDF converter (version 2006.09.02).]
\scratchcounter=\count273
\scratchdimen=\dimen159
\scratchbox=\box56
\nofMPsegments=\count274
\nofMParguments=\count275
\everyMPshowfont=\toks25
\MPscratchCnt=\count276
\MPscratchDim=\dimen160
\MPnumerator=\count277
\makeMPintoPDFobject=\count278
\everyMPtoPDFconversion=\toks26
)
(C:\Users\micha\AppData\Local\Programs\MiKTeX\tex/latex/epstopdf-pkg\epstopdf-b
ase.sty
Package: epstopdf-base 2020-01-24 v2.11 Base part for package epstopdf
Package epstopdf-base Info: Redefining graphics rule for `.eps' on input line 4
85.

(C:\Users\micha\AppData\Local\Programs\MiKTeX\tex/latex/00miktex\epstopdf-sys.c
fg
File: epstopdf-sys.cfg 2021/03/18 v2.0 Configuration of epstopdf for MiKTeX
))
LaTeX Font Info:    Trying to load font information for U+msa on input line 49.

 (C:\Users\micha\AppData\Local\Programs\MiKTeX\tex/latex/amsfonts\umsa.fd
File: umsa.fd 2013/01/14 v3.01 AMS symbols A
)
LaTeX Font Info:    Trying to load font information for U+msb on input line 49.


(C:\Users\micha\AppData\Local\Programs\MiKTeX\tex/latex/amsfonts\umsb.fd
File: umsb.fd 2013/01/14 v3.01 AMS symbols B
)
LaTeX Font Info:    Trying to load font information for TS1+ptm on input line 4
9.

(C:\Users\micha\AppData\Local\Programs\MiKTeX\tex/latex/psnfss\ts1ptm.fd
File: ts1ptm.fd 2001/06/04 font definitions for TS1/ptm.
)

LaTeX Warning: Citation `Gulshan2016jama' on page 1 undefined on input line 56.



LaTeX Warning: Citation `esteva2017nature' on page 1 undefined on input line 56
.


LaTeX Warning: Citation `oO2016detector' on page 1 undefined on input line 58.


LaTeX Warning: Citation `oO2016detector' on page 1 undefined on input line 58.


LaTeX Warning: Citation `oO2016detector' on page 1 undefined on input line 60.

<figures/koch.pdf, id=1, 932.76495pt x 321.40936pt>
File: figures/koch.pdf Graphic file (type pdf)
<use figures/koch.pdf>
Package pdftex.def Info: figures/koch.pdf  used on input line 73.
(pdftex.def)             Requested size: 485.04057pt x 167.13382pt.

LaTeX Warning: `!h' float specifier changed to `!ht'.


LaTeX Warning: Citation `oO2016detector' on page 1 undefined on input line 82.


LaTeX Warning: Citation `Gulshan2016jama' on page 1 undefined on input line 147
.


Underfull \vbox (badness 3354) has occurred while \output is active []

 [1{C:/Users/micha/AppData/Local/MiKTeX/fonts/map/pdftex/pdftex.map}{C:/Users/m
icha/AppData/Local/Programs/MiKTeX/fonts/enc/dvips/base/8r.enc}



]

LaTeX Warning: Citation `kaggle2016diabetic' on page 2 undefined on input line 
151.


LaTeX Warning: Citation `aao2002drscale' on page 2 undefined on input line 151.



LaTeX Warning: Citation `Gulshan2016jama' on page 2 undefined on input line 151
.


LaTeX Warning: Citation `Yang17MICCAI' on page 2 undefined on input line 151.


LaTeX Warning: Citation `wang2017zoom' on page 2 undefined on input line 151.


LaTeX Warning: Citation `oO2016detector' on page 2 undefined on input line 153.



LaTeX Warning: Citation `wang2017zoom' on page 2 undefined on input line 153.


LaTeX Warning: Citation `goodfellow2014generative' on page 2 undefined on input
 line 181.


LaTeX Warning: Citation `mirza2014conditional' on page 2 undefined on input lin
e 181.


LaTeX Warning: Citation `radford2015unsupervised' on page 2 undefined on input 
line 181.


LaTeX Warning: Citation `isola2017image' on page 2 undefined on input line 181.



LaTeX Warning: Citation `ronneberger2015u' on page 2 undefined on input line 18
1.


LaTeX Warning: Citation `zhu2017unpaired' on page 2 undefined on input line 181
.



pdfTeX warning: pdflatex (file ./figures/descriptor.pdf): PDF inclusion: found 
PDF version <1.7>, but at most version <1.5> allowed
<figures/descriptor.pdf, id=10, 931.80121pt x 244.2726pt>
File: figures/descriptor.pdf Graphic file (type pdf)
<use figures/descriptor.pdf>
Package pdftex.def Info: figures/descriptor.pdf  used on input line 186.
(pdftex.def)             Requested size: 505.89pt x 132.62088pt.

LaTeX Warning: `!h' float specifier changed to `!ht'.


LaTeX Warning: Citation `DBLP:conf/cvpr/GatysEB16' on page 2 undefined on input
 line 198.


LaTeX Warning: Citation `DBLP:conf/cvpr/LuanPSB17' on page 2 undefined on input
 line 199.


LaTeX Warning: Citation `DBLP:conf/cvpr/GatysEBHS17' on page 2 undefined on inp
ut line 199.


LaTeX Warning: Citation `DBLP:conf/eccv/JohnsonAF16' on page 2 undefined on inp
ut line 200.


LaTeX Warning: Citation `fiorini2014automatic' on page 2 undefined on input lin
e 207.


LaTeX Warning: Citation `bonaldi2016automatic' on page 2 undefined on input lin
e 207.


LaTeX Warning: Citation `bower2015genesis' on page 2 undefined on input line 20
7.


LaTeX Warning: Citation `carnevale2006neuron' on page 2 undefined on input line
 207.


LaTeX Warning: Citation `ascoli2000neuron' on page 2 undefined on input line 20
7.


LaTeX Warning: Citation `zhao2018synthesizing' on page 2 undefined on input lin
e 208.


LaTeX Warning: Citation `zhao2018synthesizing' on page 2 undefined on input lin
e 208.

[2 <./figures/koch.pdf>]

LaTeX Warning: Citation `oO2016detector' on page 3 undefined on input line 240.



LaTeX Warning: Citation `oO2016detector' on page 3 undefined on input line 252.



LaTeX Warning: Citation `maas2013rectifier' on page 3 undefined on input line 2
53.


LaTeX Warning: Citation `kaggle2016diabetic' on page 3 undefined on input line 
255.


LaTeX Warning: Citation `oO2016detector' on page 3 undefined on input line 255.



LaTeX Warning: Citation `Dollar15PAMI' on page 3 undefined on input line 282.


LaTeX Warning: Citation `Gu17MICCAI' on page 3 undefined on input line 282.


LaTeX Warning: Citation `oO2016detector' on page 3 undefined on input line 282.



LaTeX Warning: Citation `zeiler2014visualizing' on page 3 undefined on input li
ne 291.


LaTeX Warning: Citation `abadi2016tensorflow' on page 3 undefined on input line
 293.

<figures/detected_lesion.pdf, id=728, 744.44995pt x 566.11507pt>
File: figures/detected_lesion.pdf Graphic file (type pdf)
<use figures/detected_lesion.pdf>
Package pdftex.def Info: figures/detected_lesion.pdf  used on input line 297.
(pdftex.def)             Requested size: 239.39438pt x 182.04161pt.
<figures/feat_proj.pdf, id=729, 680.30167pt x 140.93277pt>
File: figures/feat_proj.pdf Graphic file (type pdf)
<use figures/feat_proj.pdf>
Package pdftex.def Info: figures/feat_proj.pdf  used on input line 305.
(pdftex.def)             Requested size: 239.39438pt x 49.5917pt.
[3 <./figures/descriptor.pdf>]
<figures/pipeline.png, id=816, 774.0117pt x 357.0138pt>
File: figures/pipeline.png Graphic file (type png)
<use figures/pipeline.png>
Package pdftex.def Info: figures/pipeline.png  used on input line 334.
(pdftex.def)             Requested size: 455.2979pt x 210.00438pt.


LaTeX Warning: `!h' float specifier changed to `!ht'.


LaTeX Warning: Citation `ronneberger2015u' on page 4 undefined on input line 36
0.


LaTeX Warning: Citation `DBLP:journals/corr/SimonyanZ14a' on page 4 undefined o
n input line 408.

[4 <./figures/detected_lesion.pdf> <./figures/feat_proj.pdf

pdfTeX warning: pdflatex (file ./figures/feat_proj.pdf): PDF inclusion: multipl
e pdfs with page group included in a single page
>]

LaTeX Warning: Citation `kingma2014adam' on page 5 undefined on input line 479.



LaTeX Warning: Citation `staal:2004-855' on page 5 undefined on input line 488.



LaTeX Warning: Citation `hoover2000locating' on page 5 undefined on input line 
488.


LaTeX Warning: Citation `kaggle2016diabetic' on page 5 undefined on input line 
488.


LaTeX Warning: Citation `oO2016detector' on page 5 undefined on input line 489.



LaTeX Warning: Citation `zhao2018synthesizing' on page 5 undefined on input lin
e 489.


Underfull \hbox (badness 3354) in paragraph at lines 488--490
\OT1/ptm/m/n/10 In this pa-per, we se-lect three datasets: DRIVE ( \OT1/ptm/b/n
/10 ?\OT1/ptm/m/n/10 ),
 []

[5 <./figures/pipeline.png (PNG copy)>]
<figures/results_show.pdf, id=886, 785.8824pt x 784.79515pt>
File: figures/results_show.pdf Graphic file (type pdf)
<use figures/results_show.pdf>
Package pdftex.def Info: figures/results_show.pdf  used on input line 500.
(pdftex.def)             Requested size: 239.39438pt x 239.05681pt.
<figures/compare_tubsgan.pdf, id=887, 737.31006pt x 281.61197pt>
File: figures/compare_tubsgan.pdf Graphic file (type pdf)
<use figures/compare_tubsgan.pdf>
Package pdftex.def Info: figures/compare_tubsgan.pdf  used on input line 510.
(pdftex.def)             Requested size: 239.39438pt x 91.43686pt.

Underfull \vbox (badness 1199) has occurred while \output is active []


Underfull \hbox (badness 1194) in paragraph at lines 535--536
\OT1/ptm/m/n/10 makes lesion-wise ma-nip-u-la-tion pos-si-ble. As shown in
 []

<figures/redistribute.pdf, id=888, 1007.08124pt x 439.07715pt>
File: figures/redistribute.pdf Graphic file (type pdf)
<use figures/redistribute.pdf>
Package pdftex.def Info: figures/redistribute.pdf  used on input line 541.
(pdftex.def)             Requested size: 239.39438pt x 104.369pt.

LaTeX Warning: `!h' float specifier changed to `!ht'.


LaTeX Warning: Citation `oO2016detector' on page 6 undefined on input line 548.



LaTeX Warning: Citation `aao2002drscale' on page 6 undefined on input line 548.


<figures/number_severity.pdf, id=889, 347.69388pt x 219.23013pt>
File: figures/number_severity.pdf Graphic file (type pdf)
<use figures/number_severity.pdf>
Package pdftex.def Info: figures/number_severity.pdf  used on input line 552.
(pdftex.def)             Requested size: 239.39438pt x 150.94446pt.

LaTeX Warning: Citation `DBLP:conf/cvpr/GatysEB16' on page 6 undefined on input
 line 562.


LaTeX Warning: Citation `zhao2018synthesizing' on page 6 undefined on input lin
e 562.

[6 <./figures/results_show.pdf> <./figures/compare_tubsgan.pdf

pdfTeX warning: pdflatex (file ./figures/compare_tubsgan.pdf): PDF inclusion: m
ultiple pdfs with page group included in a single page
>]
<figures/optic_disc.pdf, id=948, 893.82529pt x 471.60567pt>
File: figures/optic_disc.pdf Graphic file (type pdf)
<use figures/optic_disc.pdf>
Package pdftex.def Info: figures/optic_disc.pdf  used on input line 566.
(pdftex.def)             Requested size: 239.39438pt x 126.30618pt.


LaTeX Warning: `!h' float specifier changed to `!ht'.

<figures/ablation_retina.pdf, id=949, 562.98343pt x 167.41608pt>
File: figures/ablation_retina.pdf Graphic file (type pdf)
<use figures/ablation_retina.pdf>
Package pdftex.def Info: figures/ablation_retina.pdf  used on input line 585.
(pdftex.def)             Requested size: 239.39438pt x 71.19048pt.
<figures/ablation_patho.pdf, id=950, 359.63437pt x 225.8712pt>
File: figures/ablation_patho.pdf Graphic file (type pdf)
<use figures/ablation_patho.pdf>
Package pdftex.def Info: figures/ablation_patho.pdf  used on input line 601.
(pdftex.def)             Requested size: 239.39438pt x 150.3541pt.

LaTeX Warning: Citation `DBLP:conf/cvpr/LuanPSB17' on page 7 undefined on input
 line 611.

[7 <./figures/redistribute.pdf> <./figures/number_severity.pdf

pdfTeX warning: pdflatex (file ./figures/number_severity.pdf): PDF inclusion: m
ultiple pdfs with page group included in a single page
> <./figures/optic_disc.pdf

pdfTeX warning: pdflatex (file ./figures/optic_disc.pdf): PDF inclusion: multip
le pdfs with page group included in a single page
> <./figures/ablation_retina.pdf

pdfTeX warning: pdflatex (file ./figures/ablation_retina.pdf): PDF inclusion: m
ultiple pdfs with page group included in a single page
> <./figures/ablation_patho.pdf

pdfTeX warning: pdflatex (file ./figures/ablation_patho.pdf): PDF inclusion: mu
ltiple pdfs with page group included in a single page
>]
<figures/results_show_DPT.pdf, id=1054, 735.1175pt x 423.98387pt>
File: figures/results_show_DPT.pdf Graphic file (type pdf)
<use figures/results_show_DPT.pdf>
Package pdftex.def Info: figures/results_show_DPT.pdf  used on input line 629.
(pdftex.def)             Requested size: 239.39438pt x 138.0713pt.


LaTeX Warning: Citation `zhao2018synthesizing' on page 8 undefined on input lin
e 637.

No file AAAISubmission1086_changed.bbl.
[8 <./figures/results_show_DPT.pdf>] [9

] (AAAISubmission1086_changed.aux)
 ***********
LaTeX2e <2023-06-01> patch level 1
L3 programming layer <2023-08-29>
 ***********
 ) 
Here is how much of TeX's memory you used:
 3157 strings out of 475247
 50526 string characters out of 5757792
 1940801 words of memory out of 5000000
 24630 multiletter control sequences out of 15000+600000
 586160 words of font info for 96 fonts, out of 8000000 for 9000
 1141 hyphenation exceptions out of 8191
 57i,15n,65p,2967b,368s stack positions out of 10000i,1000n,20000p,200000b,200000s
<C:/Users/micha/AppData/Local/Programs/MiKTeX/fonts/type1/public/amsfonts/cm/
cmex10.pfb><C:/Users/micha/AppData/Local/Programs/MiKTeX/fonts/type1/public/ams
fonts/cm/cmmi10.pfb><C:/Users/micha/AppData/Local/Programs/MiKTeX/fonts/type1/p
ublic/amsfonts/cm/cmmi5.pfb><C:/Users/micha/AppData/Local/Programs/MiKTeX/fonts
/type1/public/amsfonts/cm/cmmi7.pfb><C:/Users/micha/AppData/Local/Programs/MiKT
eX/fonts/type1/public/amsfonts/cm/cmr10.pfb><C:/Users/micha/AppData/Local/Progr
ams/MiKTeX/fonts/type1/public/amsfonts/cm/cmr5.pfb><C:/Users/micha/AppData/Loca
l/Programs/MiKTeX/fonts/type1/public/amsfonts/cm/cmr7.pfb><C:/Users/micha/AppDa
ta/Local/Programs/MiKTeX/fonts/type1/public/amsfonts/cm/cmsy10.pfb><C:/Users/mi
cha/AppData/Local/Programs/MiKTeX/fonts/type1/public/amsfonts/cm/cmsy7.pfb><C:/
Users/micha/AppData/Local/Programs/MiKTeX/fonts/type1/public/amsfonts/cm/cmsy8.
pfb><C:/Users/micha/AppData/Local/Programs/MiKTeX/fonts/type1/public/amsfonts/s
ymbols/msbm10.pfb><C:/Users/micha/AppData/Local/Programs/MiKTeX/fonts/type1/urw
/times/utmb8a.pfb><C:/Users/micha/AppData/Local/Programs/MiKTeX/fonts/type1/urw
/times/utmr8a.pfb><C:/Users/micha/AppData/Local/Programs/MiKTeX/fonts/type1/urw
/times/utmri8a.pfb>
Output written on AAAISubmission1086_changed.pdf (9 pages, 3048633 bytes).
PDF statistics:
 1152 PDF objects out of 1200 (max. 8388607)
 0 named destinations out of 1000 (max. 500000)
 66 words of extra memory for PDF output out of 10000 (max. 10000000)

