This is pdfTeX, Version 3.141592653-2.6-1.40.25 (MiKTeX 23.9) (preloaded format=pdflatex 2023.9.22)  30 MAR 2024 17:40
entering extended mode
 restricted \write18 enabled.
 %&-line parsing enabled.
**./main_changed.tex
(main_changed.tex
LaTeX2e <2023-06-01> patch level 1
L3 programming layer <2023-08-29>
(C:\Users\micha\AppData\Local\Programs\MiKTeX\tex/latex/base\article.cls
Document Class: article 2023/05/17 v1.4n Standard LaTeX document class
(C:\Users\micha\AppData\Local\Programs\MiKTeX\tex/latex/base\size10.clo
File: size10.clo 2023/05/17 v1.4n Standard LaTeX file (size option)
)
\c@part=\count185
\c@section=\count186
\c@subsection=\count187
\c@subsubsection=\count188
\c@paragraph=\count189
\c@subparagraph=\count190
\c@figure=\count191
\c@table=\count192
\abovecaptionskip=\skip48
\belowcaptionskip=\skip49
\bibindent=\dimen140
)
(aaai19.sty
Conference Style for AAAI for LaTeX 2e -- version for the AAAI-19 conference
\titlebox=\skip50
) (C:\Users\micha\AppData\Local\Programs\MiKTeX\tex/latex/psnfss\times.sty
Package: times 2020/03/25 PSNFSS-v9.3 (SPQR) 
)
(C:\Users\micha\AppData\Local\Programs\MiKTeX\tex/latex/psnfss\helvet.sty
Package: helvet 2020/03/25 PSNFSS-v9.3 (WaS) 

(C:\Users\micha\AppData\Local\Programs\MiKTeX\tex/latex/graphics\keyval.sty
Package: keyval 2022/05/29 v1.15 key=value parser (DPC)
\KV@toks@=\toks17
))
(C:\Users\micha\AppData\Local\Programs\MiKTeX\tex/latex/psnfss\courier.sty
Package: courier 2020/03/25 PSNFSS-v9.3 (WaS) 
)
(C:\Users\micha\AppData\Local\Programs\MiKTeX\tex/latex/url\url.sty
\Urlmuskip=\muskip16
Package: url 2013/09/16  ver 3.4  Verb mode for urls, etc.
)
(C:\Users\micha\AppData\Local\Programs\MiKTeX\tex/latex/graphics\graphicx.sty
Package: graphicx 2021/09/16 v1.2d Enhanced LaTeX Graphics (DPC,SPQR)

(C:\Users\micha\AppData\Local\Programs\MiKTeX\tex/latex/graphics\graphics.sty
Package: graphics 2022/03/10 v1.4e Standard LaTeX Graphics (DPC,SPQR)

(C:\Users\micha\AppData\Local\Programs\MiKTeX\tex/latex/graphics\trig.sty
Package: trig 2021/08/11 v1.11 sin cos tan (DPC)
)
(C:\Users\micha\AppData\Local\Programs\MiKTeX\tex/latex/graphics-cfg\graphics.c
fg
File: graphics.cfg 2016/06/04 v1.11 sample graphics configuration
)
Package graphics Info: Driver file: pdftex.def on input line 107.

(C:\Users\micha\AppData\Local\Programs\MiKTeX\tex/latex/graphics-def\pdftex.def
File: pdftex.def 2022/09/22 v1.2b Graphics/color driver for pdftex
))
\Gin@req@height=\dimen141
\Gin@req@width=\dimen142
)
(C:\Users\micha\AppData\Local\Programs\MiKTeX\tex/latex/amsfonts\amsfonts.sty
Package: amsfonts 2013/01/14 v3.01 Basic AMSFonts support
\@emptytoks=\toks18
\symAMSa=\mathgroup4
\symAMSb=\mathgroup5
LaTeX Font Info:    Redeclaring math symbol \hbar on input line 98.
LaTeX Font Info:    Overwriting math alphabet `\mathfrak' in version `bold'
(Font)                  U/euf/m/n --> U/euf/b/n on input line 106.
)
(C:\Users\micha\AppData\Local\Programs\MiKTeX\tex/latex/tools\bm.sty
Package: bm 2022/01/05 v1.2f Bold Symbol Support (DPC/FMi)
\symboldoperators=\mathgroup6
\symboldletters=\mathgroup7
\symboldsymbols=\mathgroup8
Package bm Info: No bold for \OMX/cmex/m/n, using \pmb.
Package bm Info: No bold for \U/msa/m/n, using \pmb.
Package bm Info: No bold for \U/msb/m/n, using \pmb.
LaTeX Font Info:    Redeclaring math alphabet \mathbf on input line 149.
)
(C:\Users\micha\AppData\Local\Programs\MiKTeX\tex/latex/amsmath\amsmath.sty
Package: amsmath 2023/05/13 v2.17o AMS math features
\@mathmargin=\skip51

For additional information on amsmath, use the `?' option.
(C:\Users\micha\AppData\Local\Programs\MiKTeX\tex/latex/amsmath\amstext.sty
Package: amstext 2021/08/26 v2.01 AMS text

(C:\Users\micha\AppData\Local\Programs\MiKTeX\tex/latex/amsmath\amsgen.sty
File: amsgen.sty 1999/11/30 v2.0 generic functions
\@emptytoks=\toks19
\ex@=\dimen143
))
(C:\Users\micha\AppData\Local\Programs\MiKTeX\tex/latex/amsmath\amsbsy.sty
Package: amsbsy 1999/11/29 v1.2d Bold Symbols
LaTeX Info: Redefining \boldsymbol on input line 28.
\pmbraise@=\dimen144
)
(C:\Users\micha\AppData\Local\Programs\MiKTeX\tex/latex/amsmath\amsopn.sty
Package: amsopn 2022/04/08 v2.04 operator names
)
\inf@bad=\count193
LaTeX Info: Redefining \frac on input line 234.
\uproot@=\count194
\leftroot@=\count195
LaTeX Info: Redefining \overline on input line 399.
LaTeX Info: Redefining \colon on input line 410.
\classnum@=\count196
\DOTSCASE@=\count197
LaTeX Info: Redefining \ldots on input line 496.
LaTeX Info: Redefining \dots on input line 499.
LaTeX Info: Redefining \cdots on input line 620.
\Mathstrutbox@=\box51
\strutbox@=\box52
LaTeX Info: Redefining \big on input line 722.
LaTeX Info: Redefining \Big on input line 723.
LaTeX Info: Redefining \bigg on input line 724.
LaTeX Info: Redefining \Bigg on input line 725.
\big@size=\dimen145
LaTeX Font Info:    Redeclaring font encoding OML on input line 743.
LaTeX Font Info:    Redeclaring font encoding OMS on input line 744.
\macc@depth=\count198
LaTeX Info: Redefining \bmod on input line 905.
LaTeX Info: Redefining \pmod on input line 910.
LaTeX Info: Redefining \smash on input line 940.
LaTeX Info: Redefining \relbar on input line 970.
LaTeX Info: Redefining \Relbar on input line 971.
\c@MaxMatrixCols=\count199
\dotsspace@=\muskip17
\c@parentequation=\count266
\dspbrk@lvl=\count267
\tag@help=\toks20
\row@=\count268
\column@=\count269
\maxfields@=\count270
\andhelp@=\toks21
\eqnshift@=\dimen146
\alignsep@=\dimen147
\tagshift@=\dimen148
\tagwidth@=\dimen149
\totwidth@=\dimen150
\lineht@=\dimen151
\@envbody=\toks22
\multlinegap=\skip52
\multlinetaggap=\skip53
\mathdisplay@stack=\toks23
LaTeX Info: Redefining \[ on input line 2953.
LaTeX Info: Redefining \] on input line 2954.
)
(C:\Users\micha\AppData\Local\Programs\MiKTeX\tex/latex/booktabs\booktabs.sty
Package: booktabs 2020/01/12 v1.61803398 Publication quality tables
\heavyrulewidth=\dimen152
\lightrulewidth=\dimen153
\cmidrulewidth=\dimen154
\belowrulesep=\dimen155
\belowbottomsep=\dimen156
\aboverulesep=\dimen157
\abovetopsep=\dimen158
\cmidrulesep=\dimen159
\cmidrulekern=\dimen160
\defaultaddspace=\dimen161
\@cmidla=\count271
\@cmidlb=\count272
\@aboverulesep=\dimen162
\@belowrulesep=\dimen163
\@thisruleclass=\count273
\@lastruleclass=\count274
\@thisrulewidth=\dimen164
)
(C:\Users\micha\AppData\Local\Programs\MiKTeX\tex/latex/bbm\bbm.sty
Package: bbm 1999/03/15 V 1.2 provides fonts for set symbols - TH
LaTeX Font Info:    Overwriting math alphabet `\mathbbm' in version `bold'
(Font)                  U/bbm/m/n --> U/bbm/bx/n on input line 33.
LaTeX Font Info:    Overwriting math alphabet `\mathbbmss' in version `bold'
(Font)                  U/bbmss/m/n --> U/bbmss/bx/n on input line 35.
)
(C:\Users\micha\AppData\Local\Programs\MiKTeX\tex/latex/mathtools\mathtools.sty
Package: mathtools 2022/06/29 v1.29 mathematical typesetting tools
(C:\Users\micha\AppData\Local\Programs\MiKTeX\tex/latex/tools\calc.sty
Package: calc 2017/05/25 v4.3 Infix arithmetic (KKT,FJ)
\calc@Acount=\count275
\calc@Bcount=\count276
\calc@Adimen=\dimen165
\calc@Bdimen=\dimen166
\calc@Askip=\skip54
\calc@Bskip=\skip55
LaTeX Info: Redefining \setlength on input line 80.
LaTeX Info: Redefining \addtolength on input line 81.
\calc@Ccount=\count277
\calc@Cskip=\skip56
)
(C:\Users\micha\AppData\Local\Programs\MiKTeX\tex/latex/mathtools\mhsetup.sty
Package: mhsetup 2021/03/18 v1.4 programming setup (MH)
)
\g_MT_multlinerow_int=\count278
\l_MT_multwidth_dim=\dimen167
\origjot=\skip57
\l_MT_shortvdotswithinadjustabove_dim=\dimen168
\l_MT_shortvdotswithinadjustbelow_dim=\dimen169
\l_MT_above_intertext_sep=\dimen170
\l_MT_below_intertext_sep=\dimen171
\l_MT_above_shortintertext_sep=\dimen172
\l_MT_below_shortintertext_sep=\dimen173
\xmathstrut@box=\box53
\xmathstrut@dim=\dimen174
) (C:\Users\micha\AppData\Local\Programs\MiKTeX\tex/latex/tools\tabularx.sty
Package: tabularx 2020/01/15 v2.11c `tabularx' package (DPC)

(C:\Users\micha\AppData\Local\Programs\MiKTeX\tex/latex/tools\array.sty
Package: array 2022/09/04 v2.5g Tabular extension package (FMi)
\col@sep=\dimen175
\ar@mcellbox=\box54
\extrarowheight=\dimen176
\NC@list=\toks24
\extratabsurround=\skip58
\backup@length=\skip59
\ar@cellbox=\box55
)
\TX@col@width=\dimen177
\TX@old@table=\dimen178
\TX@old@col=\dimen179
\TX@target=\dimen180
\TX@delta=\dimen181
\TX@cols=\count279
\TX@ftn=\toks25
)
(C:\Users\micha\AppData\Local\Programs\MiKTeX\tex/latex/base\textcomp.sty
Package: textcomp 2020/02/02 v2.0n Standard LaTeX package
)
(C:\Users\micha\AppData\Local\Programs\MiKTeX\tex/latex/caption\subcaption.sty
Package: subcaption 2023/07/28 v1.6b Sub-captions (AR)

(C:\Users\micha\AppData\Local\Programs\MiKTeX\tex/latex/caption\caption.sty
Package: caption 2023/07/31 v3.6n Customizing captions (AR)

(C:\Users\micha\AppData\Local\Programs\MiKTeX\tex/latex/caption\caption3.sty
Package: caption3 2023/07/31 v2.4d caption3 kernel (AR)
\caption@tempdima=\dimen182
\captionmargin=\dimen183
\caption@leftmargin=\dimen184
\caption@rightmargin=\dimen185
\caption@width=\dimen186
\caption@indent=\dimen187
\caption@parindent=\dimen188
\caption@hangindent=\dimen189
Package caption Info: Standard document class detected.
)
\c@caption@flags=\count280
\c@continuedfloat=\count281
)
Package caption Info: New subtype `subfigure' on input line 238.
\c@subfigure=\count282
Package caption Info: New subtype `subtable' on input line 238.
\c@subtable=\count283
)
LaTeX Font Info:    Trying to load font information for OT1+ptm on input line 5
9.
(C:\Users\micha\AppData\Local\Programs\MiKTeX\tex/latex/psnfss\ot1ptm.fd
File: ot1ptm.fd 2001/06/04 font definitions for OT1/ptm.
)
(C:\Users\micha\AppData\Local\Programs\MiKTeX\tex/latex/l3backend\l3backend-pdf
tex.def
File: l3backend-pdftex.def 2023-04-19 L3 backend support: PDF output (pdfTeX)
\l__color_backend_stack_int=\count284
\l__pdf_internal_box=\box56
) (main_changed.aux
Runaway argument?
{{10}{8}{Model performance on TACRED and SemEval datasets; P = Precis\ETC.
! Paragraph ended before \@newl@bel was complete.
<to be read again> 
                   \par 
l.123 ...#})##2{{##1}}\let \reserved@d =[\def \par
                                                   }{}{}}
I suspect you've forgotten a `}', causing me to apply this
control sequence to too much text. How can we recover?
My plan is to forget the whole thing and hope for the best.

! Extra }, or forgotten \endgroup.
l.123 ...)##2{{##1}}\let \reserved@d =[\def \par }
                                                  {}{}}
I've deleted a group-closing symbol because it seems to be
spurious, as in `$x}$'. But perhaps the } is legitimate and
you forgot something else, as in `\hbox{$x}'. In such cases
the way to recover is to insert both the forgotten and the
deleted material, e.g., by typing `I$}'.

! Extra }, or forgotten \endgroup.
l.123 ...{##1}}\let \reserved@d =[\def \par }{}{}}
                                                  
I've deleted a group-closing symbol because it seems to be
spurious, as in `$x}$'. But perhaps the } is legitimate and
you forgot something else, as in `\hbox{$x}'. In such cases
the way to recover is to insert both the forgotten and the
deleted material, e.g., by typing `I$}'.

)
\openout1 = `main_changed.aux'.

LaTeX Font Info:    Checking defaults for OML/cmm/m/it on input line 59.
LaTeX Font Info:    ... okay on input line 59.
LaTeX Font Info:    Checking defaults for OMS/cmsy/m/n on input line 59.
LaTeX Font Info:    ... okay on input line 59.
LaTeX Font Info:    Checking defaults for OT1/cmr/m/n on input line 59.
LaTeX Font Info:    ... okay on input line 59.
LaTeX Font Info:    Checking defaults for T1/cmr/m/n on input line 59.
LaTeX Font Info:    ... okay on input line 59.
LaTeX Font Info:    Checking defaults for TS1/cmr/m/n on input line 59.
LaTeX Font Info:    ... okay on input line 59.
LaTeX Font Info:    Checking defaults for OMX/cmex/m/n on input line 59.
LaTeX Font Info:    ... okay on input line 59.
LaTeX Font Info:    Checking defaults for U/cmr/m/n on input line 59.
LaTeX Font Info:    ... okay on input line 59.

(C:\Users\micha\AppData\Local\Programs\MiKTeX\tex/context/base/mkii\supp-pdf.mk
ii
[Loading MPS to PDF converter (version 2006.09.02).]
\scratchcounter=\count285
\scratchdimen=\dimen190
\scratchbox=\box57
\nofMPsegments=\count286
\nofMParguments=\count287
\everyMPshowfont=\toks26
\MPscratchCnt=\count288
\MPscratchDim=\dimen191
\MPnumerator=\count289
\makeMPintoPDFobject=\count290
\everyMPtoPDFconversion=\toks27
)
(C:\Users\micha\AppData\Local\Programs\MiKTeX\tex/latex/epstopdf-pkg\epstopdf-b
ase.sty
Package: epstopdf-base 2020-01-24 v2.11 Base part for package epstopdf
Package epstopdf-base Info: Redefining graphics rule for `.eps' on input line 4
85.

(C:\Users\micha\AppData\Local\Programs\MiKTeX\tex/latex/00miktex\epstopdf-sys.c
fg
File: epstopdf-sys.cfg 2021/03/18 v2.0 Configuration of epstopdf for MiKTeX
))
Package caption Info: Begin \AtBeginDocument code.
Package caption Info: End \AtBeginDocument code.
LaTeX Font Info:    Trying to load font information for U+msa on input line 60.

 (C:\Users\micha\AppData\Local\Programs\MiKTeX\tex/latex/amsfonts\umsa.fd
File: umsa.fd 2013/01/14 v3.01 AMS symbols A
)
LaTeX Font Info:    Trying to load font information for U+msb on input line 60.


(C:\Users\micha\AppData\Local\Programs\MiKTeX\tex/latex/amsfonts\umsb.fd
File: umsb.fd 2013/01/14 v3.01 AMS symbols B
)
LaTeX Font Info:    Trying to load font information for TS1+ptm on input line 6
0.

(C:\Users\micha\AppData\Local\Programs\MiKTeX\tex/latex/psnfss\ts1ptm.fd
File: ts1ptm.fd 2001/06/04 font definitions for TS1/ptm.
)

LaTeX Warning: Citation `dai2015semi' on page 1 undefined on input line 64.


LaTeX Warning: Citation `miyato2016adversarial' on page 1 undefined on input li
ne 64.


LaTeX Warning: Citation `johnson2017deep' on page 1 undefined on input line 64.



LaTeX Warning: Citation `pang2008opinion' on page 1 undefined on input line 69.



LaTeX Warning: Citation `lewis2004rcv1' on page 1 undefined on input line 69.


LaTeX Warning: Citation `sahami98bayesian' on page 1 undefined on input line 69
.


LaTeX Warning: Citation `mccallum1998comparison' on page 1 undefined on input l
ine 69.


LaTeX Warning: Citation `joachims1998text' on page 1 undefined on input line 69
.


LaTeX Warning: Citation `Deerwester90indexingby' on page 1 undefined on input l
ine 69.


LaTeX Warning: Citation `mikolov2013distributed' on page 1 undefined on input l
ine 69.


LaTeX Warning: Citation `joulin2017fastText' on page 1 undefined on input line 
69.


LaTeX Warning: Citation `kim2014convolutional' on page 1 undefined on input lin
e 69.


LaTeX Warning: Citation `johnson2015effective' on page 1 undefined on input lin
e 69.


LaTeX Warning: Citation `johnson2015effective' on page 1 undefined on input lin
e 69.


LaTeX Warning: Citation `johnson2016supervised' on page 1 undefined on input li
ne 69.


LaTeX Warning: Citation `johnson2016supervised' on page 1 undefined on input li
ne 69.


LaTeX Warning: Citation `dai2015semi' on page 1 undefined on input line 71.


LaTeX Warning: Citation `dai2015semi' on page 1 undefined on input line 71.


LaTeX Warning: Citation `johnson2017deep' on page 1 undefined on input line 71.



LaTeX Warning: Citation `johnson2017deep' on page 1 undefined on input line 71.


[1{C:/Users/micha/AppData/Local/MiKTeX/fonts/map/pdftex/pdftex.map}{C:/Users/mi
cha/AppData/Local/Programs/MiKTeX/fonts/enc/dvips/base/8r.enc}



]
<images/bilstm_clf.pdf, id=8, 271.0125pt x 331.2375pt>
File: images/bilstm_clf.pdf Graphic file (type pdf)
<use images/bilstm_clf.pdf>
Package pdftex.def Info: images/bilstm_clf.pdf  used on input line 91.
(pdftex.def)             Requested size: 230.3617pt x 281.55319pt.


LaTeX Warning: Citation `hochreiter1997long' on page 2 undefined on input line 
96.


LaTeX Warning: Citation `schuster1997bidirectional' on page 2 undefined on inpu
t line 96.


Underfull \hbox (badness 1281) in paragraph at lines 96--100
\OT1/ptm/m/n/10 a bidi-rec-tional long short-term mem-ory (BiL-STM) en-
 []

LaTeX Font Info:    Trying to load font information for U+bbm on input line 129
.
(C:\Users\micha\AppData\Local\Programs\MiKTeX\tex/latex/bbm\ubbm.fd
File: ubbm.fd 1999/03/15 V 1.2 Font definition for bbm font - TH
)

LaTeX Warning: Citation `goodfellow2014explaining' on page 2 undefined on input
 line 132.


LaTeX Warning: Citation `miyato2016adversarial' on page 2 undefined on input li
ne 134.


LaTeX Warning: Citation `miyato2016adversarial' on page 2 undefined on input li
ne 134.

[2 <./images/bilstm_clf.pdf

pdfTeX warning: pdflatex (file ./images/bilstm_clf.pdf): PDF inclusion: invalid
 other resource which is no dict (key 'ProcSets', type <array>); ignored.
>]

LaTeX Warning: Citation `grandvalet2005semi' on page 3 undefined on input line 
148.


LaTeX Warning: Citation `miyato2017virtual' on page 3 undefined on input line 1
48.


Overfull \hbox (3.12383pt too wide) detected at line 151
\OML/cmm/m/it/10 L[]\OT1/cmr/m/n/10 ([]) = [] [] [] \OML/cmm/m/it/10 p\OT1/cmr/
m/n/10 (\OML/cmm/m/it/10 y[] \OT1/cmr/m/n/10 = \OML/cmm/m/it/10 k\OMS/cmsy/m/n/
10 j\OT1/cmr/bx/n/10 x[]\OT1/cmr/m/n/10 ) [] \OML/cmm/m/it/10 p\OT1/cmr/m/n/10 
(\OML/cmm/m/it/10 y[] \OT1/cmr/m/n/10 = \OML/cmm/m/it/10 k\OMS/cmsy/m/n/10 j\OT
1/cmr/bx/n/10 x[]\OT1/cmr/m/n/10 )\OML/cmm/m/it/10 ;
 []


LaTeX Warning: Citation `miyato2017virtual' on page 3 undefined on input line 1
75.


LaTeX Warning: Citation `werbos1988generalization' on page 3 undefined on input
 line 224.


LaTeX Warning: Citation `dai2015semi' on page 3 undefined on input line 235.


LaTeX Warning: Citation `dai2015semi' on page 3 undefined on input line 235.


LaTeX Warning: Citation `le2014distributed' on page 3 undefined on input line 2
36.


LaTeX Warning: Citation `le2014distributed' on page 3 undefined on input line 2
36.


LaTeX Warning: Citation `joulin2017fastText' on page 3 undefined on input line 
237.


LaTeX Warning: Citation `joulin2017fastText' on page 3 undefined on input line 
237.


LaTeX Warning: Citation `kim2014convolutional' on page 3 undefined on input lin
e 238.


LaTeX Warning: Citation `kim2014convolutional' on page 3 undefined on input lin
e 238.


LaTeX Warning: Citation `johnson2015semi' on page 3 undefined on input line 239
.


LaTeX Warning: Citation `johnson2017deep' on page 3 undefined on input line 239
.


LaTeX Warning: Citation `zhang2015character' on page 3 undefined on input line 
240.


LaTeX Warning: Citation `zhang2015character' on page 3 undefined on input line 
240.


LaTeX Warning: Citation `dai2015semi' on page 3 undefined on input line 256.


LaTeX Warning: Citation `dai2015semi' on page 3 undefined on input line 256.


LaTeX Warning: Citation `miyato2016adversarial' on page 3 undefined on input li
ne 257.


LaTeX Warning: Citation `miyato2016adversarial' on page 3 undefined on input li
ne 257.


LaTeX Warning: Citation `johnson2016supervised' on page 3 undefined on input li
ne 258.


LaTeX Warning: Citation `johnson2017deep' on page 3 undefined on input line 258
.


LaTeX Warning: Citation `howard2018universal' on page 3 undefined on input line
 259.


LaTeX Warning: Citation `howard2018universal' on page 3 undefined on input line
 259.


LaTeX Warning: Citation `maas-EtAl:2011:ACL-HLT2011' on page 3 undefined on inp
ut line 270.


LaTeX Warning: Citation `zhang2015character' on page 3 undefined on input line 
270.


LaTeX Warning: Citation `lewis2004rcv1' on page 3 undefined on input line 270.


LaTeX Warning: Citation `sachan2018investigating' on page 3 undefined on input 
line 270.

[3]

LaTeX Warning: Citation `paszke2017automatic' on page 4 undefined on input line
 273.

LaTeX Font Info:    Trying to load font information for OT1+pcr on input line 2
73.
(C:\Users\micha\AppData\Local\Programs\MiKTeX\tex/latex/psnfss\ot1pcr.fd
File: ot1pcr.fd 2001/06/04 font definitions for OT1/pcr.
)

LaTeX Warning: Citation `mikolov2013distributed' on page 4 undefined on input l
ine 273.


LaTeX Warning: Citation `mikolov2018advances' on page 4 undefined on input line
 273.


LaTeX Warning: Citation `DBLP:journals/corr/KingmaB14' on page 4 undefined on i
nput line 273.

[4]

LaTeX Warning: Citation `howard2018universal' on page 5 undefined on input line
 314.


LaTeX Warning: Citation `howard2018universal' on page 5 undefined on input line
 314.

[5]
<images/reg.pdf, id=67, 429.64868pt x 291.35376pt>
File: images/reg.pdf Graphic file (type pdf)
<use images/reg.pdf>
Package pdftex.def Info: images/reg.pdf  used on input line 375.
(pdftex.def)             Requested size: 116.00668pt x 78.66656pt.
<images/test_error.pdf, id=68, 409.71951pt x 291.35376pt>
File: images/test_error.pdf Graphic file (type pdf)
<use images/test_error.pdf>
Package pdftex.def Info: images/test_error.pdf  used on input line 379.
(pdftex.def)             Requested size: 110.62573pt x 78.66656pt.
<images/learning_curve.pdf, id=69, 411.35374pt x 294.838pt>
File: images/learning_curve.pdf Graphic file (type pdf)
<use images/learning_curve.pdf>
Package pdftex.def Info: images/learning_curve.pdf  used on input line 393.
(pdftex.def)             Requested size: 119.28952pt x 85.50082pt.
<images/unlabeled.pdf, id=70, 402.18138pt x 294.838pt>
File: images/unlabeled.pdf Graphic file (type pdf)
<use images/unlabeled.pdf>
Package pdftex.def Info: images/unlabeled.pdf  used on input line 397.
(pdftex.def)             Requested size: 116.62961pt x 85.50082pt.

Underfull \vbox (badness 1817) has occurred while \output is active []

<images/model_size.pdf, id=71, 395.60606pt x 283.79555pt>
File: images/model_size.pdf Graphic file (type pdf)
<use images/model_size.pdf>
Package pdftex.def Info: images/model_size.pdf  used on input line 445.
(pdftex.def)             Requested size: 114.72281pt x 82.2986pt.
<images/model_layer.pdf, id=72, 400.54716pt x 291.35376pt>
File: images/model_layer.pdf Graphic file (type pdf)
<use images/model_layer.pdf>
Package pdftex.def Info: images/model_layer.pdf  used on input line 450.
(pdftex.def)             Requested size: 116.1557pt x 84.49042pt.
 [6 <./images/reg.pdf> <./images/test_error.pdf

pdfTeX warning: pdflatex (file ./images/test_error.pdf): PDF inclusion: multipl
e pdfs with page group included in a single page
> <./images/learning_curve.pdf

pdfTeX warning: pdflatex (file ./images/learning_curve.pdf): PDF inclusion: mul
tiple pdfs with page group included in a single page
> <./images/unlabeled.pdf

pdfTeX warning: pdflatex (file ./images/unlabeled.pdf): PDF inclusion: multiple
 pdfs with page group included in a single page
> <./images/model_size.pdf

pdfTeX warning: pdflatex (file ./images/model_size.pdf): PDF inclusion: multipl
e pdfs with page group included in a single page
> <./images/model_layer.pdf

pdfTeX warning: pdflatex (file ./images/model_layer.pdf): PDF inclusion: multip
le pdfs with page group included in a single page
>]
<images/model_histogram.pdf, id=177, 569.73999pt x 499.29869pt>
File: images/model_histogram.pdf Graphic file (type pdf)
<use images/model_histogram.pdf>
Package pdftex.def Info: images/model_histogram.pdf  used on input line 463.
(pdftex.def)             Requested size: 239.39438pt x 209.79544pt.

Underfull \vbox (badness 10000) has occurred while \output is active []


Overfull \hbox (1.59431pt too wide) detected at line 476
[]
 []

[7 <./images/model_histogram.pdf>]

LaTeX Warning: Citation `yuhao2017slot' on page 8 undefined on input line 485.


Underfull \hbox (badness 1325) in paragraph at lines 485--486
[]\OT1/ptm/m/n/10 For the RE task, we use a position-aware at-ten-tion
 []


LaTeX Warning: Citation `yuhao2017slot' on page 8 undefined on input line 487.


LaTeX Warning: Citation `yuhao2017slot' on page 8 undefined on input line 487.


LaTeX Warning: Reference `table:RE_accuracy' on page 8 undefined on input line 
487.


LaTeX Warning: Citation `santos2015relation' on page 8 undefined on input line 
522.


LaTeX Warning: Citation `santos2015relation' on page 8 undefined on input line 
522.


LaTeX Warning: Citation `yan2015relation' on page 8 undefined on input line 522
.


LaTeX Warning: Citation `yan2015relation' on page 8 undefined on input line 522
.


LaTeX Warning: Citation `yuhao2017slot' on page 8 undefined on input line 522.


LaTeX Warning: Citation `yuhao2017slot' on page 8 undefined on input line 522.


LaTeX Warning: Citation `santos2015relation' on page 8 undefined on input line 
522.


LaTeX Warning: Citation `santos2015relation' on page 8 undefined on input line 
522.


LaTeX Warning: Citation `yan2015relation' on page 8 undefined on input line 522
.


LaTeX Warning: Citation `yan2015relation' on page 8 undefined on input line 522
.


LaTeX Warning: Citation `yuhao2017slot' on page 8 undefined on input line 522.


LaTeX Warning: Citation `yuhao2017slot' on page 8 undefined on input line 522.

! Illegal parameter number in definition of \reserved@a.
<to be read again> 
                   2
l.523 \label{table:RE_accuracy}
                               
You meant to type ## instead of #, right?
Or maybe a } was forgotten somewhere earlier, and things
are all screwed up? I'm going to assume that you meant ##.

! Illegal parameter number in definition of \reserved@a.
<to be read again> 
                   1
l.523 \label{table:RE_accuracy}
                               
You meant to type ## instead of #, right?
Or maybe a } was forgotten somewhere earlier, and things
are all screwed up? I'm going to assume that you meant ##.

! Illegal parameter number in definition of \reserved@a.
<to be read again> 
                   }
l.523 \label{table:RE_accuracy}
                               
You meant to type ## instead of #, right?
Or maybe a } was forgotten somewhere earlier, and things
are all screwed up? I'm going to assume that you meant ##.

! Illegal parameter number in definition of \reserved@a.
<to be read again> 
                   2
l.523 \label{table:RE_accuracy}
                               
You meant to type ## instead of #, right?
Or maybe a } was forgotten somewhere earlier, and things
are all screwed up? I'm going to assume that you meant ##.

! Illegal parameter number in definition of \reserved@a.
<to be read again> 
                   1
l.523 \label{table:RE_accuracy}
                               
You meant to type ## instead of #, right?
Or maybe a } was forgotten somewhere earlier, and things
are all screwed up? I'm going to assume that you meant ##.

! Argument of \caption@@@withoptargs has an extra }.
<inserted text> 
                \par 
l.523 \label{table:RE_accuracy}
                               
I've run across a `}' that doesn't seem to match anything.
For example, `\def\a#1{...}' and `\a}' would produce
this error. If you simply proceed now, the `\par' that
I've just inserted will cause me to report a runaway
argument that might be the root of the problem. But if
your `}' was spurious, just type `2' and it will go away.

Runaway argument?
{\caption@@xlabel }{\@tempswatrue \@citex }\def \reserved@b {\@tempswafalse \ET
C.
! Paragraph ended before \caption@@@withoptargs was complete.
<to be read again> 
                   \par 
l.523 \label{table:RE_accuracy}
                               
I suspect you've forgotten a `}', causing me to apply this
control sequence to too much text. How can we recover?
My plan is to forget the whole thing and hope for the best.


Underfull \hbox (badness 1642) in paragraph at lines 487--526
\OT1/ptm/m/n/10 POS and NER tags are com-puted us-ing the Stan-ford
 []


LaTeX Warning: Citation `collobert2011natural' on page 8 undefined on input lin
e 530.


LaTeX Warning: Citation `peters2018deep' on page 8 undefined on input line 530.



LaTeX Warning: Citation `kim2014convolutional' on page 8 undefined on input lin
e 530.


LaTeX Warning: Citation `kim2014convolutional' on page 8 undefined on input lin
e 530.


LaTeX Warning: Citation `lai2015recurrent' on page 8 undefined on input line 53
0.


LaTeX Warning: Citation `lai2015recurrent' on page 8 undefined on input line 53
0.


LaTeX Warning: Citation `zhou2016text' on page 8 undefined on input line 530.


LaTeX Warning: Citation `zhou2016text' on page 8 undefined on input line 530.


LaTeX Warning: Citation `Zhou2015clstm' on page 8 undefined on input line 530.


LaTeX Warning: Citation `Zhou2015clstm' on page 8 undefined on input line 530.


LaTeX Warning: Citation `tang2015document' on page 8 undefined on input line 53
0.


LaTeX Warning: Citation `tang2015document' on page 8 undefined on input line 53
0.


LaTeX Warning: Citation `yang2016hierarchical' on page 8 undefined on input lin
e 530.


LaTeX Warning: Citation `yang2016hierarchical' on page 8 undefined on input lin
e 530.


LaTeX Warning: Citation `blum1998combining' on page 8 undefined on input line 5
33.


LaTeX Warning: Citation `nigam2000text' on page 8 undefined on input line 533.


LaTeX Warning: Citation `nigam2000text' on page 8 undefined on input line 533.


LaTeX Warning: Citation `dai2015semi' on page 8 undefined on input line 533.


LaTeX Warning: Citation `howard2018universal' on page 8 undefined on input line
 533.


LaTeX Warning: Citation `devlin2018bert' on page 8 undefined on input line 533.



LaTeX Warning: Citation `ramachandran2017pretraining' on page 8 undefined on in
put line 533.


LaTeX Warning: Citation `qi2018embeddings' on page 8 undefined on input line 53
3.


Underfull \hbox (badness 4072) in paragraph at lines 532--534
 \OT1/ptm/b/n/10 Semi-Supervised Learn-ing. \OT1/ptm/m/n/10 SSL ap-proaches can
 be
 []

No file main_changed.bbl.
[8] [9

] (main_changed.aux
Runaway argument?
{{10}{8}{Model performance on TACRED and SemEval datasets; P = Precis\ETC.
! Paragraph ended before \@newl@bel was complete.
<to be read again> 
                   \par 
l.123 ...#})##2{{##1}}\let \reserved@d =[\def \par
                                                   }{}{}}
I suspect you've forgotten a `}', causing me to apply this
control sequence to too much text. How can we recover?
My plan is to forget the whole thing and hope for the best.

! Extra }, or forgotten \endgroup.
l.123 ...)##2{{##1}}\let \reserved@d =[\def \par }
                                                  {}{}}
I've deleted a group-closing symbol because it seems to be
spurious, as in `$x}$'. But perhaps the } is legitimate and
you forgot something else, as in `\hbox{$x}'. In such cases
the way to recover is to insert both the forgotten and the
deleted material, e.g., by typing `I$}'.

! Extra }, or forgotten \endgroup.
l.123 ...{##1}}\let \reserved@d =[\def \par }{}{}}
                                                  
I've deleted a group-closing symbol because it seems to be
spurious, as in `$x}$'. But perhaps the } is legitimate and
you forgot something else, as in `\hbox{$x}'. In such cases
the way to recover is to insert both the forgotten and the
deleted material, e.g., by typing `I$}'.

)
 ***********
LaTeX2e <2023-06-01> patch level 1
L3 programming layer <2023-08-29>
 ***********


LaTeX Warning: There were undefined references.

 ) 
Here is how much of TeX's memory you used:
 5050 strings out of 475247
 87889 string characters out of 5757792
 1952801 words of memory out of 5000000
 26472 multiletter control sequences out of 15000+600000
 597449 words of font info for 116 fonts, out of 8000000 for 9000
 1141 hyphenation exceptions out of 8191
 67i,20n,77p,1695b,502s stack positions out of 10000i,1000n,20000p,200000b,200000s
 <C:\Users\micha\AppData\Local\MiKTeX\fonts/pk/ljfour/public/bbm/dpi600\bbm10
.pk><C:/Users/micha/AppData/Local/Programs/MiKTeX/fonts/type1/public/amsfonts/c
m/cmbx10.pfb><C:/Users/micha/AppData/Local/Programs/MiKTeX/fonts/type1/public/a
msfonts/cm/cmbx12.pfb><C:/Users/micha/AppData/Local/Programs/MiKTeX/fonts/type1
/public/amsfonts/cm/cmbx7.pfb><C:/Users/micha/AppData/Local/Programs/MiKTeX/fon
ts/type1/public/amsfonts/cm/cmex10.pfb><C:/Users/micha/AppData/Local/Programs/M
iKTeX/fonts/type1/public/amsfonts/cm/cmmi10.pfb><C:/Users/micha/AppData/Local/P
rograms/MiKTeX/fonts/type1/public/amsfonts/cm/cmmi12.pfb><C:/Users/micha/AppDat
a/Local/Programs/MiKTeX/fonts/type1/public/amsfonts/cm/cmmi5.pfb><C:/Users/mich
a/AppData/Local/Programs/MiKTeX/fonts/type1/public/amsfonts/cm/cmmi7.pfb><C:/Us
ers/micha/AppData/Local/Programs/MiKTeX/fonts/type1/public/amsfonts/cm/cmmi9.pf
b><C:/Users/micha/AppData/Local/Programs/MiKTeX/fonts/type1/public/amsfonts/cm/
cmmib10.pfb><C:/Users/micha/AppData/Local/Programs/MiKTeX/fonts/type1/public/am
sfonts/cmextra/cmmib9.pfb><C:/Users/micha/AppData/Local/Programs/MiKTeX/fonts/t
ype1/public/amsfonts/cm/cmr10.pfb><C:/Users/micha/AppData/Local/Programs/MiKTeX
/fonts/type1/public/amsfonts/cm/cmr12.pfb><C:/Users/micha/AppData/Local/Program
s/MiKTeX/fonts/type1/public/amsfonts/cm/cmr17.pfb><C:/Users/micha/AppData/Local
/Programs/MiKTeX/fonts/type1/public/amsfonts/cm/cmr7.pfb><C:/Users/micha/AppDat
a/Local/Programs/MiKTeX/fonts/type1/public/amsfonts/cm/cmss12.pfb><C:/Users/mic
ha/AppData/Local/Programs/MiKTeX/fonts/type1/public/amsfonts/cm/cmss17.pfb><C:/
Users/micha/AppData/Local/Programs/MiKTeX/fonts/type1/public/amsfonts/cm/cmsy10
.pfb><C:/Users/micha/AppData/Local/Programs/MiKTeX/fonts/type1/public/amsfonts/
cm/cmsy5.pfb><C:/Users/micha/AppData/Local/Programs/MiKTeX/fonts/type1/public/a
msfonts/cm/cmsy7.pfb><C:/Users/micha/AppData/Local/Programs/MiKTeX/fonts/type1/
public/amsfonts/symbols/msbm10.pfb><C:/Users/micha/AppData/Local/Programs/MiKTe
X/fonts/type1/urw/courier/ucrr8a.pfb><C:/Users/micha/AppData/Local/Programs/MiK
TeX/fonts/type1/urw/times/utmb8a.pfb><C:/Users/micha/AppData/Local/Programs/MiK
TeX/fonts/type1/urw/times/utmbi8a.pfb><C:/Users/micha/AppData/Local/Programs/Mi
KTeX/fonts/type1/urw/times/utmr8a.pfb><C:/Users/micha/AppData/Local/Programs/Mi
KTeX/fonts/type1/urw/times/utmri8a.pfb>
Output written on main_changed.pdf (9 pages, 599197 bytes).
PDF statistics:
 311 PDF objects out of 1000 (max. 8388607)
 0 named destinations out of 1000 (max. 500000)
 41 words of extra memory for PDF output out of 10000 (max. 10000000)

