This is pdfTeX, Version 3.141592653-2.6-1.40.25 (MiKTeX 23.9) (preloaded format=pdflatex 2023.9.22)  30 MAR 2024 16:19
entering extended mode
 restricted \write18 enabled.
 %&-line parsing enabled.
**./topic_model_changed.tex
(topic_model_changed.tex
LaTeX2e <2023-06-01> patch level 1
L3 programming layer <2023-08-29>
(C:\Users\micha\AppData\Local\Programs\MiKTeX\tex/latex/base\article.cls
Document Class: article 2023/05/17 v1.4n Standard LaTeX document class
(C:\Users\micha\AppData\Local\Programs\MiKTeX\tex/latex/base\size10.clo
File: size10.clo 2023/05/17 v1.4n Standard LaTeX file (size option)
)
\c@part=\count185
\c@section=\count186
\c@subsection=\count187
\c@subsubsection=\count188
\c@paragraph=\count189
\c@subparagraph=\count190
\c@figure=\count191
\c@table=\count192
\abovecaptionskip=\skip48
\belowcaptionskip=\skip49
\bibindent=\dimen140
)
(C:\Users\micha\AppData\Local\Programs\MiKTeX\tex/latex/base\fontenc.sty
Package: fontenc 2021/04/29 v2.0v Standard LaTeX package
)
(C:\Users\micha\AppData\Local\Programs\MiKTeX\tex/latex/base\inputenc.sty
Package: inputenc 2021/02/14 v1.3d Input encoding file
\inpenc@prehook=\toks17
\inpenc@posthook=\toks18

(C:\Users\micha\AppData\Local\Programs\MiKTeX\tex/latex/base\latin9.def
File: latin9.def 2021/02/14 v1.3d Input encoding file
))
(C:\Users\micha\AppData\Local\Programs\MiKTeX\tex/latex/graphics\color.sty
Package: color 2022/01/06 v1.3d Standard LaTeX Color (DPC)

(C:\Users\micha\AppData\Local\Programs\MiKTeX\tex/latex/graphics-cfg\color.cfg
File: color.cfg 2016/01/02 v1.6 sample color configuration
)
Package color Info: Driver file: pdftex.def on input line 149.

(C:\Users\micha\AppData\Local\Programs\MiKTeX\tex/latex/graphics-def\pdftex.def
File: pdftex.def 2022/09/22 v1.2b Graphics/color driver for pdftex
)
(C:\Users\micha\AppData\Local\Programs\MiKTeX\tex/latex/graphics\mathcolor.ltx)
) (C:\Users\micha\AppData\Local\Programs\MiKTeX\tex/latex/float\float.sty
Package: float 2001/11/08 v1.3d Float enhancements (AL)
\c@float@type=\count193
\float@exts=\toks19
\float@box=\box51
\@float@everytoks=\toks20
\@floatcapt=\box52
)
(C:\Users\micha\AppData\Local\Programs\MiKTeX\tex/latex/tools\bm.sty
Package: bm 2022/01/05 v1.2f Bold Symbol Support (DPC/FMi)
\symboldoperators=\mathgroup4
\symboldletters=\mathgroup5
\symboldsymbols=\mathgroup6
Package bm Info: No bold for \OMX/cmex/m/n, using \pmb.
LaTeX Font Info:    Redeclaring math alphabet \mathbf on input line 149.
)
(C:\Users\micha\AppData\Local\Programs\MiKTeX\tex/latex/amsmath\amsmath.sty
Package: amsmath 2023/05/13 v2.17o AMS math features
\@mathmargin=\skip50

For additional information on amsmath, use the `?' option.
(C:\Users\micha\AppData\Local\Programs\MiKTeX\tex/latex/amsmath\amstext.sty
Package: amstext 2021/08/26 v2.01 AMS text

(C:\Users\micha\AppData\Local\Programs\MiKTeX\tex/latex/amsmath\amsgen.sty
File: amsgen.sty 1999/11/30 v2.0 generic functions
\@emptytoks=\toks21
\ex@=\dimen141
))
(C:\Users\micha\AppData\Local\Programs\MiKTeX\tex/latex/amsmath\amsbsy.sty
Package: amsbsy 1999/11/29 v1.2d Bold Symbols
LaTeX Info: Redefining \boldsymbol on input line 28.
\pmbraise@=\dimen142
)
(C:\Users\micha\AppData\Local\Programs\MiKTeX\tex/latex/amsmath\amsopn.sty
Package: amsopn 2022/04/08 v2.04 operator names
)
\inf@bad=\count194
LaTeX Info: Redefining \frac on input line 234.
\uproot@=\count195
\leftroot@=\count196
LaTeX Info: Redefining \overline on input line 399.
LaTeX Info: Redefining \colon on input line 410.
\classnum@=\count197
\DOTSCASE@=\count198
LaTeX Info: Redefining \ldots on input line 496.
LaTeX Info: Redefining \dots on input line 499.
LaTeX Info: Redefining \cdots on input line 620.
\Mathstrutbox@=\box53
\strutbox@=\box54
LaTeX Info: Redefining \big on input line 722.
LaTeX Info: Redefining \Big on input line 723.
LaTeX Info: Redefining \bigg on input line 724.
LaTeX Info: Redefining \Bigg on input line 725.
\big@size=\dimen143
LaTeX Font Info:    Redeclaring font encoding OML on input line 743.
LaTeX Font Info:    Redeclaring font encoding OMS on input line 744.
\macc@depth=\count199
LaTeX Info: Redefining \bmod on input line 905.
LaTeX Info: Redefining \pmod on input line 910.
LaTeX Info: Redefining \smash on input line 940.
LaTeX Info: Redefining \relbar on input line 970.
LaTeX Info: Redefining \Relbar on input line 971.
\c@MaxMatrixCols=\count266
\dotsspace@=\muskip16
\c@parentequation=\count267
\dspbrk@lvl=\count268
\tag@help=\toks22
\row@=\count269
\column@=\count270
\maxfields@=\count271
\andhelp@=\toks23
\eqnshift@=\dimen144
\alignsep@=\dimen145
\tagshift@=\dimen146
\tagwidth@=\dimen147
\totwidth@=\dimen148
\lineht@=\dimen149
\@envbody=\toks24
\multlinegap=\skip51
\multlinetaggap=\skip52
\mathdisplay@stack=\toks25
LaTeX Info: Redefining \[ on input line 2953.
LaTeX Info: Redefining \] on input line 2954.
)
(C:\Users\micha\AppData\Local\Programs\MiKTeX\tex/latex/graphics\graphicx.sty
Package: graphicx 2021/09/16 v1.2d Enhanced LaTeX Graphics (DPC,SPQR)

(C:\Users\micha\AppData\Local\Programs\MiKTeX\tex/latex/graphics\keyval.sty
Package: keyval 2022/05/29 v1.15 key=value parser (DPC)
\KV@toks@=\toks26
)
(C:\Users\micha\AppData\Local\Programs\MiKTeX\tex/latex/graphics\graphics.sty
Package: graphics 2022/03/10 v1.4e Standard LaTeX Graphics (DPC,SPQR)

(C:\Users\micha\AppData\Local\Programs\MiKTeX\tex/latex/graphics\trig.sty
Package: trig 2021/08/11 v1.11 sin cos tan (DPC)
)
(C:\Users\micha\AppData\Local\Programs\MiKTeX\tex/latex/graphics-cfg\graphics.c
fg
File: graphics.cfg 2016/06/04 v1.11 sample graphics configuration
)
Package graphics Info: Driver file: pdftex.def on input line 107.
)
\Gin@req@height=\dimen150
\Gin@req@width=\dimen151
)
\@float@every@algorithm=\toks27
\c@algorithm=\count272
 (aaai.sty
Conference Style for AAAI for LaTeX 2e -- version of 1 January 2015
\titlebox=\skip53
) (C:\Users\micha\AppData\Local\Programs\MiKTeX\tex/latex/psnfss\times.sty
Package: times 2020/03/25 PSNFSS-v9.3 (SPQR) 
)
(C:\Users\micha\AppData\Local\Programs\MiKTeX\tex/generic/babel\babel.sty
Package: babel 2023/08/29 v3.93 The Babel package
\babel@savecnt=\count273
\U@D=\dimen152
\l@unhyphenated=\language79

(C:\Users\micha\AppData\Local\Programs\MiKTeX\tex/generic/babel\txtbabel.def)
\bbl@readstream=\read2
\bbl@dirlevel=\count274

*************************************
* Local config file bblopts.cfg used
*
(C:\Users\micha\AppData\Local\Programs\MiKTeX\tex/latex/arabi\bblopts.cfg
File: bblopts.cfg 2005/09/08 v0.1 add Arabic and Farsi to "declared" options of
 babel
)
(C:\Users\micha\AppData\Local\Programs\MiKTeX\tex/latex/babel-english\english.l
df
Language: english 2017/06/06 v3.3r English support from the babel system
Package babel Info: Hyphen rules for 'canadian' set to \l@english
(babel)             (\language0). Reported on input line 102.
Package babel Info: Hyphen rules for 'australian' set to \l@ukenglish
(babel)             (\language73). Reported on input line 105.
Package babel Info: Hyphen rules for 'newzealand' set to \l@ukenglish
(babel)             (\language73). Reported on input line 108.
))
(C:\Users\micha\AppData\Local\Programs\MiKTeX\tex/generic/babel/locale/en\babel
-english.tex
Package babel Info: Importing font and identification data for english
(babel)             from babel-en.ini. Reported on input line 11.
)
LaTeX Font Info:    Trying to load font information for T1+ptm on input line 33
.

(C:\Users\micha\AppData\Local\Programs\MiKTeX\tex/latex/psnfss\t1ptm.fd
File: t1ptm.fd 2001/06/04 font definitions for T1/ptm.
)
(C:\Users\micha\AppData\Local\Programs\MiKTeX\tex/latex/l3backend\l3backend-pdf
tex.def
File: l3backend-pdftex.def 2023-04-19 L3 backend support: PDF output (pdfTeX)
\l__color_backend_stack_int=\count275
\l__pdf_internal_box=\box55
)

LaTeX Warning: Unused global option(s):
    [letter].

(topic_model_changed.aux)
\openout1 = `topic_model_changed.aux'.

LaTeX Font Info:    Checking defaults for OML/cmm/m/it on input line 33.
LaTeX Font Info:    ... okay on input line 33.
LaTeX Font Info:    Checking defaults for OMS/cmsy/m/n on input line 33.
LaTeX Font Info:    ... okay on input line 33.
LaTeX Font Info:    Checking defaults for OT1/cmr/m/n on input line 33.
LaTeX Font Info:    ... okay on input line 33.
LaTeX Font Info:    Checking defaults for T1/cmr/m/n on input line 33.
LaTeX Font Info:    ... okay on input line 33.
LaTeX Font Info:    Checking defaults for TS1/cmr/m/n on input line 33.
LaTeX Font Info:    ... okay on input line 33.
LaTeX Font Info:    Checking defaults for OMX/cmex/m/n on input line 33.
LaTeX Font Info:    ... okay on input line 33.
LaTeX Font Info:    Checking defaults for U/cmr/m/n on input line 33.
LaTeX Font Info:    ... okay on input line 33.

(C:\Users\micha\AppData\Local\Programs\MiKTeX\tex/context/base/mkii\supp-pdf.mk
ii
[Loading MPS to PDF converter (version 2006.09.02).]
\scratchcounter=\count276
\scratchdimen=\dimen153
\scratchbox=\box56
\nofMPsegments=\count277
\nofMParguments=\count278
\everyMPshowfont=\toks28
\MPscratchCnt=\count279
\MPscratchDim=\dimen154
\MPnumerator=\count280
\makeMPintoPDFobject=\count281
\everyMPtoPDFconversion=\toks29
)
(C:\Users\micha\AppData\Local\Programs\MiKTeX\tex/latex/epstopdf-pkg\epstopdf-b
ase.sty
Package: epstopdf-base 2020-01-24 v2.11 Base part for package epstopdf
Package epstopdf-base Info: Redefining graphics rule for `.eps' on input line 4
85.

(C:\Users\micha\AppData\Local\Programs\MiKTeX\tex/latex/00miktex\epstopdf-sys.c
fg
File: epstopdf-sys.cfg 2021/03/18 v2.0 Configuration of epstopdf for MiKTeX
))
LaTeX Font Info:    Trying to load font information for T1+pcr on input line 39
.
 (C:\Users\micha\AppData\Local\Programs\MiKTeX\tex/latex/psnfss\t1pcr.fd
File: t1pcr.fd 2001/06/04 font definitions for T1/pcr.
)

LaTeX Warning: Citation `wei2006lda' on page 1 undefined on input line 84.


LaTeX Warning: Citation `marlin2003modeling' on page 1 undefined on input line 
84.


LaTeX Warning: Citation `rosen2004author' on page 1 undefined on input line 84.



LaTeX Warning: Citation `lin2012weakly' on page 1 undefined on input line 84.


LaTeX Warning: Citation `griffiths2004hierarchical' on page 1 undefined on inpu
t line 84.


LaTeX Warning: Citation `mcauliffe2008supervised' on page 1 undefined on input 
line 84.


LaTeX Warning: Citation `blei2012probabilistic' on page 1 undefined on input li
ne 84.


LaTeX Warning: Citation `hofmann1999probabilistic' on page 1 undefined on input
 line 84.


LaTeX Warning: Citation `blei2003latent' on page 1 undefined on input line 84.


LaTeX Warning: Citation `teh2006hierarchical' on page 1 undefined on input line
 84.


LaTeX Warning: Citation `steyvers2007probabilistic' on page 1 undefined on inpu
t line 84.


LaTeX Warning: Citation `hinton2009replicated' on page 1 undefined on input lin
e 84.


LaTeX Warning: Citation `srivastava2013modeling' on page 1 undefined on input l
ine 84.


LaTeX Warning: Citation `wallach2006topic' on page 1 undefined on input line 97
.


LaTeX Warning: Citation `gruber2007hidden' on page 1 undefined on input line 11
7.


LaTeX Warning: Citation `gruber2007hidden' on page 1 undefined on input line 11
7.


LaTeX Warning: Citation `wallach2006topic' on page 1 undefined on input line 11
7.


LaTeX Warning: Citation `wallach2006topic' on page 1 undefined on input line 11
7.


LaTeX Warning: Citation `mnih2009scalable' on page 1 undefined on input line 11
7.


LaTeX Warning: Citation `mnih2012fast' on page 1 undefined on input line 117.


LaTeX Warning: Citation `mnih2013learning' on page 1 undefined on input line 11
7.


LaTeX Warning: Citation `mikolov2013efficient' on page 1 undefined on input lin
e 117.


LaTeX Warning: Citation `le2014distributed' on page 1 undefined on input line 1
17.


LaTeX Warning: Citation `mnih2009scalable' on page 1 undefined on input line 14
0.


LaTeX Warning: Citation `mnih2012fast' on page 1 undefined on input line 140.


LaTeX Warning: Citation `mnih2013learning' on page 1 undefined on input line 14
0.


LaTeX Warning: Citation `mikolov2013efficient' on page 1 undefined on input lin
e 140.


LaTeX Warning: Citation `le2014distributed' on page 1 undefined on input line 1
40.

[1{C:/Users/micha/AppData/Local/MiKTeX/fonts/map/pdftex/pdftex.map}{C:/Users/mi
cha/AppData/Local/Programs/MiKTeX/fonts/enc/dvips/base/8r.enc}



]

LaTeX Warning: Citation `blei2003latent' on page 2 undefined on input line 147.



LaTeX Warning: Citation `griffiths2004hierarchical' on page 2 undefined on inpu
t line 147.


LaTeX Warning: Citation `blei2012probabilistic' on page 2 undefined on input li
ne 147.


LaTeX Warning: Citation `gruber2007hidden' on page 2 undefined on input line 14
7.


LaTeX Warning: Citation `hinton2009replicated' on page 2 undefined on input lin
e 147.


LaTeX Warning: Citation `blei2003latent' on page 2 undefined on input line 148.



LaTeX Warning: Citation `teh2006hierarchical' on page 2 undefined on input line
 152.


LaTeX Warning: Citation `teh2006hierarchical' on page 2 undefined on input line
 152.


LaTeX Warning: Citation `mcauliffe2008supervised' on page 2 undefined on input 
line 154.


LaTeX Warning: Citation `mcauliffe2008supervised' on page 2 undefined on input 
line 154.


LaTeX Warning: Citation `wang2006topics' on page 2 undefined on input line 157.



LaTeX Warning: Citation `mei2006probabilistic' on page 2 undefined on input lin
e 158.


LaTeX Warning: Citation `steyvers2004probabilistic' on page 2 undefined on inpu
t line 158.


LaTeX Warning: Citation `yang2014learning' on page 2 undefined on input line 15
9.


LaTeX Warning: Citation `yang2014topic' on page 2 undefined on input line 159.


LaTeX Warning: Citation `mcauliffe2008supervised' on page 2 undefined on input 
line 163.


LaTeX Warning: Citation `mcauliffe2008supervised' on page 2 undefined on input 
line 163.


LaTeX Warning: Citation `hinton2009replicated' on page 2 undefined on input lin
e 167.


LaTeX Warning: Citation `hinton2009replicated' on page 2 undefined on input lin
e 167.


LaTeX Warning: Citation `larochelle2012neural' on page 2 undefined on input lin
e 171.


LaTeX Warning: Citation `wan2012hybrid' on page 2 undefined on input line 172.


LaTeX Warning: Citation `wallach2006topic' on page 2 undefined on input line 17
9.


LaTeX Warning: Citation `wallach2006topic' on page 2 undefined on input line 17
9.


LaTeX Warning: Citation `gruber2007hidden' on page 2 undefined on input line 18
3.


LaTeX Warning: Citation `gruber2007hidden' on page 2 undefined on input line 18
3.


LaTeX Warning: Citation `florezdeep' on page 2 undefined on input line 184.


LaTeX Warning: Citation `florezdeep' on page 2 undefined on input line 184.


LaTeX Warning: Citation `mnih2009scalable' on page 2 undefined on input line 19
5.


LaTeX Warning: Citation `mnih2012fast' on page 2 undefined on input line 195.


LaTeX Warning: Citation `mnih2013learning' on page 2 undefined on input line 19
5.


LaTeX Warning: Citation `mikolov2013efficient' on page 2 undefined on input lin
e 195.


LaTeX Warning: Citation `le2014distributed' on page 2 undefined on input line 1
95.

[2]

LaTeX Warning: Citation `bishop2006pattern' on page 3 undefined on input line 3
37.

LaTeX Font Info:    Trying to load font information for TS1+ptm on input line 3
75.
(C:\Users\micha\AppData\Local\Programs\MiKTeX\tex/latex/psnfss\ts1ptm.fd
File: ts1ptm.fd 2001/06/04 font definitions for TS1/ptm.
)

LaTeX Warning: Citation `srivastava2013modeling' on page 3 undefined on input l
ine 404.

[3]

LaTeX Warning: Citation `hinton2009replicated' on page 4 undefined on input lin
e 423.


LaTeX Warning: Citation `larochelle2012neural' on page 4 undefined on input lin
e 424.


LaTeX Warning: Citation `lewis2004rcv1' on page 4 undefined on input line 429.


LaTeX Warning: Citation `hinton2009replicated' on page 4 undefined on input lin
e 432.


LaTeX Warning: Citation `larochelle2012neural' on page 4 undefined on input lin
e 433.


LaTeX Warning: Citation `blei2003latent' on page 4 undefined on input line 443.



LaTeX Warning: Citation `gruber2007hidden' on page 4 undefined on input line 44
9.


LaTeX Warning: Citation `srivastava2013modeling' on page 4 undefined on input l
ine 456.


LaTeX Warning: Citation `hinton2009replicated' on page 4 undefined on input lin
e 459.


LaTeX Warning: Citation `larochelle2012neural' on page 4 undefined on input lin
e 459.


LaTeX Warning: Citation `bird2006nltk' on page 4 undefined on input line 473.


LaTeX Warning: Citation `pedregosa2011scikit' on page 4 undefined on input line
 476.


LaTeX Warning: Citation `srivastava2013modeling' on page 4 undefined on input l
ine 489.


LaTeX Warning: Citation `srivastava2013modeling' on page 4 undefined on input l
ine 501.

[4]
<20news.pdf, id=26, 397.42699pt x 428.41054pt>
File: 20news.pdf Graphic file (type pdf)
<use 20news.pdf>
Package pdftex.def Info: 20news.pdf  used on input line 534.
(pdftex.def)             Requested size: 252.94499pt x 272.66522pt.
<reuters.pdf, id=27, 404.9708pt x 428.41054pt>
File: reuters.pdf Graphic file (type pdf)
<use reuters.pdf>
Package pdftex.def Info: reuters.pdf  used on input line 534.
(pdftex.def)             Requested size: 252.94499pt x 267.58595pt.


LaTeX Warning: Citation `srivastava2013modeling' on page 5 undefined on input l
ine 543.


LaTeX Warning: Citation `srivastava2013modeling' on page 5 undefined on input l
ine 549.


Overfull \hbox (3.94469pt too wide) in paragraph at lines 563--572
 [][] 
 []


LaTeX Warning: Citation `srivastava2013modeling' on page 5 undefined on input l
ine 579.


LaTeX Warning: Citation `srivastava2013modeling' on page 5 undefined on input l
ine 581.


LaTeX Warning: Citation `srivastava2013modeling' on page 5 undefined on input l
ine 589.

No file topic_model_changed.bbl.
[5]
Underfull \vbox (badness 10000) has occurred while \output is active []


Underfull \vbox (badness 10000) has occurred while \output is active []

 [6 <./20news.pdf> <./reuters.pdf

pdfTeX warning: pdflatex (file ./reuters.pdf): PDF inclusion: multiple pdfs wit
h page group included in a single page
>] [7

] (topic_model_changed.aux)
 ***********
LaTeX2e <2023-06-01> patch level 1
L3 programming layer <2023-08-29>
 ***********
 ) 
Here is how much of TeX's memory you used:
 3792 strings out of 475247
 61683 string characters out of 5757792
 1948801 words of memory out of 5000000
 25251 multiletter control sequences out of 15000+600000
 595775 words of font info for 85 fonts, out of 8000000 for 9000
 1141 hyphenation exceptions out of 8191
 57i,12n,65p,2096b,304s stack positions out of 10000i,1000n,20000p,200000b,200000s
<C:/Users/micha/AppData/Local/Programs/MiKTeX/fonts/type1/public/amsfonts/cm/
cmbx10.pfb><C:/Users/micha/AppData/Local/Programs/MiKTeX/fonts/type1/public/ams
fonts/cm/cmex10.pfb><C:/Users/micha/AppData/Local/Programs/MiKTeX/fonts/type1/p
ublic/amsfonts/cm/cmmi10.pfb><C:/Users/micha/AppData/Local/Programs/MiKTeX/font
s/type1/public/amsfonts/cm/cmmi5.pfb><C:/Users/micha/AppData/Local/Programs/MiK
TeX/fonts/type1/public/amsfonts/cm/cmmi7.pfb><C:/Users/micha/AppData/Local/Prog
rams/MiKTeX/fonts/type1/public/amsfonts/cm/cmr10.pfb><C:/Users/micha/AppData/Lo
cal/Programs/MiKTeX/fonts/type1/public/amsfonts/cm/cmr7.pfb><C:/Users/micha/App
Data/Local/Programs/MiKTeX/fonts/type1/public/amsfonts/cm/cmsy10.pfb><C:/Users/
micha/AppData/Local/Programs/MiKTeX/fonts/type1/public/amsfonts/cm/cmsy7.pfb><C
:/Users/micha/AppData/Local/Programs/MiKTeX/fonts/type1/urw/courier/ucrr8a.pfb>
<C:/Users/micha/AppData/Local/Programs/MiKTeX/fonts/type1/urw/times/utmb8a.pfb>
<C:/Users/micha/AppData/Local/Programs/MiKTeX/fonts/type1/urw/times/utmr8a.pfb>

Output written on topic_model_changed.pdf (7 pages, 212755 bytes).
PDF statistics:
 178 PDF objects out of 1000 (max. 8388607)
 0 named destinations out of 1000 (max. 500000)
 11 words of extra memory for PDF output out of 10000 (max. 10000000)

