This is pdfTeX, Version 3.141592653-2.6-1.40.25 (MiKTeX 23.9) (preloaded format=pdflatex 2023.9.22)  30 MAR 2024 16:31
entering extended mode
 restricted \write18 enabled.
 %&-line parsing enabled.
**./AAAI-XuQ.3214_changed.tex
(AAAI-XuQ.3214_changed.tex
LaTeX2e <2023-06-01> patch level 1
L3 programming layer <2023-08-29>
(C:\Users\micha\AppData\Local\Programs\MiKTeX\tex/latex/base\article.cls
Document Class: article 2023/05/17 v1.4n Standard LaTeX document class
(C:\Users\micha\AppData\Local\Programs\MiKTeX\tex/latex/base\size10.clo
File: size10.clo 2023/05/17 v1.4n Standard LaTeX file (size option)
)
\c@part=\count185
\c@section=\count186
\c@subsection=\count187
\c@subsubsection=\count188
\c@paragraph=\count189
\c@subparagraph=\count190
\c@figure=\count191
\c@table=\count192
\abovecaptionskip=\skip48
\belowcaptionskip=\skip49
\bibindent=\dimen140
)
(aaai20.sty
Conference Style for AAAI for LaTeX 2e -- version for the AAAI-20 conference
\titlebox=\skip50
) (C:\Users\micha\AppData\Local\Programs\MiKTeX\tex/latex/psnfss\times.sty
Package: times 2020/03/25 PSNFSS-v9.3 (SPQR) 
)
(C:\Users\micha\AppData\Local\Programs\MiKTeX\tex/latex/psnfss\helvet.sty
Package: helvet 2020/03/25 PSNFSS-v9.3 (WaS) 

(C:\Users\micha\AppData\Local\Programs\MiKTeX\tex/latex/graphics\keyval.sty
Package: keyval 2022/05/29 v1.15 key=value parser (DPC)
\KV@toks@=\toks17
))
(C:\Users\micha\AppData\Local\Programs\MiKTeX\tex/latex/psnfss\courier.sty
Package: courier 2020/03/25 PSNFSS-v9.3 (WaS) 
)
(C:\Users\micha\AppData\Local\Programs\MiKTeX\tex/latex/url\url.sty
\Urlmuskip=\muskip16
Package: url 2013/09/16  ver 3.4  Verb mode for urls, etc.
)
(C:\Users\micha\AppData\Local\Programs\MiKTeX\tex/latex/graphics\graphicx.sty
Package: graphicx 2021/09/16 v1.2d Enhanced LaTeX Graphics (DPC,SPQR)

(C:\Users\micha\AppData\Local\Programs\MiKTeX\tex/latex/graphics\graphics.sty
Package: graphics 2022/03/10 v1.4e Standard LaTeX Graphics (DPC,SPQR)

(C:\Users\micha\AppData\Local\Programs\MiKTeX\tex/latex/graphics\trig.sty
Package: trig 2021/08/11 v1.11 sin cos tan (DPC)
)
(C:\Users\micha\AppData\Local\Programs\MiKTeX\tex/latex/graphics-cfg\graphics.c
fg
File: graphics.cfg 2016/06/04 v1.11 sample graphics configuration
)
Package graphics Info: Driver file: pdftex.def on input line 107.

(C:\Users\micha\AppData\Local\Programs\MiKTeX\tex/latex/graphics-def\pdftex.def
File: pdftex.def 2022/09/22 v1.2b Graphics/color driver for pdftex
))
\Gin@req@height=\dimen141
\Gin@req@width=\dimen142
)
(C:\Users\micha\AppData\Local\Programs\MiKTeX\tex/latex/subfigure\subfigure.sty
Package: subfigure 2002/07/30 v2.1.4 subfigure package
\subfigtopskip=\skip51
\subfigcapskip=\skip52
\subfigcaptopadj=\dimen143
\subfigbottomskip=\skip53
\subfigcapmargin=\dimen144
\subfiglabelskip=\skip54
\c@subfigure=\count193
\c@lofdepth=\count194
\c@subtable=\count195
\c@lotdepth=\count196
****************************************
* Local config file subfigure.cfg used *
****************************************

(C:\Users\micha\AppData\Local\Programs\MiKTeX\tex/latex/subfigure\subfigure.cfg
)
\subfig@top=\skip55
\subfig@bottom=\skip56
) (C:\Users\micha\AppData\Local\Programs\MiKTeX\tex/latex/amsmath\amsmath.sty
Package: amsmath 2023/05/13 v2.17o AMS math features
\@mathmargin=\skip57

For additional information on amsmath, use the `?' option.
(C:\Users\micha\AppData\Local\Programs\MiKTeX\tex/latex/amsmath\amstext.sty
Package: amstext 2021/08/26 v2.01 AMS text

(C:\Users\micha\AppData\Local\Programs\MiKTeX\tex/latex/amsmath\amsgen.sty
File: amsgen.sty 1999/11/30 v2.0 generic functions
\@emptytoks=\toks18
\ex@=\dimen145
))
(C:\Users\micha\AppData\Local\Programs\MiKTeX\tex/latex/amsmath\amsbsy.sty
Package: amsbsy 1999/11/29 v1.2d Bold Symbols
\pmbraise@=\dimen146
)
(C:\Users\micha\AppData\Local\Programs\MiKTeX\tex/latex/amsmath\amsopn.sty
Package: amsopn 2022/04/08 v2.04 operator names
)
\inf@bad=\count197
LaTeX Info: Redefining \frac on input line 234.
\uproot@=\count198
\leftroot@=\count199
LaTeX Info: Redefining \overline on input line 399.
LaTeX Info: Redefining \colon on input line 410.
\classnum@=\count266
\DOTSCASE@=\count267
LaTeX Info: Redefining \ldots on input line 496.
LaTeX Info: Redefining \dots on input line 499.
LaTeX Info: Redefining \cdots on input line 620.
\Mathstrutbox@=\box51
\strutbox@=\box52
LaTeX Info: Redefining \big on input line 722.
LaTeX Info: Redefining \Big on input line 723.
LaTeX Info: Redefining \bigg on input line 724.
LaTeX Info: Redefining \Bigg on input line 725.
\big@size=\dimen147
LaTeX Font Info:    Redeclaring font encoding OML on input line 743.
LaTeX Font Info:    Redeclaring font encoding OMS on input line 744.
\macc@depth=\count268
LaTeX Info: Redefining \bmod on input line 905.
LaTeX Info: Redefining \pmod on input line 910.
LaTeX Info: Redefining \smash on input line 940.
LaTeX Info: Redefining \relbar on input line 970.
LaTeX Info: Redefining \Relbar on input line 971.
\c@MaxMatrixCols=\count269
\dotsspace@=\muskip17
\c@parentequation=\count270
\dspbrk@lvl=\count271
\tag@help=\toks19
\row@=\count272
\column@=\count273
\maxfields@=\count274
\andhelp@=\toks20
\eqnshift@=\dimen148
\alignsep@=\dimen149
\tagshift@=\dimen150
\tagwidth@=\dimen151
\totwidth@=\dimen152
\lineht@=\dimen153
\@envbody=\toks21
\multlinegap=\skip58
\multlinetaggap=\skip59
\mathdisplay@stack=\toks22
LaTeX Info: Redefining \[ on input line 2953.
LaTeX Info: Redefining \] on input line 2954.
)
(C:\Users\micha\AppData\Local\Programs\MiKTeX\tex/latex/amsfonts\amssymb.sty
Package: amssymb 2013/01/14 v3.01 AMS font symbols

(C:\Users\micha\AppData\Local\Programs\MiKTeX\tex/latex/amsfonts\amsfonts.sty
Package: amsfonts 2013/01/14 v3.01 Basic AMSFonts support
\symAMSa=\mathgroup4
\symAMSb=\mathgroup5
LaTeX Font Info:    Redeclaring math symbol \hbar on input line 98.
LaTeX Font Info:    Overwriting math alphabet `\mathfrak' in version `bold'
(Font)                  U/euf/m/n --> U/euf/b/n on input line 106.
)) (C:\Users\micha\AppData\Local\Programs\MiKTeX\tex/latex/multirow\multirow.st
y
Package: multirow 2021/03/15 v2.8 Span multiple rows of a table
\multirow@colwidth=\skip60
\multirow@cntb=\count275
\multirow@dima=\skip61
\bigstrutjot=\dimen154
) (C:\Users\micha\AppData\Local\Programs\MiKTeX\tex/latex/tools\array.sty
Package: array 2022/09/04 v2.5g Tabular extension package (FMi)
\col@sep=\dimen155
\ar@mcellbox=\box53
\extrarowheight=\dimen156
\NC@list=\toks23
\extratabsurround=\skip62
\backup@length=\skip63
\ar@cellbox=\box54
)
(C:\Users\micha\AppData\Local\Programs\MiKTeX\tex/latex/booktabs\booktabs.sty
Package: booktabs 2020/01/12 v1.61803398 Publication quality tables
\heavyrulewidth=\dimen157
\lightrulewidth=\dimen158
\cmidrulewidth=\dimen159
\belowrulesep=\dimen160
\belowbottomsep=\dimen161
\aboverulesep=\dimen162
\abovetopsep=\dimen163
\cmidrulesep=\dimen164
\cmidrulekern=\dimen165
\defaultaddspace=\dimen166
\@cmidla=\count276
\@cmidlb=\count277
\@aboverulesep=\dimen167
\@belowrulesep=\dimen168
\@thisruleclass=\count278
\@lastruleclass=\count279
\@thisrulewidth=\dimen169
)
(C:\Users\micha\AppData\Local\Programs\MiKTeX\tex/latex/algorithms\algorithm.st
y
Package: algorithm 2009/08/24 v0.1 Document Style `algorithm' - floating enviro
nment
 (C:\Users\micha\AppData\Local\Programs\MiKTeX\tex/latex/float\float.sty
Package: float 2001/11/08 v1.3d Float enhancements (AL)
\c@float@type=\count280
\float@exts=\toks24
\float@box=\box55
\@float@everytoks=\toks25
\@floatcapt=\box56
)
(C:\Users\micha\AppData\Local\Programs\MiKTeX\tex/latex/base\ifthen.sty
Package: ifthen 2022/04/13 v1.1d Standard LaTeX ifthen package (DPC)
)
\@float@every@algorithm=\toks26
\c@algorithm=\count281
)
(C:\Users\micha\AppData\Local\Programs\MiKTeX\tex/latex/algorithms\algorithmic.
sty
Package: algorithmic 2009/08/24 v0.1 Document Style `algorithmic'
\c@ALC@unique=\count282
\c@ALC@line=\count283
\c@ALC@rem=\count284
\c@ALC@depth=\count285
\ALC@tlm=\skip64
\algorithmicindent=\skip65
)
LaTeX Font Info:    Trying to load font information for OT1+ptm on input line 1
05.
 (C:\Users\micha\AppData\Local\Programs\MiKTeX\tex/latex/psnfss\ot1ptm.fd
File: ot1ptm.fd 2001/06/04 font definitions for OT1/ptm.
)
(C:\Users\micha\AppData\Local\Programs\MiKTeX\tex/latex/l3backend\l3backend-pdf
tex.def
File: l3backend-pdftex.def 2023-04-19 L3 backend support: PDF output (pdfTeX)
\l__color_backend_stack_int=\count286
\l__pdf_internal_box=\box57
) (AAAI-XuQ.3214_changed.aux)
\openout1 = `AAAI-XuQ.3214_changed.aux'.

LaTeX Font Info:    Checking defaults for OML/cmm/m/it on input line 105.
LaTeX Font Info:    ... okay on input line 105.
LaTeX Font Info:    Checking defaults for OMS/cmsy/m/n on input line 105.
LaTeX Font Info:    ... okay on input line 105.
LaTeX Font Info:    Checking defaults for OT1/cmr/m/n on input line 105.
LaTeX Font Info:    ... okay on input line 105.
LaTeX Font Info:    Checking defaults for T1/cmr/m/n on input line 105.
LaTeX Font Info:    ... okay on input line 105.
LaTeX Font Info:    Checking defaults for TS1/cmr/m/n on input line 105.
LaTeX Font Info:    ... okay on input line 105.
LaTeX Font Info:    Checking defaults for OMX/cmex/m/n on input line 105.
LaTeX Font Info:    ... okay on input line 105.
LaTeX Font Info:    Checking defaults for U/cmr/m/n on input line 105.
LaTeX Font Info:    ... okay on input line 105.

(C:\Users\micha\AppData\Local\Programs\MiKTeX\tex/context/base/mkii\supp-pdf.mk
ii
[Loading MPS to PDF converter (version 2006.09.02).]
\scratchcounter=\count287
\scratchdimen=\dimen170
\scratchbox=\box58
\nofMPsegments=\count288
\nofMParguments=\count289
\everyMPshowfont=\toks27
\MPscratchCnt=\count290
\MPscratchDim=\dimen171
\MPnumerator=\count291
\makeMPintoPDFobject=\count292
\everyMPtoPDFconversion=\toks28
)
(C:\Users\micha\AppData\Local\Programs\MiKTeX\tex/latex/epstopdf-pkg\epstopdf-b
ase.sty
Package: epstopdf-base 2020-01-24 v2.11 Base part for package epstopdf
Package epstopdf-base Info: Redefining graphics rule for `.eps' on input line 4
85.

(C:\Users\micha\AppData\Local\Programs\MiKTeX\tex/latex/00miktex\epstopdf-sys.c
fg
File: epstopdf-sys.cfg 2021/03/18 v2.0 Configuration of epstopdf for MiKTeX
))
LaTeX Font Info:    Trying to load font information for U+msa on input line 107
.
 (C:\Users\micha\AppData\Local\Programs\MiKTeX\tex/latex/amsfonts\umsa.fd
File: umsa.fd 2013/01/14 v3.01 AMS symbols A
)
LaTeX Font Info:    Trying to load font information for U+msb on input line 107
.

(C:\Users\micha\AppData\Local\Programs\MiKTeX\tex/latex/amsfonts\umsb.fd
File: umsb.fd 2013/01/14 v3.01 AMS symbols B
)
LaTeX Font Info:    Trying to load font information for TS1+ptm on input line 1
07.

(C:\Users\micha\AppData\Local\Programs\MiKTeX\tex/latex/psnfss\ts1ptm.fd
File: ts1ptm.fd 2001/06/04 font definitions for TS1/ptm.
)
LaTeX Font Info:    Trying to load font information for OMS+ptm on input line 1
07.

(C:\Users\micha\AppData\Local\Programs\MiKTeX\tex/latex/psnfss\omsptm.fd
File: omsptm.fd 
)
LaTeX Font Info:    Font shape `OMS/ptm/m/n' in size <10> not available
(Font)              Font shape `OMS/cmsy/m/n' tried instead on input line 107.


LaTeX Warning: Citation `Furukawa2010Accurate' on page 1 undefined on input lin
e 115.


LaTeX Warning: Citation `Strecha2006Combined' on page 1 undefined on input line
 115.


LaTeX Warning: Citation `Merrell2007Real' on page 1 undefined on input line 115
.


LaTeX Warning: Citation `Goesele2007Multi' on page 1 undefined on input line 11
5.


LaTeX Warning: Citation `Liu2009Continuous' on page 1 undefined on input line 1
15.


LaTeX Warning: Citation `Schonberger2016Pixelwise' on page 1 undefined on input
 line 115.


LaTeX Warning: Citation `Woodford2009Global' on page 1 undefined on input line 
117.


LaTeX Warning: Citation `Gallup2010Piecewise' on page 1 undefined on input line
 117.


LaTeX Warning: Citation `Zheng2014PatchMatch' on page 1 undefined on input line
 117.


LaTeX Warning: Citation `Galliani2015Massively' on page 1 undefined on input li
ne 117.


LaTeX Warning: Citation `Schonberger2016Pixelwise' on page 1 undefined on input
 line 117.


LaTeX Warning: Citation `Xu2018Multi' on page 1 undefined on input line 117.


LaTeX Warning: Citation `Barnes2009PatchMatch' on page 1 undefined on input lin
e 117.

<fig1_DSC_0219.png, id=1, 301.125pt x 200.75pt>
File: fig1_DSC_0219.png Graphic file (type png)
<use fig1_DSC_0219.png>
Package pdftex.def Info: fig1_DSC_0219.png  used on input line 122.
(pdftex.def)             Requested size: 107.72673pt x 71.81657pt.
<fig1_ground_truth.png, id=2, 301.125pt x 200.75pt>
File: fig1_ground_truth.png Graphic file (type png)
<use fig1_ground_truth.png>
Package pdftex.def Info: fig1_ground_truth.png  used on input line 124.
(pdftex.def)             Requested size: 107.72673pt x 71.81657pt.
<fig1_Voronoi.png, id=3, 301.125pt x 200.75pt>
File: fig1_Voronoi.png Graphic file (type png)
<use fig1_Voronoi.png>
Package pdftex.def Info: fig1_Voronoi.png  used on input line 127.
(pdftex.def)             Requested size: 107.72673pt x 71.81657pt.
<fig1_ACMP.png, id=4, 301.125pt x 200.75pt>
File: fig1_ACMP.png Graphic file (type png)
<use fig1_ACMP.png>
Package pdftex.def Info: fig1_ACMP.png  used on input line 130.
(pdftex.def)             Requested size: 107.72673pt x 71.81657pt.

Underfull \vbox (badness 2065) has occurred while \output is active []

 [1{C:/Users/micha/AppData/Local/MiKTeX/fonts/map/pdftex/pdftex.map}{C:/Users/m
icha/AppData/Local/Programs/MiKTeX/fonts/enc/dvips/base/8r.enc}



 <./fig1_DSC_0219.png> <./fig1_ground_truth.png> <./fig1_Voronoi.png> <./fig1_A
CMP.png>]

LaTeX Warning: Citation `Schops2017Multi' on page 2 undefined on input line 137
.


LaTeX Warning: Citation `Barnes2009PatchMatch' on page 2 undefined on input lin
e 143.


LaTeX Warning: Citation `Zheng2014PatchMatch' on page 2 undefined on input line
 143.


LaTeX Warning: Citation `Schonberger2016Pixelwise' on page 2 undefined on input
 line 143.


LaTeX Warning: Citation `Galliani2015Massively' on page 2 undefined on input li
ne 143.


LaTeX Warning: Citation `Galliani2015Massively' on page 2 undefined on input li
ne 143.


LaTeX Warning: Citation `Xu2018Multi' on page 2 undefined on input line 143.


LaTeX Warning: Citation `Wei2014Multi' on page 2 undefined on input line 143.


LaTeX Warning: Citation `Xu2018Multi' on page 2 undefined on input line 143.


LaTeX Warning: Citation `Romanoni2019TAPA' on page 2 undefined on input line 14
3.


LaTeX Warning: Citation `Gennert1988Brightness' on page 2 undefined on input li
ne 145.


LaTeX Warning: Citation `Woodford2009Global' on page 2 undefined on input line 
145.


LaTeX Warning: Citation `Gallup2010Piecewise' on page 2 undefined on input line
 145.


LaTeX Warning: Citation `Geiger2010Efficient' on page 2 undefined on input line
 145.


LaTeX Warning: Citation `Zhang2015MeshStereo' on page 2 undefined on input line
 145.


LaTeX Warning: Citation `Geiger2010Efficient' on page 2 undefined on input line
 145.


LaTeX Warning: Citation `Zhang2015MeshStereo' on page 2 undefined on input line
 145.


LaTeX Warning: Citation `Geiger2010Efficient' on page 2 undefined on input line
 145.

<fig2_R1_DSC_0684.png, id=12, 301.125pt x 200.75pt>
File: fig2_R1_DSC_0684.png Graphic file (type png)
<use fig2_R1_DSC_0684.png>
Package pdftex.def Info: fig2_R1_DSC_0684.png  used on input line 149.
(pdftex.def)             Requested size: 69.30359pt x 46.20215pt.
<fig2_R1_ground_truth.png, id=13, 301.125pt x 200.75pt>
File: fig2_R1_ground_truth.png Graphic file (type png)
<use fig2_R1_ground_truth.png>
Package pdftex.def Info: fig2_R1_ground_truth.png  used on input line 150.
(pdftex.def)             Requested size: 69.30359pt x 46.20215pt.
<fig2_R1_sparsedisp.png, id=14, 301.125pt x 200.75pt>
File: fig2_R1_sparsedisp.png Graphic file (type png)
<use fig2_R1_sparsedisp.png>
Package pdftex.def Info: fig2_R1_sparsedisp.png  used on input line 151.
(pdftex.def)             Requested size: 69.30359pt x 46.20215pt.
<fig2_R1_Voronoi.png, id=15, 301.125pt x 200.75pt>
File: fig2_R1_Voronoi.png Graphic file (type png)
<use fig2_R1_Voronoi.png>
Package pdftex.def Info: fig2_R1_Voronoi.png  used on input line 152.
(pdftex.def)             Requested size: 69.30359pt x 46.20215pt.
<fig2_R1_priordisp.png, id=16, 301.125pt x 200.75pt>
File: fig2_R1_priordisp.png Graphic file (type png)
<use fig2_R1_priordisp.png>
Package pdftex.def Info: fig2_R1_priordisp.png  used on input line 153.
(pdftex.def)             Requested size: 69.30359pt x 46.20215pt.
<fig2_R1_disp.png, id=17, 301.125pt x 200.75pt>
File: fig2_R1_disp.png Graphic file (type png)
<use fig2_R1_disp.png>
Package pdftex.def Info: fig2_R1_disp.png  used on input line 154.
(pdftex.def)             Requested size: 69.30359pt x 46.20215pt.
<fig2_R1_geodisp.png, id=18, 301.125pt x 200.75pt>
File: fig2_R1_geodisp.png Graphic file (type png)
<use fig2_R1_geodisp.png>
Package pdftex.def Info: fig2_R1_geodisp.png  used on input line 155.
(pdftex.def)             Requested size: 69.30359pt x 46.20215pt.
<fig2_R2_DSC_0634.png, id=19, 301.125pt x 200.75pt>
File: fig2_R2_DSC_0634.png Graphic file (type png)
<use fig2_R2_DSC_0634.png>
Package pdftex.def Info: fig2_R2_DSC_0634.png  used on input line 156.
(pdftex.def)             Requested size: 69.30359pt x 46.20215pt.
<fig2_R2_ground_truth.png, id=20, 301.125pt x 200.75pt>
File: fig2_R2_ground_truth.png Graphic file (type png)
<use fig2_R2_ground_truth.png>
Package pdftex.def Info: fig2_R2_ground_truth.png  used on input line 157.
(pdftex.def)             Requested size: 69.30359pt x 46.20215pt.
<fig2_R2_sparsedisp.png, id=21, 301.125pt x 200.75pt>
File: fig2_R2_sparsedisp.png Graphic file (type png)
<use fig2_R2_sparsedisp.png>
Package pdftex.def Info: fig2_R2_sparsedisp.png  used on input line 158.
(pdftex.def)             Requested size: 69.30359pt x 46.20215pt.
<fig2_R2_Voronoi.png, id=22, 301.125pt x 200.75pt>
File: fig2_R2_Voronoi.png Graphic file (type png)
<use fig2_R2_Voronoi.png>
Package pdftex.def Info: fig2_R2_Voronoi.png  used on input line 159.
(pdftex.def)             Requested size: 69.30359pt x 46.20215pt.
<fig2_R2_priordisp.png, id=23, 301.125pt x 200.75pt>
File: fig2_R2_priordisp.png Graphic file (type png)
<use fig2_R2_priordisp.png>
Package pdftex.def Info: fig2_R2_priordisp.png  used on input line 160.
(pdftex.def)             Requested size: 69.30359pt x 46.20215pt.
<fig2_R2_disp.png, id=24, 301.125pt x 200.75pt>
File: fig2_R2_disp.png Graphic file (type png)
<use fig2_R2_disp.png>
Package pdftex.def Info: fig2_R2_disp.png  used on input line 161.
(pdftex.def)             Requested size: 69.30359pt x 46.20215pt.
<fig2_R2_geodisp.png, id=25, 301.125pt x 200.75pt>
File: fig2_R2_geodisp.png Graphic file (type png)
<use fig2_R2_geodisp.png>
Package pdftex.def Info: fig2_R2_geodisp.png  used on input line 162.
(pdftex.def)             Requested size: 69.30359pt x 46.20215pt.

LaTeX Warning: Citation `Bailer2012Scale' on page 2 undefined on input line 174
.


LaTeX Warning: Citation `Schonberger2016Pixelwise' on page 2 undefined on input
 line 174.


LaTeX Warning: Citation `Galliani2015Massively' on page 2 undefined on input li
ne 174.


LaTeX Warning: Citation `Xu2018Multi' on page 2 undefined on input line 174.


LaTeX Warning: Citation `Xu2018Multi' on page 2 undefined on input line 174.

[2]

LaTeX Warning: Citation `Xu2018Multi' on page 3 undefined on input line 180.


LaTeX Warning: Citation `Hartley2004Multiple' on page 3 undefined on input line
 190.


LaTeX Warning: Citation `Galliani2015Massively' on page 3 undefined on input li
ne 192.


LaTeX Warning: Citation `Xu2018Multi' on page 3 undefined on input line 192.


LaTeX Warning: Citation `Xu2018Multi' on page 3 undefined on input line 192.


LaTeX Warning: Citation `Zheng2014PatchMatch' on page 3 undefined on input line
 194.


LaTeX Warning: Citation `Schonberger2016Pixelwise' on page 3 undefined on input
 line 194.


LaTeX Warning: Citation `Xu2018Multi' on page 3 undefined on input line 194.

[3 <./fig2_R1_DSC_0684.png> <./fig2_R1_ground_truth.png> <./fig2_R1_sparsedisp.
png> <./fig2_R1_Voronoi.png> <./fig2_R1_priordisp.png> <./fig2_R1_disp.png> <./
fig2_R1_geodisp.png> <./fig2_R2_DSC_0634.png> <./fig2_R2_ground_truth.png> <./f
ig2_R2_sparsedisp.png> <./fig2_R2_Voronoi.png> <./fig2_R2_priordisp.png> <./fig
2_R2_disp.png> <./fig2_R2_geodisp.png>]
<fig3_a.png, id=39, 107.6823pt x 109.1277pt>
File: fig3_a.png Graphic file (type png)
<use fig3_a.png>
Package pdftex.def Info: fig3_a.png  used on input line 216.
(pdftex.def)             Requested size: 95.75629pt x 97.0434pt.
<fig3_b.png, id=40, 114.4275pt x 105.5142pt>
File: fig3_b.png Graphic file (type png)
<use fig3_b.png>
Package pdftex.def Info: fig3_b.png  used on input line 218.
(pdftex.def)             Requested size: 100.5452pt x 92.71754pt.

Overfull \hbox (2.21443pt too wide) detected at line 234
[]\OML/cmm/m/it/10 c[]\OT1/cmr/m/n/10 (\OML/cmm/m/it/10 ^^R[]\OT1/cmr/m/n/10 ) 
= [] \OMS/cmsy/m/n/10 ^^@ []\OT1/cmr/m/n/10 [\OML/cmm/m/it/10 ^^M \OT1/cmr/m/n/
10 + \OML/cmm/m/it/10 e[] \OMS/cmsy/m/n/10 ^^A \OML/cmm/m/it/10 e[]\OT1/cmr/m/n
/10 ]\OML/cmm/m/it/10 :
 []


LaTeX Warning: Citation `Bishop2006PRML' on page 4 undefined on input line 260.



LaTeX Warning: Citation `Schonberger2016Pixelwise' on page 4 undefined on input
 line 262.


LaTeX Warning: Citation `Xu2018Multi' on page 4 undefined on input line 262.


LaTeX Warning: Citation `Schonberger2016Pixelwise' on page 4 undefined on input
 line 270.


LaTeX Warning: Citation `Xu2018Multi' on page 4 undefined on input line 270.

[4 <./fig3_a.png> <./fig3_b.png>]

LaTeX Warning: Citation `Schonberger2016Pixelwise' on page 5 undefined on input
 line 322.


LaTeX Warning: Citation `Xu2018Multi' on page 5 undefined on input line 322.


LaTeX Warning: Citation `Xu2018Multi' on page 5 undefined on input line 325.


LaTeX Warning: Citation `Xu2018Multi' on page 5 undefined on input line 325.


Overfull \hbox (2.21663pt too wide) in paragraph at lines 332--332
 []|[]| 
 []


Overfull \hbox (1.52339pt too wide) in paragraph at lines 334--334
 []|\OT1/ptm/m/n/9 deli.| 
 []


Overfull \hbox (3.52148pt too wide) in paragraph at lines 334--334
 []|\OT1/ptm/m/n/9 kick.| 
 []


Overfull \hbox (6.1951pt too wide) in paragraph at lines 334--334
 []|\OT1/ptm/m/n/9 pipes| 
 []


Overfull \hbox (4.76326pt too wide) in paragraph at lines 334--334
 []|\OT1/ptm/m/n/9 relief| 
 []


Overfull \hbox (7.01326pt too wide) in paragraph at lines 334--334
 []|\OT1/ptm/m/n/9 relief.| 
 []


Overfull \hbox (7.01326pt too wide) in paragraph at lines 334--334
 []|\OT1/ptm/m/n/9 terrai.| 
 []


Overfull \hbox (4.74306pt too wide) in paragraph at lines 334--334
 []|\OT1/ptm/m/n/9 courty.| 
 []


Overfull \hbox (2.51337pt too wide) in paragraph at lines 334--334
 []|\OT1/ptm/m/n/9 elec.| 
 []


Overfull \hbox (2.91843pt too wide) in paragraph at lines 334--334
 []|\OT1/ptm/m/n/9 faca.| 
 []


Overfull \hbox (4.67197pt too wide) in paragraph at lines 334--334
 []|\OT1/ptm/m/n/9 mead.| 
 []


Overfull \hbox (4.83304pt too wide) in paragraph at lines 334--334
 []|\OT1/ptm/m/n/9 playgr.| 
 []


Overfull \hbox (4.56276pt too wide) in paragraph at lines 334--335
 []|\OT1/ptm/m/n/9 terrace| 
 []


Overfull \hbox (1.52364pt too wide) in paragraph at lines 336--336
 []|\OT1/ptm/m/n/9 65.0| 
 []


Overfull \hbox (1.52364pt too wide) in paragraph at lines 336--336
 []|\OT1/ptm/m/n/9 69.7| 
 []


Overfull \hbox (1.52364pt too wide) in paragraph at lines 336--336
 []|\OT1/ptm/m/n/9 43.5| 
 []


Overfull \hbox (1.52364pt too wide) in paragraph at lines 336--336
 []|\OT1/ptm/m/n/9 26.3| 
 []


Overfull \hbox (2.94635pt too wide) in paragraph at lines 336--336
 []|\OT1/ptm/m/n/9 41.1| 
 []


Overfull \hbox (1.52364pt too wide) in paragraph at lines 336--336
 []|\OT1/ptm/m/n/9 86.3| 
 []


Overfull \hbox (1.52364pt too wide) in paragraph at lines 336--336
 []|\OT1/ptm/m/n/9 85.8| 
 []


Overfull \hbox (1.52364pt too wide) in paragraph at lines 336--336
 []|\OT1/ptm/m/n/9 57.6| 
 []


Overfull \hbox (1.52364pt too wide) in paragraph at lines 336--336
 []|\OT1/ptm/m/n/9 71.0| 
 []


Overfull \hbox (1.52364pt too wide) in paragraph at lines 336--336
 []|\OT1/ptm/m/n/9 74.2| 
 []


Overfull \hbox (1.52364pt too wide) in paragraph at lines 337--337
 []|\OT1/ptm/m/n/9 55.2| 
 []


Overfull \hbox (1.52364pt too wide) in paragraph at lines 337--337
 []|\OT1/ptm/m/n/9 63.9| 
 []


Overfull \hbox (1.52364pt too wide) in paragraph at lines 337--337
 []|\OT1/ptm/m/n/9 36.9| 
 []


Overfull \hbox (1.52364pt too wide) in paragraph at lines 337--337
 []|\OT1/ptm/m/n/9 29.3| 
 []


Overfull \hbox (2.94635pt too wide) in paragraph at lines 337--337
 []|\OT1/ptm/m/n/9 31.8| 
 []


Overfull \hbox (1.52364pt too wide) in paragraph at lines 337--337
 []|\OT1/ptm/m/n/9 80.1| 
 []


Overfull \hbox (1.52364pt too wide) in paragraph at lines 337--337
 []|\OT1/ptm/m/n/9 81.5| 
 []


Overfull \hbox (1.52364pt too wide) in paragraph at lines 337--337
 []|\OT1/ptm/m/n/9 57.9| 
 []


Overfull \hbox (1.52364pt too wide) in paragraph at lines 337--337
 []|\OT1/ptm/m/n/9 55.6| 
 []


Overfull \hbox (1.52364pt too wide) in paragraph at lines 337--337
 []|\OT1/ptm/m/n/9 55.4| 
 []


Overfull \hbox (1.52364pt too wide) in paragraph at lines 339--339
 []|\OT1/ptm/m/n/9 68.5| 
 []


Overfull \hbox (1.52364pt too wide) in paragraph at lines 339--339
 []|\OT1/ptm/m/n/9 73.3| 
 []


Overfull \hbox (1.52364pt too wide) in paragraph at lines 339--339
 []|\OT1/ptm/m/n/9 42.7| 
 []


Overfull \hbox (1.52364pt too wide) in paragraph at lines 339--339
 []|\OT1/ptm/m/n/9 32.3| 
 []


Overfull \hbox (2.94635pt too wide) in paragraph at lines 339--339
 []|\OT1/ptm/m/n/9 53.6| 
 []


Overfull \hbox (1.52364pt too wide) in paragraph at lines 339--339
 []|\OT1/ptm/m/n/9 89.1| 
 []


Overfull \hbox (1.52364pt too wide) in paragraph at lines 339--339
 []|\OT1/ptm/m/n/9 90.3| 
 []


Overfull \hbox (1.52364pt too wide) in paragraph at lines 339--339
 []|\OT1/ptm/m/n/9 71.4| 
 []


Overfull \hbox (1.52364pt too wide) in paragraph at lines 339--339
 []|\OT1/ptm/m/n/9 74.8| 
 []


Overfull \hbox (1.52364pt too wide) in paragraph at lines 339--339
 []|\OT1/ptm/m/n/9 68.5| 
 []


Overfull \hbox (1.52364pt too wide) in paragraph at lines 341--341
 []|\OT1/ptm/m/n/9 80.5| 
 []


Overfull \hbox (1.52364pt too wide) in paragraph at lines 341--341
 []|\OT1/ptm/m/n/9 77.7| 
 []


Overfull \hbox (1.52364pt too wide) in paragraph at lines 341--341
 []|\OT1/ptm/b/n/9 66.7| 
 []


Overfull \hbox (1.52364pt too wide) in paragraph at lines 341--341
 []|\OT1/ptm/m/n/9 51.2| 
 []


Overfull \hbox (2.94635pt too wide) in paragraph at lines 341--341
 []|\OT1/ptm/m/n/9 76.5| 
 []


Overfull \hbox (1.52364pt too wide) in paragraph at lines 341--341
 []|\OT1/ptm/b/n/9 96.0| 
 []


Overfull \hbox (1.52364pt too wide) in paragraph at lines 341--341
 []|\OT1/ptm/m/n/9 95.7| 
 []


Overfull \hbox (1.52364pt too wide) in paragraph at lines 341--341
 []|\OT1/ptm/m/n/9 85.4| 
 []


Overfull \hbox (1.52364pt too wide) in paragraph at lines 341--341
 []|\OT1/ptm/m/n/9 86.8| 
 []


Overfull \hbox (1.52364pt too wide) in paragraph at lines 341--341
 []|\OT1/ptm/m/n/9 74.5| 
 []


Overfull \hbox (1.52364pt too wide) in paragraph at lines 344--344
 []|\OT1/ptm/m/n/9 72.9| 
 []


Overfull \hbox (1.52364pt too wide) in paragraph at lines 344--344
 []|\OT1/ptm/m/n/9 76.9| 
 []


Overfull \hbox (1.52364pt too wide) in paragraph at lines 344--344
 []|\OT1/ptm/m/n/9 47.4| 
 []


Overfull \hbox (1.52364pt too wide) in paragraph at lines 344--344
 []|\OT1/ptm/m/n/9 48.6| 
 []


Overfull \hbox (2.94635pt too wide) in paragraph at lines 344--344
 []|\OT1/ptm/m/n/9 65.3| 
 []


Overfull \hbox (1.52364pt too wide) in paragraph at lines 344--344
 []|\OT1/ptm/m/n/9 91.3| 
 []


Overfull \hbox (1.52364pt too wide) in paragraph at lines 344--344
 []|\OT1/ptm/m/n/9 92.6| 
 []


Overfull \hbox (1.52364pt too wide) in paragraph at lines 344--344
 []|\OT1/ptm/m/n/9 79.1| 
 []


Overfull \hbox (1.52364pt too wide) in paragraph at lines 344--344
 []|\OT1/ptm/m/n/9 79.2| 
 []


Overfull \hbox (1.52364pt too wide) in paragraph at lines 344--344
 []|\OT1/ptm/m/n/9 68.9| 
 []


Overfull \hbox (1.52364pt too wide) in paragraph at lines 345--345
 []|\OT1/ptm/b/n/9 81.9| 
 []


Overfull \hbox (1.52364pt too wide) in paragraph at lines 345--345
 []|\OT1/ptm/b/n/9 81.9| 
 []


Overfull \hbox (1.52364pt too wide) in paragraph at lines 345--345
 []|\OT1/ptm/m/n/9 62.0| 
 []


Overfull \hbox (1.52364pt too wide) in paragraph at lines 345--345
 []|\OT1/ptm/b/n/9 65.6| 
 []


Overfull \hbox (2.94635pt too wide) in paragraph at lines 345--345
 []|\OT1/ptm/b/n/9 78.6| 
 []


Overfull \hbox (1.52364pt too wide) in paragraph at lines 345--345
 []|\OT1/ptm/m/n/9 94.8| 
 []


Overfull \hbox (1.52364pt too wide) in paragraph at lines 345--345
 []|\OT1/ptm/b/n/9 95.8| 
 []


Overfull \hbox (1.52364pt too wide) in paragraph at lines 345--345
 []|\OT1/ptm/b/n/9 88.4| 
 []


Overfull \hbox (1.52364pt too wide) in paragraph at lines 345--345
 []|\OT1/ptm/b/n/9 88.7| 
 []


Overfull \hbox (1.52364pt too wide) in paragraph at lines 345--345
 []|\OT1/ptm/b/n/9 76.6| 
 []


Overfull \hbox (4.33185pt too wide) in paragraph at lines 347--347
 []|[]| 
 []


Overfull \hbox (1.52364pt too wide) in paragraph at lines 347--347
 []|\OT1/ptm/m/n/9 73.7| 
 []


Overfull \hbox (1.52364pt too wide) in paragraph at lines 347--347
 []|\OT1/ptm/m/n/9 80.6| 
 []


Overfull \hbox (1.52364pt too wide) in paragraph at lines 347--347
 []|\OT1/ptm/m/n/9 51.4| 
 []


Overfull \hbox (1.52364pt too wide) in paragraph at lines 347--347
 []|\OT1/ptm/m/n/9 34.2| 
 []


Overfull \hbox (2.94635pt too wide) in paragraph at lines 347--347
 []|\OT1/ptm/m/n/9 47.8| 
 []


Overfull \hbox (1.52364pt too wide) in paragraph at lines 347--347
 []|\OT1/ptm/m/n/9 89.6| 
 []


Overfull \hbox (1.52364pt too wide) in paragraph at lines 347--347
 []|\OT1/ptm/m/n/9 89.3| 
 []


Overfull \hbox (1.52364pt too wide) in paragraph at lines 347--347
 []|\OT1/ptm/m/n/9 63.5| 
 []


Overfull \hbox (1.52364pt too wide) in paragraph at lines 347--347
 []|\OT1/ptm/m/n/9 77.4| 
 []


Overfull \hbox (1.52364pt too wide) in paragraph at lines 347--347
 []|\OT1/ptm/m/n/9 90.9| 
 []


Overfull \hbox (1.52364pt too wide) in paragraph at lines 348--348
 []|\OT1/ptm/m/n/9 66.5| 
 []


Overfull \hbox (1.52364pt too wide) in paragraph at lines 348--348
 []|\OT1/ptm/m/n/9 79.1| 
 []


Overfull \hbox (1.52364pt too wide) in paragraph at lines 348--348
 []|\OT1/ptm/m/n/9 45.1| 
 []


Overfull \hbox (1.52364pt too wide) in paragraph at lines 348--348
 []|\OT1/ptm/m/n/9 38.2| 
 []


Overfull \hbox (2.94635pt too wide) in paragraph at lines 348--348
 []|\OT1/ptm/m/n/9 42.1| 
 []


Overfull \hbox (1.52364pt too wide) in paragraph at lines 348--348
 []|\OT1/ptm/m/n/9 84.1| 
 []


Overfull \hbox (1.52364pt too wide) in paragraph at lines 348--348
 []|\OT1/ptm/m/n/9 86.0| 
 []


Overfull \hbox (1.52364pt too wide) in paragraph at lines 348--348
 []|\OT1/ptm/m/n/9 67.1| 
 []


Overfull \hbox (1.52364pt too wide) in paragraph at lines 348--348
 []|\OT1/ptm/m/n/9 64.8| 
 []


Overfull \hbox (1.52364pt too wide) in paragraph at lines 348--348
 []|\OT1/ptm/m/n/9 77.4| 
 []


Overfull \hbox (1.52364pt too wide) in paragraph at lines 350--350
 []|\OT1/ptm/m/n/9 79.1| 
 []


Overfull \hbox (1.52364pt too wide) in paragraph at lines 350--350
 []|\OT1/ptm/m/n/9 84.2| 
 []


Overfull \hbox (1.52364pt too wide) in paragraph at lines 350--350
 []|\OT1/ptm/m/n/9 51.9| 
 []


Overfull \hbox (1.52364pt too wide) in paragraph at lines 350--350
 []|\OT1/ptm/m/n/9 41.8| 
 []


Overfull \hbox (2.94635pt too wide) in paragraph at lines 350--350
 []|\OT1/ptm/m/n/9 61.7| 
 []


Overfull \hbox (1.52364pt too wide) in paragraph at lines 350--350
 []|\OT1/ptm/m/n/9 92.3| 
 []


Overfull \hbox (1.52364pt too wide) in paragraph at lines 350--350
 []|\OT1/ptm/m/n/9 94.1| 
 []


Overfull \hbox (1.52364pt too wide) in paragraph at lines 350--350
 []|\OT1/ptm/m/n/9 77.8| 
 []


Overfull \hbox (1.52364pt too wide) in paragraph at lines 350--350
 []|\OT1/ptm/m/n/9 83.4| 
 []


Overfull \hbox (1.52364pt too wide) in paragraph at lines 350--350
 []|\OT1/ptm/m/n/9 90.8| 
 []


Overfull \hbox (1.52364pt too wide) in paragraph at lines 352--352
 []|\OT1/ptm/b/n/9 90.7| 
 []


Overfull \hbox (1.52364pt too wide) in paragraph at lines 352--352
 []|\OT1/ptm/m/n/9 93.0| 
 []


Overfull \hbox (1.52364pt too wide) in paragraph at lines 352--352
 []|\OT1/ptm/b/n/9 80.0| 
 []


Overfull \hbox (1.52364pt too wide) in paragraph at lines 352--352
 []|\OT1/ptm/m/n/9 64.8| 
 []


Overfull \hbox (2.94635pt too wide) in paragraph at lines 352--352
 []|\OT1/ptm/m/n/9 83.9| 
 []


Overfull \hbox (1.52364pt too wide) in paragraph at lines 352--352
 []|\OT1/ptm/b/n/9 98.2| 
 []


Overfull \hbox (1.52364pt too wide) in paragraph at lines 352--352
 []|\OT1/ptm/b/n/9 98.4| 
 []


Overfull \hbox (1.52364pt too wide) in paragraph at lines 352--352
 []|\OT1/ptm/m/n/9 90.4| 
 []


Overfull \hbox (1.52364pt too wide) in paragraph at lines 352--352
 []|\OT1/ptm/b/n/9 94.7| 
 []


Overfull \hbox (1.52364pt too wide) in paragraph at lines 352--352
 []|\OT1/ptm/b/n/9 93.4| 
 []


Overfull \hbox (1.52364pt too wide) in paragraph at lines 355--355
 []|\OT1/ptm/m/n/9 85.1| 
 []


Overfull \hbox (1.52364pt too wide) in paragraph at lines 355--355
 []|\OT1/ptm/m/n/9 90.7| 
 []


Overfull \hbox (1.52364pt too wide) in paragraph at lines 355--355
 []|\OT1/ptm/m/n/9 61.3| 
 []


Overfull \hbox (1.52364pt too wide) in paragraph at lines 355--355
 []|\OT1/ptm/m/n/9 66.6| 
 []


Overfull \hbox (2.94635pt too wide) in paragraph at lines 355--355
 []|\OT1/ptm/m/n/9 74.8| 
 []


Overfull \hbox (1.52364pt too wide) in paragraph at lines 355--355
 []|\OT1/ptm/m/n/9 94.5| 
 []


Overfull \hbox (1.52364pt too wide) in paragraph at lines 355--355
 []|\OT1/ptm/m/n/9 96.6| 
 []


Overfull \hbox (1.52364pt too wide) in paragraph at lines 355--355
 []|\OT1/ptm/m/n/9 86.1| 
 []


Overfull \hbox (1.52364pt too wide) in paragraph at lines 355--355
 []|\OT1/ptm/m/n/9 88.6| 
 []


Overfull \hbox (1.52364pt too wide) in paragraph at lines 355--355
 []|\OT1/ptm/m/n/9 90.7| 
 []


Overfull \hbox (1.52364pt too wide) in paragraph at lines 356--356
 []|\OT1/ptm/m/n/9 90.6| 
 []


Overfull \hbox (1.52364pt too wide) in paragraph at lines 356--356
 []|\OT1/ptm/b/n/9 95.4| 
 []


Overfull \hbox (1.52364pt too wide) in paragraph at lines 356--356
 []|\OT1/ptm/m/n/9 72.4| 
 []


Overfull \hbox (1.52364pt too wide) in paragraph at lines 356--356
 []|\OT1/ptm/b/n/9 78.0| 
 []


Overfull \hbox (2.94635pt too wide) in paragraph at lines 356--356
 []|\OT1/ptm/b/n/9 84.2| 
 []


Overfull \hbox (1.52364pt too wide) in paragraph at lines 356--356
 []|\OT1/ptm/m/n/9 96.8| 
 []


Overfull \hbox (1.52364pt too wide) in paragraph at lines 356--356
 []|\OT1/ptm/m/n/9 98.2| 
 []


Overfull \hbox (1.52364pt too wide) in paragraph at lines 356--356
 []|\OT1/ptm/b/n/9 92.4| 
 []


Overfull \hbox (1.52364pt too wide) in paragraph at lines 356--356
 []|\OT1/ptm/m/n/9 94.4| 
 []


Overfull \hbox (1.52364pt too wide) in paragraph at lines 356--356
 []|\OT1/ptm/m/n/9 93.2| 
 []

<fig4_R1_DSC_0299.png, id=49, 301.125pt x 200.75pt>
File: fig4_R1_DSC_0299.png Graphic file (type png)
<use fig4_R1_DSC_0299.png>
Package pdftex.def Info: fig4_R1_DSC_0299.png  used on input line 364.
(pdftex.def)             Requested size: 60.20258pt x 40.13396pt.
<fig4_R1_ground_truth.png, id=50, 301.125pt x 200.75pt>
File: fig4_R1_ground_truth.png Graphic file (type png)
<use fig4_R1_ground_truth.png>
Package pdftex.def Info: fig4_R1_ground_truth.png  used on input line 365.
(pdftex.def)             Requested size: 60.20258pt x 40.13396pt.
<fig4_R1_COLMAP.png, id=51, 301.125pt x 200.75pt>
File: fig4_R1_COLMAP.png Graphic file (type png)
<use fig4_R1_COLMAP.png>
Package pdftex.def Info: fig4_R1_COLMAP.png  used on input line 366.
(pdftex.def)             Requested size: 60.20258pt x 40.13396pt.
<fig4_R1_openMVS.png, id=52, 301.125pt x 200.75pt>
File: fig4_R1_openMVS.png Graphic file (type png)
<use fig4_R1_openMVS.png>
Package pdftex.def Info: fig4_R1_openMVS.png  used on input line 367.
(pdftex.def)             Requested size: 60.20258pt x 40.13396pt.
<fig4_R1_ACMH.png, id=53, 301.125pt x 200.75pt>
File: fig4_R1_ACMH.png Graphic file (type png)
<use fig4_R1_ACMH.png>
Package pdftex.def Info: fig4_R1_ACMH.png  used on input line 368.
(pdftex.def)             Requested size: 60.20258pt x 40.13396pt.
<fig4_R1_ACMM.png, id=54, 301.125pt x 200.75pt>
File: fig4_R1_ACMM.png Graphic file (type png)
<use fig4_R1_ACMM.png>
Package pdftex.def Info: fig4_R1_ACMM.png  used on input line 369.
(pdftex.def)             Requested size: 60.20258pt x 40.13396pt.
<fig4_R1_ACMP-G.png, id=55, 301.125pt x 200.75pt>
File: fig4_R1_ACMP-G.png Graphic file (type png)
<use fig4_R1_ACMP-G.png>
Package pdftex.def Info: fig4_R1_ACMP-G.png  used on input line 370.
(pdftex.def)             Requested size: 60.20258pt x 40.13396pt.
<fig4_R1_ACMP.png, id=56, 301.125pt x 200.75pt>
File: fig4_R1_ACMP.png Graphic file (type png)
<use fig4_R1_ACMP.png>
Package pdftex.def Info: fig4_R1_ACMP.png  used on input line 371.
(pdftex.def)             Requested size: 60.20258pt x 40.13396pt.
<fig4_R2_DSC_0220.png, id=57, 301.125pt x 200.75pt>
File: fig4_R2_DSC_0220.png Graphic file (type png)
<use fig4_R2_DSC_0220.png>
Package pdftex.def Info: fig4_R2_DSC_0220.png  used on input line 372.
(pdftex.def)             Requested size: 60.20258pt x 40.13396pt.
<fig4_R2_ground_truth.png, id=58, 301.125pt x 200.75pt>
File: fig4_R2_ground_truth.png Graphic file (type png)
<use fig4_R2_ground_truth.png>
Package pdftex.def Info: fig4_R2_ground_truth.png  used on input line 373.
(pdftex.def)             Requested size: 60.20258pt x 40.13396pt.
<fig4_R2_COLMAP.png, id=59, 301.125pt x 200.75pt>
File: fig4_R2_COLMAP.png Graphic file (type png)
<use fig4_R2_COLMAP.png>
Package pdftex.def Info: fig4_R2_COLMAP.png  used on input line 374.
(pdftex.def)             Requested size: 60.20258pt x 40.13396pt.
<fig4_R2_openMVS.png, id=60, 301.125pt x 200.75pt>
File: fig4_R2_openMVS.png Graphic file (type png)
<use fig4_R2_openMVS.png>
Package pdftex.def Info: fig4_R2_openMVS.png  used on input line 375.
(pdftex.def)             Requested size: 60.20258pt x 40.13396pt.
<fig4_R2_ACMH.png, id=61, 301.125pt x 200.75pt>
File: fig4_R2_ACMH.png Graphic file (type png)
<use fig4_R2_ACMH.png>
Package pdftex.def Info: fig4_R2_ACMH.png  used on input line 376.
(pdftex.def)             Requested size: 60.20258pt x 40.13396pt.
<fig4_R2_ACMM.png, id=62, 301.125pt x 200.75pt>
File: fig4_R2_ACMM.png Graphic file (type png)
<use fig4_R2_ACMM.png>
Package pdftex.def Info: fig4_R2_ACMM.png  used on input line 377.
(pdftex.def)             Requested size: 60.20258pt x 40.13396pt.
<fig4_R2_ACMP-G.png, id=63, 301.125pt x 200.75pt>
File: fig4_R2_ACMP-G.png Graphic file (type png)
<use fig4_R2_ACMP-G.png>
Package pdftex.def Info: fig4_R2_ACMP-G.png  used on input line 378.
(pdftex.def)             Requested size: 60.20258pt x 40.13396pt.
<fig4_R2_ACMP.png, id=64, 301.125pt x 200.75pt>
File: fig4_R2_ACMP.png Graphic file (type png)
<use fig4_R2_ACMP.png>
Package pdftex.def Info: fig4_R2_ACMP.png  used on input line 379.
(pdftex.def)             Requested size: 60.20258pt x 40.13396pt.
<fig4_R3_DSC_0267.png, id=65, 301.125pt x 200.75pt>
File: fig4_R3_DSC_0267.png Graphic file (type png)
<use fig4_R3_DSC_0267.png>
Package pdftex.def Info: fig4_R3_DSC_0267.png  used on input line 380.
(pdftex.def)             Requested size: 60.20258pt x 40.13396pt.
<fig4_R3_ground_truth.png, id=66, 301.125pt x 200.75pt>
File: fig4_R3_ground_truth.png Graphic file (type png)
<use fig4_R3_ground_truth.png>
Package pdftex.def Info: fig4_R3_ground_truth.png  used on input line 381.
(pdftex.def)             Requested size: 60.20258pt x 40.13396pt.
<fig4_R3_COLMAP.png, id=67, 301.125pt x 200.75pt>
File: fig4_R3_COLMAP.png Graphic file (type png)
<use fig4_R3_COLMAP.png>
Package pdftex.def Info: fig4_R3_COLMAP.png  used on input line 382.
(pdftex.def)             Requested size: 60.20258pt x 40.13396pt.
<fig4_R3_openMVS.png, id=68, 301.125pt x 200.75pt>
File: fig4_R3_openMVS.png Graphic file (type png)
<use fig4_R3_openMVS.png>
Package pdftex.def Info: fig4_R3_openMVS.png  used on input line 383.
(pdftex.def)             Requested size: 60.20258pt x 40.13396pt.
<fig4_R3_ACMH.png, id=69, 301.125pt x 200.75pt>
File: fig4_R3_ACMH.png Graphic file (type png)
<use fig4_R3_ACMH.png>
Package pdftex.def Info: fig4_R3_ACMH.png  used on input line 384.
(pdftex.def)             Requested size: 60.20258pt x 40.13396pt.
<fig4_R3_ACMM.png, id=70, 301.125pt x 200.75pt>
File: fig4_R3_ACMM.png Graphic file (type png)
<use fig4_R3_ACMM.png>
Package pdftex.def Info: fig4_R3_ACMM.png  used on input line 385.
(pdftex.def)             Requested size: 60.20258pt x 40.13396pt.
<fig4_R3_ACMP-G.png, id=71, 301.125pt x 200.75pt>
File: fig4_R3_ACMP-G.png Graphic file (type png)
<use fig4_R3_ACMP-G.png>
Package pdftex.def Info: fig4_R3_ACMP-G.png  used on input line 386.
(pdftex.def)             Requested size: 60.20258pt x 40.13396pt.
<fig4_R3_ACMP.png, id=72, 301.125pt x 200.75pt>
File: fig4_R3_ACMP.png Graphic file (type png)
<use fig4_R3_ACMP.png>
Package pdftex.def Info: fig4_R3_ACMP.png  used on input line 387.
(pdftex.def)             Requested size: 60.20258pt x 40.13396pt.

LaTeX Warning: Citation `Schops2017Multi' on page 5 undefined on input line 397
.


LaTeX Warning: Citation `Schonberger2016Pixelwise' on page 5 undefined on input
 line 397.


LaTeX Warning: Citation `Xu2018Multi' on page 5 undefined on input line 397.


LaTeX Warning: Citation `Schops2017ETH3D' on page 5 undefined on input line 397
.


LaTeX Warning: Citation `Xu2018Multi' on page 5 undefined on input line 401.


Underfull \hbox (badness 10000) in paragraph at lines 401--402
\OT1/ptm/b/n/10 Parameter Set-tings \OT1/ptm/m/n/10 Our meth-ods are im-ple-
 []


Underfull \hbox (badness 10000) in paragraph at lines 401--402
\OT1/ptm/m/n/10 mented in C++ with CUDA and ex-e-cuted on a
 []


Underfull \hbox (badness 10000) in paragraph at lines 401--402
\OT1/ptm/m/n/10 ma-chine with two In-tel E5-2630 CPUs and two
 []


Underfull \hbox (badness 6063) in paragraph at lines 401--402
\OT1/ptm/m/n/10 GTX Ti-tan X GPUs. $\OMS/cmsy/m/n/10 f\OML/cmm/m/it/10 ^^O; ; 
^^M; ^^U[]; ^^[; ^^Q; ^^U[]; ^^\[]\OMS/cmsy/m/n/10 g \OT1/cmr/m/n/10 =
 []


LaTeX Warning: Citation `Schonberger2016Pixelwise' on page 5 undefined on input
 line 403.


LaTeX Warning: Citation `openMVS' on page 5 undefined on input line 403.


LaTeX Warning: Citation `Xu2018Multi' on page 5 undefined on input line 403.


LaTeX Warning: Citation `Xu2018Multi' on page 5 undefined on input line 403.

[5]
<fig5_R1_DSC_1543.png, id=76, 301.125pt x 200.75pt>
File: fig5_R1_DSC_1543.png Graphic file (type png)
<use fig5_R1_DSC_1543.png>
Package pdftex.def Info: fig5_R1_DSC_1543.png  used on input line 407.
(pdftex.def)             Requested size: 80.94424pt x 53.96123pt.
<fig5_R1_COLMAP.png, id=77, 301.125pt x 200.75pt>
File: fig5_R1_COLMAP.png Graphic file (type png)
<use fig5_R1_COLMAP.png>
Package pdftex.def Info: fig5_R1_COLMAP.png  used on input line 408.
(pdftex.def)             Requested size: 80.94424pt x 53.96123pt.
<fig5_R1_openMVS.png, id=78, 301.125pt x 200.75pt>
File: fig5_R1_openMVS.png Graphic file (type png)
<use fig5_R1_openMVS.png>
Package pdftex.def Info: fig5_R1_openMVS.png  used on input line 409.
(pdftex.def)             Requested size: 80.94424pt x 53.96123pt.
<fig5_R1_ACMH.png, id=79, 301.125pt x 200.75pt>
File: fig5_R1_ACMH.png Graphic file (type png)
<use fig5_R1_ACMH.png>
Package pdftex.def Info: fig5_R1_ACMH.png  used on input line 410.
(pdftex.def)             Requested size: 80.94424pt x 53.96123pt.
<fig5_R1_ACMM.png, id=80, 301.125pt x 200.75pt>
File: fig5_R1_ACMM.png Graphic file (type png)
<use fig5_R1_ACMM.png>
Package pdftex.def Info: fig5_R1_ACMM.png  used on input line 411.
(pdftex.def)             Requested size: 80.94424pt x 53.96123pt.
<fig5_R1_ACMP.png, id=81, 301.125pt x 200.75pt>
File: fig5_R1_ACMP.png Graphic file (type png)
<use fig5_R1_ACMP.png>
Package pdftex.def Info: fig5_R1_ACMP.png  used on input line 412.
(pdftex.def)             Requested size: 80.94424pt x 53.96123pt.
<fig5_R2_DSC_1140.png, id=82, 301.125pt x 200.75pt>
File: fig5_R2_DSC_1140.png Graphic file (type png)
<use fig5_R2_DSC_1140.png>
Package pdftex.def Info: fig5_R2_DSC_1140.png  used on input line 413.
(pdftex.def)             Requested size: 80.94424pt x 53.96123pt.
<fig5_R2_COLMAP.png, id=83, 301.125pt x 200.75pt>
File: fig5_R2_COLMAP.png Graphic file (type png)
<use fig5_R2_COLMAP.png>
Package pdftex.def Info: fig5_R2_COLMAP.png  used on input line 414.
(pdftex.def)             Requested size: 80.94424pt x 53.96123pt.
<fig5_R2_openMVS.png, id=84, 301.125pt x 200.75pt>
File: fig5_R2_openMVS.png Graphic file (type png)
<use fig5_R2_openMVS.png>
Package pdftex.def Info: fig5_R2_openMVS.png  used on input line 415.
(pdftex.def)             Requested size: 80.94424pt x 53.96123pt.
<fig5_R2_ACMH.png, id=85, 301.125pt x 200.75pt>
File: fig5_R2_ACMH.png Graphic file (type png)
<use fig5_R2_ACMH.png>
Package pdftex.def Info: fig5_R2_ACMH.png  used on input line 416.
(pdftex.def)             Requested size: 80.94424pt x 53.96123pt.
<fig5_R2_ACMM.png, id=86, 301.125pt x 200.75pt>
File: fig5_R2_ACMM.png Graphic file (type png)
<use fig5_R2_ACMM.png>
Package pdftex.def Info: fig5_R2_ACMM.png  used on input line 417.
(pdftex.def)             Requested size: 80.94424pt x 53.96123pt.
<fig5_R2_ACMP.png, id=87, 301.125pt x 200.75pt>
File: fig5_R2_ACMP.png Graphic file (type png)
<use fig5_R2_ACMP.png>
Package pdftex.def Info: fig5_R2_ACMP.png  used on input line 418.
(pdftex.def)             Requested size: 80.94424pt x 53.96123pt.


LaTeX Warning: Citation `Schops2017ETH3D' on page 6 undefined on input line 422
.


LaTeX Warning: Citation `Schops2017ETH3D' on page 6 undefined on input line 422
.


Underfull \vbox (badness 10000) has occurred while \output is active []



LaTeX Warning: Citation `Schops2017ETH3D' on page 6 undefined on input line 431
.


LaTeX Warning: Citation `Schops2017ETH3D' on page 6 undefined on input line 431
.


Underfull \vbox (badness 10000) has occurred while \output is active []

 [6 <./fig4_R1_DSC_0299.png> <./fig4_R1_ground_truth.png> <./fig4_R1_COLMAP.png
> <./fig4_R1_openMVS.png> <./fig4_R1_ACMH.png> <./fig4_R1_ACMM.png> <./fig4_R1_
ACMP-G.png> <./fig4_R1_ACMP.png> <./fig4_R2_DSC_0220.png> <./fig4_R2_ground_tru
th.png> <./fig4_R2_COLMAP.png> <./fig4_R2_openMVS.png> <./fig4_R2_ACMH.png> <./
fig4_R2_ACMM.png> <./fig4_R2_ACMP-G.png> <./fig4_R2_ACMP.png> <./fig4_R3_DSC_02
67.png> <./fig4_R3_ground_truth.png> <./fig4_R3_COLMAP.png> <./fig4_R3_openMVS.
png> <./fig4_R3_ACMH.png> <./fig4_R3_ACMM.png> <./fig4_R3_ACMP-G.png> <./fig4_R
3_ACMP.png>]
Underfull \hbox (badness 1057) in paragraph at lines 490--490
\OT1/ptm/m/n/10 dam con-secte-tur dig-nis-si-mos sus-cipit, volup-tat-i-bus con
-
 []


Underfull \vbox (badness 1210) has occurred while \output is active []

 [7 <./fig5_R1_DSC_1543.png> <./fig5_R1_COLMAP.png> <./fig5_R1_openMVS.png> <./
fig5_R1_ACMH.png> <./fig5_R1_ACMM.png> <./fig5_R1_ACMP.png> <./fig5_R2_DSC_1140
.png> <./fig5_R2_COLMAP.png> <./fig5_R2_openMVS.png> <./fig5_R2_ACMH.png> <./fi
g5_R2_ACMM.png> <./fig5_R2_ACMP.png>] [8

]
No file AAAI-XuQ.3214_changed.bbl.
(AAAI-XuQ.3214_changed.aux)
 ***********
LaTeX2e <2023-06-01> patch level 1
L3 programming layer <2023-08-29>
 ***********
 ) 
Here is how much of TeX's memory you used:
 4003 strings out of 475247
 65023 string characters out of 5757792
 1984801 words of memory out of 5000000
 25445 multiletter control sequences out of 15000+600000
 591598 words of font info for 109 fonts, out of 8000000 for 9000
 1141 hyphenation exceptions out of 8191
 57i,15n,65p,2054b,518s stack positions out of 10000i,1000n,20000p,200000b,200000s
<C:/Users/micha/AppData/Local/Programs/MiKTeX/fonts/type1/public/amsfonts/cm/
cmex10.pfb><C:/Users/micha/AppData/Local/Programs/MiKTeX/fonts/type1/public/ams
fonts/cm/cmmi10.pfb><C:/Users/micha/AppData/Local/Programs/MiKTeX/fonts/type1/p
ublic/amsfonts/cm/cmmi5.pfb><C:/Users/micha/AppData/Local/Programs/MiKTeX/fonts
/type1/public/amsfonts/cm/cmmi7.pfb><C:/Users/micha/AppData/Local/Programs/MiKT
eX/fonts/type1/public/amsfonts/cm/cmmi9.pfb><C:/Users/micha/AppData/Local/Progr
ams/MiKTeX/fonts/type1/public/amsfonts/cm/cmmib10.pfb><C:/Users/micha/AppData/L
ocal/Programs/MiKTeX/fonts/type1/public/amsfonts/cmextra/cmmib5.pfb><C:/Users/m
icha/AppData/Local/Programs/MiKTeX/fonts/type1/public/amsfonts/cm/cmr10.pfb><C:
/Users/micha/AppData/Local/Programs/MiKTeX/fonts/type1/public/amsfonts/cm/cmr5.
pfb><C:/Users/micha/AppData/Local/Programs/MiKTeX/fonts/type1/public/amsfonts/c
m/cmr6.pfb><C:/Users/micha/AppData/Local/Programs/MiKTeX/fonts/type1/public/ams
fonts/cm/cmr7.pfb><C:/Users/micha/AppData/Local/Programs/MiKTeX/fonts/type1/pub
lic/amsfonts/cm/cmr9.pfb><C:/Users/micha/AppData/Local/Programs/MiKTeX/fonts/ty
pe1/public/amsfonts/cm/cmsy10.pfb><C:/Users/micha/AppData/Local/Programs/MiKTeX
/fonts/type1/public/amsfonts/cm/cmsy5.pfb><C:/Users/micha/AppData/Local/Program
s/MiKTeX/fonts/type1/public/amsfonts/cm/cmsy7.pfb><C:/Users/micha/AppData/Local
/Programs/MiKTeX/fonts/type1/public/amsfonts/cm/cmsy9.pfb><C:/Users/micha/AppDa
ta/Local/Programs/MiKTeX/fonts/type1/urw/times/utmb8a.pfb><C:/Users/micha/AppDa
ta/Local/Programs/MiKTeX/fonts/type1/urw/times/utmr8a.pfb><C:/Users/micha/AppDa
ta/Local/Programs/MiKTeX/fonts/type1/urw/times/utmri8a.pfb>
Output written on AAAI-XuQ.3214_changed.pdf (8 pages, 5939833 bytes).
PDF statistics:
 181 PDF objects out of 1000 (max. 8388607)
 0 named destinations out of 1000 (max. 500000)
 281 words of extra memory for PDF output out of 10000 (max. 10000000)

