This is pdfTeX, Version 3.141592653-2.6-1.40.25 (MiKTeX 23.9) (preloaded format=pdflatex 2023.9.22)  30 MAR 2024 18:00
entering extended mode
 restricted \write18 enabled.
 %&-line parsing enabled.
**./AAAI-ZhouH.1648_changed.tex
(AAAI-ZhouH.1648_changed.tex
LaTeX2e <2023-06-01> patch level 1
L3 programming layer <2023-08-29>
(C:\Users\micha\AppData\Local\Programs\MiKTeX\tex/latex/base\article.cls
Document Class: article 2023/05/17 v1.4n Standard LaTeX document class
(C:\Users\micha\AppData\Local\Programs\MiKTeX\tex/latex/base\size10.clo
File: size10.clo 2023/05/17 v1.4n Standard LaTeX file (size option)
)
\c@part=\count185
\c@section=\count186
\c@subsection=\count187
\c@subsubsection=\count188
\c@paragraph=\count189
\c@subparagraph=\count190
\c@figure=\count191
\c@table=\count192
\abovecaptionskip=\skip48
\belowcaptionskip=\skip49
\bibindent=\dimen140
)
(aaai20.sty
Conference Style for AAAI for LaTeX 2e -- version for the AAAI-20 conference
\titlebox=\skip50
) (C:\Users\micha\AppData\Local\Programs\MiKTeX\tex/latex/psnfss\times.sty
Package: times 2020/03/25 PSNFSS-v9.3 (SPQR) 
)
(C:\Users\micha\AppData\Local\Programs\MiKTeX\tex/latex/psnfss\helvet.sty
Package: helvet 2020/03/25 PSNFSS-v9.3 (WaS) 

(C:\Users\micha\AppData\Local\Programs\MiKTeX\tex/latex/graphics\keyval.sty
Package: keyval 2022/05/29 v1.15 key=value parser (DPC)
\KV@toks@=\toks17
))
(C:\Users\micha\AppData\Local\Programs\MiKTeX\tex/latex/psnfss\courier.sty
Package: courier 2020/03/25 PSNFSS-v9.3 (WaS) 
)
(C:\Users\micha\AppData\Local\Programs\MiKTeX\tex/latex/url\url.sty
\Urlmuskip=\muskip16
Package: url 2013/09/16  ver 3.4  Verb mode for urls, etc.
)
(C:\Users\micha\AppData\Local\Programs\MiKTeX\tex/latex/graphics\graphicx.sty
Package: graphicx 2021/09/16 v1.2d Enhanced LaTeX Graphics (DPC,SPQR)

(C:\Users\micha\AppData\Local\Programs\MiKTeX\tex/latex/graphics\graphics.sty
Package: graphics 2022/03/10 v1.4e Standard LaTeX Graphics (DPC,SPQR)

(C:\Users\micha\AppData\Local\Programs\MiKTeX\tex/latex/graphics\trig.sty
Package: trig 2021/08/11 v1.11 sin cos tan (DPC)
)
(C:\Users\micha\AppData\Local\Programs\MiKTeX\tex/latex/graphics-cfg\graphics.c
fg
File: graphics.cfg 2016/06/04 v1.11 sample graphics configuration
)
Package graphics Info: Driver file: pdftex.def on input line 107.

(C:\Users\micha\AppData\Local\Programs\MiKTeX\tex/latex/graphics-def\pdftex.def
File: pdftex.def 2022/09/22 v1.2b Graphics/color driver for pdftex
))
\Gin@req@height=\dimen141
\Gin@req@width=\dimen142
) (C:\Users\micha\AppData\Local\Programs\MiKTeX\tex/latex/amsmath\amsmath.sty
Package: amsmath 2023/05/13 v2.17o AMS math features
\@mathmargin=\skip51
For additional information on amsmath, use the `?' option.
(C:\Users\micha\AppData\Local\Programs\MiKTeX\tex/latex/amsmath\amstext.sty
Package: amstext 2021/08/26 v2.01 AMS text

(C:\Users\micha\AppData\Local\Programs\MiKTeX\tex/latex/amsmath\amsgen.sty
File: amsgen.sty 1999/11/30 v2.0 generic functions
\@emptytoks=\toks18
\ex@=\dimen143
))
(C:\Users\micha\AppData\Local\Programs\MiKTeX\tex/latex/amsmath\amsbsy.sty
Package: amsbsy 1999/11/29 v1.2d Bold Symbols
\pmbraise@=\dimen144
)
(C:\Users\micha\AppData\Local\Programs\MiKTeX\tex/latex/amsmath\amsopn.sty
Package: amsopn 2022/04/08 v2.04 operator names
)
\inf@bad=\count193
LaTeX Info: Redefining \frac on input line 234.
\uproot@=\count194
\leftroot@=\count195
LaTeX Info: Redefining \overline on input line 399.
LaTeX Info: Redefining \colon on input line 410.
\classnum@=\count196
\DOTSCASE@=\count197
LaTeX Info: Redefining \ldots on input line 496.
LaTeX Info: Redefining \dots on input line 499.
LaTeX Info: Redefining \cdots on input line 620.
\Mathstrutbox@=\box51
\strutbox@=\box52
LaTeX Info: Redefining \big on input line 722.
LaTeX Info: Redefining \Big on input line 723.
LaTeX Info: Redefining \bigg on input line 724.
LaTeX Info: Redefining \Bigg on input line 725.
\big@size=\dimen145
LaTeX Font Info:    Redeclaring font encoding OML on input line 743.
LaTeX Font Info:    Redeclaring font encoding OMS on input line 744.
\macc@depth=\count198
LaTeX Info: Redefining \bmod on input line 905.
LaTeX Info: Redefining \pmod on input line 910.
LaTeX Info: Redefining \smash on input line 940.
LaTeX Info: Redefining \relbar on input line 970.
LaTeX Info: Redefining \Relbar on input line 971.
\c@MaxMatrixCols=\count199
\dotsspace@=\muskip17
\c@parentequation=\count266
\dspbrk@lvl=\count267
\tag@help=\toks19
\row@=\count268
\column@=\count269
\maxfields@=\count270
\andhelp@=\toks20
\eqnshift@=\dimen146
\alignsep@=\dimen147
\tagshift@=\dimen148
\tagwidth@=\dimen149
\totwidth@=\dimen150
\lineht@=\dimen151
\@envbody=\toks21
\multlinegap=\skip52
\multlinetaggap=\skip53
\mathdisplay@stack=\toks22
LaTeX Info: Redefining \[ on input line 2953.
LaTeX Info: Redefining \] on input line 2954.
)
(C:\Users\micha\AppData\Local\Programs\MiKTeX\tex/latex/amsfonts\amsfonts.sty
Package: amsfonts 2013/01/14 v3.01 Basic AMSFonts support
\symAMSa=\mathgroup4
\symAMSb=\mathgroup5
LaTeX Font Info:    Redeclaring math symbol \hbar on input line 98.
LaTeX Font Info:    Overwriting math alphabet `\mathfrak' in version `bold'
(Font)                  U/euf/m/n --> U/euf/b/n on input line 106.
)
(C:\Users\micha\AppData\Local\Programs\MiKTeX\tex/latex/multirow\multirow.sty
Package: multirow 2021/03/15 v2.8 Span multiple rows of a table
\multirow@colwidth=\skip54
\multirow@cntb=\count271
\multirow@dima=\skip55
\bigstrutjot=\dimen152
)
(C:\Users\micha\AppData\Local\Programs\MiKTeX\tex/latex/setspace\setspace.sty
Package: setspace 2022/12/04 v6.7b set line spacing
)
(bibspacing.sty
\bibitemsep=\skip56
\bibparskip=\skip57
)
(C:\Users\micha\AppData\Local\Programs\MiKTeX\tex/latex/hyperref\hyperref.sty
Package: hyperref 2023-07-08 v7.01b Hypertext links for LaTeX

(C:\Users\micha\AppData\Local\Programs\MiKTeX\tex/generic/ltxcmds\ltxcmds.sty
Package: ltxcmds 2023-12-04 v1.26 LaTeX kernel commands for general use (HO)
)
(C:\Users\micha\AppData\Local\Programs\MiKTeX\tex/generic/iftex\iftex.sty
Package: iftex 2022/02/03 v1.0f TeX engine tests
)
(C:\Users\micha\AppData\Local\Programs\MiKTeX\tex/generic/pdftexcmds\pdftexcmds
.sty
Package: pdftexcmds 2020-06-27 v0.33 Utility functions of pdfTeX for LuaTeX (HO
)

(C:\Users\micha\AppData\Local\Programs\MiKTeX\tex/generic/infwarerr\infwarerr.s
ty
Package: infwarerr 2019/12/03 v1.5 Providing info/warning/error messages (HO)
)
Package pdftexcmds Info: \pdf@primitive is available.
Package pdftexcmds Info: \pdf@ifprimitive is available.
Package pdftexcmds Info: \pdfdraftmode found.
)
(C:\Users\micha\AppData\Local\Programs\MiKTeX\tex/latex/kvsetkeys\kvsetkeys.sty
Package: kvsetkeys 2022-10-05 v1.19 Key value parser (HO)
)
(C:\Users\micha\AppData\Local\Programs\MiKTeX\tex/generic/kvdefinekeys\kvdefine
keys.sty
Package: kvdefinekeys 2019-12-19 v1.6 Define keys (HO)
)
(C:\Users\micha\AppData\Local\Programs\MiKTeX\tex/generic/pdfescape\pdfescape.s
ty
Package: pdfescape 2019/12/09 v1.15 Implements pdfTeX's escape features (HO)
) (C:\Users\micha\AppData\Local\Programs\MiKTeX\tex/latex/hycolor\hycolor.sty
Package: hycolor 2020-01-27 v1.10 Color options for hyperref/bookmark (HO)
)
(C:\Users\micha\AppData\Local\Programs\MiKTeX\tex/latex/letltxmacro\letltxmacro
.sty
Package: letltxmacro 2019/12/03 v1.6 Let assignment for LaTeX macros (HO)
)
(C:\Users\micha\AppData\Local\Programs\MiKTeX\tex/latex/auxhook\auxhook.sty
Package: auxhook 2019-12-17 v1.6 Hooks for auxiliary files (HO)
)
(C:\Users\micha\AppData\Local\Programs\MiKTeX\tex/latex/hyperref\nameref.sty
Package: nameref 2023-08-07 v2.53 Cross-referencing by name of section

(C:\Users\micha\AppData\Local\Programs\MiKTeX\tex/latex/refcount\refcount.sty
Package: refcount 2019/12/15 v3.6 Data extraction from label references (HO)
)
(C:\Users\micha\AppData\Local\Programs\MiKTeX\tex/generic/gettitlestring\gettit
lestring.sty
Package: gettitlestring 2019/12/15 v1.6 Cleanup title references (HO)

(C:\Users\micha\AppData\Local\Programs\MiKTeX\tex/latex/kvoptions\kvoptions.sty
Package: kvoptions 2022-06-15 v3.15 Key value format for package options (HO)
))
\c@section@level=\count272
)
(C:\Users\micha\AppData\Local\Programs\MiKTeX\tex/latex/etoolbox\etoolbox.sty
Package: etoolbox 2020/10/05 v2.5k e-TeX tools for LaTeX (JAW)
\etb@tempcnta=\count273
)
\@linkdim=\dimen153
\Hy@linkcounter=\count274
\Hy@pagecounter=\count275

(C:\Users\micha\AppData\Local\Programs\MiKTeX\tex/latex/hyperref\pd1enc.def
File: pd1enc.def 2023-07-08 v7.01b Hyperref: PDFDocEncoding definition (HO)
Now handling font encoding PD1 ...
... no UTF-8 mapping file for font encoding PD1
)
(C:\Users\micha\AppData\Local\Programs\MiKTeX\tex/generic/intcalc\intcalc.sty
Package: intcalc 2019/12/15 v1.3 Expandable calculations with integers (HO)
)
\Hy@SavedSpaceFactor=\count276

(C:\Users\micha\AppData\Local\Programs\MiKTeX\tex/latex/hyperref\puenc.def
File: puenc.def 2023-07-08 v7.01b Hyperref: PDF Unicode definition (HO)
Now handling font encoding PU ...
... no UTF-8 mapping file for font encoding PU
)
Package hyperref Info: Option `colorlinks' set `true' on input line 4050.
Package hyperref Info: Hyper figures OFF on input line 4167.
Package hyperref Info: Link nesting OFF on input line 4172.
Package hyperref Info: Hyper index ON on input line 4175.
Package hyperref Info: Plain pages OFF on input line 4182.
Package hyperref Info: Backreferencing OFF on input line 4187.
Package hyperref Info: Implicit mode ON; LaTeX internals redefined.
Package hyperref Info: Bookmarks ON on input line 4434.
\c@Hy@tempcnt=\count277
LaTeX Info: Redefining \url on input line 4772.
\XeTeXLinkMargin=\dimen154

(C:\Users\micha\AppData\Local\Programs\MiKTeX\tex/generic/bitset\bitset.sty
Package: bitset 2019/12/09 v1.3 Handle bit-vector datatype (HO)

(C:\Users\micha\AppData\Local\Programs\MiKTeX\tex/generic/bigintcalc\bigintcalc
.sty
Package: bigintcalc 2019/12/15 v1.5 Expandable calculations on big integers (HO
)
))
\Fld@menulength=\count278
\Field@Width=\dimen155
\Fld@charsize=\dimen156
Package hyperref Info: Hyper figures OFF on input line 6051.
Package hyperref Info: Link nesting OFF on input line 6056.
Package hyperref Info: Hyper index ON on input line 6059.
Package hyperref Info: backreferencing OFF on input line 6066.
Package hyperref Info: Link coloring ON on input line 6069.
Package hyperref Info: Link coloring with OCG OFF on input line 6076.
Package hyperref Info: PDF/A mode OFF on input line 6081.

(C:\Users\micha\AppData\Local\Programs\MiKTeX\tex/latex/base\atbegshi-ltx.sty
Package: atbegshi-ltx 2021/01/10 v1.0c Emulation of the original atbegshi
package with kernel methods
)
\Hy@abspage=\count279
\c@Item=\count280
\c@Hfootnote=\count281
)
Package hyperref Info: Driver (autodetected): hpdftex.
(C:\Users\micha\AppData\Local\Programs\MiKTeX\tex/latex/hyperref\hpdftex.def
File: hpdftex.def 2023-07-08 v7.01b Hyperref driver for pdfTeX

(C:\Users\micha\AppData\Local\Programs\MiKTeX\tex/latex/base\atveryend-ltx.sty
Package: atveryend-ltx 2020/08/19 v1.0a Emulation of the original atveryend pac
kage
with kernel methods
)
\Fld@listcount=\count282
\c@bookmark@seq@number=\count283

(C:\Users\micha\AppData\Local\Programs\MiKTeX\tex/latex/rerunfilecheck\rerunfil
echeck.sty
Package: rerunfilecheck 2022-07-10 v1.10 Rerun checks for auxiliary files (HO)

(C:\Users\micha\AppData\Local\Programs\MiKTeX\tex/generic/uniquecounter\uniquec
ounter.sty
Package: uniquecounter 2019/12/15 v1.4 Provide unlimited unique counter (HO)
)
Package uniquecounter Info: New unique counter `rerunfilecheck' on input line 2
85.
)
\Hy@SectionHShift=\skip58
)
LaTeX Font Info:    Trying to load font information for OT1+ptm on input line 4
9.

(C:\Users\micha\AppData\Local\Programs\MiKTeX\tex/latex/psnfss\ot1ptm.fd
File: ot1ptm.fd 2001/06/04 font definitions for OT1/ptm.
)
(C:\Users\micha\AppData\Local\Programs\MiKTeX\tex/latex/l3backend\l3backend-pdf
tex.def
File: l3backend-pdftex.def 2023-04-19 L3 backend support: PDF output (pdfTeX)
\l__color_backend_stack_int=\count284
\l__pdf_internal_box=\box53
) (AAAI-ZhouH.1648_changed.aux)
\openout1 = `AAAI-ZhouH.1648_changed.aux'.

LaTeX Font Info:    Checking defaults for OML/cmm/m/it on input line 49.
LaTeX Font Info:    ... okay on input line 49.
LaTeX Font Info:    Checking defaults for OMS/cmsy/m/n on input line 49.
LaTeX Font Info:    ... okay on input line 49.
LaTeX Font Info:    Checking defaults for OT1/cmr/m/n on input line 49.
LaTeX Font Info:    ... okay on input line 49.
LaTeX Font Info:    Checking defaults for T1/cmr/m/n on input line 49.
LaTeX Font Info:    ... okay on input line 49.
LaTeX Font Info:    Checking defaults for TS1/cmr/m/n on input line 49.
LaTeX Font Info:    ... okay on input line 49.
LaTeX Font Info:    Checking defaults for OMX/cmex/m/n on input line 49.
LaTeX Font Info:    ... okay on input line 49.
LaTeX Font Info:    Checking defaults for U/cmr/m/n on input line 49.
LaTeX Font Info:    ... okay on input line 49.
LaTeX Font Info:    Checking defaults for PD1/pdf/m/n on input line 49.
LaTeX Font Info:    ... okay on input line 49.
LaTeX Font Info:    Checking defaults for PU/pdf/m/n on input line 49.
LaTeX Font Info:    ... okay on input line 49.

(C:\Users\micha\AppData\Local\Programs\MiKTeX\tex/context/base/mkii\supp-pdf.mk
ii
[Loading MPS to PDF converter (version 2006.09.02).]
\scratchcounter=\count285
\scratchdimen=\dimen157
\scratchbox=\box54
\nofMPsegments=\count286
\nofMParguments=\count287
\everyMPshowfont=\toks23
\MPscratchCnt=\count288
\MPscratchDim=\dimen158
\MPnumerator=\count289
\makeMPintoPDFobject=\count290
\everyMPtoPDFconversion=\toks24
)
(C:\Users\micha\AppData\Local\Programs\MiKTeX\tex/latex/epstopdf-pkg\epstopdf-b
ase.sty
Package: epstopdf-base 2020-01-24 v2.11 Base part for package epstopdf
Package epstopdf-base Info: Redefining graphics rule for `.eps' on input line 4
85.

(C:\Users\micha\AppData\Local\Programs\MiKTeX\tex/latex/00miktex\epstopdf-sys.c
fg
File: epstopdf-sys.cfg 2021/03/18 v2.0 Configuration of epstopdf for MiKTeX
)) (C:\Users\micha\AppData\Local\Programs\MiKTeX\tex/latex/graphics\color.sty
Package: color 2022/01/06 v1.3d Standard LaTeX Color (DPC)
(C:\Users\micha\AppData\Local\Programs\MiKTeX\tex/latex/graphics-cfg\color.cfg
File: color.cfg 2016/01/02 v1.6 sample color configuration
)
Package color Info: Driver file: pdftex.def on input line 149.
(C:\Users\micha\AppData\Local\Programs\MiKTeX\tex/latex/graphics\mathcolor.ltx)
)
Package hyperref Info: Link coloring ON on input line 49.
 (AAAI-ZhouH.1648_changed.out) (AAAI-ZhouH.1648_changed.out)
\@outlinefile=\write3
\openout3 = `AAAI-ZhouH.1648_changed.out'.

LaTeX Font Info:    Trying to load font information for U+msa on input line 52.


(C:\Users\micha\AppData\Local\Programs\MiKTeX\tex/latex/amsfonts\umsa.fd
File: umsa.fd 2013/01/14 v3.01 AMS symbols A
)
LaTeX Font Info:    Trying to load font information for U+msb on input line 52.


(C:\Users\micha\AppData\Local\Programs\MiKTeX\tex/latex/amsfonts\umsb.fd
File: umsb.fd 2013/01/14 v3.01 AMS symbols B
)
LaTeX Font Info:    Trying to load font information for OMS+ptm on input line 5
2.

(C:\Users\micha\AppData\Local\Programs\MiKTeX\tex/latex/psnfss\omsptm.fd
File: omsptm.fd 
)
LaTeX Font Info:    Font shape `OMS/ptm/m/n' in size <10> not available
(Font)              Font shape `OMS/cmsy/m/n' tried instead on input line 52.
LaTeX Font Info:    Trying to load font information for TS1+ptm on input line 5
2.

(C:\Users\micha\AppData\Local\Programs\MiKTeX\tex/latex/psnfss\ts1ptm.fd
File: ts1ptm.fd 2001/06/04 font definitions for TS1/ptm.
)

LaTeX Warning: Citation `staged' on page 1 undefined on input line 72.


LaTeX Warning: Citation `han' on page 1 undefined on input line 72.


LaTeX Warning: Citation `tpami19' on page 1 undefined on input line 72.


LaTeX Warning: Citation `ian' on page 1 undefined on input line 72.


LaTeX Warning: Citation `aaai2019skeleton' on page 1 undefined on input line 72
.


LaTeX Warning: Citation `phoenixdataset2014' on page 1 undefined on input line 
76.


LaTeX Warning: Citation `subunet' on page 1 undefined on input line 85.


LaTeX Warning: Citation `han' on page 1 undefined on input line 85.


LaTeX Warning: Citation `tpami19' on page 1 undefined on input line 86.


LaTeX Warning: Citation `vgg-two-stream' on page 1 undefined on input line 92.


LaTeX Warning: Citation `vgg-two-stream-2' on page 1 undefined on input line 92
.


LaTeX Warning: Citation `deconv' on page 1 undefined on input line 99.


LaTeX Warning: Citation `xiao2018simple' on page 1 undefined on input line 99.


LaTeX Warning: Citation `soft-argmax' on page 1 undefined on input line 100.


LaTeX Warning: Citation `CTC' on page 1 undefined on input line 105.


Underfull \vbox (badness 2478) has occurred while \output is active []

 [1{C:/Users/micha/AppData/Local/MiKTeX/fonts/map/pdftex/pdftex.map}{C:/Users/m
icha/AppData/Local/Programs/MiKTeX/fonts/enc/dvips/base/8r.enc}



]

LaTeX Warning: Citation `cooper2009learning' on page 2 undefined on input line 
121.


LaTeX Warning: Citation `buehler2009learning' on page 2 undefined on input line
 121.


LaTeX Warning: Citation `yin2016iterative' on page 2 undefined on input line 12
1.


LaTeX Warning: Citation `yukai3d' on page 2 undefined on input line 123.


LaTeX Warning: Citation `qiu2017learning-p3d' on page 2 undefined on input line
 123.


LaTeX Warning: Citation `staged' on page 2 undefined on input line 123.


LaTeX Warning: Citation `molchanov2016online' on page 2 undefined on input line
 123.


LaTeX Warning: Citation `dilated' on page 2 undefined on input line 123.


LaTeX Warning: Citation `zhou2019dynamic' on page 2 undefined on input line 123
.


LaTeX Warning: Citation `wei2019bigmm' on page 2 undefined on input line 123.


LaTeX Warning: Citation `deephand' on page 2 undefined on input line 126.


LaTeX Warning: Citation `resign' on page 2 undefined on input line 126.


LaTeX Warning: Citation `koller2018ijcv' on page 2 undefined on input line 126.



LaTeX Warning: Citation `subunet' on page 2 undefined on input line 127.


LaTeX Warning: Citation `MM' on page 2 undefined on input line 127.


LaTeX Warning: Citation `staged' on page 2 undefined on input line 127.


LaTeX Warning: Citation `cui-tmm19' on page 2 undefined on input line 127.


LaTeX Warning: Citation `CTC' on page 2 undefined on input line 127.


LaTeX Warning: Citation `han' on page 2 undefined on input line 128.


LaTeX Warning: Citation `hlstm' on page 2 undefined on input line 128.


LaTeX Warning: Citation `seq2seq' on page 2 undefined on input line 128.


LaTeX Warning: Citation `molchanov2016online' on page 2 undefined on input line
 131.


LaTeX Warning: Citation `liu2017continuous' on page 2 undefined on input line 1
31.


LaTeX Warning: Citation `cui-tmm19' on page 2 undefined on input line 132.


LaTeX Warning: Citation `buehler2009learning' on page 2 undefined on input line
 134.


LaTeX Warning: Citation `pfister2013large' on page 2 undefined on input line 13
4.


LaTeX Warning: Citation `phoenixdataset2014' on page 2 undefined on input line 
134.


LaTeX Warning: Citation `subunet' on page 2 undefined on input line 135.


LaTeX Warning: Citation `han' on page 2 undefined on input line 135.


LaTeX Warning: Citation `tpami19' on page 2 undefined on input line 136.



pdfTeX warning: pdflatex (file ./1648.STMC.pdf): PDF inclusion: found PDF versi
on <1.6>, but at most version <1.5> allowed
<1648.STMC.pdf, id=64, 696.41882pt x 93.29454pt>
File: 1648.STMC.pdf Graphic file (type pdf)
<use 1648.STMC.pdf>
Package pdftex.def Info: 1648.STMC.pdf  used on input line 141.
(pdftex.def)             Requested size: 505.89pt x 67.77132pt.

LaTeX Warning: Citation `hochreiter1997long' on page 2 undefined on input line 
151.



pdfTeX warning: pdflatex (file ./1648.SMC.pdf): PDF inclusion: found PDF versio
n <1.6>, but at most version <1.5> allowed
<1648.SMC.pdf, id=66, 378.76004pt x 199.72818pt>
File: 1648.SMC.pdf Graphic file (type pdf)
<use 1648.SMC.pdf>
Package pdftex.def Info: 1648.SMC.pdf  used on input line 156.
(pdftex.def)             Requested size: 237.7689pt x 125.38141pt.

LaTeX Warning: Citation `vgg' on page 2 undefined on input line 162.


LaTeX Warning: Citation `deconv' on page 2 undefined on input line 165.


Underfull \hbox (badness 6792) in paragraph at lines 165--166
 []\OT1/ptm/b/n/10 Pose Es-ti-ma-tion.[] \OT1/ptm/m/n/10 De-con-vo-lu-tional ne
t-works ( \OT1/ptm/b/n/10 ?\OT1/ptm/m/n/10 ) are
 []

[2] [3 <./1648.STMC.pdf> <./1648.SMC.pdf>]

pdfTeX warning: pdflatex (file ./1648.TMC.pdf): PDF inclusion: found PDF versio
n <1.6>, but at most version <1.5> allowed
<1648.TMC.pdf, id=218, 330.14241pt x 242.10449pt>
File: 1648.TMC.pdf Graphic file (type pdf)
<use 1648.TMC.pdf>
Package pdftex.def Info: 1648.TMC.pdf  used on input line 207.
(pdftex.def)             Requested size: 237.7689pt x 174.36311pt.

LaTeX Warning: Citation `LSTM' on page 4 undefined on input line 238.


LaTeX Warning: Citation `CTC' on page 4 undefined on input line 248.

[4 <./1648.TMC.pdf>]

LaTeX Warning: Citation `girshick2015fast' on page 5 undefined on input line 27
4.


LaTeX Warning: Citation `deepspeech' on page 5 undefined on input line 287.


LaTeX Warning: Citation `phoenixdataset2014' on page 5 undefined on input line 
292.


LaTeX Warning: Citation `han' on page 5 undefined on input line 292.


LaTeX Warning: Citation `hlstm' on page 5 undefined on input line 292.


LaTeX Warning: Citation `phoenix2014t' on page 5 undefined on input line 292.


LaTeX Warning: Citation `sun2019deep' on page 5 undefined on input line 303.


LaTeX Warning: Citation `phoenixdataset2014' on page 5 undefined on input line 
306.



pdfTeX warning: pdflatex (file ./1648.alpha.pdf): PDF inclusion: found PDF vers
ion <1.6>, but at most version <1.5> allowed
<1648.alpha.pdf, id=320, 378.64662pt x 137.90422pt>
File: 1648.alpha.pdf Graphic file (type pdf)
<use 1648.alpha.pdf>
Package pdftex.def Info: 1648.alpha.pdf  used on input line 313.
(pdftex.def)             Requested size: 237.7689pt x 86.59602pt.


pdfTeX warning: pdflatex (file ./1648.demo.pdf): PDF inclusion: found PDF versi
on <1.6>, but at most version <1.5> allowed
<1648.demo.pdf, id=322, 683.55173pt x 117.49997pt>
File: 1648.demo.pdf Graphic file (type pdf)
<use 1648.demo.pdf>
Package pdftex.def Info: 1648.demo.pdf  used on input line 319.
(pdftex.def)             Requested size: 505.89pt x 86.96294pt.

LaTeX Warning: Citation `resign' on page 5 undefined on input line 329.


LaTeX Warning: Citation `ian' on page 5 undefined on input line 329.


LaTeX Warning: Citation `cui-tmm19' on page 5 undefined on input line 329.


LaTeX Warning: Citation `cui-tmm19' on page 5 undefined on input line 329.

[5 <./1648.alpha.pdf>]

LaTeX Warning: Citation `phoenixdataset2014' on page 6 undefined on input line 
400.


LaTeX Warning: Citation `deephand' on page 6 undefined on input line 401.


LaTeX Warning: Citation `deepsign' on page 6 undefined on input line 402.


LaTeX Warning: Citation `subunet' on page 6 undefined on input line 403.


LaTeX Warning: Citation `staged' on page 6 undefined on input line 404.


LaTeX Warning: Citation `resign' on page 6 undefined on input line 405.


LaTeX Warning: Citation `han' on page 6 undefined on input line 406.


LaTeX Warning: Citation `dilated' on page 6 undefined on input line 407.


LaTeX Warning: Citation `koller2018ijcv' on page 6 undefined on input line 408.



LaTeX Warning: Citation `ian' on page 6 undefined on input line 409.


LaTeX Warning: Citation `densetcn' on page 6 undefined on input line 410.


LaTeX Warning: Citation `tpami19' on page 6 undefined on input line 411.


LaTeX Warning: Citation `cui-tmm19' on page 6 undefined on input line 412.


LaTeX Warning: Citation `cui-tmm19' on page 6 undefined on input line 413.


LaTeX Warning: Citation `s2vt-v' on page 6 undefined on input line 428.


LaTeX Warning: Citation `han' on page 6 undefined on input line 429.


LaTeX Warning: Citation `hlstm' on page 6 undefined on input line 430.


LaTeX Warning: Citation `MM' on page 6 undefined on input line 431.


LaTeX Warning: Citation `ctm' on page 6 undefined on input line 432.


LaTeX Warning: Citation `densetcn' on page 6 undefined on input line 433.


LaTeX Warning: Citation `ian' on page 6 undefined on input line 434.


LaTeX Warning: Citation `tpami19' on page 6 undefined on input line 447.


LaTeX Warning: Citation `tpami19' on page 6 undefined on input line 448.


LaTeX Warning: Citation `tpami19' on page 6 undefined on input line 449.


LaTeX Warning: Citation `han' on page 6 undefined on input line 458.


LaTeX Warning: Citation `hlstm' on page 6 undefined on input line 458.

[6 <./1648.demo.pdf>]

LaTeX Warning: Citation `phoenix2014t' on page 7 undefined on input line 460.

No file AAAI-ZhouH.1648_changed.bbl.

Underfull \hbox (badness 1888) in paragraph at lines 472--475
\OT1/ptm/m/n/9 sim-ilique ape-riam autem per-spi-ci-atis tem-po-ribus ni-hil ip
-sum
 []

[7] [8

] (AAAI-ZhouH.1648_changed.aux)
 ***********
LaTeX2e <2023-06-01> patch level 1
L3 programming layer <2023-08-29>
 ***********
Package rerunfilecheck Info: File `AAAI-ZhouH.1648_changed.out' has not changed
.
(rerunfilecheck)             Checksum: 77FF7B0CF2F6103FEA53727BB65B5B73;2078.
 ) 
Here is how much of TeX's memory you used:
 9735 strings out of 475247
 154110 string characters out of 5757792
 1955801 words of memory out of 5000000
 31027 multiletter control sequences out of 15000+600000
 585663 words of font info for 94 fonts, out of 8000000 for 9000
 1141 hyphenation exceptions out of 8191
 75i,19n,79p,1362b,486s stack positions out of 10000i,1000n,20000p,200000b,200000s
<C:/Users/micha/AppData/Local/Programs/MiKTeX/fonts/type1/public/amsfonts/cm/
cmbx10.pfb><C:/Users/micha/AppData/Local/Programs/MiKTeX/fonts/type1/public/ams
fonts/cm/cmbx7.pfb><C:/Users/micha/AppData/Local/Programs/MiKTeX/fonts/type1/pu
blic/amsfonts/cm/cmex10.pfb><C:/Users/micha/AppData/Local/Programs/MiKTeX/fonts
/type1/public/amsfonts/cm/cmmi10.pfb><C:/Users/micha/AppData/Local/Programs/MiK
TeX/fonts/type1/public/amsfonts/cm/cmmi5.pfb><C:/Users/micha/AppData/Local/Prog
rams/MiKTeX/fonts/type1/public/amsfonts/cm/cmmi7.pfb><C:/Users/micha/AppData/Lo
cal/Programs/MiKTeX/fonts/type1/public/amsfonts/cm/cmmib10.pfb><C:/Users/micha/
AppData/Local/Programs/MiKTeX/fonts/type1/public/amsfonts/cmextra/cmmib7.pfb><C
:/Users/micha/AppData/Local/Programs/MiKTeX/fonts/type1/public/amsfonts/cm/cmr1
0.pfb><C:/Users/micha/AppData/Local/Programs/MiKTeX/fonts/type1/public/amsfonts
/cm/cmr5.pfb><C:/Users/micha/AppData/Local/Programs/MiKTeX/fonts/type1/public/a
msfonts/cm/cmr7.pfb><C:/Users/micha/AppData/Local/Programs/MiKTeX/fonts/type1/p
ublic/amsfonts/cm/cmsy10.pfb><C:/Users/micha/AppData/Local/Programs/MiKTeX/font
s/type1/public/amsfonts/cm/cmsy5.pfb><C:/Users/micha/AppData/Local/Programs/MiK
TeX/fonts/type1/public/amsfonts/cm/cmsy7.pfb><C:/Users/micha/AppData/Local/Prog
rams/MiKTeX/fonts/type1/public/amsfonts/symbols/msam10.pfb><C:/Users/micha/AppD
ata/Local/Programs/MiKTeX/fonts/type1/public/amsfonts/symbols/msbm10.pfb><C:/Us
ers/micha/AppData/Local/Programs/MiKTeX/fonts/type1/urw/times/utmb8a.pfb><C:/Us
ers/micha/AppData/Local/Programs/MiKTeX/fonts/type1/urw/times/utmr8a.pfb><C:/Us
ers/micha/AppData/Local/Programs/MiKTeX/fonts/type1/urw/times/utmri8a.pfb>
Output written on AAAI-ZhouH.1648_changed.pdf (8 pages, 954071 bytes).
PDF statistics:
 516 PDF objects out of 1000 (max. 8388607)
 69 named destinations out of 1000 (max. 500000)
 130 words of extra memory for PDF output out of 10000 (max. 10000000)

