This is pdfTeX, Version 3.141592653-2.6-1.40.25 (MiKTeX 23.5) (preloaded format=pdflatex 2024.1.12)  2 APR 2024 12:43
entering extended mode
 restricted \write18 enabled.
 %&-line parsing enabled.
**./after_operator3.tex
(after_operator3.tex
LaTeX2e <2023-06-01> patch level 1
L3 programming layer <2023-08-29>
(C:\Users\orfuc\AppData\Local\Programs\MiKTeX\tex/latex/base\article.cls
Document Class: article 2023/05/17 v1.4n Standard LaTeX document class
(C:\Users\orfuc\AppData\Local\Programs\MiKTeX\tex/latex/base\size10.clo
File: size10.clo 2023/05/17 v1.4n Standard LaTeX file (size option)
)
\c@part=\count185
\c@section=\count186
\c@subsection=\count187
\c@subsubsection=\count188
\c@paragraph=\count189
\c@subparagraph=\count190
\c@figure=\count191
\c@table=\count192
\abovecaptionskip=\skip48
\belowcaptionskip=\skip49
\bibindent=\dimen140
)
(aaai24.sty
Package: aaai24 2023/06/26 AAAI 2024 Submission format

Conference Style for AAAI for LaTeX 2e -- version for submission
\titlebox=\skip50
) (C:\Users\orfuc\AppData\Local\Programs\MiKTeX\tex/latex/psnfss\times.sty
Package: times 2020/03/25 PSNFSS-v9.3 (SPQR) 
)
(C:\Users\orfuc\AppData\Local\Programs\MiKTeX\tex/latex/psnfss\helvet.sty
Package: helvet 2020/03/25 PSNFSS-v9.3 (WaS) 

(C:\Users\orfuc\AppData\Local\Programs\MiKTeX\tex/latex/graphics\keyval.sty
Package: keyval 2022/05/29 v1.15 key=value parser (DPC)
\KV@toks@=\toks17
))
(C:\Users\orfuc\AppData\Local\Programs\MiKTeX\tex/latex/psnfss\courier.sty
Package: courier 2020/03/25 PSNFSS-v9.3 (WaS) 
)
(C:\Users\orfuc\AppData\Local\Programs\MiKTeX\tex/latex/url\url.sty
\Urlmuskip=\muskip16
Package: url 2013/09/16  ver 3.4  Verb mode for urls, etc.
)
(C:\Users\orfuc\AppData\Local\Programs\MiKTeX\tex/latex/graphics\graphicx.sty
Package: graphicx 2021/09/16 v1.2d Enhanced LaTeX Graphics (DPC,SPQR)

(C:\Users\orfuc\AppData\Local\Programs\MiKTeX\tex/latex/graphics\graphics.sty
Package: graphics 2022/03/10 v1.4e Standard LaTeX Graphics (DPC,SPQR)

(C:\Users\orfuc\AppData\Local\Programs\MiKTeX\tex/latex/graphics\trig.sty
Package: trig 2021/08/11 v1.11 sin cos tan (DPC)
)
(C:\Users\orfuc\AppData\Local\Programs\MiKTeX\tex/latex/graphics-cfg\graphics.c
fg
File: graphics.cfg 2016/06/04 v1.11 sample graphics configuration
)
Package graphics Info: Driver file: pdftex.def on input line 107.

(C:\Users\orfuc\AppData\Local\Programs\MiKTeX\tex/latex/graphics-def\pdftex.def
File: pdftex.def 2022/09/22 v1.2b Graphics/color driver for pdftex
))
\Gin@req@height=\dimen141
\Gin@req@width=\dimen142
) (C:\Users\orfuc\AppData\Local\Programs\MiKTeX\tex/latex/natbib\natbib.sty
Package: natbib 2010/09/13 8.31b (PWD, AO)
\bibhang=\skip51
\bibsep=\skip52
LaTeX Info: Redefining \cite on input line 694.
\c@NAT@ctr=\count193
)
(C:\Users\orfuc\AppData\Local\Programs\MiKTeX\tex/latex/caption\caption.sty
Package: caption 2023/07/31 v3.6n Customizing captions (AR)

(C:\Users\orfuc\AppData\Local\Programs\MiKTeX\tex/latex/caption\caption3.sty
Package: caption3 2023/07/31 v2.4d caption3 kernel (AR)
\caption@tempdima=\dimen143
\captionmargin=\dimen144
\caption@leftmargin=\dimen145
\caption@rightmargin=\dimen146
\caption@width=\dimen147
\caption@indent=\dimen148
\caption@parindent=\dimen149
\caption@hangindent=\dimen150
Package caption Info: Standard document class detected.
)
\c@caption@flags=\count194
\c@continuedfloat=\count195
)
(C:\Users\orfuc\AppData\Local\Programs\MiKTeX\tex/latex/algorithms\algorithm.st
y
Package: algorithm 2009/08/24 v0.1 Document Style `algorithm' - floating enviro
nment
 (C:\Users\orfuc\AppData\Local\Programs\MiKTeX\tex/latex/float\float.sty
Package: float 2001/11/08 v1.3d Float enhancements (AL)
\c@float@type=\count196
\float@exts=\toks18
\float@box=\box51
\@float@everytoks=\toks19
\@floatcapt=\box52
)
(C:\Users\orfuc\AppData\Local\Programs\MiKTeX\tex/latex/base\ifthen.sty
Package: ifthen 2022/04/13 v1.1d Standard LaTeX ifthen package (DPC)
)
\@float@every@algorithm=\toks20
\c@algorithm=\count197
)
(C:\Users\orfuc\AppData\Local\Programs\MiKTeX\tex/latex/algorithms\algorithmic.
sty
Package: algorithmic 2009/08/24 v0.1 Document Style `algorithmic'
\c@ALC@unique=\count198
\c@ALC@line=\count199
\c@ALC@rem=\count266
\c@ALC@depth=\count267
\ALC@tlm=\skip53
\algorithmicindent=\skip54
)
(C:\Users\orfuc\AppData\Local\Programs\MiKTeX\tex/latex/newfloat\newfloat.sty
Package: newfloat 2019/09/02 v1.1l Defining new floating environments (AR)
)
(C:\Users\orfuc\AppData\Local\Programs\MiKTeX\tex/latex/listings\listings.sty
\lst@mode=\count268
\lst@gtempboxa=\box53
\lst@token=\toks21
\lst@length=\count269
\lst@currlwidth=\dimen151
\lst@column=\count270
\lst@pos=\count271
\lst@lostspace=\dimen152
\lst@width=\dimen153
\lst@newlines=\count272
\lst@lineno=\count273
\lst@maxwidth=\dimen154

(C:\Users\orfuc\AppData\Local\Programs\MiKTeX\tex/latex/listings\lstmisc.sty
File: lstmisc.sty 2023/02/27 1.9 (Carsten Heinz)
\c@lstnumber=\count274
\lst@skipnumbers=\count275
\lst@framebox=\box54
)
(C:\Users\orfuc\AppData\Local\Programs\MiKTeX\tex/latex/listings\listings.cfg
File: listings.cfg 2023/02/27 1.9 listings configuration
))
Package: listings 2023/02/27 1.9 (Carsten Heinz)
\@float@every@listing=\toks22
\c@listing=\count276

(C:\Users\orfuc\AppData\Local\Programs\MiKTeX\tex/latex/subfigure\subfigure.sty
Package: subfigure 2002/07/30 v2.1.4 subfigure package
\subfigtopskip=\skip55
\subfigcapskip=\skip56
\subfigcaptopadj=\dimen155
\subfigbottomskip=\skip57
\subfigcapmargin=\dimen156
\subfiglabelskip=\skip58
\c@subfigure=\count277
\c@lofdepth=\count278
\c@subtable=\count279
\c@lotdepth=\count280
****************************************
* Local config file subfigure.cfg used *
****************************************

(C:\Users\orfuc\AppData\Local\Programs\MiKTeX\tex/latex/subfigure\subfigure.cfg
)
\subfig@top=\skip59
\subfig@bottom=\skip60
)
(C:\Users\orfuc\AppData\Local\Programs\MiKTeX\tex/latex/booktabs\booktabs.sty
Package: booktabs 2020/01/12 v1.61803398 Publication quality tables
\heavyrulewidth=\dimen157
\lightrulewidth=\dimen158
\cmidrulewidth=\dimen159
\belowrulesep=\dimen160
\belowbottomsep=\dimen161
\aboverulesep=\dimen162
\abovetopsep=\dimen163
\cmidrulesep=\dimen164
\cmidrulekern=\dimen165
\defaultaddspace=\dimen166
\@cmidla=\count281
\@cmidlb=\count282
\@aboverulesep=\dimen167
\@belowrulesep=\dimen168
\@thisruleclass=\count283
\@lastruleclass=\count284
\@thisrulewidth=\dimen169
)
(C:\Users\orfuc\AppData\Local\Programs\MiKTeX\tex/latex/multirow\multirow.sty
Package: multirow 2021/03/15 v2.8 Span multiple rows of a table
\multirow@colwidth=\skip61
\multirow@cntb=\count285
\multirow@dima=\skip62
\bigstrutjot=\dimen170
)
(C:\Users\orfuc\AppData\Local\Programs\MiKTeX\tex/latex/amsmath\amsmath.sty
Package: amsmath 2023/05/13 v2.17o AMS math features
\@mathmargin=\skip63

For additional information on amsmath, use the `?' option.
(C:\Users\orfuc\AppData\Local\Programs\MiKTeX\tex/latex/amsmath\amstext.sty
Package: amstext 2021/08/26 v2.01 AMS text

(C:\Users\orfuc\AppData\Local\Programs\MiKTeX\tex/latex/amsmath\amsgen.sty
File: amsgen.sty 1999/11/30 v2.0 generic functions
\@emptytoks=\toks23
\ex@=\dimen171
))
(C:\Users\orfuc\AppData\Local\Programs\MiKTeX\tex/latex/amsmath\amsbsy.sty
Package: amsbsy 1999/11/29 v1.2d Bold Symbols
\pmbraise@=\dimen172
)
(C:\Users\orfuc\AppData\Local\Programs\MiKTeX\tex/latex/amsmath\amsopn.sty
Package: amsopn 2022/04/08 v2.04 operator names
)
\inf@bad=\count286
LaTeX Info: Redefining \frac on input line 234.
\uproot@=\count287
\leftroot@=\count288
LaTeX Info: Redefining \overline on input line 399.
LaTeX Info: Redefining \colon on input line 410.
\classnum@=\count289
\DOTSCASE@=\count290
LaTeX Info: Redefining \ldots on input line 496.
LaTeX Info: Redefining \dots on input line 499.
LaTeX Info: Redefining \cdots on input line 620.
\Mathstrutbox@=\box55
\strutbox@=\box56
LaTeX Info: Redefining \big on input line 722.
LaTeX Info: Redefining \Big on input line 723.
LaTeX Info: Redefining \bigg on input line 724.
LaTeX Info: Redefining \Bigg on input line 725.
\big@size=\dimen173
LaTeX Font Info:    Redeclaring font encoding OML on input line 743.
LaTeX Font Info:    Redeclaring font encoding OMS on input line 744.
\macc@depth=\count291
LaTeX Info: Redefining \bmod on input line 905.
LaTeX Info: Redefining \pmod on input line 910.
LaTeX Info: Redefining \smash on input line 940.
LaTeX Info: Redefining \relbar on input line 970.
LaTeX Info: Redefining \Relbar on input line 971.
\c@MaxMatrixCols=\count292
\dotsspace@=\muskip17
\c@parentequation=\count293
\dspbrk@lvl=\count294
\tag@help=\toks24
\row@=\count295
\column@=\count296
\maxfields@=\count297
\andhelp@=\toks25
\eqnshift@=\dimen174
\alignsep@=\dimen175
\tagshift@=\dimen176
\tagwidth@=\dimen177
\totwidth@=\dimen178
\lineht@=\dimen179
\@envbody=\toks26
\multlinegap=\skip64
\multlinetaggap=\skip65
\mathdisplay@stack=\toks27
LaTeX Info: Redefining \[ on input line 2953.
LaTeX Info: Redefining \] on input line 2954.
)
(C:\Users\orfuc\AppData\Local\Programs\MiKTeX\tex/latex/amsfonts\amsfonts.sty
Package: amsfonts 2013/01/14 v3.01 Basic AMSFonts support
\symAMSa=\mathgroup4
\symAMSb=\mathgroup5
LaTeX Font Info:    Redeclaring math symbol \hbar on input line 98.
LaTeX Font Info:    Overwriting math alphabet `\mathfrak' in version `bold'
(Font)                  U/euf/m/n --> U/euf/b/n on input line 106.
)
(C:\Users\orfuc\AppData\Local\Programs\MiKTeX\tex/latex/natbib\bibentry.sty
Package: bibentry 2007/10/30 1.5 (PWD)
)
LaTeX Font Info:    Trying to load font information for OT1+ptm on input line 8
9.

(C:\Users\orfuc\AppData\Local\Programs\MiKTeX\tex/latex/psnfss\ot1ptm.fd
File: ot1ptm.fd 2001/06/04 font definitions for OT1/ptm.
)
(C:\Users\orfuc\AppData\Local\Programs\MiKTeX\tex/latex/l3backend\l3backend-pdf
tex.def
File: l3backend-pdftex.def 2023-04-19 L3 backend support: PDF output (pdfTeX)
\l__color_backend_stack_int=\count298
\l__pdf_internal_box=\box57
)
No file after_operator3.aux.
\openout1 = `after_operator3.aux'.

LaTeX Font Info:    Checking defaults for OML/cmm/m/it on input line 89.
LaTeX Font Info:    ... okay on input line 89.
LaTeX Font Info:    Checking defaults for OMS/cmsy/m/n on input line 89.
LaTeX Font Info:    ... okay on input line 89.
LaTeX Font Info:    Checking defaults for OT1/cmr/m/n on input line 89.
LaTeX Font Info:    ... okay on input line 89.
LaTeX Font Info:    Checking defaults for T1/cmr/m/n on input line 89.
LaTeX Font Info:    ... okay on input line 89.
LaTeX Font Info:    Checking defaults for TS1/cmr/m/n on input line 89.
LaTeX Font Info:    ... okay on input line 89.
LaTeX Font Info:    Checking defaults for OMX/cmex/m/n on input line 89.
LaTeX Font Info:    ... okay on input line 89.
LaTeX Font Info:    Checking defaults for U/cmr/m/n on input line 89.
LaTeX Font Info:    ... okay on input line 89.

(C:\Users\orfuc\AppData\Local\Programs\MiKTeX\tex/context/base/mkii\supp-pdf.mk
ii
[Loading MPS to PDF converter (version 2006.09.02).]
\scratchcounter=\count299
\scratchdimen=\dimen180
\scratchbox=\box58
\nofMPsegments=\count300
\nofMParguments=\count301
\everyMPshowfont=\toks28
\MPscratchCnt=\count302
\MPscratchDim=\dimen181
\MPnumerator=\count303
\makeMPintoPDFobject=\count304
\everyMPtoPDFconversion=\toks29
)
(C:\Users\orfuc\AppData\Local\Programs\MiKTeX\tex/latex/epstopdf-pkg\epstopdf-b
ase.sty
Package: epstopdf-base 2020-01-24 v2.11 Base part for package epstopdf
Package epstopdf-base Info: Redefining graphics rule for `.eps' on input line 4
85.

(C:\Users\orfuc\AppData\Local\Programs\MiKTeX\tex/latex/00miktex\epstopdf-sys.c
fg
File: epstopdf-sys.cfg 2021/03/18 v2.0 Configuration of epstopdf for MiKTeX
))
Package caption Info: Begin \AtBeginDocument code.
Package caption Info: float package is loaded.
Package caption Info: listings package is loaded.
Package caption Info: subfigure package is loaded.
Package caption Info: End \AtBeginDocument code.
Package newfloat Info: `float' package detected.
\c@lstlisting=\count305
\c@eqfn=\count306
\titlearea=\box59
LaTeX Font Info:    Trying to load font information for OMS+ptm on input line 9
1.
 (C:\Users\orfuc\AppData\Local\Programs\MiKTeX\tex/latex/psnfss\omsptm.fd
File: omsptm.fd 
)
LaTeX Font Info:    Font shape `OMS/ptm/m/n' in size <10> not available
(Font)              Font shape `OMS/cmsy/m/n' tried instead on input line 91.
\actualheight=\skip66
LaTeX Font Info:    Trying to load font information for U+msa on input line 91.


(C:\Users\orfuc\AppData\Local\Programs\MiKTeX\tex/latex/amsfonts\umsa.fd
File: umsa.fd 2013/01/14 v3.01 AMS symbols A
)
LaTeX Font Info:    Trying to load font information for U+msb on input line 91.


(C:\Users\orfuc\AppData\Local\Programs\MiKTeX\tex/latex/amsfonts\umsb.fd
File: umsb.fd 2013/01/14 v3.01 AMS symbols B
)
LaTeX Font Info:    Trying to load font information for TS1+ptm on input line 9
1.

(C:\Users\orfuc\AppData\Local\Programs\MiKTeX\tex/latex/psnfss\ts1ptm.fd
File: ts1ptm.fd 2001/06/04 font definitions for TS1/ptm.
)

Package natbib Warning: Citation `smith1987when' on page 1 undefined on input l
ine 99.


Package natbib Warning: Citation `midgley2006new' on page 1 undefined on input 
line 99.


Package natbib Warning: Citation `kumar2019lipper' on page 1 undefined on input
 line 101.


Package natbib Warning: Citation `mira2022svts' on page 1 undefined on input li
ne 101.


Package natbib Warning: Citation `kim2023lip' on page 1 undefined on input line
 101.


Package natbib Warning: Citation `son2017lip' on page 1 undefined on input line
 106.


Package natbib Warning: Citation `kim2022distinguishing' on page 1 undefined on
 input line 106.


Package natbib Warning: Citation `elias2021parallel' on page 1 undefined on inp
ut line 107.


Package natbib Warning: Citation `kim2022fluenttts' on page 1 undefined on inpu
t line 107.


Package natbib Warning: Citation `le2015reconstructing' on page 1 undefined on 
input line 110.


Package natbib Warning: Citation `le2017generating' on page 1 undefined on inpu
t line 110.


Package natbib Warning: Citation `ephrat2017vid2speech' on page 1 undefined on 
input line 111.


Package natbib Warning: Citation `kumar2019lipper' on page 1 undefined on input
 line 111.


Package natbib Warning: Citation `prajwal2020learning' on page 1 undefined on i
nput line 112.


Package natbib Warning: Citation `kim2021lip' on page 1 undefined on input line
 112.


Package natbib Warning: Citation `yadav2021speech' on page 1 undefined on input
 line 112.


Package natbib Warning: Citation `he2022flow' on page 1 undefined on input line
 112.


Package natbib Warning: Citation `mira2022svts' on page 1 undefined on input li
ne 112.


Package natbib Warning: Citation `kim2023lip' on page 1 undefined on input line
 112.


Underfull \hbox (badness 1226) in paragraph at lines 109--114
[]\OT1/ptm/m/n/10 Numerous at-tempts have been made to im-prove the
 []


Package natbib Warning: Citation `baevski2020wav2vec' on page 1 undefined on in
put line 117.


Package natbib Warning: Citation `hsu2021hubert' on page 1 undefined on input l
ine 117.


Package natbib Warning: Citation `yang21c_interspeech' on page 1 undefined on i
nput line 118.


Package natbib Warning: Citation `chang2022distilhubert' on page 1 undefined on
 input line 118.


Package natbib Warning: Citation `skerry2018towards' on page 1 undefined on inp
ut line 122.


Package natbib Warning: Citation `sun2020fully' on page 1 undefined on input li
ne 122.


Package natbib Warning: Citation `ren2021portaspeech' on page 1 undefined on in
put line 123.


Package natbib Warning: Citation `ren2022revisiting' on page 1 undefined on inp
ut line 123.

[1{C:/Users/orfuc/AppData/Local/MiKTeX/fonts/map/pdftex/pdftex.map}{C:/Users/or
fuc/AppData/Local/Programs/MiKTeX/fonts/enc/dvips/base/8r.enc}



]
Underfull \hbox (badness 1490) in paragraph at lines 126--126
[][]\OT1/ptm/m/it/9 Vocoded \OT1/ptm/m/n/9 speech refers to speech re-con-struc
ted from the
 []


Package natbib Warning: Citation `le2015reconstructing' on page 2 undefined on 
input line 137.


Package natbib Warning: Citation `le2017generating' on page 2 undefined on inpu
t line 137.


Package natbib Warning: Citation `ephrat2017vid2speech' on page 2 undefined on 
input line 137.


Package natbib Warning: Citation `kumar2019lipper' on page 2 undefined on input
 line 137.


Package natbib Warning: Citation `prajwal2020learning' on page 2 undefined on i
nput line 137.


Package natbib Warning: Citation `shen2018natural' on page 2 undefined on input
 line 137.


Package natbib Warning: Citation `kim2021lip' on page 2 undefined on input line
 137.


Package natbib Warning: Citation `yadav2021speech' on page 2 undefined on input
 line 137.


Underfull \hbox (badness 4242) in paragraph at lines 137--138
\OT1/ptm/m/n/10 and Lip-per (\OT1/ptm/b/n/10 ?\OT1/ptm/m/n/10 ) adopt con-vo-lu
-tions to es-ti-mate low-
 []


Package natbib Warning: Citation `he2022flow' on page 2 undefined on input line
 139.


Package natbib Warning: Citation `vaswani2017attention' on page 2 undefined on 
input line 139.


Package natbib Warning: Citation `mira2022svts' on page 2 undefined on input li
ne 139.


Package natbib Warning: Citation `gulati2020conformer' on page 2 undefined on i
nput line 139.


Package natbib Warning: Citation `kim2023lip' on page 2 undefined on input line
 140.


Package natbib Warning: Citation `prenger2019waveglow' on page 2 undefined on i
nput line 144.


Package natbib Warning: Citation `yamamoto2020parallel' on page 2 undefined on 
input line 144.


Package natbib Warning: Citation `kong2020hifi' on page 2 undefined on input li
ne 144.


Package natbib Warning: Citation `kim21f_interspeech' on page 2 undefined on in
put line 144.


Package natbib Warning: Citation `hunt1996unit' on page 2 undefined on input li
ne 144.


Package natbib Warning: Citation `black2007statistical' on page 2 undefined on 
input line 144.


Package natbib Warning: Citation `shen2018natural' on page 2 undefined on input
 line 144.


Package natbib Warning: Citation `ren2020fastspeech2' on page 2 undefined on in
put line 144.


Package natbib Warning: Citation `lancucki2021fastpitch' on page 2 undefined on
 input line 144.


Package natbib Warning: Citation `lee2021multi' on page 2 undefined on input li
ne 144.


Package natbib Warning: Citation `popov2021grad' on page 2 undefined on input l
ine 144.


Underfull \hbox (badness 1152) in paragraph at lines 144--146
\OT1/ptm/m/n/10 which are then con-verted into au-di-ble wave-form by a
 []


Package natbib Warning: Citation `devlin2018bert' on page 2 undefined on input 
line 148.


Package natbib Warning: Citation `bachman2019learning' on page 2 undefined on i
nput line 148.


Package natbib Warning: Citation `lin2021completer' on page 2 undefined on inpu
t line 148.


Package natbib Warning: Citation `baevski2020wav2vec' on page 2 undefined on in
put line 148.


Package natbib Warning: Citation `hsu2021hubert' on page 2 undefined on input l
ine 148.


Package natbib Warning: Citation `baevski2021unsupervised' on page 2 undefined 
on input line 148.


Package natbib Warning: Citation `lee2021voicemixer' on page 2 undefined on inp
ut line 148.


Package natbib Warning: Citation `choi2021neural' on page 2 undefined on input 
line 148.


Package natbib Warning: Citation `polyak2021speech' on page 2 undefined on inpu
t line 148.


Package natbib Warning: Citation `yang21c_interspeech' on page 2 undefined on i
nput line 148.


Package natbib Warning: Citation `chang2022distilhubert' on page 2 undefined on
 input line 148.


LaTeX Warning: File `figures/overall.pdf' not found on input line 154.


! Package pdftex.def Error: File `figures/overall.pdf' not found: using draft s
etting.

See the pdftex.def package documentation for explanation.
Type  H <return>  for immediate help.
 ...                                              
                                                  
l.154 \label{fig:overall}}
                          
Try typing  <return>  to proceed.
If that doesn't work, type  X <return>  to quit.

LaTeX Font Info:    Trying to load font information for OT1+pcr on input line 1
54.
(C:\Users\orfuc\AppData\Local\Programs\MiKTeX\tex/latex/psnfss\ot1pcr.fd
File: ot1pcr.fd 2001/06/04 font definitions for OT1/pcr.
)

LaTeX Warning: File `figures/enc.pdf' not found on input line 157.


! Package pdftex.def Error: File `figures/enc.pdf' not found: using draft setti
ng.

See the pdftex.def package documentation for explanation.
Type  H <return>  for immediate help.
 ...                                              
                                                  
l.157 \label{fig:enc}}
                      
Try typing  <return>  to proceed.
If that doesn't work, type  X <return>  to quit.


LaTeX Warning: File `figures/dec.pdf' not found on input line 160.


! Package pdftex.def Error: File `figures/dec.pdf' not found: using draft setti
ng.

See the pdftex.def package documentation for explanation.
Type  H <return>  for immediate help.
 ...                                              
                                                  
l.160 \label{fig:dec}}
                      
Try typing  <return>  to proceed.
If that doesn't work, type  X <return>  to quit.


LaTeX Warning: File `figures/post.pdf' not found on input line 163.


! Package pdftex.def Error: File `figures/post.pdf' not found: using draft sett
ing.

See the pdftex.def package documentation for explanation.
Type  H <return>  for immediate help.
 ...                                              
                                                  
l.163 \label{fig:post}}
                       
Try typing  <return>  to proceed.
If that doesn't work, type  X <return>  to quit.


LaTeX Warning: Reference `fig:overall' on page 2 undefined on input line 169.


Package natbib Warning: Citation `kim21f_interspeech' on page 2 undefined on in
put line 169.


LaTeX Warning: Reference `fig:enc' on page 2 undefined on input line 173.


Package natbib Warning: Citation `ji20123d' on page 2 undefined on input line 1
73.


Package natbib Warning: Citation `he2016deep' on page 2 undefined on input line
 173.


Package natbib Warning: Citation `gulati2020conformer' on page 2 undefined on i
nput line 173.


Package natbib Warning: Citation `petridis2018end' on page 2 undefined on input
 line 174.


Package natbib Warning: Citation `ma2022visual' on page 2 undefined on input li
ne 174.


Package natbib Warning: Citation `guo2022cmt' on page 2 undefined on input line
 176.


LaTeX Warning: Reference `fig:dec' on page 2 undefined on input line 182.

[2]

Package natbib Warning: Citation `ephrat2017vid2speech' on page 3 undefined on 
input line 190.


Package natbib Warning: Citation `kim2023lip' on page 3 undefined on input line
 191.


Package natbib Warning: Citation `hsu2021hubert' on page 3 undefined on input l
ine 195.


Package natbib Warning: Citation `polyak2021speech' on page 3 undefined on inpu
t line 196.


Package natbib Warning: Citation `lakhotia2021generative' on page 3 undefined o
n input line 196.


Package natbib Warning: Citation `kreuk2021textless' on page 3 undefined on inp
ut line 196.


Underfull \vbox (badness 1565) has occurred while \output is active []



Package natbib Warning: Citation `yasuda2019investigation' on page 3 undefined 
on input line 207.


Package natbib Warning: Citation `lancucki2021fastpitch' on page 3 undefined on
 input line 207.


Package natbib Warning: Citation `lancucki2021fastpitch' on page 3 undefined on
 input line 208.


Package natbib Warning: Citation `lancucki2021fastpitch' on page 3 undefined on
 input line 210.


Package natbib Warning: Citation `mauch2014pyin' on page 3 undefined on input l
ine 210.


Package natbib Warning: Citation `bulut2007analysis' on page 3 undefined on inp
ut line 219.


Package natbib Warning: Citation `choi2021neural' on page 3 undefined on input 
line 219.


Package natbib Warning: Citation `ren2020fastspeech2' on page 3 undefined on in
put line 220.


Underfull \hbox (badness 2277) in paragraph at lines 219--221
 \OT1/ptm/b/n/10 En-ergy Pre-dic-tor \OT1/ptm/m/n/10 En-ergy rep-re-sents the i
n-ten-sity of
 []

[3]

Package natbib Warning: Citation `ren2022revisiting' on page 4 undefined on inp
ut line 235.


Package natbib Warning: Citation `liu2022diffsinger' on page 4 undefined on inp
ut line 241.


Package natbib Warning: Citation `ren2021portaspeech' on page 4 undefined on in
put line 242.


Underfull \hbox (badness 1184) in paragraph at lines 241--243
\OT1/ptm/m/n/10 Natural hu-man speech comes with dy-namic vari-a-tions.
 []


LaTeX Warning: Reference `fig:post' on page 4 undefined on input line 244.


Package natbib Warning: Citation `ren2022revisiting' on page 4 undefined on inp
ut line 251.


Package natbib Warning: Citation `kim21f_interspeech' on page 4 undefined on in
put line 260.


Package natbib Warning: Citation `daubechies1988orthonormal' on page 4 undefine
d on input line 260.


Package natbib Warning: Citation `griffin1984signal' on page 4 undefined on inp
ut line 260.


Package natbib Warning: Citation `kim2021lip' on page 4 undefined on input line
 260.


Package natbib Warning: Citation `he2022flow' on page 4 undefined on input line
 260.


Package natbib Warning: Citation `kim2023lip' on page 4 undefined on input line
 260.


Underfull \hbox (badness 1117) in paragraph at lines 260--262
\OT1/ptm/m/n/10 neu-ral vocoder. Based on ad-ver-sar-ial net-works, it pro-
 []


Underfull \hbox (badness 1102) in paragraph at lines 260--262
\OT1/ptm/m/n/10 shows ex-cep-tional per-for-mance in re-con-struct-ing wave-
 []


Package natbib Warning: Citation `cooke2006audio' on page 4 undefined on input 
line 266.


Package natbib Warning: Citation `prajwal2020learning' on page 4 undefined on i
nput line 271.


Package natbib Warning: Citation `he2022flow' on page 4 undefined on input line
 271.


Package natbib Warning: Citation `kim2023lip' on page 4 undefined on input line
 296.


Package natbib Warning: Citation `kim2023lip' on page 4 undefined on input line
 296.


LaTeX Warning: File `figures/gt.pdf' not found on input line 304.


! Package pdftex.def Error: File `figures/gt.pdf' not found: using draft settin
g.

See the pdftex.def package documentation for explanation.
Type  H <return>  for immediate help.
 ...                                              
                                                  
l.304 \label{fig:dif-frev1}}
                            
Try typing  <return>  to proceed.
If that doesn't work, type  X <return>  to quit.


LaTeX Warning: File `figures/vocoded.pdf' not found on input line 307.


! Package pdftex.def Error: File `figures/vocoded.pdf' not found: using draft s
etting.

See the pdftex.def package documentation for explanation.
Type  H <return>  for immediate help.
 ...                                              
                                                  
l.307 \label{fig:dif-hiv1}}
                           
Try typing  <return>  to proceed.
If that doesn't work, type  X <return>  to quit.


LaTeX Warning: File `figures/vcagan.pdf' not found on input line 310.


! Package pdftex.def Error: File `figures/vcagan.pdf' not found: using draft se
tting.

See the pdftex.def package documentation for explanation.
Type  H <return>  for immediate help.
 ...                                              
                                                  
l.310 \label{fig:dif-wavenet}}
                              
Try typing  <return>  to proceed.
If that doesn't work, type  X <return>  to quit.


LaTeX Warning: File `figures/svts.pdf' not found on input line 314.


! Package pdftex.def Error: File `figures/svts.pdf' not found: using draft sett
ing.

See the pdftex.def package documentation for explanation.
Type  H <return>  for immediate help.
 ...                                              
                                                  
l.314 \label{fig:dif-frev2}}
                            
Try typing  <return>  to proceed.
If that doesn't work, type  X <return>  to quit.


LaTeX Warning: File `figures/multitask.pdf' not found on input line 317.


! Package pdftex.def Error: File `figures/multitask.pdf' not found: using draft
 setting.

See the pdftex.def package documentation for explanation.
Type  H <return>  for immediate help.
 ...                                              
                                                  
l.317 \label{fig:dif-hiv2}}
                           
Try typing  <return>  to proceed.
If that doesn't work, type  X <return>  to quit.


LaTeX Warning: File `figures/proposed.pdf' not found on input line 320.


! Package pdftex.def Error: File `figures/proposed.pdf' not found: using draft 
setting.

See the pdftex.def package documentation for explanation.
Type  H <return>  for immediate help.
 ...                                              
                                                  
l.320 \label{fig:dif-waveglow}}
                               
Try typing  <return>  to proceed.
If that doesn't work, type  X <return>  to quit.


Package natbib Warning: Citation `mira2022svts' on page 4 undefined on input li
ne 328.


Package natbib Warning: Citation `kim2023lip' on page 4 undefined on input line
 328.


Package natbib Warning: Citation `lancucki2021fastpitch' on page 4 undefined on
 input line 328.


Underfull \hbox (badness 1092) in paragraph at lines 326--329
\OT1/ptm/m/n/10 We con-struct the iden-ti-cal model ar-chi-tec-ture for each
 []

[4]

Package natbib Warning: Citation `loshchilov2017decoupled' on page 5 undefined 
on input line 332.


Package natbib Warning: Citation `radford2023robust' on page 5 undefined on inp
ut line 343.


Underfull \hbox (badness 1210) in paragraph at lines 338--344
\OT1/ptm/m/n/10 The per-for-mance of the pro-posed method is eval-u-ated
 []


Package natbib Warning: Citation `kim2021lip' on page 5 undefined on input line
 345.


Package natbib Warning: Citation `mira2022svts' on page 5 undefined on input li
ne 345.


Package natbib Warning: Citation `kim2023lip' on page 5 undefined on input line
 345.


Underfull \hbox (badness 10000) in paragraph at lines 346--346
[][]$\OT1/ptm/m/n/9 https : / / github . com / ms -[] dot -[] k / Visual -[] Co
ntext -[] Attentional -[]
 []


Underfull \hbox (badness 10000) in paragraph at lines 346--346
[][]$\OT1/ptm/m/n/9 https : / / github . com / ms -[] dot -[] k / Lip -[] to -[
] Speech -[] Synthesis -[] in -[] the -[]
 []


Package natbib Warning: Citation `kim21f_interspeech' on page 5 undefined on in
put line 347.

[5]

LaTeX Warning: Reference `table:compare' on page 6 undefined on input line 353.



Package natbib Warning: Citation `kim2023lip' on page 6 undefined on input line
 358.


LaTeX Warning: Reference `fig:mel-dif' on page 6 undefined on input line 361.


LaTeX Warning: Reference `table:compare' on page 6 undefined on input line 370.



LaTeX Warning: Reference `table:pitch' on page 6 undefined on input line 381.


LaTeX Warning: Reference `table:mae' on page 6 undefined on input line 387.


Package natbib Warning: Citation `baevski2020wav2vec' on page 6 undefined on in
put line 429.


Package natbib Warning: Citation `hsu2021hubert' on page 6 undefined on input l
ine 429.


Package natbib Warning: Citation `yang21c_interspeech' on page 6 undefined on i
nput line 429.


Package natbib Warning: Citation `chang2022distilhubert' on page 6 undefined on
 input line 429.


Package natbib Warning: Citation `fan2020exploring' on page 6 undefined on inpu
t line 430.


Package natbib Warning: Citation `choi2021neural' on page 6 undefined on input 
line 430.


Package natbib Warning: Citation `lakhotia2021generative' on page 6 undefined o
n input line 430.


Package natbib Warning: Citation `lee2022hierspeech' on page 6 undefined on inp
ut line 430.


Package natbib Warning: Citation `lakhotia2021generative' on page 6 undefined o
n input line 431.

[6]

LaTeX Warning: Reference `table:SSL' on page 7 undefined on input line 435.


Package natbib Warning: Citation `zhang2022mixed' on page 7 undefined on input 
line 436.


LaTeX Warning: Reference `table:ablation' on page 7 undefined on input line 444
.


Underfull \vbox (badness 7203) has occurred while \output is active []


No file after_operator3.bbl.

Package natbib Warning: There were undefined citations.

[7] (after_operator3.aux)
 ***********
LaTeX2e <2023-06-01> patch level 1
L3 programming layer <2023-08-29>
 ***********


LaTeX Warning: There were undefined references.


LaTeX Warning: Label(s) may have changed. Rerun to get cross-references right.

 ) 
Here is how much of TeX's memory you used:
 6679 strings out of 475247
 111768 string characters out of 5757792
 1944801 words of memory out of 5000000
 28097 multiletter control sequences out of 15000+600000
 592243 words of font info for 112 fonts, out of 8000000 for 9000
 1141 hyphenation exceptions out of 8191
 57i,17n,65p,1227b,396s stack positions out of 10000i,1000n,20000p,200000b,200000s
<C:/Users/orfuc/AppData/Local/Programs/MiKTeX/fonts/type1/public/amsfonts/cm/
cmbx10.pfb><C:/Users/orfuc/AppData/Local/Programs/MiKTeX/fonts/type1/public/ams
fonts/cm/cmex10.pfb><C:/Users/orfuc/AppData/Local/Programs/MiKTeX/fonts/type1/p
ublic/amsfonts/cm/cmmi10.pfb><C:/Users/orfuc/AppData/Local/Programs/MiKTeX/font
s/type1/public/amsfonts/cm/cmmi5.pfb><C:/Users/orfuc/AppData/Local/Programs/MiK
TeX/fonts/type1/public/amsfonts/cm/cmmi7.pfb><C:/Users/orfuc/AppData/Local/Prog
rams/MiKTeX/fonts/type1/public/amsfonts/cm/cmmib10.pfb><C:/Users/orfuc/AppData/
Local/Programs/MiKTeX/fonts/type1/public/amsfonts/cm/cmr10.pfb><C:/Users/orfuc/
AppData/Local/Programs/MiKTeX/fonts/type1/public/amsfonts/cm/cmr7.pfb><C:/Users
/orfuc/AppData/Local/Programs/MiKTeX/fonts/type1/public/amsfonts/cm/cmsy10.pfb>
<C:/Users/orfuc/AppData/Local/Programs/MiKTeX/fonts/type1/public/amsfonts/cm/cm
sy7.pfb><C:/Users/orfuc/AppData/Local/Programs/MiKTeX/fonts/type1/public/amsfon
ts/symbols/msbm10.pfb><C:/Users/orfuc/AppData/Local/Programs/MiKTeX/fonts/type1
/urw/courier/ucrr8a.pfb><C:/Users/orfuc/AppData/Local/Programs/MiKTeX/fonts/typ
e1/urw/times/utmb8a.pfb><C:/Users/orfuc/AppData/Local/Programs/MiKTeX/fonts/typ
e1/urw/times/utmr8a.pfb><C:/Users/orfuc/AppData/Local/Programs/MiKTeX/fonts/typ
e1/urw/times/utmri8a.pfb>
Output written on after_operator3.pdf (7 pages, 210857 bytes).
PDF statistics:
 102 PDF objects out of 1000 (max. 8388607)
 0 named destinations out of 1000 (max. 500000)
 1 words of extra memory for PDF output out of 10000 (max. 10000000)

