This is pdfTeX, Version 3.141592653-2.6-1.40.25 (MiKTeX 23.9) (preloaded format=pdflatex 2023.9.22)  30 MAR 2024 16:45
entering extended mode
 restricted \write18 enabled.
 %&-line parsing enabled.
**./main_changed.tex
(main_changed.tex
LaTeX2e <2023-06-01> patch level 1
L3 programming layer <2023-08-29>
(C:\Users\micha\AppData\Local\Programs\MiKTeX\tex/latex/base\article.cls
Document Class: article 2023/05/17 v1.4n Standard LaTeX document class
(C:\Users\micha\AppData\Local\Programs\MiKTeX\tex/latex/base\size10.clo
File: size10.clo 2023/05/17 v1.4n Standard LaTeX file (size option)
)
\c@part=\count185
\c@section=\count186
\c@subsection=\count187
\c@subsubsection=\count188
\c@paragraph=\count189
\c@subparagraph=\count190
\c@figure=\count191
\c@table=\count192
\abovecaptionskip=\skip48
\belowcaptionskip=\skip49
\bibindent=\dimen140
)
(aaai23.sty
Package: aaai23 2023/06/27 AAAI 2023 Submission format

Conference Style for AAAI for LaTeX 2e -- version for submission
\titlebox=\skip50
) (C:\Users\micha\AppData\Local\Programs\MiKTeX\tex/latex/psnfss\times.sty
Package: times 2020/03/25 PSNFSS-v9.3 (SPQR) 
)
(C:\Users\micha\AppData\Local\Programs\MiKTeX\tex/latex/psnfss\helvet.sty
Package: helvet 2020/03/25 PSNFSS-v9.3 (WaS) 

(C:\Users\micha\AppData\Local\Programs\MiKTeX\tex/latex/graphics\keyval.sty
Package: keyval 2022/05/29 v1.15 key=value parser (DPC)
\KV@toks@=\toks17
))
(C:\Users\micha\AppData\Local\Programs\MiKTeX\tex/latex/psnfss\courier.sty
Package: courier 2020/03/25 PSNFSS-v9.3 (WaS) 
)
(C:\Users\micha\AppData\Local\Programs\MiKTeX\tex/latex/url\url.sty
\Urlmuskip=\muskip16
Package: url 2013/09/16  ver 3.4  Verb mode for urls, etc.
)
(C:\Users\micha\AppData\Local\Programs\MiKTeX\tex/latex/graphics\graphicx.sty
Package: graphicx 2021/09/16 v1.2d Enhanced LaTeX Graphics (DPC,SPQR)

(C:\Users\micha\AppData\Local\Programs\MiKTeX\tex/latex/graphics\graphics.sty
Package: graphics 2022/03/10 v1.4e Standard LaTeX Graphics (DPC,SPQR)

(C:\Users\micha\AppData\Local\Programs\MiKTeX\tex/latex/graphics\trig.sty
Package: trig 2021/08/11 v1.11 sin cos tan (DPC)
)
(C:\Users\micha\AppData\Local\Programs\MiKTeX\tex/latex/graphics-cfg\graphics.c
fg
File: graphics.cfg 2016/06/04 v1.11 sample graphics configuration
)
Package graphics Info: Driver file: pdftex.def on input line 107.

(C:\Users\micha\AppData\Local\Programs\MiKTeX\tex/latex/graphics-def\pdftex.def
File: pdftex.def 2022/09/22 v1.2b Graphics/color driver for pdftex
))
\Gin@req@height=\dimen141
\Gin@req@width=\dimen142
) (C:\Users\micha\AppData\Local\Programs\MiKTeX\tex/latex/natbib\natbib.sty
Package: natbib 2010/09/13 8.31b (PWD, AO)
\bibhang=\skip51
\bibsep=\skip52
LaTeX Info: Redefining \cite on input line 694.
\c@NAT@ctr=\count193
)
(C:\Users\micha\AppData\Local\Programs\MiKTeX\tex/latex/caption\caption.sty
Package: caption 2023/07/31 v3.6n Customizing captions (AR)

(C:\Users\micha\AppData\Local\Programs\MiKTeX\tex/latex/caption\caption3.sty
Package: caption3 2023/07/31 v2.4d caption3 kernel (AR)
\caption@tempdima=\dimen143
\captionmargin=\dimen144
\caption@leftmargin=\dimen145
\caption@rightmargin=\dimen146
\caption@width=\dimen147
\caption@indent=\dimen148
\caption@parindent=\dimen149
\caption@hangindent=\dimen150
Package caption Info: Standard document class detected.
)
\c@caption@flags=\count194
\c@continuedfloat=\count195
)
(C:\Users\micha\AppData\Local\Programs\MiKTeX\tex/latex/algorithms\algorithm.st
y
Package: algorithm 2009/08/24 v0.1 Document Style `algorithm' - floating enviro
nment
 (C:\Users\micha\AppData\Local\Programs\MiKTeX\tex/latex/float\float.sty
Package: float 2001/11/08 v1.3d Float enhancements (AL)
\c@float@type=\count196
\float@exts=\toks18
\float@box=\box51
\@float@everytoks=\toks19
\@floatcapt=\box52
)
(C:\Users\micha\AppData\Local\Programs\MiKTeX\tex/latex/base\ifthen.sty
Package: ifthen 2022/04/13 v1.1d Standard LaTeX ifthen package (DPC)
)
\@float@every@algorithm=\toks20
\c@algorithm=\count197
)
(C:\Users\micha\AppData\Local\Programs\MiKTeX\tex/latex/algorithms\algorithmic.
sty
Package: algorithmic 2009/08/24 v0.1 Document Style `algorithmic'
\c@ALC@unique=\count198
\c@ALC@line=\count199
\c@ALC@rem=\count266
\c@ALC@depth=\count267
\ALC@tlm=\skip53
\algorithmicindent=\skip54
)
(C:\Users\micha\AppData\Local\Programs\MiKTeX\tex/latex/amsmath\amsmath.sty
Package: amsmath 2023/05/13 v2.17o AMS math features
\@mathmargin=\skip55

For additional information on amsmath, use the `?' option.
(C:\Users\micha\AppData\Local\Programs\MiKTeX\tex/latex/amsmath\amstext.sty
Package: amstext 2021/08/26 v2.01 AMS text

(C:\Users\micha\AppData\Local\Programs\MiKTeX\tex/latex/amsmath\amsgen.sty
File: amsgen.sty 1999/11/30 v2.0 generic functions
\@emptytoks=\toks21
\ex@=\dimen151
))
(C:\Users\micha\AppData\Local\Programs\MiKTeX\tex/latex/amsmath\amsbsy.sty
Package: amsbsy 1999/11/29 v1.2d Bold Symbols
\pmbraise@=\dimen152
)
(C:\Users\micha\AppData\Local\Programs\MiKTeX\tex/latex/amsmath\amsopn.sty
Package: amsopn 2022/04/08 v2.04 operator names
)
\inf@bad=\count268
LaTeX Info: Redefining \frac on input line 234.
\uproot@=\count269
\leftroot@=\count270
LaTeX Info: Redefining \overline on input line 399.
LaTeX Info: Redefining \colon on input line 410.
\classnum@=\count271
\DOTSCASE@=\count272
LaTeX Info: Redefining \ldots on input line 496.
LaTeX Info: Redefining \dots on input line 499.
LaTeX Info: Redefining \cdots on input line 620.
\Mathstrutbox@=\box53
\strutbox@=\box54
LaTeX Info: Redefining \big on input line 722.
LaTeX Info: Redefining \Big on input line 723.
LaTeX Info: Redefining \bigg on input line 724.
LaTeX Info: Redefining \Bigg on input line 725.
\big@size=\dimen153
LaTeX Font Info:    Redeclaring font encoding OML on input line 743.
LaTeX Font Info:    Redeclaring font encoding OMS on input line 744.
\macc@depth=\count273
LaTeX Info: Redefining \bmod on input line 905.
LaTeX Info: Redefining \pmod on input line 910.
LaTeX Info: Redefining \smash on input line 940.
LaTeX Info: Redefining \relbar on input line 970.
LaTeX Info: Redefining \Relbar on input line 971.
\c@MaxMatrixCols=\count274
\dotsspace@=\muskip17
\c@parentequation=\count275
\dspbrk@lvl=\count276
\tag@help=\toks22
\row@=\count277
\column@=\count278
\maxfields@=\count279
\andhelp@=\toks23
\eqnshift@=\dimen154
\alignsep@=\dimen155
\tagshift@=\dimen156
\tagwidth@=\dimen157
\totwidth@=\dimen158
\lineht@=\dimen159
\@envbody=\toks24
\multlinegap=\skip56
\multlinetaggap=\skip57
\mathdisplay@stack=\toks25
LaTeX Info: Redefining \[ on input line 2953.
LaTeX Info: Redefining \] on input line 2954.
)
(C:\Users\micha\AppData\Local\Programs\MiKTeX\tex/latex/tools\bm.sty
Package: bm 2022/01/05 v1.2f Bold Symbol Support (DPC/FMi)
\symboldoperators=\mathgroup4
\symboldletters=\mathgroup5
\symboldsymbols=\mathgroup6
Package bm Info: No bold for \OMX/cmex/m/n, using \pmb.
LaTeX Font Info:    Redeclaring math alphabet \mathbf on input line 149.
)
(C:\Users\micha\AppData\Local\Programs\MiKTeX\tex/latex/caption\subcaption.sty
Package: subcaption 2023/07/28 v1.6b Sub-captions (AR)
Package caption Info: New subtype `subfigure' on input line 238.
\c@subfigure=\count280
Package caption Info: New subtype `subtable' on input line 238.
\c@subtable=\count281
) (C:\Users\micha\AppData\Local\Programs\MiKTeX\tex/latex/booktabs\booktabs.sty
Package: booktabs 2020/01/12 v1.61803398 Publication quality tables
\heavyrulewidth=\dimen160
\lightrulewidth=\dimen161
\cmidrulewidth=\dimen162
\belowrulesep=\dimen163
\belowbottomsep=\dimen164
\aboverulesep=\dimen165
\abovetopsep=\dimen166
\cmidrulesep=\dimen167
\cmidrulekern=\dimen168
\defaultaddspace=\dimen169
\@cmidla=\count282
\@cmidlb=\count283
\@aboverulesep=\dimen170
\@belowrulesep=\dimen171
\@thisruleclass=\count284
\@lastruleclass=\count285
\@thisrulewidth=\dimen172
) (C:\Users\micha\AppData\Local\Programs\MiKTeX\tex/latex/newfloat\newfloat.sty
Package: newfloat 2023/10/01 v1.2 Defining new floating environments (AR)
) (C:\Users\micha\AppData\Local\Programs\MiKTeX\tex/latex/listings\listings.sty
\lst@mode=\count286
\lst@gtempboxa=\box55
\lst@token=\toks26
\lst@length=\count287
\lst@currlwidth=\dimen173
\lst@column=\count288
\lst@pos=\count289
\lst@lostspace=\dimen174
\lst@width=\dimen175
\lst@newlines=\count290
\lst@lineno=\count291
\lst@maxwidth=\dimen176

(C:\Users\micha\AppData\Local\Programs\MiKTeX\tex/latex/listings\lstmisc.sty
File: lstmisc.sty 2023/02/27 1.9 (Carsten Heinz)
\c@lstnumber=\count292
\lst@skipnumbers=\count293
\lst@framebox=\box56
)
(C:\Users\micha\AppData\Local\Programs\MiKTeX\tex/latex/listings\listings.cfg
File: listings.cfg 2023/02/27 1.9 listings configuration
))
Package: listings 2023/02/27 1.9 (Carsten Heinz)
\@float@every@listing=\toks27
\c@listing=\count294
LaTeX Font Info:    Trying to load font information for OT1+ptm on input line 1
41.
(C:\Users\micha\AppData\Local\Programs\MiKTeX\tex/latex/psnfss\ot1ptm.fd
File: ot1ptm.fd 2001/06/04 font definitions for OT1/ptm.
)
(C:\Users\micha\AppData\Local\Programs\MiKTeX\tex/latex/l3backend\l3backend-pdf
tex.def
File: l3backend-pdftex.def 2023-04-19 L3 backend support: PDF output (pdfTeX)
\l__color_backend_stack_int=\count295
\l__pdf_internal_box=\box57
) (main_changed.aux)
\openout1 = `main_changed.aux'.

LaTeX Font Info:    Checking defaults for OML/cmm/m/it on input line 141.
LaTeX Font Info:    ... okay on input line 141.
LaTeX Font Info:    Checking defaults for OMS/cmsy/m/n on input line 141.
LaTeX Font Info:    ... okay on input line 141.
LaTeX Font Info:    Checking defaults for OT1/cmr/m/n on input line 141.
LaTeX Font Info:    ... okay on input line 141.
LaTeX Font Info:    Checking defaults for T1/cmr/m/n on input line 141.
LaTeX Font Info:    ... okay on input line 141.
LaTeX Font Info:    Checking defaults for TS1/cmr/m/n on input line 141.
LaTeX Font Info:    ... okay on input line 141.
LaTeX Font Info:    Checking defaults for OMX/cmex/m/n on input line 141.
LaTeX Font Info:    ... okay on input line 141.
LaTeX Font Info:    Checking defaults for U/cmr/m/n on input line 141.
LaTeX Font Info:    ... okay on input line 141.

(C:\Users\micha\AppData\Local\Programs\MiKTeX\tex/context/base/mkii\supp-pdf.mk
ii
[Loading MPS to PDF converter (version 2006.09.02).]
\scratchcounter=\count296
\scratchdimen=\dimen177
\scratchbox=\box58
\nofMPsegments=\count297
\nofMParguments=\count298
\everyMPshowfont=\toks28
\MPscratchCnt=\count299
\MPscratchDim=\dimen178
\MPnumerator=\count300
\makeMPintoPDFobject=\count301
\everyMPtoPDFconversion=\toks29
)
(C:\Users\micha\AppData\Local\Programs\MiKTeX\tex/latex/epstopdf-pkg\epstopdf-b
ase.sty
Package: epstopdf-base 2020-01-24 v2.11 Base part for package epstopdf
Package epstopdf-base Info: Redefining graphics rule for `.eps' on input line 4
85.

(C:\Users\micha\AppData\Local\Programs\MiKTeX\tex/latex/00miktex\epstopdf-sys.c
fg
File: epstopdf-sys.cfg 2021/03/18 v2.0 Configuration of epstopdf for MiKTeX
))
Package caption Info: Begin \AtBeginDocument code.
Package caption Info: float package is loaded.
Package caption Info: listings package is loaded.
Package caption Info: End \AtBeginDocument code.
Package newfloat Info: `float' package detected.
\c@lstlisting=\count302
\c@eqfn=\count303
\titlearea=\box59
LaTeX Font Info:    Trying to load font information for OMS+ptm on input line 1
43.
 (C:\Users\micha\AppData\Local\Programs\MiKTeX\tex/latex/psnfss\omsptm.fd
File: omsptm.fd 
)
LaTeX Font Info:    Font shape `OMS/ptm/m/n' in size <10> not available
(Font)              Font shape `OMS/cmsy/m/n' tried instead on input line 143.
\actualheight=\skip58
LaTeX Font Info:    Trying to load font information for TS1+ptm on input line 1
43.

(C:\Users\micha\AppData\Local\Programs\MiKTeX\tex/latex/psnfss\ts1ptm.fd
File: ts1ptm.fd 2001/06/04 font definitions for TS1/ptm.
)

Package natbib Warning: Citation `kim_prognostics_2017' on page 1 undefined on 
input line 151.


Package natbib Warning: Citation `randall_vibration_2021' on page 1 undefined o
n input line 151.


Package natbib Warning: Citation `randall_rolling_2011' on page 1 undefined on 
input line 151.


Package natbib Warning: Citation `guo_recurrent_2017' on page 1 undefined on in
put line 151.


Package natbib Warning: Citation `zheng_data-driven_2018' on page 1 undefined o
n input line 151.


Package natbib Warning: Citation `al_masry_remaining_2019' on page 1 undefined 
on input line 151.


Package natbib Warning: Citation `wang_hybrid_2020' on page 1 undefined on inpu
t line 151.


Package natbib Warning: Citation `wang_remaining_2022' on page 1 undefined on i
nput line 151.


Package natbib Warning: Citation `xu_rul_2022' on page 1 undefined on input lin
e 151.


Package natbib Warning: Citation `widodo_machine_2011' on page 1 undefined on i
nput line 151.


Package natbib Warning: Citation `widodo_application_2011' on page 1 undefined 
on input line 151.


Package natbib Warning: Citation `hochstein_survival_2013' on page 1 undefined 
on input line 151.


Package natbib Warning: Citation `wang_remaining_2022' on page 1 undefined on i
nput line 151.


Package natbib Warning: Citation `stepanova_censoring_2002' on page 1 undefined
 on input line 151.


Package natbib Warning: Citation `gareth_introduction_2021' on page 1 undefined
 on input line 151.


Package natbib Warning: Citation `wang_remaining_2022' on page 1 undefined on i
nput line 151.


Package natbib Warning: Citation `kaplan_nonparametric_1958' on page 1 undefine
d on input line 151.


Package natbib Warning: Citation `widodo_application_2011' on page 1 undefined 
on input line 151.


Package natbib Warning: Citation `xu_rul_2022' on page 1 undefined on input lin
e 155.


Package natbib Warning: Citation `xu_rul_2022' on page 1 undefined on input lin
e 155.



pdfTeX warning: pdflatex (file ./figures/Pipeline_short.drawio.pdf): PDF inclus
ion: found PDF version <1.7>, but at most version <1.5> allowed
<figures/Pipeline_short.drawio.pdf, id=1, 335.33278pt x 191.7564pt>
File: figures/Pipeline_short.drawio.pdf Graphic file (type pdf)
<use figures/Pipeline_short.drawio.pdf>
Package pdftex.def Info: figures/Pipeline_short.drawio.pdf  used on input line 
163.
(pdftex.def)             Requested size: 227.64894pt x 130.179pt.

Package natbib Warning: Citation `nagpal_deep_2021' on page 1 undefined on inpu
t line 164.


Package natbib Warning: Citation `nagpal_deep_2021' on page 1 undefined on inpu
t line 164.

[1{C:/Users/micha/AppData/Local/MiKTeX/fonts/map/pdftex/pdftex.map}{C:/Users/mi
cha/AppData/Local/Programs/MiKTeX/fonts/enc/dvips/base/8r.enc}



]

Package natbib Warning: Citation `wang_predictive_2017' on page 2 undefined on 
input line 188.


Package natbib Warning: Citation `randall_vibration_2021' on page 2 undefined o
n input line 188.


Package natbib Warning: Citation `gareth_introduction_2021' on page 2 undefined
 on input line 227.


Package natbib Warning: Citation `cox_regression_1972' on page 2 undefined on i
nput line 227.


Package natbib Warning: Citation `wang_hybrid_2020' on page 2 undefined on inpu
t line 233.


Package natbib Warning: Citation `nectoux_pronostia_2012' on page 2 undefined o
n input line 233.

[2 <./figures/Pipeline_short.drawio.pdf>]

pdfTeX warning: pdflatex (file ./figures/Flowchart_bearing.drawio.pdf): PDF inc
lusion: found PDF version <1.7>, but at most version <1.5> allowed
<figures/Flowchart_bearing.drawio.pdf, id=41, 282.0939pt x 426.63388pt>
File: figures/Flowchart_bearing.drawio.pdf Graphic file (type pdf)
<use figures/Flowchart_bearing.drawio.pdf>
Package pdftex.def Info: figures/Flowchart_bearing.drawio.pdf  used on input li
ne 281.
(pdftex.def)             Requested size: 215.45348pt x 325.85956pt.
<figures/logic.png, id=42, 1924.791pt x 975.645pt>
File: figures/logic.png Graphic file (type png)
<use figures/logic.png>
Package pdftex.def Info: figures/logic.png  used on input line 288.
(pdftex.def)             Requested size: 455.2979pt x 230.7802pt.

Package natbib Warning: Citation `zelterman_bootstrap_1996' on page 3 undefined
 on input line 295.


Underfull \vbox (badness 10000) has occurred while \output is active []

 [3 <./figures/Flowchart_bearing.drawio.pdf>]

Package natbib Warning: Citation `cox_regression_1972' on page 4 undefined on i
nput line 302.


Package natbib Warning: Citation `ishwaran_random_2008' on page 4 undefined on 
input line 304.


Package natbib Warning: Citation `hothorn_survival_2005' on page 4 undefined on
 input line 306.


Package natbib Warning: Citation `katzman_deepsurv_2018' on page 4 undefined on
 input line 308.


Package natbib Warning: Citation `nagpal_deep_2021' on page 4 undefined on inpu
t line 310.


Package natbib Warning: Citation `lee_statistical_2013' on page 4 undefined on 
input line 312.

[4 <./figures/logic.png>]
<figures/mean_survs_2.png, id=72, 414.64912pt x 315.27788pt>
File: figures/mean_survs_2.png Graphic file (type png)
<use figures/mean_survs_2.png>
Package pdftex.def Info: figures/mean_survs_2.png  used on input line 344.
(pdftex.def)             Requested size: 161.8885pt x 123.09258pt.
<figures/CoxPH_grouping_2.png, id=74, 414.64912pt x 315.27788pt>
File: figures/CoxPH_grouping_2.png Graphic file (type png)
<use figures/CoxPH_grouping_2.png>
Package pdftex.def Info: figures/CoxPH_grouping_2.png  used on input line 345.
(pdftex.def)             Requested size: 161.8885pt x 123.09258pt.
<figures/time_to_event_2.png, id=75, 421.87613pt x 315.27788pt>
File: figures/time_to_event_2.png Graphic file (type png)
<use figures/time_to_event_2.png>
Package pdftex.def Info: figures/time_to_event_2.png  used on input line 346.
(pdftex.def)             Requested size: 169.47653pt x 126.65253pt.


Package natbib Warning: Citation `harrell_multivariable_1996' on page 5 undefin
ed on input line 351.


Package natbib Warning: Citation `antolini_time-dependent_2005' on page 5 undef
ined on input line 351.


Package natbib Warning: Citation `graf_assessment_1999' on page 5 undefined on 
input line 351.


Package natbib Warning: Citation `xu_rul_2022' on page 5 undefined on input lin
e 353.


Package natbib Warning: Citation `katzman_deepsurv_2018' on page 5 undefined on
 input line 353.


Package natbib Warning: Citation `xu_rul_2022' on page 5 undefined on input lin
e 353.


Package natbib Warning: Citation `austin_generating_2012' on page 5 undefined o
n input line 357.

[5] [6 <./figures/mean_survs_2.png> <./figures/CoxPH_grouping_2.png> <./figures
/time_to_event_2.png>]
No file main_changed.bbl.

Package natbib Warning: There were undefined citations.

(main_changed.aux)
 ***********
LaTeX2e <2023-06-01> patch level 1
L3 programming layer <2023-08-29>
 ***********


LaTeX Warning: Label(s) may have changed. Rerun to get cross-references right.

 ) 
Here is how much of TeX's memory you used:
 6192 strings out of 475247
 101461 string characters out of 5757792
 1941801 words of memory out of 5000000
 27632 multiletter control sequences out of 15000+600000
 586723 words of font info for 100 fonts, out of 8000000 for 9000
 1141 hyphenation exceptions out of 8191
 57i,14n,65p,2090b,516s stack positions out of 10000i,1000n,20000p,200000b,200000s
<C:/Users/micha/AppData/Local/Programs/MiKTeX/fonts/type1/public/amsfonts/cm/
cmex10.pfb><C:/Users/micha/AppData/Local/Programs/MiKTeX/fonts/type1/public/ams
fonts/cm/cmmi10.pfb><C:/Users/micha/AppData/Local/Programs/MiKTeX/fonts/type1/p
ublic/amsfonts/cm/cmmi7.pfb><C:/Users/micha/AppData/Local/Programs/MiKTeX/fonts
/type1/public/amsfonts/cm/cmmi9.pfb><C:/Users/micha/AppData/Local/Programs/MiKT
eX/fonts/type1/public/amsfonts/cm/cmmib10.pfb><C:/Users/micha/AppData/Local/Pro
grams/MiKTeX/fonts/type1/public/amsfonts/cm/cmr10.pfb><C:/Users/micha/AppData/L
ocal/Programs/MiKTeX/fonts/type1/public/amsfonts/cm/cmr7.pfb><C:/Users/micha/Ap
pData/Local/Programs/MiKTeX/fonts/type1/public/amsfonts/cm/cmr9.pfb><C:/Users/m
icha/AppData/Local/Programs/MiKTeX/fonts/type1/public/amsfonts/cm/cmsy10.pfb><C
:/Users/micha/AppData/Local/Programs/MiKTeX/fonts/type1/public/amsfonts/cm/cmsy
7.pfb><C:/Users/micha/AppData/Local/Programs/MiKTeX/fonts/type1/urw/times/utmb8
a.pfb><C:/Users/micha/AppData/Local/Programs/MiKTeX/fonts/type1/urw/times/utmr8
a.pfb>
Output written on main_changed.pdf (6 pages, 765869 bytes).
PDF statistics:
 137 PDF objects out of 1000 (max. 8388607)
 0 named destinations out of 1000 (max. 500000)
 31 words of extra memory for PDF output out of 10000 (max. 10000000)

