This is pdfTeX, Version 3.141592653-2.6-1.40.25 (MiKTeX 23.9) (preloaded format=pdflatex 2023.9.22)  30 MAR 2024 16:38
entering extended mode
 restricted \write18 enabled.
 %&-line parsing enabled.
**./main_changed.tex
(main_changed.tex
LaTeX2e <2023-06-01> patch level 1
L3 programming layer <2023-08-29>
(C:\Users\micha\AppData\Local\Programs\MiKTeX\tex/latex/base\article.cls
Document Class: article 2023/05/17 v1.4n Standard LaTeX document class
(C:\Users\micha\AppData\Local\Programs\MiKTeX\tex/latex/base\size10.clo
File: size10.clo 2023/05/17 v1.4n Standard LaTeX file (size option)
)
\c@part=\count185
\c@section=\count186
\c@subsection=\count187
\c@subsubsection=\count188
\c@paragraph=\count189
\c@subparagraph=\count190
\c@figure=\count191
\c@table=\count192
\abovecaptionskip=\skip48
\belowcaptionskip=\skip49
\bibindent=\dimen140
)
(aaai24.sty
Package: aaai24 2023/06/26 AAAI 2024 Submission format

Conference Style for AAAI for LaTeX 2e -- version for submission
\titlebox=\skip50
) (C:\Users\micha\AppData\Local\Programs\MiKTeX\tex/latex/psnfss\times.sty
Package: times 2020/03/25 PSNFSS-v9.3 (SPQR) 
)
(C:\Users\micha\AppData\Local\Programs\MiKTeX\tex/latex/psnfss\helvet.sty
Package: helvet 2020/03/25 PSNFSS-v9.3 (WaS) 

(C:\Users\micha\AppData\Local\Programs\MiKTeX\tex/latex/graphics\keyval.sty
Package: keyval 2022/05/29 v1.15 key=value parser (DPC)
\KV@toks@=\toks17
))
(C:\Users\micha\AppData\Local\Programs\MiKTeX\tex/latex/psnfss\courier.sty
Package: courier 2020/03/25 PSNFSS-v9.3 (WaS) 
)
(C:\Users\micha\AppData\Local\Programs\MiKTeX\tex/latex/url\url.sty
\Urlmuskip=\muskip16
Package: url 2013/09/16  ver 3.4  Verb mode for urls, etc.
)
(C:\Users\micha\AppData\Local\Programs\MiKTeX\tex/latex/graphics\graphicx.sty
Package: graphicx 2021/09/16 v1.2d Enhanced LaTeX Graphics (DPC,SPQR)

(C:\Users\micha\AppData\Local\Programs\MiKTeX\tex/latex/graphics\graphics.sty
Package: graphics 2022/03/10 v1.4e Standard LaTeX Graphics (DPC,SPQR)

(C:\Users\micha\AppData\Local\Programs\MiKTeX\tex/latex/graphics\trig.sty
Package: trig 2021/08/11 v1.11 sin cos tan (DPC)
)
(C:\Users\micha\AppData\Local\Programs\MiKTeX\tex/latex/graphics-cfg\graphics.c
fg
File: graphics.cfg 2016/06/04 v1.11 sample graphics configuration
)
Package graphics Info: Driver file: pdftex.def on input line 107.

(C:\Users\micha\AppData\Local\Programs\MiKTeX\tex/latex/graphics-def\pdftex.def
File: pdftex.def 2022/09/22 v1.2b Graphics/color driver for pdftex
))
\Gin@req@height=\dimen141
\Gin@req@width=\dimen142
) (C:\Users\micha\AppData\Local\Programs\MiKTeX\tex/latex/natbib\natbib.sty
Package: natbib 2010/09/13 8.31b (PWD, AO)
\bibhang=\skip51
\bibsep=\skip52
LaTeX Info: Redefining \cite on input line 694.
\c@NAT@ctr=\count193
)
(C:\Users\micha\AppData\Local\Programs\MiKTeX\tex/latex/caption\caption.sty
Package: caption 2023/07/31 v3.6n Customizing captions (AR)

(C:\Users\micha\AppData\Local\Programs\MiKTeX\tex/latex/caption\caption3.sty
Package: caption3 2023/07/31 v2.4d caption3 kernel (AR)
\caption@tempdima=\dimen143
\captionmargin=\dimen144
\caption@leftmargin=\dimen145
\caption@rightmargin=\dimen146
\caption@width=\dimen147
\caption@indent=\dimen148
\caption@parindent=\dimen149
\caption@hangindent=\dimen150
Package caption Info: Standard document class detected.
)
\c@caption@flags=\count194
\c@continuedfloat=\count195
)
(C:\Users\micha\AppData\Local\Programs\MiKTeX\tex/latex/fancyhdr\fancyhdr.sty
Package: fancyhdr 2022/11/09 v4.1 Extensive control of page headers and footers

\f@nch@headwidth=\skip53
\f@nch@O@elh=\skip54
\f@nch@O@erh=\skip55
\f@nch@O@olh=\skip56
\f@nch@O@orh=\skip57
\f@nch@O@elf=\skip58
\f@nch@O@erf=\skip59
\f@nch@O@olf=\skip60
\f@nch@O@orf=\skip61
)
(C:\Users\micha\AppData\Local\Programs\MiKTeX\tex/latex/algorithms\algorithm.st
y
Package: algorithm 2009/08/24 v0.1 Document Style `algorithm' - floating enviro
nment
 (C:\Users\micha\AppData\Local\Programs\MiKTeX\tex/latex/float\float.sty
Package: float 2001/11/08 v1.3d Float enhancements (AL)
\c@float@type=\count196
\float@exts=\toks18
\float@box=\box51
\@float@everytoks=\toks19
\@floatcapt=\box52
)
(C:\Users\micha\AppData\Local\Programs\MiKTeX\tex/latex/base\ifthen.sty
Package: ifthen 2022/04/13 v1.1d Standard LaTeX ifthen package (DPC)
)
\@float@every@algorithm=\toks20
\c@algorithm=\count197
)
(C:\Users\micha\AppData\Local\Programs\MiKTeX\tex/latex/algorithms\algorithmic.
sty
Package: algorithmic 2009/08/24 v0.1 Document Style `algorithmic'
\c@ALC@unique=\count198
\c@ALC@line=\count199
\c@ALC@rem=\count266
\c@ALC@depth=\count267
\ALC@tlm=\skip62
\algorithmicindent=\skip63
)
(C:\Users\micha\AppData\Local\Programs\MiKTeX\tex/latex/newfloat\newfloat.sty
Package: newfloat 2023/10/01 v1.2 Defining new floating environments (AR)
)
(C:\Users\micha\AppData\Local\Programs\MiKTeX\tex/latex/listings\listings.sty
\lst@mode=\count268
\lst@gtempboxa=\box53
\lst@token=\toks21
\lst@length=\count269
\lst@currlwidth=\dimen151
\lst@column=\count270
\lst@pos=\count271
\lst@lostspace=\dimen152
\lst@width=\dimen153
\lst@newlines=\count272
\lst@lineno=\count273
\lst@maxwidth=\dimen154

(C:\Users\micha\AppData\Local\Programs\MiKTeX\tex/latex/listings\lstmisc.sty
File: lstmisc.sty 2023/02/27 1.9 (Carsten Heinz)
\c@lstnumber=\count274
\lst@skipnumbers=\count275
\lst@framebox=\box54
)
(C:\Users\micha\AppData\Local\Programs\MiKTeX\tex/latex/listings\listings.cfg
File: listings.cfg 2023/02/27 1.9 listings configuration
))
Package: listings 2023/02/27 1.9 (Carsten Heinz)
\@float@every@listing=\toks22
\c@listing=\count276
(C:\Users\micha\AppData\Local\Programs\MiKTeX\tex/latex/subfiles\subfiles.sty
Package: subfiles 2020/11/14 v2.2 Multi-file projects (package)

(C:\Users\micha\AppData\Local\Programs\MiKTeX\tex/latex/import\import.sty
Package: import 2020/04/01  v 6.2
))
(C:\Users\micha\AppData\Local\Programs\MiKTeX\tex/latex/xcolor\xcolor.sty
Package: xcolor 2022/06/12 v2.14 LaTeX color extensions (UK)

(C:\Users\micha\AppData\Local\Programs\MiKTeX\tex/latex/graphics-cfg\color.cfg
File: color.cfg 2016/01/02 v1.6 sample color configuration
)
Package xcolor Info: Driver file: pdftex.def on input line 227.
(C:\Users\micha\AppData\Local\Programs\MiKTeX\tex/latex/graphics\mathcolor.ltx)
Package xcolor Info: Model `cmy' substituted by `cmy0' on input line 1353.
Package xcolor Info: Model `hsb' substituted by `rgb' on input line 1357.
Package xcolor Info: Model `RGB' extended on input line 1369.
Package xcolor Info: Model `HTML' substituted by `rgb' on input line 1371.
Package xcolor Info: Model `Hsb' substituted by `hsb' on input line 1372.
Package xcolor Info: Model `tHsb' substituted by `hsb' on input line 1373.
Package xcolor Info: Model `HSB' substituted by `hsb' on input line 1374.
Package xcolor Info: Model `Gray' substituted by `gray' on input line 1375.
Package xcolor Info: Model `wave' substituted by `hsb' on input line 1376.
) (C:\Users\micha\AppData\Local\Programs\MiKTeX\tex/latex/natbib\bibentry.sty
Package: bibentry 2007/10/30 1.5 (PWD)
)
LaTeX Font Info:    Trying to load font information for OT1+ptm on input line 1
57.

(C:\Users\micha\AppData\Local\Programs\MiKTeX\tex/latex/psnfss\ot1ptm.fd
File: ot1ptm.fd 2001/06/04 font definitions for OT1/ptm.
)
(C:\Users\micha\AppData\Local\Programs\MiKTeX\tex/latex/l3backend\l3backend-pdf
tex.def
File: l3backend-pdftex.def 2023-04-19 L3 backend support: PDF output (pdfTeX)
\l__color_backend_stack_int=\count277
\l__pdf_internal_box=\box55
) (main_changed.aux)
\openout1 = `main_changed.aux'.

LaTeX Font Info:    Checking defaults for OML/cmm/m/it on input line 157.
LaTeX Font Info:    ... okay on input line 157.
LaTeX Font Info:    Checking defaults for OMS/cmsy/m/n on input line 157.
LaTeX Font Info:    ... okay on input line 157.
LaTeX Font Info:    Checking defaults for OT1/cmr/m/n on input line 157.
LaTeX Font Info:    ... okay on input line 157.
LaTeX Font Info:    Checking defaults for T1/cmr/m/n on input line 157.
LaTeX Font Info:    ... okay on input line 157.
LaTeX Font Info:    Checking defaults for TS1/cmr/m/n on input line 157.
LaTeX Font Info:    ... okay on input line 157.
LaTeX Font Info:    Checking defaults for OMX/cmex/m/n on input line 157.
LaTeX Font Info:    ... okay on input line 157.
LaTeX Font Info:    Checking defaults for U/cmr/m/n on input line 157.
LaTeX Font Info:    ... okay on input line 157.

(C:\Users\micha\AppData\Local\Programs\MiKTeX\tex/context/base/mkii\supp-pdf.mk
ii
[Loading MPS to PDF converter (version 2006.09.02).]
\scratchcounter=\count278
\scratchdimen=\dimen155
\scratchbox=\box56
\nofMPsegments=\count279
\nofMParguments=\count280
\everyMPshowfont=\toks23
\MPscratchCnt=\count281
\MPscratchDim=\dimen156
\MPnumerator=\count282
\makeMPintoPDFobject=\count283
\everyMPtoPDFconversion=\toks24
)
(C:\Users\micha\AppData\Local\Programs\MiKTeX\tex/latex/epstopdf-pkg\epstopdf-b
ase.sty
Package: epstopdf-base 2020-01-24 v2.11 Base part for package epstopdf
Package epstopdf-base Info: Redefining graphics rule for `.eps' on input line 4
85.

(C:\Users\micha\AppData\Local\Programs\MiKTeX\tex/latex/00miktex\epstopdf-sys.c
fg
File: epstopdf-sys.cfg 2021/03/18 v2.0 Configuration of epstopdf for MiKTeX
))
Package caption Info: Begin \AtBeginDocument code.
Package caption Info: float package is loaded.
Package caption Info: listings package is loaded.
Package caption Info: End \AtBeginDocument code.
Package newfloat Info: `float' package detected.
\c@lstlisting=\count284
\c@eqfn=\count285
\titlearea=\box57
LaTeX Font Info:    External font `cmex10' loaded for size
(Font)              <12> on input line 159.
LaTeX Font Info:    External font `cmex10' loaded for size
(Font)              <8> on input line 159.
LaTeX Font Info:    External font `cmex10' loaded for size
(Font)              <6> on input line 159.
LaTeX Font Info:    External font `cmex10' loaded for size
(Font)              <7> on input line 159.
LaTeX Font Info:    External font `cmex10' loaded for size
(Font)              <5> on input line 159.
\actualheight=\skip64
 (sections/1_Intro.tex

Package natbib Warning: Citation `morgan2020opportunities' on page 1 undefined 
on input line 5.


Package natbib Warning: Citation `butler2018machine' on page 1 undefined on inp
ut line 5.


Package natbib Warning: Citation `MolMatSurv' on page 1 undefined on input line
 5.


Package natbib Warning: Citation `ramprasad2017machine' on page 1 undefined on 
input line 5.


Package natbib Warning: Citation `sousa2021material' on page 1 undefined on inp
ut line 5.


Package natbib Warning: Citation `tom3' on page 1 undefined on input line 7.


Package natbib Warning: Citation `tom2' on page 1 undefined on input line 7.


Package natbib Warning: Citation `tom1' on page 1 undefined on input line 7.


Package natbib Warning: Citation `num2' on page 1 undefined on input line 7.


Package natbib Warning: Citation `num1' on page 1 undefined on input line 7.


Package natbib Warning: Citation `YOLO' on page 1 undefined on input line 9.


Package natbib Warning: Citation `UNET' on page 1 undefined on input line 9.


Package natbib Warning: Citation `AlphaGo' on page 1 undefined on input line 9.



Package natbib Warning: Citation `Optimizers' on page 1 undefined on input line
 9.


Package natbib Warning: Citation `IPNN' on page 1 undefined on input line 9.


Package natbib Warning: Citation `MLMF2' on page 1 undefined on input line 9.


Package natbib Warning: Citation `MLMF1' on page 1 undefined on input line 9.


Package natbib Warning: Citation `MatMLSurv' on page 1 undefined on input line 
9.


Package natbib Warning: Citation `MolMatSurv' on page 1 undefined on input line
 9.


Package natbib Warning: Citation `PIM' on page 1 undefined on input line 11.


Package natbib Warning: Citation `GAN' on page 1 undefined on input line 11.


Package natbib Warning: Citation `Graph' on page 1 undefined on input line 11.


Package natbib Warning: Citation `RepL' on page 1 undefined on input line 13.


Package natbib Warning: Citation `kingma:2014a' on page 1 undefined on input li
ne 13.


Package natbib Warning: Citation `BVAE' on page 1 undefined on input line 13.


Package natbib Warning: Citation `Eureqa' on page 1 undefined on input line 13.



Package natbib Warning: Citation `AIFeynman' on page 1 undefined on input line 
13.


Package natbib Warning: Citation `HEWAMALAGE2021388' on page 1 undefined on inp
ut line 17.


Package natbib Warning: Citation `8489399' on page 1 undefined on input line 17
.


Package natbib Warning: Citation `doi:10.1073/pnas.1517384113' on page 1 undefi
ned on input line 19.


Package natbib Warning: Citation `PhysRevLett.124.010508' on page 1 undefined o
n input line 19.


Package natbib Warning: Citation `kingma:2014a' on page 1 undefined on input li
ne 19.

LaTeX Font Info:    Trying to load font information for OT1+phv on input line 2
0.
(C:\Users\micha\AppData\Local\Programs\MiKTeX\tex/latex/psnfss\ot1phv.fd
File: ot1phv.fd 2020/03/25 scalable font definitions for OT1/phv.
)
[1{C:/Users/micha/AppData/Local/MiKTeX/fonts/map/pdftex/pdftex.map}{C:/Users/mi
cha/AppData/Local/Programs/MiKTeX/fonts/enc/dvips/base/8r.enc}



]

Package natbib Warning: Citation `goodfellow2014generative' on page 2 undefined
 on input line 23.


Package natbib Warning: Citation `ho2020denoising' on page 2 undefined on input
 line 23.

) (sections/2_SoA.tex
<images/Active_Learning.pdf, id=9, 1927.2pt x 401.5pt>
File: images/Active_Learning.pdf Graphic file (type pdf)
<use images/Active_Learning.pdf>
Package pdftex.def Info: images/Active_Learning.pdf  used on input line 6.
(pdftex.def)             Requested size: 480.59395pt x 100.12357pt.
LaTeX Font Info:    External font `cmex10' loaded for size
(Font)              <9> on input line 7.


Package natbib Warning: Citation `Niggemao3' on page 2 undefined on input line 
9.


Package natbib Warning: Citation `Niggemao4' on page 2 undefined on input line 
9.


Package natbib Warning: Citation `Niggemao6' on page 2 undefined on input line 
10.


Package natbib Warning: Citation `Niggemao1' on page 2 undefined on input line 
10.


Package natbib Warning: Citation `Niggemao2' on page 2 undefined on input line 
10.


Package natbib Warning: Citation `Niggemao8' on page 2 undefined on input line 
10.


Package natbib Warning: Citation `Niggemao7' on page 2 undefined on input line 
11.


Package natbib Warning: Citation `Jung-Niggemann' on page 2 undefined on input 
line 13.


Package natbib Warning: Citation `grossmann:2022h' on page 2 undefined on input
 line 13.


Package natbib Warning: Citation `rensmeyer:2023a' on page 2 undefined on input
 line 15.


Package natbib Warning: Citation `Niggemann:2023b' on page 2 undefined on input
 line 16.


Package natbib Warning: Citation `Cai.2021' on page 2 undefined on input line 1
9.


Package natbib Warning: Citation `BPINN' on page 2 undefined on input line 19.


Package natbib Warning: Citation `PINNFlow' on page 2 undefined on input line 1
9.


Package natbib Warning: Citation `RAISSI' on page 2 undefined on input line 21.



Package natbib Warning: Citation `DAL' on page 2 undefined on input line 26.


Package natbib Warning: Citation `active' on page 2 undefined on input line 26.



Package natbib Warning: Citation `UAviaAL' on page 2 undefined on input line 26
.


Package natbib Warning: Citation `su2022microstructure' on page 2 undefined on 
input line 33.


Package natbib Warning: Citation `FENG2020113043' on page 2 undefined on input 
line 34.


Package natbib Warning: Citation `ZHANG2021110018' on page 2 undefined on input
 line 34.


Package natbib Warning: Citation `Henkes_2022' on page 2 undefined on input lin
e 35.


Package natbib Warning: Citation `arjovsky2017wasserstein' on page 2 undefined 
on input line 35.


Package natbib Warning: Citation `Jiang2020COVID19CI' on page 2 undefined on in
put line 37.


Package natbib Warning: Citation `Peng2023CBCTBasedSC' on page 2 undefined on i
nput line 37.


Package natbib Warning: Citation `CganMed1' on page 2 undefined on input line 3
7.


Package natbib Warning: Citation `DURETH2023105608' on page 2 undefined on inpu
t line 37.


Package natbib Warning: Citation `janssens2020computed' on page 2 undefined on 
input line 37.


Package natbib Warning: Citation `damewood2023representations' on page 2 undefi
ned on input line 40.


Package natbib Warning: Citation `GOBERT2020101460' on page 2 undefined on inpu
t line 40.


Package natbib Warning: Citation `ziabari2023enabling' on page 2 undefined on i
nput line 40.


Package natbib Warning: Citation `10.3389/fmats.2022.818535' on page 2 undefine
d on input line 43.


Package natbib Warning: Citation `pei2021machine' on page 2 undefined on input 
line 43.


Package natbib Warning: Citation `kingma:2014a' on page 2 undefined on input li
ne 46.


Package natbib Warning: Citation `PhysRevLett.124.010508' on page 2 undefined o
n input line 46.


Package natbib Warning: Citation `Nautrup' on page 2 undefined on input line 46
.


Package natbib Warning: Citation `MixReps' on page 2 undefined on input line 46
.


Package natbib Warning: Citation `SOMVAE' on page 2 undefined on input line 46.



Package natbib Warning: Citation `VQVAE' on page 2 undefined on input line 46.

[2]

Package natbib Warning: Citation `AutoSR' on page 3 undefined on input line 48.


) (sections/3_Solution.tex
<images/Morph.pdf, id=13, 2007.5pt x 501.875pt>
File: images/Morph.pdf Graphic file (type pdf)
<use images/Morph.pdf>
Package pdftex.def Info: images/Morph.pdf  used on input line 7.
(pdftex.def)             Requested size: 505.89pt x 126.47163pt.
 [3 <./images/Active_Learning.pdf>])
(sections/4_Conclusion.tex)
Underfull \hbox (badness 2073) in paragraph at lines 177--178
\OT1/ptm/m/n/10 This work was sup-ported by the project "KIBIDZ --
 []


Underfull \hbox (badness 7308) in paragraph at lines 177--178
\OT1/ptm/m/n/10 der Ret-tungskrafte durch K[]unstliche In-tel-li-genz und
 []


Underfull \hbox (badness 4621) in paragraph at lines 177--178
\OT1/ptm/m/n/10 Dig-i-tale Brandgeb[]audezwillinge" by the Zen-trum f[]ur
 []


Underfull \hbox (badness 7326) in paragraph at lines 177--178
\OT1/ptm/m/n/10 Digitalisierungs- und Tech-nolo-gieforschung der Bun-
 []

No file main_changed.bbl.
[4 <./images/Morph.pdf>]

Package natbib Warning: There were undefined citations.

[5

] (main_changed.aux)
 ***********
LaTeX2e <2023-06-01> patch level 1
L3 programming layer <2023-08-29>
 ***********
 ) 
Here is how much of TeX's memory you used:
 6009 strings out of 475247
 99358 string characters out of 5757792
 1937801 words of memory out of 5000000
 27450 multiletter control sequences out of 15000+600000
 582198 words of font info for 78 fonts, out of 8000000 for 9000
 1141 hyphenation exceptions out of 8191
 57i,11n,65p,1589b,437s stack positions out of 10000i,1000n,20000p,200000b,200000s
<C:/Users/micha/AppData/Local/Programs/MiKTeX/fonts/type1/public/amsfonts/cm/
cmbx10.pfb><C:/Users/micha/AppData/Local/Programs/MiKTeX/fonts/type1/public/ams
fonts/cm/cmbx9.pfb><C:/Users/micha/AppData/Local/Programs/MiKTeX/fonts/type1/pu
blic/amsfonts/cm/cmmi10.pfb><C:/Users/micha/AppData/Local/Programs/MiKTeX/fonts
/type1/public/amsfonts/cm/cmmi7.pfb><C:/Users/micha/AppData/Local/Programs/MiKT
eX/fonts/type1/public/amsfonts/cm/cmmi9.pfb><C:/Users/micha/AppData/Local/Progr
ams/MiKTeX/fonts/type1/public/amsfonts/cm/cmr10.pfb><C:/Users/micha/AppData/Loc
al/Programs/MiKTeX/fonts/type1/public/amsfonts/cm/cmr7.pfb><C:/Users/micha/AppD
ata/Local/Programs/MiKTeX/fonts/type1/public/amsfonts/cm/cmsy10.pfb><C:/Users/m
icha/AppData/Local/Programs/MiKTeX/fonts/type1/public/amsfonts/cm/cmsy9.pfb><C:
/Users/micha/AppData/Local/Programs/MiKTeX/fonts/type1/urw/helvetic/uhvr8a.pfb>
<C:/Users/micha/AppData/Local/Programs/MiKTeX/fonts/type1/urw/times/utmb8a.pfb>
<C:/Users/micha/AppData/Local/Programs/MiKTeX/fonts/type1/urw/times/utmr8a.pfb>
<C:/Users/micha/AppData/Local/Programs/MiKTeX/fonts/type1/urw/times/utmri8a.pfb
>
Output written on main_changed.pdf (5 pages, 774715 bytes).
PDF statistics:
 193 PDF objects out of 1000 (max. 8388607)
 0 named destinations out of 1000 (max. 500000)
 11 words of extra memory for PDF output out of 10000 (max. 10000000)

