This is pdfTeX, Version 3.141592653-2.6-1.40.25 (MiKTeX 23.9) (preloaded format=pdflatex 2023.9.22)  30 MAR 2024 17:07
entering extended mode
 restricted \write18 enabled.
 %&-line parsing enabled.
**./Formatting-Instructions-LaTeX-2023_changed.tex
(Formatting-Instructions-LaTeX-2023_changed.tex
LaTeX2e <2023-06-01> patch level 1
L3 programming layer <2023-08-29>
(C:\Users\micha\AppData\Local\Programs\MiKTeX\tex/latex/base\article.cls
Document Class: article 2023/05/17 v1.4n Standard LaTeX document class
(C:\Users\micha\AppData\Local\Programs\MiKTeX\tex/latex/base\size10.clo
File: size10.clo 2023/05/17 v1.4n Standard LaTeX file (size option)
)
\c@part=\count185
\c@section=\count186
\c@subsection=\count187
\c@subsubsection=\count188
\c@paragraph=\count189
\c@subparagraph=\count190
\c@figure=\count191
\c@table=\count192
\abovecaptionskip=\skip48
\belowcaptionskip=\skip49
\bibindent=\dimen140
)
(aaai23.sty
Package: aaai23 2023/06/27 AAAI 2023 Submission format

Conference Style for AAAI for LaTeX 2e -- version for submission
\titlebox=\skip50
) (C:\Users\micha\AppData\Local\Programs\MiKTeX\tex/latex/psnfss\times.sty
Package: times 2020/03/25 PSNFSS-v9.3 (SPQR) 
)
(C:\Users\micha\AppData\Local\Programs\MiKTeX\tex/latex/psnfss\helvet.sty
Package: helvet 2020/03/25 PSNFSS-v9.3 (WaS) 

(C:\Users\micha\AppData\Local\Programs\MiKTeX\tex/latex/graphics\keyval.sty
Package: keyval 2022/05/29 v1.15 key=value parser (DPC)
\KV@toks@=\toks17
))
(C:\Users\micha\AppData\Local\Programs\MiKTeX\tex/latex/psnfss\courier.sty
Package: courier 2020/03/25 PSNFSS-v9.3 (WaS) 
)
(C:\Users\micha\AppData\Local\Programs\MiKTeX\tex/latex/url\url.sty
\Urlmuskip=\muskip16
Package: url 2013/09/16  ver 3.4  Verb mode for urls, etc.
)
(C:\Users\micha\AppData\Local\Programs\MiKTeX\tex/latex/graphics\graphicx.sty
Package: graphicx 2021/09/16 v1.2d Enhanced LaTeX Graphics (DPC,SPQR)

(C:\Users\micha\AppData\Local\Programs\MiKTeX\tex/latex/graphics\graphics.sty
Package: graphics 2022/03/10 v1.4e Standard LaTeX Graphics (DPC,SPQR)

(C:\Users\micha\AppData\Local\Programs\MiKTeX\tex/latex/graphics\trig.sty
Package: trig 2021/08/11 v1.11 sin cos tan (DPC)
)
(C:\Users\micha\AppData\Local\Programs\MiKTeX\tex/latex/graphics-cfg\graphics.c
fg
File: graphics.cfg 2016/06/04 v1.11 sample graphics configuration
)
Package graphics Info: Driver file: pdftex.def on input line 107.

(C:\Users\micha\AppData\Local\Programs\MiKTeX\tex/latex/graphics-def\pdftex.def
File: pdftex.def 2022/09/22 v1.2b Graphics/color driver for pdftex
))
\Gin@req@height=\dimen141
\Gin@req@width=\dimen142
) (C:\Users\micha\AppData\Local\Programs\MiKTeX\tex/latex/natbib\natbib.sty
Package: natbib 2010/09/13 8.31b (PWD, AO)
\bibhang=\skip51
\bibsep=\skip52
LaTeX Info: Redefining \cite on input line 694.
\c@NAT@ctr=\count193
)
(C:\Users\micha\AppData\Local\Programs\MiKTeX\tex/latex/caption\caption.sty
Package: caption 2023/07/31 v3.6n Customizing captions (AR)

(C:\Users\micha\AppData\Local\Programs\MiKTeX\tex/latex/caption\caption3.sty
Package: caption3 2023/07/31 v2.4d caption3 kernel (AR)
\caption@tempdima=\dimen143
\captionmargin=\dimen144
\caption@leftmargin=\dimen145
\caption@rightmargin=\dimen146
\caption@width=\dimen147
\caption@indent=\dimen148
\caption@parindent=\dimen149
\caption@hangindent=\dimen150
Package caption Info: Standard document class detected.
)
\c@caption@flags=\count194
\c@continuedfloat=\count195
)
(C:\Users\micha\AppData\Local\Programs\MiKTeX\tex/latex/algorithms\algorithm.st
y
Package: algorithm 2009/08/24 v0.1 Document Style `algorithm' - floating enviro
nment
 (C:\Users\micha\AppData\Local\Programs\MiKTeX\tex/latex/float\float.sty
Package: float 2001/11/08 v1.3d Float enhancements (AL)
\c@float@type=\count196
\float@exts=\toks18
\float@box=\box51
\@float@everytoks=\toks19
\@floatcapt=\box52
)
(C:\Users\micha\AppData\Local\Programs\MiKTeX\tex/latex/base\ifthen.sty
Package: ifthen 2022/04/13 v1.1d Standard LaTeX ifthen package (DPC)
)
\@float@every@algorithm=\toks20
\c@algorithm=\count197
)
(C:\Users\micha\AppData\Local\Programs\MiKTeX\tex/latex/algorithms\algorithmic.
sty
Package: algorithmic 2009/08/24 v0.1 Document Style `algorithmic'
\c@ALC@unique=\count198
\c@ALC@line=\count199
\c@ALC@rem=\count266
\c@ALC@depth=\count267
\ALC@tlm=\skip53
\algorithmicindent=\skip54
)
(C:\Users\micha\AppData\Local\Programs\MiKTeX\tex/latex/amsmath\amsmath.sty
Package: amsmath 2023/05/13 v2.17o AMS math features
\@mathmargin=\skip55

For additional information on amsmath, use the `?' option.
(C:\Users\micha\AppData\Local\Programs\MiKTeX\tex/latex/amsmath\amstext.sty
Package: amstext 2021/08/26 v2.01 AMS text

(C:\Users\micha\AppData\Local\Programs\MiKTeX\tex/latex/amsmath\amsgen.sty
File: amsgen.sty 1999/11/30 v2.0 generic functions
\@emptytoks=\toks21
\ex@=\dimen151
))
(C:\Users\micha\AppData\Local\Programs\MiKTeX\tex/latex/amsmath\amsbsy.sty
Package: amsbsy 1999/11/29 v1.2d Bold Symbols
\pmbraise@=\dimen152
)
(C:\Users\micha\AppData\Local\Programs\MiKTeX\tex/latex/amsmath\amsopn.sty
Package: amsopn 2022/04/08 v2.04 operator names
)
\inf@bad=\count268
LaTeX Info: Redefining \frac on input line 234.
\uproot@=\count269
\leftroot@=\count270
LaTeX Info: Redefining \overline on input line 399.
LaTeX Info: Redefining \colon on input line 410.
\classnum@=\count271
\DOTSCASE@=\count272
LaTeX Info: Redefining \ldots on input line 496.
LaTeX Info: Redefining \dots on input line 499.
LaTeX Info: Redefining \cdots on input line 620.
\Mathstrutbox@=\box53
\strutbox@=\box54
LaTeX Info: Redefining \big on input line 722.
LaTeX Info: Redefining \Big on input line 723.
LaTeX Info: Redefining \bigg on input line 724.
LaTeX Info: Redefining \Bigg on input line 725.
\big@size=\dimen153
LaTeX Font Info:    Redeclaring font encoding OML on input line 743.
LaTeX Font Info:    Redeclaring font encoding OMS on input line 744.
\macc@depth=\count273
LaTeX Info: Redefining \bmod on input line 905.
LaTeX Info: Redefining \pmod on input line 910.
LaTeX Info: Redefining \smash on input line 940.
LaTeX Info: Redefining \relbar on input line 970.
LaTeX Info: Redefining \Relbar on input line 971.
\c@MaxMatrixCols=\count274
\dotsspace@=\muskip17
\c@parentequation=\count275
\dspbrk@lvl=\count276
\tag@help=\toks22
\row@=\count277
\column@=\count278
\maxfields@=\count279
\andhelp@=\toks23
\eqnshift@=\dimen154
\alignsep@=\dimen155
\tagshift@=\dimen156
\tagwidth@=\dimen157
\totwidth@=\dimen158
\lineht@=\dimen159
\@envbody=\toks24
\multlinegap=\skip56
\multlinetaggap=\skip57
\mathdisplay@stack=\toks25
LaTeX Info: Redefining \[ on input line 2953.
LaTeX Info: Redefining \] on input line 2954.
)
(C:\Users\micha\AppData\Local\Programs\MiKTeX\tex/latex/xcolor\xcolor.sty
Package: xcolor 2022/06/12 v2.14 LaTeX color extensions (UK)

(C:\Users\micha\AppData\Local\Programs\MiKTeX\tex/latex/graphics-cfg\color.cfg
File: color.cfg 2016/01/02 v1.6 sample color configuration
)
Package xcolor Info: Driver file: pdftex.def on input line 227.
(C:\Users\micha\AppData\Local\Programs\MiKTeX\tex/latex/graphics\mathcolor.ltx)
Package xcolor Info: Model `cmy' substituted by `cmy0' on input line 1353.
Package xcolor Info: Model `hsb' substituted by `rgb' on input line 1357.
Package xcolor Info: Model `RGB' extended on input line 1369.
Package xcolor Info: Model `HTML' substituted by `rgb' on input line 1371.
Package xcolor Info: Model `Hsb' substituted by `hsb' on input line 1372.
Package xcolor Info: Model `tHsb' substituted by `hsb' on input line 1373.
Package xcolor Info: Model `HSB' substituted by `hsb' on input line 1374.
Package xcolor Info: Model `Gray' substituted by `gray' on input line 1375.
Package xcolor Info: Model `wave' substituted by `hsb' on input line 1376.
) (C:\Users\micha\AppData\Local\Programs\MiKTeX\tex/latex/amsfonts\amsfonts.sty
Package: amsfonts 2013/01/14 v3.01 Basic AMSFonts support
\symAMSa=\mathgroup4
\symAMSb=\mathgroup5
LaTeX Font Info:    Redeclaring math symbol \hbar on input line 98.
LaTeX Font Info:    Overwriting math alphabet `\mathfrak' in version `bold'
(Font)                  U/euf/m/n --> U/euf/b/n on input line 106.
) (C:\Users\micha\AppData\Local\Programs\MiKTeX\tex/latex/tools\array.sty
Package: array 2022/09/04 v2.5g Tabular extension package (FMi)
\col@sep=\dimen160
\ar@mcellbox=\box55
\extrarowheight=\dimen161
\NC@list=\toks26
\extratabsurround=\skip58
\backup@length=\skip59
\ar@cellbox=\box56
)
(C:\Users\micha\AppData\Local\Programs\MiKTeX\tex/latex/multirow\multirow.sty
Package: multirow 2021/03/15 v2.8 Span multiple rows of a table
\multirow@colwidth=\skip60
\multirow@cntb=\count280
\multirow@dima=\skip61
\bigstrutjot=\dimen162
)
(C:\Users\micha\AppData\Local\Programs\MiKTeX\tex/latex/booktabs\booktabs.sty
Package: booktabs 2020/01/12 v1.61803398 Publication quality tables
\heavyrulewidth=\dimen163
\lightrulewidth=\dimen164
\cmidrulewidth=\dimen165
\belowrulesep=\dimen166
\belowbottomsep=\dimen167
\aboverulesep=\dimen168
\abovetopsep=\dimen169
\cmidrulesep=\dimen170
\cmidrulekern=\dimen171
\defaultaddspace=\dimen172
\@cmidla=\count281
\@cmidlb=\count282
\@aboverulesep=\dimen173
\@belowrulesep=\dimen174
\@thisruleclass=\count283
\@lastruleclass=\count284
\@thisrulewidth=\dimen175
)
(C:\Users\micha\AppData\Local\Programs\MiKTeX\tex/latex/appendix\appendix.sty
Package: appendix 2020/02/08 v1.2c extra appendix facilities
\c@@pps=\count285
\c@@ppsavesec=\count286
\c@@ppsaveapp=\count287
)
(C:\Users\micha\AppData\Local\Programs\MiKTeX\tex/latex/newfloat\newfloat.sty
Package: newfloat 2023/10/01 v1.2 Defining new floating environments (AR)
)
(C:\Users\micha\AppData\Local\Programs\MiKTeX\tex/latex/listings\listings.sty
\lst@mode=\count288
\lst@gtempboxa=\box57
\lst@token=\toks27
\lst@length=\count289
\lst@currlwidth=\dimen176
\lst@column=\count290
\lst@pos=\count291
\lst@lostspace=\dimen177
\lst@width=\dimen178
\lst@newlines=\count292
\lst@lineno=\count293
\lst@maxwidth=\dimen179

(C:\Users\micha\AppData\Local\Programs\MiKTeX\tex/latex/listings\lstmisc.sty
File: lstmisc.sty 2023/02/27 1.9 (Carsten Heinz)
\c@lstnumber=\count294
\lst@skipnumbers=\count295
\lst@framebox=\box58
)
(C:\Users\micha\AppData\Local\Programs\MiKTeX\tex/latex/listings\listings.cfg
File: listings.cfg 2023/02/27 1.9 listings configuration
))
Package: listings 2023/02/27 1.9 (Carsten Heinz)
\@float@every@listing=\toks28
\c@listing=\count296
(C:\Users\micha\AppData\Local\Programs\MiKTeX\tex/latex/natbib\bibentry.sty
Package: bibentry 2007/10/30 1.5 (PWD)
)
LaTeX Font Info:    Trying to load font information for OT1+ptm on input line 1
25.

(C:\Users\micha\AppData\Local\Programs\MiKTeX\tex/latex/psnfss\ot1ptm.fd
File: ot1ptm.fd 2001/06/04 font definitions for OT1/ptm.
)
(C:\Users\micha\AppData\Local\Programs\MiKTeX\tex/latex/l3backend\l3backend-pdf
tex.def
File: l3backend-pdftex.def 2023-04-19 L3 backend support: PDF output (pdfTeX)
\l__color_backend_stack_int=\count297
\l__pdf_internal_box=\box59
) (Formatting-Instructions-LaTeX-2023_changed.aux)
\openout1 = `Formatting-Instructions-LaTeX-2023_changed.aux'.

LaTeX Font Info:    Checking defaults for OML/cmm/m/it on input line 125.
LaTeX Font Info:    ... okay on input line 125.
LaTeX Font Info:    Checking defaults for OMS/cmsy/m/n on input line 125.
LaTeX Font Info:    ... okay on input line 125.
LaTeX Font Info:    Checking defaults for OT1/cmr/m/n on input line 125.
LaTeX Font Info:    ... okay on input line 125.
LaTeX Font Info:    Checking defaults for T1/cmr/m/n on input line 125.
LaTeX Font Info:    ... okay on input line 125.
LaTeX Font Info:    Checking defaults for TS1/cmr/m/n on input line 125.
LaTeX Font Info:    ... okay on input line 125.
LaTeX Font Info:    Checking defaults for OMX/cmex/m/n on input line 125.
LaTeX Font Info:    ... okay on input line 125.
LaTeX Font Info:    Checking defaults for U/cmr/m/n on input line 125.
LaTeX Font Info:    ... okay on input line 125.

(C:\Users\micha\AppData\Local\Programs\MiKTeX\tex/context/base/mkii\supp-pdf.mk
ii
[Loading MPS to PDF converter (version 2006.09.02).]
\scratchcounter=\count298
\scratchdimen=\dimen180
\scratchbox=\box60
\nofMPsegments=\count299
\nofMParguments=\count300
\everyMPshowfont=\toks29
\MPscratchCnt=\count301
\MPscratchDim=\dimen181
\MPnumerator=\count302
\makeMPintoPDFobject=\count303
\everyMPtoPDFconversion=\toks30
)
(C:\Users\micha\AppData\Local\Programs\MiKTeX\tex/latex/epstopdf-pkg\epstopdf-b
ase.sty
Package: epstopdf-base 2020-01-24 v2.11 Base part for package epstopdf
Package epstopdf-base Info: Redefining graphics rule for `.eps' on input line 4
85.

(C:\Users\micha\AppData\Local\Programs\MiKTeX\tex/latex/00miktex\epstopdf-sys.c
fg
File: epstopdf-sys.cfg 2021/03/18 v2.0 Configuration of epstopdf for MiKTeX
))
Package caption Info: Begin \AtBeginDocument code.
Package caption Info: float package is loaded.
Package caption Info: listings package is loaded.
Package caption Info: End \AtBeginDocument code.
Package newfloat Info: `float' package detected.
\c@lstlisting=\count304
\c@eqfn=\count305
\titlearea=\box61
LaTeX Font Info:    Trying to load font information for OMS+ptm on input line 1
27.
 (C:\Users\micha\AppData\Local\Programs\MiKTeX\tex/latex/psnfss\omsptm.fd
File: omsptm.fd 
)
LaTeX Font Info:    Font shape `OMS/ptm/m/n' in size <10> not available
(Font)              Font shape `OMS/cmsy/m/n' tried instead on input line 127.
\actualheight=\skip62
LaTeX Font Info:    Trying to load font information for U+msa on input line 127
.

(C:\Users\micha\AppData\Local\Programs\MiKTeX\tex/latex/amsfonts\umsa.fd
File: umsa.fd 2013/01/14 v3.01 AMS symbols A
)
LaTeX Font Info:    Trying to load font information for U+msb on input line 127
.

(C:\Users\micha\AppData\Local\Programs\MiKTeX\tex/latex/amsfonts\umsb.fd
File: umsb.fd 2013/01/14 v3.01 AMS symbols B
)
LaTeX Font Info:    Trying to load font information for TS1+ptm on input line 1
27.

(C:\Users\micha\AppData\Local\Programs\MiKTeX\tex/latex/psnfss\ts1ptm.fd
File: ts1ptm.fd 2001/06/04 font definitions for TS1/ptm.
)

Package natbib Warning: Citation `1' on page 1 undefined on input line 142.


Package natbib Warning: Citation `2' on page 1 undefined on input line 142.


Package natbib Warning: Citation `3' on page 1 undefined on input line 142.


Package natbib Warning: Citation `4' on page 1 undefined on input line 142.


Package natbib Warning: Citation `5' on page 1 undefined on input line 143.


Package natbib Warning: Citation `6' on page 1 undefined on input line 143.


Package natbib Warning: Citation `8' on page 1 undefined on input line 145.


Package natbib Warning: Citation `9' on page 1 undefined on input line 145.


Package natbib Warning: Citation `2' on page 1 undefined on input line 148.


Package natbib Warning: Citation `10' on page 1 undefined on input line 148.


Package natbib Warning: Citation `11' on page 1 undefined on input line 148.


Package natbib Warning: Citation `12' on page 1 undefined on input line 149.


Package natbib Warning: Citation `1' on page 1 undefined on input line 155.


Package natbib Warning: Citation `2' on page 1 undefined on input line 155.


Package natbib Warning: Citation `13' on page 1 undefined on input line 155.


Package natbib Warning: Citation `14' on page 1 undefined on input line 155.


Package natbib Warning: Citation `16' on page 1 undefined on input line 155.


Package natbib Warning: Citation `17' on page 1 undefined on input line 155.


Package natbib Warning: Citation `18' on page 1 undefined on input line 155.


Package natbib Warning: Citation `41' on page 1 undefined on input line 155.


Package natbib Warning: Citation `20' on page 1 undefined on input line 157.


Package natbib Warning: Citation `21' on page 1 undefined on input line 157.


Package natbib Warning: Citation `22' on page 1 undefined on input line 162.


Package natbib Warning: Citation `23' on page 1 undefined on input line 162.


Package natbib Warning: Citation `24' on page 1 undefined on input line 162.


Package natbib Warning: Citation `26' on page 1 undefined on input line 163.


Package natbib Warning: Citation `19' on page 1 undefined on input line 164.


Package natbib Warning: Citation `26' on page 1 undefined on input line 164.


Package natbib Warning: Citation `27' on page 1 undefined on input line 164.


Underfull \hbox (badness 2057) in paragraph at lines 160--167
\OT1/ptm/m/n/10 for-ma-tion ad-just-ment (\OT1/ptm/b/n/10 ??\OT1/ptm/m/n/10 ) o
r his-togram match-ing (\OT1/ptm/b/n/10 ?\OT1/ptm/m/n/10 ).
 []


Underfull \vbox (badness 1400) has occurred while \output is active []

 [1{C:/Users/micha/AppData/Local/MiKTeX/fonts/map/pdftex/pdftex.map}{C:/Users/m
icha/AppData/Local/Programs/MiKTeX/fonts/enc/dvips/base/8r.enc}



]

Package natbib Warning: Citation `1' on page 2 undefined on input line 192.


Package natbib Warning: Citation `2' on page 2 undefined on input line 192.


Package natbib Warning: Citation `13' on page 2 undefined on input line 192.


Package natbib Warning: Citation `14' on page 2 undefined on input line 192.


Package natbib Warning: Citation `16' on page 2 undefined on input line 192.


Package natbib Warning: Citation `17' on page 2 undefined on input line 192.


Package natbib Warning: Citation `18' on page 2 undefined on input line 192.


Package natbib Warning: Citation `41' on page 2 undefined on input line 192.


Package natbib Warning: Citation `17' on page 2 undefined on input line 194.


Package natbib Warning: Citation `1' on page 2 undefined on input line 194.


Package natbib Warning: Citation `2' on page 2 undefined on input line 194.


Package natbib Warning: Citation `13' on page 2 undefined on input line 194.


Package natbib Warning: Citation `14' on page 2 undefined on input line 194.


Package natbib Warning: Citation `16' on page 2 undefined on input line 194.


Package natbib Warning: Citation `17' on page 2 undefined on input line 194.


Package natbib Warning: Citation `18' on page 2 undefined on input line 194.


Package natbib Warning: Citation `41' on page 2 undefined on input line 194.


Package natbib Warning: Citation `2' on page 2 undefined on input line 195.


Package natbib Warning: Citation `13' on page 2 undefined on input line 195.


Package natbib Warning: Citation `24' on page 2 undefined on input line 206.


Package natbib Warning: Citation `25' on page 2 undefined on input line 208.


Package natbib Warning: Citation `23' on page 2 undefined on input line 208.


Package natbib Warning: Citation `19' on page 2 undefined on input line 214.


Package natbib Warning: Citation `26' on page 2 undefined on input line 214.


Package natbib Warning: Citation `27' on page 2 undefined on input line 215.


Underfull \hbox (badness 2547) in paragraph at lines 212--221
\OT1/ptm/m/n/10 Frequency domain-based meth-ods first de-com-pose the
 []



pdfTeX warning: pdflatex (file ./figure1.pdf): PDF inclusion: found PDF version
 <1.7>, but at most version <1.5> allowed
<figure1.pdf, id=8, 921.80383pt x 403.9893pt>
File: figure1.pdf Graphic file (type pdf)
<use figure1.pdf>
Package pdftex.def Info: figure1.pdf  used on input line 229.
(pdftex.def)             Requested size: 488.55371pt x 214.11331pt.

Package natbib Warning: Citation `34' on page 2 undefined on input line 254.

[2]

Package natbib Warning: Citation `29' on page 3 undefined on input line 264.


Package natbib Warning: Citation `33' on page 3 undefined on input line 264.



pdfTeX warning: pdflatex (file ./figure2.pdf): PDF inclusion: found PDF version
 <1.7>, but at most version <1.5> allowed
<figure2.pdf, id=19, 822.31213pt x 421.09319pt>
File: figure2.pdf Graphic file (type pdf)
<use figure2.pdf>
Package pdftex.def Info: figure2.pdf  used on input line 271.
(pdftex.def)             Requested size: 230.24582pt x 117.90527pt.


pdfTeX warning: pdflatex (file ./figure3.pdf): PDF inclusion: found PDF version
 <1.7>, but at most version <1.5> allowed
<figure3.pdf, id=20, 520.70535pt x 605.98392pt>
File: figure3.pdf Graphic file (type pdf)
<use figure3.pdf>
Package pdftex.def Info: figure3.pdf  used on input line 278.
(pdftex.def)             Requested size: 234.31525pt x 272.69023pt.
[3 <./figure1.pdf> <./figure2.pdf

pdfTeX warning: pdflatex (file ./figure2.pdf): PDF inclusion: multiple pdfs wit
h page group included in a single page
> <./figure3.pdf

pdfTeX warning: pdflatex (file ./figure3.pdf): PDF inclusion: multiple pdfs wit
h page group included in a single page
>]

Package natbib Warning: Citation `35' on page 4 undefined on input line 338.


Package natbib Warning: Citation `36' on page 4 undefined on input line 340.


Package natbib Warning: Citation `34' on page 4 undefined on input line 401.

[4]

Package natbib Warning: Citation `2' on page 5 undefined on input line 448.


Package natbib Warning: Citation `39' on page 5 undefined on input line 449.


Package natbib Warning: Citation `38' on page 5 undefined on input line 450.


Package natbib Warning: Citation `40' on page 5 undefined on input line 454.


Underfull \hbox (badness 1852) in paragraph at lines 453--458
\OT1/ptm/m/n/10 Modality Whole Heart Seg-men-ta-tion (MMWHS) 2017
 []


Package natbib Warning: Citation `37' on page 5 undefined on input line 525.


Package natbib Warning: Citation `16' on page 5 undefined on input line 531.


Package natbib Warning: Citation `1' on page 5 undefined on input line 532.


Package natbib Warning: Citation `18' on page 5 undefined on input line 532.


Package natbib Warning: Citation `13' on page 5 undefined on input line 532.


Package natbib Warning: Citation `2' on page 5 undefined on input line 532.


Package natbib Warning: Citation `19' on page 5 undefined on input line 532.


Package natbib Warning: Citation `41' on page 5 undefined on input line 532.


Package natbib Warning: Citation `14' on page 5 undefined on input line 532.


Package natbib Warning: Citation `20' on page 5 undefined on input line 533.


Package natbib Warning: Citation `17' on page 5 undefined on input line 533.



pdfTeX warning: pdflatex (file ./figure4.pdf): PDF inclusion: found PDF version
 <1.7>, but at most version <1.5> allowed
<figure4.pdf, id=232, 796.77673pt x 372.79274pt>
File: figure4.pdf Graphic file (type pdf)
<use figure4.pdf>
Package pdftex.def Info: figure4.pdf  used on input line 542.
(pdftex.def)             Requested size: 493.99646pt x 231.1291pt.

Underfull \hbox (badness 1062) in paragraph at lines 553--563
\OT1/ptm/m/n/10 The re-sults of ab-dom-i-nal multi-organ seg-men-ta-tion are
 []


Underfull \hbox (badness 1117) in paragraph at lines 567--573
\OT1/ptm/m/n/10 The re-sults of multi-modality car-diac seg-men-ta-tion are
 []

[5]

pdfTeX warning: pdflatex (file ./figure5.pdf): PDF inclusion: found PDF version
 <1.7>, but at most version <1.5> allowed
<figure5.pdf, id=236, 540.70004pt x 210.5466pt>
File: figure5.pdf Graphic file (type pdf)
<use figure5.pdf>
Package pdftex.def Info: figure5.pdf  used on input line 620.
(pdftex.def)             Requested size: 232.49648pt x 90.53326pt.

Underfull \vbox (badness 10000) has occurred while \output is active []

 [6]
No file Formatting-Instructions-LaTeX-2023_changed.bbl.

Underfull \hbox (badness 6204) in paragraph at lines 674--676
[]\OT1/ptm/m/n/10 Quidem re-pel-len-dus sint con-se-qu-un-tur saepe alias
 []

[7 <./figure4.pdf> <./figure5.pdf

pdfTeX warning: pdflatex (file ./figure5.pdf): PDF inclusion: multiple pdfs wit
h page group included in a single page
>]

Package natbib Warning: There were undefined citations.

[8

] (Formatting-Instructions-LaTeX-2023_changed.aux)
 ***********
LaTeX2e <2023-06-01> patch level 1
L3 programming layer <2023-08-29>
 ***********
 ) 
Here is how much of TeX's memory you used:
 6839 strings out of 475247
 110327 string characters out of 5757792
 1964801 words of memory out of 5000000
 28266 multiletter control sequences out of 15000+600000
 583205 words of font info for 93 fonts, out of 8000000 for 9000
 1141 hyphenation exceptions out of 8191
 57i,11n,65p,1353b,312s stack positions out of 10000i,1000n,20000p,200000b,200000s
<C:/Users/micha/AppData/Local/Programs/MiKTeX/fonts/type1/public/amsfonts/cm/
cmex10.pfb><C:/Users/micha/AppData/Local/Programs/MiKTeX/fonts/type1/public/ams
fonts/cmextra/cmex9.pfb><C:/Users/micha/AppData/Local/Programs/MiKTeX/fonts/typ
e1/public/amsfonts/cm/cmmi10.pfb><C:/Users/micha/AppData/Local/Programs/MiKTeX/
fonts/type1/public/amsfonts/cm/cmmi5.pfb><C:/Users/micha/AppData/Local/Programs
/MiKTeX/fonts/type1/public/amsfonts/cm/cmmi6.pfb><C:/Users/micha/AppData/Local/
Programs/MiKTeX/fonts/type1/public/amsfonts/cm/cmmi7.pfb><C:/Users/micha/AppDat
a/Local/Programs/MiKTeX/fonts/type1/public/amsfonts/cm/cmmi9.pfb><C:/Users/mich
a/AppData/Local/Programs/MiKTeX/fonts/type1/public/amsfonts/cm/cmr10.pfb><C:/Us
ers/micha/AppData/Local/Programs/MiKTeX/fonts/type1/public/amsfonts/cm/cmr6.pfb
><C:/Users/micha/AppData/Local/Programs/MiKTeX/fonts/type1/public/amsfonts/cm/c
mr7.pfb><C:/Users/micha/AppData/Local/Programs/MiKTeX/fonts/type1/public/amsfon
ts/cm/cmr9.pfb><C:/Users/micha/AppData/Local/Programs/MiKTeX/fonts/type1/public
/amsfonts/cm/cmsy10.pfb><C:/Users/micha/AppData/Local/Programs/MiKTeX/fonts/typ
e1/public/amsfonts/cm/cmsy6.pfb><C:/Users/micha/AppData/Local/Programs/MiKTeX/f
onts/type1/public/amsfonts/cm/cmsy7.pfb><C:/Users/micha/AppData/Local/Programs/
MiKTeX/fonts/type1/public/amsfonts/cm/cmsy9.pfb><C:/Users/micha/AppData/Local/P
rograms/MiKTeX/fonts/type1/public/amsfonts/symbols/msbm10.pfb><C:/Users/micha/A
ppData/Local/Programs/MiKTeX/fonts/type1/urw/times/utmb8a.pfb><C:/Users/micha/A
ppData/Local/Programs/MiKTeX/fonts/type1/urw/times/utmr8a.pfb>
Output written on Formatting-Instructions-LaTeX-2023_changed.pdf (8 pages, 1019
625 bytes).
PDF statistics:
 412 PDF objects out of 1000 (max. 8388607)
 0 named destinations out of 1000 (max. 500000)
 26 words of extra memory for PDF output out of 10000 (max. 10000000)

