This is pdfTeX, Version 3.141592653-2.6-1.40.25 (MiKTeX 23.9) (preloaded format=pdflatex 2023.9.22)  30 MAR 2024 17:04
entering extended mode
 restricted \write18 enabled.
 %&-line parsing enabled.
**./DTRN_arXiv_r2_changed.tex
(DTRN_arXiv_r2_changed.tex
LaTeX2e <2023-06-01> patch level 1
L3 programming layer <2023-08-29>
(C:\Users\micha\AppData\Local\Programs\MiKTeX\tex/latex/base\article.cls
Document Class: article 2023/05/17 v1.4n Standard LaTeX document class
(C:\Users\micha\AppData\Local\Programs\MiKTeX\tex/latex/base\size10.clo
File: size10.clo 2023/05/17 v1.4n Standard LaTeX file (size option)
)
\c@part=\count185
\c@section=\count186
\c@subsection=\count187
\c@subsubsection=\count188
\c@paragraph=\count189
\c@subparagraph=\count190
\c@figure=\count191
\c@table=\count192
\abovecaptionskip=\skip48
\belowcaptionskip=\skip49
\bibindent=\dimen140
)
(aaai16.sty
Conference Style for AAAI for LaTeX 2e -- version of 1 January 2016
\titlebox=\skip50
) (C:\Users\micha\AppData\Local\Programs\MiKTeX\tex/latex/psnfss\times.sty
Package: times 2020/03/25 PSNFSS-v9.3 (SPQR) 
)
(C:\Users\micha\AppData\Local\Programs\MiKTeX\tex/latex/psnfss\helvet.sty
Package: helvet 2020/03/25 PSNFSS-v9.3 (WaS) 

(C:\Users\micha\AppData\Local\Programs\MiKTeX\tex/latex/graphics\keyval.sty
Package: keyval 2022/05/29 v1.15 key=value parser (DPC)
\KV@toks@=\toks17
))
(C:\Users\micha\AppData\Local\Programs\MiKTeX\tex/latex/psnfss\courier.sty
Package: courier 2020/03/25 PSNFSS-v9.3 (WaS) 
)
(C:\Users\micha\AppData\Local\Programs\MiKTeX\tex/latex/graphics\color.sty
Package: color 2022/01/06 v1.3d Standard LaTeX Color (DPC)

(C:\Users\micha\AppData\Local\Programs\MiKTeX\tex/latex/graphics-cfg\color.cfg
File: color.cfg 2016/01/02 v1.6 sample color configuration
)
Package color Info: Driver file: pdftex.def on input line 149.

(C:\Users\micha\AppData\Local\Programs\MiKTeX\tex/latex/graphics-def\pdftex.def
File: pdftex.def 2022/09/22 v1.2b Graphics/color driver for pdftex
)
(C:\Users\micha\AppData\Local\Programs\MiKTeX\tex/latex/graphics\mathcolor.ltx)
) (C:\Users\micha\AppData\Local\Programs\MiKTeX\tex/latex/graphics\graphicx.sty
Package: graphicx 2021/09/16 v1.2d Enhanced LaTeX Graphics (DPC,SPQR)
(C:\Users\micha\AppData\Local\Programs\MiKTeX\tex/latex/graphics\graphics.sty
Package: graphics 2022/03/10 v1.4e Standard LaTeX Graphics (DPC,SPQR)

(C:\Users\micha\AppData\Local\Programs\MiKTeX\tex/latex/graphics\trig.sty
Package: trig 2021/08/11 v1.11 sin cos tan (DPC)
)
(C:\Users\micha\AppData\Local\Programs\MiKTeX\tex/latex/graphics-cfg\graphics.c
fg
File: graphics.cfg 2016/06/04 v1.11 sample graphics configuration
)
Package graphics Info: Driver file: pdftex.def on input line 107.
)
\Gin@req@height=\dimen141
\Gin@req@width=\dimen142
)
(C:\Users\micha\AppData\Local\Programs\MiKTeX\tex/latex/multirow\multirow.sty
Package: multirow 2021/03/15 v2.8 Span multiple rows of a table
\multirow@colwidth=\skip51
\multirow@cntb=\count193
\multirow@dima=\skip52
\bigstrutjot=\dimen143
)
(C:\Users\micha\AppData\Local\Programs\MiKTeX\tex/latex/graphics\epsfig.sty
Package: epsfig 2017/06/25 v1.7b (e)psfig emulation (SPQR)
\epsfxsize=\dimen144
\epsfysize=\dimen145
)
(C:\Users\micha\AppData\Local\Programs\MiKTeX\tex/latex/amsmath\amsmath.sty
Package: amsmath 2023/05/13 v2.17o AMS math features
\@mathmargin=\skip53

For additional information on amsmath, use the `?' option.
(C:\Users\micha\AppData\Local\Programs\MiKTeX\tex/latex/amsmath\amstext.sty
Package: amstext 2021/08/26 v2.01 AMS text

(C:\Users\micha\AppData\Local\Programs\MiKTeX\tex/latex/amsmath\amsgen.sty
File: amsgen.sty 1999/11/30 v2.0 generic functions
\@emptytoks=\toks18
\ex@=\dimen146
))
(C:\Users\micha\AppData\Local\Programs\MiKTeX\tex/latex/amsmath\amsbsy.sty
Package: amsbsy 1999/11/29 v1.2d Bold Symbols
\pmbraise@=\dimen147
)
(C:\Users\micha\AppData\Local\Programs\MiKTeX\tex/latex/amsmath\amsopn.sty
Package: amsopn 2022/04/08 v2.04 operator names
)
\inf@bad=\count194
LaTeX Info: Redefining \frac on input line 234.
\uproot@=\count195
\leftroot@=\count196
LaTeX Info: Redefining \overline on input line 399.
LaTeX Info: Redefining \colon on input line 410.
\classnum@=\count197
\DOTSCASE@=\count198
LaTeX Info: Redefining \ldots on input line 496.
LaTeX Info: Redefining \dots on input line 499.
LaTeX Info: Redefining \cdots on input line 620.
\Mathstrutbox@=\box51
\strutbox@=\box52
LaTeX Info: Redefining \big on input line 722.
LaTeX Info: Redefining \Big on input line 723.
LaTeX Info: Redefining \bigg on input line 724.
LaTeX Info: Redefining \Bigg on input line 725.
\big@size=\dimen148
LaTeX Font Info:    Redeclaring font encoding OML on input line 743.
LaTeX Font Info:    Redeclaring font encoding OMS on input line 744.
\macc@depth=\count199
LaTeX Info: Redefining \bmod on input line 905.
LaTeX Info: Redefining \pmod on input line 910.
LaTeX Info: Redefining \smash on input line 940.
LaTeX Info: Redefining \relbar on input line 970.
LaTeX Info: Redefining \Relbar on input line 971.
\c@MaxMatrixCols=\count266
\dotsspace@=\muskip16
\c@parentequation=\count267
\dspbrk@lvl=\count268
\tag@help=\toks19
\row@=\count269
\column@=\count270
\maxfields@=\count271
\andhelp@=\toks20
\eqnshift@=\dimen149
\alignsep@=\dimen150
\tagshift@=\dimen151
\tagwidth@=\dimen152
\totwidth@=\dimen153
\lineht@=\dimen154
\@envbody=\toks21
\multlinegap=\skip54
\multlinetaggap=\skip55
\mathdisplay@stack=\toks22
LaTeX Info: Redefining \[ on input line 2953.
LaTeX Info: Redefining \] on input line 2954.
)
(C:\Users\micha\AppData\Local\Programs\MiKTeX\tex/latex/amsfonts\amssymb.sty
Package: amssymb 2013/01/14 v3.01 AMS font symbols

(C:\Users\micha\AppData\Local\Programs\MiKTeX\tex/latex/amsfonts\amsfonts.sty
Package: amsfonts 2013/01/14 v3.01 Basic AMSFonts support
\symAMSa=\mathgroup4
\symAMSb=\mathgroup5
LaTeX Font Info:    Redeclaring math symbol \hbar on input line 98.
LaTeX Font Info:    Overwriting math alphabet `\mathfrak' in version `bold'
(Font)                  U/euf/m/n --> U/euf/b/n on input line 106.
))
(C:\Users\micha\AppData\Local\Programs\MiKTeX\tex/latex/subfigure\subfigure.sty
Package: subfigure 2002/07/30 v2.1.4 subfigure package
\subfigtopskip=\skip56
\subfigcapskip=\skip57
\subfigcaptopadj=\dimen155
\subfigbottomskip=\skip58
\subfigcapmargin=\dimen156
\subfiglabelskip=\skip59
\c@subfigure=\count272
\c@lofdepth=\count273
\c@subtable=\count274
\c@lotdepth=\count275
****************************************
* Local config file subfigure.cfg used *
****************************************

(C:\Users\micha\AppData\Local\Programs\MiKTeX\tex/latex/subfigure\subfigure.cfg
)
\subfig@top=\skip60
\subfig@bottom=\skip61
) (C:\Users\micha\AppData\Local\Programs\MiKTeX\tex/latex/caption\caption.sty
Package: caption 2023/07/31 v3.6n Customizing captions (AR)

(C:\Users\micha\AppData\Local\Programs\MiKTeX\tex/latex/caption\caption3.sty
Package: caption3 2023/07/31 v2.4d caption3 kernel (AR)
\caption@tempdima=\dimen157
\captionmargin=\dimen158
\caption@leftmargin=\dimen159
\caption@rightmargin=\dimen160
\caption@width=\dimen161
\caption@indent=\dimen162
\caption@parindent=\dimen163
\caption@hangindent=\dimen164
Package caption Info: Standard document class detected.
)
\c@caption@flags=\count276
\c@continuedfloat=\count277
Package caption Info: subfigure package is loaded.
)
(C:\Users\micha\AppData\Local\Programs\MiKTeX\tex/latex/tools\multicol.sty
Package: multicol 2023/03/30 v1.9f multicolumn formatting (FMi)
\c@tracingmulticols=\count278
\mult@box=\box53
\multicol@leftmargin=\dimen165
\c@unbalance=\count279
\c@collectmore=\count280
\doublecol@number=\count281
\multicoltolerance=\count282
\multicolpretolerance=\count283
\full@width=\dimen166
\page@free=\dimen167
\premulticols=\dimen168
\postmulticols=\dimen169
\multicolsep=\skip62
\multicolbaselineskip=\skip63
\partial@page=\box54
\last@line=\box55
\mc@boxedresult=\box56
\maxbalancingoverflow=\dimen170
\mult@rightbox=\box57
\mult@grightbox=\box58
\mult@firstbox=\box59
\mult@gfirstbox=\box60
\@tempa=\box61
\@tempa=\box62
\@tempa=\box63
\@tempa=\box64
\@tempa=\box65
\@tempa=\box66
\@tempa=\box67
\@tempa=\box68
\@tempa=\box69
\@tempa=\box70
\@tempa=\box71
\@tempa=\box72
\@tempa=\box73
\@tempa=\box74
\@tempa=\box75
\@tempa=\box76
\@tempa=\box77
\@tempa=\box78
\@tempa=\box79
\@tempa=\box80
\@tempa=\box81
\@tempa=\box82
\@tempa=\box83
\@tempa=\box84
\@tempa=\box85
\@tempa=\box86
\@tempa=\box87
\@tempa=\box88
\@tempa=\box89
\@tempa=\box90
\@tempa=\box91
\@tempa=\box92
\@tempa=\box93
\@tempa=\box94
\@tempa=\box95
\@tempa=\box96
\c@minrows=\count284
\c@columnbadness=\count285
\c@finalcolumnbadness=\count286
\last@try=\dimen171
\multicolovershoot=\dimen172
\multicolundershoot=\dimen173
\mult@nat@firstbox=\box97
\colbreak@box=\box98
\mc@col@check@num=\count287
)
LaTeX Font Info:    Trying to load font information for OT1+ptm on input line 2
2.

(C:\Users\micha\AppData\Local\Programs\MiKTeX\tex/latex/psnfss\ot1ptm.fd
File: ot1ptm.fd 2001/06/04 font definitions for OT1/ptm.
)
(C:\Users\micha\AppData\Local\Programs\MiKTeX\tex/latex/l3backend\l3backend-pdf
tex.def
File: l3backend-pdftex.def 2023-04-19 L3 backend support: PDF output (pdfTeX)
\l__color_backend_stack_int=\count288
\l__pdf_internal_box=\box99
) (DTRN_arXiv_r2_changed.aux
Runaway argument?
{{1}{7}{Cropped word recognition results on the SVT, ICDAR 2003, and \ETC.
! Paragraph ended before \@newl@bel was complete.
<to be read again> 
                   \par 
l.96 ...kip 0in{##1})}\let \reserved@d =[\def \par
                                                   }{}{}}
I suspect you've forgotten a `}', causing me to apply this
control sequence to too much text. How can we recover?
My plan is to forget the whole thing and hope for the best.

! Extra }, or forgotten \endgroup.
l.96 ...p 0in{##1})}\let \reserved@d =[\def \par }
                                                  {}{}}
I've deleted a group-closing symbol because it seems to be
spurious, as in `$x}$'. But perhaps the } is legitimate and
you forgot something else, as in `\hbox{$x}'. In such cases
the way to recover is to insert both the forgotten and the
deleted material, e.g., by typing `I$}'.

! Extra }, or forgotten \endgroup.
l.96 ...{##1})}\let \reserved@d =[\def \par }{}{}}
                                                  
I've deleted a group-closing symbol because it seems to be
spurious, as in `$x}$'. But perhaps the } is legitimate and
you forgot something else, as in `\hbox{$x}'. In such cases
the way to recover is to insert both the forgotten and the
deleted material, e.g., by typing `I$}'.

)
\openout1 = `DTRN_arXiv_r2_changed.aux'.

LaTeX Font Info:    Checking defaults for OML/cmm/m/it on input line 22.
LaTeX Font Info:    ... okay on input line 22.
LaTeX Font Info:    Checking defaults for OMS/cmsy/m/n on input line 22.
LaTeX Font Info:    ... okay on input line 22.
LaTeX Font Info:    Checking defaults for OT1/cmr/m/n on input line 22.
LaTeX Font Info:    ... okay on input line 22.
LaTeX Font Info:    Checking defaults for T1/cmr/m/n on input line 22.
LaTeX Font Info:    ... okay on input line 22.
LaTeX Font Info:    Checking defaults for TS1/cmr/m/n on input line 22.
LaTeX Font Info:    ... okay on input line 22.
LaTeX Font Info:    Checking defaults for OMX/cmex/m/n on input line 22.
LaTeX Font Info:    ... okay on input line 22.
LaTeX Font Info:    Checking defaults for U/cmr/m/n on input line 22.
LaTeX Font Info:    ... okay on input line 22.

(C:\Users\micha\AppData\Local\Programs\MiKTeX\tex/context/base/mkii\supp-pdf.mk
ii
[Loading MPS to PDF converter (version 2006.09.02).]
\scratchcounter=\count289
\scratchdimen=\dimen174
\scratchbox=\box100
\nofMPsegments=\count290
\nofMParguments=\count291
\everyMPshowfont=\toks23
\MPscratchCnt=\count292
\MPscratchDim=\dimen175
\MPnumerator=\count293
\makeMPintoPDFobject=\count294
\everyMPtoPDFconversion=\toks24
)
(C:\Users\micha\AppData\Local\Programs\MiKTeX\tex/latex/epstopdf-pkg\epstopdf-b
ase.sty
Package: epstopdf-base 2020-01-24 v2.11 Base part for package epstopdf
Package epstopdf-base Info: Redefining graphics rule for `.eps' on input line 4
85.

(C:\Users\micha\AppData\Local\Programs\MiKTeX\tex/latex/00miktex\epstopdf-sys.c
fg
File: epstopdf-sys.cfg 2021/03/18 v2.0 Configuration of epstopdf for MiKTeX
))
Package caption Info: Begin \AtBeginDocument code.
Package caption Info: End \AtBeginDocument code.
LaTeX Font Info:    Trying to load font information for U+msa on input line 41.

 (C:\Users\micha\AppData\Local\Programs\MiKTeX\tex/latex/amsfonts\umsa.fd
File: umsa.fd 2013/01/14 v3.01 AMS symbols A
)
LaTeX Font Info:    Trying to load font information for U+msb on input line 41.


(C:\Users\micha\AppData\Local\Programs\MiKTeX\tex/latex/amsfonts\umsb.fd
File: umsb.fd 2013/01/14 v3.01 AMS symbols B
)
LaTeX Font Info:    Trying to load font information for TS1+ptm on input line 4
1.

(C:\Users\micha\AppData\Local\Programs\MiKTeX\tex/latex/psnfss\ts1ptm.fd
File: ts1ptm.fd 2001/06/04 font definitions for TS1/ptm.
)
LaTeX Font Info:    Trying to load font information for OT1+pcr on input line 4
1.

(C:\Users\micha\AppData\Local\Programs\MiKTeX\tex/latex/psnfss\ot1pcr.fd
File: ot1pcr.fd 2001/06/04 font definitions for OT1/pcr.
)
LaTeX Font Info:    Trying to load font information for OMS+pcr on input line 4
1.

(C:\Users\micha\AppData\Local\Programs\MiKTeX\tex/latex/psnfss\omspcr.fd
File: omspcr.fd 
)
LaTeX Font Info:    Font shape `OMS/pcr/m/n' in size <10> not available
(Font)              Font shape `OMS/cmsy/m/n' tried instead on input line 41.
<figures/main.png, id=1, 423.984pt x 441.3288pt>
File: figures/main.png Graphic file (type png)
<use figures/main.png>
Package pdftex.def Info: figures/main.png  used on input line 53.
(pdftex.def)             Requested size: 227.62816pt x 213.39772pt.


LaTeX Warning: Citation `Huang2014' on page 1 undefined on input line 61.


LaTeX Warning: Citation `Yin2014' on page 1 undefined on input line 61.


LaTeX Warning: Citation `He2015' on page 1 undefined on input line 61.


LaTeX Warning: Citation `Zhang2015' on page 1 undefined on input line 61.


LaTeX Warning: Citation `Huang2013' on page 1 undefined on input line 61.


LaTeX Warning: Citation `Neumann2013' on page 1 undefined on input line 61.


LaTeX Warning: Citation `Jaderberg2014' on page 1 undefined on input line 61.


LaTeX Warning: Citation `Almazan2014' on page 1 undefined on input line 61.


LaTeX Warning: Citation `Jaderberg2014b' on page 1 undefined on input line 61.


LaTeX Warning: Citation `Bissacco2013' on page 1 undefined on input line 61.


LaTeX Warning: Citation `Yao2014' on page 1 undefined on input line 61.


LaTeX Warning: Citation `Jaderberg2015b' on page 1 undefined on input line 64.


LaTeX Warning: Citation `Almazan2014' on page 1 undefined on input line 64.


LaTeX Warning: Citation `Jaderberg2014' on page 1 undefined on input line 74.


LaTeX Warning: Citation `Bissacco2013' on page 1 undefined on input line 74.


LaTeX Warning: Citation `Yao2014' on page 1 undefined on input line 74.


LaTeX Warning: Citation `Lee2014' on page 1 undefined on input line 74.


LaTeX Warning: Citation `Graves2009' on page 1 undefined on input line 89.


LaTeX Warning: Citation `Graves2008' on page 1 undefined on input line 89.


LaTeX Warning: Citation `Graves2014' on page 1 undefined on input line 89.


LaTeX Warning: Citation `Sutskever2014' on page 1 undefined on input line 89.


LaTeX Warning: Citation `Graves2009' on page 1 undefined on input line 93.


LaTeX Warning: Citation `Graves2008' on page 1 undefined on input line 93.


LaTeX Warning: Citation `Breuel2013' on page 1 undefined on input line 93.

[1{C:/Users/micha/AppData/Local/MiKTeX/fonts/map/pdftex/pdftex.map}{C:/Users/mi
cha/AppData/Local/Programs/MiKTeX/fonts/enc/dvips/base/8r.enc}



 <./figures/main.png>]

LaTeX Warning: Citation `Breuel2013' on page 2 undefined on input line 114.


LaTeX Warning: Citation `Graves2009' on page 2 undefined on input line 114.


LaTeX Warning: Citation `Su2014' on page 2 undefined on input line 114.


LaTeX Warning: Citation `Bissacco2013' on page 2 undefined on input line 117.


LaTeX Warning: Citation `Jaderberg2014' on page 2 undefined on input line 117.


LaTeX Warning: Citation `Wang2012' on page 2 undefined on input line 117.


LaTeX Warning: Citation `Jaderberg2015b' on page 2 undefined on input line 123.



LaTeX Warning: Citation `Jaderberg2014' on page 2 undefined on input line 123.


LaTeX Warning: Citation `Wang2012' on page 2 undefined on input line 123.


LaTeX Warning: Citation `Jaderberg2014' on page 2 undefined on input line 129.


LaTeX Warning: Citation `Almazan2014' on page 2 undefined on input line 129.


LaTeX Warning: Citation `Wang2011' on page 2 undefined on input line 135.


LaTeX Warning: Citation `Neumann2013' on page 2 undefined on input line 135.


LaTeX Warning: Citation `Lee2014' on page 2 undefined on input line 136.


LaTeX Warning: Citation `Yao2014' on page 2 undefined on input line 136.


LaTeX Warning: Citation `LeCun1998' on page 2 undefined on input line 140.


LaTeX Warning: Citation `Wang2012' on page 2 undefined on input line 140.


LaTeX Warning: Citation `Bissacco2013' on page 2 undefined on input line 140.


LaTeX Warning: Citation `Jaderberg2014' on page 2 undefined on input line 140.


LaTeX Warning: Citation `Jaderberg2014' on page 2 undefined on input line 142.


LaTeX Warning: Citation `Bissacco2013' on page 2 undefined on input line 142.


LaTeX Warning: Citation `Almazan2014' on page 2 undefined on input line 146.


LaTeX Warning: Citation `Jaderberg2015b' on page 2 undefined on input line 148.



LaTeX Warning: Citation `Jaderberg2015b' on page 2 undefined on input line 148.



LaTeX Warning: Citation `Jaderberg2015a' on page 2 undefined on input line 150.



LaTeX Warning: Citation `Su2014' on page 2 undefined on input line 155.

[2]

LaTeX Warning: Citation `Andrej2015' on page 3 undefined on input line 161.


LaTeX Warning: Citation `Donahue2014' on page 3 undefined on input line 161.


LaTeX Warning: Citation `Alsharif2013' on page 3 undefined on input line 161.


LaTeX Warning: Citation `Visin2015' on page 3 undefined on input line 161.

<figures/cnn.png, id=19, 680.5425pt x 178.41656pt>
File: figures/cnn.png Graphic file (type png)
<use figures/cnn.png>
Package pdftex.def Info: figures/cnn.png  used on input line 187.
(pdftex.def)             Requested size: 426.79181pt x 113.8105pt.

Underfull \hbox (badness 2426) in paragraph at lines 203--205
\OT1/ptm/m/n/10 where $\OML/cmm/m/it/10 ^^R$ \OT1/ptm/m/n/10 are the pa-ram-e-t
ers of the re-cur-rent sys-tem.
 []


LaTeX Warning: Citation `Hochreiter1997' on page 3 undefined on input line 224.



LaTeX Warning: Citation `Goodfellow2013' on page 3 undefined on input line 239.



LaTeX Warning: Citation `Jaderberg2014' on page 3 undefined on input line 239.


LaTeX Warning: Citation `Alsharif2013' on page 3 undefined on input line 239.


LaTeX Warning: Citation `Jaderberg2014' on page 3 undefined on input line 239.


LaTeX Warning: Citation `Graves2009' on page 3 undefined on input line 251.

[3]

LaTeX Warning: Citation `Hochreiter1997' on page 4 undefined on input line 255.



LaTeX Warning: Citation `Hochreiter1997' on page 4 undefined on input line 255.


<figures/rnn.png, id=29, 622.0038pt x 450.9648pt>
File: figures/rnn.png Graphic file (type png)
<use figures/rnn.png>
Package pdftex.def Info: figures/rnn.png  used on input line 261.
(pdftex.def)             Requested size: 241.84021pt x 142.2611pt.

Overfull \hbox (2.44583pt too wide) in paragraph at lines 261--262
 [] 
 []

<figures/training_lstm.png, id=30, 168.63pt x 302.63063pt>
File: figures/training_lstm.png Graphic file (type png)
<use figures/training_lstm.png>
Package pdftex.def Info: figures/training_lstm.png  used on input line 278.
(pdftex.def)             Requested size: 85.35945pt x 99.5821pt.
<figures/training_ctc.png, id=31, 168.63pt x 303.38344pt>
File: figures/training_ctc.png Graphic file (type png)
<use figures/training_ctc.png>
Package pdftex.def Info: figures/training_ctc.png  used on input line 279.
(pdftex.def)             Requested size: 85.35945pt x 99.58447pt.
<figures/training_both.png, id=32, 312.41719pt x 304.13625pt>
File: figures/training_both.png Graphic file (type png)
<use figures/training_both.png>
Package pdftex.def Info: figures/training_both.png  used on input line 280.
(pdftex.def)             Requested size: 142.26443pt x 99.58098pt.
<figures/maxout_vs_lstm.png, id=33, 1657.69313pt x 820.56563pt>
File: figures/maxout_vs_lstm.png Graphic file (type png)
<use figures/maxout_vs_lstm.png>
Package pdftex.def Info: figures/maxout_vs_lstm.png  used on input line 281.
(pdftex.def)             Requested size: 170.71141pt x 99.57797pt.

LaTeX Warning: Citation `Graves2009' on page 4 undefined on input line 291.


LaTeX Warning: Citation `Graves2005' on page 4 undefined on input line 291.


LaTeX Warning: Citation `Graves2005' on page 4 undefined on input line 297.


LaTeX Warning: Citation `Graves2009' on page 4 undefined on input line 316.


LaTeX Warning: Citation `Graves2005' on page 4 undefined on input line 316.

[4 <./figures/cnn.png> <./figures/rnn.png>]

LaTeX Warning: Citation `Jaderberg2014' on page 5 undefined on input line 320.


LaTeX Warning: Citation `Graves2006' on page 5 undefined on input line 330.


LaTeX Warning: Citation `Wang2011' on page 5 undefined on input line 355.


LaTeX Warning: Citation `Lucas2003' on page 5 undefined on input line 355.


LaTeX Warning: Citation `Mishra2012' on page 5 undefined on input line 355.

<figures/result.png, id=39, 1165.35374pt x 599.23875pt>
File: figures/result.png Graphic file (type png)
<use figures/result.png>
Package pdftex.def Info: figures/result.png  used on input line 371.
(pdftex.def)             Requested size: 455.23297pt x 199.16666pt.

LaTeX Warning: Citation `Jaderberg2014' on page 5 undefined on input line 386.


LaTeX Warning: Citation `Wang2012' on page 5 undefined on input line 386.


LaTeX Warning: Citation `Shi2013' on page 5 undefined on input line 468.


LaTeX Warning: Citation `Yao2014' on page 5 undefined on input line 470.


Overfull \hbox (338.37143pt too wide) in paragraph at lines 417--493
[][] 
 []

<figures/unconstrained.png, id=40, 354.57469pt x 398.23781pt>
File: figures/unconstrained.png Graphic file (type png)
<use figures/unconstrained.png>
Package pdftex.def Info: figures/unconstrained.png  used on input line 504.
(pdftex.def)             Requested size: 144.54337pt x 187.90099pt.

Overfull \hbox (89.43103pt too wide) in paragraph at lines 502--507
[][] 
 []


LaTeX Warning: Citation `Jaderberg2014b' on page 5 undefined on input line 510.



LaTeX Warning: Citation `Jaderberg2014b' on page 5 undefined on input line 510.


! Undefined control sequence.
\citeauthoryear #1#2->\def \@thisauthor 
                                        {#1}\ifx \@lastauthor \@thisauthor \...
l.510 ...haracter spaces.}\label{table:fullresult}
                                                  
The control sequence at the end of the top line
of your error message was never \def'ed. If you have
misspelled it (e.g., `\hobx'), type `I' and the correct
spelling (e.g., `I\hbox'). Otherwise just continue,
and I'll forget about whatever was undefined.

! Illegal parameter number in definition of \reserved@a.
<to be read again> 
                   }
l.510 ...haracter spaces.}\label{table:fullresult}
                                                  
You meant to type ## instead of #, right?
Or maybe a } was forgotten somewhere earlier, and things
are all screwed up? I'm going to assume that you meant ##.

! Illegal parameter number in definition of \reserved@a.
<to be read again> 
                    
l.510 ...haracter spaces.}\label{table:fullresult}
                                                  
You meant to type ## instead of #, right?
Or maybe a } was forgotten somewhere earlier, and things
are all screwed up? I'm going to assume that you meant ##.

! Illegal parameter number in definition of \reserved@a.
<to be read again> 
                   2
l.510 ...haracter spaces.}\label{table:fullresult}
                                                  
You meant to type ## instead of #, right?
Or maybe a } was forgotten somewhere earlier, and things
are all screwed up? I'm going to assume that you meant ##.

! Undefined control sequence.
\cite ...\citeauthoryear ##1##2{\def \@thisauthor 
                                                  {##1}\ifx \@lastauthor \@t...
l.510 ...haracter spaces.}\label{table:fullresult}
                                                  
The control sequence at the end of the top line
of your error message was never \def'ed. If you have
misspelled it (e.g., `\hobx'), type `I' and the correct
spelling (e.g., `I\hbox'). Otherwise just continue,
and I'll forget about whatever was undefined.

! Illegal parameter number in definition of \reserved@a.
<to be read again> 
                   1
l.510 ...haracter spaces.}\label{table:fullresult}
                                                  
You meant to type ## instead of #, right?
Or maybe a } was forgotten somewhere earlier, and things
are all screwed up? I'm going to assume that you meant ##.

! Illegal parameter number in definition of \reserved@a.
<to be read again> 
                   1
l.510 ...haracter spaces.}\label{table:fullresult}
                                                  
You meant to type ## instead of #, right?
Or maybe a } was forgotten somewhere earlier, and things
are all screwed up? I'm going to assume that you meant ##.

! Illegal parameter number in definition of \reserved@a.
<to be read again> 
                   2
l.510 ...haracter spaces.}\label{table:fullresult}
                                                  
You meant to type ## instead of #, right?
Or maybe a } was forgotten somewhere earlier, and things
are all screwed up? I'm going to assume that you meant ##.

! Illegal parameter number in definition of \reserved@a.
<to be read again> 
                   }
l.510 ...haracter spaces.}\label{table:fullresult}
                                                  
You meant to type ## instead of #, right?
Or maybe a } was forgotten somewhere earlier, and things
are all screwed up? I'm going to assume that you meant ##.

! Illegal parameter number in definition of \reserved@a.
<to be read again> 
                   2
l.510 ...haracter spaces.}\label{table:fullresult}
                                                  
You meant to type ## instead of #, right?
Or maybe a } was forgotten somewhere earlier, and things
are all screwed up? I'm going to assume that you meant ##.

! Illegal parameter number in definition of \reserved@a.
<to be read again> 
                   1
l.510 ...haracter spaces.}\label{table:fullresult}
                                                  
You meant to type ## instead of #, right?
Or maybe a } was forgotten somewhere earlier, and things
are all screwed up? I'm going to assume that you meant ##.

! Argument of \caption@@@withoptargs has an extra }.
<inserted text> 
                \par 
l.510 ...haracter spaces.}\label{table:fullresult}
                                                  
I've run across a `}' that doesn't seem to match anything.
For example, `\def\a#1{...}' and `\a}' would produce
this error. If you simply proceed now, the `\par' that
I've just inserted will cause me to report a runaway
argument that might be the root of the problem. But if
your `}' was spurious, just type `2' and it will go away.

Runaway argument?
{\caption@@xlabel }{\@tempswatrue \@citex }\def \reserved@b {\@tempswafalse \ET
C.
! Paragraph ended before \caption@@@withoptargs was complete.
<to be read again> 
                   \par 
l.510 ...haracter spaces.}\label{table:fullresult}
                                                  
I suspect you've forgotten a `}', causing me to apply this
control sequence to too much text. How can we recover?
My plan is to forget the whole thing and hope for the best.


LaTeX Warning: Reference `table:fullresult' on page 5 undefined on input line 5
14.

[5 <./figures/training_lstm.png> <./figures/training_ctc.png> <./figures/traini
ng_both.png> <./figures/maxout_vs_lstm.png>]

LaTeX Warning: Citation `Yao2014' on page 6 undefined on input line 520.


LaTeX Warning: Citation `Lee2014' on page 6 undefined on input line 520.


LaTeX Warning: Citation `Almazan2014' on page 6 undefined on input line 592.


Underfull \vbox (badness 2790) has occurred while \output is active []



LaTeX Warning: Citation `Bissacco2013' on page 6 undefined on input line 594.


LaTeX Warning: Citation `Jaderberg2014b' on page 6 undefined on input line 599.



LaTeX Warning: Citation `Jaderberg2015a' on page 6 undefined on input line 599.



LaTeX Warning: Citation `Jaderberg2015b' on page 6 undefined on input line 599.



Underfull \vbox (badness 10000) has occurred while \output is active []

 [6 <./figures/result.png>]
Underfull \hbox (badness 5431) in paragraph at lines 621--622
\OT1/ptm/m/n/10 This work is partly sup-ported by Na-tional Nat-u-ral
 []


Underfull \hbox (badness 6284) in paragraph at lines 621--622
\OT1/ptm/m/n/10 Sci-ence Foun-da-tion of China (61503367, 91320101,
 []


Underfull \hbox (badness 10000) in paragraph at lines 621--622
\OT1/ptm/m/n/10 61472410), Guang-dong Nat-u-ral Sci-ence Foun-da-tion
 []

No file DTRN_arXiv_r2_changed.bbl.

Underfull \vbox (badness 10000) has occurred while \output is active []

 [7 <./figures/unconstrained.png>] [8

] (DTRN_arXiv_r2_changed.aux
Runaway argument?
{{1}{7}{Cropped word recognition results on the SVT, ICDAR 2003, and \ETC.
! Paragraph ended before \@newl@bel was complete.
<to be read again> 
                   \par 
l.96 ...kip 0in{##1})}\let \reserved@d =[\def \par
                                                   }{}{}}
I suspect you've forgotten a `}', causing me to apply this
control sequence to too much text. How can we recover?
My plan is to forget the whole thing and hope for the best.

! Extra }, or forgotten \endgroup.
l.96 ...p 0in{##1})}\let \reserved@d =[\def \par }
                                                  {}{}}
I've deleted a group-closing symbol because it seems to be
spurious, as in `$x}$'. But perhaps the } is legitimate and
you forgot something else, as in `\hbox{$x}'. In such cases
the way to recover is to insert both the forgotten and the
deleted material, e.g., by typing `I$}'.

! Extra }, or forgotten \endgroup.
l.96 ...{##1})}\let \reserved@d =[\def \par }{}{}}
                                                  
I've deleted a group-closing symbol because it seems to be
spurious, as in `$x}$'. But perhaps the } is legitimate and
you forgot something else, as in `\hbox{$x}'. In such cases
the way to recover is to insert both the forgotten and the
deleted material, e.g., by typing `I$}'.

)
 ***********
LaTeX2e <2023-06-01> patch level 1
L3 programming layer <2023-08-29>
 ***********


LaTeX Warning: There were undefined references.

 ) 
Here is how much of TeX's memory you used:
 4733 strings out of 475247
 79434 string characters out of 5757792
 1953801 words of memory out of 5000000
 26184 multiletter control sequences out of 15000+600000
 589031 words of font info for 102 fonts, out of 8000000 for 9000
 1141 hyphenation exceptions out of 8191
 57i,15n,65p,2254b,385s stack positions out of 10000i,1000n,20000p,200000b,200000s
<C:/Users/micha/AppData/Local/Programs/MiKTeX/fonts/type1/public/amsfonts/cm/
cmex10.pfb><C:/Users/micha/AppData/Local/Programs/MiKTeX/fonts/type1/public/ams
fonts/cm/cmmi10.pfb><C:/Users/micha/AppData/Local/Programs/MiKTeX/fonts/type1/p
ublic/amsfonts/cm/cmmi5.pfb><C:/Users/micha/AppData/Local/Programs/MiKTeX/fonts
/type1/public/amsfonts/cm/cmmi6.pfb><C:/Users/micha/AppData/Local/Programs/MiKT
eX/fonts/type1/public/amsfonts/cm/cmmi7.pfb><C:/Users/micha/AppData/Local/Progr
ams/MiKTeX/fonts/type1/public/amsfonts/cm/cmmi8.pfb><C:/Users/micha/AppData/Loc
al/Programs/MiKTeX/fonts/type1/public/amsfonts/cm/cmmi9.pfb><C:/Users/micha/App
Data/Local/Programs/MiKTeX/fonts/type1/public/amsfonts/cm/cmr10.pfb><C:/Users/m
icha/AppData/Local/Programs/MiKTeX/fonts/type1/public/amsfonts/cm/cmr6.pfb><C:/
Users/micha/AppData/Local/Programs/MiKTeX/fonts/type1/public/amsfonts/cm/cmr7.p
fb><C:/Users/micha/AppData/Local/Programs/MiKTeX/fonts/type1/public/amsfonts/cm
/cmr8.pfb><C:/Users/micha/AppData/Local/Programs/MiKTeX/fonts/type1/public/amsf
onts/cm/cmr9.pfb><C:/Users/micha/AppData/Local/Programs/MiKTeX/fonts/type1/publ
ic/amsfonts/cm/cmsy10.pfb><C:/Users/micha/AppData/Local/Programs/MiKTeX/fonts/t
ype1/public/amsfonts/cm/cmsy6.pfb><C:/Users/micha/AppData/Local/Programs/MiKTeX
/fonts/type1/public/amsfonts/cm/cmsy7.pfb><C:/Users/micha/AppData/Local/Program
s/MiKTeX/fonts/type1/public/amsfonts/cm/cmsy9.pfb><C:/Users/micha/AppData/Local
/Programs/MiKTeX/fonts/type1/public/amsfonts/symbols/msbm10.pfb><C:/Users/micha
/AppData/Local/Programs/MiKTeX/fonts/type1/urw/courier/ucrr8a.pfb><C:/Users/mic
ha/AppData/Local/Programs/MiKTeX/fonts/type1/urw/times/utmb8a.pfb><C:/Users/mic
ha/AppData/Local/Programs/MiKTeX/fonts/type1/urw/times/utmr8a.pfb><C:/Users/mic
ha/AppData/Local/Programs/MiKTeX/fonts/type1/urw/times/utmri8a.pfb>
Output written on DTRN_arXiv_r2_changed.pdf (8 pages, 6324614 bytes).
PDF statistics:
 149 PDF objects out of 1000 (max. 8388607)
 0 named destinations out of 1000 (max. 500000)
 46 words of extra memory for PDF output out of 10000 (max. 10000000)

