This is pdfTeX, Version 3.141592653-2.6-1.40.25 (MiKTeX 23.5) (preloaded format=pdflatex 2024.1.12)  1 APR 2024 21:54
entering extended mode
 restricted \write18 enabled.
 %&-line parsing enabled.
**./after_operator1.tex
(after_operator1.tex
LaTeX2e <2023-06-01> patch level 1
L3 programming layer <2023-08-29>
(C:\Users\orfuc\AppData\Local\Programs\MiKTeX\tex/latex/base\article.cls
Document Class: article 2023/05/17 v1.4n Standard LaTeX document class
(C:\Users\orfuc\AppData\Local\Programs\MiKTeX\tex/latex/base\size10.clo
File: size10.clo 2023/05/17 v1.4n Standard LaTeX file (size option)
)
\c@part=\count185
\c@section=\count186
\c@subsection=\count187
\c@subsubsection=\count188
\c@paragraph=\count189
\c@subparagraph=\count190
\c@figure=\count191
\c@table=\count192
\abovecaptionskip=\skip48
\belowcaptionskip=\skip49
\bibindent=\dimen140
)
(aaai20.sty
Conference Style for AAAI for LaTeX 2e -- version for the AAAI-20 conference
\titlebox=\skip50
) (C:\Users\orfuc\AppData\Local\Programs\MiKTeX\tex/latex/psnfss\times.sty
Package: times 2020/03/25 PSNFSS-v9.3 (SPQR) 
)
(C:\Users\orfuc\AppData\Local\Programs\MiKTeX\tex/latex/psnfss\helvet.sty
Package: helvet 2020/03/25 PSNFSS-v9.3 (WaS) 

(C:\Users\orfuc\AppData\Local\Programs\MiKTeX\tex/latex/graphics\keyval.sty
Package: keyval 2022/05/29 v1.15 key=value parser (DPC)
\KV@toks@=\toks17
))
(C:\Users\orfuc\AppData\Local\Programs\MiKTeX\tex/latex/psnfss\courier.sty
Package: courier 2020/03/25 PSNFSS-v9.3 (WaS) 
)
(C:\Users\orfuc\AppData\Local\Programs\MiKTeX\tex/latex/url\url.sty
\Urlmuskip=\muskip16
Package: url 2013/09/16  ver 3.4  Verb mode for urls, etc.
)
(C:\Users\orfuc\AppData\Local\Programs\MiKTeX\tex/latex/graphics\graphicx.sty
Package: graphicx 2021/09/16 v1.2d Enhanced LaTeX Graphics (DPC,SPQR)

(C:\Users\orfuc\AppData\Local\Programs\MiKTeX\tex/latex/graphics\graphics.sty
Package: graphics 2022/03/10 v1.4e Standard LaTeX Graphics (DPC,SPQR)

(C:\Users\orfuc\AppData\Local\Programs\MiKTeX\tex/latex/graphics\trig.sty
Package: trig 2021/08/11 v1.11 sin cos tan (DPC)
)
(C:\Users\orfuc\AppData\Local\Programs\MiKTeX\tex/latex/graphics-cfg\graphics.c
fg
File: graphics.cfg 2016/06/04 v1.11 sample graphics configuration
)
Package graphics Info: Driver file: pdftex.def on input line 107.

(C:\Users\orfuc\AppData\Local\Programs\MiKTeX\tex/latex/graphics-def\pdftex.def
File: pdftex.def 2022/09/22 v1.2b Graphics/color driver for pdftex
))
\Gin@req@height=\dimen141
\Gin@req@width=\dimen142
)
(C:\Users\orfuc\AppData\Local\Programs\MiKTeX\tex/latex/enumitem\enumitem.sty
Package: enumitem 2019/06/20 v3.9 Customized lists
\labelindent=\skip51
\enit@outerparindent=\dimen143
\enit@toks=\toks18
\enit@inbox=\box51
\enit@count@id=\count193
\enitdp@description=\count194
)
(C:\Users\orfuc\AppData\Local\Programs\MiKTeX\tex/latex/bbm\bbm.sty
Package: bbm 1999/03/15 V 1.2 provides fonts for set symbols - TH
LaTeX Font Info:    Overwriting math alphabet `\mathbbm' in version `bold'
(Font)                  U/bbm/m/n --> U/bbm/bx/n on input line 33.
LaTeX Font Info:    Overwriting math alphabet `\mathbbmss' in version `bold'
(Font)                  U/bbmss/m/n --> U/bbmss/bx/n on input line 35.
)
(C:\Users\orfuc\AppData\Local\Programs\MiKTeX\tex/latex/multirow\multirow.sty
Package: multirow 2021/03/15 v2.8 Span multiple rows of a table
\multirow@colwidth=\skip52
\multirow@cntb=\count195
\multirow@dima=\skip53
\bigstrutjot=\dimen144
)
(C:\Users\orfuc\AppData\Local\Programs\MiKTeX\tex/latex/amsmath\amsmath.sty
Package: amsmath 2023/05/13 v2.17o AMS math features
\@mathmargin=\skip54

For additional information on amsmath, use the `?' option.
(C:\Users\orfuc\AppData\Local\Programs\MiKTeX\tex/latex/amsmath\amstext.sty
Package: amstext 2021/08/26 v2.01 AMS text

(C:\Users\orfuc\AppData\Local\Programs\MiKTeX\tex/latex/amsmath\amsgen.sty
File: amsgen.sty 1999/11/30 v2.0 generic functions
\@emptytoks=\toks19
\ex@=\dimen145
))
(C:\Users\orfuc\AppData\Local\Programs\MiKTeX\tex/latex/amsmath\amsbsy.sty
Package: amsbsy 1999/11/29 v1.2d Bold Symbols
\pmbraise@=\dimen146
)
(C:\Users\orfuc\AppData\Local\Programs\MiKTeX\tex/latex/amsmath\amsopn.sty
Package: amsopn 2022/04/08 v2.04 operator names
)
\inf@bad=\count196
LaTeX Info: Redefining \frac on input line 234.
\uproot@=\count197
\leftroot@=\count198
LaTeX Info: Redefining \overline on input line 399.
LaTeX Info: Redefining \colon on input line 410.
\classnum@=\count199
\DOTSCASE@=\count266
LaTeX Info: Redefining \ldots on input line 496.
LaTeX Info: Redefining \dots on input line 499.
LaTeX Info: Redefining \cdots on input line 620.
\Mathstrutbox@=\box52
\strutbox@=\box53
LaTeX Info: Redefining \big on input line 722.
LaTeX Info: Redefining \Big on input line 723.
LaTeX Info: Redefining \bigg on input line 724.
LaTeX Info: Redefining \Bigg on input line 725.
\big@size=\dimen147
LaTeX Font Info:    Redeclaring font encoding OML on input line 743.
LaTeX Font Info:    Redeclaring font encoding OMS on input line 744.
\macc@depth=\count267
LaTeX Info: Redefining \bmod on input line 905.
LaTeX Info: Redefining \pmod on input line 910.
LaTeX Info: Redefining \smash on input line 940.
LaTeX Info: Redefining \relbar on input line 970.
LaTeX Info: Redefining \Relbar on input line 971.
\c@MaxMatrixCols=\count268
\dotsspace@=\muskip17
\c@parentequation=\count269
\dspbrk@lvl=\count270
\tag@help=\toks20
\row@=\count271
\column@=\count272
\maxfields@=\count273
\andhelp@=\toks21
\eqnshift@=\dimen148
\alignsep@=\dimen149
\tagshift@=\dimen150
\tagwidth@=\dimen151
\totwidth@=\dimen152
\lineht@=\dimen153
\@envbody=\toks22
\multlinegap=\skip55
\multlinetaggap=\skip56
\mathdisplay@stack=\toks23
LaTeX Info: Redefining \[ on input line 2953.
LaTeX Info: Redefining \] on input line 2954.
)
(C:\Users\orfuc\AppData\Local\Programs\MiKTeX\tex/latex/amsfonts\amssymb.sty
Package: amssymb 2013/01/14 v3.01 AMS font symbols

(C:\Users\orfuc\AppData\Local\Programs\MiKTeX\tex/latex/amsfonts\amsfonts.sty
Package: amsfonts 2013/01/14 v3.01 Basic AMSFonts support
\symAMSa=\mathgroup4
\symAMSb=\mathgroup5
LaTeX Font Info:    Redeclaring math symbol \hbar on input line 98.
LaTeX Font Info:    Overwriting math alphabet `\mathfrak' in version `bold'
(Font)                  U/euf/m/n --> U/euf/b/n on input line 106.
)) (C:\Users\orfuc\AppData\Local\Programs\MiKTeX\tex/latex/tools\array.sty
Package: array 2022/09/04 v2.5g Tabular extension package (FMi)
\col@sep=\dimen154
\ar@mcellbox=\box54
\extrarowheight=\dimen155
\NC@list=\toks24
\extratabsurround=\skip57
\backup@length=\skip58
\ar@cellbox=\box55
)
LaTeX Font Info:    Trying to load font information for OT1+ptm on input line 4
7.

(C:\Users\orfuc\AppData\Local\Programs\MiKTeX\tex/latex/psnfss\ot1ptm.fd
File: ot1ptm.fd 2001/06/04 font definitions for OT1/ptm.
)
(C:\Users\orfuc\AppData\Local\Programs\MiKTeX\tex/latex/l3backend\l3backend-pdf
tex.def
File: l3backend-pdftex.def 2023-04-19 L3 backend support: PDF output (pdfTeX)
\l__color_backend_stack_int=\count274
\l__pdf_internal_box=\box56
) (after_operator1.aux)
\openout1 = `after_operator1.aux'.

LaTeX Font Info:    Checking defaults for OML/cmm/m/it on input line 47.
LaTeX Font Info:    ... okay on input line 47.
LaTeX Font Info:    Checking defaults for OMS/cmsy/m/n on input line 47.
LaTeX Font Info:    ... okay on input line 47.
LaTeX Font Info:    Checking defaults for OT1/cmr/m/n on input line 47.
LaTeX Font Info:    ... okay on input line 47.
LaTeX Font Info:    Checking defaults for T1/cmr/m/n on input line 47.
LaTeX Font Info:    ... okay on input line 47.
LaTeX Font Info:    Checking defaults for TS1/cmr/m/n on input line 47.
LaTeX Font Info:    ... okay on input line 47.
LaTeX Font Info:    Checking defaults for OMX/cmex/m/n on input line 47.
LaTeX Font Info:    ... okay on input line 47.
LaTeX Font Info:    Checking defaults for U/cmr/m/n on input line 47.
LaTeX Font Info:    ... okay on input line 47.

(C:\Users\orfuc\AppData\Local\Programs\MiKTeX\tex/context/base/mkii\supp-pdf.mk
ii
[Loading MPS to PDF converter (version 2006.09.02).]
\scratchcounter=\count275
\scratchdimen=\dimen156
\scratchbox=\box57
\nofMPsegments=\count276
\nofMParguments=\count277
\everyMPshowfont=\toks25
\MPscratchCnt=\count278
\MPscratchDim=\dimen157
\MPnumerator=\count279
\makeMPintoPDFobject=\count280
\everyMPtoPDFconversion=\toks26
)
(C:\Users\orfuc\AppData\Local\Programs\MiKTeX\tex/latex/epstopdf-pkg\epstopdf-b
ase.sty
Package: epstopdf-base 2020-01-24 v2.11 Base part for package epstopdf
Package epstopdf-base Info: Redefining graphics rule for `.eps' on input line 4
85.

(C:\Users\orfuc\AppData\Local\Programs\MiKTeX\tex/latex/00miktex\epstopdf-sys.c
fg
File: epstopdf-sys.cfg 2021/03/18 v2.0 Configuration of epstopdf for MiKTeX
))
LaTeX Font Info:    Trying to load font information for U+msa on input line 49.

 (C:\Users\orfuc\AppData\Local\Programs\MiKTeX\tex/latex/amsfonts\umsa.fd
File: umsa.fd 2013/01/14 v3.01 AMS symbols A
)
LaTeX Font Info:    Trying to load font information for U+msb on input line 49.


(C:\Users\orfuc\AppData\Local\Programs\MiKTeX\tex/latex/amsfonts\umsb.fd
File: umsb.fd 2013/01/14 v3.01 AMS symbols B
)
LaTeX Font Info:    Trying to load font information for TS1+ptm on input line 4
9.

(C:\Users\orfuc\AppData\Local\Programs\MiKTeX\tex/latex/psnfss\ts1ptm.fd
File: ts1ptm.fd 2001/06/04 font definitions for TS1/ptm.
)

pdfTeX warning: pdflatex (file ./task.pdf): PDF inclusion: found PDF version <1
.7>, but at most version <1.5> allowed
<task.pdf, id=1, 263.48438pt x 245.41687pt>
File: task.pdf Graphic file (type pdf)
<use task.pdf>
Package pdftex.def Info: task.pdf  used on input line 62.
(pdftex.def)             Requested size: 240.30083pt x 223.83524pt.

Overfull \hbox (0.90645pt too wide) in paragraph at lines 62--67
 [][] 
 []


LaTeX Warning: Citation `SSN2017ICCV' on page 1 undefined on input line 72.


LaTeX Warning: Citation `hasan2016learning' on page 1 undefined on input line 7
2.


LaTeX Warning: Citation `song2015tvsum' on page 1 undefined on input line 72.


LaTeX Warning: Citation `chu2015video' on page 1 undefined on input line 72.


LaTeX Warning: Citation `gao2017tall' on page 1 undefined on input line 72.


LaTeX Warning: Citation `hendricks17iccv' on page 1 undefined on input line 72.



LaTeX Warning: Citation `hendricks17iccv' on page 1 undefined on input line 74.



LaTeX Warning: Citation `gao2017tall' on page 1 undefined on input line 74.


LaTeX Warning: Citation `lei2018tvqa' on page 1 undefined on input line 76.


LaTeX Warning: Citation `Shao_2018_ECCV' on page 1 undefined on input line 76.


LaTeX Warning: Citation `gella2018dataset' on page 1 undefined on input line 76
.


LaTeX Warning: Citation `gao2017tall' on page 1 undefined on input line 79.


LaTeX Warning: Citation `hendricks17iccv' on page 1 undefined on input line 79.



LaTeX Warning: Citation `Ge_2019_WACV' on page 1 undefined on input line 79.


LaTeX Warning: Citation `liu2018attentive' on page 1 undefined on input line 79
.


LaTeX Warning: Citation `song2018val' on page 1 undefined on input line 79.


Underfull \vbox (badness 2376) has occurred while \output is active []

 [1{C:/Users/orfuc/AppData/Local/MiKTeX/fonts/map/pdftex/pdftex.map}{C:/Users/o
rfuc/AppData/Local/Programs/MiKTeX/fonts/enc/dvips/base/8r.enc}



 <./task.pdf>]

LaTeX Warning: Citation `SSN2017ICCV' on page 2 undefined on input line 107.


LaTeX Warning: Citation `lin2017single' on page 2 undefined on input line 107.


LaTeX Warning: Citation `gao2017tall' on page 2 undefined on input line 108.


LaTeX Warning: Citation `hendricks17iccv' on page 2 undefined on input line 108
.


Underfull \hbox (badness 1033) in paragraph at lines 110--113
\OT1/ptm/m/n/10 is a chal-leng-ing task. It not only needs to un-der-stand
 []


LaTeX Warning: Citation `hendricks17iccv' on page 2 undefined on input line 117
.


LaTeX Warning: Citation `hendricks17iccv' on page 2 undefined on input line 117
.


LaTeX Warning: Citation `wang2019language' on page 2 undefined on input line 11
8.


LaTeX Warning: Citation `gao2017tall' on page 2 undefined on input line 119.


LaTeX Warning: Citation `liu2018attentive' on page 2 undefined on input line 11
9.


LaTeX Warning: Citation `song2018val' on page 2 undefined on input line 119.


LaTeX Warning: Citation `Ge_2019_WACV' on page 2 undefined on input line 119.


LaTeX Warning: Citation `vaswani2017attention' on page 2 undefined on input lin
e 126.


LaTeX Warning: Citation `hendricks18emnlp' on page 2 undefined on input line 12
7.


LaTeX Warning: Citation `zhang2019mm' on page 2 undefined on input line 127.


LaTeX Warning: Citation `liu2018tmn' on page 2 undefined on input line 128.


LaTeX Warning: Citation `xu2019multilevel' on page 2 undefined on input line 12
8.


LaTeX Warning: Citation `liu2018crossmodal' on page 2 undefined on input line 1
29.


LaTeX Warning: Citation `song2018val' on page 2 undefined on input line 129.


LaTeX Warning: Citation `jiang2019cross' on page 2 undefined on input line 129.



LaTeX Warning: Citation `yuan2019to' on page 2 undefined on input line 129.



pdfTeX warning: pdflatex (file ./pipeline.pdf): PDF inclusion: found PDF versio
n <1.7>, but at most version <1.5> allowed
<pipeline.pdf, id=60, 606.3955pt x 220.95549pt>
File: pipeline.pdf Graphic file (type pdf)
<use pipeline.pdf>
Package pdftex.def Info: pipeline.pdf  used on input line 135.
(pdftex.def)             Requested size: 480.59395pt x 175.11932pt.

LaTeX Warning: Citation `chen2018temporally' on page 2 undefined on input line 
145.


LaTeX Warning: Citation `zhang2019cross' on page 2 undefined on input line 146.


[2]

LaTeX Warning: Citation `pennington2014glove' on page 3 undefined on input line
 160.


LaTeX Warning: Citation `hochreiter1997long' on page 3 undefined on input line 
160.


LaTeX Warning: Citation `hendricks17iccv' on page 3 undefined on input line 171
.


LaTeX Warning: Citation `zhang2019man' on page 3 undefined on input line 171.


Underfull \vbox (badness 1371) has occurred while \output is active []

 [3 <./pipeline.pdf>]

LaTeX Font Warning: Command \tiny invalid in math mode on input line 193.


LaTeX Font Warning: Command \small invalid in math mode on input line 193.



pdfTeX warning: pdflatex (file ./candidates.pdf): PDF inclusion: found PDF vers
ion <1.7>, but at most version <1.5> allowed
<candidates.pdf, id=130, 920.68968pt x 727.96968pt>
File: candidates.pdf Graphic file (type pdf)
<use candidates.pdf>
Package pdftex.def Info: candidates.pdf  used on input line 214.
(pdftex.def)             Requested size: 240.30083pt x 190.00078pt.

Overfull \hbox (0.90645pt too wide) in paragraph at lines 214--218
 [][] 
 []

LaTeX Font Info:    Trying to load font information for U+bbm on input line 231
.
(C:\Users\orfuc\AppData\Local\Programs\MiKTeX\tex/latex/bbm\ubbm.fd
File: ubbm.fd 1999/03/15 V 1.2 Font definition for bbm font - TH
)

LaTeX Warning: Citation `sigurdsson2016hollywood' on page 4 undefined on input 
line 272.


LaTeX Warning: Citation `krishna2017dense' on page 4 undefined on input line 27
2.


LaTeX Warning: Citation `regneri2013grounding' on page 4 undefined on input lin
e 272.

[4 <./candidates.pdf>]

LaTeX Warning: Citation `gao2017tall' on page 5 undefined on input line 279.


LaTeX Warning: Citation `chen2018temporally' on page 5 undefined on input line 
283.


LaTeX Warning: Citation `zhang2019cross' on page 5 undefined on input line 283.



LaTeX Warning: Citation `zhang2019cross' on page 5 undefined on input line 284.



LaTeX Warning: Citation `rohrbach2012script' on page 5 undefined on input line 
287.


LaTeX Warning: Citation `gao2017tall' on page 5 undefined on input line 289.


LaTeX Warning: Citation `gao2017tall' on page 5 undefined on input line 294.


Underfull \hbox (badness 1122) in paragraph at lines 294--297
 \OT1/ptm/b/n/10 Eval-u-a-tion Met-ric. \OT1/ptm/m/n/10 Fol-low-ing the set-tin
g as pre-vi-ous
 []


LaTeX Warning: Citation `kingma2014adam' on page 5 undefined on input line 299.



LaTeX Font Warning: Command \small invalid in math mode on input line 299.


LaTeX Warning: Citation `zhang2019man' on page 5 undefined on input line 302.


LaTeX Warning: Citation `zhang2019cross' on page 5 undefined on input line 302.



LaTeX Warning: Citation `Simonyan15' on page 5 undefined on input line 302.


LaTeX Warning: Citation `tran2015learning' on page 5 undefined on input line 30
2.


LaTeX Warning: Citation `hendricks17iccv' on page 5 undefined on input line 316
.


LaTeX Warning: Citation `gao2017tall' on page 5 undefined on input line 316.


LaTeX Warning: Citation `liu2018attentive' on page 5 undefined on input line 31
6.


LaTeX Warning: Citation `Ge_2019_WACV' on page 5 undefined on input line 316.


LaTeX Warning: Citation `song2018val' on page 5 undefined on input line 316.


LaTeX Warning: Citation `chen2018temporally' on page 5 undefined on input line 
318.


LaTeX Warning: Citation `zhang2019cross' on page 5 undefined on input line 318.



LaTeX Warning: Citation `zhang2019man' on page 5 undefined on input line 321.


LaTeX Warning: Citation `liu2018crossmodal' on page 5 undefined on input line 3
24.


LaTeX Warning: Citation `xu2019multilevel' on page 5 undefined on input line 32
4.


LaTeX Warning: Citation `wang2019language' on page 5 undefined on input line 32
4.


LaTeX Warning: Citation `jiang2019cross' on page 5 undefined on input line 324.



LaTeX Warning: Citation `yuan2019to' on page 5 undefined on input line 324.


LaTeX Warning: Citation `chen2019semantic' on page 5 undefined on input line 32
4.


LaTeX Warning: Citation `Hahn2019tripping' on page 5 undefined on input line 32
4.


LaTeX Warning: Citation `wu2018multi' on page 5 undefined on input line 324.


Overfull \vbox (5.18391pt too high) detected at line 352
 []

[5]
Underfull \hbox (badness 2865) in paragraph at lines 379--383
\OT1/ptm/m/n/10 proaches, how-ever, in-fe-rior to our pro-posed 2D-TAN
 []


LaTeX Warning: Citation `zhang2019man' on page 6 undefined on input line 384.


Overfull \hbox (1.15247pt too wide) in paragraph at lines 397--397
 []|$\OT1/cmr/m/n/9 39\OML/cmm/m/it/9 :\OT1/cmr/m/n/9 35$| 
 []


Overfull \hbox (1.15247pt too wide) in paragraph at lines 397--397
 []|$\OT1/cmr/m/n/9 21\OML/cmm/m/it/9 :\OT1/cmr/m/n/9 36$| 
 []


Overfull \hbox (1.15247pt too wide) in paragraph at lines 397--397
 []|$\OT1/cmr/m/n/9 68\OML/cmm/m/it/9 :\OT1/cmr/m/n/9 12$| 
 []


Overfull \hbox (1.15247pt too wide) in paragraph at lines 397--397
 []|$\OT1/cmr/m/n/9 53\OML/cmm/m/it/9 :\OT1/cmr/m/n/9 23$| 
 []


Overfull \hbox (1.15247pt too wide) in paragraph at lines 397--398
 []|$\OT1/cmr/m/n/9 29\OML/cmm/m/it/9 :\OT1/cmr/m/n/9 70$| 
 []


Overfull \hbox (1.15247pt too wide) in paragraph at lines 398--398
 []|$\OT1/cmr/m/n/9 47\OML/cmm/m/it/9 :\OT1/cmr/m/n/9 43$| 
 []


Overfull \hbox (1.15247pt too wide) in paragraph at lines 398--398
 []|$\OT1/cmr/m/n/9 29\OML/cmm/m/it/9 :\OT1/cmr/m/n/9 01$| 
 []


Overfull \hbox (1.15247pt too wide) in paragraph at lines 398--398
 []|$\OT1/cmr/m/n/9 10\OML/cmm/m/it/9 :\OT1/cmr/m/n/9 34$| 
 []


Overfull \hbox (1.15247pt too wide) in paragraph at lines 398--398
 []|$\OT1/cmr/m/n/9 75\OML/cmm/m/it/9 :\OT1/cmr/m/n/9 32$| 
 []


Overfull \hbox (1.15247pt too wide) in paragraph at lines 398--398
 []|$\OT1/cmr/m/n/9 59\OML/cmm/m/it/9 :\OT1/cmr/m/n/9 17$| 
 []


Overfull \hbox (1.15247pt too wide) in paragraph at lines 398--399
 []|$\OT1/cmr/m/n/9 37\OML/cmm/m/it/9 :\OT1/cmr/m/n/9 54$| 
 []


Overfull \hbox (1.15247pt too wide) in paragraph at lines 399--399
 []|$\OT1/cmr/m/n/9 43\OML/cmm/m/it/9 :\OT1/cmr/m/n/9 81$| 
 []


Overfull \hbox (1.15247pt too wide) in paragraph at lines 399--399
 []|$\OT1/cmr/m/n/9 27\OML/cmm/m/it/9 :\OT1/cmr/m/n/9 93$| 
 []


Overfull \hbox (1.15247pt too wide) in paragraph at lines 399--399
 []|$\OT1/cmr/m/n/9 54\OML/cmm/m/it/9 :\OT1/cmr/m/n/9 56$| 
 []


Overfull \hbox (1.15247pt too wide) in paragraph at lines 399--399
 []|$\OT1/cmr/m/n/9 44\OML/cmm/m/it/9 :\OT1/cmr/m/n/9 20$| 
 []


Overfull \hbox (1.15247pt too wide) in paragraph at lines 400--400
 []|$\OT1/cmr/m/n/9 49\OML/cmm/m/it/9 :\OT1/cmr/m/n/9 70$| 
 []


Overfull \hbox (1.15247pt too wide) in paragraph at lines 400--400
 []|$\OT1/cmr/m/n/9 31\OML/cmm/m/it/9 :\OT1/cmr/m/n/9 67$| 
 []


Overfull \hbox (1.15247pt too wide) in paragraph at lines 400--400
 []|$\OT1/cmr/m/n/9 11\OML/cmm/m/it/9 :\OT1/cmr/m/n/9 25$| 
 []


Overfull \hbox (1.15247pt too wide) in paragraph at lines 400--400
 []|$\OT1/cmr/m/n/9 76\OML/cmm/m/it/9 :\OT1/cmr/m/n/9 50$| 
 []


Overfull \hbox (1.15247pt too wide) in paragraph at lines 400--400
 []|$\OT1/cmr/m/n/9 60\OML/cmm/m/it/9 :\OT1/cmr/m/n/9 34$| 
 []


Overfull \hbox (1.15247pt too wide) in paragraph at lines 400--401
 []|$\OT1/cmr/m/n/9 38\OML/cmm/m/it/9 :\OT1/cmr/m/n/9 57$| 
 []


Overfull \hbox (3.95233pt too wide) in paragraph at lines 401--401
 []|$[]$| 
 []


Overfull \hbox (3.96951pt too wide) in paragraph at lines 401--401
 []|$[]$| 
 []


Overfull \hbox (3.96951pt too wide) in paragraph at lines 401--401
 []|$[]$| 
 []


Overfull \hbox (3.96951pt too wide) in paragraph at lines 401--401
 []|$[]$| 
 []


Overfull \hbox (3.96951pt too wide) in paragraph at lines 401--401
 []|$[]$| 
 []


Overfull \hbox (3.96951pt too wide) in paragraph at lines 401--402
 []|$[]$| 
 []


Overfull \hbox (1.15247pt too wide) in paragraph at lines 402--402
 []|$\OT1/cmr/m/n/9 52\OML/cmm/m/it/9 :\OT1/cmr/m/n/9 13$| 
 []


Overfull \hbox (1.15247pt too wide) in paragraph at lines 402--402
 []|$\OT1/cmr/m/n/9 33\OML/cmm/m/it/9 :\OT1/cmr/m/n/9 26$| 
 []


Overfull \hbox (1.15247pt too wide) in paragraph at lines 402--402
 []|$\OT1/cmr/m/n/9 13\OML/cmm/m/it/9 :\OT1/cmr/m/n/9 43$| 
 []


Overfull \hbox (1.15247pt too wide) in paragraph at lines 402--402
 []|$\OT1/cmr/m/n/9 77\OML/cmm/m/it/9 :\OT1/cmr/m/n/9 72$| 
 []


Overfull \hbox (1.15247pt too wide) in paragraph at lines 402--402
 []|$\OT1/cmr/m/n/9 62\OML/cmm/m/it/9 :\OT1/cmr/m/n/9 39$| 
 []


Overfull \hbox (1.15247pt too wide) in paragraph at lines 402--403
 []|$\OT1/cmr/m/n/9 40\OML/cmm/m/it/9 :\OT1/cmr/m/n/9 78$| 
 []


Overfull \hbox (1.15247pt too wide) in paragraph at lines 403--403
 []|$\OT1/cmr/m/n/9 55\OML/cmm/m/it/9 :\OT1/cmr/m/n/9 67$| 
 []


Overfull \hbox (1.15247pt too wide) in paragraph at lines 403--403
 []|$\OT1/cmr/m/n/9 36\OML/cmm/m/it/9 :\OT1/cmr/m/n/9 79$| 
 []


Overfull \hbox (1.15247pt too wide) in paragraph at lines 404--404
 []|$\OT1/cmr/m/n/9 48\OML/cmm/m/it/9 :\OT1/cmr/m/n/9 42$| 
 []


Overfull \hbox (1.15247pt too wide) in paragraph at lines 404--404
 []|$\OT1/cmr/m/n/9 32\OML/cmm/m/it/9 :\OT1/cmr/m/n/9 19$| 
 []


Overfull \hbox (1.15247pt too wide) in paragraph at lines 404--404
 []|$\OT1/cmr/m/n/9 13\OML/cmm/m/it/9 :\OT1/cmr/m/n/9 93$| 
 []


Overfull \vbox (5.18391pt too high) detected at line 406
 []


Overfull \hbox (3.52196pt too wide) in paragraph at lines 406--406
 []|[]| 
 []


Overfull \hbox (3.96951pt too wide) in paragraph at lines 407--407
 []|$[]$| 
 []


Overfull \hbox (3.95233pt too wide) in paragraph at lines 407--407
 []|$[]$| 
 []


Overfull \hbox (1.15247pt too wide) in paragraph at lines 407--407
 []|$[]$| 
 []


Overfull \hbox (1.15247pt too wide) in paragraph at lines 407--407
 []|$[]$| 
 []


Overfull \hbox (3.95233pt too wide) in paragraph at lines 407--407
 []|$[]$| 
 []


Overfull \hbox (1.15247pt too wide) in paragraph at lines 407--407
 []|$[]$| 
 []


Overfull \hbox (2.07118pt too wide) in paragraph at lines 408--408
 []|\OT1/ptm/m/n/9 Conv| 
 []


Overfull \hbox (1.15247pt too wide) in paragraph at lines 408--408
 []|$\OT1/cmr/m/n/9 58\OML/cmm/m/it/9 :\OT1/cmr/m/n/9 75$| 
 []


Overfull \hbox (1.15247pt too wide) in paragraph at lines 408--408
 []|$[]$| 
 []


Overfull \hbox (3.95233pt too wide) in paragraph at lines 408--408
 []|$[]$| 
 []


Overfull \hbox (3.95233pt too wide) in paragraph at lines 408--408
 []|$[]$| 
 []


Overfull \hbox (1.15247pt too wide) in paragraph at lines 408--408
 []|$[]$| 
 []


Overfull \hbox (3.95233pt too wide) in paragraph at lines 408--408
 []|$[]$| 
 []


Overfull \hbox (1.15247pt too wide) in paragraph at lines 426--426
 []|$\OT1/cmr/m/n/9 14\OML/cmm/m/it/9 :\OT1/cmr/m/n/9 42$| 
 []


Overfull \hbox (1.15247pt too wide) in paragraph at lines 426--426
 []|$\OT1/cmr/m/n/9 37\OML/cmm/m/it/9 :\OT1/cmr/m/n/9 35$| 
 []


Overfull \hbox (1.15247pt too wide) in paragraph at lines 426--427
 []|$\OT1/cmr/m/n/9 10\OML/cmm/m/it/9 :\OT1/cmr/m/n/9 33$| 
 []


Overfull \hbox (1.15247pt too wide) in paragraph at lines 427--427
 []|$\OT1/cmr/m/n/9 24\OML/cmm/m/it/9 :\OT1/cmr/m/n/9 32$| 
 []


Overfull \hbox (1.15247pt too wide) in paragraph at lines 427--427
 []|$\OT1/cmr/m/n/9 18\OML/cmm/m/it/9 :\OT1/cmr/m/n/9 32$| 
 []


Overfull \hbox (1.15247pt too wide) in paragraph at lines 427--427
 []|$\OT1/cmr/m/n/9 13\OML/cmm/m/it/9 :\OT1/cmr/m/n/9 30$| 
 []


Overfull \hbox (1.15247pt too wide) in paragraph at lines 427--427
 []|$\OT1/cmr/m/n/9 48\OML/cmm/m/it/9 :\OT1/cmr/m/n/9 73$| 
 []


Overfull \hbox (1.15247pt too wide) in paragraph at lines 427--427
 []|$\OT1/cmr/m/n/9 36\OML/cmm/m/it/9 :\OT1/cmr/m/n/9 69$| 
 []


Overfull \hbox (1.15247pt too wide) in paragraph at lines 427--428
 []|$\OT1/cmr/m/n/9 25\OML/cmm/m/it/9 :\OT1/cmr/m/n/9 42$| 
 []


Overfull \hbox (1.15247pt too wide) in paragraph at lines 428--428
 []|$\OT1/cmr/m/n/9 25\OML/cmm/m/it/9 :\OT1/cmr/m/n/9 84$| 
 []


Overfull \hbox (1.15247pt too wide) in paragraph at lines 428--428
 []|$\OT1/cmr/m/n/9 18\OML/cmm/m/it/9 :\OT1/cmr/m/n/9 64$| 
 []


Overfull \hbox (1.15247pt too wide) in paragraph at lines 428--428
 []|$\OT1/cmr/m/n/9 12\OML/cmm/m/it/9 :\OT1/cmr/m/n/9 53$| 
 []


Overfull \hbox (1.15247pt too wide) in paragraph at lines 428--428
 []|$\OT1/cmr/m/n/9 52\OML/cmm/m/it/9 :\OT1/cmr/m/n/9 96$| 
 []


Overfull \hbox (1.15247pt too wide) in paragraph at lines 428--428
 []|$\OT1/cmr/m/n/9 37\OML/cmm/m/it/9 :\OT1/cmr/m/n/9 13$| 
 []


Overfull \hbox (1.15247pt too wide) in paragraph at lines 428--429
 []|$\OT1/cmr/m/n/9 24\OML/cmm/m/it/9 :\OT1/cmr/m/n/9 73$| 
 []


Overfull \hbox (1.15247pt too wide) in paragraph at lines 429--429
 []|$\OT1/cmr/m/n/9 41\OML/cmm/m/it/9 :\OT1/cmr/m/n/9 87$| 
 []


Overfull \hbox (1.15247pt too wide) in paragraph at lines 429--429
 []|$\OT1/cmr/m/n/9 21\OML/cmm/m/it/9 :\OT1/cmr/m/n/9 77$| 
 []


Overfull \hbox (1.15247pt too wide) in paragraph at lines 429--429
 []|$\OT1/cmr/m/n/9 53\OML/cmm/m/it/9 :\OT1/cmr/m/n/9 40$| 
 []


Overfull \hbox (1.15247pt too wide) in paragraph at lines 429--429
 []|$\OT1/cmr/m/n/9 39\OML/cmm/m/it/9 :\OT1/cmr/m/n/9 06$| 
 []


Overfull \hbox (3.96951pt too wide) in paragraph at lines 429--430
 []|$[]$| 
 []


Overfull \hbox (1.15247pt too wide) in paragraph at lines 430--430
 []|$\OT1/cmr/m/n/9 24\OML/cmm/m/it/9 :\OT1/cmr/m/n/9 22$| 
 []


Overfull \hbox (1.15247pt too wide) in paragraph at lines 430--430
 []|$\OT1/cmr/m/n/9 19\OML/cmm/m/it/9 :\OT1/cmr/m/n/9 52$| 
 []


Overfull \hbox (1.15247pt too wide) in paragraph at lines 430--430
 []|$\OT1/cmr/m/n/9 14\OML/cmm/m/it/9 :\OT1/cmr/m/n/9 62$| 
 []


Overfull \hbox (1.15247pt too wide) in paragraph at lines 430--430
 []|$\OT1/cmr/m/n/9 47\OML/cmm/m/it/9 :\OT1/cmr/m/n/9 42$| 
 []


Overfull \hbox (1.15247pt too wide) in paragraph at lines 430--430
 []|$\OT1/cmr/m/n/9 34\OML/cmm/m/it/9 :\OT1/cmr/m/n/9 97$| 
 []


Overfull \hbox (1.15247pt too wide) in paragraph at lines 430--431
 []|$\OT1/cmr/m/n/9 24\OML/cmm/m/it/9 :\OT1/cmr/m/n/9 88$| 
 []


Overfull \hbox (1.15247pt too wide) in paragraph at lines 431--431
 []|$\OT1/cmr/m/n/9 20\OML/cmm/m/it/9 :\OT1/cmr/m/n/9 37$| 
 []


Overfull \hbox (1.15247pt too wide) in paragraph at lines 431--431
 []|$\OT1/cmr/m/n/9 15\OML/cmm/m/it/9 :\OT1/cmr/m/n/9 38$| 
 []


Overfull \hbox (1.15247pt too wide) in paragraph at lines 431--431
 []|$\OT1/cmr/m/n/9 45\OML/cmm/m/it/9 :\OT1/cmr/m/n/9 45$| 
 []


Overfull \hbox (1.15247pt too wide) in paragraph at lines 431--431
 []|$\OT1/cmr/m/n/9 31\OML/cmm/m/it/9 :\OT1/cmr/m/n/9 17$| 
 []


Overfull \hbox (1.15247pt too wide) in paragraph at lines 431--432
 []|$\OT1/cmr/m/n/9 20\OML/cmm/m/it/9 :\OT1/cmr/m/n/9 13$| 
 []


Overfull \hbox (1.15247pt too wide) in paragraph at lines 432--432
 []|$\OT1/cmr/m/n/9 25\OML/cmm/m/it/9 :\OT1/cmr/m/n/9 74$| 
 []


Overfull \hbox (1.15247pt too wide) in paragraph at lines 432--432
 []|$\OT1/cmr/m/n/9 19\OML/cmm/m/it/9 :\OT1/cmr/m/n/9 76$| 
 []


Overfull \hbox (1.15247pt too wide) in paragraph at lines 432--432
 []|$\OT1/cmr/m/n/9 14\OML/cmm/m/it/9 :\OT1/cmr/m/n/9 74$| 
 []


Overfull \hbox (1.15247pt too wide) in paragraph at lines 432--432
 []|$\OT1/cmr/m/n/9 51\OML/cmm/m/it/9 :\OT1/cmr/m/n/9 87$| 
 []


Overfull \hbox (1.15247pt too wide) in paragraph at lines 432--432
 []|$\OT1/cmr/m/n/9 38\OML/cmm/m/it/9 :\OT1/cmr/m/n/9 55$| 
 []


Overfull \hbox (1.15247pt too wide) in paragraph at lines 432--433
 []|$\OT1/cmr/m/n/9 26\OML/cmm/m/it/9 :\OT1/cmr/m/n/9 52$| 
 []


Overfull \hbox (1.15247pt too wide) in paragraph at lines 433--433
 []|$\OT1/cmr/m/n/9 31\OML/cmm/m/it/9 :\OT1/cmr/m/n/9 64$| 
 []


Overfull \hbox (1.15247pt too wide) in paragraph at lines 433--433
 []|$\OT1/cmr/m/n/9 24\OML/cmm/m/it/9 :\OT1/cmr/m/n/9 17$| 
 []


Overfull \hbox (3.96951pt too wide) in paragraph at lines 433--433
 []|$[]$| 
 []


Overfull \hbox (1.15247pt too wide) in paragraph at lines 433--433
 []|$\OT1/cmr/m/n/9 57\OML/cmm/m/it/9 :\OT1/cmr/m/n/9 85$| 
 []


Overfull \hbox (3.96951pt too wide) in paragraph at lines 433--433
 []|$[]$| 
 []


Overfull \hbox (1.15247pt too wide) in paragraph at lines 433--434
 []|$[]$| 
 []


Overfull \hbox (1.15247pt too wide) in paragraph at lines 434--434
 []|$\OT1/cmr/m/n/9 32\OML/cmm/m/it/9 :\OT1/cmr/m/n/9 48$| 
 []


Overfull \hbox (3.96951pt too wide) in paragraph at lines 434--434
 []|$[]$| 
 []


Overfull \hbox (1.15247pt too wide) in paragraph at lines 434--434
 []|$\OT1/cmr/m/n/9 18\OML/cmm/m/it/9 :\OT1/cmr/m/n/9 05$| 
 []


Overfull \hbox (3.96951pt too wide) in paragraph at lines 434--434
 []|$[]$| 
 []


Overfull \hbox (1.15247pt too wide) in paragraph at lines 434--434
 []|$\OT1/cmr/m/n/9 38\OML/cmm/m/it/9 :\OT1/cmr/m/n/9 46$| 
 []


Overfull \hbox (1.15247pt too wide) in paragraph at lines 434--435
 []|$\OT1/cmr/m/n/9 27\OML/cmm/m/it/9 :\OT1/cmr/m/n/9 02$| 
 []


Overfull \hbox (1.15247pt too wide) in paragraph at lines 435--435
 []|$\OT1/cmr/m/n/9 25\OML/cmm/m/it/9 :\OT1/cmr/m/n/9 31$| 
 []


Overfull \hbox (1.15247pt too wide) in paragraph at lines 435--435
 []|$\OT1/cmr/m/n/9 20\OML/cmm/m/it/9 :\OT1/cmr/m/n/9 15$| 
 []


Overfull \hbox (1.15247pt too wide) in paragraph at lines 435--435
 []|$\OT1/cmr/m/n/9 15\OML/cmm/m/it/9 :\OT1/cmr/m/n/9 23$| 
 []


Overfull \hbox (1.15247pt too wide) in paragraph at lines 435--435
 []|$\OT1/cmr/m/n/9 53\OML/cmm/m/it/9 :\OT1/cmr/m/n/9 21$| 
 []


Overfull \hbox (1.15247pt too wide) in paragraph at lines 435--435
 []|$\OT1/cmr/m/n/9 36\OML/cmm/m/it/9 :\OT1/cmr/m/n/9 72$| 
 []


Overfull \hbox (1.15247pt too wide) in paragraph at lines 435--436
 []|$\OT1/cmr/m/n/9 25\OML/cmm/m/it/9 :\OT1/cmr/m/n/9 30$| 
 []


Overfull \hbox (1.15247pt too wide) in paragraph at lines 436--436
 []|$\OT1/cmr/m/n/9 26\OML/cmm/m/it/9 :\OT1/cmr/m/n/9 51$| 
 []


Overfull \hbox (1.15247pt too wide) in paragraph at lines 436--436
 []|$\OT1/cmr/m/n/9 20\OML/cmm/m/it/9 :\OT1/cmr/m/n/9 25$| 
 []


Overfull \hbox (1.15247pt too wide) in paragraph at lines 436--436
 []|$\OT1/cmr/m/n/9 15\OML/cmm/m/it/9 :\OT1/cmr/m/n/9 95$| 
 []


Overfull \hbox (1.15247pt too wide) in paragraph at lines 436--436
 []|$\OT1/cmr/m/n/9 50\OML/cmm/m/it/9 :\OT1/cmr/m/n/9 01$| 
 []


Overfull \hbox (1.15247pt too wide) in paragraph at lines 436--436
 []|$\OT1/cmr/m/n/9 38\OML/cmm/m/it/9 :\OT1/cmr/m/n/9 47$| 
 []


Overfull \hbox (1.15247pt too wide) in paragraph at lines 436--437
 []|$\OT1/cmr/m/n/9 27\OML/cmm/m/it/9 :\OT1/cmr/m/n/9 84$| 
 []


Overfull \hbox (1.15247pt too wide) in paragraph at lines 437--437
 []|$\OT1/cmr/m/n/9 23\OML/cmm/m/it/9 :\OT1/cmr/m/n/9 13$| 
 []


Overfull \hbox (1.15247pt too wide) in paragraph at lines 437--437
 []|$\OT1/cmr/m/n/9 17\OML/cmm/m/it/9 :\OT1/cmr/m/n/9 07$| 
 []


Overfull \hbox (1.15247pt too wide) in paragraph at lines 437--437
 []|$\OT1/cmr/m/n/9 11\OML/cmm/m/it/9 :\OT1/cmr/m/n/9 92$| 
 []


Overfull \hbox (1.15247pt too wide) in paragraph at lines 437--437
 []|$\OT1/cmr/m/n/9 46\OML/cmm/m/it/9 :\OT1/cmr/m/n/9 52$| 
 []


Overfull \hbox (1.15247pt too wide) in paragraph at lines 437--437
 []|$\OT1/cmr/m/n/9 32\OML/cmm/m/it/9 :\OT1/cmr/m/n/9 90$| 
 []


Overfull \hbox (1.15247pt too wide) in paragraph at lines 437--438
 []|$\OT1/cmr/m/n/9 20\OML/cmm/m/it/9 :\OT1/cmr/m/n/9 86$| 
 []


Overfull \hbox (3.96951pt too wide) in paragraph at lines 438--438
 []|$[]$| 
 []


Overfull \hbox (1.15247pt too wide) in paragraph at lines 438--438
 []|$\OT1/cmr/m/n/9 19\OML/cmm/m/it/9 :\OT1/cmr/m/n/9 50$| 
 []


Overfull \hbox (1.15247pt too wide) in paragraph at lines 439--439
 []|$\OT1/cmr/m/n/9 31\OML/cmm/m/it/9 :\OT1/cmr/m/n/9 15$| 
 []


Overfull \hbox (1.15247pt too wide) in paragraph at lines 439--439
 []|$\OT1/cmr/m/n/9 18\OML/cmm/m/it/9 :\OT1/cmr/m/n/9 24$| 
 []


Overfull \hbox (1.15247pt too wide) in paragraph at lines 439--439
 []|$\OT1/cmr/m/n/9 53\OML/cmm/m/it/9 :\OT1/cmr/m/n/9 51$| 
 []


Overfull \hbox (1.15247pt too wide) in paragraph at lines 439--440
 []|$\OT1/cmr/m/n/9 28\OML/cmm/m/it/9 :\OT1/cmr/m/n/9 11$| 
 []


Overfull \hbox (1.15247pt too wide) in paragraph at lines 440--440
 []|$\OT1/cmr/m/n/9 23\OML/cmm/m/it/9 :\OT1/cmr/m/n/9 95$| 
 []


Overfull \hbox (1.15247pt too wide) in paragraph at lines 440--440
 []|$\OT1/cmr/m/n/9 19\OML/cmm/m/it/9 :\OT1/cmr/m/n/9 17$| 
 []


Overfull \vbox (5.18391pt too high) detected at line 442
 []


Overfull \hbox (3.52196pt too wide) in paragraph at lines 442--442
 []|[]| 
 []


Overfull \hbox (3.95233pt too wide) in paragraph at lines 443--443
 []|$[]$| 
 []


Overfull \hbox (3.95233pt too wide) in paragraph at lines 443--443
 []|$[]$| 
 []


Overfull \hbox (3.95233pt too wide) in paragraph at lines 443--443
 []|$[]$| 
 []


Overfull \hbox (1.15247pt too wide) in paragraph at lines 443--443
 []|$[]$| 
 []


Overfull \hbox (3.95233pt too wide) in paragraph at lines 443--443
 []|$[]$| 
 []


Overfull \hbox (3.95233pt too wide) in paragraph at lines 443--443
 []|$[]$| 
 []


Overfull \hbox (2.07118pt too wide) in paragraph at lines 444--444
 []|\OT1/ptm/m/n/9 Conv| 
 []


Overfull \hbox (1.15247pt too wide) in paragraph at lines 444--444
 []|$\OT1/cmr/m/n/9 46\OML/cmm/m/it/9 :\OT1/cmr/m/n/9 44$| 
 []


Overfull \hbox (1.15247pt too wide) in paragraph at lines 444--444
 []|$\OT1/cmr/m/n/9 35\OML/cmm/m/it/9 :\OT1/cmr/m/n/9 22$| 
 []


Overfull \hbox (1.15247pt too wide) in paragraph at lines 444--444
 []|$[]$| 
 []


Overfull \hbox (3.95233pt too wide) in paragraph at lines 444--444
 []|$[]$| 
 []


Overfull \hbox (1.15247pt too wide) in paragraph at lines 444--444
 []|$[]$| 
 []


Overfull \hbox (1.15247pt too wide) in paragraph at lines 444--444
 []|$\OT1/cmr/m/n/9 44\OML/cmm/m/it/9 :\OT1/cmr/m/n/9 21$| 
 []


Overfull \vbox (5.18391pt too high) detected at line 474
 []

[6]

LaTeX Warning: Citation `hendricks17iccv' on page 7 undefined on input line 528
.


LaTeX Warning: Citation `zhang2019man' on page 7 undefined on input line 528.

No file after_operator1.bbl.
[7] (after_operator1.aux)
 ***********
LaTeX2e <2023-06-01> patch level 1
L3 programming layer <2023-08-29>
 ***********
 ) 
Here is how much of TeX's memory you used:
 3420 strings out of 475247
 53146 string characters out of 5757792
 1999801 words of memory out of 5000000
 24873 multiletter control sequences out of 15000+600000
 594170 words of font info for 118 fonts, out of 8000000 for 9000
 1141 hyphenation exceptions out of 8191
 57i,18n,65p,1660b,412s stack positions out of 10000i,1000n,20000p,200000b,200000s
 <C:\Users\orfuc\AppData\Local\MiKTeX\fonts/pk/ljfour/public/bbm/dpi600\bbm10
.pk><C:/Users/orfuc/AppData/Local/Programs/MiKTeX/fonts/type1/public/amsfonts/c
m/cmbx10.pfb><C:/Users/orfuc/AppData/Local/Programs/MiKTeX/fonts/type1/public/a
msfonts/cm/cmbx9.pfb><C:/Users/orfuc/AppData/Local/Programs/MiKTeX/fonts/type1/
public/amsfonts/cm/cmex10.pfb><C:/Users/orfuc/AppData/Local/Programs/MiKTeX/fon
ts/type1/public/amsfonts/cm/cmmi10.pfb><C:/Users/orfuc/AppData/Local/Programs/M
iKTeX/fonts/type1/public/amsfonts/cm/cmmi5.pfb><C:/Users/orfuc/AppData/Local/Pr
ograms/MiKTeX/fonts/type1/public/amsfonts/cm/cmmi7.pfb><C:/Users/orfuc/AppData/
Local/Programs/MiKTeX/fonts/type1/public/amsfonts/cm/cmmi9.pfb><C:/Users/orfuc/
AppData/Local/Programs/MiKTeX/fonts/type1/public/amsfonts/cm/cmr10.pfb><C:/User
s/orfuc/AppData/Local/Programs/MiKTeX/fonts/type1/public/amsfonts/cm/cmr7.pfb><
C:/Users/orfuc/AppData/Local/Programs/MiKTeX/fonts/type1/public/amsfonts/cm/cmr
9.pfb><C:/Users/orfuc/AppData/Local/Programs/MiKTeX/fonts/type1/public/amsfonts
/cm/cmsy10.pfb><C:/Users/orfuc/AppData/Local/Programs/MiKTeX/fonts/type1/public
/amsfonts/cm/cmsy7.pfb><C:/Users/orfuc/AppData/Local/Programs/MiKTeX/fonts/type
1/public/amsfonts/cm/cmsy9.pfb><C:/Users/orfuc/AppData/Local/Programs/MiKTeX/fo
nts/type1/public/amsfonts/cm/cmti9.pfb><C:/Users/orfuc/AppData/Local/Programs/M
iKTeX/fonts/type1/public/amsfonts/symbols/msbm10.pfb><C:/Users/orfuc/AppData/Lo
cal/Programs/MiKTeX/fonts/type1/urw/times/utmb8a.pfb><C:/Users/orfuc/AppData/Lo
cal/Programs/MiKTeX/fonts/type1/urw/times/utmbi8a.pfb><C:/Users/orfuc/AppData/L
ocal/Programs/MiKTeX/fonts/type1/urw/times/utmr8a.pfb><C:/Users/orfuc/AppData/L
ocal/Programs/MiKTeX/fonts/type1/urw/times/utmri8a.pfb>
Output written on after_operator1.pdf (7 pages, 611077 bytes).
PDF statistics:
 253 PDF objects out of 1000 (max. 8388607)
 0 named destinations out of 1000 (max. 500000)
 16 words of extra memory for PDF output out of 10000 (max. 10000000)

