This is pdfTeX, Version 3.141592653-2.6-1.40.25 (MiKTeX 23.5) (preloaded format=pdflatex 2024.1.12)  1 APR 2024 21:03
entering extended mode
 restricted \write18 enabled.
 %&-line parsing enabled.
**./after_operator0.tex
(after_operator0.tex
LaTeX2e <2023-06-01> patch level 1
L3 programming layer <2023-08-29>
(C:\Users\orfuc\AppData\Local\Programs\MiKTeX\tex/latex/base\article.cls
Document Class: article 2023/05/17 v1.4n Standard LaTeX document class
(C:\Users\orfuc\AppData\Local\Programs\MiKTeX\tex/latex/base\size10.clo
File: size10.clo 2023/05/17 v1.4n Standard LaTeX file (size option)
)
\c@part=\count185
\c@section=\count186
\c@subsection=\count187
\c@subsubsection=\count188
\c@paragraph=\count189
\c@subparagraph=\count190
\c@figure=\count191
\c@table=\count192
\abovecaptionskip=\skip48
\belowcaptionskip=\skip49
\bibindent=\dimen140
)
(aaai18.sty
Conference Style for AAAI for LaTeX 2e -- version for the AAAI-18 conference
\titlebox=\skip50
) (C:\Users\orfuc\AppData\Local\Programs\MiKTeX\tex/latex/psnfss\times.sty
Package: times 2020/03/25 PSNFSS-v9.3 (SPQR) 
)
(C:\Users\orfuc\AppData\Local\Programs\MiKTeX\tex/latex/psnfss\helvet.sty
Package: helvet 2020/03/25 PSNFSS-v9.3 (WaS) 

(C:\Users\orfuc\AppData\Local\Programs\MiKTeX\tex/latex/graphics\keyval.sty
Package: keyval 2022/05/29 v1.15 key=value parser (DPC)
\KV@toks@=\toks17
))
(C:\Users\orfuc\AppData\Local\Programs\MiKTeX\tex/latex/psnfss\courier.sty
Package: courier 2020/03/25 PSNFSS-v9.3 (WaS) 
)
(C:\Users\orfuc\AppData\Local\Programs\MiKTeX\tex/latex/url\url.sty
\Urlmuskip=\muskip16
Package: url 2013/09/16  ver 3.4  Verb mode for urls, etc.
)
(C:\Users\orfuc\AppData\Local\Programs\MiKTeX\tex/latex/graphics\graphicx.sty
Package: graphicx 2021/09/16 v1.2d Enhanced LaTeX Graphics (DPC,SPQR)

(C:\Users\orfuc\AppData\Local\Programs\MiKTeX\tex/latex/graphics\graphics.sty
Package: graphics 2022/03/10 v1.4e Standard LaTeX Graphics (DPC,SPQR)

(C:\Users\orfuc\AppData\Local\Programs\MiKTeX\tex/latex/graphics\trig.sty
Package: trig 2021/08/11 v1.11 sin cos tan (DPC)
)
(C:\Users\orfuc\AppData\Local\Programs\MiKTeX\tex/latex/graphics-cfg\graphics.c
fg
File: graphics.cfg 2016/06/04 v1.11 sample graphics configuration
)
Package graphics Info: Driver file: pdftex.def on input line 107.

(C:\Users\orfuc\AppData\Local\Programs\MiKTeX\tex/latex/graphics-def\pdftex.def
File: pdftex.def 2022/09/22 v1.2b Graphics/color driver for pdftex
))
\Gin@req@height=\dimen141
\Gin@req@width=\dimen142
) (C:\Users\orfuc\AppData\Local\Programs\MiKTeX\tex/latex/amsmath\amsmath.sty
Package: amsmath 2023/05/13 v2.17o AMS math features
\@mathmargin=\skip51
For additional information on amsmath, use the `?' option.
(C:\Users\orfuc\AppData\Local\Programs\MiKTeX\tex/latex/amsmath\amstext.sty
Package: amstext 2021/08/26 v2.01 AMS text

(C:\Users\orfuc\AppData\Local\Programs\MiKTeX\tex/latex/amsmath\amsgen.sty
File: amsgen.sty 1999/11/30 v2.0 generic functions
\@emptytoks=\toks18
\ex@=\dimen143
))
(C:\Users\orfuc\AppData\Local\Programs\MiKTeX\tex/latex/amsmath\amsbsy.sty
Package: amsbsy 1999/11/29 v1.2d Bold Symbols
\pmbraise@=\dimen144
)
(C:\Users\orfuc\AppData\Local\Programs\MiKTeX\tex/latex/amsmath\amsopn.sty
Package: amsopn 2022/04/08 v2.04 operator names
)
\inf@bad=\count193
LaTeX Info: Redefining \frac on input line 234.
\uproot@=\count194
\leftroot@=\count195
LaTeX Info: Redefining \overline on input line 399.
LaTeX Info: Redefining \colon on input line 410.
\classnum@=\count196
\DOTSCASE@=\count197
LaTeX Info: Redefining \ldots on input line 496.
LaTeX Info: Redefining \dots on input line 499.
LaTeX Info: Redefining \cdots on input line 620.
\Mathstrutbox@=\box51
\strutbox@=\box52
LaTeX Info: Redefining \big on input line 722.
LaTeX Info: Redefining \Big on input line 723.
LaTeX Info: Redefining \bigg on input line 724.
LaTeX Info: Redefining \Bigg on input line 725.
\big@size=\dimen145
LaTeX Font Info:    Redeclaring font encoding OML on input line 743.
LaTeX Font Info:    Redeclaring font encoding OMS on input line 744.
\macc@depth=\count198
LaTeX Info: Redefining \bmod on input line 905.
LaTeX Info: Redefining \pmod on input line 910.
LaTeX Info: Redefining \smash on input line 940.
LaTeX Info: Redefining \relbar on input line 970.
LaTeX Info: Redefining \Relbar on input line 971.
\c@MaxMatrixCols=\count199
\dotsspace@=\muskip17
\c@parentequation=\count266
\dspbrk@lvl=\count267
\tag@help=\toks19
\row@=\count268
\column@=\count269
\maxfields@=\count270
\andhelp@=\toks20
\eqnshift@=\dimen146
\alignsep@=\dimen147
\tagshift@=\dimen148
\tagwidth@=\dimen149
\totwidth@=\dimen150
\lineht@=\dimen151
\@envbody=\toks21
\multlinegap=\skip52
\multlinetaggap=\skip53
\mathdisplay@stack=\toks22
LaTeX Info: Redefining \[ on input line 2953.
LaTeX Info: Redefining \] on input line 2954.
)
(C:\Users\orfuc\AppData\Local\Programs\MiKTeX\tex/latex/amsfonts\amssymb.sty
Package: amssymb 2013/01/14 v3.01 AMS font symbols

(C:\Users\orfuc\AppData\Local\Programs\MiKTeX\tex/latex/amsfonts\amsfonts.sty
Package: amsfonts 2013/01/14 v3.01 Basic AMSFonts support
\symAMSa=\mathgroup4
\symAMSb=\mathgroup5
LaTeX Font Info:    Redeclaring math symbol \hbar on input line 98.
LaTeX Font Info:    Overwriting math alphabet `\mathfrak' in version `bold'
(Font)                  U/euf/m/n --> U/euf/b/n on input line 106.
)) (C:\Users\orfuc\AppData\Local\Programs\MiKTeX\tex/latex/graphics\color.sty
Package: color 2022/01/06 v1.3d Standard LaTeX Color (DPC)

(C:\Users\orfuc\AppData\Local\Programs\MiKTeX\tex/latex/graphics-cfg\color.cfg
File: color.cfg 2016/01/02 v1.6 sample color configuration
)
Package color Info: Driver file: pdftex.def on input line 149.
(C:\Users\orfuc\AppData\Local\Programs\MiKTeX\tex/latex/graphics\mathcolor.ltx)
) (C:\Users\orfuc\AppData\Local\Programs\MiKTeX\tex/latex/booktabs\booktabs.sty
Package: booktabs 2020/01/12 v1.61803398 Publication quality tables
\heavyrulewidth=\dimen152
\lightrulewidth=\dimen153
\cmidrulewidth=\dimen154
\belowrulesep=\dimen155
\belowbottomsep=\dimen156
\aboverulesep=\dimen157
\abovetopsep=\dimen158
\cmidrulesep=\dimen159
\cmidrulekern=\dimen160
\defaultaddspace=\dimen161
\@cmidla=\count271
\@cmidlb=\count272
\@aboverulesep=\dimen162
\@belowrulesep=\dimen163
\@thisruleclass=\count273
\@lastruleclass=\count274
\@thisrulewidth=\dimen164
) (C:\Users\orfuc\AppData\Local\Programs\MiKTeX\tex/latex/multirow\multirow.sty
Package: multirow 2021/03/15 v2.8 Span multiple rows of a table
\multirow@colwidth=\skip54
\multirow@cntb=\count275
\multirow@dima=\skip55
\bigstrutjot=\dimen165
)
LaTeX Font Info:    Trying to load font information for OT1+ptm on input line 1
8.
 (C:\Users\orfuc\AppData\Local\Programs\MiKTeX\tex/latex/psnfss\ot1ptm.fd
File: ot1ptm.fd 2001/06/04 font definitions for OT1/ptm.
)
(C:\Users\orfuc\AppData\Local\Programs\MiKTeX\tex/latex/l3backend\l3backend-pdf
tex.def
File: l3backend-pdftex.def 2023-04-19 L3 backend support: PDF output (pdfTeX)
\l__color_backend_stack_int=\count276
\l__pdf_internal_box=\box53
)
No file after_operator0.aux.
\openout1 = `after_operator0.aux'.

LaTeX Font Info:    Checking defaults for OML/cmm/m/it on input line 18.
LaTeX Font Info:    ... okay on input line 18.
LaTeX Font Info:    Checking defaults for OMS/cmsy/m/n on input line 18.
LaTeX Font Info:    ... okay on input line 18.
LaTeX Font Info:    Checking defaults for OT1/cmr/m/n on input line 18.
LaTeX Font Info:    ... okay on input line 18.
LaTeX Font Info:    Checking defaults for T1/cmr/m/n on input line 18.
LaTeX Font Info:    ... okay on input line 18.
LaTeX Font Info:    Checking defaults for TS1/cmr/m/n on input line 18.
LaTeX Font Info:    ... okay on input line 18.
LaTeX Font Info:    Checking defaults for OMX/cmex/m/n on input line 18.
LaTeX Font Info:    ... okay on input line 18.
LaTeX Font Info:    Checking defaults for U/cmr/m/n on input line 18.
LaTeX Font Info:    ... okay on input line 18.

(C:\Users\orfuc\AppData\Local\Programs\MiKTeX\tex/context/base/mkii\supp-pdf.mk
ii
[Loading MPS to PDF converter (version 2006.09.02).]
\scratchcounter=\count277
\scratchdimen=\dimen166
\scratchbox=\box54
\nofMPsegments=\count278
\nofMParguments=\count279
\everyMPshowfont=\toks23
\MPscratchCnt=\count280
\MPscratchDim=\dimen167
\MPnumerator=\count281
\makeMPintoPDFobject=\count282
\everyMPtoPDFconversion=\toks24
)
(C:\Users\orfuc\AppData\Local\Programs\MiKTeX\tex/latex/epstopdf-pkg\epstopdf-b
ase.sty
Package: epstopdf-base 2020-01-24 v2.11 Base part for package epstopdf
Package epstopdf-base Info: Redefining graphics rule for `.eps' on input line 4
85.

(C:\Users\orfuc\AppData\Local\Programs\MiKTeX\tex/latex/00miktex\epstopdf-sys.c
fg
File: epstopdf-sys.cfg 2021/03/18 v2.0 Configuration of epstopdf for MiKTeX
))
LaTeX Font Info:    Trying to load font information for U+msa on input line 27.

 (C:\Users\orfuc\AppData\Local\Programs\MiKTeX\tex/latex/amsfonts\umsa.fd
File: umsa.fd 2013/01/14 v3.01 AMS symbols A
)
LaTeX Font Info:    Trying to load font information for U+msb on input line 27.


(C:\Users\orfuc\AppData\Local\Programs\MiKTeX\tex/latex/amsfonts\umsb.fd
File: umsb.fd 2013/01/14 v3.01 AMS symbols B
)
LaTeX Font Info:    Trying to load font information for TS1+ptm on input line 2
7.

(C:\Users\orfuc\AppData\Local\Programs\MiKTeX\tex/latex/psnfss\ts1ptm.fd
File: ts1ptm.fd 2001/06/04 font definitions for TS1/ptm.
)

LaTeX Warning: Citation `Li_mpeg_2001' on page 1 undefined on input line 37.


LaTeX Warning: Citation `Wiegand_h264_2003' on page 1 undefined on input line 3
7.


LaTeX Warning: Citation `sullivan2012overview' on page 1 undefined on input lin
e 37.


LaTeX Warning: Citation `Cover_information_theory' on page 1 undefined on input
 line 41.


LaTeX Warning: Reference `fig:overview' on page 1 undefined on input line 41.


LaTeX Warning: Citation `Geiger_CVPR_2012' on page 1 undefined on input line 43
.

[1{C:/Users/orfuc/AppData/Local/MiKTeX/fonts/map/pdftex/pdftex.map}{C:/Users/or
fuc/AppData/Local/Programs/MiKTeX/fonts/enc/dvips/base/8r.enc}



]

LaTeX Warning: Citation `Wallace_jpeg_1991' on page 2 undefined on input line 4
8.


LaTeX Warning: Citation `Li_mpeg_2001' on page 2 undefined on input line 48.


LaTeX Warning: Citation `Wiegand_h264_2003' on page 2 undefined on input line 4
8.


LaTeX Warning: Citation `sullivan2012overview' on page 2 undefined on input lin
e 48.


LaTeX Warning: Citation `Cheng_ICML_2007' on page 2 undefined on input line 50.



LaTeX Warning: Citation `Skretting_icassp_2011' on page 2 undefined on input li
ne 50.


LaTeX Warning: Citation `Mao_sigcomm_2017' on page 2 undefined on input line 50
.


LaTeX Warning: Citation `Jiang_survey_1999' on page 2 undefined on input line 5
4.


LaTeX Warning: Citation `Hinton_science_2006' on page 2 undefined on input line
 54.


LaTeX Warning: Citation `Vincent_ICML_2008' on page 2 undefined on input line 5
4.


LaTeX Warning: Citation `Pathak_CVPR_2016' on page 2 undefined on input line 54
.


LaTeX Warning: Citation `Tsai_CVPR_2017' on page 2 undefined on input line 54.


LaTeX Warning: Citation `Balle_ICLR_2017' on page 2 undefined on input line 56.



LaTeX Warning: Citation `Theis_ICLR_2017' on page 2 undefined on input line 56.



LaTeX Warning: Citation `Rippel_ICML_2017' on page 2 undefined on input line 56
.


LaTeX Warning: Citation `Toderici_ICLR_2016' on page 2 undefined on input line 
56.


LaTeX Warning: Citation `Toderici_CVPR_2017' on page 2 undefined on input line 
56.


LaTeX Warning: File `fig/overview.png' not found on input line 61.


! Package pdftex.def Error: File `fig/overview.png' not found: using draft sett
ing.

See the pdftex.def package documentation for explanation.
Type  H <return>  for immediate help.
 ...                                              
                                                  
l.61 ...cs[width=0.85\linewidth]{fig/overview.png}
                                                  
Try typing  <return>  to proceed.
If that doesn't work, type  X <return>  to quit.

LaTeX Font Info:    Trying to load font information for OT1+pcr on input line 6
1.
(C:\Users\orfuc\AppData\Local\Programs\MiKTeX\tex/latex/psnfss\ot1pcr.fd
File: ot1pcr.fd 2001/06/04 font definitions for OT1/pcr.
)

LaTeX Warning: Citation `Reeve_icassp_1983' on page 2 undefined on input line 6
8.


LaTeX Warning: Citation `Chen_itcsvt_2001' on page 2 undefined on input line 68
.


LaTeX Warning: Citation `Chang_tip_2014' on page 2 undefined on input line 68.


LaTeX Warning: Citation `Chen_ICCV_2015' on page 2 undefined on input line 68.


LaTeX Warning: Citation `Liu_CVPR_2015' on page 2 undefined on input line 68.


LaTeX Warning: Citation `Mao_NIPS_2016' on page 2 undefined on input line 68.


LaTeX Warning: Citation `Dong_ICCV_2015' on page 2 undefined on input line 68.


LaTeX Warning: Citation `Wang_CVPR_2016' on page 2 undefined on input line 68.


LaTeX Warning: Citation `Guo_ECCV_2016' on page 2 undefined on input line 68.


LaTeX Warning: Citation `Guo_CVPR_2017' on page 2 undefined on input line 68.


LaTeX Warning: Reference `fig:overview' on page 2 undefined on input line 76.

[2]

LaTeX Warning: Citation `Cover_information_theory' on page 3 undefined on input
 line 82.


LaTeX Warning: File `fig/architecture.png' not found on input line 89.


! Package pdftex.def Error: File `fig/architecture.png' not found: using draft 
setting.

See the pdftex.def package documentation for explanation.
Type  H <return>  for immediate help.
 ...                                              
                                                  
l.89 ...idth=0.85\linewidth]{fig/architecture.png}
                                                  
Try typing  <return>  to proceed.
If that doesn't work, type  X <return>  to quit.


Underfull \hbox (badness 1168) in paragraph at lines 99--100
[]\OT1/ptm/m/n/10 We note that in the pro-posed domain-specific video
 []


LaTeX Warning: Citation `Shi_CVPR_2016' on page 3 undefined on input line 103.


LaTeX Warning: Citation `Ioffe_ICML_2015' on page 3 undefined on input line 103
.


LaTeX Warning: Reference `fig:autoencoder' on page 3 undefined on input line 10
3.


LaTeX Warning: Citation `Rastegari_ECCV_2016' on page 3 undefined on input line
 115.


LaTeX Warning: Citation `Courbariaux_corr_2016' on page 3 undefined on input li
ne 115.


LaTeX Warning: Citation `Tang_AAAI_2017' on page 3 undefined on input line 115.



LaTeX Warning: Citation `Toderici_ICLR_2016' on page 3 undefined on input line 
115.


LaTeX Warning: Citation `Toderici_CVPR_2017' on page 3 undefined on input line 
115.


LaTeX Warning: Citation `Raiko_ICLR_2015' on page 3 undefined on input line 122
.


LaTeX Warning: Citation `Jang_ICLR_2017' on page 3 undefined on input line 122.



LaTeX Warning: Citation `Maddison_ICLR_2017' on page 3 undefined on input line 
122.

[3]

LaTeX Warning: Citation `Courbariaux_corr_2016' on page 4 undefined on input li
ne 133.


LaTeX Warning: Citation `Courbariaux_corr_2016' on page 4 undefined on input li
ne 143.


LaTeX Warning: Citation `Toderici_ICLR_2016' on page 4 undefined on input line 
156.


LaTeX Warning: Reference `eq: thres' on page 4 undefined on input line 156.


LaTeX Warning: Citation `Toderici_ICLR_2016' on page 4 undefined on input line 
169.


LaTeX Warning: Citation `Jang_ICLR_2017' on page 4 undefined on input line 171.



LaTeX Warning: Reference `eq: gumbel' on page 4 undefined on input line 176.


LaTeX Warning: Citation `Jang_ICLR_2017' on page 4 undefined on input line 182.



LaTeX Warning: Citation `Cover_information_theory' on page 4 undefined on input
 line 199.


LaTeX Warning: Reference `tab:entropy' on page 4 undefined on input line 199.


LaTeX Warning: Citation `Marpe_itcsvt_2003' on page 4 undefined on input line 1
99.


LaTeX Warning: Citation `Geiger_CVPR_2012' on page 4 undefined on input line 20
4.


LaTeX Warning: Reference `tab:dataset' on page 4 undefined on input line 204.


LaTeX Warning: Citation `Wang_TIP_2004' on page 4 undefined on input line 206.


Overfull \hbox (0.95473pt too wide) in paragraph at lines 212--224
 [][] 
 []


LaTeX Warning: Citation `Kingma_ICLR_2015' on page 4 undefined on input line 22
5.


LaTeX Warning: Reference `tab:bitrate' on page 4 undefined on input line 231.

[4]

LaTeX Warning: File `fig/kitti_psnr.png' not found on input line 263.


! Package pdftex.def Error: File `fig/kitti_psnr.png' not found: using draft se
tting.

See the pdftex.def package documentation for explanation.
Type  H <return>  for immediate help.
 ...                                              
                                                  
l.263 ...width=0.25\linewidth]{fig/kitti_psnr.png}
                                                   &
Try typing  <return>  to proceed.
If that doesn't work, type  X <return>  to quit.


LaTeX Warning: File `fig/ac_psnr.png' not found on input line 264.


! Package pdftex.def Error: File `fig/ac_psnr.png' not found: using draft setti
ng.

See the pdftex.def package documentation for explanation.
Type  H <return>  for immediate help.
 ...                                              
                                                  
l.264 ...cs[width=0.25\linewidth]{fig/ac_psnr.png}
                                                   &
Try typing  <return>  to proceed.
If that doesn't work, type  X <return>  to quit.


LaTeX Warning: File `fig/sky_psnr.png' not found on input line 265.


! Package pdftex.def Error: File `fig/sky_psnr.png' not found: using draft sett
ing.

See the pdftex.def package documentation for explanation.
Type  H <return>  for immediate help.
 ...                                              
                                                  
l.265 ...s[width=0.25\linewidth]{fig/sky_psnr.png}
                                                   &
Try typing  <return>  to proceed.
If that doesn't work, type  X <return>  to quit.


LaTeX Warning: File `fig/bl_psnr.png' not found on input line 266.


! Package pdftex.def Error: File `fig/bl_psnr.png' not found: using draft setti
ng.

See the pdftex.def package documentation for explanation.
Type  H <return>  for immediate help.
 ...                                              
                                                  
l.266 ...cs[width=0.25\linewidth]{fig/bl_psnr.png}
                                                   \\
Try typing  <return>  to proceed.
If that doesn't work, type  X <return>  to quit.


LaTeX Warning: Citation `Kim_CVPR_2016' on page 5 undefined on input line 273.


LaTeX Warning: Citation `Zhang_TIP_2017' on page 5 undefined on input line 273.



LaTeX Warning: Citation `Kim_CVPR_2016' on page 5 undefined on input line 273.


LaTeX Warning: Citation `Zhang_TIP_2017' on page 5 undefined on input line 273.



LaTeX Warning: File `fig/kitti_ssim.png' not found on input line 283.


! Package pdftex.def Error: File `fig/kitti_ssim.png' not found: using draft se
tting.

See the pdftex.def package documentation for explanation.
Type  H <return>  for immediate help.
 ...                                              
                                                  
l.283 ...width=0.25\linewidth]{fig/kitti_ssim.png}
                                                   &
Try typing  <return>  to proceed.
If that doesn't work, type  X <return>  to quit.


LaTeX Warning: File `fig/ac_ssim.png' not found on input line 284.


! Package pdftex.def Error: File `fig/ac_ssim.png' not found: using draft setti
ng.

See the pdftex.def package documentation for explanation.
Type  H <return>  for immediate help.
 ...                                              
                                                  
l.284 ...cs[width=0.25\linewidth]{fig/ac_ssim.png}
                                                   &
Try typing  <return>  to proceed.
If that doesn't work, type  X <return>  to quit.


LaTeX Warning: File `fig/sky_ssim.png' not found on input line 285.


! Package pdftex.def Error: File `fig/sky_ssim.png' not found: using draft sett
ing.

See the pdftex.def package documentation for explanation.
Type  H <return>  for immediate help.
 ...                                              
                                                  
l.285 ...s[width=0.25\linewidth]{fig/sky_ssim.png}
                                                   &
Try typing  <return>  to proceed.
If that doesn't work, type  X <return>  to quit.


LaTeX Warning: File `fig/bl_ssim.png' not found on input line 286.


! Package pdftex.def Error: File `fig/bl_ssim.png' not found: using draft setti
ng.

See the pdftex.def package documentation for explanation.
Type  H <return>  for immediate help.
 ...                                              
                                                  
l.286 ...cs[width=0.25\linewidth]{fig/bl_ssim.png}
                                                   \\
Try typing  <return>  to proceed.
If that doesn't work, type  X <return>  to quit.


LaTeX Warning: Citation `Kim_CVPR_2016' on page 5 undefined on input line 292.


LaTeX Warning: Citation `Zhang_TIP_2017' on page 5 undefined on input line 292.



LaTeX Warning: Citation `Kim_CVPR_2016' on page 5 undefined on input line 292.


LaTeX Warning: Citation `Zhang_TIP_2017' on page 5 undefined on input line 292.



LaTeX Warning: File `fig/kitti_v2.png' not found on input line 297.


! Package pdftex.def Error: File `fig/kitti_v2.png' not found: using draft sett
ing.

See the pdftex.def package documentation for explanation.
Type  H <return>  for immediate help.
 ...                                              
                                                  
l.297 ...hics[width=1\linewidth]{fig/kitti_v2.png}
                                                   \\
Try typing  <return>  to proceed.
If that doesn't work, type  X <return>  to quit.


LaTeX Warning: File `fig/skyrim_v2.png' not found on input line 299.


! Package pdftex.def Error: File `fig/skyrim_v2.png' not found: using draft set
ting.

See the pdftex.def package documentation for explanation.
Type  H <return>  for immediate help.
 ...                                              
                                                  
l.299 ...ics[width=1\linewidth]{fig/skyrim_v2.png}
                                                   \\
Try typing  <return>  to proceed.
If that doesn't work, type  X <return>  to quit.


LaTeX Warning: File `fig/ac4_v2.png' not found on input line 301.


! Package pdftex.def Error: File `fig/ac4_v2.png' not found: using draft settin
g.

See the pdftex.def package documentation for explanation.
Type  H <return>  for immediate help.
 ...                                              
                                                  
l.301 ...aphics[width=1\linewidth]{fig/ac4_v2.png}
                                                   \\
Try typing  <return>  to proceed.
If that doesn't work, type  X <return>  to quit.


LaTeX Warning: Float too large for page by 903.82153pt on input line 306.


LaTeX Warning: Reference `tab:binary_psnr' on page 5 undefined on input line 30
8.


LaTeX Warning: Reference `tab:binary_ssim' on page 5 undefined on input line 30
8.


LaTeX Warning: Citation `Jang_ICLR_2017' on page 5 undefined on input line 308.



LaTeX Warning: Citation `Kim_CVPR_2016' on page 5 undefined on input line 340.


LaTeX Warning: Citation `Zhang_TIP_2017' on page 5 undefined on input line 340.



LaTeX Warning: Reference `fig:psnr' on page 5 undefined on input line 344.


LaTeX Warning: Reference `fig:ssim' on page 5 undefined on input line 344.


LaTeX Warning: Reference `fig:result' on page 5 undefined on input line 344.

[5]
No file after_operator0.bbl.
[6

] [7] [8] [9] [10] (after_operator0.aux)
 ***********
LaTeX2e <2023-06-01> patch level 1
L3 programming layer <2023-08-29>
 ***********


LaTeX Warning: There were undefined references.


LaTeX Warning: Label(s) may have changed. Rerun to get cross-references right.

 ) 
Here is how much of TeX's memory you used:
 3497 strings out of 475247
 57816 string characters out of 5757792
 1947801 words of memory out of 5000000
 24961 multiletter control sequences out of 15000+600000
 584890 words of font info for 98 fonts, out of 8000000 for 9000
 1141 hyphenation exceptions out of 8191
 57i,19n,65p,1722b,340s stack positions out of 10000i,1000n,20000p,200000b,200000s
<C:/Users/orfuc/AppData/Local/Programs/MiKTeX/fonts/type1/public/amsfonts/cm/
cmbx10.pfb><C:/Users/orfuc/AppData/Local/Programs/MiKTeX/fonts/type1/public/ams
fonts/cm/cmex10.pfb><C:/Users/orfuc/AppData/Local/Programs/MiKTeX/fonts/type1/p
ublic/amsfonts/cm/cmmi10.pfb><C:/Users/orfuc/AppData/Local/Programs/MiKTeX/font
s/type1/public/amsfonts/cm/cmmi5.pfb><C:/Users/orfuc/AppData/Local/Programs/MiK
TeX/fonts/type1/public/amsfonts/cm/cmmi7.pfb><C:/Users/orfuc/AppData/Local/Prog
rams/MiKTeX/fonts/type1/public/amsfonts/cm/cmmi9.pfb><C:/Users/orfuc/AppData/Lo
cal/Programs/MiKTeX/fonts/type1/public/amsfonts/cm/cmr10.pfb><C:/Users/orfuc/Ap
pData/Local/Programs/MiKTeX/fonts/type1/public/amsfonts/cm/cmr5.pfb><C:/Users/o
rfuc/AppData/Local/Programs/MiKTeX/fonts/type1/public/amsfonts/cm/cmr7.pfb><C:/
Users/orfuc/AppData/Local/Programs/MiKTeX/fonts/type1/public/amsfonts/cm/cmr8.p
fb><C:/Users/orfuc/AppData/Local/Programs/MiKTeX/fonts/type1/public/amsfonts/cm
/cmr9.pfb><C:/Users/orfuc/AppData/Local/Programs/MiKTeX/fonts/type1/public/amsf
onts/cm/cmsy10.pfb><C:/Users/orfuc/AppData/Local/Programs/MiKTeX/fonts/type1/pu
blic/amsfonts/cm/cmsy7.pfb><C:/Users/orfuc/AppData/Local/Programs/MiKTeX/fonts/
type1/public/amsfonts/cm/cmsy9.pfb><C:/Users/orfuc/AppData/Local/Programs/MiKTe
X/fonts/type1/urw/courier/ucrr8a.pfb><C:/Users/orfuc/AppData/Local/Programs/MiK
TeX/fonts/type1/urw/times/utmb8a.pfb><C:/Users/orfuc/AppData/Local/Programs/MiK
TeX/fonts/type1/urw/times/utmr8a.pfb><C:/Users/orfuc/AppData/Local/Programs/MiK
TeX/fonts/type1/urw/times/utmri8a.pfb>
Output written on after_operator0.pdf (10 pages, 234425 bytes).
PDF statistics:
 126 PDF objects out of 1000 (max. 8388607)
 0 named destinations out of 1000 (max. 500000)
 1 words of extra memory for PDF output out of 10000 (max. 10000000)

