This is pdfTeX, Version 3.141592653-2.6-1.40.25 (MiKTeX 23.9) (preloaded format=pdflatex 2023.9.22)  30 MAR 2024 16:20
entering extended mode
 restricted \write18 enabled.
 %&-line parsing enabled.
**./Bandyopadhyay_ONE_changed.tex
(Bandyopadhyay_ONE_changed.tex
LaTeX2e <2023-06-01> patch level 1
L3 programming layer <2023-08-29>
(C:\Users\micha\AppData\Local\Programs\MiKTeX\tex/latex/base\article.cls
Document Class: article 2023/05/17 v1.4n Standard LaTeX document class
(C:\Users\micha\AppData\Local\Programs\MiKTeX\tex/latex/base\size10.clo
File: size10.clo 2023/05/17 v1.4n Standard LaTeX file (size option)
)
\c@part=\count185
\c@section=\count186
\c@subsection=\count187
\c@subsubsection=\count188
\c@paragraph=\count189
\c@subparagraph=\count190
\c@figure=\count191
\c@table=\count192
\abovecaptionskip=\skip48
\belowcaptionskip=\skip49
\bibindent=\dimen140
)
(aaai19.sty
Conference Style for AAAI for LaTeX 2e -- version for the AAAI-19 conference
\titlebox=\skip50
) (C:\Users\micha\AppData\Local\Programs\MiKTeX\tex/latex/psnfss\times.sty
Package: times 2020/03/25 PSNFSS-v9.3 (SPQR) 
)
(C:\Users\micha\AppData\Local\Programs\MiKTeX\tex/latex/psnfss\helvet.sty
Package: helvet 2020/03/25 PSNFSS-v9.3 (WaS) 

(C:\Users\micha\AppData\Local\Programs\MiKTeX\tex/latex/graphics\keyval.sty
Package: keyval 2022/05/29 v1.15 key=value parser (DPC)
\KV@toks@=\toks17
))
(C:\Users\micha\AppData\Local\Programs\MiKTeX\tex/latex/psnfss\courier.sty
Package: courier 2020/03/25 PSNFSS-v9.3 (WaS) 
)
(C:\Users\micha\AppData\Local\Programs\MiKTeX\tex/latex/url\url.sty
\Urlmuskip=\muskip16
Package: url 2013/09/16  ver 3.4  Verb mode for urls, etc.
)
(C:\Users\micha\AppData\Local\Programs\MiKTeX\tex/latex/graphics\graphicx.sty
Package: graphicx 2021/09/16 v1.2d Enhanced LaTeX Graphics (DPC,SPQR)

(C:\Users\micha\AppData\Local\Programs\MiKTeX\tex/latex/graphics\graphics.sty
Package: graphics 2022/03/10 v1.4e Standard LaTeX Graphics (DPC,SPQR)

(C:\Users\micha\AppData\Local\Programs\MiKTeX\tex/latex/graphics\trig.sty
Package: trig 2021/08/11 v1.11 sin cos tan (DPC)
)
(C:\Users\micha\AppData\Local\Programs\MiKTeX\tex/latex/graphics-cfg\graphics.c
fg
File: graphics.cfg 2016/06/04 v1.11 sample graphics configuration
)
Package graphics Info: Driver file: pdftex.def on input line 107.

(C:\Users\micha\AppData\Local\Programs\MiKTeX\tex/latex/graphics-def\pdftex.def
File: pdftex.def 2022/09/22 v1.2b Graphics/color driver for pdftex
))
\Gin@req@height=\dimen141
\Gin@req@width=\dimen142
)
(C:\Users\micha\AppData\Local\Programs\MiKTeX\tex/latex/mathtools\mathtools.sty
Package: mathtools 2022/06/29 v1.29 mathematical typesetting tools
(C:\Users\micha\AppData\Local\Programs\MiKTeX\tex/latex/tools\calc.sty
Package: calc 2017/05/25 v4.3 Infix arithmetic (KKT,FJ)
\calc@Acount=\count193
\calc@Bcount=\count194
\calc@Adimen=\dimen143
\calc@Bdimen=\dimen144
\calc@Askip=\skip51
\calc@Bskip=\skip52
LaTeX Info: Redefining \setlength on input line 80.
LaTeX Info: Redefining \addtolength on input line 81.
\calc@Ccount=\count195
\calc@Cskip=\skip53
)
(C:\Users\micha\AppData\Local\Programs\MiKTeX\tex/latex/mathtools\mhsetup.sty
Package: mhsetup 2021/03/18 v1.4 programming setup (MH)
)
(C:\Users\micha\AppData\Local\Programs\MiKTeX\tex/latex/amsmath\amsmath.sty
Package: amsmath 2023/05/13 v2.17o AMS math features
\@mathmargin=\skip54

For additional information on amsmath, use the `?' option.
(C:\Users\micha\AppData\Local\Programs\MiKTeX\tex/latex/amsmath\amstext.sty
Package: amstext 2021/08/26 v2.01 AMS text

(C:\Users\micha\AppData\Local\Programs\MiKTeX\tex/latex/amsmath\amsgen.sty
File: amsgen.sty 1999/11/30 v2.0 generic functions
\@emptytoks=\toks18
\ex@=\dimen145
))
(C:\Users\micha\AppData\Local\Programs\MiKTeX\tex/latex/amsmath\amsbsy.sty
Package: amsbsy 1999/11/29 v1.2d Bold Symbols
\pmbraise@=\dimen146
)
(C:\Users\micha\AppData\Local\Programs\MiKTeX\tex/latex/amsmath\amsopn.sty
Package: amsopn 2022/04/08 v2.04 operator names
)
\inf@bad=\count196
LaTeX Info: Redefining \frac on input line 234.
\uproot@=\count197
\leftroot@=\count198
LaTeX Info: Redefining \overline on input line 399.
LaTeX Info: Redefining \colon on input line 410.
\classnum@=\count199
\DOTSCASE@=\count266
LaTeX Info: Redefining \ldots on input line 496.
LaTeX Info: Redefining \dots on input line 499.
LaTeX Info: Redefining \cdots on input line 620.
\Mathstrutbox@=\box51
\strutbox@=\box52
LaTeX Info: Redefining \big on input line 722.
LaTeX Info: Redefining \Big on input line 723.
LaTeX Info: Redefining \bigg on input line 724.
LaTeX Info: Redefining \Bigg on input line 725.
\big@size=\dimen147
LaTeX Font Info:    Redeclaring font encoding OML on input line 743.
LaTeX Font Info:    Redeclaring font encoding OMS on input line 744.
\macc@depth=\count267
LaTeX Info: Redefining \bmod on input line 905.
LaTeX Info: Redefining \pmod on input line 910.
LaTeX Info: Redefining \smash on input line 940.
LaTeX Info: Redefining \relbar on input line 970.
LaTeX Info: Redefining \Relbar on input line 971.
\c@MaxMatrixCols=\count268
\dotsspace@=\muskip17
\c@parentequation=\count269
\dspbrk@lvl=\count270
\tag@help=\toks19
\row@=\count271
\column@=\count272
\maxfields@=\count273
\andhelp@=\toks20
\eqnshift@=\dimen148
\alignsep@=\dimen149
\tagshift@=\dimen150
\tagwidth@=\dimen151
\totwidth@=\dimen152
\lineht@=\dimen153
\@envbody=\toks21
\multlinegap=\skip55
\multlinetaggap=\skip56
\mathdisplay@stack=\toks22
LaTeX Info: Redefining \[ on input line 2953.
LaTeX Info: Redefining \] on input line 2954.
)
\g_MT_multlinerow_int=\count274
\l_MT_multwidth_dim=\dimen154
\origjot=\skip57
\l_MT_shortvdotswithinadjustabove_dim=\dimen155
\l_MT_shortvdotswithinadjustbelow_dim=\dimen156
\l_MT_above_intertext_sep=\dimen157
\l_MT_below_intertext_sep=\dimen158
\l_MT_above_shortintertext_sep=\dimen159
\l_MT_below_shortintertext_sep=\dimen160
\xmathstrut@box=\box53
\xmathstrut@dim=\dimen161
)
(C:\Users\micha\AppData\Local\Programs\MiKTeX\tex/latex/epstopdf-pkg\epstopdf.s
ty
Package: epstopdf 2020-01-24 v2.11 Conversion with epstopdf on the fly (HO)

(C:\Users\micha\AppData\Local\Programs\MiKTeX\tex/generic/infwarerr\infwarerr.s
ty
Package: infwarerr 2019/12/03 v1.5 Providing info/warning/error messages (HO)
) (C:\Users\micha\AppData\Local\Programs\MiKTeX\tex/latex/grfext\grfext.sty
Package: grfext 2019/12/03 v1.3 Manage graphics extensions (HO)

(C:\Users\micha\AppData\Local\Programs\MiKTeX\tex/generic/kvdefinekeys\kvdefine
keys.sty
Package: kvdefinekeys 2019-12-19 v1.6 Define keys (HO)
))
(C:\Users\micha\AppData\Local\Programs\MiKTeX\tex/latex/kvoptions\kvoptions.sty
Package: kvoptions 2022-06-15 v3.15 Key value format for package options (HO)
(C:\Users\micha\AppData\Local\Programs\MiKTeX\tex/generic/ltxcmds\ltxcmds.sty
Package: ltxcmds 2023-12-04 v1.26 LaTeX kernel commands for general use (HO)
)
(C:\Users\micha\AppData\Local\Programs\MiKTeX\tex/latex/kvsetkeys\kvsetkeys.sty
Package: kvsetkeys 2022-10-05 v1.19 Key value parser (HO)
))
(C:\Users\micha\AppData\Local\Programs\MiKTeX\tex/generic/pdftexcmds\pdftexcmds
.sty
Package: pdftexcmds 2020-06-27 v0.33 Utility functions of pdfTeX for LuaTeX (HO
)
 (C:\Users\micha\AppData\Local\Programs\MiKTeX\tex/generic/iftex\iftex.sty
Package: iftex 2022/02/03 v1.0f TeX engine tests
)
Package pdftexcmds Info: \pdf@primitive is available.
Package pdftexcmds Info: \pdf@ifprimitive is available.
Package pdftexcmds Info: \pdfdraftmode found.
)
(C:\Users\micha\AppData\Local\Programs\MiKTeX\tex/latex/epstopdf-pkg\epstopdf-b
ase.sty
Package: epstopdf-base 2020-01-24 v2.11 Base part for package epstopdf
Package epstopdf-base Info: Redefining graphics rule for `.eps' on input line 4
85.
Package grfext Info: Graphics extension search list:
(grfext)             [.pdf,.png,.jpg,.mps,.jpeg,.jbig2,.jb2,.PDF,.PNG,.JPG,.JPE
G,.JBIG2,.JB2,.eps]
(grfext)             \AppendGraphicsExtensions on input line 504.

(C:\Users\micha\AppData\Local\Programs\MiKTeX\tex/latex/00miktex\epstopdf-sys.c
fg
File: epstopdf-sys.cfg 2021/03/18 v2.0 Configuration of epstopdf for MiKTeX
)))
(C:\Users\micha\AppData\Local\Programs\MiKTeX\tex/latex/graphics\color.sty
Package: color 2022/01/06 v1.3d Standard LaTeX Color (DPC)

(C:\Users\micha\AppData\Local\Programs\MiKTeX\tex/latex/graphics-cfg\color.cfg
File: color.cfg 2016/01/02 v1.6 sample color configuration
)
Package color Info: Driver file: pdftex.def on input line 149.
(C:\Users\micha\AppData\Local\Programs\MiKTeX\tex/latex/graphics\mathcolor.ltx)
) (C:\Users\micha\AppData\Local\Programs\MiKTeX\tex/latex/csquotes\csquotes.sty
Package: csquotes 2022-09-14 v5.2n context-sensitive quotations (JAW)
(C:\Users\micha\AppData\Local\Programs\MiKTeX\tex/latex/etoolbox\etoolbox.sty
Package: etoolbox 2020/10/05 v2.5k e-TeX tools for LaTeX (JAW)
\etb@tempcnta=\count275
)
\csq@reset=\count276
\csq@gtype=\count277
\csq@glevel=\count278
\csq@qlevel=\count279
\csq@maxlvl=\count280
\csq@tshold=\count281
\csq@ltx@everypar=\toks23

(C:\Users\micha\AppData\Local\Programs\MiKTeX\tex/latex/csquotes\csquotes.def
File: csquotes.def 2022-09-14 v5.2n csquotes generic definitions (JAW)
)
Package csquotes Info: Trying to load configuration file 'csquotes.cfg'...
Package csquotes Info: ... configuration file loaded successfully.

(C:\Users\micha\AppData\Local\Programs\MiKTeX\tex/latex/csquotes\csquotes.cfg
File: csquotes.cfg 
)) (C:\Users\micha\AppData\Local\Programs\MiKTeX\tex/latex/amsfonts\amsfonts.st
y
Package: amsfonts 2013/01/14 v3.01 Basic AMSFonts support
\symAMSa=\mathgroup4
\symAMSb=\mathgroup5
LaTeX Font Info:    Redeclaring math symbol \hbar on input line 98.
LaTeX Font Info:    Overwriting math alphabet `\mathfrak' in version `bold'
(Font)                  U/euf/m/n --> U/euf/b/n on input line 106.
) (C:\Users\micha\AppData\Local\Programs\MiKTeX\tex/latex/amsfonts\amssymb.sty
Package: amssymb 2013/01/14 v3.01 AMS font symbols
)
(C:\Users\micha\AppData\Local\Programs\MiKTeX\tex/latex/cases\cases.sty
Package: cases 2020/03/29 ver 3.2
\numc@numwid=\dimen162
)
(C:\Users\micha\AppData\Local\Programs\MiKTeX\tex/latex/booktabs\booktabs.sty
Package: booktabs 2020/01/12 v1.61803398 Publication quality tables
\heavyrulewidth=\dimen163
\lightrulewidth=\dimen164
\cmidrulewidth=\dimen165
\belowrulesep=\dimen166
\belowbottomsep=\dimen167
\aboverulesep=\dimen168
\abovetopsep=\dimen169
\cmidrulesep=\dimen170
\cmidrulekern=\dimen171
\defaultaddspace=\dimen172
\@cmidla=\count282
\@cmidlb=\count283
\@aboverulesep=\dimen173
\@belowrulesep=\dimen174
\@thisruleclass=\count284
\@lastruleclass=\count285
\@thisrulewidth=\dimen175
)
(C:\Users\micha\AppData\Local\Programs\MiKTeX\tex/latex/lipsum\lipsum.sty
(C:\Users\micha\AppData\Local\Programs\MiKTeX\tex/latex/l3packages/l3keys2e\l3k
eys2e.sty
(C:\Users\micha\AppData\Local\Programs\MiKTeX\tex/latex/l3kernel\expl3.sty
Package: expl3 2023-08-29 L3 programming layer (loader) 

(C:\Users\micha\AppData\Local\Programs\MiKTeX\tex/latex/l3backend\l3backend-pdf
tex.def
File: l3backend-pdftex.def 2023-04-19 L3 backend support: PDF output (pdfTeX)
\l__color_backend_stack_int=\count286
\l__pdf_internal_box=\box54
))
Package: l3keys2e 2023-08-29 LaTeX2e option processing using LaTeX3 keys
)
Package: lipsum 2021-09-20 v2.7 150 paragraphs of Lorem Ipsum dummy text
\g__lipsum_par_int=\count287
\l__lipsum_a_int=\count288
\l__lipsum_b_int=\count289

(C:\Users\micha\AppData\Local\Programs\MiKTeX\tex/latex/lipsum\lipsum.ltd.tex))

(C:\Users\micha\AppData\Local\Programs\MiKTeX\tex/latex/adjustbox\adjustbox.sty
Package: adjustbox 2022/10/17 v1.3a Adjusting TeX boxes (trim, clip, ...)
(C:\Users\micha\AppData\Local\Programs\MiKTeX\tex/latex/xkeyval\xkeyval.sty
Package: xkeyval 2022/06/16 v2.9 package option processing (HA)

(C:\Users\micha\AppData\Local\Programs\MiKTeX\tex/generic/xkeyval\xkeyval.tex
(C:\Users\micha\AppData\Local\Programs\MiKTeX\tex/generic/xkeyval\xkvutils.tex
\XKV@toks=\toks24
\XKV@tempa@toks=\toks25
)
\XKV@depth=\count290
File: xkeyval.tex 2014/12/03 v2.7a key=value parser (HA)
))
(C:\Users\micha\AppData\Local\Programs\MiKTeX\tex/latex/adjustbox\adjcalc.sty
Package: adjcalc 2012/05/16 v1.1 Provides advanced setlength with multiple back
-ends (calc, etex, pgfmath)
)
(C:\Users\micha\AppData\Local\Programs\MiKTeX\tex/latex/adjustbox\trimclip.sty
Package: trimclip 2020/08/19 v1.2 Trim and clip general TeX material

(C:\Users\micha\AppData\Local\Programs\MiKTeX\tex/latex/collectbox\collectbox.s
ty
Package: collectbox 2022/10/17 v0.4c Collect macro arguments as boxes
\collectedbox=\box55
)
\tc@llx=\dimen176
\tc@lly=\dimen177
\tc@urx=\dimen178
\tc@ury=\dimen179
Package trimclip Info: Using driver 'tc-pdftex.def'.

(C:\Users\micha\AppData\Local\Programs\MiKTeX\tex/latex/adjustbox\tc-pdftex.def
File: tc-pdftex.def 2019/01/04 v2.2 Clipping driver for pdftex
))
\adjbox@Width=\dimen180
\adjbox@Height=\dimen181
\adjbox@Depth=\dimen182
\adjbox@Totalheight=\dimen183
\adjbox@pwidth=\dimen184
\adjbox@pheight=\dimen185
\adjbox@pdepth=\dimen186
\adjbox@ptotalheight=\dimen187

(C:\Users\micha\AppData\Local\Programs\MiKTeX\tex/latex/ifoddpage\ifoddpage.sty
Package: ifoddpage 2022/10/18 v1.2 Conditionals for odd/even page detection
\c@checkoddpage=\count291
) (C:\Users\micha\AppData\Local\Programs\MiKTeX\tex/latex/varwidth\varwidth.sty
Package: varwidth 2009/03/30 ver 0.92;  Variable-width minipages
\@vwid@box=\box56
\sift@deathcycles=\count292
\@vwid@loff=\dimen188
\@vwid@roff=\dimen189
)) (C:\Users\micha\AppData\Local\Programs\MiKTeX\tex/generic/soul\soul.sty
Package: soul 2023-06-14 v3.1 Permit use of UTF-8 characters in soul (HO)

(C:\Users\micha\AppData\Local\Programs\MiKTeX\tex/generic/soul\soul-ori.sty
Package: soul-ori 2023-06-14 v3.1 letterspacing/underlining (mf)
\SOUL@word=\toks26
\SOUL@lasttoken=\toks27
\SOUL@syllable=\toks28
\SOUL@cmds=\toks29
\SOUL@buffer=\toks30
\SOUL@token=\toks31
\SOUL@syllgoal=\dimen190
\SOUL@syllwidth=\dimen191
\SOUL@charkern=\dimen192
\SOUL@hyphkern=\dimen193
\SOUL@dimen=\dimen194
\SOUL@dimeni=\dimen195
\SOUL@minus=\count293
\SOUL@comma=\count294
\SOUL@apo=\count295
\SOUL@grave=\count296
\SOUL@spaceskip=\skip58
\SOUL@ttwidth=\dimen196
\SOUL@uldp=\dimen197
\SOUL@ulht=\dimen198
)
(C:\Users\micha\AppData\Local\Programs\MiKTeX\tex/generic/etexcmds\etexcmds.sty
Package: etexcmds 2019/12/15 v1.7 Avoid name clashes with e-TeX commands (HO)
))
(C:\Users\micha\AppData\Local\Programs\MiKTeX\tex/latex/algorithms\algorithm.st
y
Package: algorithm 2009/08/24 v0.1 Document Style `algorithm' - floating enviro
nment
 (C:\Users\micha\AppData\Local\Programs\MiKTeX\tex/latex/float\float.sty
Package: float 2001/11/08 v1.3d Float enhancements (AL)
\c@float@type=\count297
\float@exts=\toks32
\float@box=\box57
\@float@everytoks=\toks33
\@floatcapt=\box58
)
(C:\Users\micha\AppData\Local\Programs\MiKTeX\tex/latex/base\ifthen.sty
Package: ifthen 2022/04/13 v1.1d Standard LaTeX ifthen package (DPC)
)
\@float@every@algorithm=\toks34
\c@algorithm=\count298
)
(C:\Users\micha\AppData\Local\Programs\MiKTeX\tex/latex/algorithmicx\algorithmi
cx.sty
Package: algorithmicx 2005/04/27 v1.2 Algorithmicx

Document Style algorithmicx 1.2 - a greatly improved `algorithmic' style
\c@ALG@line=\count299
\c@ALG@rem=\count300
\c@ALG@nested=\count301
\ALG@tlm=\skip59
\ALG@thistlm=\skip60
\c@ALG@Lnr=\count302
\c@ALG@blocknr=\count303
\c@ALG@storecount=\count304
\c@ALG@tmpcounter=\count305
\ALG@tmplength=\skip61
)
(C:\Users\micha\AppData\Local\Programs\MiKTeX\tex/latex/algorithmicx\algpseudoc
ode.sty
Package: algpseudocode 

Document Style - pseudocode environments for use with the `algorithmicx' style
)
(C:\Users\micha\AppData\Local\Programs\MiKTeX\tex/latex/caption\subcaption.sty
Package: subcaption 2023/07/28 v1.6b Sub-captions (AR)

(C:\Users\micha\AppData\Local\Programs\MiKTeX\tex/latex/caption\caption.sty
Package: caption 2023/07/31 v3.6n Customizing captions (AR)

(C:\Users\micha\AppData\Local\Programs\MiKTeX\tex/latex/caption\caption3.sty
Package: caption3 2023/07/31 v2.4d caption3 kernel (AR)
\caption@tempdima=\dimen199
\captionmargin=\dimen256
\caption@leftmargin=\dimen257
\caption@rightmargin=\dimen258
\caption@width=\dimen259
\caption@indent=\dimen260
\caption@parindent=\dimen261
\caption@hangindent=\dimen262
Package caption Info: Standard document class detected.
)
\c@caption@flags=\count306
\c@continuedfloat=\count307
Package caption Info: float package is loaded.
)
Package caption Info: New subtype `subfigure' on input line 238.
\c@subfigure=\count308
Package caption Info: New subtype `subtable' on input line 238.
\c@subtable=\count309
) (C:\Users\micha\AppData\Local\Programs\MiKTeX\tex/latex/relsize\relsize.sty
Package: relsize 2013/03/29 ver 4.1
)
\c@claim=\count310
\c@proof=\count311
\c@axiom=\count312
\c@lemma=\count313
\c@corollary=\count314
\c@theorem=\count315
\c@example=\count316
\c@definition=\count317
\c@property=\count318
\c@assumption=\count319

(C:\Users\micha\AppData\Local\Programs\MiKTeX\tex/latex/mdwtools\footnote.sty
Package: footnote 1997/01/28 1.13 Save footnotes around boxes
\fn@notes=\box59
\fn@width=\dimen263
)
(C:\Users\micha\AppData\Local\Programs\MiKTeX\tex/latex/multirow\multirow.sty
Package: multirow 2021/03/15 v2.8 Span multiple rows of a table
\multirow@colwidth=\skip62
\multirow@cntb=\count320
\multirow@dima=\skip63
\bigstrutjot=\dimen264
)
(C:\Users\micha\AppData\Local\Programs\MiKTeX\tex/latex/mathtools\empheq.sty
Package: empheq 2017/03/31 v2.15 Emphasizing equations
\l_EQ_equationtype_int=\count321
\l_EQ_alignmentmode_int=\count322
\l_EQ_totalwidth_dim=\dimen265
\l_EQ_displaywidth_dim=\dimen266
\l_EQ_temp_linewidth_dim=\dimen267
\l_EQ_linewidth_dim=\dimen268
\EmphEqdelimitershortfall=\dimen269
\EmphEqdelimiterfactor=\count323
\g_EQ_toptag_height_dim=\dimen270
\g_EQ_bottomtag_depth_dim=\dimen271
\g_EQ_toprow_height_dim=\dimen272
\g_EQ_bottomrow_depth_dim=\dimen273
\g_EQ_widesttag_dim=\dimen274
\EQ_mathdisplay_box=\box60
\EQ_tag_box=\box61
\g_EQ_temprow_int=\count324
)
Package csquotes Info: Checking for multilingual support...
Package csquotes Info: ... none found.
LaTeX Font Info:    Trying to load font information for OT1+ptm on input line 9
1.

(C:\Users\micha\AppData\Local\Programs\MiKTeX\tex/latex/psnfss\ot1ptm.fd
File: ot1ptm.fd 2001/06/04 font definitions for OT1/ptm.
)
(Bandyopadhyay_ONE_changed.aux

LaTeX Warning: Label `eq:W' multiply defined.

)
\openout1 = `Bandyopadhyay_ONE_changed.aux'.

LaTeX Font Info:    Checking defaults for OML/cmm/m/it on input line 91.
LaTeX Font Info:    ... okay on input line 91.
LaTeX Font Info:    Checking defaults for OMS/cmsy/m/n on input line 91.
LaTeX Font Info:    ... okay on input line 91.
LaTeX Font Info:    Checking defaults for OT1/cmr/m/n on input line 91.
LaTeX Font Info:    ... okay on input line 91.
LaTeX Font Info:    Checking defaults for T1/cmr/m/n on input line 91.
LaTeX Font Info:    ... okay on input line 91.
LaTeX Font Info:    Checking defaults for TS1/cmr/m/n on input line 91.
LaTeX Font Info:    ... okay on input line 91.
LaTeX Font Info:    Checking defaults for OMX/cmex/m/n on input line 91.
LaTeX Font Info:    ... okay on input line 91.
LaTeX Font Info:    Checking defaults for U/cmr/m/n on input line 91.
LaTeX Font Info:    ... okay on input line 91.

(C:\Users\micha\AppData\Local\Programs\MiKTeX\tex/context/base/mkii\supp-pdf.mk
ii
[Loading MPS to PDF converter (version 2006.09.02).]
\scratchcounter=\count325
\scratchdimen=\dimen275
\scratchbox=\box62
\nofMPsegments=\count326
\nofMParguments=\count327
\everyMPshowfont=\toks35
\MPscratchCnt=\count328
\MPscratchDim=\dimen276
\MPnumerator=\count329
\makeMPintoPDFobject=\count330
\everyMPtoPDFconversion=\toks36
)
Package caption Info: Begin \AtBeginDocument code.
Package caption Info: End \AtBeginDocument code.
\Hy@linkcounter=\count331
LaTeX Font Info:    Trying to load font information for U+msa on input line 103
.
 (C:\Users\micha\AppData\Local\Programs\MiKTeX\tex/latex/amsfonts\umsa.fd
File: umsa.fd 2013/01/14 v3.01 AMS symbols A
)
LaTeX Font Info:    Trying to load font information for U+msb on input line 103
.

(C:\Users\micha\AppData\Local\Programs\MiKTeX\tex/latex/amsfonts\umsb.fd
File: umsb.fd 2013/01/14 v3.01 AMS symbols B
)
LaTeX Font Info:    Trying to load font information for TS1+ptm on input line 1
03.

(C:\Users\micha\AppData\Local\Programs\MiKTeX\tex/latex/psnfss\ts1ptm.fd
File: ts1ptm.fd 2001/06/04 font definitions for TS1/ptm.
)
LaTeX Font Info:    Trying to load font information for OT1+pcr on input line 1
08.

(C:\Users\micha\AppData\Local\Programs\MiKTeX\tex/latex/psnfss\ot1pcr.fd
File: ot1pcr.fd 2001/06/04 font definitions for OT1/pcr.
)

LaTeX Warning: Citation `perozzi2014deepwalk' on page 1 undefined on input line
 112.


LaTeX Warning: Citation `grover2016node2vec' on page 1 undefined on input line 
112.


LaTeX Warning: Citation `mcpherson2001birds' on page 1 undefined on input line 
113.


LaTeX Warning: Citation `yang2015network' on page 1 undefined on input line 114
.


LaTeX Warning: Citation `huang2017accelerated' on page 1 undefined on input lin
e 114.


LaTeX Warning: Citation `gao2018deep' on page 1 undefined on input line 114.


LaTeX Warning: Citation `liu2017accelerated' on page 1 undefined on input line 
116.


LaTeX Warning: Citation `liu2008isolation' on page 1 undefined on input line 11
8.


LaTeX Warning: Citation `liang2018semi' on page 1 undefined on input line 118.

<images/type1.png, id=1, 826.08624pt x 526.96875pt>
File: images/type1.png Graphic file (type png)
<use images/type1.png>
Package pdftex.def Info: images/type1.png  used on input line 125.
(pdftex.def)             Requested size: 74.21167pt x 47.33669pt.
<images/type2.png, id=2, 826.08624pt x 526.96875pt>
File: images/type2.png Graphic file (type png)
<use images/type2.png>
Package pdftex.def Info: images/type2.png  used on input line 131.
(pdftex.def)             Requested size: 74.21167pt x 47.33669pt.
<images/type3.png, id=3, 826.08624pt x 526.96875pt>
File: images/type3.png Graphic file (type png)
<use images/type3.png>
Package pdftex.def Info: images/type3.png  used on input line 136.
(pdftex.def)             Requested size: 74.21167pt x 47.33669pt.

Underfull \hbox (badness 1924) in paragraph at lines 145--146
[]\OT1/ptm/m/n/10 We pro-pose an un-su-per-vised al-go-rithm called ONE
 []


Underfull \vbox (badness 1320) has occurred while \output is active []

 [1{C:/Users/micha/AppData/Local/MiKTeX/fonts/map/pdftex/pdftex.map}{C:/Users/m
icha/AppData/Local/Programs/MiKTeX/fonts/enc/dvips/base/8r.enc}



]

LaTeX Warning: Citation `hamilton2017representation' on page 2 undefined on inp
ut line 157.


LaTeX Warning: Citation `mikolov2013efficient' on page 2 undefined on input lin
e 158.


LaTeX Warning: Citation `perozzi2014deepwalk' on page 2 undefined on input line
 159.


LaTeX Warning: Citation `grover2016node2vec' on page 2 undefined on input line 
159.


LaTeX Warning: Citation `tang2015line' on page 2 undefined on input line 159.


LaTeX Warning: Citation `ribeiro2017struc2vec' on page 2 undefined on input lin
e 159.


LaTeX Warning: Citation `yang2015network' on page 2 undefined on input line 161
.


LaTeX Warning: Citation `huang2017accelerated' on page 2 undefined on input lin
e 161.


LaTeX Warning: Citation `huang2017label' on page 2 undefined on input line 161.



LaTeX Warning: Citation `niepert2016learning' on page 2 undefined on input line
 161.


LaTeX Warning: Citation `kipf2016semi' on page 2 undefined on input line 161.


LaTeX Warning: Citation `hamilton2017inductive' on page 2 undefined on input li
ne 161.


LaTeX Warning: Citation `liang2018semi' on page 2 undefined on input line 163.

[2 <./images/type1.png> <./images/type2.png> <./images/type3.png>]

LaTeX Warning: Citation `cunningham2015' on page 3 undefined on input line 178.



LaTeX Warning: Citation `lample2018word' on page 3 undefined on input line 199.



LaTeX Warning: Citation `schonemann1966generalized' on page 3 undefined on inpu
t line 201.


Underfull \hbox (badness 1616) in paragraph at lines 199--202
 \OT1/ptm/b/n/10 Em-bed-ding Trans-for-ma-tion and Pro-crustes prob-lem
 []


LaTeX Warning: Citation `xing2015normalized' on page 3 undefined on input line 
207.

[3]

LaTeX Font Warning: Command \tiny invalid in math mode on input line 344.


LaTeX Font Warning: Command \tiny invalid in math mode on input line 344.


LaTeX Font Warning: Command \tiny invalid in math mode on input line 344.


LaTeX Font Warning: Command \tiny invalid in math mode on input line 344.


Underfull \hbox (badness 5711) in paragraph at lines 363--365
\OT1/ptm/m/n/10 Here the new ma-tri-ces are de-fined as, $\OT1/cmr/m/n/10 ([])[
] =
 []


Overfull \hbox (11.7305pt too wide) detected at line 380
[]
 []

[4]

LaTeX Warning: Citation `gupta2012integrating' on page 5 undefined on input lin
e 392.


LaTeX Warning: Citation `lee2001algorithms' on page 5 undefined on input line 4
15.


LaTeX Warning: Citation `huang2017accelerated' on page 5 undefined on input lin
e 424.

LaTeX Font Info:    Trying to load font information for OT1+phv on input line 4
81.
(C:\Users\micha\AppData\Local\Programs\MiKTeX\tex/latex/psnfss\ot1phv.fd
File: ot1phv.fd 2020/03/25 scalable font definitions for OT1/phv.
)

LaTeX Warning: Citation `perozzi2014deepwalk' on page 5 undefined on input line
 487.


LaTeX Warning: Citation `grover2016node2vec' on page 5 undefined on input line 
487.


LaTeX Warning: Citation `tang2015line' on page 5 undefined on input line 487.


LaTeX Warning: Citation `yang2015network' on page 5 undefined on input line 487
.


LaTeX Warning: Citation `huang2017accelerated' on page 5 undefined on input lin
e 487.


LaTeX Warning: Citation `hamilton2017inductive' on page 5 undefined on input li
ne 487.


LaTeX Warning: Citation `liang2018semi' on page 5 undefined on input line 487.

[5]
<images/citeseer_loss.png, id=43, 433.62pt x 306.14375pt>
File: images/citeseer_loss.png Graphic file (type png)
<use images/citeseer_loss.png>
Package pdftex.def Info: images/citeseer_loss.png  used on input line 493.
(pdftex.def)             Requested size: 117.30455pt x 82.81874pt.
<images/pubmed_loss.png, id=45, 420.57124pt x 306.14375pt>
File: images/pubmed_loss.png Graphic file (type png)
<use images/pubmed_loss.png>
Package pdftex.def Info: images/pubmed_loss.png  used on input line 496.
(pdftex.def)             Requested size: 117.30455pt x 85.38799pt.
<images/outl_webkb.png, id=46, 415.5525pt x 306.14375pt>
File: images/outl_webkb.png Graphic file (type png)
<use images/outl_webkb.png>
Package pdftex.def Info: images/outl_webkb.png  used on input line 517.
(pdftex.def)             Requested size: 106.2403pt x 78.26881pt.
<images/outl_cora.png, id=47, 415.5525pt x 306.14375pt>
File: images/outl_cora.png Graphic file (type png)
<use images/outl_cora.png>
Package pdftex.def Info: images/outl_cora.png  used on input line 521.
(pdftex.def)             Requested size: 106.2403pt x 78.26881pt.
<images/outl_citeseer.png, id=48, 415.5525pt x 306.14375pt>
File: images/outl_citeseer.png Graphic file (type png)
<use images/outl_citeseer.png>
Package pdftex.def Info: images/outl_citeseer.png  used on input line 525.
(pdftex.def)             Requested size: 106.2403pt x 78.26881pt.
<images/outl_pubmed.png, id=49, 415.5525pt x 306.14375pt>
File: images/outl_pubmed.png Graphic file (type png)
<use images/outl_pubmed.png>
Package pdftex.def Info: images/outl_pubmed.png  used on input line 529.
(pdftex.def)             Requested size: 106.2403pt x 78.26881pt.
<images/legend.png, id=50, 181.67876pt x 238.8925pt>
File: images/legend.png Graphic file (type png)
<use images/legend.png>
Package pdftex.def Info: images/legend.png  used on input line 533.
(pdftex.def)             Requested size: 55.64821pt x 73.17377pt.


LaTeX Warning: `!h' float specifier changed to `!ht'.


LaTeX Warning: Citation `liaw2002classification' on page 6 undefined on input l
ine 552.

<images/WebKB_macro.png, id=51, 633.36626pt x 306.14375pt>
File: images/WebKB_macro.png Graphic file (type png)
<use images/WebKB_macro.png>
Package pdftex.def Info: images/WebKB_macro.png  used on input line 561.
(pdftex.def)             Requested size: 117.30455pt x 56.69643pt.
<images/WebKB_micro.png, id=52, 633.36626pt x 306.14375pt>
File: images/WebKB_micro.png Graphic file (type png)
<use images/WebKB_micro.png>
Package pdftex.def Info: images/WebKB_micro.png  used on input line 564.
(pdftex.def)             Requested size: 117.30455pt x 56.69643pt.
<images/Cora_Macro.png, id=53, 633.36626pt x 306.14375pt>
File: images/Cora_Macro.png Graphic file (type png)
<use images/Cora_Macro.png>
Package pdftex.def Info: images/Cora_Macro.png  used on input line 573.
(pdftex.def)             Requested size: 117.30455pt x 56.69643pt.
<images/Cora_Micro.png, id=54, 633.36626pt x 306.14375pt>
File: images/Cora_Micro.png Graphic file (type png)
<use images/Cora_Micro.png>
Package pdftex.def Info: images/Cora_Micro.png  used on input line 576.
(pdftex.def)             Requested size: 117.30455pt x 56.69643pt.
<images/citeseer_macro.png, id=55, 633.36626pt x 306.14375pt>
File: images/citeseer_macro.png Graphic file (type png)
<use images/citeseer_macro.png>
Package pdftex.def Info: images/citeseer_macro.png  used on input line 585.
(pdftex.def)             Requested size: 117.30455pt x 56.69643pt.
<images/citeseer_micro.png, id=56, 633.36626pt x 306.14375pt>
File: images/citeseer_micro.png Graphic file (type png)
<use images/citeseer_micro.png>
Package pdftex.def Info: images/citeseer_micro.png  used on input line 588.
(pdftex.def)             Requested size: 117.30455pt x 56.69643pt.
<images/pubmed_macro.png, id=57, 633.36626pt x 306.14375pt>
File: images/pubmed_macro.png Graphic file (type png)
<use images/pubmed_macro.png>
Package pdftex.def Info: images/pubmed_macro.png  used on input line 597.
(pdftex.def)             Requested size: 117.30455pt x 56.69643pt.
<images/pubmed_micro.png, id=58, 633.36626pt x 306.14375pt>
File: images/pubmed_micro.png Graphic file (type png)
<use images/pubmed_micro.png>
Package pdftex.def Info: images/pubmed_micro.png  used on input line 600.
(pdftex.def)             Requested size: 117.30455pt x 56.69643pt.

LaTeX Warning: `!h' float specifier changed to `!ht'.


LaTeX Warning: Citation `kmeans++' on page 6 undefined on input line 609.


LaTeX Warning: Citation `xie2016unsupervised' on page 6 undefined on input line
 611.

[6 <./images/citeseer_loss.png> <./images/pubmed_loss.png>]
<images/clustering.png, id=64, 415.5525pt x 382.42876pt>
File: images/clustering.png Graphic file (type png)
<use images/clustering.png>
Package pdftex.def Info: images/clustering.png  used on input line 621.
(pdftex.def)             Requested size: 167.57533pt x 154.21756pt.


LaTeX Warning: `!h' float specifier changed to `!ht'.

No file Bandyopadhyay_ONE_changed.bbl.

Underfull \vbox (badness 1237) has occurred while \output is active []

 [7 <./images/outl_webkb.png> <./images/outl_cora.png> <./images/outl_citeseer.
png> <./images/outl_pubmed.png> <./images/legend.png> <./images/WebKB_macro.png
> <./images/WebKB_micro.png> <./images/Cora_Macro.png> <./images/Cora_Micro.png
> <./images/citeseer_macro.png> <./images/citeseer_micro.png> <./images/pubmed_
macro.png> <./images/pubmed_micro.png> <./images/clustering.png>] [8

]
(Bandyopadhyay_ONE_changed.aux)
 ***********
LaTeX2e <2023-06-01> patch level 1
L3 programming layer <2023-08-29>
 ***********


LaTeX Warning: There were multiply-defined labels.

 ) 
Here is how much of TeX's memory you used:
 9932 strings out of 475247
 173793 string characters out of 5757792
 1960801 words of memory out of 5000000
 31228 multiletter control sequences out of 15000+600000
 593339 words of font info for 116 fonts, out of 8000000 for 9000
 1141 hyphenation exceptions out of 8191
 83i,16n,131p,1750b,578s stack positions out of 10000i,1000n,20000p,200000b,200000s
<C:/Users/micha/AppData/Local/Programs/MiKTeX/fonts/type1/public/amsfonts/cm/
cmbx10.pfb><C:/Users/micha/AppData/Local/Programs/MiKTeX/fonts/type1/public/ams
fonts/cm/cmbx7.pfb><C:/Users/micha/AppData/Local/Programs/MiKTeX/fonts/type1/pu
blic/amsfonts/cm/cmex10.pfb><C:/Users/micha/AppData/Local/Programs/MiKTeX/fonts
/type1/public/amsfonts/cmextra/cmex7.pfb><C:/Users/micha/AppData/Local/Programs
/MiKTeX/fonts/type1/public/amsfonts/cm/cmmi10.pfb><C:/Users/micha/AppData/Local
/Programs/MiKTeX/fonts/type1/public/amsfonts/cm/cmmi5.pfb><C:/Users/micha/AppDa
ta/Local/Programs/MiKTeX/fonts/type1/public/amsfonts/cm/cmmi7.pfb><C:/Users/mic
ha/AppData/Local/Programs/MiKTeX/fonts/type1/public/amsfonts/cm/cmr10.pfb><C:/U
sers/micha/AppData/Local/Programs/MiKTeX/fonts/type1/public/amsfonts/cm/cmr5.pf
b><C:/Users/micha/AppData/Local/Programs/MiKTeX/fonts/type1/public/amsfonts/cm/
cmr7.pfb><C:/Users/micha/AppData/Local/Programs/MiKTeX/fonts/type1/public/amsfo
nts/cm/cmsy10.pfb><C:/Users/micha/AppData/Local/Programs/MiKTeX/fonts/type1/pub
lic/amsfonts/cm/cmsy5.pfb><C:/Users/micha/AppData/Local/Programs/MiKTeX/fonts/t
ype1/public/amsfonts/cm/cmsy7.pfb><C:/Users/micha/AppData/Local/Programs/MiKTeX
/fonts/type1/public/amsfonts/symbols/msbm10.pfb><C:/Users/micha/AppData/Local/P
rograms/MiKTeX/fonts/type1/public/amsfonts/symbols/msbm7.pfb><C:/Users/micha/Ap
pData/Local/Programs/MiKTeX/fonts/type1/urw/courier/ucrr8a.pfb><C:/Users/micha/
AppData/Local/Programs/MiKTeX/fonts/type1/urw/helvetic/uhvr8a.pfb><C:/Users/mic
ha/AppData/Local/Programs/MiKTeX/fonts/type1/urw/times/utmb8a.pfb><C:/Users/mic
ha/AppData/Local/Programs/MiKTeX/fonts/type1/urw/times/utmr8a.pfb><C:/Users/mic
ha/AppData/Local/Programs/MiKTeX/fonts/type1/urw/times/utmri8a.pfb>
Output written on Bandyopadhyay_ONE_changed.pdf (8 pages, 733263 bytes).
PDF statistics:
 169 PDF objects out of 1000 (max. 8388607)
 0 named destinations out of 1000 (max. 500000)
 96 words of extra memory for PDF output out of 10000 (max. 10000000)

