This is pdfTeX, Version 3.141592653-2.6-1.40.25 (MiKTeX 23.5) (preloaded format=pdflatex 2024.1.12)  1 APR 2024 20:55
entering extended mode
 restricted \write18 enabled.
 %&-line parsing enabled.
**./after_operator0.tex
(after_operator0.tex
LaTeX2e <2023-06-01> patch level 1
L3 programming layer <2023-08-29>
(C:\Users\orfuc\AppData\Local\Programs\MiKTeX\tex/latex/base\article.cls
Document Class: article 2023/05/17 v1.4n Standard LaTeX document class
(C:\Users\orfuc\AppData\Local\Programs\MiKTeX\tex/latex/base\size10.clo
File: size10.clo 2023/05/17 v1.4n Standard LaTeX file (size option)
)
\c@part=\count185
\c@section=\count186
\c@subsection=\count187
\c@subsubsection=\count188
\c@paragraph=\count189
\c@subparagraph=\count190
\c@figure=\count191
\c@table=\count192
\abovecaptionskip=\skip48
\belowcaptionskip=\skip49
\bibindent=\dimen140
)
(aaai23.sty
Package: aaai23 2023/06/27 AAAI 2023 Submission format

Conference Style for AAAI for LaTeX 2e -- version for submission
\titlebox=\skip50
) (C:\Users\orfuc\AppData\Local\Programs\MiKTeX\tex/latex/psnfss\times.sty
Package: times 2020/03/25 PSNFSS-v9.3 (SPQR) 
)
(C:\Users\orfuc\AppData\Local\Programs\MiKTeX\tex/latex/psnfss\helvet.sty
Package: helvet 2020/03/25 PSNFSS-v9.3 (WaS) 

(C:\Users\orfuc\AppData\Local\Programs\MiKTeX\tex/latex/graphics\keyval.sty
Package: keyval 2022/05/29 v1.15 key=value parser (DPC)
\KV@toks@=\toks17
))
(C:\Users\orfuc\AppData\Local\Programs\MiKTeX\tex/latex/psnfss\courier.sty
Package: courier 2020/03/25 PSNFSS-v9.3 (WaS) 
)
(C:\Users\orfuc\AppData\Local\Programs\MiKTeX\tex/latex/url\url.sty
\Urlmuskip=\muskip16
Package: url 2013/09/16  ver 3.4  Verb mode for urls, etc.
)
(C:\Users\orfuc\AppData\Local\Programs\MiKTeX\tex/latex/graphics\graphicx.sty
Package: graphicx 2021/09/16 v1.2d Enhanced LaTeX Graphics (DPC,SPQR)

(C:\Users\orfuc\AppData\Local\Programs\MiKTeX\tex/latex/graphics\graphics.sty
Package: graphics 2022/03/10 v1.4e Standard LaTeX Graphics (DPC,SPQR)

(C:\Users\orfuc\AppData\Local\Programs\MiKTeX\tex/latex/graphics\trig.sty
Package: trig 2021/08/11 v1.11 sin cos tan (DPC)
)
(C:\Users\orfuc\AppData\Local\Programs\MiKTeX\tex/latex/graphics-cfg\graphics.c
fg
File: graphics.cfg 2016/06/04 v1.11 sample graphics configuration
)
Package graphics Info: Driver file: pdftex.def on input line 107.

(C:\Users\orfuc\AppData\Local\Programs\MiKTeX\tex/latex/graphics-def\pdftex.def
File: pdftex.def 2022/09/22 v1.2b Graphics/color driver for pdftex
))
\Gin@req@height=\dimen141
\Gin@req@width=\dimen142
) (C:\Users\orfuc\AppData\Local\Programs\MiKTeX\tex/latex/natbib\natbib.sty
Package: natbib 2010/09/13 8.31b (PWD, AO)
\bibhang=\skip51
\bibsep=\skip52
LaTeX Info: Redefining \cite on input line 694.
\c@NAT@ctr=\count193
)
(C:\Users\orfuc\AppData\Local\Programs\MiKTeX\tex/latex/caption\caption.sty
Package: caption 2023/07/31 v3.6n Customizing captions (AR)

(C:\Users\orfuc\AppData\Local\Programs\MiKTeX\tex/latex/caption\caption3.sty
Package: caption3 2023/07/31 v2.4d caption3 kernel (AR)
\caption@tempdima=\dimen143
\captionmargin=\dimen144
\caption@leftmargin=\dimen145
\caption@rightmargin=\dimen146
\caption@width=\dimen147
\caption@indent=\dimen148
\caption@parindent=\dimen149
\caption@hangindent=\dimen150
Package caption Info: Standard document class detected.
)
\c@caption@flags=\count194
\c@continuedfloat=\count195
)
(C:\Users\orfuc\AppData\Local\Programs\MiKTeX\tex/latex/algorithms\algorithm.st
y
Package: algorithm 2009/08/24 v0.1 Document Style `algorithm' - floating enviro
nment
 (C:\Users\orfuc\AppData\Local\Programs\MiKTeX\tex/latex/float\float.sty
Package: float 2001/11/08 v1.3d Float enhancements (AL)
\c@float@type=\count196
\float@exts=\toks18
\float@box=\box51
\@float@everytoks=\toks19
\@floatcapt=\box52
)
(C:\Users\orfuc\AppData\Local\Programs\MiKTeX\tex/latex/base\ifthen.sty
Package: ifthen 2022/04/13 v1.1d Standard LaTeX ifthen package (DPC)
)
\@float@every@algorithm=\toks20
\c@algorithm=\count197
)
(C:\Users\orfuc\AppData\Local\Programs\MiKTeX\tex/latex/algorithms\algorithmic.
sty
Package: algorithmic 2009/08/24 v0.1 Document Style `algorithmic'
\c@ALC@unique=\count198
\c@ALC@line=\count199
\c@ALC@rem=\count266
\c@ALC@depth=\count267
\ALC@tlm=\skip53
\algorithmicindent=\skip54
)
(C:\Users\orfuc\AppData\Local\Programs\MiKTeX\tex/latex/subfigure\subfigure.sty
Package: subfigure 2002/07/30 v2.1.4 subfigure package
\subfigtopskip=\skip55
\subfigcapskip=\skip56
\subfigcaptopadj=\dimen151
\subfigbottomskip=\skip57
\subfigcapmargin=\dimen152
\subfiglabelskip=\skip58
\c@subfigure=\count268
\c@lofdepth=\count269
\c@subtable=\count270
\c@lotdepth=\count271
****************************************
* Local config file subfigure.cfg used *
****************************************

(C:\Users\orfuc\AppData\Local\Programs\MiKTeX\tex/latex/subfigure\subfigure.cfg
)
\subfig@top=\skip59
\subfig@bottom=\skip60
) (C:\Users\orfuc\AppData\Local\Programs\MiKTeX\tex/latex/amsmath\amsmath.sty
Package: amsmath 2023/05/13 v2.17o AMS math features
\@mathmargin=\skip61

For additional information on amsmath, use the `?' option.
(C:\Users\orfuc\AppData\Local\Programs\MiKTeX\tex/latex/amsmath\amstext.sty
Package: amstext 2021/08/26 v2.01 AMS text

(C:\Users\orfuc\AppData\Local\Programs\MiKTeX\tex/latex/amsmath\amsgen.sty
File: amsgen.sty 1999/11/30 v2.0 generic functions
\@emptytoks=\toks21
\ex@=\dimen153
))
(C:\Users\orfuc\AppData\Local\Programs\MiKTeX\tex/latex/amsmath\amsbsy.sty
Package: amsbsy 1999/11/29 v1.2d Bold Symbols
\pmbraise@=\dimen154
)
(C:\Users\orfuc\AppData\Local\Programs\MiKTeX\tex/latex/amsmath\amsopn.sty
Package: amsopn 2022/04/08 v2.04 operator names
)
\inf@bad=\count272
LaTeX Info: Redefining \frac on input line 234.
\uproot@=\count273
\leftroot@=\count274
LaTeX Info: Redefining \overline on input line 399.
LaTeX Info: Redefining \colon on input line 410.
\classnum@=\count275
\DOTSCASE@=\count276
LaTeX Info: Redefining \ldots on input line 496.
LaTeX Info: Redefining \dots on input line 499.
LaTeX Info: Redefining \cdots on input line 620.
\Mathstrutbox@=\box53
\strutbox@=\box54
LaTeX Info: Redefining \big on input line 722.
LaTeX Info: Redefining \Big on input line 723.
LaTeX Info: Redefining \bigg on input line 724.
LaTeX Info: Redefining \Bigg on input line 725.
\big@size=\dimen155
LaTeX Font Info:    Redeclaring font encoding OML on input line 743.
LaTeX Font Info:    Redeclaring font encoding OMS on input line 744.
\macc@depth=\count277
LaTeX Info: Redefining \bmod on input line 905.
LaTeX Info: Redefining \pmod on input line 910.
LaTeX Info: Redefining \smash on input line 940.
LaTeX Info: Redefining \relbar on input line 970.
LaTeX Info: Redefining \Relbar on input line 971.
\c@MaxMatrixCols=\count278
\dotsspace@=\muskip17
\c@parentequation=\count279
\dspbrk@lvl=\count280
\tag@help=\toks22
\row@=\count281
\column@=\count282
\maxfields@=\count283
\andhelp@=\toks23
\eqnshift@=\dimen156
\alignsep@=\dimen157
\tagshift@=\dimen158
\tagwidth@=\dimen159
\totwidth@=\dimen160
\lineht@=\dimen161
\@envbody=\toks24
\multlinegap=\skip62
\multlinetaggap=\skip63
\mathdisplay@stack=\toks25
LaTeX Info: Redefining \[ on input line 2953.
LaTeX Info: Redefining \] on input line 2954.
)
(C:\Users\orfuc\AppData\Local\Programs\MiKTeX\tex/latex/amsfonts\amssymb.sty
Package: amssymb 2013/01/14 v3.01 AMS font symbols

(C:\Users\orfuc\AppData\Local\Programs\MiKTeX\tex/latex/amsfonts\amsfonts.sty
Package: amsfonts 2013/01/14 v3.01 Basic AMSFonts support
\symAMSa=\mathgroup4
\symAMSb=\mathgroup5
LaTeX Font Info:    Redeclaring math symbol \hbar on input line 98.
LaTeX Font Info:    Overwriting math alphabet `\mathfrak' in version `bold'
(Font)                  U/euf/m/n --> U/euf/b/n on input line 106.
)) (C:\Users\orfuc\AppData\Local\Programs\MiKTeX\tex/latex/booktabs\booktabs.st
y
Package: booktabs 2020/01/12 v1.61803398 Publication quality tables
\heavyrulewidth=\dimen162
\lightrulewidth=\dimen163
\cmidrulewidth=\dimen164
\belowrulesep=\dimen165
\belowbottomsep=\dimen166
\aboverulesep=\dimen167
\abovetopsep=\dimen168
\cmidrulesep=\dimen169
\cmidrulekern=\dimen170
\defaultaddspace=\dimen171
\@cmidla=\count284
\@cmidlb=\count285
\@aboverulesep=\dimen172
\@belowrulesep=\dimen173
\@thisruleclass=\count286
\@lastruleclass=\count287
\@thisrulewidth=\dimen174
) (C:\Users\orfuc\AppData\Local\Programs\MiKTeX\tex/latex/subfig\subfig.sty
Package: subfig 2005/06/28 ver: 1.3 subfig package
\c@KVtest=\count288
\sf@farskip=\skip64
\sf@captopadj=\dimen175
\sf@capskip=\skip65
\sf@nearskip=\skip66
\sf@top=\skip67
\sf@bottom=\skip68
)
(C:\Users\orfuc\AppData\Local\Programs\MiKTeX\tex/latex/tools\bm.sty
Package: bm 2022/01/05 v1.2f Bold Symbol Support (DPC/FMi)
\symboldoperators=\mathgroup6
\symboldletters=\mathgroup7
\symboldsymbols=\mathgroup8
Package bm Info: No bold for \OMX/cmex/m/n, using \pmb.
Package bm Info: No bold for \U/msa/m/n, using \pmb.
Package bm Info: No bold for \U/msb/m/n, using \pmb.
LaTeX Font Info:    Redeclaring math alphabet \mathbf on input line 149.
)
(C:\Users\orfuc\AppData\Local\Programs\MiKTeX\tex/latex/tools\xspace.sty
Package: xspace 2014/10/28 v1.13 Space after command names (DPC,MH)
)
(C:\Users\orfuc\AppData\Local\Programs\MiKTeX\tex/latex/multirow\multirow.sty
Package: multirow 2021/03/15 v2.8 Span multiple rows of a table
\multirow@colwidth=\skip69
\multirow@cntb=\count289
\multirow@dima=\skip70
\bigstrutjot=\dimen176
)
(C:\Users\orfuc\AppData\Local\Programs\MiKTeX\tex/latex/newfloat\newfloat.sty
Package: newfloat 2019/09/02 v1.1l Defining new floating environments (AR)
)
(C:\Users\orfuc\AppData\Local\Programs\MiKTeX\tex/latex/listings\listings.sty
\lst@mode=\count290
\lst@gtempboxa=\box55
\lst@token=\toks26
\lst@length=\count291
\lst@currlwidth=\dimen177
\lst@column=\count292
\lst@pos=\count293
\lst@lostspace=\dimen178
\lst@width=\dimen179
\lst@newlines=\count294
\lst@lineno=\count295
\lst@maxwidth=\dimen180

(C:\Users\orfuc\AppData\Local\Programs\MiKTeX\tex/latex/listings\lstmisc.sty
File: lstmisc.sty 2023/02/27 1.9 (Carsten Heinz)
\c@lstnumber=\count296
\lst@skipnumbers=\count297
\lst@framebox=\box56
)
(C:\Users\orfuc\AppData\Local\Programs\MiKTeX\tex/latex/listings\listings.cfg
File: listings.cfg 2023/02/27 1.9 listings configuration
))
Package: listings 2023/02/27 1.9 (Carsten Heinz)
\@float@every@listing=\toks27
\c@listing=\count298
(C:\Users\orfuc\AppData\Local\Programs\MiKTeX\tex/latex/natbib\bibentry.sty
Package: bibentry 2007/10/30 1.5 (PWD)
)
LaTeX Font Info:    Trying to load font information for OT1+ptm on input line 1
18.

(C:\Users\orfuc\AppData\Local\Programs\MiKTeX\tex/latex/psnfss\ot1ptm.fd
File: ot1ptm.fd 2001/06/04 font definitions for OT1/ptm.
)
(C:\Users\orfuc\AppData\Local\Programs\MiKTeX\tex/latex/l3backend\l3backend-pdf
tex.def
File: l3backend-pdftex.def 2023-04-19 L3 backend support: PDF output (pdfTeX)
\l__color_backend_stack_int=\count299
\l__pdf_internal_box=\box57
) (after_operator0.aux)
\openout1 = `after_operator0.aux'.

LaTeX Font Info:    Checking defaults for OML/cmm/m/it on input line 118.
LaTeX Font Info:    ... okay on input line 118.
LaTeX Font Info:    Checking defaults for OMS/cmsy/m/n on input line 118.
LaTeX Font Info:    ... okay on input line 118.
LaTeX Font Info:    Checking defaults for OT1/cmr/m/n on input line 118.
LaTeX Font Info:    ... okay on input line 118.
LaTeX Font Info:    Checking defaults for T1/cmr/m/n on input line 118.
LaTeX Font Info:    ... okay on input line 118.
LaTeX Font Info:    Checking defaults for TS1/cmr/m/n on input line 118.
LaTeX Font Info:    ... okay on input line 118.
LaTeX Font Info:    Checking defaults for OMX/cmex/m/n on input line 118.
LaTeX Font Info:    ... okay on input line 118.
LaTeX Font Info:    Checking defaults for U/cmr/m/n on input line 118.
LaTeX Font Info:    ... okay on input line 118.

(C:\Users\orfuc\AppData\Local\Programs\MiKTeX\tex/context/base/mkii\supp-pdf.mk
ii
[Loading MPS to PDF converter (version 2006.09.02).]
\scratchcounter=\count300
\scratchdimen=\dimen181
\scratchbox=\box58
\nofMPsegments=\count301
\nofMParguments=\count302
\everyMPshowfont=\toks28
\MPscratchCnt=\count303
\MPscratchDim=\dimen182
\MPnumerator=\count304
\makeMPintoPDFobject=\count305
\everyMPtoPDFconversion=\toks29
)
(C:\Users\orfuc\AppData\Local\Programs\MiKTeX\tex/latex/epstopdf-pkg\epstopdf-b
ase.sty
Package: epstopdf-base 2020-01-24 v2.11 Base part for package epstopdf
Package epstopdf-base Info: Redefining graphics rule for `.eps' on input line 4
85.

(C:\Users\orfuc\AppData\Local\Programs\MiKTeX\tex/latex/00miktex\epstopdf-sys.c
fg
File: epstopdf-sys.cfg 2021/03/18 v2.0 Configuration of epstopdf for MiKTeX
))
Package caption Info: Begin \AtBeginDocument code.
Package caption Info: subfig package v1.3 is loaded.
Package caption Info: float package is loaded.
Package caption Info: listings package is loaded.
Package caption Info: subfigure package is loaded.
Package caption Info: End \AtBeginDocument code.
Package newfloat Info: `float' package detected.
\c@lstlisting=\count306
\c@eqfn=\count307
\titlearea=\box59
LaTeX Font Info:    Trying to load font information for U+msa on input line 120
.
 (C:\Users\orfuc\AppData\Local\Programs\MiKTeX\tex/latex/amsfonts\umsa.fd
File: umsa.fd 2013/01/14 v3.01 AMS symbols A
)
LaTeX Font Info:    Trying to load font information for U+msb on input line 120
.

(C:\Users\orfuc\AppData\Local\Programs\MiKTeX\tex/latex/amsfonts\umsb.fd
File: umsb.fd 2013/01/14 v3.01 AMS symbols B
)
LaTeX Font Info:    Trying to load font information for OMS+ptm on input line 1
20.

(C:\Users\orfuc\AppData\Local\Programs\MiKTeX\tex/latex/psnfss\omsptm.fd
File: omsptm.fd 
)
LaTeX Font Info:    Font shape `OMS/ptm/m/n' in size <10> not available
(Font)              Font shape `OMS/cmsy/m/n' tried instead on input line 120.
\actualheight=\skip71
LaTeX Font Info:    Trying to load font information for TS1+ptm on input line 1
20.

(C:\Users\orfuc\AppData\Local\Programs\MiKTeX\tex/latex/psnfss\ts1ptm.fd
File: ts1ptm.fd 2001/06/04 font definitions for TS1/ptm.
)

LaTeX Warning: File `figures/fig-teaser-large-fix.pdf' not found on input line 
128.


! Package pdftex.def Error: File `figures/fig-teaser-large-fix.pdf' not found: 
using draft setting.

See the pdftex.def package documentation for explanation.
Type  H <return>  for immediate help.
 ...                                              
                                                  
l.128 ...ewidth]{figures/fig-teaser-large-fix.pdf}
                                                  
Try typing  <return>  to proceed.
If that doesn't work, type  X <return>  to quit.

LaTeX Font Info:    Trying to load font information for OT1+pcr on input line 1
28.
(C:\Users\orfuc\AppData\Local\Programs\MiKTeX\tex/latex/psnfss\ot1pcr.fd
File: ot1pcr.fd 2001/06/04 font definitions for OT1/pcr.
)

Package natbib Warning: Citation `wen2016discriminative' on page 1 undefined on
 input line 135.


Package natbib Warning: Citation `deng2019arcface' on page 1 undefined on input
 line 135.


Package natbib Warning: Citation `wang2018cosface' on page 1 undefined on input
 line 135.


Package natbib Warning: Citation `schroff2015facenet' on page 1 undefined on in
put line 135.


Package natbib Warning: Citation `liu2017sphereface' on page 1 undefined on inp
ut line 135.


Package natbib Warning: Citation `shi2016deep' on page 1 undefined on input lin
e 139.


Package natbib Warning: Citation `wang2020suppressing' on page 1 undefined on i
nput line 139.


Package natbib Warning: Citation `kalka2018ijb' on page 1 undefined on input li
ne 139.


Package natbib Warning: Citation `maze2018iarpa' on page 1 undefined on input l
ine 139.


Package natbib Warning: Citation `klare2015pushing' on page 1 undefined on inpu
t line 139.

[1{C:/Users/orfuc/AppData/Local/MiKTeX/fonts/map/pdftex/pdftex.map}{C:/Users/or
fuc/AppData/Local/Programs/MiKTeX/fonts/enc/dvips/base/8r.enc}



]

Package natbib Warning: Citation `shi2019probabilistic' on page 2 undefined on 
input line 142.


Package natbib Warning: Citation `chang2020data' on page 2 undefined on input l
ine 144.


Package natbib Warning: Citation `liang2018enhancing' on page 2 undefined on in
put line 146.


Package natbib Warning: Citation `shafaei2019less' on page 2 undefined on input
 line 146.


Package natbib Warning: Citation `hsu2020generalized' on page 2 undefined on in
put line 147.


Package natbib Warning: Citation `techapanurak2019hyperparameter' on page 2 und
efined on input line 148.


Package natbib Warning: Citation `shafaei2019less' on page 2 undefined on input
 line 148.


Package natbib Warning: Citation `gal2016dropout' on page 2 undefined on input 
line 153.


Package natbib Warning: Citation `theobald2021bayesian' on page 2 undefined on 
input line 153.


Underfull \hbox (badness 1067) in paragraph at lines 151--159
\OT1/ptm/m/n/10 First we take a prob-a-bilis-tic view of the clas-si-fi-ca-tion

 []


Package natbib Warning: Citation `gal2016dropout' on page 2 undefined on input 
line 165.


Package natbib Warning: Citation `blundell2015weight' on page 2 undefined on in
put line 165.


Package natbib Warning: Citation `kendall2017uncertainties' on page 2 undefined
 on input line 165.


Package natbib Warning: Citation `kendall2017uncertainties' on page 2 undefined
 on input line 166.


Package natbib Warning: Citation `shi2019probabilistic' on page 2 undefined on 
input line 168.


Package natbib Warning: Citation `chang2020data' on page 2 undefined on input l
ine 169.


Package natbib Warning: Citation `moosavi2017universal' on page 2 undefined on 
input line 172.


Package natbib Warning: Citation `nguyen2015deep' on page 2 undefined on input 
line 172.


Package natbib Warning: Citation `liang2018enhancing' on page 2 undefined on in
put line 173.


Package natbib Warning: Citation `hsu2020generalized' on page 2 undefined on in
put line 174.


Package natbib Warning: Citation `techapanurak2019hyperparameter' on page 2 und
efined on input line 175.


Underfull \hbox (badness 1852) in paragraph at lines 172--176
 \OT1/ptm/b/n/10 Out-of-distribution de-tec-tion. \OT1/ptm/m/n/10 It is known t
hat deep
 []


Package natbib Warning: Citation `guo2017calibration' on page 2 undefined on in
put line 178.


Package natbib Warning: Citation `neumann18relaxed' on page 2 undefined on inpu
t line 178.


Package natbib Warning: Citation `hinton2015distilling' on page 2 undefined on 
input line 178.


Package natbib Warning: Citation `zhang2019adacos' on page 2 undefined on input
 line 178.


Package natbib Warning: Citation `hinton2015distilling' on page 2 undefined on 
input line 179.


Package natbib Warning: Citation `zhang2019adacos' on page 2 undefined on input
 line 180.


Package natbib Warning: Citation `neumann18relaxed' on page 2 undefined on inpu
t line 181.


LaTeX Warning: File `figures/fig-temp-scaling-vert.pdf' not found on input line
 187.


! Package pdftex.def Error: File `figures/fig-temp-scaling-vert.pdf' not found:
 using draft setting.

See the pdftex.def package documentation for explanation.
Type  H <return>  for immediate help.
 ...                                              
                                                  
l.187 ...width]{figures/fig-temp-scaling-vert.pdf}
                                                  
Try typing  <return>  to proceed.
If that doesn't work, type  X <return>  to quit.


Underfull \hbox (badness 1168) in paragraph at lines 209--212
\OT1/ptm/m/n/10 where $\OML/cmm/b/it/10 w[]$ \OT1/ptm/m/n/10 is called the clas
s cen-ter for iden-tity $\OML/cmm/m/it/10 j \OMS/cmsy/m/n/10 2
 []


Underfull \hbox (badness 1527) in paragraph at lines 209--212
\OMS/cmsy/m/n/10 f\OT1/cmr/m/n/10 1\OML/cmm/m/it/10 ; [] ; C\OMS/cmsy/m/n/10 g$
 \OT1/ptm/m/n/10 and $\OML/cmm/m/it/10 C$ \OT1/ptm/m/n/10 is the num-ber of dif
-fer-ent classes.
 []


Underfull \hbox (badness 1490) in paragraph at lines 209--212
\OT1/ptm/m/n/10 Given a set of im-ages $\OMS/cmsy/m/n/10 f\OML/cmm/b/it/10 x[]\
OML/cmm/m/it/10 ; [] ; \OML/cmm/b/it/10 x[]\OMS/cmsy/m/n/10 g$ \OT1/ptm/m/n/10 
and their la-bels
 []

[2]

Package natbib Warning: Citation `deng2019arcface' on page 3 undefined on input
 line 217.


Package natbib Warning: Citation `wang2018cosface' on page 3 undefined on input
 line 217.


Underfull \hbox (badness 1189) in paragraph at lines 217--219
[]\OT1/ptm/m/n/10 To im-prove the dis-crim-i-na-tive abil-ity of the learned
 []


Underfull \hbox (badness 1540) in paragraph at lines 217--219
\OT1/ptm/m/n/10 fea-tures, var-i-ous margin-enhanced losses (\OT1/ptm/b/n/10 ??
\OT1/ptm/m/n/10 ) are pro-
 []


Underfull \hbox (badness 7256) in paragraph at lines 217--219
\OT1/ptm/m/n/10 posed. For ex-am-ple, the Ar-c-Face func-tion $\OML/cmm/m/it/10
 s[] \OT1/cmr/m/n/10 =
 []


Package natbib Warning: Citation `techapanurak2019hyperparameter' on page 3 und
efined on input line 280.


Package natbib Warning: Citation `neumann18relaxed' on page 3 undefined on inpu
t line 280.

[3]

Package natbib Warning: Citation `chang2020data' on page 4 undefined on input l
ine 287.


Package natbib Warning: Citation `tolstikhin2018wasserstein' on page 4 undefine
d on input line 288.


Package natbib Warning: Citation `kingma2014auto' on page 4 undefined on input 
line 288.


LaTeX Warning: File `figures/pdf_ga_fix_cv.png' not found on input line 316.


! Package pdftex.def Error: File `figures/pdf_ga_fix_cv.png' not found: using d
raft setting.

See the pdftex.def package documentation for explanation.
Type  H <return>  for immediate help.
 ...                                              
                                                  
l.316 ....47\linewidth]{figures/pdf_ga_fix_cv.png}
                                                  
Try typing  <return>  to proceed.
If that doesn't work, type  X <return>  to quit.


LaTeX Warning: File `figures/pdf_gb_fix_cv.png' not found on input line 317.


! Package pdftex.def Error: File `figures/pdf_gb_fix_cv.png' not found: using d
raft setting.

See the pdftex.def package documentation for explanation.
Type  H <return>  for immediate help.
 ...                                              
                                                  
l.317 ....47\linewidth]{figures/pdf_gb_fix_cv.png}
                                                  
Try typing  <return>  to proceed.
If that doesn't work, type  X <return>  to quit.


LaTeX Warning: File `figures/epochs_uncertainty_curves.png' not found on input 
line 325.


! Package pdftex.def Error: File `figures/epochs_uncertainty_curves.png' not fo
und: using draft setting.

See the pdftex.def package documentation for explanation.
Type  H <return>  for immediate help.
 ...                                              
                                                  
l.325 ...h]{figures/epochs_uncertainty_curves.png}
                                                  
Try typing  <return>  to proceed.
If that doesn't work, type  X <return>  to quit.


Package natbib Warning: Citation `yi2014learning' on page 4 undefined on input 
line 346.


Package natbib Warning: Citation `deepglint' on page 4 undefined on input line 
346.


Package natbib Warning: Citation `huang2008labeled' on page 4 undefined on inpu
t line 346.


Package natbib Warning: Citation `sengupta2016frontal' on page 4 undefined on i
nput line 346.


Package natbib Warning: Citation `moschoglou2017agedb' on page 4 undefined on i
nput line 346.


Package natbib Warning: Citation `zheng2017cross' on page 4 undefined on input 
line 346.


Package natbib Warning: Citation `zheng2018cross' on page 4 undefined on input 
line 346.


Package natbib Warning: Citation `cao2018vggface2' on page 4 undefined on input
 line 346.


Package natbib Warning: Citation `huang2008labeled' on page 4 undefined on inpu
t line 346.


Package natbib Warning: Citation `li2017reliable' on page 4 undefined on input 
line 346.


Package natbib Warning: Citation `he2016deep' on page 4 undefined on input line
 350.


Package natbib Warning: Citation `hu2018squeeze' on page 4 undefined on input l
ine 350.


Package natbib Warning: Citation `hsu2020generalized' on page 4 undefined on in
put line 350.


Package natbib Warning: Citation `techapanurak2019hyperparameter' on page 4 und
efined on input line 350.


Package natbib Warning: Citation `neumann18relaxed' on page 4 undefined on inpu
t line 350.


Package natbib Warning: Citation `chang2020data' on page 4 undefined on input l
ine 350.


Package natbib Warning: Citation `deng2019arcface' on page 4 undefined on input
 line 350.


Package natbib Warning: Citation `meng2021magface' on page 4 undefined on input
 line 350.


Package natbib Warning: Citation `kim2022adaface' on page 4 undefined on input 
line 350.


Package natbib Warning: Citation `deng2019arcface' on page 4 undefined on input
 line 351.


Package natbib Warning: Citation `chang2020data' on page 4 undefined on input l
ine 351.


Underfull \hbox (badness 1769) in paragraph at lines 350--352
 \OT1/ptm/b/n/10 Train-ing de-tails. \OT1/ptm/m/n/10 We use ResNet (\OT1/ptm/b/
n/10 ?\OT1/ptm/m/n/10 ) back-bone with
 []

[4]

LaTeX Warning: File `figures/dist-magface_fix.png' not found on input line 357.



! Package pdftex.def Error: File `figures/dist-magface_fix.png' not found: usin
g draft setting.

See the pdftex.def package documentation for explanation.
Type  H <return>  for immediate help.
 ...                                              
                                                  
l.357 ...\linewidth]{figures/dist-magface_fix.png}
                                                  
Try typing  <return>  to proceed.
If that doesn't work, type  X <return>  to quit.


LaTeX Warning: File `figures/adaface_magnitude_distribution_fix.png' not found 
on input line 358.


! Package pdftex.def Error: File `figures/adaface_magnitude_distribution_fix.pn
g' not found: using draft setting.

See the pdftex.def package documentation for explanation.
Type  H <return>  for immediate help.
 ...                                              
                                                  
l.358 ...s/adaface_magnitude_distribution_fix.png}
                                                  
Try typing  <return>  to proceed.
If that doesn't work, type  X <return>  to quit.


LaTeX Warning: File `figures/ood_deepglint_godin_fix.png' not found on input li
ne 359.


! Package pdftex.def Error: File `figures/ood_deepglint_godin_fix.png' not foun
d: using draft setting.

See the pdftex.def package documentation for explanation.
Type  H <return>  for immediate help.
 ...                                              
                                                  
l.359 ...dth]{figures/ood_deepglint_godin_fix.png}
                                                  
Try typing  <return>  to proceed.
If that doesn't work, type  X <return>  to quit.


LaTeX Warning: File `figures/ood_deepglint_relaxed_softmax_fix.png' not found o
n input line 360.


! Package pdftex.def Error: File `figures/ood_deepglint_relaxed_softmax_fix.png
' not found: using draft setting.

See the pdftex.def package documentation for explanation.
Type  H <return>  for immediate help.
 ...                                              
                                                  
l.360 ...es/ood_deepglint_relaxed_softmax_fix.png}
                                                  
Try typing  <return>  to proceed.
If that doesn't work, type  X <return>  to quit.


LaTeX Warning: File `figures/ood_deepglint_dul_fix.png' not found on input line
 361.


! Package pdftex.def Error: File `figures/ood_deepglint_dul_fix.png' not found:
 using draft setting.

See the pdftex.def package documentation for explanation.
Type  H <return>  for immediate help.
 ...                                              
                                                  
l.361 ...width]{figures/ood_deepglint_dul_fix.png}
                                                  
Try typing  <return>  to proceed.
If that doesn't work, type  X <return>  to quit.


LaTeX Warning: File `figures/rts_deepglint_distribution_fix.png' not found on i
nput line 362.


! Package pdftex.def Error: File `figures/rts_deepglint_distribution_fix.png' n
ot found: using draft setting.

See the pdftex.def package documentation for explanation.
Type  H <return>  for immediate help.
 ...                                              
                                                  
l.362 ...gures/rts_deepglint_distribution_fix.png}
                                                  
Try typing  <return>  to proceed.
If that doesn't work, type  X <return>  to quit.


LaTeX Warning: File `figures/image_score_crop.png' not found on input line 369.



! Package pdftex.def Error: File `figures/image_score_crop.png' not found: usin
g draft setting.

See the pdftex.def package documentation for explanation.
Type  H <return>  for immediate help.
 ...                                              
                                                  
l.369 ...\linewidth]{figures/image_score_crop.png}
                                                  
Try typing  <return>  to proceed.
If that doesn't work, type  X <return>  to quit.


Overfull \hbox (3.44112pt too wide) in paragraph at lines 377--392
 [][] 
 []


LaTeX Warning: File `figures/dul_blur_lfw_fix.png' not found on input line 432.



! Package pdftex.def Error: File `figures/dul_blur_lfw_fix.png' not found: usin
g draft setting.

See the pdftex.def package documentation for explanation.
Type  H <return>  for immediate help.
 ...                                              
                                                  
l.432 ...linewidth]{figures/dul_blur_lfw_fix.png}}
                                                  
Try typing  <return>  to proceed.
If that doesn't work, type  X <return>  to quit.


LaTeX Warning: File `figures/rts_blur_lfw_fix.png' not found on input line 433.



! Package pdftex.def Error: File `figures/rts_blur_lfw_fix.png' not found: usin
g draft setting.

See the pdftex.def package documentation for explanation.
Type  H <return>  for immediate help.
 ...                                              
                                                  
l.433 ...linewidth]{figures/rts_blur_lfw_fix.png}}
                                                  
Try typing  <return>  to proceed.
If that doesn't work, type  X <return>  to quit.


LaTeX Warning: File `figures/rej_fr_curve_adaface_large_all_legend.png' not fou
nd on input line 464.


! Package pdftex.def Error: File `figures/rej_fr_curve_adaface_large_all_legend
.png' not found: using draft setting.

See the pdftex.def package documentation for explanation.
Type  H <return>  for immediate help.
 ...                                              
                                                  
l.464 ...ej_fr_curve_adaface_large_all_legend.png}
                                                  
Try typing  <return>  to proceed.
If that doesn't work, type  X <return>  to quit.


LaTeX Warning: File `figures/FR-OOD_small2.png' not found on input line 472.


! Package pdftex.def Error: File `figures/FR-OOD_small2.png' not found: using d
raft setting.

See the pdftex.def package documentation for explanation.
Type  H <return>  for immediate help.
 ...                                              
                                                  
l.472 ....72\linewidth]{figures/FR-OOD_small2.png}
                                                  
Try typing  <return>  to proceed.
If that doesn't work, type  X <return>  to quit.


Underfull \hbox (badness 4543) in paragraph at lines 482--483
 \OT1/ptm/b/n/10 Re-la-tion Be-tween Un-cer-tainty and Im-age Qual-ity.
 []


Package natbib Warning: Citation `hsu2020generalized' on page 5 undefined on in
put line 506.

[5] [6]
Overfull \hbox (4.6947pt too wide) in paragraph at lines 524--533
 [][] 
 []


Underfull \hbox (badness 1546) in paragraph at lines 533--533
[]\OT1/ptm/m/n/10 Table 4: |Re-sults of our mod-els trained with dif-fer-ent
 []


Overfull \hbox (2.1947pt too wide) in paragraph at lines 540--549
 [] 
 []

[7]
No file after_operator0.bbl.

Underfull \hbox (badness 1242) in paragraph at lines 602--604
\OT1/ptm/m/n/10 eve-niet porro do-lores, cu-pid-i-tate ad tem-po-ribus ra-tione

 []


Package natbib Warning: There were undefined citations.

[8

] (after_operator0.aux)
 ***********
LaTeX2e <2023-06-01> patch level 1
L3 programming layer <2023-08-29>
 ***********
 ) 
Here is how much of TeX's memory you used:
 7591 strings out of 475247
 134225 string characters out of 5757792
 1957801 words of memory out of 5000000
 28987 multiletter control sequences out of 15000+600000
 592015 words of font info for 118 fonts, out of 8000000 for 9000
 1141 hyphenation exceptions out of 8191
 57i,11n,65p,1587b,497s stack positions out of 10000i,1000n,20000p,200000b,200000s
<C:/Users/orfuc/AppData/Local/Programs/MiKTeX/fonts/type1/public/amsfonts/cm/
cmex10.pfb><C:/Users/orfuc/AppData/Local/Programs/MiKTeX/fonts/type1/public/ams
fonts/cm/cmmi10.pfb><C:/Users/orfuc/AppData/Local/Programs/MiKTeX/fonts/type1/p
ublic/amsfonts/cm/cmmi5.pfb><C:/Users/orfuc/AppData/Local/Programs/MiKTeX/fonts
/type1/public/amsfonts/cm/cmmi7.pfb><C:/Users/orfuc/AppData/Local/Programs/MiKT
eX/fonts/type1/public/amsfonts/cm/cmmib10.pfb><C:/Users/orfuc/AppData/Local/Pro
grams/MiKTeX/fonts/type1/public/amsfonts/cmextra/cmmib7.pfb><C:/Users/orfuc/App
Data/Local/Programs/MiKTeX/fonts/type1/public/amsfonts/cm/cmr10.pfb><C:/Users/o
rfuc/AppData/Local/Programs/MiKTeX/fonts/type1/public/amsfonts/cm/cmr7.pfb><C:/
Users/orfuc/AppData/Local/Programs/MiKTeX/fonts/type1/public/amsfonts/cm/cmsy10
.pfb><C:/Users/orfuc/AppData/Local/Programs/MiKTeX/fonts/type1/public/amsfonts/
cm/cmsy7.pfb><C:/Users/orfuc/AppData/Local/Programs/MiKTeX/fonts/type1/public/a
msfonts/symbols/msbm10.pfb><C:/Users/orfuc/AppData/Local/Programs/MiKTeX/fonts/
type1/urw/courier/ucrr8a.pfb><C:/Users/orfuc/AppData/Local/Programs/MiKTeX/font
s/type1/urw/times/utmb8a.pfb><C:/Users/orfuc/AppData/Local/Programs/MiKTeX/font
s/type1/urw/times/utmr8a.pfb><C:/Users/orfuc/AppData/Local/Programs/MiKTeX/font
s/type1/urw/times/utmri8a.pfb>
Output written on after_operator0.pdf (8 pages, 217685 bytes).
PDF statistics:
 105 PDF objects out of 1000 (max. 8388607)
 0 named destinations out of 1000 (max. 500000)
 1 words of extra memory for PDF output out of 10000 (max. 10000000)

