This is pdfTeX, Version 3.141592653-2.6-1.40.25 (MiKTeX 23.9) (preloaded format=pdflatex 2023.9.22)  31 MAR 2024 18:26
entering extended mode
 restricted \write18 enabled.
 %&-line parsing enabled.
**./main_changed.tex
(main_changed.tex
LaTeX2e <2023-06-01> patch level 1
L3 programming layer <2023-08-29>
(C:\Users\micha\AppData\Local\Programs\MiKTeX\tex/latex/base\article.cls
Document Class: article 2023/05/17 v1.4n Standard LaTeX document class
(C:\Users\micha\AppData\Local\Programs\MiKTeX\tex/latex/base\size10.clo
File: size10.clo 2023/05/17 v1.4n Standard LaTeX file (size option)
)
\c@part=\count185
\c@section=\count186
\c@subsection=\count187
\c@subsubsection=\count188
\c@paragraph=\count189
\c@subparagraph=\count190
\c@figure=\count191
\c@table=\count192
\abovecaptionskip=\skip48
\belowcaptionskip=\skip49
\bibindent=\dimen140
)
(aaai21.sty
Conference Style for AAAI for LaTeX 2e -- version for the AAAI-21 conference - 
MODIFIED
\titlebox=\skip50
) (C:\Users\micha\AppData\Local\Programs\MiKTeX\tex/latex/psnfss\times.sty
Package: times 2020/03/25 PSNFSS-v9.3 (SPQR) 
)
(C:\Users\micha\AppData\Local\Programs\MiKTeX\tex/latex/psnfss\helvet.sty
Package: helvet 2020/03/25 PSNFSS-v9.3 (WaS) 

(C:\Users\micha\AppData\Local\Programs\MiKTeX\tex/latex/graphics\keyval.sty
Package: keyval 2022/05/29 v1.15 key=value parser (DPC)
\KV@toks@=\toks17
))
(C:\Users\micha\AppData\Local\Programs\MiKTeX\tex/latex/psnfss\courier.sty
Package: courier 2020/03/25 PSNFSS-v9.3 (WaS) 
)
(C:\Users\micha\AppData\Local\Programs\MiKTeX\tex/latex/url\url.sty
\Urlmuskip=\muskip16
Package: url 2013/09/16  ver 3.4  Verb mode for urls, etc.
)
(C:\Users\micha\AppData\Local\Programs\MiKTeX\tex/latex/graphics\graphicx.sty
Package: graphicx 2021/09/16 v1.2d Enhanced LaTeX Graphics (DPC,SPQR)

(C:\Users\micha\AppData\Local\Programs\MiKTeX\tex/latex/graphics\graphics.sty
Package: graphics 2022/03/10 v1.4e Standard LaTeX Graphics (DPC,SPQR)

(C:\Users\micha\AppData\Local\Programs\MiKTeX\tex/latex/graphics\trig.sty
Package: trig 2021/08/11 v1.11 sin cos tan (DPC)
)
(C:\Users\micha\AppData\Local\Programs\MiKTeX\tex/latex/graphics-cfg\graphics.c
fg
File: graphics.cfg 2016/06/04 v1.11 sample graphics configuration
)
Package graphics Info: Driver file: pdftex.def on input line 107.

(C:\Users\micha\AppData\Local\Programs\MiKTeX\tex/latex/graphics-def\pdftex.def
File: pdftex.def 2022/09/22 v1.2b Graphics/color driver for pdftex
))
\Gin@req@height=\dimen141
\Gin@req@width=\dimen142
) (C:\Users\micha\AppData\Local\Programs\MiKTeX\tex/latex/natbib\natbib.sty
Package: natbib 2010/09/13 8.31b (PWD, AO)
\bibhang=\skip51
\bibsep=\skip52
LaTeX Info: Redefining \cite on input line 694.
\c@NAT@ctr=\count193
)
(C:\Users\micha\AppData\Local\Programs\MiKTeX\tex/latex/caption\caption.sty
Package: caption 2023/07/31 v3.6n Customizing captions (AR)

(C:\Users\micha\AppData\Local\Programs\MiKTeX\tex/latex/caption\caption3.sty
Package: caption3 2023/07/31 v2.4d caption3 kernel (AR)
\caption@tempdima=\dimen143
\captionmargin=\dimen144
\caption@leftmargin=\dimen145
\caption@rightmargin=\dimen146
\caption@width=\dimen147
\caption@indent=\dimen148
\caption@parindent=\dimen149
\caption@hangindent=\dimen150
Package caption Info: Standard document class detected.
)
\c@caption@flags=\count194
\c@continuedfloat=\count195
)
(C:\Users\micha\AppData\Local\Programs\MiKTeX\tex/latex/amsmath\amsmath.sty
Package: amsmath 2023/05/13 v2.17o AMS math features
\@mathmargin=\skip53

For additional information on amsmath, use the `?' option.
(C:\Users\micha\AppData\Local\Programs\MiKTeX\tex/latex/amsmath\amstext.sty
Package: amstext 2021/08/26 v2.01 AMS text

(C:\Users\micha\AppData\Local\Programs\MiKTeX\tex/latex/amsmath\amsgen.sty
File: amsgen.sty 1999/11/30 v2.0 generic functions
\@emptytoks=\toks18
\ex@=\dimen151
))
(C:\Users\micha\AppData\Local\Programs\MiKTeX\tex/latex/amsmath\amsbsy.sty
Package: amsbsy 1999/11/29 v1.2d Bold Symbols
\pmbraise@=\dimen152
)
(C:\Users\micha\AppData\Local\Programs\MiKTeX\tex/latex/amsmath\amsopn.sty
Package: amsopn 2022/04/08 v2.04 operator names
)
\inf@bad=\count196
LaTeX Info: Redefining \frac on input line 234.
\uproot@=\count197
\leftroot@=\count198
LaTeX Info: Redefining \overline on input line 399.
LaTeX Info: Redefining \colon on input line 410.
\classnum@=\count199
\DOTSCASE@=\count266
LaTeX Info: Redefining \ldots on input line 496.
LaTeX Info: Redefining \dots on input line 499.
LaTeX Info: Redefining \cdots on input line 620.
\Mathstrutbox@=\box51
\strutbox@=\box52
LaTeX Info: Redefining \big on input line 722.
LaTeX Info: Redefining \Big on input line 723.
LaTeX Info: Redefining \bigg on input line 724.
LaTeX Info: Redefining \Bigg on input line 725.
\big@size=\dimen153
LaTeX Font Info:    Redeclaring font encoding OML on input line 743.
LaTeX Font Info:    Redeclaring font encoding OMS on input line 744.
\macc@depth=\count267
LaTeX Info: Redefining \bmod on input line 905.
LaTeX Info: Redefining \pmod on input line 910.
LaTeX Info: Redefining \smash on input line 940.
LaTeX Info: Redefining \relbar on input line 970.
LaTeX Info: Redefining \Relbar on input line 971.
\c@MaxMatrixCols=\count268
\dotsspace@=\muskip17
\c@parentequation=\count269
\dspbrk@lvl=\count270
\tag@help=\toks19
\row@=\count271
\column@=\count272
\maxfields@=\count273
\andhelp@=\toks20
\eqnshift@=\dimen154
\alignsep@=\dimen155
\tagshift@=\dimen156
\tagwidth@=\dimen157
\totwidth@=\dimen158
\lineht@=\dimen159
\@envbody=\toks21
\multlinegap=\skip54
\multlinetaggap=\skip55
\mathdisplay@stack=\toks22
LaTeX Info: Redefining \[ on input line 2953.
LaTeX Info: Redefining \] on input line 2954.
)
(C:\Users\micha\AppData\Local\Programs\MiKTeX\tex/latex/amscls\amsthm.sty
Package: amsthm 2020/05/29 v2.20.6
\thm@style=\toks23
\thm@bodyfont=\toks24
\thm@headfont=\toks25
\thm@notefont=\toks26
\thm@headpunct=\toks27
\thm@preskip=\skip56
\thm@postskip=\skip57
\thm@headsep=\skip58
\dth@everypar=\toks28
)
(C:\Users\micha\AppData\Local\Programs\MiKTeX\tex/latex/multirow\multirow.sty
Package: multirow 2021/03/15 v2.8 Span multiple rows of a table
\multirow@colwidth=\skip59
\multirow@cntb=\count274
\multirow@dima=\skip60
\bigstrutjot=\dimen160
)
(C:\Users\micha\AppData\Local\Programs\MiKTeX\tex/latex/booktabs\booktabs.sty
Package: booktabs 2020/01/12 v1.61803398 Publication quality tables
\heavyrulewidth=\dimen161
\lightrulewidth=\dimen162
\cmidrulewidth=\dimen163
\belowrulesep=\dimen164
\belowbottomsep=\dimen165
\aboverulesep=\dimen166
\abovetopsep=\dimen167
\cmidrulesep=\dimen168
\cmidrulekern=\dimen169
\defaultaddspace=\dimen170
\@cmidla=\count275
\@cmidlb=\count276
\@aboverulesep=\dimen171
\@belowrulesep=\dimen172
\@thisruleclass=\count277
\@lastruleclass=\count278
\@thisrulewidth=\dimen173
)
(C:\Users\micha\AppData\Local\Programs\MiKTeX\tex/latex/algorithms\algorithm.st
y
Package: algorithm 2009/08/24 v0.1 Document Style `algorithm' - floating enviro
nment
 (C:\Users\micha\AppData\Local\Programs\MiKTeX\tex/latex/float\float.sty
Package: float 2001/11/08 v1.3d Float enhancements (AL)
\c@float@type=\count279
\float@exts=\toks29
\float@box=\box53
\@float@everytoks=\toks30
\@floatcapt=\box54
)
(C:\Users\micha\AppData\Local\Programs\MiKTeX\tex/latex/base\ifthen.sty
Package: ifthen 2022/04/13 v1.1d Standard LaTeX ifthen package (DPC)
)
\@float@every@algorithm=\toks31
\c@algorithm=\count280
)
(C:\Users\micha\AppData\Local\Programs\MiKTeX\tex/latex/algorithms\algorithmic.
sty
Package: algorithmic 2009/08/24 v0.1 Document Style `algorithmic'
\c@ALC@unique=\count281
\c@ALC@line=\count282
\c@ALC@rem=\count283
\c@ALC@depth=\count284
\ALC@tlm=\skip61
\algorithmicindent=\skip62
) (C:\Users\micha\AppData\Local\Programs\MiKTeX\tex/latex/tools\bm.sty
Package: bm 2022/01/05 v1.2f Bold Symbol Support (DPC/FMi)
\symboldoperators=\mathgroup4
\symboldletters=\mathgroup5
\symboldsymbols=\mathgroup6
Package bm Info: No bold for \OMX/cmex/m/n, using \pmb.
LaTeX Font Info:    Redeclaring math alphabet \mathbf on input line 149.
)
(C:\Users\micha\AppData\Local\Programs\MiKTeX\tex/latex/amsfonts\amssymb.sty
Package: amssymb 2013/01/14 v3.01 AMS font symbols

(C:\Users\micha\AppData\Local\Programs\MiKTeX\tex/latex/amsfonts\amsfonts.sty
Package: amsfonts 2013/01/14 v3.01 Basic AMSFonts support
\symAMSa=\mathgroup7
\symAMSb=\mathgroup8
LaTeX Font Info:    Redeclaring math symbol \hbar on input line 98.
LaTeX Font Info:    Overwriting math alphabet `\mathfrak' in version `bold'
(Font)                  U/euf/m/n --> U/euf/b/n on input line 106.
)) (C:\Users\micha\AppData\Local\Programs\MiKTeX\tex/latex/psnfss\pifont.sty
Package: pifont 2020/03/25 PSNFSS-v9.3 Pi font support (SPQR) 
LaTeX Font Info:    Trying to load font information for U+pzd on input line 63.


(C:\Users\micha\AppData\Local\Programs\MiKTeX\tex/latex/psnfss\upzd.fd
File: upzd.fd 2001/06/04 font definitions for U/pzd.
)
LaTeX Font Info:    Trying to load font information for U+psy on input line 64.


(C:\Users\micha\AppData\Local\Programs\MiKTeX\tex/latex/psnfss\upsy.fd
File: upsy.fd 2001/06/04 font definitions for U/psy.
))
LaTeX Font Info:    Trying to load font information for OT1+ptm on input line 1
15.

(C:\Users\micha\AppData\Local\Programs\MiKTeX\tex/latex/psnfss\ot1ptm.fd
File: ot1ptm.fd 2001/06/04 font definitions for OT1/ptm.
)
(C:\Users\micha\AppData\Local\Programs\MiKTeX\tex/latex/l3backend\l3backend-pdf
tex.def
File: l3backend-pdftex.def 2023-04-19 L3 backend support: PDF output (pdfTeX)
\l__color_backend_stack_int=\count285
\l__pdf_internal_box=\box55
) (main_changed.aux)
\openout1 = `main_changed.aux'.

LaTeX Font Info:    Checking defaults for OML/cmm/m/it on input line 115.
LaTeX Font Info:    ... okay on input line 115.
LaTeX Font Info:    Checking defaults for OMS/cmsy/m/n on input line 115.
LaTeX Font Info:    ... okay on input line 115.
LaTeX Font Info:    Checking defaults for OT1/cmr/m/n on input line 115.
LaTeX Font Info:    ... okay on input line 115.
LaTeX Font Info:    Checking defaults for T1/cmr/m/n on input line 115.
LaTeX Font Info:    ... okay on input line 115.
LaTeX Font Info:    Checking defaults for TS1/cmr/m/n on input line 115.
LaTeX Font Info:    ... okay on input line 115.
LaTeX Font Info:    Checking defaults for OMX/cmex/m/n on input line 115.
LaTeX Font Info:    ... okay on input line 115.
LaTeX Font Info:    Checking defaults for U/cmr/m/n on input line 115.
LaTeX Font Info:    ... okay on input line 115.

(C:\Users\micha\AppData\Local\Programs\MiKTeX\tex/context/base/mkii\supp-pdf.mk
ii
[Loading MPS to PDF converter (version 2006.09.02).]
\scratchcounter=\count286
\scratchdimen=\dimen174
\scratchbox=\box56
\nofMPsegments=\count287
\nofMParguments=\count288
\everyMPshowfont=\toks32
\MPscratchCnt=\count289
\MPscratchDim=\dimen175
\MPnumerator=\count290
\makeMPintoPDFobject=\count291
\everyMPtoPDFconversion=\toks33
)
(C:\Users\micha\AppData\Local\Programs\MiKTeX\tex/latex/epstopdf-pkg\epstopdf-b
ase.sty
Package: epstopdf-base 2020-01-24 v2.11 Base part for package epstopdf
Package epstopdf-base Info: Redefining graphics rule for `.eps' on input line 4
85.

(C:\Users\micha\AppData\Local\Programs\MiKTeX\tex/latex/00miktex\epstopdf-sys.c
fg
File: epstopdf-sys.cfg 2021/03/18 v2.0 Configuration of epstopdf for MiKTeX
))
Package caption Info: Begin \AtBeginDocument code.
Package caption Info: float package is loaded.
Package caption Info: End \AtBeginDocument code.
\titlearea=\box57
LaTeX Font Info:    Trying to load font information for U+msa on input line 116
.
 (C:\Users\micha\AppData\Local\Programs\MiKTeX\tex/latex/amsfonts\umsa.fd
File: umsa.fd 2013/01/14 v3.01 AMS symbols A
)
LaTeX Font Info:    Trying to load font information for U+msb on input line 116
.

(C:\Users\micha\AppData\Local\Programs\MiKTeX\tex/latex/amsfonts\umsb.fd
File: umsb.fd 2013/01/14 v3.01 AMS symbols B
)
LaTeX Font Info:    Trying to load font information for OMS+ptm on input line 1
16.

(C:\Users\micha\AppData\Local\Programs\MiKTeX\tex/latex/psnfss\omsptm.fd
File: omsptm.fd 
)
LaTeX Font Info:    Font shape `OMS/ptm/m/n' in size <10> not available
(Font)              Font shape `OMS/cmsy/m/n' tried instead on input line 116.
\actualheight=\skip63

Overfull \hbox (2.5pt too wide) in paragraph at lines 116--116
[][] 
 []


Underfull \vbox (badness 10000) detected at line 116
 []

LaTeX Font Info:    Trying to load font information for TS1+ptm on input line 1
16.
(C:\Users\micha\AppData\Local\Programs\MiKTeX\tex/latex/psnfss\ts1ptm.fd
File: ts1ptm.fd 2001/06/04 font definitions for TS1/ptm.
)

Package natbib Warning: Citation `johnander2019generative' on page 1 undefined 
on input line 124.


Package natbib Warning: Citation `caelles2017one' on page 1 undefined on input 
line 124.


Package natbib Warning: Citation `wug2018fast' on page 1 undefined on input lin
e 124.


Package natbib Warning: Citation `wang2019fast' on page 1 undefined on input li
ne 124.


Package natbib Warning: Citation `li2017video' on page 1 undefined on input lin
e 128.


Package natbib Warning: Citation `luiten2018premvos' on page 1 undefined on inp
ut line 128.


Package natbib Warning: Citation `he2017mask' on page 1 undefined on input line
 130.


Package natbib Warning: Citation `luiten2018premvos' on page 1 undefined on inp
ut line 130.


Package natbib Warning: Citation `li2017video' on page 1 undefined on input lin
e 132.

<introduction2.pdf, id=1, 1196.315pt x 621.89731pt>
File: introduction2.pdf Graphic file (type pdf)
<use introduction2.pdf>
Package pdftex.def Info: introduction2.pdf  used on input line 138.
(pdftex.def)             Requested size: 242.82503pt x 126.22768pt.

Overfull \hbox (3.43065pt too wide) in paragraph at lines 138--139
 [][] 
 []


Package natbib Warning: Citation `scarselli2008graph' on page 1 undefined on in
put line 144.


Package natbib Warning: Citation `gilmer2017neural' on page 1 undefined on inpu
t line 144.


Package natbib Warning: Citation `cheng2020spatio' on page 1 undefined on input
 line 144.


Package natbib Warning: Citation `cheng2020graph' on page 1 undefined on input 
line 144.


Package natbib Warning: Citation `liu2020jointly' on page 1 undefined on input 
line 144.


Package natbib Warning: Citation `wang2019zero' on page 1 undefined on input li
ne 146.


Package natbib Warning: Citation `haller2019spacetime' on page 1 undefined on i
nput line 146.


Package natbib Warning: Citation `bao2018cnn' on page 1 undefined on input line
 146.

[1{C:/Users/micha/AppData/Local/MiKTeX/fonts/map/pdftex/pdftex.map}{C:/Users/mi
cha/AppData/Local/Programs/MiKTeX/fonts/enc/dvips/base/8r.enc}



 <./introduction2.pdf>]

Package natbib Warning: Citation `caelles2017one' on page 2 undefined on input 
line 170.


Package natbib Warning: Citation `voigtlaender2017online' on page 2 undefined o
n input line 170.


Package natbib Warning: Citation `zeng2019dmm' on page 2 undefined on input lin
e 170.


Package natbib Warning: Citation `caelles2017one' on page 2 undefined on input 
line 171.


Package natbib Warning: Citation `voigtlaender2017online' on page 2 undefined o
n input line 171.


Package natbib Warning: Citation `chen2018blazingly' on page 2 undefined on inp
ut line 172.


Package natbib Warning: Citation `hu2018videomatch' on page 2 undefined on inpu
t line 172.


Package natbib Warning: Citation `voigtlaender2019feelvos' on page 2 undefined 
on input line 172.


Package natbib Warning: Citation `wang2019ranet' on page 2 undefined on input l
ine 172.


Package natbib Warning: Citation `wug2018fast' on page 2 undefined on input lin
e 173.


Package natbib Warning: Citation `johnander2019generative' on page 2 undefined 
on input line 173.


Package natbib Warning: Citation `xu2019mhp' on page 2 undefined on input line 
173.


Package natbib Warning: Citation `li2017video' on page 2 undefined on input lin
e 174.


Package natbib Warning: Citation `wang2019fast' on page 2 undefined on input li
ne 174.


Package natbib Warning: Citation `luiten2018premvos' on page 2 undefined on inp
ut line 174.


Underfull \hbox (badness 3482) in paragraph at lines 169--175
\OT1/ptm/b/n/10 Semi-Supervised Video Ob-ject Seg-men-ta-tion. \OT1/ptm/m/n/10 
Semi-
 []


Package natbib Warning: Citation `scarselli2008graph' on page 2 undefined on in
put line 177.


Package natbib Warning: Citation `gilmer2017neural' on page 2 undefined on inpu
t line 177.


Package natbib Warning: Citation `li2018deeper' on page 2 undefined on input li
ne 177.


Package natbib Warning: Citation `haller2019spacetime' on page 2 undefined on i
nput line 183.


Package natbib Warning: Citation `wang2019zero' on page 2 undefined on input li
ne 183.

<pipeline1.pdf, id=57, 2890.04718pt x 754.31813pt>
File: pipeline1.pdf Graphic file (type pdf)
<use pipeline1.pdf>
Package pdftex.def Info: pipeline1.pdf  used on input line 187.
(pdftex.def)             Requested size: 505.89pt x 132.03067pt.

Package natbib Warning: Citation `vaswani2017attention' on page 2 undefined on 
input line 194.


Package natbib Warning: Citation `sukhbaatar2015end' on page 2 undefined on inp
ut line 194.


Package natbib Warning: Citation `oh2019video' on page 2 undefined on input lin
e 197.


Package natbib Warning: Citation `lu2020video' on page 2 undefined on input lin
e 197.

[2]

Package natbib Warning: Citation `he2017mask' on page 3 undefined on input line
 203.


Package natbib Warning: Citation `chen2018encoder' on page 3 undefined on input
 line 204.


Package natbib Warning: Citation `he2016deep' on page 3 undefined on input line
 204.


Package natbib Warning: Citation `ilg2017flownet' on page 3 undefined on input 
line 205.


Package natbib Warning: Citation `khoreva2017lucid' on page 3 undefined on inpu
t line 205.

[3 <./pipeline1.pdf>]

Package natbib Warning: Citation `li2018deeper' on page 4 undefined on input li
ne 254.


Package natbib Warning: Citation `vaswani2017attention' on page 4 undefined on 
input line 271.


Package natbib Warning: Citation `sukhbaatar2015end' on page 4 undefined on inp
ut line 271.


Package natbib Warning: Citation `oh2019video' on page 4 undefined on input lin
e 277.

[4]
<temporal.pdf, id=231, 981.48543pt x 506.55359pt>
File: temporal.pdf Graphic file (type pdf)
<use temporal.pdf>
Package pdftex.def Info: temporal.pdf  used on input line 293.
(pdftex.def)             Requested size: 237.7689pt x 122.71156pt.


Package natbib Warning: Citation `ventura2019rvos' on page 5 undefined on input
 line 300.


Underfull \hbox (badness 2443) in paragraph at lines 300--305
\OT1/ptm/m/n/10 For the fea-ture ex-trac-tor in spa-tial graph, we use a
 []


Package natbib Warning: Citation `pont20172017' on page 5 undefined on input li
ne 318.


Package natbib Warning: Citation `xu2018youtube' on page 5 undefined on input l
ine 322.


Package natbib Warning: Citation `li2013video' on page 5 undefined on input lin
e 324.


Package natbib Warning: Citation `prest2012learning' on page 5 undefined on inp
ut line 324.


Package natbib Warning: Citation `yang2018efficient' on page 5 undefined on inp
ut line 332.


Package natbib Warning: Citation `wang2019fast' on page 5 undefined on input li
ne 333.


Package natbib Warning: Citation `cheng2018fast' on page 5 undefined on input l
ine 334.


Package natbib Warning: Citation `ventura2019rvos' on page 5 undefined on input
 line 335.


Package natbib Warning: Citation `johnander2019generative' on page 5 undefined 
on input line 337.


Package natbib Warning: Citation `wug2018fast' on page 5 undefined on input lin
e 338.


Package natbib Warning: Citation `lin2019agss' on page 5 undefined on input lin
e 339.


Package natbib Warning: Citation `voigtlaender2019feelvos' on page 5 undefined 
on input line 340.


Package natbib Warning: Citation `wang2019ranet' on page 5 undefined on input l
ine 341.


Package natbib Warning: Citation `lin2019agss' on page 5 undefined on input lin
e 342.


Package natbib Warning: Citation `voigtlaender2019feelvos' on page 5 undefined 
on input line 343.


Overfull \hbox (0.86594pt too wide) in paragraph at lines 361--378
 [][] 
 []


Package natbib Warning: Citation `zeng2019dmm' on page 5 undefined on input lin
e 378.


Package natbib Warning: Citation `voigtlaender2017online' on page 5 undefined o
n input line 378.


Package natbib Warning: Citation `xu2018youtube' on page 5 undefined on input l
ine 378.


Package natbib Warning: Citation `caelles2017one' on page 5 undefined on input 
line 378.


Package natbib Warning: Citation `zeng2019dmm' on page 5 undefined on input lin
e 378.


Package natbib Warning: Citation `voigtlaender2017online' on page 5 undefined o
n input line 378.


Package natbib Warning: Citation `xu2018youtube' on page 5 undefined on input l
ine 378.


Package natbib Warning: Citation `caelles2017one' on page 5 undefined on input 
line 378.


Underfull \hbox (badness 1199) in paragraph at lines 388--390
\OT1/ptm/b/n/10 YouTube-VOS. \OT1/ptm/m/n/10 For ex-per-i-ments on YouTube-VOS,
 we
 []

[5 <./temporal.pdf>]
<sample.pdf, id=339, 1453.60289pt x 418.19748pt>
File: sample.pdf Graphic file (type pdf)
<use sample.pdf>
Package pdftex.def Info: sample.pdf  used on input line 412.
(pdftex.def)             Requested size: 505.89pt x 145.54175pt.
<compare.pdf, id=340, 1199.74358pt x 258.33734pt>
File: compare.pdf Graphic file (type pdf)
<use compare.pdf>
Package pdftex.def Info: compare.pdf  used on input line 420.
(pdftex.def)             Requested size: 227.64894pt x 49.01758pt.


Package natbib Warning: Citation `luiten2018premvos' on page 6 undefined on inp
ut line 421.


Package natbib Warning: Citation `voigtlaender2019feelvos' on page 6 undefined 
on input line 421.


Package natbib Warning: Citation `luiten2018premvos' on page 6 undefined on inp
ut line 421.


Package natbib Warning: Citation `voigtlaender2019feelvos' on page 6 undefined 
on input line 421.


Underfull \hbox (badness 1067) in paragraph at lines 427--428
\OT1/ptm/m/n/10 wrongly seg-ment the back-ground vi-sual sim-i-lar ob-ject.
 []

[6]

Package natbib Warning: Citation `khoreva2017lucid' on page 7 undefined on inpu
t line 468.


Package natbib Warning: Citation `khoreva2017lucid' on page 7 undefined on inpu
t line 468.

[7 <./sample.pdf> <./compare.pdf

pdfTeX warning: pdflatex (file ./compare.pdf): PDF inclusion: multiple pdfs wit
h page group included in a single page
>] [8

]
No file main_changed.bbl.

Package natbib Warning: There were undefined citations.

(main_changed.aux)
 ***********
LaTeX2e <2023-06-01> patch level 1
L3 programming layer <2023-08-29>
 ***********
 ) 
Here is how much of TeX's memory you used:
 5295 strings out of 475247
 85658 string characters out of 5757792
 1967801 words of memory out of 5000000
 26708 multiletter control sequences out of 15000+600000
 595289 words of font info for 123 fonts, out of 8000000 for 9000
 1141 hyphenation exceptions out of 8191
 57i,17n,65p,1290b,438s stack positions out of 10000i,1000n,20000p,200000b,200000s
<C:/Users/micha/AppData/Local/Programs/MiKTeX/fonts/type1/public/amsfonts/cm/
cmex10.pfb><C:/Users/micha/AppData/Local/Programs/MiKTeX/fonts/type1/public/ams
fonts/cm/cmmi10.pfb><C:/Users/micha/AppData/Local/Programs/MiKTeX/fonts/type1/p
ublic/amsfonts/cm/cmmi7.pfb><C:/Users/micha/AppData/Local/Programs/MiKTeX/fonts
/type1/public/amsfonts/cm/cmmi9.pfb><C:/Users/micha/AppData/Local/Programs/MiKT
eX/fonts/type1/public/amsfonts/cm/cmmib10.pfb><C:/Users/micha/AppData/Local/Pro
grams/MiKTeX/fonts/type1/public/amsfonts/cm/cmr10.pfb><C:/Users/micha/AppData/L
ocal/Programs/MiKTeX/fonts/type1/public/amsfonts/cm/cmr5.pfb><C:/Users/micha/Ap
pData/Local/Programs/MiKTeX/fonts/type1/public/amsfonts/cm/cmr6.pfb><C:/Users/m
icha/AppData/Local/Programs/MiKTeX/fonts/type1/public/amsfonts/cm/cmr7.pfb><C:/
Users/micha/AppData/Local/Programs/MiKTeX/fonts/type1/public/amsfonts/cm/cmsy10
.pfb><C:/Users/micha/AppData/Local/Programs/MiKTeX/fonts/type1/public/amsfonts/
cm/cmsy5.pfb><C:/Users/micha/AppData/Local/Programs/MiKTeX/fonts/type1/public/a
msfonts/cm/cmsy6.pfb><C:/Users/micha/AppData/Local/Programs/MiKTeX/fonts/type1/
public/amsfonts/cm/cmsy7.pfb><C:/Users/micha/AppData/Local/Programs/MiKTeX/font
s/type1/public/amsfonts/cm/cmsy9.pfb><C:/Users/micha/AppData/Local/Programs/MiK
TeX/fonts/type1/public/amsfonts/symbols/msbm10.pfb><C:/Users/micha/AppData/Loca
l/Programs/MiKTeX/fonts/type1/urw/times/utmb8a.pfb><C:/Users/micha/AppData/Loca
l/Programs/MiKTeX/fonts/type1/urw/times/utmr8a.pfb><C:/Users/micha/AppData/Loca
l/Programs/MiKTeX/fonts/type1/urw/times/utmri8a.pfb><C:/Users/micha/AppData/Loc
al/Programs/MiKTeX/fonts/type1/urw/zapfding/uzdr.pfb>
Output written on main_changed.pdf (8 pages, 4309175 bytes).
PDF statistics:
 508 PDF objects out of 1000 (max. 8388607)
 0 named destinations out of 1000 (max. 500000)
 26 words of extra memory for PDF output out of 10000 (max. 10000000)

