This is pdfTeX, Version 3.141592653-2.6-1.40.25 (MiKTeX 23.9) (preloaded format=pdflatex 2023.9.22)  30 MAR 2024 16:23
entering extended mode
 restricted \write18 enabled.
 %&-line parsing enabled.
**./AAAI-VilaresD.2087_changed.tex
(AAAI-VilaresD.2087_changed.tex
LaTeX2e <2023-06-01> patch level 1
L3 programming layer <2023-08-29>
(C:\Users\micha\AppData\Local\Programs\MiKTeX\tex/latex/base\article.cls
Document Class: article 2023/05/17 v1.4n Standard LaTeX document class
(C:\Users\micha\AppData\Local\Programs\MiKTeX\tex/latex/base\size10.clo
File: size10.clo 2023/05/17 v1.4n Standard LaTeX file (size option)
)
\c@part=\count185
\c@section=\count186
\c@subsection=\count187
\c@subsubsection=\count188
\c@paragraph=\count189
\c@subparagraph=\count190
\c@figure=\count191
\c@table=\count192
\abovecaptionskip=\skip48
\belowcaptionskip=\skip49
\bibindent=\dimen140
)
(aaai20.sty
Conference Style for AAAI for LaTeX 2e -- version for the AAAI-20 conference
\titlebox=\skip50
) (C:\Users\micha\AppData\Local\Programs\MiKTeX\tex/latex/psnfss\times.sty
Package: times 2020/03/25 PSNFSS-v9.3 (SPQR) 
)
(C:\Users\micha\AppData\Local\Programs\MiKTeX\tex/latex/psnfss\helvet.sty
Package: helvet 2020/03/25 PSNFSS-v9.3 (WaS) 

(C:\Users\micha\AppData\Local\Programs\MiKTeX\tex/latex/graphics\keyval.sty
Package: keyval 2022/05/29 v1.15 key=value parser (DPC)
\KV@toks@=\toks17
))
(C:\Users\micha\AppData\Local\Programs\MiKTeX\tex/latex/psnfss\courier.sty
Package: courier 2020/03/25 PSNFSS-v9.3 (WaS) 
)
(C:\Users\micha\AppData\Local\Programs\MiKTeX\tex/latex/url\url.sty
\Urlmuskip=\muskip16
Package: url 2013/09/16  ver 3.4  Verb mode for urls, etc.
)
(C:\Users\micha\AppData\Local\Programs\MiKTeX\tex/latex/graphics\graphicx.sty
Package: graphicx 2021/09/16 v1.2d Enhanced LaTeX Graphics (DPC,SPQR)

(C:\Users\micha\AppData\Local\Programs\MiKTeX\tex/latex/graphics\graphics.sty
Package: graphics 2022/03/10 v1.4e Standard LaTeX Graphics (DPC,SPQR)

(C:\Users\micha\AppData\Local\Programs\MiKTeX\tex/latex/graphics\trig.sty
Package: trig 2021/08/11 v1.11 sin cos tan (DPC)
)
(C:\Users\micha\AppData\Local\Programs\MiKTeX\tex/latex/graphics-cfg\graphics.c
fg
File: graphics.cfg 2016/06/04 v1.11 sample graphics configuration
)
Package graphics Info: Driver file: pdftex.def on input line 107.

(C:\Users\micha\AppData\Local\Programs\MiKTeX\tex/latex/graphics-def\pdftex.def
File: pdftex.def 2022/09/22 v1.2b Graphics/color driver for pdftex
))
\Gin@req@height=\dimen141
\Gin@req@width=\dimen142
) (C:\Users\micha\AppData\Local\Programs\MiKTeX\tex/latex/base\latexsym.sty
Package: latexsym 1998/08/17 v2.2e Standard LaTeX package (lasy symbols)
\symlasy=\mathgroup4
LaTeX Font Info:    Overwriting symbol font `lasy' in version `bold'
(Font)                  U/lasy/m/n --> U/lasy/b/n on input line 52.
)
(C:\Users\micha\AppData\Local\Programs\MiKTeX\tex/latex/epstopdf-pkg\epstopdf.s
ty
Package: epstopdf 2020-01-24 v2.11 Conversion with epstopdf on the fly (HO)

(C:\Users\micha\AppData\Local\Programs\MiKTeX\tex/generic/infwarerr\infwarerr.s
ty
Package: infwarerr 2019/12/03 v1.5 Providing info/warning/error messages (HO)
) (C:\Users\micha\AppData\Local\Programs\MiKTeX\tex/latex/grfext\grfext.sty
Package: grfext 2019/12/03 v1.3 Manage graphics extensions (HO)

(C:\Users\micha\AppData\Local\Programs\MiKTeX\tex/generic/kvdefinekeys\kvdefine
keys.sty
Package: kvdefinekeys 2019-12-19 v1.6 Define keys (HO)
))
(C:\Users\micha\AppData\Local\Programs\MiKTeX\tex/latex/kvoptions\kvoptions.sty
Package: kvoptions 2022-06-15 v3.15 Key value format for package options (HO)
(C:\Users\micha\AppData\Local\Programs\MiKTeX\tex/generic/ltxcmds\ltxcmds.sty
Package: ltxcmds 2023-12-04 v1.26 LaTeX kernel commands for general use (HO)
)
(C:\Users\micha\AppData\Local\Programs\MiKTeX\tex/latex/kvsetkeys\kvsetkeys.sty
Package: kvsetkeys 2022-10-05 v1.19 Key value parser (HO)
))
(C:\Users\micha\AppData\Local\Programs\MiKTeX\tex/generic/pdftexcmds\pdftexcmds
.sty
Package: pdftexcmds 2020-06-27 v0.33 Utility functions of pdfTeX for LuaTeX (HO
)
 (C:\Users\micha\AppData\Local\Programs\MiKTeX\tex/generic/iftex\iftex.sty
Package: iftex 2022/02/03 v1.0f TeX engine tests
)
Package pdftexcmds Info: \pdf@primitive is available.
Package pdftexcmds Info: \pdf@ifprimitive is available.
Package pdftexcmds Info: \pdfdraftmode found.
)
(C:\Users\micha\AppData\Local\Programs\MiKTeX\tex/latex/epstopdf-pkg\epstopdf-b
ase.sty
Package: epstopdf-base 2020-01-24 v2.11 Base part for package epstopdf
Package epstopdf-base Info: Redefining graphics rule for `.eps' on input line 4
85.
Package grfext Info: Graphics extension search list:
(grfext)             [.pdf,.png,.jpg,.mps,.jpeg,.jbig2,.jb2,.PDF,.PNG,.JPG,.JPE
G,.JBIG2,.JB2,.eps]
(grfext)             \AppendGraphicsExtensions on input line 504.

(C:\Users\micha\AppData\Local\Programs\MiKTeX\tex/latex/00miktex\epstopdf-sys.c
fg
File: epstopdf-sys.cfg 2021/03/18 v2.0 Configuration of epstopdf for MiKTeX
)))
(C:\Users\micha\AppData\Local\Programs\MiKTeX\tex/latex/multirow\multirow.sty
Package: multirow 2021/03/15 v2.8 Span multiple rows of a table
\multirow@colwidth=\skip51
\multirow@cntb=\count193
\multirow@dima=\skip52
\bigstrutjot=\dimen143
)
(C:\Users\micha\AppData\Local\Programs\MiKTeX\tex/latex/amsmath\amsmath.sty
Package: amsmath 2023/05/13 v2.17o AMS math features
\@mathmargin=\skip53

For additional information on amsmath, use the `?' option.
(C:\Users\micha\AppData\Local\Programs\MiKTeX\tex/latex/amsmath\amstext.sty
Package: amstext 2021/08/26 v2.01 AMS text

(C:\Users\micha\AppData\Local\Programs\MiKTeX\tex/latex/amsmath\amsgen.sty
File: amsgen.sty 1999/11/30 v2.0 generic functions
\@emptytoks=\toks18
\ex@=\dimen144
))
(C:\Users\micha\AppData\Local\Programs\MiKTeX\tex/latex/amsmath\amsbsy.sty
Package: amsbsy 1999/11/29 v1.2d Bold Symbols
\pmbraise@=\dimen145
)
(C:\Users\micha\AppData\Local\Programs\MiKTeX\tex/latex/amsmath\amsopn.sty
Package: amsopn 2022/04/08 v2.04 operator names
)
\inf@bad=\count194
LaTeX Info: Redefining \frac on input line 234.
\uproot@=\count195
\leftroot@=\count196
LaTeX Info: Redefining \overline on input line 399.
LaTeX Info: Redefining \colon on input line 410.
\classnum@=\count197
\DOTSCASE@=\count198
LaTeX Info: Redefining \ldots on input line 496.
LaTeX Info: Redefining \dots on input line 499.
LaTeX Info: Redefining \cdots on input line 620.
\Mathstrutbox@=\box51
\strutbox@=\box52
LaTeX Info: Redefining \big on input line 722.
LaTeX Info: Redefining \Big on input line 723.
LaTeX Info: Redefining \bigg on input line 724.
LaTeX Info: Redefining \Bigg on input line 725.
\big@size=\dimen146
LaTeX Font Info:    Redeclaring font encoding OML on input line 743.
LaTeX Font Info:    Redeclaring font encoding OMS on input line 744.
\macc@depth=\count199
LaTeX Info: Redefining \bmod on input line 905.
LaTeX Info: Redefining \pmod on input line 910.
LaTeX Info: Redefining \smash on input line 940.
LaTeX Info: Redefining \relbar on input line 970.
LaTeX Info: Redefining \Relbar on input line 971.
\c@MaxMatrixCols=\count266
\dotsspace@=\muskip17
\c@parentequation=\count267
\dspbrk@lvl=\count268
\tag@help=\toks19
\row@=\count269
\column@=\count270
\maxfields@=\count271
\andhelp@=\toks20
\eqnshift@=\dimen147
\alignsep@=\dimen148
\tagshift@=\dimen149
\tagwidth@=\dimen150
\totwidth@=\dimen151
\lineht@=\dimen152
\@envbody=\toks21
\multlinegap=\skip54
\multlinetaggap=\skip55
\mathdisplay@stack=\toks22
LaTeX Info: Redefining \[ on input line 2953.
LaTeX Info: Redefining \] on input line 2954.
)
(C:\Users\micha\AppData\Local\Programs\MiKTeX\tex/latex/amsfonts\amsfonts.sty
Package: amsfonts 2013/01/14 v3.01 Basic AMSFonts support
\symAMSa=\mathgroup5
\symAMSb=\mathgroup6
LaTeX Font Info:    Redeclaring math symbol \hbar on input line 98.
LaTeX Font Info:    Overwriting math alphabet `\mathfrak' in version `bold'
(Font)                  U/euf/m/n --> U/euf/b/n on input line 106.
)
LaTeX Font Info:    Trying to load font information for OT1+ptm on input line 1
50.

(C:\Users\micha\AppData\Local\Programs\MiKTeX\tex/latex/psnfss\ot1ptm.fd
File: ot1ptm.fd 2001/06/04 font definitions for OT1/ptm.
)
(C:\Users\micha\AppData\Local\Programs\MiKTeX\tex/latex/l3backend\l3backend-pdf
tex.def
File: l3backend-pdftex.def 2023-04-19 L3 backend support: PDF output (pdfTeX)
\l__color_backend_stack_int=\count272
\l__pdf_internal_box=\box53
) (AAAI-VilaresD.2087_changed.aux)
\openout1 = `AAAI-VilaresD.2087_changed.aux'.

LaTeX Font Info:    Checking defaults for OML/cmm/m/it on input line 150.
LaTeX Font Info:    ... okay on input line 150.
LaTeX Font Info:    Checking defaults for OMS/cmsy/m/n on input line 150.
LaTeX Font Info:    ... okay on input line 150.
LaTeX Font Info:    Checking defaults for OT1/cmr/m/n on input line 150.
LaTeX Font Info:    ... okay on input line 150.
LaTeX Font Info:    Checking defaults for T1/cmr/m/n on input line 150.
LaTeX Font Info:    ... okay on input line 150.
LaTeX Font Info:    Checking defaults for TS1/cmr/m/n on input line 150.
LaTeX Font Info:    ... okay on input line 150.
LaTeX Font Info:    Checking defaults for OMX/cmex/m/n on input line 150.
LaTeX Font Info:    ... okay on input line 150.
LaTeX Font Info:    Checking defaults for U/cmr/m/n on input line 150.
LaTeX Font Info:    ... okay on input line 150.

(C:\Users\micha\AppData\Local\Programs\MiKTeX\tex/context/base/mkii\supp-pdf.mk
ii
[Loading MPS to PDF converter (version 2006.09.02).]
\scratchcounter=\count273
\scratchdimen=\dimen153
\scratchbox=\box54
\nofMPsegments=\count274
\nofMParguments=\count275
\everyMPshowfont=\toks23
\MPscratchCnt=\count276
\MPscratchDim=\dimen154
\MPnumerator=\count277
\makeMPintoPDFobject=\count278
\everyMPtoPDFconversion=\toks24
)
LaTeX Font Info:    Trying to load font information for U+lasy on input line 15
1.
 (C:\Users\micha\AppData\Local\Programs\MiKTeX\tex/latex/base\ulasy.fd
File: ulasy.fd 1998/08/17 v2.2e LaTeX symbol font definitions
)
LaTeX Font Info:    Trying to load font information for U+msa on input line 151
.

(C:\Users\micha\AppData\Local\Programs\MiKTeX\tex/latex/amsfonts\umsa.fd
File: umsa.fd 2013/01/14 v3.01 AMS symbols A
)
LaTeX Font Info:    Trying to load font information for U+msb on input line 151
.

(C:\Users\micha\AppData\Local\Programs\MiKTeX\tex/latex/amsfonts\umsb.fd
File: umsb.fd 2013/01/14 v3.01 AMS symbols B
)
LaTeX Font Info:    Trying to load font information for TS1+ptm on input line 1
51.

(C:\Users\micha\AppData\Local\Programs\MiKTeX\tex/latex/psnfss\ts1ptm.fd
File: ts1ptm.fd 2001/06/04 font definitions for TS1/ptm.
)

LaTeX Warning: Citation `tenney2018you' on page 1 undefined on input line 167.


LaTeX Warning: Citation `zhang2011transition' on page 1 undefined on input line
 179.


Underfull \hbox (badness 1033) in paragraph at lines 179--180
\OT1/ptm/m/n/10 as one-hot vec-tors of dis-crete fea-tures. Be-yond words,
 []

[1{C:/Users/micha/AppData/Local/MiKTeX/fonts/map/pdftex/pdftex.map}{C:/Users/mi
cha/AppData/Local/Programs/MiKTeX/fonts/enc/dvips/base/8r.enc}



]

LaTeX Warning: Citation `chen2014fast' on page 2 undefined on input line 182.


LaTeX Warning: Citation `chen2014fast' on page 2 undefined on input line 182.


LaTeX Warning: Citation `kiperwasser2016simple' on page 2 undefined on input li
ne 183.


LaTeX Warning: Citation `kiperwasser2016simple' on page 2 undefined on input li
ne 183.


LaTeX Warning: Citation `chen2014fast' on page 2 undefined on input line 183.


LaTeX Warning: Citation `hochreiter1997long' on page 2 undefined on input line 
183.


LaTeX Warning: Citation `shi2017fast' on page 2 undefined on input line 183.


LaTeX Warning: Citation `shi2017fast' on page 2 undefined on input line 183.


LaTeX Warning: Citation `falenska-kuhn-2019-non' on page 2 undefined on input l
ine 183.


LaTeX Warning: Citation `falenska-kuhn-2019-non' on page 2 undefined on input l
ine 183.


LaTeX Warning: Citation `LiSeq2seq2018' on page 2 undefined on input line 183.


LaTeX Warning: Citation `StrzyzViable2019' on page 2 undefined on input line 18
3.


LaTeX Warning: Citation `zhu2013fast' on page 2 undefined on input line 185.


LaTeX Warning: Citation `dyer2016recurrent' on page 2 undefined on input line 1
85.


LaTeX Warning: Citation `kitaev2018constituency' on page 2 undefined on input l
ine 185.


LaTeX Warning: Citation `kitaev2018BERT' on page 2 undefined on input line 185.



LaTeX Warning: Citation `vinyals2015grammar' on page 2 undefined on input line 
185.


LaTeX Warning: Citation `gomez2018constituent' on page 2 undefined on input lin
e 185.


LaTeX Warning: Citation `mikolov2013distributed' on page 2 undefined on input l
ine 189.


LaTeX Warning: Citation `mikolov2013distributed' on page 2 undefined on input l
ine 189.


LaTeX Warning: Citation `pennington2014glove' on page 2 undefined on input line
 189.


LaTeX Warning: Citation `pennington2014glove' on page 2 undefined on input line
 189.

LaTeX Font Info:    Trying to load font information for OT1+pcr on input line 1
89.
(C:\Users\micha\AppData\Local\Programs\MiKTeX\tex/latex/psnfss\ot1pcr.fd
File: ot1pcr.fd 2001/06/04 font definitions for OT1/pcr.
)

LaTeX Warning: Citation `peters2018deep' on page 2 undefined on input line 192.



LaTeX Warning: Citation `devlin2018bert' on page 2 undefined on input line 192.



LaTeX Warning: Citation `goldberg2019assessing' on page 2 undefined on input li
ne 192.


LaTeX Warning: Citation `goldberg2019assessing' on page 2 undefined on input li
ne 192.


LaTeX Warning: Citation `linzen2016assessing' on page 2 undefined on input line
 192.


LaTeX Warning: Citation `linzen2016assessing' on page 2 undefined on input line
 192.


LaTeX Warning: Citation `gulordava2018colorless' on page 2 undefined on input l
ine 192.


LaTeX Warning: Citation `gulordava2018colorless' on page 2 undefined on input l
ine 192.


LaTeX Warning: Citation `chomsky1957syntactic' on page 2 undefined on input lin
e 192.


LaTeX Warning: Citation `tenney2018you' on page 2 undefined on input line 196.


LaTeX Warning: Citation `tenney2018you' on page 2 undefined on input line 196.


LaTeX Warning: Citation `liu-etal-2019-linguistic' on page 2 undefined on input
 line 197.


LaTeX Warning: Citation `liu-etal-2019-linguistic' on page 2 undefined on input
 line 197.


LaTeX Warning: Citation `clark2002supertagging' on page 2 undefined on input li
ne 197.


LaTeX Warning: Citation `hewitt2019structural' on page 2 undefined on input lin
e 199.


LaTeX Warning: Citation `hewitt2019structural' on page 2 undefined on input lin
e 199.


LaTeX Warning: Citation `gomez2018constituent' on page 2 undefined on input lin
e 216.


LaTeX Warning: Citation `gomez2018constituent' on page 2 undefined on input lin
e 216.

[2]
<sl-example.png, id=19, 926.46124pt x 554.07pt>
File: sl-example.png Graphic file (type png)
<use sl-example.png>
Package pdftex.def Info: sl-example.png  used on input line 226.
(pdftex.def)             Requested size: 155.60487pt x 93.05775pt.


LaTeX Warning: Citation `gomez2018constituent' on page 3 undefined on input lin
e 227.


LaTeX Warning: Citation `gomez2018constituent' on page 3 undefined on input lin
e 227.


LaTeX Warning: Citation `gomez2018constituent' on page 3 undefined on input lin
e 227.


LaTeX Warning: Citation `gomez2018constituent' on page 3 undefined on input lin
e 227.


LaTeX Warning: Citation `gomez2018constituent' on page 3 undefined on input lin
e 241.


LaTeX Warning: Citation `gomez2018constituent' on page 3 undefined on input lin
e 241.


LaTeX Warning: Citation `StrzyzViable2019' on page 3 undefined on input line 24
1.


LaTeX Warning: Citation `StrzyzViable2019' on page 3 undefined on input line 24
1.

<sl-dep-example.png, id=21, 1016.79875pt x 523.9575pt>
File: sl-dep-example.png Graphic file (type png)
<use sl-dep-example.png>
Package pdftex.def Info: sl-dep-example.png  used on input line 250.
(pdftex.def)             Requested size: 191.51622pt x 98.6895pt.

LaTeX Warning: Citation `StrzyzViable2019' on page 3 undefined on input line 25
1.


LaTeX Warning: Citation `StrzyzViable2019' on page 3 undefined on input line 25
1.


LaTeX Warning: Citation `StrzyzViable2019' on page 3 undefined on input line 25
1.


LaTeX Warning: Citation `StrzyzViable2019' on page 3 undefined on input line 25
1.


Underfull \hbox (badness 2277) in paragraph at lines 251--251
\OT1/ptm/m/n/10 PoS tag-based en-cod-ing used in \OT1/ptm/b/n/10 ? \OT1/ptm/m/n
/10 ( \OT1/ptm/b/n/10 ?\OT1/ptm/m/n/10 ). For in-stance,
 []

[3 <./sl-example.png> <./sl-dep-example.png>]

LaTeX Warning: Citation `tenney2018you' on page 4 undefined on input line 269.


LaTeX Warning: Citation `tenney2018you' on page 4 undefined on input line 269.


LaTeX Warning: Citation `tenney2018you' on page 4 undefined on input line 270.

<AAAI-PaP-architecture.png, id=27, 233.74828pt x 136.63547pt>
File: AAAI-PaP-architecture.png Graphic file (type png)
<use AAAI-PaP-architecture.png>
Package pdftex.def Info: AAAI-PaP-architecture.png  used on input line 292.
(pdftex.def)             Requested size: 239.39438pt x 139.94174pt.

LaTeX Warning: Citation `gomez2018constituent' on page 4 undefined on input lin
e 300.


LaTeX Warning: Citation `StrzyzViable2019' on page 4 undefined on input line 30
0.


LaTeX Warning: Citation `gomez2018constituent' on page 4 undefined on input lin
e 300.


LaTeX Warning: Citation `StrzyzViable2019' on page 4 undefined on input line 30
0.


LaTeX Warning: Citation `mikolov2013distributed' on page 4 undefined on input l
ine 311.


Underfull \hbox (badness 1048) in paragraph at lines 311--311
[][]\OT1/ptm/m/n/9 For \OT1/pcr/m/n/9 word2vec\OT1/ptm/m/n/9 , we use GoogleNew
s-vectors-negative300
 []


LaTeX Warning: Citation `ling2015two' on page 4 undefined on input line 312.


LaTeX Warning: Citation `bojanowski2017enriching' on page 4 undefined on input 
line 313.


LaTeX Warning: Citation `pennington2014glove' on page 4 undefined on input line
 315.


LaTeX Warning: Citation `peters2018deep' on page 4 undefined on input line 317.


[4 <./AAAI-PaP-architecture.png>]

LaTeX Warning: Citation `devlin2018bert' on page 5 undefined on input line 319.



Underfull \hbox (badness 1057) in paragraph at lines 320--320
[][]\OT1/ptm/m/n/9 For \OT1/pcr/m/sc/9 BERT\OT1/ptm/m/n/9 , we used \OT1/pcr/m/
n/9 bert-base-cased \OT1/ptm/m/n/9 ($https : / / github .
 []


LaTeX Warning: Citation `ling2015two' on page 5 undefined on input line 323.


LaTeX Warning: Citation `ling2015two' on page 5 undefined on input line 323.


LaTeX Warning: Citation `yang2018ncrf++' on page 5 undefined on input line 325.



LaTeX Warning: Citation `yang2018ncrf++' on page 5 undefined on input line 325.



Underfull \hbox (badness 10000) in paragraph at lines 330--331
\OT1/ptm/m/n/10 The source code is ac-ces-si-ble at
 []


LaTeX Warning: Citation `marcus1993building' on page 5 undefined on input line 
332.


LaTeX Warning: Citation `UD2.1' on page 5 undefined on input line 332.


Underfull \hbox (badness 1337) in paragraph at lines 334--334
[][]\OT1/ptm/m/n/9 Unlabeled At-tach-ment Score: Per-cent-age of re-la-tions fo
r
 []


LaTeX Warning: Citation `straka:2018:K18-2' on page 5 undefined on input line 3
35.


LaTeX Warning: Citation `peters2018deep' on page 5 undefined on input line 393.


[5]

LaTeX Warning: Citation `kitaev2018BERT' on page 6 undefined on input line 396.



LaTeX Warning: Citation `kitaev2018BERT' on page 6 undefined on input line 396.



LaTeX Warning: Citation `zhou-zhao-2019-head' on page 6 undefined on input line
 396.


LaTeX Warning: Citation `zhou-zhao-2019-head' on page 6 undefined on input line
 396.


LaTeX Warning: Citation `zhou-zhao-2019-head' on page 6 undefined on input line
 396.


LaTeX Warning: Citation `dyer2016recurrent' on page 6 undefined on input line 3
96.


LaTeX Warning: Citation `zhu2013fast' on page 6 undefined on input line 396.


LaTeX Warning: Citation `zhu2013fast' on page 6 undefined on input line 396.


LaTeX Warning: Citation `VilaresMTL2019' on page 6 undefined on input line 397.



LaTeX Warning: Citation `VilaresMTL2019' on page 6 undefined on input line 397.



LaTeX Warning: Citation `che2018towards' on page 6 undefined on input line 397.



LaTeX Warning: Citation `kiperwasser2016simple' on page 6 undefined on input li
ne 398.


LaTeX Warning: Citation `StrzyzViable2019' on page 6 undefined on input line 39
8.


LaTeX Warning: Citation `vinyals2015grammar' on page 6 undefined on input line 
412.


LaTeX Warning: Citation `vinyals2015grammar' on page 6 undefined on input line 
412.


LaTeX Warning: Citation `gomez2018constituent' on page 6 undefined on input lin
e 413.


LaTeX Warning: Citation `gomez2018constituent' on page 6 undefined on input lin
e 413.


LaTeX Warning: Citation `zhu2013fast' on page 6 undefined on input line 414.


LaTeX Warning: Citation `zhu2013fast' on page 6 undefined on input line 414.


LaTeX Warning: Citation `VilaresMTL2019' on page 6 undefined on input line 415.



LaTeX Warning: Citation `VilaresMTL2019' on page 6 undefined on input line 415.



LaTeX Warning: Citation `dyer2016recurrent' on page 6 undefined on input line 4
16.


LaTeX Warning: Citation `dyer2016recurrent' on page 6 undefined on input line 4
16.


LaTeX Warning: Citation `kitaev2018constituency' on page 6 undefined on input l
ine 417.


LaTeX Warning: Citation `kitaev2018constituency' on page 6 undefined on input l
ine 417.


LaTeX Warning: Citation `kitaev2018BERT' on page 6 undefined on input line 418.



LaTeX Warning: Citation `kitaev2018BERT' on page 6 undefined on input line 418.



LaTeX Warning: Citation `zhou-zhao-2019-head' on page 6 undefined on input line
 419.


LaTeX Warning: Citation `zhou-zhao-2019-head' on page 6 undefined on input line
 419.


LaTeX Warning: Citation `StrzyzViable2019' on page 6 undefined on input line 44
0.


LaTeX Warning: Citation `StrzyzViable2019' on page 6 undefined on input line 44
0.


LaTeX Warning: Citation `kiperwasser2016simple' on page 6 undefined on input li
ne 441.


LaTeX Warning: Citation `kiperwasser2016simple' on page 6 undefined on input li
ne 441.


LaTeX Warning: Citation `straka:2018:K18-2' on page 6 undefined on input line 4
42.


LaTeX Warning: Citation `straka:2018:K18-2' on page 6 undefined on input line 4
42.


LaTeX Warning: Citation `che2018towards' on page 6 undefined on input line 443.



LaTeX Warning: Citation `che2018towards' on page 6 undefined on input line 443.


<span_lengths.png, id=38, 1111.5126pt x 815.9283pt>
File: span_lengths.png Graphic file (type png)
<use span_lengths.png>
Package pdftex.def Info: span_lengths.png  used on input line 464.
(pdftex.def)             Requested size: 239.39438pt x 175.7324pt.
<spans_by_nt.png, id=39, 1111.5126pt x 815.9283pt>
File: spans_by_nt.png Graphic file (type png)
<use spans_by_nt.png>
Package pdftex.def Info: spans_by_nt.png  used on input line 471.
(pdftex.def)             Requested size: 239.39438pt x 175.7324pt.

LaTeX Warning: Citation `tenney2018you' on page 6 undefined on input line 475.


LaTeX Warning: Citation `tenney2018you' on page 6 undefined on input line 475.

[6 <./span_lengths.png> <./spans_by_nt.png>]
<dependency-displacements.png, id=46, 1111.5126pt x 815.9283pt>
File: dependency-displacements.png Graphic file (type png)
<use dependency-displacements.png>
Package pdftex.def Info: dependency-displacements.png  used on input line 480.
(pdftex.def)             Requested size: 239.39438pt x 175.7324pt.
<dependency_relation.png, id=47, 1111.5126pt x 815.9283pt>
File: dependency_relation.png Graphic file (type png)
<use dependency_relation.png>
Package pdftex.def Info: dependency_relation.png  used on input line 486.
(pdftex.def)             Requested size: 239.39438pt x 175.7324pt.


LaTeX Warning: Citation `hewitt-liang-2019-designing' on page 7 undefined on in
put line 505.


LaTeX Warning: Citation `hewitt-liang-2019-designing' on page 7 undefined on in
put line 505.

No file AAAI-VilaresD.2087_changed.bbl.
[7 <./dependency-displacements.png> <./dependency_relation.png>] [8

]
(AAAI-VilaresD.2087_changed.aux)
 ***********
LaTeX2e <2023-06-01> patch level 1
L3 programming layer <2023-08-29>
 ***********
 ) 
Here is how much of TeX's memory you used:
 3279 strings out of 475247
 55414 string characters out of 5757792
 1948801 words of memory out of 5000000
 24695 multiletter control sequences out of 15000+600000
 601445 words of font info for 135 fonts, out of 8000000 for 9000
 1141 hyphenation exceptions out of 8191
 57i,14n,65p,1182b,366s stack positions out of 10000i,1000n,20000p,200000b,200000s
<C:/Users/micha/AppData/Local/Programs/MiKTeX/fonts/type1/public/amsfonts/cm/
cmex10.pfb><C:/Users/micha/AppData/Local/Programs/MiKTeX/fonts/type1/public/ams
fonts/cm/cmmi10.pfb><C:/Users/micha/AppData/Local/Programs/MiKTeX/fonts/type1/p
ublic/amsfonts/cm/cmmi5.pfb><C:/Users/micha/AppData/Local/Programs/MiKTeX/fonts
/type1/public/amsfonts/cm/cmmi7.pfb><C:/Users/micha/AppData/Local/Programs/MiKT
eX/fonts/type1/public/amsfonts/cm/cmr10.pfb><C:/Users/micha/AppData/Local/Progr
ams/MiKTeX/fonts/type1/public/amsfonts/cm/cmr7.pfb><C:/Users/micha/AppData/Loca
l/Programs/MiKTeX/fonts/type1/public/amsfonts/cm/cmsy10.pfb><C:/Users/micha/App
Data/Local/Programs/MiKTeX/fonts/type1/public/amsfonts/cm/cmsy6.pfb><C:/Users/m
icha/AppData/Local/Programs/MiKTeX/fonts/type1/public/amsfonts/cm/cmsy7.pfb><C:
/Users/micha/AppData/Local/Programs/MiKTeX/fonts/type1/public/amsfonts/cm/cmti1
0.pfb><C:/Users/micha/AppData/Local/Programs/MiKTeX/fonts/type1/public/amsfonts
/symbols/msbm10.pfb><C:/Users/micha/AppData/Local/Programs/MiKTeX/fonts/type1/u
rw/courier/ucrb8a.pfb><C:/Users/micha/AppData/Local/Programs/MiKTeX/fonts/type1
/urw/courier/ucrr8a.pfb><C:/Users/micha/AppData/Local/Programs/MiKTeX/fonts/typ
e1/urw/times/utmb8a.pfb><C:/Users/micha/AppData/Local/Programs/MiKTeX/fonts/typ
e1/urw/times/utmr8a.pfb><C:/Users/micha/AppData/Local/Programs/MiKTeX/fonts/typ
e1/urw/times/utmri8a.pfb>
Output written on AAAI-VilaresD.2087_changed.pdf (8 pages, 832421 bytes).
PDF statistics:
 124 PDF objects out of 1000 (max. 8388607)
 0 named destinations out of 1000 (max. 500000)
 36 words of extra memory for PDF output out of 10000 (max. 10000000)

