This is pdfTeX, Version 3.141592653-2.6-1.40.25 (MiKTeX 23.9) (preloaded format=pdflatex 2023.9.22)  30 MAR 2024 16:20
entering extended mode
 restricted \write18 enabled.
 %&-line parsing enabled.
**./AAAI2021_changed.tex
(AAAI2021_changed.tex
LaTeX2e <2023-06-01> patch level 1
L3 programming layer <2023-08-29>
(C:\Users\micha\AppData\Local\Programs\MiKTeX\tex/latex/base\article.cls
Document Class: article 2023/05/17 v1.4n Standard LaTeX document class
(C:\Users\micha\AppData\Local\Programs\MiKTeX\tex/latex/base\size10.clo
File: size10.clo 2023/05/17 v1.4n Standard LaTeX file (size option)
)
\c@part=\count185
\c@section=\count186
\c@subsection=\count187
\c@subsubsection=\count188
\c@paragraph=\count189
\c@subparagraph=\count190
\c@figure=\count191
\c@table=\count192
\abovecaptionskip=\skip48
\belowcaptionskip=\skip49
\bibindent=\dimen140
)
(aaai21.sty
Conference Style for AAAI for LaTeX 2e -- version for the AAAI-21 conference - 
MODIFIED
\titlebox=\skip50
) (C:\Users\micha\AppData\Local\Programs\MiKTeX\tex/latex/psnfss\times.sty
Package: times 2020/03/25 PSNFSS-v9.3 (SPQR) 
)
(C:\Users\micha\AppData\Local\Programs\MiKTeX\tex/latex/psnfss\helvet.sty
Package: helvet 2020/03/25 PSNFSS-v9.3 (WaS) 

(C:\Users\micha\AppData\Local\Programs\MiKTeX\tex/latex/graphics\keyval.sty
Package: keyval 2022/05/29 v1.15 key=value parser (DPC)
\KV@toks@=\toks17
))
(C:\Users\micha\AppData\Local\Programs\MiKTeX\tex/latex/psnfss\courier.sty
Package: courier 2020/03/25 PSNFSS-v9.3 (WaS) 
)
(C:\Users\micha\AppData\Local\Programs\MiKTeX\tex/latex/url\url.sty
\Urlmuskip=\muskip16
Package: url 2013/09/16  ver 3.4  Verb mode for urls, etc.
)
(C:\Users\micha\AppData\Local\Programs\MiKTeX\tex/latex/graphics\graphicx.sty
Package: graphicx 2021/09/16 v1.2d Enhanced LaTeX Graphics (DPC,SPQR)

(C:\Users\micha\AppData\Local\Programs\MiKTeX\tex/latex/graphics\graphics.sty
Package: graphics 2022/03/10 v1.4e Standard LaTeX Graphics (DPC,SPQR)

(C:\Users\micha\AppData\Local\Programs\MiKTeX\tex/latex/graphics\trig.sty
Package: trig 2021/08/11 v1.11 sin cos tan (DPC)
)
(C:\Users\micha\AppData\Local\Programs\MiKTeX\tex/latex/graphics-cfg\graphics.c
fg
File: graphics.cfg 2016/06/04 v1.11 sample graphics configuration
)
Package graphics Info: Driver file: pdftex.def on input line 107.

(C:\Users\micha\AppData\Local\Programs\MiKTeX\tex/latex/graphics-def\pdftex.def
File: pdftex.def 2022/09/22 v1.2b Graphics/color driver for pdftex
))
\Gin@req@height=\dimen141
\Gin@req@width=\dimen142
) (C:\Users\micha\AppData\Local\Programs\MiKTeX\tex/latex/natbib\natbib.sty
Package: natbib 2010/09/13 8.31b (PWD, AO)
\bibhang=\skip51
\bibsep=\skip52
LaTeX Info: Redefining \cite on input line 694.
\c@NAT@ctr=\count193
)
(C:\Users\micha\AppData\Local\Programs\MiKTeX\tex/latex/caption\caption.sty
Package: caption 2023/07/31 v3.6n Customizing captions (AR)

(C:\Users\micha\AppData\Local\Programs\MiKTeX\tex/latex/caption\caption3.sty
Package: caption3 2023/07/31 v2.4d caption3 kernel (AR)
\caption@tempdima=\dimen143
\captionmargin=\dimen144
\caption@leftmargin=\dimen145
\caption@rightmargin=\dimen146
\caption@width=\dimen147
\caption@indent=\dimen148
\caption@parindent=\dimen149
\caption@hangindent=\dimen150
Package caption Info: Standard document class detected.
)
\c@caption@flags=\count194
\c@continuedfloat=\count195
)
(C:\Users\micha\AppData\Local\Programs\MiKTeX\tex/latex/amsfonts\amsfonts.sty
Package: amsfonts 2013/01/14 v3.01 Basic AMSFonts support
\@emptytoks=\toks18
\symAMSa=\mathgroup4
\symAMSb=\mathgroup5
LaTeX Font Info:    Redeclaring math symbol \hbar on input line 98.
LaTeX Font Info:    Overwriting math alphabet `\mathfrak' in version `bold'
(Font)                  U/euf/m/n --> U/euf/b/n on input line 106.
)
(C:\Users\micha\AppData\Local\Programs\MiKTeX\tex/latex/amsfonts\amssymb.sty
Package: amssymb 2013/01/14 v3.01 AMS font symbols
)
(C:\Users\micha\AppData\Local\Programs\MiKTeX\tex/latex/booktabs\booktabs.sty
Package: booktabs 2020/01/12 v1.61803398 Publication quality tables
\heavyrulewidth=\dimen151
\lightrulewidth=\dimen152
\cmidrulewidth=\dimen153
\belowrulesep=\dimen154
\belowbottomsep=\dimen155
\aboverulesep=\dimen156
\abovetopsep=\dimen157
\cmidrulesep=\dimen158
\cmidrulekern=\dimen159
\defaultaddspace=\dimen160
\@cmidla=\count196
\@cmidlb=\count197
\@aboverulesep=\dimen161
\@belowrulesep=\dimen162
\@thisruleclass=\count198
\@lastruleclass=\count199
\@thisrulewidth=\dimen163
)
(C:\Users\micha\AppData\Local\Programs\MiKTeX\tex/latex/algorithms\algorithm.st
y
Package: algorithm 2009/08/24 v0.1 Document Style `algorithm' - floating enviro
nment
 (C:\Users\micha\AppData\Local\Programs\MiKTeX\tex/latex/float\float.sty
Package: float 2001/11/08 v1.3d Float enhancements (AL)
\c@float@type=\count266
\float@exts=\toks19
\float@box=\box51
\@float@everytoks=\toks20
\@floatcapt=\box52
)
(C:\Users\micha\AppData\Local\Programs\MiKTeX\tex/latex/base\ifthen.sty
Package: ifthen 2022/04/13 v1.1d Standard LaTeX ifthen package (DPC)
)
\@float@every@algorithm=\toks21
\c@algorithm=\count267
)
(C:\Users\micha\AppData\Local\Programs\MiKTeX\tex/latex/algorithmicx\algorithmi
cx.sty
Package: algorithmicx 2005/04/27 v1.2 Algorithmicx

Document Style algorithmicx 1.2 - a greatly improved `algorithmic' style
\c@ALG@line=\count268
\c@ALG@rem=\count269
\c@ALG@nested=\count270
\ALG@tlm=\skip53
\ALG@thistlm=\skip54
\c@ALG@Lnr=\count271
\c@ALG@blocknr=\count272
\c@ALG@storecount=\count273
\c@ALG@tmpcounter=\count274
\ALG@tmplength=\skip55
)
(C:\Users\micha\AppData\Local\Programs\MiKTeX\tex/latex/algorithmicx\algpseudoc
ode.sty
Package: algpseudocode 

Document Style - pseudocode environments for use with the `algorithmicx' style
) (C:\Users\micha\AppData\Local\Programs\MiKTeX\tex/latex/amsmath\amsmath.sty
Package: amsmath 2023/05/13 v2.17o AMS math features
\@mathmargin=\skip56

For additional information on amsmath, use the `?' option.
(C:\Users\micha\AppData\Local\Programs\MiKTeX\tex/latex/amsmath\amstext.sty
Package: amstext 2021/08/26 v2.01 AMS text

(C:\Users\micha\AppData\Local\Programs\MiKTeX\tex/latex/amsmath\amsgen.sty
File: amsgen.sty 1999/11/30 v2.0 generic functions
\@emptytoks=\toks22
\ex@=\dimen164
))
(C:\Users\micha\AppData\Local\Programs\MiKTeX\tex/latex/amsmath\amsbsy.sty
Package: amsbsy 1999/11/29 v1.2d Bold Symbols
\pmbraise@=\dimen165
)
(C:\Users\micha\AppData\Local\Programs\MiKTeX\tex/latex/amsmath\amsopn.sty
Package: amsopn 2022/04/08 v2.04 operator names
)
\inf@bad=\count275
LaTeX Info: Redefining \frac on input line 234.
\uproot@=\count276
\leftroot@=\count277
LaTeX Info: Redefining \overline on input line 399.
LaTeX Info: Redefining \colon on input line 410.
\classnum@=\count278
\DOTSCASE@=\count279
LaTeX Info: Redefining \ldots on input line 496.
LaTeX Info: Redefining \dots on input line 499.
LaTeX Info: Redefining \cdots on input line 620.
\Mathstrutbox@=\box53
\strutbox@=\box54
LaTeX Info: Redefining \big on input line 722.
LaTeX Info: Redefining \Big on input line 723.
LaTeX Info: Redefining \bigg on input line 724.
LaTeX Info: Redefining \Bigg on input line 725.
\big@size=\dimen166
LaTeX Font Info:    Redeclaring font encoding OML on input line 743.
LaTeX Font Info:    Redeclaring font encoding OMS on input line 744.
\macc@depth=\count280
LaTeX Info: Redefining \bmod on input line 905.
LaTeX Info: Redefining \pmod on input line 910.
LaTeX Info: Redefining \smash on input line 940.
LaTeX Info: Redefining \relbar on input line 970.
LaTeX Info: Redefining \Relbar on input line 971.
\c@MaxMatrixCols=\count281
\dotsspace@=\muskip17
\c@parentequation=\count282
\dspbrk@lvl=\count283
\tag@help=\toks23
\row@=\count284
\column@=\count285
\maxfields@=\count286
\andhelp@=\toks24
\eqnshift@=\dimen167
\alignsep@=\dimen168
\tagshift@=\dimen169
\tagwidth@=\dimen170
\totwidth@=\dimen171
\lineht@=\dimen172
\@envbody=\toks25
\multlinegap=\skip57
\multlinetaggap=\skip58
\mathdisplay@stack=\toks26
LaTeX Info: Redefining \[ on input line 2953.
LaTeX Info: Redefining \] on input line 2954.
)
(C:\Users\micha\AppData\Local\Programs\MiKTeX\tex/latex/wrapfig\wrapfig.sty
\wrapoverhang=\dimen173
\WF@size=\dimen174
\c@WF@wrappedlines=\count287
\WF@box=\box55
\WF@everypar=\toks27
Package: wrapfig 2003/01/31  v 3.6
)
(C:\Users\micha\AppData\Local\Programs\MiKTeX\tex/latex/multirow\multirow.sty
Package: multirow 2021/03/15 v2.8 Span multiple rows of a table
\multirow@colwidth=\skip59
\multirow@cntb=\count288
\multirow@dima=\skip60
\bigstrutjot=\dimen175
)
(C:\Users\micha\AppData\Local\Programs\MiKTeX\tex/latex/graphics\color.sty
Package: color 2022/01/06 v1.3d Standard LaTeX Color (DPC)

(C:\Users\micha\AppData\Local\Programs\MiKTeX\tex/latex/graphics-cfg\color.cfg
File: color.cfg 2016/01/02 v1.6 sample color configuration
)
Package color Info: Driver file: pdftex.def on input line 149.
(C:\Users\micha\AppData\Local\Programs\MiKTeX\tex/latex/graphics\mathcolor.ltx)
) (C:\Users\micha\AppData\Local\Programs\MiKTeX\tex/latex/lineno\lineno.sty
Package: lineno 2023/05/20 line numbers on paragraphs v5.3

(C:\Users\micha\AppData\Local\Programs\MiKTeX\tex/latex/etoolbox\etoolbox.sty
Package: etoolbox 2020/10/05 v2.5k e-TeX tools for LaTeX (JAW)
\etb@tempcnta=\count289
)
(C:\Users\micha\AppData\Local\Programs\MiKTeX\tex/latex/kvoptions\kvoptions.sty
Package: kvoptions 2022-06-15 v3.15 Key value format for package options (HO)
(C:\Users\micha\AppData\Local\Programs\MiKTeX\tex/generic/ltxcmds\ltxcmds.sty
Package: ltxcmds 2023-12-04 v1.26 LaTeX kernel commands for general use (HO)
)
(C:\Users\micha\AppData\Local\Programs\MiKTeX\tex/latex/kvsetkeys\kvsetkeys.sty
Package: kvsetkeys 2022-10-05 v1.19 Key value parser (HO)
))
\linenopenalty=\count290
\output=\toks28
\linenoprevgraf=\count291
\linenumbersep=\dimen176
\linenumberwidth=\dimen177
\c@linenumber=\count292
\c@pagewiselinenumber=\count293
\c@LN@truepage=\count294
\c@internallinenumber=\count295
\c@internallinenumbers=\count296
\quotelinenumbersep=\dimen178
\bframerule=\dimen179
\bframesep=\dimen180
\bframebox=\box56
\linenoamsmath@ams@eqpen=\count297
LaTeX Info: Redefining \\ on input line 3180.
)
LaTeX Font Info:    Trying to load font information for OT1+ptm on input line 1
87.
 (C:\Users\micha\AppData\Local\Programs\MiKTeX\tex/latex/psnfss\ot1ptm.fd
File: ot1ptm.fd 2001/06/04 font definitions for OT1/ptm.
)
(C:\Users\micha\AppData\Local\Programs\MiKTeX\tex/latex/l3backend\l3backend-pdf
tex.def
File: l3backend-pdftex.def 2023-04-19 L3 backend support: PDF output (pdfTeX)
\l__color_backend_stack_int=\count298
\l__pdf_internal_box=\box57
) (AAAI2021_changed.aux)
\openout1 = `AAAI2021_changed.aux'.

LaTeX Font Info:    Checking defaults for OML/cmm/m/it on input line 187.
LaTeX Font Info:    ... okay on input line 187.
LaTeX Font Info:    Checking defaults for OMS/cmsy/m/n on input line 187.
LaTeX Font Info:    ... okay on input line 187.
LaTeX Font Info:    Checking defaults for OT1/cmr/m/n on input line 187.
LaTeX Font Info:    ... okay on input line 187.
LaTeX Font Info:    Checking defaults for T1/cmr/m/n on input line 187.
LaTeX Font Info:    ... okay on input line 187.
LaTeX Font Info:    Checking defaults for TS1/cmr/m/n on input line 187.
LaTeX Font Info:    ... okay on input line 187.
LaTeX Font Info:    Checking defaults for OMX/cmex/m/n on input line 187.
LaTeX Font Info:    ... okay on input line 187.
LaTeX Font Info:    Checking defaults for U/cmr/m/n on input line 187.
LaTeX Font Info:    ... okay on input line 187.

(C:\Users\micha\AppData\Local\Programs\MiKTeX\tex/context/base/mkii\supp-pdf.mk
ii
[Loading MPS to PDF converter (version 2006.09.02).]
\scratchcounter=\count299
\scratchdimen=\dimen181
\scratchbox=\box58
\nofMPsegments=\count300
\nofMParguments=\count301
\everyMPshowfont=\toks29
\MPscratchCnt=\count302
\MPscratchDim=\dimen182
\MPnumerator=\count303
\makeMPintoPDFobject=\count304
\everyMPtoPDFconversion=\toks30
)
(C:\Users\micha\AppData\Local\Programs\MiKTeX\tex/latex/epstopdf-pkg\epstopdf-b
ase.sty
Package: epstopdf-base 2020-01-24 v2.11 Base part for package epstopdf
Package epstopdf-base Info: Redefining graphics rule for `.eps' on input line 4
85.

(C:\Users\micha\AppData\Local\Programs\MiKTeX\tex/latex/00miktex\epstopdf-sys.c
fg
File: epstopdf-sys.cfg 2021/03/18 v2.0 Configuration of epstopdf for MiKTeX
))
Package caption Info: Begin \AtBeginDocument code.
Package caption Info: float package is loaded.
Package caption Info: wrapfig package is loaded.
Package caption Info: End \AtBeginDocument code.
\titlearea=\box59
LaTeX Font Info:    Trying to load font information for U+msa on input line 190
.
 (C:\Users\micha\AppData\Local\Programs\MiKTeX\tex/latex/amsfonts\umsa.fd
File: umsa.fd 2013/01/14 v3.01 AMS symbols A
)
LaTeX Font Info:    Trying to load font information for U+msb on input line 190
.

(C:\Users\micha\AppData\Local\Programs\MiKTeX\tex/latex/amsfonts\umsb.fd
File: umsb.fd 2013/01/14 v3.01 AMS symbols B
)
LaTeX Font Info:    Trying to load font information for TS1+ptm on input line 1
90.

(C:\Users\micha\AppData\Local\Programs\MiKTeX\tex/latex/psnfss\ts1ptm.fd
File: ts1ptm.fd 2001/06/04 font definitions for TS1/ptm.
)
LaTeX Font Info:    Trying to load font information for OMS+ptm on input line 1
90.

(C:\Users\micha\AppData\Local\Programs\MiKTeX\tex/latex/psnfss\omsptm.fd
File: omsptm.fd 
)
LaTeX Font Info:    Font shape `OMS/ptm/m/n' in size <10> not available
(Font)              Font shape `OMS/cmsy/m/n' tried instead on input line 190.
\actualheight=\skip61

Overfull \hbox (2.5pt too wide) in paragraph at lines 190--190
[][] 
 []


Underfull \vbox (badness 10000) detected at line 190
 []


Package natbib Warning: Citation `mccloskey1989catastrophic' on page 1 undefine
d on input line 240.


Package natbib Warning: Citation `ratcliff1990connectionist' on page 1 undefine
d on input line 240.


Package natbib Warning: Citation `mcclelland1995there' on page 1 undefined on i
nput line 240.


Package natbib Warning: Citation `french1999catastrophic' on page 1 undefined o
n input line 240.

<./Figures/intro.pdf, id=1, 756.8275pt x 332.24126pt>
File: ./Figures/intro.pdf Graphic file (type pdf)
<use ./Figures/intro.pdf>
Package pdftex.def Info: ./Figures/intro.pdf  used on input line 249.
(pdftex.def)             Requested size: 227.64894pt x 99.93675pt.

Package natbib Warning: Citation `kirkpatrick2017overcoming' on page 1 undefine
d on input line 257.


Package natbib Warning: Citation `kirkpatrick2017overcoming' on page 1 undefine
d on input line 257.


Package natbib Warning: Citation `lopez2017gradient' on page 1 undefined on inp
ut line 269.


Package natbib Warning: Citation `rebuffi2017icarl' on page 1 undefined on inpu
t line 269.


Package natbib Warning: Citation `kirkpatrick2017overcoming' on page 1 undefine
d on input line 273.


Package natbib Warning: Citation `li2017learning' on page 1 undefined on input 
line 273.


Package natbib Warning: Citation `aljundi2018memory' on page 1 undefined on inp
ut line 273.


Package natbib Warning: Citation `rusu2016progressive' on page 1 undefined on i
nput line 277.


Package natbib Warning: Citation `fernando2017pathnet' on page 1 undefined on i
nput line 277.


Package natbib Warning: Citation `yoon2017lifelong' on page 1 undefined on inpu
t line 277.


Package natbib Warning: Citation `newman2004finding' on page 1 undefined on inp
ut line 287.


Package natbib Warning: Citation `pavlopoulos2011using' on page 1 undefined on 
input line 288.


Package natbib Warning: Citation `kipf2016semi' on page 1 undefined on input li
ne 291.


Package natbib Warning: Citation `hamilton2017inductive' on page 1 undefined on
 input line 291.

[1{C:/Users/micha/AppData/Local/MiKTeX/fonts/map/pdftex/pdftex.map}{C:/Users/mi
cha/AppData/Local/Programs/MiKTeX/fonts/enc/dvips/base/8r.enc}



 <./Figures/intro.pdf>]

Package natbib Warning: Citation `velivckovic2017graph' on page 2 undefined on 
input line 369.


Package natbib Warning: Citation `kipf2016semi' on page 2 undefined on input li
ne 369.


Package natbib Warning: Citation `xu2018powerful' on page 2 undefined on input 
line 369.


Package natbib Warning: Citation `bruna2013spectral' on page 2 undefined on inp
ut line 402.


Package natbib Warning: Citation `defferrard2016convolutional' on page 2 undefi
ned on input line 402.


Package natbib Warning: Citation `kipf2016semi' on page 2 undefined on input li
ne 405.


Package natbib Warning: Citation `hamilton2017inductive' on page 2 undefined on
 input line 406.


Package natbib Warning: Citation `velivckovic2017graph' on page 2 undefined on 
input line 407.


Package natbib Warning: Citation `spagan' on page 2 undefined on input line 410
.


Package natbib Warning: Citation `yang2020factorizable' on page 2 undefined on 
input line 410.


Package natbib Warning: Citation `qiu2020hallucinating' on page 2 undefined on 
input line 412.


Package natbib Warning: Citation `WangECCV14' on page 2 undefined on input line
 412.

<./Figures/overview.pdf, id=55, 958.58125pt x 320.19624pt>
File: ./Figures/overview.pdf Graphic file (type pdf)
<use ./Figures/overview.pdf>
Package pdftex.def Info: ./Figures/overview.pdf  used on input line 419.
(pdftex.def)             Requested size: 455.2979pt x 152.085pt.

Package natbib Warning: Citation `lopez2017gradient' on page 2 undefined on inp
ut line 439.


Package natbib Warning: Citation `rebuffi2017icarl' on page 2 undefined on inpu
t line 439.


Package natbib Warning: Citation `chaudhry2018efficient' on page 2 undefined on
 input line 439.


Package natbib Warning: Citation `yang2020distilling' on page 2 undefined on in
put line 441.


Package natbib Warning: Citation `Ye_2019_CVPR' on page 2 undefined on input li
ne 441.


Package natbib Warning: Citation `ShenAAAI19' on page 2 undefined on input line
 441.


Package natbib Warning: Citation `robins1995catastrophic' on page 2 undefined o
n input line 445.


Package natbib Warning: Citation `shin2017continual' on page 2 undefined on inp
ut line 446.


Package natbib Warning: Citation `nguyen2017variational' on page 2 undefined on
 input line 446.


Package natbib Warning: Citation `MER' on page 2 undefined on input line 447.


Package natbib Warning: Citation `javed2019meta' on page 2 undefined on input l
ine 447.


Package natbib Warning: Citation `aljundi2019gradient' on page 2 undefined on i
nput line 447.


Package natbib Warning: Citation `kirkpatrick2017overcoming' on page 2 undefine
d on input line 453.


Package natbib Warning: Citation `zenke2017continual' on page 2 undefined on in
put line 455.


Package natbib Warning: Citation `lee2017overcoming' on page 2 undefined on inp
ut line 455.


Package natbib Warning: Citation `li2017learning' on page 2 undefined on input 
line 455.


Package natbib Warning: Citation `aljundi2018memory' on page 2 undefined on inp
ut line 455.


Package natbib Warning: Citation `mallya2018packnet' on page 2 undefined on inp
ut line 455.


Package natbib Warning: Citation `french1994dynamically' on page 2 undefined on
 input line 459.


Package natbib Warning: Citation `chen2015net2net' on page 2 undefined on input
 line 459.


Package natbib Warning: Citation `rusu2016progressive' on page 2 undefined on i
nput line 459.


Package natbib Warning: Citation `schwarz2018progress' on page 2 undefined on i
nput line 459.


Package natbib Warning: Citation `serra2018overcoming' on page 2 undefined on i
nput line 459.


Package natbib Warning: Citation `kipf2016semi' on page 2 undefined on input li
ne 530.


Package natbib Warning: Citation `velivckovic2017graph' on page 2 undefined on 
input line 535.

[2]

Package natbib Warning: Citation `xu2018powerful' on page 3 undefined on input 
line 545.


Package natbib Warning: Citation `zenke2017continual' on page 3 undefined on in
put line 620.

[3 <./Figures/overview.pdf>]
<./Figures/att_gnn.pdf, id=189, 322.20375pt x 126.4725pt>
File: ./Figures/att_gnn.pdf Graphic file (type pdf)
<use ./Figures/att_gnn.pdf>
Package pdftex.def Info: ./Figures/att_gnn.pdf  used on input line 833.
(pdftex.def)             Requested size: 177.06458pt x 69.50412pt.


LaTeX Warning: No positions in optional float specifier.
               Default added (so using `tbp') on input line 876.

[4]

Package natbib Warning: Citation `bojchevski2017deep' on page 5 undefined on in
put line 948.


Package natbib Warning: Citation `mcauley2015image' on page 5 undefined on inpu
t line 948.


Package natbib Warning: Citation `zitnik2017predicting' on page 5 undefined on 
input line 960.


Package natbib Warning: Citation `hamilton2017inductive' on page 5 undefined on
 input line 962.


Package natbib Warning: Citation `hamilton2017inductive' on page 5 undefined on
 input line 964.


Package natbib Warning: Citation `huang2014profiling' on page 5 undefined on in
put line 979.


Package natbib Warning: Citation `girshick2014rich' on page 5 undefined on inpu
t line 993.


Package natbib Warning: Citation `li2017learning' on page 5 undefined on input 
line 994.


Package natbib Warning: Citation `kirkpatrick2017overcoming' on page 5 undefine
d on input line 994.


Package natbib Warning: Citation `aljundi2018memory' on page 5 undefined on inp
ut line 995.


Package natbib Warning: Citation `lopez2017gradient' on page 5 undefined on inp
ut line 995.


Package natbib Warning: Citation `caruana1997multitask' on page 5 undefined on 
input line 998.


Package natbib Warning: Citation `lopez2017gradient' on page 5 undefined on inp
ut line 1018.


Package natbib Warning: Citation `velivckovic2017graph' on page 5 undefined on 
input line 1050.


Package natbib Warning: Citation `kipf2016semi' on page 5 undefined on input li
ne 1051.


Package natbib Warning: Citation `xu2018powerful' on page 5 undefined on input 
line 1052.

[5 <./Figures/att_gnn.pdf>]
<./Figures/training1.pdf, id=256, 870.25125pt x 719.68875pt>
File: ./Figures/training1.pdf Graphic file (type pdf)
<use ./Figures/training1.pdf>
Package pdftex.def Info: ./Figures/training1.pdf  used on input line 1137.
(pdftex.def)             Requested size: 252.94499pt x 209.17659pt.

Overfull \hbox (13.55061pt too wide) in paragraph at lines 1137--1144
 [][] 
 []

<./Figures/FIRST.pdf, id=257, 1878.01625pt x 361.35pt>
File: ./Figures/FIRST.pdf Graphic file (type pdf)
<use ./Figures/FIRST.pdf>
Package pdftex.def Info: ./Figures/FIRST.pdf  used on input line 1154.
(pdftex.def)             Requested size: 505.89pt x 97.33423pt.
<./Figures/MEAN.pdf, id=258, 1876.00874pt x 362.35374pt>
File: ./Figures/MEAN.pdf Graphic file (type pdf)
<use ./Figures/MEAN.pdf>
Package pdftex.def Info: ./Figures/MEAN.pdf  used on input line 1165.
(pdftex.def)             Requested size: 505.89pt x 97.70964pt.
<./Figures/tox.pdf, id=259, 1123.19624pt x 440.64626pt>
File: ./Figures/tox.pdf Graphic file (type pdf)
<use ./Figures/tox.pdf>
Package pdftex.def Info: ./Figures/tox.pdf  used on input line 1177.
(pdftex.def)             Requested size: 242.82503pt x 95.26154pt.

Overfull \hbox (3.43065pt too wide) in paragraph at lines 1177--1183
 [][] 
 []


LaTeX Warning: `!h' float specifier changed to `!ht'.


LaTeX Warning: `!h' float specifier changed to `!ht'.

[6 <./Figures/training1.pdf>]

LaTeX Warning: `!h' float specifier changed to `!ht'.

No file AAAI2021_changed.bbl.
[7 <./Figures/FIRST.pdf> <./Figures/MEAN.pdf> <./Figures/tox.pdf>]

Package natbib Warning: There were undefined citations.

[8

] (AAAI2021_changed.aux)
 ***********
LaTeX2e <2023-06-01> patch level 1
L3 programming layer <2023-08-29>
 ***********
 ) 
Here is how much of TeX's memory you used:
 6514 strings out of 475247
 106006 string characters out of 5757792
 1964801 words of memory out of 5000000
 27923 multiletter control sequences out of 15000+600000
 586720 words of font info for 103 fonts, out of 8000000 for 9000
 1141 hyphenation exceptions out of 8191
 57i,19n,65p,589b,429s stack positions out of 10000i,1000n,20000p,200000b,200000s
<C:/Users/micha/AppData/Local/Programs/MiKTeX/fonts/type1/public/amsfonts/cm/
cmex10.pfb><C:/Users/micha/AppData/Local/Programs/MiKTeX/fonts/type1/public/ams
fonts/cm/cmmi10.pfb><C:/Users/micha/AppData/Local/Programs/MiKTeX/fonts/type1/p
ublic/amsfonts/cm/cmmi5.pfb><C:/Users/micha/AppData/Local/Programs/MiKTeX/fonts
/type1/public/amsfonts/cm/cmmi7.pfb><C:/Users/micha/AppData/Local/Programs/MiKT
eX/fonts/type1/public/amsfonts/cm/cmmib10.pfb><C:/Users/micha/AppData/Local/Pro
grams/MiKTeX/fonts/type1/public/amsfonts/cmextra/cmmib7.pfb><C:/Users/micha/App
Data/Local/Programs/MiKTeX/fonts/type1/public/amsfonts/cm/cmr10.pfb><C:/Users/m
icha/AppData/Local/Programs/MiKTeX/fonts/type1/public/amsfonts/cm/cmr7.pfb><C:/
Users/micha/AppData/Local/Programs/MiKTeX/fonts/type1/public/amsfonts/cm/cmsy10
.pfb><C:/Users/micha/AppData/Local/Programs/MiKTeX/fonts/type1/public/amsfonts/
cm/cmsy5.pfb><C:/Users/micha/AppData/Local/Programs/MiKTeX/fonts/type1/public/a
msfonts/cm/cmsy7.pfb><C:/Users/micha/AppData/Local/Programs/MiKTeX/fonts/type1/
urw/times/utmb8a.pfb><C:/Users/micha/AppData/Local/Programs/MiKTeX/fonts/type1/
urw/times/utmr8a.pfb><C:/Users/micha/AppData/Local/Programs/MiKTeX/fonts/type1/
urw/times/utmri8a.pfb>
Output written on AAAI2021_changed.pdf (8 pages, 2569763 bytes).
PDF statistics:
 625 PDF objects out of 1000 (max. 8388607)
 0 named destinations out of 1000 (max. 500000)
 36 words of extra memory for PDF output out of 10000 (max. 10000000)

