This is pdfTeX, Version 3.141592653-2.6-1.40.25 (MiKTeX 23.9) (preloaded format=pdflatex 2023.9.22)  30 MAR 2024 17:36
entering extended mode
 restricted \write18 enabled.
 %&-line parsing enabled.
**./aaai16_coral_changed.tex
(aaai16_coral_changed.tex
LaTeX2e <2023-06-01> patch level 1
L3 programming layer <2023-08-29>
(C:\Users\micha\AppData\Local\Programs\MiKTeX\tex/latex/base\article.cls
Document Class: article 2023/05/17 v1.4n Standard LaTeX document class
(C:\Users\micha\AppData\Local\Programs\MiKTeX\tex/latex/base\size10.clo
File: size10.clo 2023/05/17 v1.4n Standard LaTeX file (size option)
)
\c@part=\count185
\c@section=\count186
\c@subsection=\count187
\c@subsubsection=\count188
\c@paragraph=\count189
\c@subparagraph=\count190
\c@figure=\count191
\c@table=\count192
\abovecaptionskip=\skip48
\belowcaptionskip=\skip49
\bibindent=\dimen140
)
(aaai16.sty
Conference Style for AAAI for LaTeX 2e -- version of 1 January 2016
\titlebox=\skip50
) (C:\Users\micha\AppData\Local\Programs\MiKTeX\tex/latex/psnfss\times.sty
Package: times 2020/03/25 PSNFSS-v9.3 (SPQR) 
)
(C:\Users\micha\AppData\Local\Programs\MiKTeX\tex/latex/psnfss\helvet.sty
Package: helvet 2020/03/25 PSNFSS-v9.3 (WaS) 

(C:\Users\micha\AppData\Local\Programs\MiKTeX\tex/latex/graphics\keyval.sty
Package: keyval 2022/05/29 v1.15 key=value parser (DPC)
\KV@toks@=\toks17
))
(C:\Users\micha\AppData\Local\Programs\MiKTeX\tex/latex/psnfss\courier.sty
Package: courier 2020/03/25 PSNFSS-v9.3 (WaS) 
)
(C:\Users\micha\AppData\Local\Programs\MiKTeX\tex/latex/graphics\color.sty
Package: color 2022/01/06 v1.3d Standard LaTeX Color (DPC)

(C:\Users\micha\AppData\Local\Programs\MiKTeX\tex/latex/graphics-cfg\color.cfg
File: color.cfg 2016/01/02 v1.6 sample color configuration
)
Package color Info: Driver file: pdftex.def on input line 149.

(C:\Users\micha\AppData\Local\Programs\MiKTeX\tex/latex/graphics-def\pdftex.def
File: pdftex.def 2022/09/22 v1.2b Graphics/color driver for pdftex
)
(C:\Users\micha\AppData\Local\Programs\MiKTeX\tex/latex/graphics\mathcolor.ltx)
) (C:\Users\micha\AppData\Local\Programs\MiKTeX\tex/latex/url\url.sty
\Urlmuskip=\muskip16
Package: url 2013/09/16  ver 3.4  Verb mode for urls, etc.
)
(C:\Users\micha\AppData\Local\Programs\MiKTeX\tex/latex/amsmath\amsmath.sty
Package: amsmath 2023/05/13 v2.17o AMS math features
\@mathmargin=\skip51

For additional information on amsmath, use the `?' option.
(C:\Users\micha\AppData\Local\Programs\MiKTeX\tex/latex/amsmath\amstext.sty
Package: amstext 2021/08/26 v2.01 AMS text

(C:\Users\micha\AppData\Local\Programs\MiKTeX\tex/latex/amsmath\amsgen.sty
File: amsgen.sty 1999/11/30 v2.0 generic functions
\@emptytoks=\toks18
\ex@=\dimen141
))
(C:\Users\micha\AppData\Local\Programs\MiKTeX\tex/latex/amsmath\amsbsy.sty
Package: amsbsy 1999/11/29 v1.2d Bold Symbols
\pmbraise@=\dimen142
)
(C:\Users\micha\AppData\Local\Programs\MiKTeX\tex/latex/amsmath\amsopn.sty
Package: amsopn 2022/04/08 v2.04 operator names
)
\inf@bad=\count193
LaTeX Info: Redefining \frac on input line 234.
\uproot@=\count194
\leftroot@=\count195
LaTeX Info: Redefining \overline on input line 399.
LaTeX Info: Redefining \colon on input line 410.
\classnum@=\count196
\DOTSCASE@=\count197
LaTeX Info: Redefining \ldots on input line 496.
LaTeX Info: Redefining \dots on input line 499.
LaTeX Info: Redefining \cdots on input line 620.
\Mathstrutbox@=\box51
\strutbox@=\box52
LaTeX Info: Redefining \big on input line 722.
LaTeX Info: Redefining \Big on input line 723.
LaTeX Info: Redefining \bigg on input line 724.
LaTeX Info: Redefining \Bigg on input line 725.
\big@size=\dimen143
LaTeX Font Info:    Redeclaring font encoding OML on input line 743.
LaTeX Font Info:    Redeclaring font encoding OMS on input line 744.
\macc@depth=\count198
LaTeX Info: Redefining \bmod on input line 905.
LaTeX Info: Redefining \pmod on input line 910.
LaTeX Info: Redefining \smash on input line 940.
LaTeX Info: Redefining \relbar on input line 970.
LaTeX Info: Redefining \Relbar on input line 971.
\c@MaxMatrixCols=\count199
\dotsspace@=\muskip17
\c@parentequation=\count266
\dspbrk@lvl=\count267
\tag@help=\toks19
\row@=\count268
\column@=\count269
\maxfields@=\count270
\andhelp@=\toks20
\eqnshift@=\dimen144
\alignsep@=\dimen145
\tagshift@=\dimen146
\tagwidth@=\dimen147
\totwidth@=\dimen148
\lineht@=\dimen149
\@envbody=\toks21
\multlinegap=\skip52
\multlinetaggap=\skip53
\mathdisplay@stack=\toks22
LaTeX Info: Redefining \[ on input line 2953.
LaTeX Info: Redefining \] on input line 2954.
)
(C:\Users\micha\AppData\Local\Programs\MiKTeX\tex/latex/amsfonts\amssymb.sty
Package: amssymb 2013/01/14 v3.01 AMS font symbols

(C:\Users\micha\AppData\Local\Programs\MiKTeX\tex/latex/amsfonts\amsfonts.sty
Package: amsfonts 2013/01/14 v3.01 Basic AMSFonts support
\symAMSa=\mathgroup4
\symAMSb=\mathgroup5
LaTeX Font Info:    Redeclaring math symbol \hbar on input line 98.
LaTeX Font Info:    Overwriting math alphabet `\mathfrak' in version `bold'
(Font)                  U/euf/m/n --> U/euf/b/n on input line 106.
)) (C:\Users\micha\AppData\Local\Programs\MiKTeX\tex/latex/amscls\amsthm.sty
Package: amsthm 2020/05/29 v2.20.6
\thm@style=\toks23
\thm@bodyfont=\toks24
\thm@headfont=\toks25
\thm@notefont=\toks26
\thm@headpunct=\toks27
\thm@preskip=\skip54
\thm@postskip=\skip55
\thm@headsep=\skip56
\dth@everypar=\toks28
)
(C:\Users\micha\AppData\Local\Programs\MiKTeX\tex/latex/tools\array.sty
Package: array 2022/09/04 v2.5g Tabular extension package (FMi)
\col@sep=\dimen150
\ar@mcellbox=\box53
\extrarowheight=\dimen151
\NC@list=\toks29
\extratabsurround=\skip57
\backup@length=\skip58
\ar@cellbox=\box54
)
(C:\Users\micha\AppData\Local\Programs\MiKTeX\tex/latex/wrapfig\wrapfig.sty
\wrapoverhang=\dimen152
\WF@size=\dimen153
\c@WF@wrappedlines=\count271
\WF@box=\box55
\WF@everypar=\toks30
Package: wrapfig 2003/01/31  v 3.6
)
(algorithm.sty
Package: algorithm 

Document Style `algorithm' - floating environment
(C:\Users\micha\AppData\Local\Programs\MiKTeX\tex/latex/float\float.sty
Package: float 2001/11/08 v1.3d Float enhancements (AL)
\c@float@type=\count272
\float@exts=\toks31
\float@box=\box56
\@float@everytoks=\toks32
\@floatcapt=\box57
)
(C:\Users\micha\AppData\Local\Programs\MiKTeX\tex/latex/base\ifthen.sty
Package: ifthen 2022/04/13 v1.1d Standard LaTeX ifthen package (DPC)
)
\@float@every@algorithm=\toks33
\c@algorithm=\count273
)
(algorithmic.sty
Package: algorithmic 2005/07/05

Document Style `algorithmic' - environment
(C:\Users\micha\AppData\Local\Programs\MiKTeX\tex/latex/tools\calc.sty
Package: calc 2017/05/25 v4.3 Infix arithmetic (KKT,FJ)
\calc@Acount=\count274
\calc@Bcount=\count275
\calc@Adimen=\dimen154
\calc@Bdimen=\dimen155
\calc@Askip=\skip59
\calc@Bskip=\skip60
LaTeX Info: Redefining \setlength on input line 80.
LaTeX Info: Redefining \addtolength on input line 81.
\calc@Ccount=\count276
\calc@Cskip=\skip61
)
\c@ALC@line=\count277
\c@ALC@rem=\count278
\c@ALC@depth=\count279
\ALC@tlm=\skip62
\algorithmicindent=\skip63
)
(C:\Users\micha\AppData\Local\Programs\MiKTeX\tex/latex/graphics\graphicx.sty
Package: graphicx 2021/09/16 v1.2d Enhanced LaTeX Graphics (DPC,SPQR)

(C:\Users\micha\AppData\Local\Programs\MiKTeX\tex/latex/graphics\graphics.sty
Package: graphics 2022/03/10 v1.4e Standard LaTeX Graphics (DPC,SPQR)

(C:\Users\micha\AppData\Local\Programs\MiKTeX\tex/latex/graphics\trig.sty
Package: trig 2021/08/11 v1.11 sin cos tan (DPC)
)
(C:\Users\micha\AppData\Local\Programs\MiKTeX\tex/latex/graphics-cfg\graphics.c
fg
File: graphics.cfg 2016/06/04 v1.11 sample graphics configuration
)
Package graphics Info: Driver file: pdftex.def on input line 107.
)
\Gin@req@height=\dimen156
\Gin@req@width=\dimen157
)
\c@theorem=\count280
\c@lemma=\count281
\c@case=\count282

(C:\Users\micha\AppData\Local\Programs\MiKTeX\tex/latex/epigraph\epigraph.sty
Package: epigraph 2020/01/02 v1.5e typesetting epigraphs

(C:\Users\micha\AppData\Local\Programs\MiKTeX\tex/latex/nextpage\nextpage.sty
Package: nextpage 2009/09/03 v1.1a additional page commands
)
\beforeepigraphskip=\skip64
\afterepigraphskip=\skip65
\epigraphwidth=\skip66
\epigraphrule=\skip67
) (C:\Users\micha\AppData\Local\Programs\MiKTeX\tex/latex/tools\bm.sty
Package: bm 2022/01/05 v1.2f Bold Symbol Support (DPC/FMi)
\symboldoperators=\mathgroup6
\symboldletters=\mathgroup7
\symboldsymbols=\mathgroup8
Package bm Info: No bold for \OMX/cmex/m/n, using \pmb.
Package bm Info: No bold for \U/msa/m/n, using \pmb.
Package bm Info: No bold for \U/msb/m/n, using \pmb.
LaTeX Font Info:    Redeclaring math alphabet \mathbf on input line 149.
)
LaTeX Font Info:    Trying to load font information for OT1+ptm on input line 5
7.

(C:\Users\micha\AppData\Local\Programs\MiKTeX\tex/latex/psnfss\ot1ptm.fd
File: ot1ptm.fd 2001/06/04 font definitions for OT1/ptm.
)
(C:\Users\micha\AppData\Local\Programs\MiKTeX\tex/latex/l3backend\l3backend-pdf
tex.def
File: l3backend-pdftex.def 2023-04-19 L3 backend support: PDF output (pdfTeX)
\l__color_backend_stack_int=\count283
\l__pdf_internal_box=\box58
) (aaai16_coral_changed.aux)
\openout1 = `aaai16_coral_changed.aux'.

LaTeX Font Info:    Checking defaults for OML/cmm/m/it on input line 57.
LaTeX Font Info:    ... okay on input line 57.
LaTeX Font Info:    Checking defaults for OMS/cmsy/m/n on input line 57.
LaTeX Font Info:    ... okay on input line 57.
LaTeX Font Info:    Checking defaults for OT1/cmr/m/n on input line 57.
LaTeX Font Info:    ... okay on input line 57.
LaTeX Font Info:    Checking defaults for T1/cmr/m/n on input line 57.
LaTeX Font Info:    ... okay on input line 57.
LaTeX Font Info:    Checking defaults for TS1/cmr/m/n on input line 57.
LaTeX Font Info:    ... okay on input line 57.
LaTeX Font Info:    Checking defaults for OMX/cmex/m/n on input line 57.
LaTeX Font Info:    ... okay on input line 57.
LaTeX Font Info:    Checking defaults for U/cmr/m/n on input line 57.
LaTeX Font Info:    ... okay on input line 57.

(C:\Users\micha\AppData\Local\Programs\MiKTeX\tex/context/base/mkii\supp-pdf.mk
ii
[Loading MPS to PDF converter (version 2006.09.02).]
\scratchcounter=\count284
\scratchdimen=\dimen158
\scratchbox=\box59
\nofMPsegments=\count285
\nofMParguments=\count286
\everyMPshowfont=\toks34
\MPscratchCnt=\count287
\MPscratchDim=\dimen159
\MPnumerator=\count288
\makeMPintoPDFobject=\count289
\everyMPtoPDFconversion=\toks35
)
(C:\Users\micha\AppData\Local\Programs\MiKTeX\tex/latex/epstopdf-pkg\epstopdf-b
ase.sty
Package: epstopdf-base 2020-01-24 v2.11 Base part for package epstopdf
Package epstopdf-base Info: Redefining graphics rule for `.eps' on input line 4
85.

(C:\Users\micha\AppData\Local\Programs\MiKTeX\tex/latex/00miktex\epstopdf-sys.c
fg
File: epstopdf-sys.cfg 2021/03/18 v2.0 Configuration of epstopdf for MiKTeX
))
LaTeX Font Info:    Trying to load font information for U+msa on input line 60.

 (C:\Users\micha\AppData\Local\Programs\MiKTeX\tex/latex/amsfonts\umsa.fd
File: umsa.fd 2013/01/14 v3.01 AMS symbols A
)
LaTeX Font Info:    Trying to load font information for U+msb on input line 60.


(C:\Users\micha\AppData\Local\Programs\MiKTeX\tex/latex/amsfonts\umsb.fd
File: umsb.fd 2013/01/14 v3.01 AMS symbols B
)
LaTeX Font Info:    Trying to load font information for OT1+pcr on input line 6
0.

(C:\Users\micha\AppData\Local\Programs\MiKTeX\tex/latex/psnfss\ot1pcr.fd
File: ot1pcr.fd 2001/06/04 font definitions for OT1/pcr.
)

LaTeX Warning: Citation `bendavid' on page 1 undefined on input line 74.


LaTeX Warning: Citation `Blitzer07Biographies' on page 1 undefined on input lin
e 74.


LaTeX Warning: Citation `saenko2010adapting' on page 1 undefined on input line 
74.


LaTeX Warning: Citation `efros-cvpr11' on page 1 undefined on input line 74.


LaTeX Warning: Citation `decaf' on page 1 undefined on input line 74.


LaTeX Warning: Citation `decaf' on page 1 undefined on input line 74.


LaTeX Warning: Citation `daume' on page 1 undefined on input line 78.


LaTeX Warning: Citation `daume' on page 1 undefined on input line 78.

<images/shift.pdf, id=1, 1047.915pt x 433.62pt>
File: images/shift.pdf Graphic file (type pdf)
<use images/shift.pdf>
Package pdftex.def Info: images/shift.pdf  used on input line 85.
(pdftex.def)             Requested size: 239.39438pt x 99.05562pt.

LaTeX Warning: Citation `alexnet' on page 1 undefined on input line 92.


LaTeX Warning: Citation `tzeng_arxiv15' on page 1 undefined on input line 93.


LaTeX Warning: Citation `reversegrad' on page 1 undefined on input line 93.


LaTeX Warning: Citation `dan_long15' on page 1 undefined on input line 93.


Underfull \vbox (badness 1975) has occurred while \output is active []

 [1{C:/Users/micha/AppData/Local/MiKTeX/fonts/map/pdftex/pdftex.map}{C:/Users/m
icha/AppData/Local/Programs/MiKTeX/fonts/enc/dvips/base/8r.enc}



 <./images/shift.pdf>]

LaTeX Warning: Citation `Blitzer07Biographies' on page 2 undefined on input lin
e 99.


LaTeX Warning: Citation `gopalan-iccv11' on page 2 undefined on input line 99.


LaTeX Warning: Citation `bmvc' on page 2 undefined on input line 99.


LaTeX Warning: Citation `yang_icdm07' on page 2 undefined on input line 100.


LaTeX Warning: Citation `mmd' on page 2 undefined on input line 100.


LaTeX Warning: Citation `saenko2010adapting' on page 2 undefined on input line 
100.


LaTeX Warning: Citation `daume' on page 2 undefined on input line 101.


LaTeX Warning: Citation `jiang-zhai07' on page 2 undefined on input line 104.


LaTeX Warning: Citation `huang_nips06' on page 2 undefined on input line 104.


LaTeX Warning: Citation `dict_1' on page 2 undefined on input line 104.


LaTeX Warning: Citation `dict_2' on page 2 undefined on input line 104.


LaTeX Warning: Citation `gopalan-iccv11' on page 2 undefined on input line 105.



LaTeX Warning: Citation `gfk' on page 2 undefined on input line 105.


LaTeX Warning: Citation `long_cvpr' on page 2 undefined on input line 105.


LaTeX Warning: Citation `Sp_CVPR15' on page 2 undefined on input line 105.


LaTeX Warning: Citation `gopalan-iccv11' on page 2 undefined on input line 105.



LaTeX Warning: Citation `gfk' on page 2 undefined on input line 105.


LaTeX Warning: Citation `outlooks' on page 2 undefined on input line 105.


LaTeX Warning: Citation `sasb' on page 2 undefined on input line 105.


LaTeX Warning: Citation `chopra2013dlid' on page 2 undefined on input line 107.



LaTeX Warning: Citation `reversegrad' on page 2 undefined on input line 107.


LaTeX Warning: Citation `dan_long15' on page 2 undefined on input line 107.


LaTeX Warning: Citation `tzeng_arxiv15' on page 2 undefined on input line 107.

<images/mainidea3d.pdf, id=42, 1047.915pt x 975.645pt>
File: images/mainidea3d.pdf Graphic file (type pdf)
<use images/mainidea3d.pdf>
Package pdftex.def Info: images/mainidea3d.pdf  used on input line 114.
(pdftex.def)             Requested size: 239.39438pt x 222.87514pt.
[2 <./images/mainidea3d.pdf>]

LaTeX Warning: Citation `outlooks' on page 3 undefined on input line 138.


LaTeX Warning: Citation `gfk' on page 3 undefined on input line 138.


LaTeX Warning: Citation `sasb' on page 3 undefined on input line 138.


LaTeX Warning: Citation `who' on page 3 undefined on input line 138.


LaTeX Warning: Citation `SVT' on page 3 undefined on input line 139.


Underfull \hbox (badness 1072) in paragraph at lines 155--156
\OML/cmm/m/it/10 U[][][][]$ \OT1/ptm/m/it/10 is the op-ti-mal so-lu-tion to Equ
a-
 []


Underfull \hbox (badness 1292) in paragraph at lines 170--172
\OT1/ptm/m/n/10 hand side of the above equa-tion can be re-written as
 []

<images/sensitivity.pdf, id=90, 564.98376pt x 341.34567pt>
File: images/sensitivity.pdf Graphic file (type pdf)
<use images/sensitivity.pdf>
Package pdftex.def Info: images/sensitivity.pdf  used on input line 194.
(pdftex.def)             Requested size: 143.63808pt x 86.77896pt.
LaTeX Font Info:    Trying to load font information for OMS+ptm on input line 1
96.
(C:\Users\micha\AppData\Local\Programs\MiKTeX\tex/latex/psnfss\omsptm.fd
File: omsptm.fd 
)
LaTeX Font Info:    Font shape `OMS/ptm/m/n' in size <9> not available
(Font)              Font shape `OMS/cmsy/m/n' tried instead on input line 196.


LaTeX Warning: Citation `outlooks' on page 3 undefined on input line 215.


LaTeX Warning: Citation `sasb' on page 3 undefined on input line 215.

[3 <./images/sensitivity.pdf>]

LaTeX Warning: Citation `batchnorm' on page 4 undefined on input line 226.


LaTeX Warning: Citation `gopalan-iccv11' on page 4 undefined on input line 229.



LaTeX Warning: Citation `gfk' on page 4 undefined on input line 229.


LaTeX Warning: Citation `sasb' on page 4 undefined on input line 229.


LaTeX Warning: Citation `outlooks' on page 4 undefined on input line 229.


LaTeX Warning: Citation `outlooks' on page 4 undefined on input line 229.


LaTeX Warning: Citation `sasb' on page 4 undefined on input line 229.


LaTeX Warning: Citation `tca' on page 4 undefined on input line 232.


LaTeX Warning: Citation `dan_long15' on page 4 undefined on input line 232.


LaTeX Warning: Citation `ref:kulis_cvpr11' on page 4 undefined on input line 23
3.


LaTeX Warning: Citation `outlooks' on page 4 undefined on input line 233.


LaTeX Warning: Citation `sasb' on page 4 undefined on input line 233.


LaTeX Warning: Citation `batchnorm' on page 4 undefined on input line 236.


LaTeX Warning: Citation `alexnet' on page 4 undefined on input line 236.


LaTeX Warning: Citation `saenko2010adapting' on page 4 undefined on input line 
241.


LaTeX Warning: Citation `Blitzer07Biographies' on page 4 undefined on input lin
e 241.


LaTeX Warning: Citation `sasb' on page 4 undefined on input line 243.


LaTeX Warning: Citation `decaf' on page 4 undefined on input line 243.


LaTeX Warning: Citation `sasb' on page 4 undefined on input line 243.


LaTeX Warning: Citation `saenko2010adapting' on page 4 undefined on input line 
248.


LaTeX Warning: Citation `gfk' on page 4 undefined on input line 248.


LaTeX Warning: Citation `cross_dataset' on page 4 undefined on input line 248.

[4]

LaTeX Warning: Citation `gfk' on page 5 undefined on input line 273.


LaTeX Warning: Citation `gfk' on page 5 undefined on input line 273.


LaTeX Warning: Citation `sasb' on page 5 undefined on input line 273.


LaTeX Warning: Citation `gopalan-iccv11' on page 5 undefined on input line 273.



LaTeX Warning: Citation `ref:kulis_cvpr11' on page 5 undefined on input line 27
3.


LaTeX Warning: Citation `saenko2010adapting' on page 5 undefined on input line 
273.


LaTeX Warning: Citation `gfk' on page 5 undefined on input line 273.


LaTeX Warning: Citation `gfk' on page 5 undefined on input line 273.


LaTeX Warning: Citation `sasb' on page 5 undefined on input line 273.


LaTeX Warning: Citation `gopalan-iccv11' on page 5 undefined on input line 273.



LaTeX Warning: Citation `ref:kulis_cvpr11' on page 5 undefined on input line 27
3.


LaTeX Warning: Citation `saenko2010adapting' on page 5 undefined on input line 
273.


LaTeX Warning: Citation `gfk' on page 5 undefined on input line 279.


LaTeX Warning: Citation `sasb' on page 5 undefined on input line 279.


LaTeX Warning: Citation `gopalan-iccv11' on page 5 undefined on input line 279.



LaTeX Warning: Citation `ref:kulis_cvpr11' on page 5 undefined on input line 27
9.


LaTeX Warning: Citation `saenko2010adapting' on page 5 undefined on input line 
279.


LaTeX Warning: Citation `gfk' on page 5 undefined on input line 280.


LaTeX Warning: Citation `sasb' on page 5 undefined on input line 280.


LaTeX Warning: Citation `gopalan-iccv11' on page 5 undefined on input line 280.



LaTeX Warning: Citation `ref:kulis_cvpr11' on page 5 undefined on input line 28
0.


LaTeX Warning: Citation `saenko2010adapting' on page 5 undefined on input line 
280.


LaTeX Warning: Citation `svma' on page 5 undefined on input line 282.


LaTeX Warning: Citation `ref:duan09' on page 5 undefined on input line 282.


LaTeX Warning: Citation `gfk' on page 5 undefined on input line 282.


LaTeX Warning: Citation `sasb' on page 5 undefined on input line 282.


LaTeX Warning: Citation `tca' on page 5 undefined on input line 282.


LaTeX Warning: Citation `decaf' on page 5 undefined on input line 285.


LaTeX Warning: Citation `tzeng_arxiv15' on page 5 undefined on input line 285.


LaTeX Warning: Citation `dan_long15' on page 5 undefined on input line 285.


LaTeX Warning: Citation `reversegrad' on page 5 undefined on input line 285.


LaTeX Warning: Citation `chopra2013dlid' on page 5 undefined on input line 285.



LaTeX Warning: Citation `DANN' on page 5 undefined on input line 285.


LaTeX Warning: Citation `da_nbnn' on page 5 undefined on input line 285.


LaTeX Warning: Citation `decaf' on page 5 undefined on input line 285.


LaTeX Warning: Citation `alexnet' on page 5 undefined on input line 285.


LaTeX Warning: Citation `imagenet' on page 5 undefined on input line 285.


LaTeX Warning: Citation `tzeng_arxiv15' on page 5 undefined on input line 285.


LaTeX Warning: Citation `alexnet' on page 5 undefined on input line 285.


LaTeX Warning: Citation `dan_long15' on page 5 undefined on input line 287.


LaTeX Warning: Citation `reversegrad' on page 5 undefined on input line 287.


LaTeX Warning: Citation `decaf' on page 5 undefined on input line 289.


LaTeX Warning: Citation `tzeng_arxiv15' on page 5 undefined on input line 289.


LaTeX Warning: Citation `reversegrad' on page 5 undefined on input line 289.


LaTeX Warning: Citation `saenko2010adapting' on page 5 undefined on input line 
361.


LaTeX Warning: Citation `decaf' on page 5 undefined on input line 361.


LaTeX Warning: Citation `tzeng_arxiv15' on page 5 undefined on input line 361.


LaTeX Warning: Citation `reversegrad' on page 5 undefined on input line 361.


LaTeX Warning: Citation `saenko2010adapting' on page 5 undefined on input line 
361.


LaTeX Warning: Citation `decaf' on page 5 undefined on input line 361.


LaTeX Warning: Citation `tzeng_arxiv15' on page 5 undefined on input line 361.


LaTeX Warning: Citation `reversegrad' on page 5 undefined on input line 361.


LaTeX Warning: Citation `gfk' on page 5 undefined on input line 385.


LaTeX Warning: Citation `gfk' on page 5 undefined on input line 385.


LaTeX Warning: Citation `cross_dataset' on page 5 undefined on input line 410.


LaTeX Warning: Citation `cross_dataset' on page 5 undefined on input line 410.


LaTeX Warning: Citation `gong-icml13' on page 5 undefined on input line 440.


LaTeX Warning: Citation `Blitzer07Biographies' on page 5 undefined on input lin
e 440.


LaTeX Warning: Citation `gong-icml13' on page 5 undefined on input line 440.


LaTeX Warning: Citation `Blitzer07Biographies' on page 5 undefined on input lin
e 440.

[5]

LaTeX Warning: Citation `cross_dataset' on page 6 undefined on input line 451.


LaTeX Warning: Citation `caltech256' on page 6 undefined on input line 451.


LaTeX Warning: Citation `imagenet' on page 6 undefined on input line 451.


LaTeX Warning: Citation `sun_data' on page 6 undefined on input line 451.


LaTeX Warning: Citation `Blitzer07Biographies' on page 6 undefined on input lin
e 456.


LaTeX Warning: Citation `gong-icml13' on page 6 undefined on input line 456.


LaTeX Warning: Citation `gong-icml13' on page 6 undefined on input line 456.


LaTeX Warning: Citation `gong-icml13' on page 6 undefined on input line 456.


LaTeX Warning: Citation `tca' on page 6 undefined on input line 459.


LaTeX Warning: Citation `gopalan-iccv11' on page 6 undefined on input line 459.



LaTeX Warning: Citation `gfk' on page 6 undefined on input line 459.


LaTeX Warning: Citation `scl' on page 6 undefined on input line 459.


LaTeX Warning: Citation `huang_nips06' on page 6 undefined on input line 459.


Underfull \hbox (badness 1383) in paragraph at lines 458--460
\OT1/ptm/m/n/10 meth-ods: TCA ( \OT1/ptm/b/n/10 ?\OT1/ptm/m/n/10 ), GFS ( \OT1/
ptm/b/n/10 ?\OT1/ptm/m/n/10 ), GFK ( \OT1/ptm/b/n/10 ?\OT1/ptm/m/n/10 ), SCL ( 
\OT1/ptm/b/n/10 ?\OT1/ptm/m/n/10 ), and
 []


LaTeX Warning: Citation `deep_vis' on page 6 undefined on input line 463.

[6]
No file aaai16_coral_changed.bbl.

Underfull \vbox (badness 10000) has occurred while \output is active []

 [7]
[8

] (aaai16_coral_changed.aux)
 ***********
LaTeX2e <2023-06-01> patch level 1
L3 programming layer <2023-08-29>
 ***********
 ) 
Here is how much of TeX's memory you used:
 3849 strings out of 475247
 59661 string characters out of 5757792
 1982801 words of memory out of 5000000
 25267 multiletter control sequences out of 15000+600000
 590187 words of font info for 113 fonts, out of 8000000 for 9000
 1141 hyphenation exceptions out of 8191
 57i,11n,65p,2798b,351s stack positions out of 10000i,1000n,20000p,200000b,200000s
<C:/Users/micha/AppData/Local/Programs/MiKTeX/fonts/type1/public/amsfonts/cm/
cmbx10.pfb><C:/Users/micha/AppData/Local/Programs/MiKTeX/fonts/type1/public/ams
fonts/cm/cmmi10.pfb><C:/Users/micha/AppData/Local/Programs/MiKTeX/fonts/type1/p
ublic/amsfonts/cm/cmmi5.pfb><C:/Users/micha/AppData/Local/Programs/MiKTeX/fonts
/type1/public/amsfonts/cm/cmmi6.pfb><C:/Users/micha/AppData/Local/Programs/MiKT
eX/fonts/type1/public/amsfonts/cm/cmmi7.pfb><C:/Users/micha/AppData/Local/Progr
ams/MiKTeX/fonts/type1/public/amsfonts/cm/cmmi9.pfb><C:/Users/micha/AppData/Loc
al/Programs/MiKTeX/fonts/type1/public/amsfonts/cm/cmmib10.pfb><C:/Users/micha/A
ppData/Local/Programs/MiKTeX/fonts/type1/public/amsfonts/cm/cmr10.pfb><C:/Users
/micha/AppData/Local/Programs/MiKTeX/fonts/type1/public/amsfonts/cm/cmr5.pfb><C
:/Users/micha/AppData/Local/Programs/MiKTeX/fonts/type1/public/amsfonts/cm/cmr7
.pfb><C:/Users/micha/AppData/Local/Programs/MiKTeX/fonts/type1/public/amsfonts/
cm/cmr9.pfb><C:/Users/micha/AppData/Local/Programs/MiKTeX/fonts/type1/public/am
sfonts/cm/cmsy10.pfb><C:/Users/micha/AppData/Local/Programs/MiKTeX/fonts/type1/
public/amsfonts/cm/cmsy5.pfb><C:/Users/micha/AppData/Local/Programs/MiKTeX/font
s/type1/public/amsfonts/cm/cmsy6.pfb><C:/Users/micha/AppData/Local/Programs/MiK
TeX/fonts/type1/public/amsfonts/cm/cmsy7.pfb><C:/Users/micha/AppData/Local/Prog
rams/MiKTeX/fonts/type1/public/amsfonts/cm/cmsy9.pfb><C:/Users/micha/AppData/Lo
cal/Programs/MiKTeX/fonts/type1/public/amsfonts/symbols/msam10.pfb><C:/Users/mi
cha/AppData/Local/Programs/MiKTeX/fonts/type1/public/amsfonts/symbols/msbm10.pf
b><C:/Users/micha/AppData/Local/Programs/MiKTeX/fonts/type1/urw/courier/ucrr8a.
pfb><C:/Users/micha/AppData/Local/Programs/MiKTeX/fonts/type1/urw/times/utmb8a.
pfb><C:/Users/micha/AppData/Local/Programs/MiKTeX/fonts/type1/urw/times/utmr8a.
pfb><C:/Users/micha/AppData/Local/Programs/MiKTeX/fonts/type1/urw/times/utmri8a
.pfb>
Output written on aaai16_coral_changed.pdf (8 pages, 916008 bytes).
PDF statistics:
 240 PDF objects out of 1000 (max. 8388607)
 0 named destinations out of 1000 (max. 500000)
 16 words of extra memory for PDF output out of 10000 (max. 10000000)

