This is pdfTeX, Version 3.141592653-2.6-1.40.25 (MiKTeX 23.9) (preloaded format=pdflatex 2023.9.22)  30 MAR 2024 16:18
entering extended mode
 restricted \write18 enabled.
 %&-line parsing enabled.
**./gpuGENO_changed.tex
(gpuGENO_changed.tex
LaTeX2e <2023-06-01> patch level 1
L3 programming layer <2023-08-29>
(C:\Users\micha\AppData\Local\Programs\MiKTeX\tex/latex/base\article.cls
Document Class: article 2023/05/17 v1.4n Standard LaTeX document class
(C:\Users\micha\AppData\Local\Programs\MiKTeX\tex/latex/base\size10.clo
File: size10.clo 2023/05/17 v1.4n Standard LaTeX file (size option)
)
\c@part=\count185
\c@section=\count186
\c@subsection=\count187
\c@subsubsection=\count188
\c@paragraph=\count189
\c@subparagraph=\count190
\c@figure=\count191
\c@table=\count192
\abovecaptionskip=\skip48
\belowcaptionskip=\skip49
\bibindent=\dimen140
)
(C:\Users\micha\AppData\Local\Programs\MiKTeX\tex/latex/geometry\geometry.sty
Package: geometry 2020/01/02 v5.9 Page Geometry

(C:\Users\micha\AppData\Local\Programs\MiKTeX\tex/latex/graphics\keyval.sty
Package: keyval 2022/05/29 v1.15 key=value parser (DPC)
\KV@toks@=\toks17
)
(C:\Users\micha\AppData\Local\Programs\MiKTeX\tex/generic/iftex\ifvtex.sty
Package: ifvtex 2019/10/25 v1.7 ifvtex legacy package. Use iftex instead.

(C:\Users\micha\AppData\Local\Programs\MiKTeX\tex/generic/iftex\iftex.sty
Package: iftex 2022/02/03 v1.0f TeX engine tests
))
\Gm@cnth=\count193
\Gm@cntv=\count194
\c@Gm@tempcnt=\count195
\Gm@bindingoffset=\dimen141
\Gm@wd@mp=\dimen142
\Gm@odd@mp=\dimen143
\Gm@even@mp=\dimen144
\Gm@layoutwidth=\dimen145
\Gm@layoutheight=\dimen146
\Gm@layouthoffset=\dimen147
\Gm@layoutvoffset=\dimen148
\Gm@dimlist=\toks18

(C:\Users\micha\AppData\Local\Programs\MiKTeX\tex/latex/geometry\geometry.cfg))
(aaai22.sty
Conference Style for AAAI for LaTeX 2e -- version for the AAAI-22 conference
\titlebox=\skip50
) (C:\Users\micha\AppData\Local\Programs\MiKTeX\tex/latex/psnfss\times.sty
Package: times 2020/03/25 PSNFSS-v9.3 (SPQR) 
)
(C:\Users\micha\AppData\Local\Programs\MiKTeX\tex/latex/psnfss\helvet.sty
Package: helvet 2020/03/25 PSNFSS-v9.3 (WaS) 
)
(C:\Users\micha\AppData\Local\Programs\MiKTeX\tex/latex/psnfss\courier.sty
Package: courier 2020/03/25 PSNFSS-v9.3 (WaS) 
)
(C:\Users\micha\AppData\Local\Programs\MiKTeX\tex/latex/url\url.sty
\Urlmuskip=\muskip16
Package: url 2013/09/16  ver 3.4  Verb mode for urls, etc.
)
(C:\Users\micha\AppData\Local\Programs\MiKTeX\tex/latex/graphics\graphicx.sty
Package: graphicx 2021/09/16 v1.2d Enhanced LaTeX Graphics (DPC,SPQR)

(C:\Users\micha\AppData\Local\Programs\MiKTeX\tex/latex/graphics\graphics.sty
Package: graphics 2022/03/10 v1.4e Standard LaTeX Graphics (DPC,SPQR)

(C:\Users\micha\AppData\Local\Programs\MiKTeX\tex/latex/graphics\trig.sty
Package: trig 2021/08/11 v1.11 sin cos tan (DPC)
)
(C:\Users\micha\AppData\Local\Programs\MiKTeX\tex/latex/graphics-cfg\graphics.c
fg
File: graphics.cfg 2016/06/04 v1.11 sample graphics configuration
)
Package graphics Info: Driver file: pdftex.def on input line 107.

(C:\Users\micha\AppData\Local\Programs\MiKTeX\tex/latex/graphics-def\pdftex.def
File: pdftex.def 2022/09/22 v1.2b Graphics/color driver for pdftex
))
\Gin@req@height=\dimen149
\Gin@req@width=\dimen150
) (C:\Users\micha\AppData\Local\Programs\MiKTeX\tex/latex/natbib\natbib.sty
Package: natbib 2010/09/13 8.31b (PWD, AO)
\bibhang=\skip51
\bibsep=\skip52
LaTeX Info: Redefining \cite on input line 694.
\c@NAT@ctr=\count196
)
(C:\Users\micha\AppData\Local\Programs\MiKTeX\tex/latex/caption\caption.sty
Package: caption 2023/07/31 v3.6n Customizing captions (AR)

(C:\Users\micha\AppData\Local\Programs\MiKTeX\tex/latex/caption\caption3.sty
Package: caption3 2023/07/31 v2.4d caption3 kernel (AR)
\caption@tempdima=\dimen151
\captionmargin=\dimen152
\caption@leftmargin=\dimen153
\caption@rightmargin=\dimen154
\caption@width=\dimen155
\caption@indent=\dimen156
\caption@parindent=\dimen157
\caption@hangindent=\dimen158
Package caption Info: Standard document class detected.
)
\c@caption@flags=\count197
\c@continuedfloat=\count198
)
(C:\Users\micha\AppData\Local\Programs\MiKTeX\tex/latex/algorithms\algorithm.st
y
Package: algorithm 2009/08/24 v0.1 Document Style `algorithm' - floating enviro
nment
 (C:\Users\micha\AppData\Local\Programs\MiKTeX\tex/latex/float\float.sty
Package: float 2001/11/08 v1.3d Float enhancements (AL)
\c@float@type=\count199
\float@exts=\toks19
\float@box=\box51
\@float@everytoks=\toks20
\@floatcapt=\box52
)
(C:\Users\micha\AppData\Local\Programs\MiKTeX\tex/latex/base\ifthen.sty
Package: ifthen 2022/04/13 v1.1d Standard LaTeX ifthen package (DPC)
)
\@float@every@algorithm=\toks21
\c@algorithm=\count266
)
(C:\Users\micha\AppData\Local\Programs\MiKTeX\tex/latex/algorithmicx\algcompati
ble.sty
Package: algcompatible 

(C:\Users\micha\AppData\Local\Programs\MiKTeX\tex/latex/algorithmicx\algorithmi
cx.sty
Package: algorithmicx 2005/04/27 v1.2 Algorithmicx

Document Style algorithmicx 1.2 - a greatly improved `algorithmic' style
\c@ALG@line=\count267
\c@ALG@rem=\count268
\c@ALG@nested=\count269
\ALG@tlm=\skip53
\ALG@thistlm=\skip54
\c@ALG@Lnr=\count270
\c@ALG@blocknr=\count271
\c@ALG@storecount=\count272
\c@ALG@tmpcounter=\count273
\ALG@tmplength=\skip55
)
Document Style - algorithmic compatible environments for the `algorithmicx' sty
le
) (C:\Users\micha\AppData\Local\Programs\MiKTeX\tex/latex/newfloat\newfloat.sty
Package: newfloat 2023/10/01 v1.2 Defining new floating environments (AR)
) (C:\Users\micha\AppData\Local\Programs\MiKTeX\tex/latex/listings\listings.sty
\lst@mode=\count274
\lst@gtempboxa=\box53
\lst@token=\toks22
\lst@length=\count275
\lst@currlwidth=\dimen159
\lst@column=\count276
\lst@pos=\count277
\lst@lostspace=\dimen160
\lst@width=\dimen161
\lst@newlines=\count278
\lst@lineno=\count279
\lst@maxwidth=\dimen162
(C:\Users\micha\AppData\Local\Programs\MiKTeX\tex/latex/listings\lstmisc.sty
File: lstmisc.sty 2023/02/27 1.9 (Carsten Heinz)
\c@lstnumber=\count280
\lst@skipnumbers=\count281
\lst@framebox=\box54
)
(C:\Users\micha\AppData\Local\Programs\MiKTeX\tex/latex/listings\listings.cfg
File: listings.cfg 2023/02/27 1.9 listings configuration
))
Package: listings 2023/02/27 1.9 (Carsten Heinz)
\@float@every@listing=\toks23
\c@listing=\count282
(C:\Users\micha\AppData\Local\Programs\MiKTeX\tex/latex/amsmath\amsmath.sty
Package: amsmath 2023/05/13 v2.17o AMS math features
\@mathmargin=\skip56

For additional information on amsmath, use the `?' option.
(C:\Users\micha\AppData\Local\Programs\MiKTeX\tex/latex/amsmath\amstext.sty
Package: amstext 2021/08/26 v2.01 AMS text

(C:\Users\micha\AppData\Local\Programs\MiKTeX\tex/latex/amsmath\amsgen.sty
File: amsgen.sty 1999/11/30 v2.0 generic functions
\@emptytoks=\toks24
\ex@=\dimen163
))
(C:\Users\micha\AppData\Local\Programs\MiKTeX\tex/latex/amsmath\amsbsy.sty
Package: amsbsy 1999/11/29 v1.2d Bold Symbols
\pmbraise@=\dimen164
)
(C:\Users\micha\AppData\Local\Programs\MiKTeX\tex/latex/amsmath\amsopn.sty
Package: amsopn 2022/04/08 v2.04 operator names
)
\inf@bad=\count283
LaTeX Info: Redefining \frac on input line 234.
\uproot@=\count284
\leftroot@=\count285
LaTeX Info: Redefining \overline on input line 399.
LaTeX Info: Redefining \colon on input line 410.
\classnum@=\count286
\DOTSCASE@=\count287
LaTeX Info: Redefining \ldots on input line 496.
LaTeX Info: Redefining \dots on input line 499.
LaTeX Info: Redefining \cdots on input line 620.
\Mathstrutbox@=\box55
\strutbox@=\box56
LaTeX Info: Redefining \big on input line 722.
LaTeX Info: Redefining \Big on input line 723.
LaTeX Info: Redefining \bigg on input line 724.
LaTeX Info: Redefining \Bigg on input line 725.
\big@size=\dimen165
LaTeX Font Info:    Redeclaring font encoding OML on input line 743.
LaTeX Font Info:    Redeclaring font encoding OMS on input line 744.
\macc@depth=\count288
LaTeX Info: Redefining \bmod on input line 905.
LaTeX Info: Redefining \pmod on input line 910.
LaTeX Info: Redefining \smash on input line 940.
LaTeX Info: Redefining \relbar on input line 970.
LaTeX Info: Redefining \Relbar on input line 971.
\c@MaxMatrixCols=\count289
\dotsspace@=\muskip17
\c@parentequation=\count290
\dspbrk@lvl=\count291
\tag@help=\toks25
\row@=\count292
\column@=\count293
\maxfields@=\count294
\andhelp@=\toks26
\eqnshift@=\dimen166
\alignsep@=\dimen167
\tagshift@=\dimen168
\tagwidth@=\dimen169
\totwidth@=\dimen170
\lineht@=\dimen171
\@envbody=\toks27
\multlinegap=\skip57
\multlinetaggap=\skip58
\mathdisplay@stack=\toks28
LaTeX Info: Redefining \[ on input line 2953.
LaTeX Info: Redefining \] on input line 2954.
)
(C:\Users\micha\AppData\Local\Programs\MiKTeX\tex/latex/amscls\amsthm.sty
Package: amsthm 2020/05/29 v2.20.6
\thm@style=\toks29
\thm@bodyfont=\toks30
\thm@headfont=\toks31
\thm@notefont=\toks32
\thm@headpunct=\toks33
\thm@preskip=\skip59
\thm@postskip=\skip60
\thm@headsep=\skip61
\dth@everypar=\toks34
)
(C:\Users\micha\AppData\Local\Programs\MiKTeX\tex/latex/amsfonts\amssymb.sty
Package: amssymb 2013/01/14 v3.01 AMS font symbols

(C:\Users\micha\AppData\Local\Programs\MiKTeX\tex/latex/amsfonts\amsfonts.sty
Package: amsfonts 2013/01/14 v3.01 Basic AMSFonts support
\symAMSa=\mathgroup4
\symAMSb=\mathgroup5
LaTeX Font Info:    Redeclaring math symbol \hbar on input line 98.
LaTeX Font Info:    Overwriting math alphabet `\mathfrak' in version `bold'
(Font)                  U/euf/m/n --> U/euf/b/n on input line 106.
)) (C:\Users\micha\AppData\Local\Programs\MiKTeX\tex/latex/tools\bm.sty
Package: bm 2022/01/05 v1.2f Bold Symbol Support (DPC/FMi)
\symboldoperators=\mathgroup6
\symboldletters=\mathgroup7
\symboldsymbols=\mathgroup8
Package bm Info: No bold for \OMX/cmex/m/n, using \pmb.
Package bm Info: No bold for \U/msa/m/n, using \pmb.
Package bm Info: No bold for \U/msb/m/n, using \pmb.
LaTeX Font Info:    Redeclaring math alphabet \mathbf on input line 149.
)
(C:\Users\micha\AppData\Local\Programs\MiKTeX\tex/latex/fancyvrb\fancyvrb.sty
Package: fancyvrb 2024/01/20 4.5c verbatim text (tvz,hv)
\FV@CodeLineNo=\count295
\FV@InFile=\read2
\FV@TabBox=\box57
\c@FancyVerbLine=\count296
\FV@StepNumber=\count297
\FV@OutFile=\write3
)
(C:\Users\micha\AppData\Local\Programs\MiKTeX\tex/latex/booktabs\booktabs.sty
Package: booktabs 2020/01/12 v1.61803398 Publication quality tables
\heavyrulewidth=\dimen172
\lightrulewidth=\dimen173
\cmidrulewidth=\dimen174
\belowrulesep=\dimen175
\belowbottomsep=\dimen176
\aboverulesep=\dimen177
\abovetopsep=\dimen178
\cmidrulesep=\dimen179
\cmidrulekern=\dimen180
\defaultaddspace=\dimen181
\@cmidla=\count298
\@cmidlb=\count299
\@aboverulesep=\dimen182
\@belowrulesep=\dimen183
\@thisruleclass=\count300
\@lastruleclass=\count301
\@thisrulewidth=\dimen184
)
(C:\Users\micha\AppData\Local\Programs\MiKTeX\tex/latex/multirow\multirow.sty
Package: multirow 2021/03/15 v2.8 Span multiple rows of a table
\multirow@colwidth=\skip62
\multirow@cntb=\count302
\multirow@dima=\skip63
\bigstrutjot=\dimen185
)
(C:\Users\micha\AppData\Local\Programs\MiKTeX\tex/latex/hyperref\hyperref.sty
Package: hyperref 2023-07-08 v7.01b Hypertext links for LaTeX

(C:\Users\micha\AppData\Local\Programs\MiKTeX\tex/generic/ltxcmds\ltxcmds.sty
Package: ltxcmds 2023-12-04 v1.26 LaTeX kernel commands for general use (HO)
)
(C:\Users\micha\AppData\Local\Programs\MiKTeX\tex/generic/pdftexcmds\pdftexcmds
.sty
Package: pdftexcmds 2020-06-27 v0.33 Utility functions of pdfTeX for LuaTeX (HO
)

(C:\Users\micha\AppData\Local\Programs\MiKTeX\tex/generic/infwarerr\infwarerr.s
ty
Package: infwarerr 2019/12/03 v1.5 Providing info/warning/error messages (HO)
)
Package pdftexcmds Info: \pdf@primitive is available.
Package pdftexcmds Info: \pdf@ifprimitive is available.
Package pdftexcmds Info: \pdfdraftmode found.
)
(C:\Users\micha\AppData\Local\Programs\MiKTeX\tex/latex/kvsetkeys\kvsetkeys.sty
Package: kvsetkeys 2022-10-05 v1.19 Key value parser (HO)
)
(C:\Users\micha\AppData\Local\Programs\MiKTeX\tex/generic/kvdefinekeys\kvdefine
keys.sty
Package: kvdefinekeys 2019-12-19 v1.6 Define keys (HO)
)
(C:\Users\micha\AppData\Local\Programs\MiKTeX\tex/generic/pdfescape\pdfescape.s
ty
Package: pdfescape 2019/12/09 v1.15 Implements pdfTeX's escape features (HO)
) (C:\Users\micha\AppData\Local\Programs\MiKTeX\tex/latex/hycolor\hycolor.sty
Package: hycolor 2020-01-27 v1.10 Color options for hyperref/bookmark (HO)
)
(C:\Users\micha\AppData\Local\Programs\MiKTeX\tex/latex/letltxmacro\letltxmacro
.sty
Package: letltxmacro 2019/12/03 v1.6 Let assignment for LaTeX macros (HO)
)
(C:\Users\micha\AppData\Local\Programs\MiKTeX\tex/latex/auxhook\auxhook.sty
Package: auxhook 2019-12-17 v1.6 Hooks for auxiliary files (HO)
)
(C:\Users\micha\AppData\Local\Programs\MiKTeX\tex/latex/hyperref\nameref.sty
Package: nameref 2023-08-07 v2.53 Cross-referencing by name of section

(C:\Users\micha\AppData\Local\Programs\MiKTeX\tex/latex/refcount\refcount.sty
Package: refcount 2019/12/15 v3.6 Data extraction from label references (HO)
)
(C:\Users\micha\AppData\Local\Programs\MiKTeX\tex/generic/gettitlestring\gettit
lestring.sty
Package: gettitlestring 2019/12/15 v1.6 Cleanup title references (HO)

(C:\Users\micha\AppData\Local\Programs\MiKTeX\tex/latex/kvoptions\kvoptions.sty
Package: kvoptions 2022-06-15 v3.15 Key value format for package options (HO)
))
\c@section@level=\count303
)
(C:\Users\micha\AppData\Local\Programs\MiKTeX\tex/latex/etoolbox\etoolbox.sty
Package: etoolbox 2020/10/05 v2.5k e-TeX tools for LaTeX (JAW)
\etb@tempcnta=\count304
)
\@linkdim=\dimen186
\Hy@linkcounter=\count305
\Hy@pagecounter=\count306

(C:\Users\micha\AppData\Local\Programs\MiKTeX\tex/latex/hyperref\pd1enc.def
File: pd1enc.def 2023-07-08 v7.01b Hyperref: PDFDocEncoding definition (HO)
Now handling font encoding PD1 ...
... no UTF-8 mapping file for font encoding PD1
)
(C:\Users\micha\AppData\Local\Programs\MiKTeX\tex/generic/intcalc\intcalc.sty
Package: intcalc 2019/12/15 v1.3 Expandable calculations with integers (HO)
)
\Hy@SavedSpaceFactor=\count307

(C:\Users\micha\AppData\Local\Programs\MiKTeX\tex/latex/hyperref\puenc.def
File: puenc.def 2023-07-08 v7.01b Hyperref: PDF Unicode definition (HO)
Now handling font encoding PU ...
... no UTF-8 mapping file for font encoding PU
)
Package hyperref Info: Hyper figures OFF on input line 4167.
Package hyperref Info: Link nesting OFF on input line 4172.
Package hyperref Info: Hyper index ON on input line 4175.
Package hyperref Info: Plain pages OFF on input line 4182.
Package hyperref Info: Backreferencing OFF on input line 4187.
Package hyperref Info: Implicit mode ON; LaTeX internals redefined.
Package hyperref Info: Bookmarks ON on input line 4434.
\c@Hy@tempcnt=\count308
LaTeX Info: Redefining \url on input line 4772.
\XeTeXLinkMargin=\dimen187

(C:\Users\micha\AppData\Local\Programs\MiKTeX\tex/generic/bitset\bitset.sty
Package: bitset 2019/12/09 v1.3 Handle bit-vector datatype (HO)

(C:\Users\micha\AppData\Local\Programs\MiKTeX\tex/generic/bigintcalc\bigintcalc
.sty
Package: bigintcalc 2019/12/15 v1.5 Expandable calculations on big integers (HO
)
))
\Fld@menulength=\count309
\Field@Width=\dimen188
\Fld@charsize=\dimen189
Package hyperref Info: Hyper figures OFF on input line 6051.
Package hyperref Info: Link nesting OFF on input line 6056.
Package hyperref Info: Hyper index ON on input line 6059.
Package hyperref Info: backreferencing OFF on input line 6066.
Package hyperref Info: Link coloring OFF on input line 6071.
Package hyperref Info: Link coloring with OCG OFF on input line 6076.
Package hyperref Info: PDF/A mode OFF on input line 6081.

(C:\Users\micha\AppData\Local\Programs\MiKTeX\tex/latex/base\atbegshi-ltx.sty
Package: atbegshi-ltx 2021/01/10 v1.0c Emulation of the original atbegshi
package with kernel methods
)
\Hy@abspage=\count310
\c@Item=\count311
\c@Hfootnote=\count312
)
Package hyperref Info: Driver (autodetected): hpdftex.
(C:\Users\micha\AppData\Local\Programs\MiKTeX\tex/latex/hyperref\hpdftex.def
File: hpdftex.def 2023-07-08 v7.01b Hyperref driver for pdfTeX

(C:\Users\micha\AppData\Local\Programs\MiKTeX\tex/latex/base\atveryend-ltx.sty
Package: atveryend-ltx 2020/08/19 v1.0a Emulation of the original atveryend pac
kage
with kernel methods
)
\Fld@listcount=\count313
\c@bookmark@seq@number=\count314

(C:\Users\micha\AppData\Local\Programs\MiKTeX\tex/latex/rerunfilecheck\rerunfil
echeck.sty
Package: rerunfilecheck 2022-07-10 v1.10 Rerun checks for auxiliary files (HO)

(C:\Users\micha\AppData\Local\Programs\MiKTeX\tex/generic/uniquecounter\uniquec
ounter.sty
Package: uniquecounter 2019/12/15 v1.4 Provide unlimited unique counter (HO)
)
Package uniquecounter Info: New unique counter `rerunfilecheck' on input line 2
85.
)
\Hy@SectionHShift=\skip64
)
\c@theorem=\count315

(C:\Users\micha\AppData\Local\Programs\MiKTeX\tex/latex/natbib\bibentry.sty
Package: bibentry 2007/10/30 1.5 (PWD)
)
LaTeX Font Info:    Trying to load font information for OT1+ptm on input line 2
27.

(C:\Users\micha\AppData\Local\Programs\MiKTeX\tex/latex/psnfss\ot1ptm.fd
File: ot1ptm.fd 2001/06/04 font definitions for OT1/ptm.
)
(C:\Users\micha\AppData\Local\Programs\MiKTeX\tex/latex/l3backend\l3backend-pdf
tex.def
File: l3backend-pdftex.def 2023-04-19 L3 backend support: PDF output (pdfTeX)
\l__color_backend_stack_int=\count316
\l__pdf_internal_box=\box58
) (gpuGENO_changed.aux)
\openout1 = `gpuGENO_changed.aux'.

LaTeX Font Info:    Checking defaults for OML/cmm/m/it on input line 227.
LaTeX Font Info:    ... okay on input line 227.
LaTeX Font Info:    Checking defaults for OMS/cmsy/m/n on input line 227.
LaTeX Font Info:    ... okay on input line 227.
LaTeX Font Info:    Checking defaults for OT1/cmr/m/n on input line 227.
LaTeX Font Info:    ... okay on input line 227.
LaTeX Font Info:    Checking defaults for T1/cmr/m/n on input line 227.
LaTeX Font Info:    ... okay on input line 227.
LaTeX Font Info:    Checking defaults for TS1/cmr/m/n on input line 227.
LaTeX Font Info:    ... okay on input line 227.
LaTeX Font Info:    Checking defaults for OMX/cmex/m/n on input line 227.
LaTeX Font Info:    ... okay on input line 227.
LaTeX Font Info:    Checking defaults for U/cmr/m/n on input line 227.
LaTeX Font Info:    ... okay on input line 227.
LaTeX Font Info:    Checking defaults for PD1/pdf/m/n on input line 227.
LaTeX Font Info:    ... okay on input line 227.
LaTeX Font Info:    Checking defaults for PU/pdf/m/n on input line 227.
LaTeX Font Info:    ... okay on input line 227.

*geometry* driver: auto-detecting
*geometry* detected driver: pdftex
*geometry* verbose mode - [ preamble ] result:
* driver: pdftex
* paper: letterpaper
* layout: <same size as paper>
* layoutoffset:(h,v)=(0.0pt,0.0pt)
* modes: 
* h-part:(L,W,R)=(92.14519pt, 430.00462pt, 92.14519pt)
* v-part:(T,H,B)=(95.39737pt, 556.47656pt, 143.09605pt)
* \paperwidth=614.295pt
* \paperheight=794.96999pt
* \textwidth=505.89pt
* \textheight=650.43pt
* \oddsidemargin=-18.06749pt
* \evensidemargin=19.8752pt
* \topmargin=-18.06749pt
* \headheight=0.0pt
* \headsep=0.0pt
* \topskip=10.0pt
* \footskip=30.0pt
* \marginparwidth=65.0pt
* \marginparsep=11.0pt
* \columnsep=27.10124pt
* \skip\footins=9.0pt plus 4.0pt minus 2.0pt
* \hoffset=0.0pt
* \voffset=0.0pt
* \mag=1000
* \@twocolumntrue
* \@twosidefalse
* \@mparswitchfalse
* \@reversemarginfalse
* (1in=72.27pt=25.4mm, 1cm=28.453pt)


(C:\Users\micha\AppData\Local\Programs\MiKTeX\tex/context/base/mkii\supp-pdf.mk
ii
[Loading MPS to PDF converter (version 2006.09.02).]
\scratchcounter=\count317
\scratchdimen=\dimen190
\scratchbox=\box59
\nofMPsegments=\count318
\nofMParguments=\count319
\everyMPshowfont=\toks35
\MPscratchCnt=\count320
\MPscratchDim=\dimen191
\MPnumerator=\count321
\makeMPintoPDFobject=\count322
\everyMPtoPDFconversion=\toks36
)
(C:\Users\micha\AppData\Local\Programs\MiKTeX\tex/latex/epstopdf-pkg\epstopdf-b
ase.sty
Package: epstopdf-base 2020-01-24 v2.11 Base part for package epstopdf
Package epstopdf-base Info: Redefining graphics rule for `.eps' on input line 4
85.

(C:\Users\micha\AppData\Local\Programs\MiKTeX\tex/latex/00miktex\epstopdf-sys.c
fg
File: epstopdf-sys.cfg 2021/03/18 v2.0 Configuration of epstopdf for MiKTeX
))
Package caption Info: Begin \AtBeginDocument code.
Package caption Info: float package is loaded.
Package caption Info: hyperref package is loaded.
Package caption Info: listings package is loaded.
Package caption Info: End \AtBeginDocument code.
Package newfloat Info: `float' package detected.
\c@lstlisting=\count323
Package hyperref Info: Link coloring OFF on input line 227.
 (gpuGENO_changed.out) (gpuGENO_changed.out)
\@outlinefile=\write4
\openout4 = `gpuGENO_changed.out'.

\c@eqfn=\count324
\titlearea=\box60
LaTeX Font Info:    Trying to load font information for U+msa on input line 231
.

(C:\Users\micha\AppData\Local\Programs\MiKTeX\tex/latex/amsfonts\umsa.fd
File: umsa.fd 2013/01/14 v3.01 AMS symbols A
)
LaTeX Font Info:    Trying to load font information for U+msb on input line 231
.

(C:\Users\micha\AppData\Local\Programs\MiKTeX\tex/latex/amsfonts\umsb.fd
File: umsb.fd 2013/01/14 v3.01 AMS symbols B
)
LaTeX Font Info:    Trying to load font information for OMS+ptm on input line 2
31.

(C:\Users\micha\AppData\Local\Programs\MiKTeX\tex/latex/psnfss\omsptm.fd
File: omsptm.fd 
)
LaTeX Font Info:    Font shape `OMS/ptm/m/n' in size <10> not available
(Font)              Font shape `OMS/cmsy/m/n' tried instead on input line 231.
\actualheight=\skip65
LaTeX Font Info:    Trying to load font information for TS1+ptm on input line 2
31.

(C:\Users\micha\AppData\Local\Programs\MiKTeX\tex/latex/psnfss\ts1ptm.fd
File: ts1ptm.fd 2001/06/04 font definitions for TS1/ptm.
)

Package natbib Warning: Citation `AgrawalVDB18' on page 1 undefined on input li
ne 245.


Package natbib Warning: Citation `DiamondB16' on page 1 undefined on input line
 245.


Package natbib Warning: Citation `LaueMG2019' on page 1 undefined on input line
 245.


Package natbib Warning: Citation `ByrdLNZ95' on page 1 undefined on input line 
247.


Package natbib Warning: Citation `Hestenes69' on page 1 undefined on input line
 247.


Package natbib Warning: Citation `Powell69' on page 1 undefined on input line 2
47.


Underfull \hbox (badness 1264) in paragraph at lines 254--261
\OT1/ptm/m/n/10 grangian ap-proach for solv-ing con-strained op-ti-miza-tion
 []


Package natbib Warning: Citation `scikit-learn' on page 1 undefined on input li
ne 267.


Package natbib Warning: Citation `ZahariaXWDADMRV16' on page 1 undefined on inp
ut line 268.


Package natbib Warning: Citation `mllib' on page 1 undefined on input line 268.



Package natbib Warning: Citation `AgrawalVDB18' on page 1 undefined on input li
ne 268.


Package natbib Warning: Citation `DiamondB16' on page 1 undefined on input line
 268.


Package natbib Warning: Citation `SchubigerBL20' on page 1 undefined on input l
ine 268.


Package natbib Warning: Citation `ocpb:16' on page 1 undefined on input line 26
8.


Package natbib Warning: Citation `scs' on page 1 undefined on input line 268.


Underfull \vbox (badness 10000) has occurred while \output is active []

 [1{C:/Users/micha/AppData/Local/MiKTeX/fonts/map/pdftex/pdftex.map}{C:/Users/m
icha/AppData/Local/Programs/MiKTeX/fonts/enc/dvips/base/8r.enc}



]

Package natbib Warning: Citation `ByrdLNZ95' on page 2 undefined on input line 
270.


Package natbib Warning: Citation `ZhuBLN97' on page 2 undefined on input line 2
70.


Package natbib Warning: Citation `boydADMM' on page 2 undefined on input line 2
72.


Package natbib Warning: Citation `ParikhB14' on page 2 undefined on input line 
272.


Package natbib Warning: Citation `StellatoBGBB20' on page 2 undefined on input 
line 272.


Package natbib Warning: Citation `ocpb:16' on page 2 undefined on input line 27
2.


Package natbib Warning: Citation `scs' on page 2 undefined on input line 272.


Package natbib Warning: Citation `StellatoBGBB20' on page 2 undefined on input 
line 273.


Package natbib Warning: Citation `gurobi' on page 2 undefined on input line 273
.


Package natbib Warning: Citation `SchubigerBL20' on page 2 undefined on input l
ine 273.


Package natbib Warning: Citation `Nesterov04' on page 2 undefined on input line
 275.


Package natbib Warning: Citation `Berg20' on page 2 undefined on input line 275
.


Package natbib Warning: Citation `SchmidtKS11' on page 2 undefined on input lin
e 275.


Package natbib Warning: Citation `SchmidtBFM09' on page 2 undefined on input li
ne 275.


Package natbib Warning: Citation `KimSD10' on page 2 undefined on input line 27
5.


Package natbib Warning: Citation `Bertsekas82' on page 2 undefined on input lin
e 275.


Package natbib Warning: Citation `Nesterov83' on page 2 undefined on input line
 277.


Package natbib Warning: Citation `BeckT09' on page 2 undefined on input line 27
7.


Package natbib Warning: Citation `LiL15' on page 2 undefined on input line 277.



Package natbib Warning: Citation `Nesterov83' on page 2 undefined on input line
 277.


Package natbib Warning: Citation `RodomanovN21' on page 2 undefined on input li
ne 279.

Package hyperref Info: bookmark level for unknown algorithm defaults to 0 on in
put line 294.

LaTeX Warning: `!h' float specifier changed to `!ht'.

[2]

Package natbib Warning: Citation `NocedalW99' on page 3 undefined on input line
 351.


Package natbib Warning: Citation `Nesterov04' on page 3 undefined on input line
 365.


Package natbib Warning: Citation `MokhtariR15' on page 3 undefined on input lin
e 385.


Overfull \hbox (2.90431pt too wide) detected at line 419
[]
 []

[3]
LaTeX Font Info:    Trying to load font information for OT1+pcr on input line 4
46.
 (C:\Users\micha\AppData\Local\Programs\MiKTeX\tex/latex/psnfss\ot1pcr.fd
File: ot1pcr.fd 2001/06/04 font definitions for OT1/pcr.
)

Package natbib Warning: Citation `MoralesN11' on page 4 undefined on input line
 446.


Package natbib Warning: Citation `ByrdLNZ95' on page 4 undefined on input line 
446.


Package natbib Warning: Citation `Bertsekas99' on page 4 undefined on input lin
e 476.


Package natbib Warning: Citation `LaueMG2019' on page 4 undefined on input line
 480.


Package natbib Warning: Citation `LaueMG2018' on page 4 undefined on input line
 480.


Package natbib Warning: Citation `LaueMG2020' on page 4 undefined on input line
 480.


Underfull \hbox (badness 10000) in paragraph at lines 480--481
[]\OT1/ptm/m/n/10 We in-te-grated our solver
 []


Underfull \hbox (badness 1917) in paragraph at lines 480--481
\OT1/ptm/m/n/10 al-lows to spec-ify the op-ti-
 []


Underfull \hbox (badness 6300) in paragraph at lines 480--481
\OT1/ptm/m/n/10 easy-to-read mod-el-ing lan-
 []


Underfull \hbox (badness 1237) in paragraph at lines 480--481
\OT1/ptm/m/n/10 guage, see for in-stance the
 []


Underfull \hbox (badness 5260) in paragraph at lines 480--481
\OT1/ptm/m/n/10 on the ma-trix and ten-sor
 []


Underfull \hbox (badness 3396) in paragraph at lines 480--481
\OT1/ptm/m/n/10 cal-cu-lus meth-ods pre-sented
 []


Package natbib Warning: Citation `cupy' on page 4 undefined on input line 504.

<figures/fairlogReg.pdf, id=99, 433.62pt x 361.35pt>
File: figures/fairlogReg.pdf Graphic file (type pdf)
<use figures/fairlogReg.pdf>
Package pdftex.def Info: figures/fairlogReg.pdf  used on input line 516.
(pdftex.def)             Requested size: 121.41637pt x 101.1773pt.
<figures/fairlogRegLinear.pdf, id=100, 433.62pt x 361.35pt>
File: figures/fairlogRegLinear.pdf Graphic file (type pdf)
<use figures/fairlogRegLinear.pdf>
Package pdftex.def Info: figures/fairlogRegLinear.pdf  used on input line 517.
(pdftex.def)             Requested size: 121.41637pt x 101.1773pt.
<figures/fairlogReg2.pdf, id=101, 433.62pt x 361.35pt>
File: figures/fairlogReg2.pdf Graphic file (type pdf)
<use figures/fairlogReg2.pdf>
Package pdftex.def Info: figures/fairlogReg2.pdf  used on input line 518.
(pdftex.def)             Requested size: 121.41637pt x 101.1773pt.
<figures/fairlogRegLinear2.pdf, id=102, 433.62pt x 361.35pt>
File: figures/fairlogRegLinear2.pdf Graphic file (type pdf)
<use figures/fairlogRegLinear2.pdf>
Package pdftex.def Info: figures/fairlogRegLinear2.pdf  used on input line 519.

(pdftex.def)             Requested size: 121.41637pt x 101.1773pt.

Package natbib Warning: Citation `LaueMG2019' on page 4 undefined on input line
 526.


Package natbib Warning: Citation `SchubigerBL20' on page 4 undefined on input l
ine 527.

[4]

Package natbib Warning: Citation `AgrawalABBDK19' on page 5 undefined on input 
line 530.


Package natbib Warning: Citation `GiesenL16' undefined on input line 533.


Package natbib Warning: Citation `FunkeLS17' undefined on input line 533.


Package natbib Warning: Citation `FunkeLS16' undefined on input line 533.

<figures/dualSVMa.pdf, id=111, 433.62pt x 361.35pt>
File: figures/dualSVMa.pdf Graphic file (type pdf)
<use figures/dualSVMa.pdf>
Package pdftex.def Info: figures/dualSVMa.pdf  used on input line 537.
(pdftex.def)             Requested size: 161.8885pt x 134.9049pt.
<figures/nnls1.pdf, id=112, 433.62pt x 361.35pt>
File: figures/nnls1.pdf Graphic file (type pdf)
<use figures/nnls1.pdf>
Package pdftex.def Info: figures/nnls1.pdf  used on input line 539.
(pdftex.def)             Requested size: 161.8885pt x 134.9049pt.
<figures/nnls2.pdf, id=113, 433.62pt x 361.35pt>
File: figures/nnls2.pdf Graphic file (type pdf)
<use figures/nnls2.pdf>
Package pdftex.def Info: figures/nnls2.pdf  used on input line 540.
(pdftex.def)             Requested size: 161.8885pt x 134.9049pt.

LaTeX Warning: `!h' float specifier changed to `!ht'.


Package natbib Warning: Citation `AgarwalBD0W18' on page 5 undefined on input l
ine 567.


Package natbib Warning: Citation `barocas-hardt-narayanan' on page 5 undefined 
on input line 567.


Package natbib Warning: Citation `DoniniOBSP18' on page 5 undefined on input li
ne 567.


Package natbib Warning: Citation `bird2020fairlearn' on page 5 undefined on inp
ut line 567.


Package natbib Warning: Citation `fairlearn' on page 5 undefined on input line 
567.


Package natbib Warning: Citation `DoniniOBSP18' on page 5 undefined on input li
ne 567.


Underfull \hbox (badness 1496) in paragraph at lines 567--571
\OT1/ptm/m/n/10 see the Fair-learn project (\OT1/ptm/b/n/10 ??\OT1/ptm/m/n/10 )
 for an in-tro-duc-tion and
 []


Package natbib Warning: Citation `AgarwalBD0W18' on page 5 undefined on input l
ine 604.


Package natbib Warning: Citation `FanCHWL08' on page 5 undefined on input line 
604.


Package natbib Warning: Citation `DoniniOBSP18' on page 5 undefined on input li
ne 606.


Package natbib Warning: Citation `ZemelWSPD13' on page 5 undefined on input lin
e 606.


Package natbib Warning: Citation `bird2020fairlearn' on page 5 undefined on inp
ut line 608.

[5 <./figures/fairlogReg.pdf> <./figures/fairlogRegLinear.pdf

pdfTeX warning: pdflatex (file ./figures/fairlogRegLinear.pdf): PDF inclusion: 
multiple pdfs with page group included in a single page
> <./figures/fairlogReg2.pdf

pdfTeX warning: pdflatex (file ./figures/fairlogReg2.pdf): PDF inclusion: multi
ple pdfs with page group included in a single page
> <./figures/fairlogRegLinear2.pdf

pdfTeX warning: pdflatex (file ./figures/fairlogRegLinear2.pdf): PDF inclusion:
 multiple pdfs with page group included in a single page
>]

Package natbib Warning: Citation `libsvmData' on page 6 undefined on input line
 625.


Package natbib Warning: Citation `libsvmData' on page 6 undefined on input line
 625.


Package natbib Warning: Citation `thundersvm18' on page 6 undefined on input li
ne 625.

<figures/jointProbEntrGaussian.pdf, id=171, 433.62pt x 361.35pt>
File: figures/jointProbEntrGaussian.pdf Graphic file (type pdf)
<use figures/jointProbEntrGaussian.pdf>
Package pdftex.def Info: figures/jointProbEntrGaussian.pdf  used on input line 
630.
(pdftex.def)             Requested size: 161.8885pt x 134.9049pt.
<figures/jointProbL2Gaussian.pdf, id=172, 433.62pt x 361.35pt>
File: figures/jointProbL2Gaussian.pdf Graphic file (type pdf)
<use figures/jointProbL2Gaussian.pdf>
Package pdftex.def Info: figures/jointProbL2Gaussian.pdf  used on input line 63
1.
(pdftex.def)             Requested size: 161.8885pt x 134.9049pt.
<figures/joint.pdf, id=173, 722.7pt x 722.7pt>
File: figures/joint.pdf Graphic file (type pdf)
<use figures/joint.pdf>
Package pdftex.def Info: figures/joint.pdf  used on input line 632.
(pdftex.def)             Requested size: 161.8885pt x 161.88368pt.

Package natbib Warning: Citation `Slawski13' on page 6 undefined on input line 
641.


Package natbib Warning: Citation `Slawski13' on page 6 undefined on input line 
651.

[6 <./figures/dualSVMa.pdf> <./figures/nnls1.pdf

pdfTeX warning: pdflatex (file ./figures/nnls1.pdf): PDF inclusion: multiple pd
fs with page group included in a single page
> <./figures/nnls2.pdf

pdfTeX warning: pdflatex (file ./figures/nnls2.pdf): PDF inclusion: multiple pd
fs with page group included in a single page
>]

Package natbib Warning: Citation `Cuturi13' on page 7 undefined on input line 6
71.


Package natbib Warning: Citation `FrognerP19' on page 7 undefined on input line
 671.


Package natbib Warning: Citation `MuzellecNPN17' on page 7 undefined on input l
ine 671.


Package natbib Warning: Citation `Cuturi13' on page 7 undefined on input line 6
82.


Package natbib Warning: Citation `Sinkhorn67' on page 7 undefined on input line
 682.


Package natbib Warning: Citation `JanatiMPC20' on page 7 undefined on input lin
e 682.


Package natbib Warning: Citation `FrognerP19' on page 7 undefined on input line
 684.

No file gpuGENO_changed.bbl.
[7 <./figures/jointProbEntrGaussian.pdf> <./figures/jointProbL2Gaussian.pdf

pdfTeX warning: pdflatex (file ./figures/jointProbL2Gaussian.pdf): PDF inclusio
n: multiple pdfs with page group included in a single page
> <./figures/joint.pdf

pdfTeX warning: pdflatex (file ./figures/joint.pdf): PDF inclusion: multiple pd
fs with page group included in a single page
>]

Package natbib Warning: There were undefined citations.

[8

] (gpuGENO_changed.aux)
 ***********
LaTeX2e <2023-06-01> patch level 1
L3 programming layer <2023-08-29>
 ***********
Package rerunfilecheck Info: File `gpuGENO_changed.out' has not changed.
(rerunfilecheck)             Checksum: 67E087B6AF7BAA9B8385BFBEE6221DDE;1363.
 ) 
Here is how much of TeX's memory you used:
 15064 strings out of 475247
 238701 string characters out of 5757792
 1953801 words of memory out of 5000000
 36324 multiletter control sequences out of 15000+600000
 587843 words of font info for 106 fonts, out of 8000000 for 9000
 1141 hyphenation exceptions out of 8191
 75i,16n,79p,1799b,539s stack positions out of 10000i,1000n,20000p,200000b,200000s
<C:/Users/micha/AppData/Local/Programs/MiKTeX/fonts/type1/public/amsfonts/cm/
cmbx10.pfb><C:/Users/micha/AppData/Local/Programs/MiKTeX/fonts/type1/public/ams
fonts/cm/cmex10.pfb><C:/Users/micha/AppData/Local/Programs/MiKTeX/fonts/type1/p
ublic/amsfonts/cm/cmmi10.pfb><C:/Users/micha/AppData/Local/Programs/MiKTeX/font
s/type1/public/amsfonts/cm/cmmi5.pfb><C:/Users/micha/AppData/Local/Programs/MiK
TeX/fonts/type1/public/amsfonts/cm/cmmi7.pfb><C:/Users/micha/AppData/Local/Prog
rams/MiKTeX/fonts/type1/public/amsfonts/cm/cmr10.pfb><C:/Users/micha/AppData/Lo
cal/Programs/MiKTeX/fonts/type1/public/amsfonts/cm/cmr7.pfb><C:/Users/micha/App
Data/Local/Programs/MiKTeX/fonts/type1/public/amsfonts/cm/cmsy10.pfb><C:/Users/
micha/AppData/Local/Programs/MiKTeX/fonts/type1/public/amsfonts/cm/cmsy5.pfb><C
:/Users/micha/AppData/Local/Programs/MiKTeX/fonts/type1/public/amsfonts/cm/cmsy
7.pfb><C:/Users/micha/AppData/Local/Programs/MiKTeX/fonts/type1/public/amsfonts
/symbols/msbm10.pfb><C:/Users/micha/AppData/Local/Programs/MiKTeX/fonts/type1/u
rw/courier/ucrr8a.pfb><C:/Users/micha/AppData/Local/Programs/MiKTeX/fonts/type1
/urw/times/utmb8a.pfb><C:/Users/micha/AppData/Local/Programs/MiKTeX/fonts/type1
/urw/times/utmr8a.pfb><C:/Users/micha/AppData/Local/Programs/MiKTeX/fonts/type1
/urw/times/utmri8a.pfb>
Output written on gpuGENO_changed.pdf (8 pages, 2277009 bytes).
PDF statistics:
 334 PDF objects out of 1000 (max. 8388607)
 33 named destinations out of 1000 (max. 500000)
 131 words of extra memory for PDF output out of 10000 (max. 10000000)

