This is pdfTeX, Version 3.141592653-2.6-1.40.25 (MiKTeX 23.9) (preloaded format=pdflatex 2023.9.22)  30 MAR 2024 17:58
entering extended mode
 restricted \write18 enabled.
 %&-line parsing enabled.
**./main_changed.tex
(main_changed.tex
LaTeX2e <2023-06-01> patch level 1
L3 programming layer <2023-08-29>
(C:\Users\micha\AppData\Local\Programs\MiKTeX\tex/latex/base\article.cls
Document Class: article 2023/05/17 v1.4n Standard LaTeX document class
(C:\Users\micha\AppData\Local\Programs\MiKTeX\tex/latex/base\size10.clo
File: size10.clo 2023/05/17 v1.4n Standard LaTeX file (size option)
)
\c@part=\count185
\c@section=\count186
\c@subsection=\count187
\c@subsubsection=\count188
\c@paragraph=\count189
\c@subparagraph=\count190
\c@figure=\count191
\c@table=\count192
\abovecaptionskip=\skip48
\belowcaptionskip=\skip49
\bibindent=\dimen140
)
(aaai21.sty
Conference Style for AAAI for LaTeX 2e -- version for the AAAI-21 conference - 
MODIFIED
\titlebox=\skip50
) (C:\Users\micha\AppData\Local\Programs\MiKTeX\tex/latex/psnfss\times.sty
Package: times 2020/03/25 PSNFSS-v9.3 (SPQR) 
)
(C:\Users\micha\AppData\Local\Programs\MiKTeX\tex/latex/psnfss\helvet.sty
Package: helvet 2020/03/25 PSNFSS-v9.3 (WaS) 

(C:\Users\micha\AppData\Local\Programs\MiKTeX\tex/latex/graphics\keyval.sty
Package: keyval 2022/05/29 v1.15 key=value parser (DPC)
\KV@toks@=\toks17
))
(C:\Users\micha\AppData\Local\Programs\MiKTeX\tex/latex/psnfss\courier.sty
Package: courier 2020/03/25 PSNFSS-v9.3 (WaS) 
)
(C:\Users\micha\AppData\Local\Programs\MiKTeX\tex/latex/url\url.sty
\Urlmuskip=\muskip16
Package: url 2013/09/16  ver 3.4  Verb mode for urls, etc.
)
(C:\Users\micha\AppData\Local\Programs\MiKTeX\tex/latex/graphics\graphicx.sty
Package: graphicx 2021/09/16 v1.2d Enhanced LaTeX Graphics (DPC,SPQR)

(C:\Users\micha\AppData\Local\Programs\MiKTeX\tex/latex/graphics\graphics.sty
Package: graphics 2022/03/10 v1.4e Standard LaTeX Graphics (DPC,SPQR)

(C:\Users\micha\AppData\Local\Programs\MiKTeX\tex/latex/graphics\trig.sty
Package: trig 2021/08/11 v1.11 sin cos tan (DPC)
)
(C:\Users\micha\AppData\Local\Programs\MiKTeX\tex/latex/graphics-cfg\graphics.c
fg
File: graphics.cfg 2016/06/04 v1.11 sample graphics configuration
)
Package graphics Info: Driver file: pdftex.def on input line 107.

(C:\Users\micha\AppData\Local\Programs\MiKTeX\tex/latex/graphics-def\pdftex.def
File: pdftex.def 2022/09/22 v1.2b Graphics/color driver for pdftex
))
\Gin@req@height=\dimen141
\Gin@req@width=\dimen142
) (C:\Users\micha\AppData\Local\Programs\MiKTeX\tex/latex/natbib\natbib.sty
Package: natbib 2010/09/13 8.31b (PWD, AO)
\bibhang=\skip51
\bibsep=\skip52
LaTeX Info: Redefining \cite on input line 694.
\c@NAT@ctr=\count193
)
(C:\Users\micha\AppData\Local\Programs\MiKTeX\tex/latex/caption\caption.sty
Package: caption 2023/07/31 v3.6n Customizing captions (AR)

(C:\Users\micha\AppData\Local\Programs\MiKTeX\tex/latex/caption\caption3.sty
Package: caption3 2023/07/31 v2.4d caption3 kernel (AR)
\caption@tempdima=\dimen143
\captionmargin=\dimen144
\caption@leftmargin=\dimen145
\caption@rightmargin=\dimen146
\caption@width=\dimen147
\caption@indent=\dimen148
\caption@parindent=\dimen149
\caption@hangindent=\dimen150
Package caption Info: Standard document class detected.
)
\c@caption@flags=\count194
\c@continuedfloat=\count195
)
\c@example=\count196
\c@lemma=\count197

(C:\Users\micha\AppData\Local\Programs\MiKTeX\tex/latex/amsmath\amsmath.sty
Package: amsmath 2023/05/13 v2.17o AMS math features
\@mathmargin=\skip53

For additional information on amsmath, use the `?' option.
(C:\Users\micha\AppData\Local\Programs\MiKTeX\tex/latex/amsmath\amstext.sty
Package: amstext 2021/08/26 v2.01 AMS text

(C:\Users\micha\AppData\Local\Programs\MiKTeX\tex/latex/amsmath\amsgen.sty
File: amsgen.sty 1999/11/30 v2.0 generic functions
\@emptytoks=\toks18
\ex@=\dimen151
))
(C:\Users\micha\AppData\Local\Programs\MiKTeX\tex/latex/amsmath\amsbsy.sty
Package: amsbsy 1999/11/29 v1.2d Bold Symbols
\pmbraise@=\dimen152
)
(C:\Users\micha\AppData\Local\Programs\MiKTeX\tex/latex/amsmath\amsopn.sty
Package: amsopn 2022/04/08 v2.04 operator names
)
\inf@bad=\count198
LaTeX Info: Redefining \frac on input line 234.
\uproot@=\count199
\leftroot@=\count266
LaTeX Info: Redefining \overline on input line 399.
LaTeX Info: Redefining \colon on input line 410.
\classnum@=\count267
\DOTSCASE@=\count268
LaTeX Info: Redefining \ldots on input line 496.
LaTeX Info: Redefining \dots on input line 499.
LaTeX Info: Redefining \cdots on input line 620.
\Mathstrutbox@=\box51
\strutbox@=\box52
LaTeX Info: Redefining \big on input line 722.
LaTeX Info: Redefining \Big on input line 723.
LaTeX Info: Redefining \bigg on input line 724.
LaTeX Info: Redefining \Bigg on input line 725.
\big@size=\dimen153
LaTeX Font Info:    Redeclaring font encoding OML on input line 743.
LaTeX Font Info:    Redeclaring font encoding OMS on input line 744.
\macc@depth=\count269
LaTeX Info: Redefining \bmod on input line 905.
LaTeX Info: Redefining \pmod on input line 910.
LaTeX Info: Redefining \smash on input line 940.
LaTeX Info: Redefining \relbar on input line 970.
LaTeX Info: Redefining \Relbar on input line 971.
\c@MaxMatrixCols=\count270
\dotsspace@=\muskip17
\c@parentequation=\count271
\dspbrk@lvl=\count272
\tag@help=\toks19
\row@=\count273
\column@=\count274
\maxfields@=\count275
\andhelp@=\toks20
\eqnshift@=\dimen154
\alignsep@=\dimen155
\tagshift@=\dimen156
\tagwidth@=\dimen157
\totwidth@=\dimen158
\lineht@=\dimen159
\@envbody=\toks21
\multlinegap=\skip54
\multlinetaggap=\skip55
\mathdisplay@stack=\toks22
LaTeX Info: Redefining \[ on input line 2953.
LaTeX Info: Redefining \] on input line 2954.
)
(C:\Users\micha\AppData\Local\Programs\MiKTeX\tex/latex/amsfonts\amssymb.sty
Package: amssymb 2013/01/14 v3.01 AMS font symbols

(C:\Users\micha\AppData\Local\Programs\MiKTeX\tex/latex/amsfonts\amsfonts.sty
Package: amsfonts 2013/01/14 v3.01 Basic AMSFonts support
\symAMSa=\mathgroup4
\symAMSb=\mathgroup5
LaTeX Font Info:    Redeclaring math symbol \hbar on input line 98.
LaTeX Font Info:    Overwriting math alphabet `\mathfrak' in version `bold'
(Font)                  U/euf/m/n --> U/euf/b/n on input line 106.
)) (C:\Users\micha\AppData\Local\Programs\MiKTeX\tex/latex/graphics\color.sty
Package: color 2022/01/06 v1.3d Standard LaTeX Color (DPC)

(C:\Users\micha\AppData\Local\Programs\MiKTeX\tex/latex/graphics-cfg\color.cfg
File: color.cfg 2016/01/02 v1.6 sample color configuration
)
Package color Info: Driver file: pdftex.def on input line 149.
(C:\Users\micha\AppData\Local\Programs\MiKTeX\tex/latex/graphics\mathcolor.ltx)
) (C:\Users\micha\AppData\Local\Programs\MiKTeX\tex/latex/appendix\appendix.sty
Package: appendix 2020/02/08 v1.2c extra appendix facilities
\c@@pps=\count276
\c@@ppsavesec=\count277
\c@@ppsaveapp=\count278
) (C:\Users\micha\AppData\Local\Programs\MiKTeX\tex/latex/psnfss\pifont.sty
Package: pifont 2020/03/25 PSNFSS-v9.3 Pi font support (SPQR) 
LaTeX Font Info:    Trying to load font information for U+pzd on input line 63.


(C:\Users\micha\AppData\Local\Programs\MiKTeX\tex/latex/psnfss\upzd.fd
File: upzd.fd 2001/06/04 font definitions for U/pzd.
)
LaTeX Font Info:    Trying to load font information for U+psy on input line 64.


(C:\Users\micha\AppData\Local\Programs\MiKTeX\tex/latex/psnfss\upsy.fd
File: upsy.fd 2001/06/04 font definitions for U/psy.
))
(C:\Users\micha\AppData\Local\Programs\MiKTeX\tex/latex/algorithms\algorithm.st
y
Package: algorithm 2009/08/24 v0.1 Document Style `algorithm' - floating enviro
nment
 (C:\Users\micha\AppData\Local\Programs\MiKTeX\tex/latex/float\float.sty
Package: float 2001/11/08 v1.3d Float enhancements (AL)
\c@float@type=\count279
\float@exts=\toks23
\float@box=\box53
\@float@everytoks=\toks24
\@floatcapt=\box54
)
(C:\Users\micha\AppData\Local\Programs\MiKTeX\tex/latex/base\ifthen.sty
Package: ifthen 2022/04/13 v1.1d Standard LaTeX ifthen package (DPC)
)
\@float@every@algorithm=\toks25
\c@algorithm=\count280
)
(C:\Users\micha\AppData\Local\Programs\MiKTeX\tex/latex/algorithmicx\algpseudoc
ode.sty
Package: algpseudocode 

(C:\Users\micha\AppData\Local\Programs\MiKTeX\tex/latex/algorithmicx\algorithmi
cx.sty
Package: algorithmicx 2005/04/27 v1.2 Algorithmicx

Document Style algorithmicx 1.2 - a greatly improved `algorithmic' style
\c@ALG@line=\count281
\c@ALG@rem=\count282
\c@ALG@nested=\count283
\ALG@tlm=\skip56
\ALG@thistlm=\skip57
\c@ALG@Lnr=\count284
\c@ALG@blocknr=\count285
\c@ALG@storecount=\count286
\c@ALG@tmpcounter=\count287
\ALG@tmplength=\skip58
)
Document Style - pseudocode environments for use with the `algorithmicx' style
) (C:\Users\micha\AppData\Local\Programs\MiKTeX\tex/latex/multirow\multirow.sty
Package: multirow 2021/03/15 v2.8 Span multiple rows of a table
\multirow@colwidth=\skip59
\multirow@cntb=\count288
\multirow@dima=\skip60
\bigstrutjot=\dimen160
) (C:\Users\micha\AppData\Local\Programs\MiKTeX\tex/latex/tools\array.sty
Package: array 2022/09/04 v2.5g Tabular extension package (FMi)
\col@sep=\dimen161
\ar@mcellbox=\box55
\extrarowheight=\dimen162
\NC@list=\toks26
\extratabsurround=\skip61
\backup@length=\skip62
\ar@cellbox=\box56
)
LaTeX Font Info:    Trying to load font information for OT1+ptm on input line 5
5.

(C:\Users\micha\AppData\Local\Programs\MiKTeX\tex/latex/psnfss\ot1ptm.fd
File: ot1ptm.fd 2001/06/04 font definitions for OT1/ptm.
)
(C:\Users\micha\AppData\Local\Programs\MiKTeX\tex/latex/l3backend\l3backend-pdf
tex.def
File: l3backend-pdftex.def 2023-04-19 L3 backend support: PDF output (pdfTeX)
\l__color_backend_stack_int=\count289
\l__pdf_internal_box=\box57
) (main_changed.aux)
\openout1 = `main_changed.aux'.

LaTeX Font Info:    Checking defaults for OML/cmm/m/it on input line 55.
LaTeX Font Info:    ... okay on input line 55.
LaTeX Font Info:    Checking defaults for OMS/cmsy/m/n on input line 55.
LaTeX Font Info:    ... okay on input line 55.
LaTeX Font Info:    Checking defaults for OT1/cmr/m/n on input line 55.
LaTeX Font Info:    ... okay on input line 55.
LaTeX Font Info:    Checking defaults for T1/cmr/m/n on input line 55.
LaTeX Font Info:    ... okay on input line 55.
LaTeX Font Info:    Checking defaults for TS1/cmr/m/n on input line 55.
LaTeX Font Info:    ... okay on input line 55.
LaTeX Font Info:    Checking defaults for OMX/cmex/m/n on input line 55.
LaTeX Font Info:    ... okay on input line 55.
LaTeX Font Info:    Checking defaults for U/cmr/m/n on input line 55.
LaTeX Font Info:    ... okay on input line 55.

(C:\Users\micha\AppData\Local\Programs\MiKTeX\tex/context/base/mkii\supp-pdf.mk
ii
[Loading MPS to PDF converter (version 2006.09.02).]
\scratchcounter=\count290
\scratchdimen=\dimen163
\scratchbox=\box58
\nofMPsegments=\count291
\nofMParguments=\count292
\everyMPshowfont=\toks27
\MPscratchCnt=\count293
\MPscratchDim=\dimen164
\MPnumerator=\count294
\makeMPintoPDFobject=\count295
\everyMPtoPDFconversion=\toks28
)
(C:\Users\micha\AppData\Local\Programs\MiKTeX\tex/latex/epstopdf-pkg\epstopdf-b
ase.sty
Package: epstopdf-base 2020-01-24 v2.11 Base part for package epstopdf
Package epstopdf-base Info: Redefining graphics rule for `.eps' on input line 4
85.

(C:\Users\micha\AppData\Local\Programs\MiKTeX\tex/latex/00miktex\epstopdf-sys.c
fg
File: epstopdf-sys.cfg 2021/03/18 v2.0 Configuration of epstopdf for MiKTeX
))
Package caption Info: Begin \AtBeginDocument code.
Package caption Info: float package is loaded.
Package caption Info: End \AtBeginDocument code.
\titlearea=\box59
LaTeX Font Info:    Trying to load font information for U+msa on input line 57.

 (C:\Users\micha\AppData\Local\Programs\MiKTeX\tex/latex/amsfonts\umsa.fd
File: umsa.fd 2013/01/14 v3.01 AMS symbols A
)
LaTeX Font Info:    Trying to load font information for U+msb on input line 57.


(C:\Users\micha\AppData\Local\Programs\MiKTeX\tex/latex/amsfonts\umsb.fd
File: umsb.fd 2013/01/14 v3.01 AMS symbols B
)
LaTeX Font Info:    Trying to load font information for OMS+ptm on input line 5
7.

(C:\Users\micha\AppData\Local\Programs\MiKTeX\tex/latex/psnfss\omsptm.fd
File: omsptm.fd 
)
LaTeX Font Info:    Font shape `OMS/ptm/m/n' in size <10> not available
(Font)              Font shape `OMS/cmsy/m/n' tried instead on input line 57.
\actualheight=\skip63

Overfull \hbox (2.5pt too wide) in paragraph at lines 57--57
[][] 
 []


Underfull \vbox (badness 10000) detected at line 57
 []

LaTeX Font Info:    Trying to load font information for TS1+ptm on input line 5
7.
(C:\Users\micha\AppData\Local\Programs\MiKTeX\tex/latex/psnfss\ts1ptm.fd
File: ts1ptm.fd 2001/06/04 font definitions for TS1/ptm.
)
<./figure1.pdf, id=1, 794.97pt x 396.82953pt>
File: ./figure1.pdf Graphic file (type pdf)
<use ./figure1.pdf>
Package pdftex.def Info: ./figure1.pdf  used on input line 61.
(pdftex.def)             Requested size: 478.78876pt x 239.00781pt.


Package natbib Warning: Citation `esrgan' on page 1 undefined on input line 62.



Package natbib Warning: Citation `esrgan' on page 1 undefined on input line 62.



Package natbib Warning: Citation `goodfellow2014generative' on page 1 undefined
 on input line 71.


Package natbib Warning: Citation `radford2015unsupervised' on page 1 undefined 
on input line 71.


Package natbib Warning: Citation `karras2017progressive' on page 1 undefined on
 input line 71.


Package natbib Warning: Citation `isola2017image' on page 1 undefined on input 
line 71.


Package natbib Warning: Citation `zhu2017unpaired' on page 1 undefined on input
 line 71.


Package natbib Warning: Citation `stargan' on page 1 undefined on input line 71
.


Package natbib Warning: Citation `srgan' on page 1 undefined on input line 71.


Package natbib Warning: Citation `esrgan' on page 1 undefined on input line 71.



Package natbib Warning: Citation `bahat2019explorable' on page 1 undefined on i
nput line 71.


Package natbib Warning: Citation `karras2019style' on page 1 undefined on input
 line 71.


Package natbib Warning: Citation `brock2018large' on page 1 undefined on input 
line 71.


Package natbib Warning: Citation `shaham2019singan' on page 1 undefined on inpu
t line 71.


Package natbib Warning: Citation `srgan' on page 1 undefined on input line 71.


Package natbib Warning: Citation `arjovsky2017wasserstein' on page 1 undefined 
on input line 73.


Package natbib Warning: Citation `NIPS2018_7640' on page 1 undefined on input l
ine 73.


Package natbib Warning: Citation `arjovsky2017wasserstein' on page 1 undefined 
on input line 73.


Package natbib Warning: Citation `gulrajani2017improved' on page 1 undefined on
 input line 73.


Package natbib Warning: Citation `spectral' on page 1 undefined on input line 7
5.


Package natbib Warning: Citation `miyato2018cgans' on page 1 undefined on input
 line 75.


Package natbib Warning: Citation `spade' on page 1 undefined on input line 75.


Package natbib Warning: Citation `brock2018large' on page 1 undefined on input 
line 75.


Package natbib Warning: Citation `armanious2020medgan' on page 1 undefined on i
nput line 75.


Package natbib Warning: Citation `spectral' on page 1 undefined on input line 7
7.


Package natbib Warning: Citation `inception' on page 1 undefined on input line 
79.


Package natbib Warning: Citation `fid' on page 1 undefined on input line 79.


Package natbib Warning: Citation `goodfellow2014generative' on page 1 undefined
 on input line 83.


Package natbib Warning: Citation `arjovsky2017wasserstein' on page 1 undefined 
on input line 83.


Underfull \vbox (badness 10000) has occurred while \output is active []

 [1{C:/Users/micha/AppData/Local/MiKTeX/fonts/map/pdftex/pdftex.map}{C:/Users/m
icha/AppData/Local/Programs/MiKTeX/fonts/enc/dvips/base/8r.enc}



]

Package natbib Warning: Citation `NIPS2018_7640' on page 2 undefined on input l
ine 89.


Package natbib Warning: Citation `arjovsky2017wasserstein' on page 2 undefined 
on input line 89.


Package natbib Warning: Citation `gulrajani2017improved' on page 2 undefined on
 input line 89.


Package natbib Warning: Citation `spectral' on page 2 undefined on input line 9
1.

<./ex2.pdf, id=10, 201.41748pt x 154.88966pt>
File: ./ex2.pdf Graphic file (type pdf)
<use ./ex2.pdf>
Package pdftex.def Info: ./ex2.pdf  used on input line 110.
(pdftex.def)             Requested size: 215.45348pt x 165.69012pt.
<./resnet.pdf, id=11, 205.31305pt x 158.64069pt>
File: ./resnet.pdf Graphic file (type pdf)
<use ./resnet.pdf>
Package pdftex.def Info: ./resnet.pdf  used on input line 117.
(pdftex.def)             Requested size: 215.45348pt x 166.47595pt.

Package natbib Warning: Citation `spectral' on page 2 undefined on input line 1
18.


Package natbib Warning: Citation `spectral' on page 2 undefined on input line 1
18.

[2 <./figure1.pdf, page is rotated 90 degrees>]

Package natbib Warning: Citation `spectral' on page 3 undefined on input line 1
36.


Package natbib Warning: Citation `spectral' on page 3 undefined on input line 1
36.


Package natbib Warning: Citation `sedghi2018singular' on page 3 undefined on in
put line 136.


Package natbib Warning: Citation `spectral' on page 3 undefined on input line 1
36.



pdfTeX warning: pdflatex (file ./figure_8x8_true_untrue.pdf): PDF inclusion: fo
und PDF version <1.7>, but at most version <1.5> allowed
<./figure_8x8_true_untrue.pdf, id=37, 389.77621pt x 237.64784pt>
File: ./figure_8x8_true_untrue.pdf Graphic file (type pdf)
<use ./figure_8x8_true_untrue.pdf>
Package pdftex.def Info: ./figure_8x8_true_untrue.pdf  used on input line 143.
(pdftex.def)             Requested size: 239.39438pt x 145.96216pt.

Package natbib Warning: Citation `spectral' on page 3 undefined on input line 1
45.


Package natbib Warning: Citation `spectral' on page 3 undefined on input line 1
45.


Package natbib Warning: Citation `spectral' on page 3 undefined on input line 1
50.


Package natbib Warning: Citation `spectral' on page 3 undefined on input line 1
50.

[3 <./ex2.pdf> <./resnet.pdf>]

Package amsmath Warning: Foreign command \atop;
(amsmath)                \frac or \genfrac should be used instead
(amsmath)                 on input line 165.

<./vanilla_l6.pdf, id=70, 217.8278pt x 168.05486pt>
File: ./vanilla_l6.pdf Graphic file (type pdf)
<use ./vanilla_l6.pdf>
Package pdftex.def Info: ./vanilla_l6.pdf  used on input line 173.
(pdftex.def)             Requested size: 215.45348pt x 166.23376pt.

Underfull \hbox (badness 1210) in paragraph at lines 185--186
[]\OT1/ptm/m/it/10 For a multiple-input-multiple-output fil-ter $\OML/cmm/m/it/
10 W$
 []


Package natbib Warning: Citation `spectral' on page 4 undefined on input line 1
98.

<./updates.pdf, id=71, 200.20999pt x 166.68874pt>
File: ./updates.pdf Graphic file (type pdf)
<use ./updates.pdf>
Package pdftex.def Info: ./updates.pdf  used on input line 209.
(pdftex.def)             Requested size: 215.45348pt x 179.38528pt.

Package natbib Warning: Citation `cifar' on page 4 undefined on input line 210.



Package natbib Warning: Citation `spectral' on page 4 undefined on input line 2
10.


Package natbib Warning: Citation `spectral' on page 4 undefined on input line 2
10.


Package natbib Warning: Citation `cifar' on page 4 undefined on input line 210.



Package natbib Warning: Citation `spectral' on page 4 undefined on input line 2
10.


Package natbib Warning: Citation `spectral' on page 4 undefined on input line 2
10.


Package natbib Warning: Citation `spectral' on page 4 undefined on input line 2
14.

[4 <./figure_8x8_true_untrue.pdf> <./vanilla_l6.pdf>]

Package natbib Warning: Citation `arjovsky2017wasserstein' on page 5 undefined 
on input line 216.


Package natbib Warning: Citation `gulrajani2017improved' on page 5 undefined on
 input line 216.


Package natbib Warning: Citation `spectral' on page 5 undefined on input line 2
16.


Package natbib Warning: Citation `arjovsky2017towards' on page 5 undefined on i
nput line 220.


Package natbib Warning: Citation `gulrajani2017improved' on page 5 undefined on
 input line 220.


Package natbib Warning: Citation `ioffe2015batch' on page 5 undefined on input 
line 220.


Package natbib Warning: Citation `salimans2016weight' on page 5 undefined on in
put line 220.


Package natbib Warning: Citation `brock2016neural' on page 5 undefined on input
 line 220.


Package natbib Warning: Citation `spectral' on page 5 undefined on input line 2
20.


Underfull \hbox (badness 1005) in paragraph at lines 220--221
\OT1/ptm/b/n/10 Hyper-parameters: \OT1/ptm/m/n/10 As op-posed to other nor-mal-
iza-tion
 []


Underfull \hbox (badness 10000) in paragraph at lines 246--246
[]|\OT1/ptm/b/n/10 Conditional GAN
 []


Underfull \hbox (badness 1057) in paragraph at lines 252--252
[]\OT1/ptm/m/n/10 Table 1: |In-cep-tion scores for im-age gen-er-a-tion on the
 []


Package natbib Warning: Citation `cifar' on page 5 undefined on input line 258.



Package natbib Warning: Citation `stl' on page 5 undefined on input line 258.


Package natbib Warning: Citation `spectral' on page 5 undefined on input line 2
60.


Package natbib Warning: Citation `spectral' on page 5 undefined on input line 2
60.


Package natbib Warning: Citation `wang2017magan' on page 5 undefined on input l
ine 260.


Package natbib Warning: Citation `adam' on page 5 undefined on input line 260.


Package natbib Warning: Citation `brock2018large' on page 5 undefined on input 
line 262.

<./512x256.pdf, id=100, 211.50218pt x 163.01703pt>
File: ./512x256.pdf Graphic file (type pdf)
<use ./512x256.pdf>
Package pdftex.def Info: ./512x256.pdf  used on input line 266.
(pdftex.def)             Requested size: 215.45348pt x 166.06372pt.
<./figure_r3.pdf, id=101, 794.97pt x 434.59325pt>
File: ./figure_r3.pdf Graphic file (type pdf)
<use ./figure_r3.pdf>
Package pdftex.def Info: ./figure_r3.pdf  used on input line 273.
(pdftex.def)             Requested size: 239.39438pt x 130.86969pt.

Package natbib Warning: Citation `inception' on page 5 undefined on input line 
278.


Package natbib Warning: Citation `arjovsky2017towards' on page 5 undefined on i
nput line 278.


Package natbib Warning: Citation `gulrajani2017improved' on page 5 undefined on
 input line 278.


Package natbib Warning: Citation `ioffe2015batch' on page 5 undefined on input 
line 278.


Package natbib Warning: Citation `ba2016layer' on page 5 undefined on input lin
e 278.


Package natbib Warning: Citation `salimans2016weight' on page 5 undefined on in
put line 278.


Package natbib Warning: Citation `brock2016neural' on page 5 undefined on input
 line 278.


Package natbib Warning: Citation `spectral' on page 5 undefined on input line 2
78.


Underfull \vbox (badness 10000) has occurred while \output is active []

 [5 <./updates.pdf>]

Package natbib Warning: Citation `spade' on page 6 undefined on input line 283.



Package natbib Warning: Citation `spade' on page 6 undefined on input line 283.



Package natbib Warning: Citation `spade' on page 6 undefined on input line 283.


<./tradeoff_ssim.pdf, id=116, 209.73056pt x 162.93472pt>
File: ./tradeoff_ssim.pdf Graphic file (type pdf)
<use ./tradeoff_ssim.pdf>
Package pdftex.def Info: ./tradeoff_ssim.pdf  used on input line 287.
(pdftex.def)             Requested size: 215.45348pt x 167.38954pt.
<./figure_0801_600dpi.pdf, id=117, 1763.83969pt x 995.97093pt>
File: ./figure_0801_600dpi.pdf Graphic file (type pdf)
<use ./figure_0801_600dpi.pdf>
Package pdftex.def Info: ./figure_0801_600dpi.pdf  used on input line 316.
(pdftex.def)             Requested size: 478.78876pt x 270.34428pt.

LaTeX Warning: `h' float specifier changed to `ht'.


Package natbib Warning: Citation `cityscapes' on page 6 undefined on input line
 321.


Package natbib Warning: Citation `esrgan' on page 6 undefined on input line 329
.


Package natbib Warning: Citation `vgg' on page 6 undefined on input line 333.

<./figure_0811_600dpi.pdf, id=118, 2646.16608pt x 1451.06116pt>
File: ./figure_0811_600dpi.pdf Graphic file (type pdf)
<use ./figure_0811_600dpi.pdf>
Package pdftex.def Info: ./figure_0811_600dpi.pdf  used on input line 337.
(pdftex.def)             Requested size: 478.78876pt x 262.53036pt.
[6 <./512x256.pdf> <./figure_r3.pdf, page is rotated 90 degrees> <./tradeoff_ss
im.pdf>]

LaTeX Warning: `h' float specifier changed to `ht'.


Package natbib Warning: Citation `srgan' on page 7 undefined on input line 343.



Package natbib Warning: Citation `edsr' on page 7 undefined on input line 343.


Package natbib Warning: Citation `div2k' on page 7 undefined on input line 347.



Package natbib Warning: Citation `adam' on page 7 undefined on input line 347.


Package natbib Warning: Citation `Blau_2018_CVPR' on page 7 undefined on input 
line 351.


Package natbib Warning: Citation `edsr' on page 7 undefined on input line 351.


Package natbib Warning: Citation `vdsr' on page 7 undefined on input line 351.


Package natbib Warning: Citation `srgan' on page 7 undefined on input line 351.



Package natbib Warning: Citation `xunit' on page 7 undefined on input line 351.



Package natbib Warning: Citation `deng2018enhancing' on page 7 undefined on inp
ut line 351.


Package natbib Warning: Citation `esrgan' on page 7 undefined on input line 351
.


Package natbib Warning: Citation `srgan' on page 7 undefined on input line 351.



Package natbib Warning: Citation `enet' on page 7 undefined on input line 351.


Package natbib Warning: Citation `shaham2019singan' on page 7 undefined on inpu
t line 351.


Package natbib Warning: Citation `niqe' on page 7 undefined on input line 351.


Package natbib Warning: Citation `prim' on page 7 undefined on input line 351.


Package natbib Warning: Citation `ssim' on page 7 undefined on input line 351.


Package natbib Warning: Citation `bsd' on page 7 undefined on input line 351.


Underfull \vbox (badness 3792) has occurred while \output is active []



Package natbib Warning: Citation `esrgan' on page 7 undefined on input line 354
.


Package natbib Warning: Citation `spectral' on page 7 undefined on input line 3
54.


Package natbib Warning: Citation `prim' on page 7 undefined on input line 354.


Underfull \vbox (badness 10000) has occurred while \output is active []

 [7 <./figure_0801_600dpi.pdf>]
Underfull \hbox (badness 10000) in paragraph at lines 366--367

 []


Underfull \vbox (badness 10000) has occurred while \output is active []

 [8 <./figure_0811_600dpi.pdf>] [9

]
No file main_changed.bbl.

Package natbib Warning: There were undefined citations.

(main_changed.aux)
 ***********
LaTeX2e <2023-06-01> patch level 1
L3 programming layer <2023-08-29>
 ***********
 ) 
Here is how much of TeX's memory you used:
 5699 strings out of 475247
 93606 string characters out of 5757792
 1940801 words of memory out of 5000000
 27123 multiletter control sequences out of 15000+600000
 586497 words of font info for 94 fonts, out of 8000000 for 9000
 1141 hyphenation exceptions out of 8191
 57i,13n,65p,2353b,366s stack positions out of 10000i,1000n,20000p,200000b,200000s
<C:/Users/micha/AppData/Local/Programs/MiKTeX/fonts/type1/public/amsfonts/cm/
cmbx10.pfb><C:/Users/micha/AppData/Local/Programs/MiKTeX/fonts/type1/public/ams
fonts/cm/cmex10.pfb><C:/Users/micha/AppData/Local/Programs/MiKTeX/fonts/type1/p
ublic/amsfonts/cm/cmmi10.pfb><C:/Users/micha/AppData/Local/Programs/MiKTeX/font
s/type1/public/amsfonts/cm/cmmi5.pfb><C:/Users/micha/AppData/Local/Programs/MiK
TeX/fonts/type1/public/amsfonts/cm/cmmi6.pfb><C:/Users/micha/AppData/Local/Prog
rams/MiKTeX/fonts/type1/public/amsfonts/cm/cmmi7.pfb><C:/Users/micha/AppData/Lo
cal/Programs/MiKTeX/fonts/type1/public/amsfonts/cm/cmmi9.pfb><C:/Users/micha/Ap
pData/Local/Programs/MiKTeX/fonts/type1/public/amsfonts/cm/cmmib10.pfb><C:/User
s/micha/AppData/Local/Programs/MiKTeX/fonts/type1/public/amsfonts/cmextra/cmmib
5.pfb><C:/Users/micha/AppData/Local/Programs/MiKTeX/fonts/type1/public/amsfonts
/cm/cmr10.pfb><C:/Users/micha/AppData/Local/Programs/MiKTeX/fonts/type1/public/
amsfonts/cm/cmr5.pfb><C:/Users/micha/AppData/Local/Programs/MiKTeX/fonts/type1/
public/amsfonts/cm/cmr6.pfb><C:/Users/micha/AppData/Local/Programs/MiKTeX/fonts
/type1/public/amsfonts/cm/cmr7.pfb><C:/Users/micha/AppData/Local/Programs/MiKTe
X/fonts/type1/public/amsfonts/cm/cmr9.pfb><C:/Users/micha/AppData/Local/Program
s/MiKTeX/fonts/type1/public/amsfonts/cm/cmsy10.pfb><C:/Users/micha/AppData/Loca
l/Programs/MiKTeX/fonts/type1/public/amsfonts/cm/cmsy5.pfb><C:/Users/micha/AppD
ata/Local/Programs/MiKTeX/fonts/type1/public/amsfonts/cm/cmsy6.pfb><C:/Users/mi
cha/AppData/Local/Programs/MiKTeX/fonts/type1/public/amsfonts/cm/cmsy7.pfb><C:/
Users/micha/AppData/Local/Programs/MiKTeX/fonts/type1/public/amsfonts/cm/cmsy9.
pfb><C:/Users/micha/AppData/Local/Programs/MiKTeX/fonts/type1/public/amsfonts/s
ymbols/msam10.pfb><C:/Users/micha/AppData/Local/Programs/MiKTeX/fonts/type1/pub
lic/amsfonts/symbols/msbm10.pfb><C:/Users/micha/AppData/Local/Programs/MiKTeX/f
onts/type1/public/amsfonts/symbols/msbm7.pfb><C:/Users/micha/AppData/Local/Prog
rams/MiKTeX/fonts/type1/urw/times/utmb8a.pfb><C:/Users/micha/AppData/Local/Prog
rams/MiKTeX/fonts/type1/urw/times/utmr8a.pfb><C:/Users/micha/AppData/Local/Prog
rams/MiKTeX/fonts/type1/urw/times/utmri8a.pfb>
Output written on main_changed.pdf (9 pages, 12112734 bytes).
PDF statistics:
 312 PDF objects out of 1000 (max. 8388607)
 0 named destinations out of 1000 (max. 500000)
 56 words of extra memory for PDF output out of 10000 (max. 10000000)

