This is pdfTeX, Version 3.141592653-2.6-1.40.25 (MiKTeX 23.9) (preloaded format=pdflatex 2023.9.22)  30 MAR 2024 16:22
entering extended mode
 restricted \write18 enabled.
 %&-line parsing enabled.
**./camera-ready_changed.tex
(camera-ready_changed.tex
LaTeX2e <2023-06-01> patch level 1
L3 programming layer <2023-08-29>
(C:\Users\micha\AppData\Local\Programs\MiKTeX\tex/latex/base\article.cls
Document Class: article 2023/05/17 v1.4n Standard LaTeX document class
(C:\Users\micha\AppData\Local\Programs\MiKTeX\tex/latex/base\size10.clo
File: size10.clo 2023/05/17 v1.4n Standard LaTeX file (size option)
)
\c@part=\count185
\c@section=\count186
\c@subsection=\count187
\c@subsubsection=\count188
\c@paragraph=\count189
\c@subparagraph=\count190
\c@figure=\count191
\c@table=\count192
\abovecaptionskip=\skip48
\belowcaptionskip=\skip49
\bibindent=\dimen140
)
(aaai24.sty
Package: aaai24 2023/06/26 AAAI 2024 Submission format

Conference Style for AAAI for LaTeX 2e -- version for submission
\titlebox=\skip50
) (C:\Users\micha\AppData\Local\Programs\MiKTeX\tex/latex/psnfss\times.sty
Package: times 2020/03/25 PSNFSS-v9.3 (SPQR) 
)
(C:\Users\micha\AppData\Local\Programs\MiKTeX\tex/latex/psnfss\helvet.sty
Package: helvet 2020/03/25 PSNFSS-v9.3 (WaS) 

(C:\Users\micha\AppData\Local\Programs\MiKTeX\tex/latex/graphics\keyval.sty
Package: keyval 2022/05/29 v1.15 key=value parser (DPC)
\KV@toks@=\toks17
))
(C:\Users\micha\AppData\Local\Programs\MiKTeX\tex/latex/psnfss\courier.sty
Package: courier 2020/03/25 PSNFSS-v9.3 (WaS) 
)
(C:\Users\micha\AppData\Local\Programs\MiKTeX\tex/latex/url\url.sty
\Urlmuskip=\muskip16
Package: url 2013/09/16  ver 3.4  Verb mode for urls, etc.
)
(C:\Users\micha\AppData\Local\Programs\MiKTeX\tex/latex/graphics\graphicx.sty
Package: graphicx 2021/09/16 v1.2d Enhanced LaTeX Graphics (DPC,SPQR)

(C:\Users\micha\AppData\Local\Programs\MiKTeX\tex/latex/graphics\graphics.sty
Package: graphics 2022/03/10 v1.4e Standard LaTeX Graphics (DPC,SPQR)

(C:\Users\micha\AppData\Local\Programs\MiKTeX\tex/latex/graphics\trig.sty
Package: trig 2021/08/11 v1.11 sin cos tan (DPC)
)
(C:\Users\micha\AppData\Local\Programs\MiKTeX\tex/latex/graphics-cfg\graphics.c
fg
File: graphics.cfg 2016/06/04 v1.11 sample graphics configuration
)
Package graphics Info: Driver file: pdftex.def on input line 107.

(C:\Users\micha\AppData\Local\Programs\MiKTeX\tex/latex/graphics-def\pdftex.def
File: pdftex.def 2022/09/22 v1.2b Graphics/color driver for pdftex
))
\Gin@req@height=\dimen141
\Gin@req@width=\dimen142
) (C:\Users\micha\AppData\Local\Programs\MiKTeX\tex/latex/natbib\natbib.sty
Package: natbib 2010/09/13 8.31b (PWD, AO)
\bibhang=\skip51
\bibsep=\skip52
LaTeX Info: Redefining \cite on input line 694.
\c@NAT@ctr=\count193
)
(C:\Users\micha\AppData\Local\Programs\MiKTeX\tex/latex/caption\caption.sty
Package: caption 2023/07/31 v3.6n Customizing captions (AR)

(C:\Users\micha\AppData\Local\Programs\MiKTeX\tex/latex/caption\caption3.sty
Package: caption3 2023/07/31 v2.4d caption3 kernel (AR)
\caption@tempdima=\dimen143
\captionmargin=\dimen144
\caption@leftmargin=\dimen145
\caption@rightmargin=\dimen146
\caption@width=\dimen147
\caption@indent=\dimen148
\caption@parindent=\dimen149
\caption@hangindent=\dimen150
Package caption Info: Standard document class detected.
)
\c@caption@flags=\count194
\c@continuedfloat=\count195
)
(C:\Users\micha\AppData\Local\Programs\MiKTeX\tex/latex/algorithms\algorithm.st
y
Package: algorithm 2009/08/24 v0.1 Document Style `algorithm' - floating enviro
nment
 (C:\Users\micha\AppData\Local\Programs\MiKTeX\tex/latex/float\float.sty
Package: float 2001/11/08 v1.3d Float enhancements (AL)
\c@float@type=\count196
\float@exts=\toks18
\float@box=\box51
\@float@everytoks=\toks19
\@floatcapt=\box52
)
(C:\Users\micha\AppData\Local\Programs\MiKTeX\tex/latex/base\ifthen.sty
Package: ifthen 2022/04/13 v1.1d Standard LaTeX ifthen package (DPC)
)
\@float@every@algorithm=\toks20
\c@algorithm=\count197
)
(C:\Users\micha\AppData\Local\Programs\MiKTeX\tex/latex/multirow\multirow.sty
Package: multirow 2021/03/15 v2.8 Span multiple rows of a table
\multirow@colwidth=\skip53
\multirow@cntb=\count198
\multirow@dima=\skip54
\bigstrutjot=\dimen151
)
(C:\Users\micha\AppData\Local\Programs\MiKTeX\tex/latex/paralist\paralist.sty
Package: paralist 2017/01/22 v2.7 Extended list environments
\pltopsep=\skip55
\plpartopsep=\skip56
\plitemsep=\skip57
\plparsep=\skip58
\pl@lab=\toks21
)
(C:\Users\micha\AppData\Local\Programs\MiKTeX\tex/latex/subfigure\subfigure.sty
Package: subfigure 2002/07/30 v2.1.4 subfigure package
\subfigtopskip=\skip59
\subfigcapskip=\skip60
\subfigcaptopadj=\dimen152
\subfigbottomskip=\skip61
\subfigcapmargin=\dimen153
\subfiglabelskip=\skip62
\c@subfigure=\count199
\c@lofdepth=\count266
\c@subtable=\count267
\c@lotdepth=\count268
****************************************
* Local config file subfigure.cfg used *
****************************************

(C:\Users\micha\AppData\Local\Programs\MiKTeX\tex/latex/subfigure\subfigure.cfg
)
\subfig@top=\skip63
\subfig@bottom=\skip64
)
(C:\Users\micha\AppData\Local\Programs\MiKTeX\tex/latex/booktabs\booktabs.sty
Package: booktabs 2020/01/12 v1.61803398 Publication quality tables
\heavyrulewidth=\dimen154
\lightrulewidth=\dimen155
\cmidrulewidth=\dimen156
\belowrulesep=\dimen157
\belowbottomsep=\dimen158
\aboverulesep=\dimen159
\abovetopsep=\dimen160
\cmidrulesep=\dimen161
\cmidrulekern=\dimen162
\defaultaddspace=\dimen163
\@cmidla=\count269
\@cmidlb=\count270
\@aboverulesep=\dimen164
\@belowrulesep=\dimen165
\@thisruleclass=\count271
\@lastruleclass=\count272
\@thisrulewidth=\dimen166
)
(C:\Users\micha\AppData\Local\Programs\MiKTeX\tex/latex/algorithmicx\algpseudoc
ode.sty
Package: algpseudocode 

(C:\Users\micha\AppData\Local\Programs\MiKTeX\tex/latex/algorithmicx\algorithmi
cx.sty
Package: algorithmicx 2005/04/27 v1.2 Algorithmicx

Document Style algorithmicx 1.2 - a greatly improved `algorithmic' style
\c@ALG@line=\count273
\c@ALG@rem=\count274
\c@ALG@nested=\count275
\ALG@tlm=\skip65
\ALG@thistlm=\skip66
\c@ALG@Lnr=\count276
\c@ALG@blocknr=\count277
\c@ALG@storecount=\count278
\c@ALG@tmpcounter=\count279
\ALG@tmplength=\skip67
)
Document Style - pseudocode environments for use with the `algorithmicx' style
) (C:\Users\micha\AppData\Local\Programs\MiKTeX\tex/latex/bbding\bbding.sty
Package: bbding 1999/04/15 v1.01 Dingbats symbols
)
(C:\Users\micha\AppData\Local\Programs\MiKTeX\tex/latex/newfloat\newfloat.sty
Package: newfloat 2023/10/01 v1.2 Defining new floating environments (AR)
)
(C:\Users\micha\AppData\Local\Programs\MiKTeX\tex/latex/listings\listings.sty
\lst@mode=\count280
\lst@gtempboxa=\box53
\lst@token=\toks22
\lst@length=\count281
\lst@currlwidth=\dimen167
\lst@column=\count282
\lst@pos=\count283
\lst@lostspace=\dimen168
\lst@width=\dimen169
\lst@newlines=\count284
\lst@lineno=\count285
\lst@maxwidth=\dimen170

(C:\Users\micha\AppData\Local\Programs\MiKTeX\tex/latex/listings\lstmisc.sty
File: lstmisc.sty 2023/02/27 1.9 (Carsten Heinz)
\c@lstnumber=\count286
\lst@skipnumbers=\count287
\lst@framebox=\box54
)
(C:\Users\micha\AppData\Local\Programs\MiKTeX\tex/latex/listings\listings.cfg
File: listings.cfg 2023/02/27 1.9 listings configuration
))
Package: listings 2023/02/27 1.9 (Carsten Heinz)
\@float@every@listing=\toks23
\c@listing=\count288
(C:\Users\micha\AppData\Local\Programs\MiKTeX\tex/latex/natbib\bibentry.sty
Package: bibentry 2007/10/30 1.5 (PWD)
)
LaTeX Font Info:    Trying to load font information for OT1+ptm on input line 1
74.

(C:\Users\micha\AppData\Local\Programs\MiKTeX\tex/latex/psnfss\ot1ptm.fd
File: ot1ptm.fd 2001/06/04 font definitions for OT1/ptm.
)
(C:\Users\micha\AppData\Local\Programs\MiKTeX\tex/latex/l3backend\l3backend-pdf
tex.def
File: l3backend-pdftex.def 2023-04-19 L3 backend support: PDF output (pdfTeX)
\l__color_backend_stack_int=\count289
\l__pdf_internal_box=\box55
) (camera-ready_changed.aux)
\openout1 = `camera-ready_changed.aux'.

LaTeX Font Info:    Checking defaults for OML/cmm/m/it on input line 174.
LaTeX Font Info:    ... okay on input line 174.
LaTeX Font Info:    Checking defaults for OMS/cmsy/m/n on input line 174.
LaTeX Font Info:    ... okay on input line 174.
LaTeX Font Info:    Checking defaults for OT1/cmr/m/n on input line 174.
LaTeX Font Info:    ... okay on input line 174.
LaTeX Font Info:    Checking defaults for T1/cmr/m/n on input line 174.
LaTeX Font Info:    ... okay on input line 174.
LaTeX Font Info:    Checking defaults for TS1/cmr/m/n on input line 174.
LaTeX Font Info:    ... okay on input line 174.
LaTeX Font Info:    Checking defaults for OMX/cmex/m/n on input line 174.
LaTeX Font Info:    ... okay on input line 174.
LaTeX Font Info:    Checking defaults for U/cmr/m/n on input line 174.
LaTeX Font Info:    ... okay on input line 174.

(C:\Users\micha\AppData\Local\Programs\MiKTeX\tex/context/base/mkii\supp-pdf.mk
ii
[Loading MPS to PDF converter (version 2006.09.02).]
\scratchcounter=\count290
\scratchdimen=\dimen171
\scratchbox=\box56
\nofMPsegments=\count291
\nofMParguments=\count292
\everyMPshowfont=\toks24
\MPscratchCnt=\count293
\MPscratchDim=\dimen172
\MPnumerator=\count294
\makeMPintoPDFobject=\count295
\everyMPtoPDFconversion=\toks25
)
(C:\Users\micha\AppData\Local\Programs\MiKTeX\tex/latex/epstopdf-pkg\epstopdf-b
ase.sty
Package: epstopdf-base 2020-01-24 v2.11 Base part for package epstopdf
Package epstopdf-base Info: Redefining graphics rule for `.eps' on input line 4
85.

(C:\Users\micha\AppData\Local\Programs\MiKTeX\tex/latex/00miktex\epstopdf-sys.c
fg
File: epstopdf-sys.cfg 2021/03/18 v2.0 Configuration of epstopdf for MiKTeX
))
Package caption Info: Begin \AtBeginDocument code.
Package caption Info: float package is loaded.
Package caption Info: listings package is loaded.
Package caption Info: subfigure package is loaded.
Package caption Info: End \AtBeginDocument code.
Package newfloat Info: `float' package detected.
\c@lstlisting=\count296
\c@eqfn=\count297
\titlearea=\box57
LaTeX Font Info:    External font `cmex10' loaded for size
(Font)              <12> on input line 176.
LaTeX Font Info:    External font `cmex10' loaded for size
(Font)              <8> on input line 176.
LaTeX Font Info:    External font `cmex10' loaded for size
(Font)              <6> on input line 176.
LaTeX Font Info:    External font `cmex10' loaded for size
(Font)              <7> on input line 176.
LaTeX Font Info:    External font `cmex10' loaded for size
(Font)              <5> on input line 176.
\actualheight=\skip68
LaTeX Font Info:    Trying to load font information for TS1+ptm on input line 1
76.
 (C:\Users\micha\AppData\Local\Programs\MiKTeX\tex/latex/psnfss\ts1ptm.fd
File: ts1ptm.fd 2001/06/04 font definitions for TS1/ptm.
)
LaTeX Font Info:    External font `cmex10' loaded for size
(Font)              <9> on input line 176.


Package natbib Warning: Citation `yang2022psg' on page 1 undefined on input lin
e 192.


Package natbib Warning: Citation `Chang_2023' on page 1 undefined on input line
 192.


Package natbib Warning: Citation `10.1145/3474085.3475540' on page 1 undefined 
on input line 192.


Package natbib Warning: Citation `Xu_2017_CVPR' on page 1 undefined on input li
ne 192.


Package natbib Warning: Citation `Lin_2020_CVPR' on page 1 undefined on input l
ine 192.


Package natbib Warning: Citation `Li_2021_CVPR' on page 1 undefined on input li
ne 192.


Package natbib Warning: Citation `pmlr-v119-chen20j' on page 1 undefined on inp
ut line 192.


Package natbib Warning: Citation `yao2022pevl' on page 1 undefined on input lin
e 192.


Package natbib Warning: Citation `https://doi.org/10.48550/arxiv.2109.11797' on
 page 1 undefined on input line 192.


Package natbib Warning: Citation `Kirillov_2019_CVPR' on page 1 undefined on in
put line 192.


Package natbib Warning: Citation `Johnson_2015_CVPR' on page 1 undefined on inp
ut line 193.


Package natbib Warning: Citation `wang2022global' on page 1 undefined on input 
line 193.


Package natbib Warning: Citation `wang2022recognition' on page 1 undefined on i
nput line 193.


Package natbib Warning: Citation `lv2023duet' on page 1 undefined on input line
 193.


Package natbib Warning: Citation `Chen_2020_CVPR' on page 1 undefined on input 
line 193.


Package natbib Warning: Citation `Wei_Chen_Ji_Yue_Chua_2022' on page 1 undefine
d on input line 193.


Package natbib Warning: Citation `Teney_2017_CVPR' on page 1 undefined on input
 line 193.


Package natbib Warning: Citation `Li_2022_CVPR' on page 1 undefined on input li
ne 193.


Package natbib Warning: Citation `Antol_2015_ICCV' on page 1 undefined on input
 line 193.


Package natbib Warning: Citation `xiao2021video' on page 1 undefined on input l
ine 193.


Package natbib Warning: Citation `fang2023you' on page 1 undefined on input lin
e 193.

<intro_final2.pdf, id=1, 649.39592pt x 240.27095pt>
File: intro_final2.pdf Graphic file (type pdf)
<use intro_final2.pdf>
Package pdftex.def Info: intro_final2.pdf  used on input line 198.
(pdftex.def)             Requested size: 237.7689pt x 87.9713pt.

Package natbib Warning: Citation `Zellers_2018_CVPR' on page 1 undefined on inp
ut line 211.


Package natbib Warning: Citation `Yu2020CogTreeCT' on page 1 undefined on input
 line 211.


Package natbib Warning: Citation `yao2022pevl' on page 1 undefined on input lin
e 211.


Package natbib Warning: Citation `Xu_2017_CVPR' on page 1 undefined on input li
ne 211.


Package natbib Warning: Citation `Tang_2019_CVPR' on page 1 undefined on input 
line 211.


Package natbib Warning: Citation `Tang_2020_CVPR' on page 1 undefined on input 
line 211.


Package natbib Warning: Citation `Lin_2020_CVPR' on page 1 undefined on input l
ine 211.


Package natbib Warning: Citation `zhang2022fine' on page 1 undefined on input l
ine 211.


Underfull \vbox (badness 1789) has occurred while \output is active []

 [1{C:/Users/micha/AppData/Local/MiKTeX/fonts/map/pdftex/pdftex.map}{C:/Users/m
icha/AppData/Local/Programs/MiKTeX/fonts/enc/dvips/base/8r.enc}



 <./intro_final2.pdf>]

Package natbib Warning: Citation `zhang2022fine' on page 2 undefined on input l
ine 215.


Package natbib Warning: Citation `zhang2023revisiting' on page 2 undefined on i
nput line 215.


Package natbib Warning: Citation `lv2022personalizing' on page 2 undefined on i
nput line 215.


Package natbib Warning: Citation `Teney_2017_CVPR' on page 2 undefined on input
 line 230.


Package natbib Warning: Citation `Li_2022_CVPR' on page 2 undefined on input li
ne 230.


Package natbib Warning: Citation `Antol_2015_ICCV' on page 2 undefined on input
 line 230.


Package natbib Warning: Citation `Chen_2020_CVPR' on page 2 undefined on input 
line 230.


Package natbib Warning: Citation `Johnson_2015_CVPR' on page 2 undefined on inp
ut line 230.


Package natbib Warning: Citation `Xu_2017_CVPR' on page 2 undefined on input li
ne 230.


Package natbib Warning: Citation `Zellers_2018_CVPR' on page 2 undefined on inp
ut line 230.


Package natbib Warning: Citation `Tang_2019_CVPR' on page 2 undefined on input 
line 230.


Package natbib Warning: Citation `Lin_2020_CVPR' on page 2 undefined on input l
ine 230.


Package natbib Warning: Citation `yang2022psg' on page 2 undefined on input lin
e 230.


Package natbib Warning: Citation `Xu_2017_CVPR' on page 2 undefined on input li
ne 230.


Package natbib Warning: Citation `Zellers_2018_CVPR' on page 2 undefined on inp
ut line 235.


Package natbib Warning: Citation `Tang_2019_CVPR' on page 2 undefined on input 
line 235.


Package natbib Warning: Citation `Chen_2019_CVPR' on page 2 undefined on input 
line 235.


Package natbib Warning: Citation `Tang_2020_CVPR' on page 2 undefined on input 
line 235.


Package natbib Warning: Citation `Zhang_2022_ACCV' on page 2 undefined on input
 line 235.


Package natbib Warning: Citation `Yu2020CogTreeCT' on page 2 undefined on input
 line 235.


Package natbib Warning: Citation `zhang2022fine' on page 2 undefined on input l
ine 235.


Package natbib Warning: Citation `LiMM' on page 2 undefined on input line 235.


Package natbib Warning: Citation `zhang2022fine' on page 2 undefined on input l
ine 235.

<model_structure_new2.pdf, id=25, 782.61476pt x 300.92114pt>
File: model_structure_new2.pdf Graphic file (type pdf)
<use model_structure_new2.pdf>
Package pdftex.def Info: model_structure_new2.pdf  used on input line 238.
(pdftex.def)             Requested size: 500.83388pt x 192.57509pt.

Package natbib Warning: Citation `zhang2022fine' on page 2 undefined on input l
ine 248.


Package natbib Warning: Citation `Tang_2019_CVPR' on page 2 undefined on input 
line 248.


Package natbib Warning: Citation `li2022hero' on page 2 undefined on input line
 273.


LaTeX Warning: Command \textless invalid in math mode on input line 277.

LaTeX Font Info:    Trying to load font information for OML+ptm on input line 2
77.
(C:\Users\micha\AppData\Local\Programs\MiKTeX\tex/latex/psnfss\omlptm.fd
File: omlptm.fd 
)
LaTeX Font Info:    Font shape `OML/ptm/m/n' in size <10> not available
(Font)              Font shape `OML/cmm/m/it' tried instead on input line 277.


LaTeX Warning: Command \textless invalid in math mode on input line 277.


LaTeX Warning: Command \textgreater invalid in math mode on input line 277.


LaTeX Warning: Command \textgreater invalid in math mode on input line 277.

[2]

Package natbib Warning: Citation `li2023winner' on page 3 undefined on input li
ne 317.


Package natbib Warning: Citation `fang2022multi' on page 3 undefined on input l
ine 317.


Package natbib Warning: Citation `arjovsky2020invariant' on page 3 undefined on
 input line 352.

[3 <./model_structure_new2.pdf>]

LaTeX Warning: No positions in optional float specifier.
               Default added (so using `tbp') on input line 361.


Package natbib Warning: Citation `Xu_2017_CVPR' on page 4 undefined on input li
ne 368.


Package natbib Warning: Citation `zhang2022fine' on page 4 undefined on input l
ine 369.


Package natbib Warning: Citation `Tang_2019_CVPR' on page 4 undefined on input 
line 371.


Package natbib Warning: Citation `zhang2022fine' on page 4 undefined on input l
ine 372.


Package natbib Warning: Citation `Zellers_2018_CVPR' on page 4 undefined on inp
ut line 374.


Package natbib Warning: Citation `zhang2022fine' on page 4 undefined on input l
ine 375.


Package natbib Warning: Citation `Lin_2020_CVPR' on page 4 undefined on input l
ine 377.


Package natbib Warning: Citation `zhang2022fine' on page 4 undefined on input l
ine 378.


Package natbib Warning: Citation `yang2022psg' on page 4 undefined on input lin
e 381.


Package natbib Warning: Citation `zhang2022fine' on page 4 undefined on input l
ine 382.

<picture_compare_new.pdf, id=143, 3270.1261pt x 2246.50548pt>
File: picture_compare_new.pdf Graphic file (type pdf)
<use picture_compare_new.pdf>
Package pdftex.def Info: picture_compare_new.pdf  used on input line 419.
(pdftex.def)             Requested size: 237.7689pt x 163.3388pt.

Underfull \hbox (badness 4168) in paragraph at lines 420--420
\OT1/ptm/m/n/10 plain PS-GTR, and PS-GTR with AD-Trans. AD-Trans
 []

[4 <./picture_compare_new.pdf>]

Package natbib Warning: Citation `Krishna2017' on page 5 undefined on input lin
e 479.


Package natbib Warning: Citation `yang2022psg' on page 5 undefined on input lin
e 479.

<visual_performance.pdf, id=155, 1290.70953pt x 343.73907pt>
File: visual_performance.pdf Graphic file (type pdf)
<use visual_performance.pdf>
Package pdftex.def Info: visual_performance.pdf  used on input line 482.
(pdftex.def)             Requested size: 505.89561pt x 142.26091pt.

Package natbib Warning: Citation `Tang_2020_CVPR' on page 5 undefined on input 
line 492.


Package natbib Warning: Citation `Zellers_2018_CVPR' on page 5 undefined on inp
ut line 492.


Package natbib Warning: Citation `Tang_2019_CVPR' on page 5 undefined on input 
line 492.


Package natbib Warning: Citation `Chen_2019_CVPR' on page 5 undefined on input 
line 492.


Package natbib Warning: Citation `Kirillov_2019_CVPR' on page 5 undefined on in
put line 492.


Package natbib Warning: Citation `zhang2022fine' on page 5 undefined on input l
ine 492.


LaTeX Warning: No positions in optional float specifier.
               Default added (so using `tbp') on input line 494.


Package natbib Warning: Citation `devlin-etal-2019-bert' on page 5 undefined on
 input line 517.


Package natbib Warning: Citation `Loshchilov' on page 5 undefined on input line
 517.


Underfull \hbox (badness 2096) in paragraph at lines 517--518
\OT1/ptm/b/n/10 Implementation De-tails\OT1/ptm/m/n/10 . For the pre-trained la
n-guage
 []


Package natbib Warning: Citation `He_2016_CVPR' on page 5 undefined on input li
ne 528.


LaTeX Warning: No positions in optional float specifier.
               Default added (so using `tbp') on input line 533.


Package natbib Warning: Citation `zhang2022fine' on page 5 undefined on input l
ine 551.

[5]

LaTeX Warning: No positions in optional float specifier.
               Default added (so using `tbp') on input line 553.


LaTeX Warning: No positions in optional float specifier.
               Default added (so using `tbp') on input line 571.

LaTeX Font Info:    Trying to load font information for U+ding on input line 57
8.
(C:\Users\micha\AppData\Local\Programs\MiKTeX\tex/latex/bbding\uding.fd
File: Uding.fd 1996/02/01 v1.0 BBding font definitions
)
<visual_dataset.pdf, id=159, 1344.05103pt x 345.77307pt>
File: visual_dataset.pdf Graphic file (type pdf)
<use visual_dataset.pdf>
Package pdftex.def Info: visual_dataset.pdf  used on input line 591.
(pdftex.def)             Requested size: 505.88419pt x 142.26382pt.


Package natbib Warning: Citation `yang2022psg' on page 6 undefined on input lin
e 603.


LaTeX Warning: No positions in optional float specifier.
               Default added (so using `tbp') on input line 612.

[6 <./visual_performance.pdf>]

LaTeX Warning: No positions in optional float specifier.
               Default added (so using `tbp') on input line 655.

No file camera-ready_changed.bbl.
[7 <./visual_dataset.pdf>]

Package natbib Warning: There were undefined citations.

[8

] (camera-ready_changed.aux)
 ***********
LaTeX2e <2023-06-01> patch level 1
L3 programming layer <2023-08-29>
 ***********
 ) 
Here is how much of TeX's memory you used:
 6205 strings out of 475247
 103888 string characters out of 5757792
 1963801 words of memory out of 5000000
 27654 multiletter control sequences out of 15000+600000
 583305 words of font info for 81 fonts, out of 8000000 for 9000
 1141 hyphenation exceptions out of 8191
 57i,10n,65p,1480b,301s stack positions out of 10000i,1000n,20000p,200000b,200000s
 <C:\Users\micha\AppData\Local\MiKTeX\fonts/pk/ljfour/public/bbding/dpi600\bb
ding10.pk><C:/Users/micha/AppData/Local/Programs/MiKTeX/fonts/type1/public/amsf
onts/cm/cmbx10.pfb><C:/Users/micha/AppData/Local/Programs/MiKTeX/fonts/type1/pu
blic/amsfonts/cm/cmex10.pfb><C:/Users/micha/AppData/Local/Programs/MiKTeX/fonts
/type1/public/amsfonts/cm/cmmi10.pfb><C:/Users/micha/AppData/Local/Programs/MiK
TeX/fonts/type1/public/amsfonts/cm/cmmi5.pfb><C:/Users/micha/AppData/Local/Prog
rams/MiKTeX/fonts/type1/public/amsfonts/cm/cmmi7.pfb><C:/Users/micha/AppData/Lo
cal/Programs/MiKTeX/fonts/type1/public/amsfonts/cm/cmr10.pfb><C:/Users/micha/Ap
pData/Local/Programs/MiKTeX/fonts/type1/public/amsfonts/cm/cmr7.pfb><C:/Users/m
icha/AppData/Local/Programs/MiKTeX/fonts/type1/public/amsfonts/cm/cmsy10.pfb><C
:/Users/micha/AppData/Local/Programs/MiKTeX/fonts/type1/public/amsfonts/cm/cmsy
7.pfb><C:/Users/micha/AppData/Local/Programs/MiKTeX/fonts/type1/urw/times/utmb8
a.pfb><C:/Users/micha/AppData/Local/Programs/MiKTeX/fonts/type1/urw/times/utmr8
a.pfb><C:/Users/micha/AppData/Local/Programs/MiKTeX/fonts/type1/urw/times/utmri
8a.pfb>
Output written on camera-ready_changed.pdf (8 pages, 1312888 bytes).
PDF statistics:
 259 PDF objects out of 1000 (max. 8388607)
 0 named destinations out of 1000 (max. 500000)
 26 words of extra memory for PDF output out of 10000 (max. 10000000)

