This is pdfTeX, Version 3.141592653-2.6-1.40.25 (MiKTeX 23.9) (preloaded format=pdflatex 2023.9.22)  30 MAR 2024 17:05
entering extended mode
 restricted \write18 enabled.
 %&-line parsing enabled.
**./multi-label_changed.tex
(multi-label_changed.tex
LaTeX2e <2023-06-01> patch level 1
L3 programming layer <2023-08-29>
(C:\Users\micha\AppData\Local\Programs\MiKTeX\tex/latex/base\article.cls
Document Class: article 2023/05/17 v1.4n Standard LaTeX document class
(C:\Users\micha\AppData\Local\Programs\MiKTeX\tex/latex/base\size10.clo
File: size10.clo 2023/05/17 v1.4n Standard LaTeX file (size option)
)
\c@part=\count185
\c@section=\count186
\c@subsection=\count187
\c@subsubsection=\count188
\c@paragraph=\count189
\c@subparagraph=\count190
\c@figure=\count191
\c@table=\count192
\abovecaptionskip=\skip48
\belowcaptionskip=\skip49
\bibindent=\dimen140
)
(aaai18.sty
Conference Style for AAAI for LaTeX 2e -- version for the AAAI-18 conference
\titlebox=\skip50
) (C:\Users\micha\AppData\Local\Programs\MiKTeX\tex/latex/psnfss\times.sty
Package: times 2020/03/25 PSNFSS-v9.3 (SPQR) 
)
(C:\Users\micha\AppData\Local\Programs\MiKTeX\tex/latex/psnfss\helvet.sty
Package: helvet 2020/03/25 PSNFSS-v9.3 (WaS) 

(C:\Users\micha\AppData\Local\Programs\MiKTeX\tex/latex/graphics\keyval.sty
Package: keyval 2022/05/29 v1.15 key=value parser (DPC)
\KV@toks@=\toks17
))
(C:\Users\micha\AppData\Local\Programs\MiKTeX\tex/latex/psnfss\courier.sty
Package: courier 2020/03/25 PSNFSS-v9.3 (WaS) 
)
(C:\Users\micha\AppData\Local\Programs\MiKTeX\tex/latex/url\url.sty
\Urlmuskip=\muskip16
Package: url 2013/09/16  ver 3.4  Verb mode for urls, etc.
)
(C:\Users\micha\AppData\Local\Programs\MiKTeX\tex/latex/graphics\graphicx.sty
Package: graphicx 2021/09/16 v1.2d Enhanced LaTeX Graphics (DPC,SPQR)

(C:\Users\micha\AppData\Local\Programs\MiKTeX\tex/latex/graphics\graphics.sty
Package: graphics 2022/03/10 v1.4e Standard LaTeX Graphics (DPC,SPQR)

(C:\Users\micha\AppData\Local\Programs\MiKTeX\tex/latex/graphics\trig.sty
Package: trig 2021/08/11 v1.11 sin cos tan (DPC)
)
(C:\Users\micha\AppData\Local\Programs\MiKTeX\tex/latex/graphics-cfg\graphics.c
fg
File: graphics.cfg 2016/06/04 v1.11 sample graphics configuration
)
Package graphics Info: Driver file: pdftex.def on input line 107.

(C:\Users\micha\AppData\Local\Programs\MiKTeX\tex/latex/graphics-def\pdftex.def
File: pdftex.def 2022/09/22 v1.2b Graphics/color driver for pdftex
))
\Gin@req@height=\dimen141
\Gin@req@width=\dimen142
)
(C:\Users\micha\AppData\Local\Programs\MiKTeX\tex/latex/microtype\microtype.sty
Package: microtype 2023/03/13 v3.1a Micro-typographical refinements (RS)
(C:\Users\micha\AppData\Local\Programs\MiKTeX\tex/latex/etoolbox\etoolbox.sty
Package: etoolbox 2020/10/05 v2.5k e-TeX tools for LaTeX (JAW)
\etb@tempcnta=\count193
)
\MT@toks=\toks18
\MT@tempbox=\box51
\MT@count=\count194
LaTeX Info: Redefining \noprotrusionifhmode on input line 1059.
LaTeX Info: Redefining \leftprotrusion on input line 1060.
\MT@prot@toks=\toks19
LaTeX Info: Redefining \rightprotrusion on input line 1078.
LaTeX Info: Redefining \textls on input line 1368.
\MT@outer@kern=\dimen143
LaTeX Info: Redefining \textmicrotypecontext on input line 1988.
\MT@listname@count=\count195

(C:\Users\micha\AppData\Local\Programs\MiKTeX\tex/latex/microtype\microtype-pdf
tex.def
File: microtype-pdftex.def 2023/03/13 v3.1a Definitions specific to pdftex (RS)

LaTeX Info: Redefining \lsstyle on input line 902.
LaTeX Info: Redefining \lslig on input line 902.
\MT@outer@space=\skip51
)
Package microtype Info: Loading configuration file microtype.cfg.

(C:\Users\micha\AppData\Local\Programs\MiKTeX\tex/latex/microtype\microtype.cfg
File: microtype.cfg 2023/03/13 v3.1a microtype main configuration file (RS)
)) (C:\Users\micha\AppData\Local\Programs\MiKTeX\tex/latex/amsmath\amsmath.sty
Package: amsmath 2023/05/13 v2.17o AMS math features
\@mathmargin=\skip52

For additional information on amsmath, use the `?' option.
(C:\Users\micha\AppData\Local\Programs\MiKTeX\tex/latex/amsmath\amstext.sty
Package: amstext 2021/08/26 v2.01 AMS text

(C:\Users\micha\AppData\Local\Programs\MiKTeX\tex/latex/amsmath\amsgen.sty
File: amsgen.sty 1999/11/30 v2.0 generic functions
\@emptytoks=\toks20
\ex@=\dimen144
))
(C:\Users\micha\AppData\Local\Programs\MiKTeX\tex/latex/amsmath\amsbsy.sty
Package: amsbsy 1999/11/29 v1.2d Bold Symbols
\pmbraise@=\dimen145
)
(C:\Users\micha\AppData\Local\Programs\MiKTeX\tex/latex/amsmath\amsopn.sty
Package: amsopn 2022/04/08 v2.04 operator names
)
\inf@bad=\count196
LaTeX Info: Redefining \frac on input line 234.
\uproot@=\count197
\leftroot@=\count198
LaTeX Info: Redefining \overline on input line 399.
LaTeX Info: Redefining \colon on input line 410.
\classnum@=\count199
\DOTSCASE@=\count266
LaTeX Info: Redefining \ldots on input line 496.
LaTeX Info: Redefining \dots on input line 499.
LaTeX Info: Redefining \cdots on input line 620.
\Mathstrutbox@=\box52
\strutbox@=\box53
LaTeX Info: Redefining \big on input line 722.
LaTeX Info: Redefining \Big on input line 723.
LaTeX Info: Redefining \bigg on input line 724.
LaTeX Info: Redefining \Bigg on input line 725.
\big@size=\dimen146
LaTeX Font Info:    Redeclaring font encoding OML on input line 743.
LaTeX Font Info:    Redeclaring font encoding OMS on input line 744.
\macc@depth=\count267
LaTeX Info: Redefining \bmod on input line 905.
LaTeX Info: Redefining \pmod on input line 910.
LaTeX Info: Redefining \smash on input line 940.
LaTeX Info: Redefining \relbar on input line 970.
LaTeX Info: Redefining \Relbar on input line 971.
\c@MaxMatrixCols=\count268
\dotsspace@=\muskip17
\c@parentequation=\count269
\dspbrk@lvl=\count270
\tag@help=\toks21
\row@=\count271
\column@=\count272
\maxfields@=\count273
\andhelp@=\toks22
\eqnshift@=\dimen147
\alignsep@=\dimen148
\tagshift@=\dimen149
\tagwidth@=\dimen150
\totwidth@=\dimen151
\lineht@=\dimen152
\@envbody=\toks23
\multlinegap=\skip53
\multlinetaggap=\skip54
\mathdisplay@stack=\toks24
LaTeX Info: Redefining \[ on input line 2953.
LaTeX Info: Redefining \] on input line 2954.
)
(C:\Users\micha\AppData\Local\Programs\MiKTeX\tex/latex/amsfonts\amssymb.sty
Package: amssymb 2013/01/14 v3.01 AMS font symbols

(C:\Users\micha\AppData\Local\Programs\MiKTeX\tex/latex/amsfonts\amsfonts.sty
Package: amsfonts 2013/01/14 v3.01 Basic AMSFonts support
\symAMSa=\mathgroup4
\symAMSb=\mathgroup5
LaTeX Font Info:    Redeclaring math symbol \hbar on input line 98.
LaTeX Font Info:    Overwriting math alphabet `\mathfrak' in version `bold'
(Font)                  U/euf/m/n --> U/euf/b/n on input line 106.
)) (C:\Users\micha\AppData\Local\Programs\MiKTeX\tex/latex/graphics\color.sty
Package: color 2022/01/06 v1.3d Standard LaTeX Color (DPC)

(C:\Users\micha\AppData\Local\Programs\MiKTeX\tex/latex/graphics-cfg\color.cfg
File: color.cfg 2016/01/02 v1.6 sample color configuration
)
Package color Info: Driver file: pdftex.def on input line 149.
(C:\Users\micha\AppData\Local\Programs\MiKTeX\tex/latex/graphics\mathcolor.ltx)
) (C:\Users\micha\AppData\Local\Programs\MiKTeX\tex/latex/graphics\epsfig.sty
Package: epsfig 2017/06/25 v1.7b (e)psfig emulation (SPQR)
\epsfxsize=\dimen153
\epsfysize=\dimen154
)
LaTeX Font Info:    Trying to load font information for OT1+ptm on input line 2
0.

(C:\Users\micha\AppData\Local\Programs\MiKTeX\tex/latex/psnfss\ot1ptm.fd
File: ot1ptm.fd 2001/06/04 font definitions for OT1/ptm.
)
(C:\Users\micha\AppData\Local\Programs\MiKTeX\tex/latex/l3backend\l3backend-pdf
tex.def
File: l3backend-pdftex.def 2023-04-19 L3 backend support: PDF output (pdfTeX)
\l__color_backend_stack_int=\count274
\l__pdf_internal_box=\box54
) (multi-label_changed.aux)
\openout1 = `multi-label_changed.aux'.

LaTeX Font Info:    Checking defaults for OML/cmm/m/it on input line 20.
LaTeX Font Info:    ... okay on input line 20.
LaTeX Font Info:    Checking defaults for OMS/cmsy/m/n on input line 20.
LaTeX Font Info:    ... okay on input line 20.
LaTeX Font Info:    Checking defaults for OT1/cmr/m/n on input line 20.
LaTeX Font Info:    ... okay on input line 20.
LaTeX Font Info:    Checking defaults for T1/cmr/m/n on input line 20.
LaTeX Font Info:    ... okay on input line 20.
LaTeX Font Info:    Checking defaults for TS1/cmr/m/n on input line 20.
LaTeX Font Info:    ... okay on input line 20.
LaTeX Font Info:    Checking defaults for OMX/cmex/m/n on input line 20.
LaTeX Font Info:    ... okay on input line 20.
LaTeX Font Info:    Checking defaults for U/cmr/m/n on input line 20.
LaTeX Font Info:    ... okay on input line 20.

(C:\Users\micha\AppData\Local\Programs\MiKTeX\tex/context/base/mkii\supp-pdf.mk
ii
[Loading MPS to PDF converter (version 2006.09.02).]
\scratchcounter=\count275
\scratchdimen=\dimen155
\scratchbox=\box55
\nofMPsegments=\count276
\nofMParguments=\count277
\everyMPshowfont=\toks25
\MPscratchCnt=\count278
\MPscratchDim=\dimen156
\MPnumerator=\count279
\makeMPintoPDFobject=\count280
\everyMPtoPDFconversion=\toks26
)
(C:\Users\micha\AppData\Local\Programs\MiKTeX\tex/latex/epstopdf-pkg\epstopdf-b
ase.sty
Package: epstopdf-base 2020-01-24 v2.11 Base part for package epstopdf
Package epstopdf-base Info: Redefining graphics rule for `.eps' on input line 4
85.

(C:\Users\micha\AppData\Local\Programs\MiKTeX\tex/latex/00miktex\epstopdf-sys.c
fg
File: epstopdf-sys.cfg 2021/03/18 v2.0 Configuration of epstopdf for MiKTeX
))
LaTeX Info: Redefining \microtypecontext on input line 20.
Package microtype Info: Applying patch `item' on input line 20.
Package microtype Info: Applying patch `toc' on input line 20.
Package microtype Info: Applying patch `eqnum' on input line 20.
Package microtype Info: Applying patch `footnote' on input line 20.
Package microtype Info: Applying patch `verbatim' on input line 20.
Package microtype Info: Generating PDF output.
Package microtype Info: Character protrusion enabled (level 2).
Package microtype Info: Using default protrusion set `alltext'.
Package microtype Info: Automatic font expansion enabled (level 2),
(microtype)             stretch: 20, shrink: 20, step: 1, non-selected.
Package microtype Info: Using default expansion set `alltext-nott'.
LaTeX Info: Redefining \showhyphens on input line 20.
Package microtype Info: No adjustment of tracking.
Package microtype Info: No adjustment of interword spacing.
Package microtype Info: No adjustment of character kerning.

(C:\Users\micha\AppData\Local\Programs\MiKTeX\tex/latex/microtype\mt-ptm.cfg
File: mt-ptm.cfg 2006/04/20 v1.7 microtype config. file: Times (RS)
)
(C:\Users\micha\AppData\Local\Programs\MiKTeX\tex/latex/microtype\mt-cmr.cfg
File: mt-cmr.cfg 2013/05/19 v2.2 microtype config. file: Computer Modern Roman 
(RS)
)
LaTeX Font Info:    Trying to load font information for U+msa on input line 31.


(C:\Users\micha\AppData\Local\Programs\MiKTeX\tex/latex/amsfonts\umsa.fd
File: umsa.fd 2013/01/14 v3.01 AMS symbols A
)
(C:\Users\micha\AppData\Local\Programs\MiKTeX\tex/latex/microtype\mt-msa.cfg
File: mt-msa.cfg 2006/02/04 v1.1 microtype config. file: AMS symbols (a) (RS)
)
LaTeX Font Info:    Trying to load font information for U+msb on input line 31.


(C:\Users\micha\AppData\Local\Programs\MiKTeX\tex/latex/amsfonts\umsb.fd
File: umsb.fd 2013/01/14 v3.01 AMS symbols B
)
(C:\Users\micha\AppData\Local\Programs\MiKTeX\tex/latex/microtype\mt-msb.cfg
File: mt-msb.cfg 2005/06/01 v1.0 microtype config. file: AMS symbols (b) (RS)
)
LaTeX Font Info:    Trying to load font information for TS1+ptm on input line 3
1.

(C:\Users\micha\AppData\Local\Programs\MiKTeX\tex/latex/psnfss\ts1ptm.fd
File: ts1ptm.fd 2001/06/04 font definitions for TS1/ptm.
)
Underfull \hbox (badness 7186) in paragraph at lines 31--31
[][]\OT1/ptm/m/n/9 (+20) Corresponding au-thor is Guan-bin Li (Email: liguan-
 []


LaTeX Warning: Citation `krizhevsky2012imagenet' on page 1 undefined on input l
ine 39.


LaTeX Warning: Citation `he2016deep' on page 1 undefined on input line 39.


LaTeX Warning: Citation `russakovsky2015imagenet' on page 1 undefined on input 
line 41.


LaTeX Warning: Citation `chatfield2014return' on page 1 undefined on input line
 41.


LaTeX Warning: Citation `yang2016exploit' on page 1 undefined on input line 41.



LaTeX Warning: Citation `wei2016hcp' on page 1 undefined on input line 41.


LaTeX Warning: Citation `zhang2016multi' on page 1 undefined on input line 43.


LaTeX Warning: Citation `mnih2014recurrent' on page 1 undefined on input line 4
3.


LaTeX Warning: Citation `ba2014multiple' on page 1 undefined on input line 43.


Underfull \vbox (badness 1400) has occurred while \output is active []

 [1{C:/Users/micha/AppData/Local/MiKTeX/fonts/map/pdftex/pdftex.map}{C:/Users/m
icha/AppData/Local/Programs/MiKTeX/fonts/enc/dvips/base/8r.enc}



]
<framework.pdf, id=10, 808.01875pt x 425.59pt>
File: framework.pdf Graphic file (type pdf)
<use framework.pdf>
Package pdftex.def Info: framework.pdf  used on input line 49.
(pdftex.def)             Requested size: 430.00958pt x 226.49025pt.


LaTeX Warning: Citation `krizhevsky2012imagenet' on page 2 undefined on input l
ine 57.


LaTeX Warning: Citation `simonyan2014very' on page 2 undefined on input line 57
.


LaTeX Warning: Citation `he2016deep' on page 2 undefined on input line 57.


LaTeX Warning: Citation `sharif2014cnn' on page 2 undefined on input line 57.


LaTeX Warning: Citation `simonyan2014very' on page 2 undefined on input line 57
.


LaTeX Warning: Citation `yang2016exploit' on page 2 undefined on input line 57.



LaTeX Warning: Citation `wei2016hcp' on page 2 undefined on input line 57.


LaTeX Warning: Citation `wang2016cnn' on page 2 undefined on input line 57.


LaTeX Warning: Citation `sharif2014cnn' on page 2 undefined on input line 57.


LaTeX Warning: Citation `chatfield2014return' on page 2 undefined on input line
 57.


LaTeX Warning: Citation `gong2013deep' on page 2 undefined on input line 57.


LaTeX Warning: Citation `ghamrawi2005collective' on page 2 undefined on input l
ine 57.


LaTeX Warning: Citation `guo2011multi' on page 2 undefined on input line 57.


LaTeX Warning: Citation `xue2011correlative' on page 2 undefined on input line 
57.


LaTeX Warning: Citation `wang2016cnn' on page 2 undefined on input line 57.


LaTeX Warning: Citation `zhu2017learning' on page 2 undefined on input line 57.



LaTeX Warning: Citation `yang2016exploit' on page 2 undefined on input line 59.



LaTeX Warning: Citation `wei2016hcp' on page 2 undefined on input line 59.


LaTeX Warning: Citation `wei2016hcp' on page 2 undefined on input line 59.


LaTeX Warning: Citation `yang2016exploit' on page 2 undefined on input line 59.



LaTeX Warning: Citation `zhang2016multi' on page 2 undefined on input line 59.


LaTeX Warning: Citation `wei2016hcp' on page 2 undefined on input line 62.


LaTeX Warning: Citation `yang2016exploit' on page 2 undefined on input line 62.



LaTeX Warning: Citation `zhang2016multi' on page 2 undefined on input line 62.


LaTeX Warning: Citation `mnih2014recurrent' on page 2 undefined on input line 6
2.


LaTeX Warning: Citation `ba2014multiple' on page 2 undefined on input line 62.


LaTeX Warning: Citation `xiao2015application' on page 2 undefined on input line
 62.


LaTeX Warning: Citation `xu2015show' on page 2 undefined on input line 62.


LaTeX Warning: Citation `xiong2016dynamic' on page 2 undefined on input line 62
.


LaTeX Warning: Citation `mnih2014recurrent' on page 2 undefined on input line 6
2.


LaTeX Warning: Citation `ba2014multiple' on page 2 undefined on input line 62.


LaTeX Warning: Citation `simonyan2014very' on page 2 undefined on input line 68
.

[2]

LaTeX Warning: Citation `mnih2014recurrent' on page 3 undefined on input line 7
0.


LaTeX Warning: Citation `ren2015faster' on page 3 undefined on input line 70.


LaTeX Warning: Citation `mnih2014recurrent' on page 3 undefined on input line 7
4.


LaTeX Warning: Citation `hochreiter1997long' on page 3 undefined on input line 
74.


LaTeX Warning: Citation `wei2016hcp' on page 3 undefined on input line 81.

[3 <./framework.pdf>]

LaTeX Warning: Citation `yang2016exploit' on page 4 undefined on input line 115
.


Underfull \hbox (badness 10000) in paragraph at lines 117--118
[]\OT1/ptm/m/n/10 (+20) Formally, the agent needs to learn a pol-icy
 []


Underfull \hbox (badness 3590) in paragraph at lines 117--118
\OML/cmm/m/it/10 ^^Y\OT1/cmr/m/n/10 ((\OML/cmm/m/it/10 a[]; l[]\OT1/cmr/m/n/10 
)\OMS/cmsy/m/n/10 j\OML/cmm/m/it/10 S[]\OT1/cmr/m/n/10 ; \OML/cmm/m/it/10 ^^R\O
T1/cmr/m/n/10 )$\OT1/ptm/m/n/10 (+20) , which pre-dicts a dis-tri-bu-tion over
 []


LaTeX Warning: Citation `mnih2014recurrent' on page 4 undefined on input line 1
21.


LaTeX Warning: Citation `williams1992simple' on page 4 undefined on input line 
121.


LaTeX Warning: Citation `mnih2014recurrent' on page 4 undefined on input line 1
29.


LaTeX Warning: Citation `wei2016hcp' on page 4 undefined on input line 131.


LaTeX Warning: Citation `yang2016exploit' on page 4 undefined on input line 131
.

[4]

LaTeX Warning: Citation `krizhevsky2012imagenet' on page 5 undefined on input l
ine 145.


LaTeX Warning: Citation `gong2013deep' on page 5 undefined on input line 148.


LaTeX Warning: Citation `wang2016cnn' on page 5 undefined on input line 148.


Overfull \hbox (31.52835pt too wide) in paragraph at lines 170--188
 [][] 
 []


LaTeX Warning: Citation `everingham2010pascal' on page 5 undefined on input lin
e 193.


LaTeX Warning: Citation `lin2014microsoft' on page 5 undefined on input line 19
3.


LaTeX Warning: Citation `yang2016exploit' on page 5 undefined on input line 196
.


LaTeX Warning: Citation `wei2016hcp' on page 5 undefined on input line 196.


LaTeX Warning: Citation `wang2016cnn' on page 5 undefined on input line 196.


LaTeX Warning: Citation `zhang2016multi' on page 5 undefined on input line 196.



LaTeX Warning: Citation `simonyan2014very' on page 5 undefined on input line 19
6.


LaTeX Warning: Citation `sharif2014cnn' on page 5 undefined on input line 196.


Overfull \hbox (1.82509pt too wide) in paragraph at lines 203--217
 [][] 
 []


LaTeX Warning: Citation `wang2016cnn' on page 5 undefined on input line 222.


LaTeX Warning: Citation `zhang2016multi' on page 5 undefined on input line 222.



LaTeX Warning: Citation `gong2013deep' on page 5 undefined on input line 222.


LaTeX Warning: Citation `wang2016cnn' on page 5 undefined on input line 222.

[5]

LaTeX Warning: Citation `zitnick2014edge' on page 6 undefined on input line 231
.

<visualization.pdf, id=110, 906.38625pt x 294.09875pt>
File: visualization.pdf Graphic file (type pdf)
<use visualization.pdf>
Package pdftex.def Info: visualization.pdf  used on input line 273.
(pdftex.def)             Requested size: 234.60545pt x 76.1228pt.
[6]

LaTeX Warning: Citation `wei2016hcp' on page 7 undefined on input line 317.


LaTeX Warning: Citation `yang2016exploit' on page 7 undefined on input line 317
.


LaTeX Warning: Citation `wei2016hcp' on page 7 undefined on input line 317.

[7 <./visualization.pdf>] [8

]
No file multi-label_changed.bbl.
(multi-label_changed.aux)
 ***********
LaTeX2e <2023-06-01> patch level 1
L3 programming layer <2023-08-29>
 ***********
 ) 
Here is how much of TeX's memory you used:
 5640 strings out of 475247
 87862 string characters out of 5757792
 1960801 words of memory out of 5000000
 26777 multiletter control sequences out of 15000+600000
 594702 words of font info for 289 fonts, out of 8000000 for 9000
 1141 hyphenation exceptions out of 8191
 57i,16n,65p,2209b,385s stack positions out of 10000i,1000n,20000p,200000b,200000s
<C:/Users/micha/AppData/Local/Programs/MiKTeX/fonts/type1/public/amsfonts/cm/
cmex10.pfb><C:/Users/micha/AppData/Local/Programs/MiKTeX/fonts/type1/public/ams
fonts/cm/cmmi10.pfb><C:/Users/micha/AppData/Local/Programs/MiKTeX/fonts/type1/p
ublic/amsfonts/cm/cmmi5.pfb><C:/Users/micha/AppData/Local/Programs/MiKTeX/fonts
/type1/public/amsfonts/cm/cmmi7.pfb><C:/Users/micha/AppData/Local/Programs/MiKT
eX/fonts/type1/public/amsfonts/cm/cmmi8.pfb><C:/Users/micha/AppData/Local/Progr
ams/MiKTeX/fonts/type1/public/amsfonts/cm/cmr10.pfb><C:/Users/micha/AppData/Loc
al/Programs/MiKTeX/fonts/type1/public/amsfonts/cm/cmr7.pfb><C:/Users/micha/AppD
ata/Local/Programs/MiKTeX/fonts/type1/public/amsfonts/cm/cmr8.pfb><C:/Users/mic
ha/AppData/Local/Programs/MiKTeX/fonts/type1/public/amsfonts/cm/cmsy10.pfb><C:/
Users/micha/AppData/Local/Programs/MiKTeX/fonts/type1/public/amsfonts/cm/cmsy5.
pfb><C:/Users/micha/AppData/Local/Programs/MiKTeX/fonts/type1/public/amsfonts/c
m/cmsy7.pfb><C:/Users/micha/AppData/Local/Programs/MiKTeX/fonts/type1/public/am
sfonts/symbols/msbm10.pfb><C:/Users/micha/AppData/Local/Programs/MiKTeX/fonts/t
ype1/urw/times/utmb8a.pfb><C:/Users/micha/AppData/Local/Programs/MiKTeX/fonts/t
ype1/urw/times/utmr8a.pfb>
Output written on multi-label_changed.pdf (8 pages, 577082 bytes).
PDF statistics:
 198 PDF objects out of 1000 (max. 8388607)
 0 named destinations out of 1000 (max. 500000)
 54795 words of extra memory for PDF output out of 61914 (max. 10000000)

