This is pdfTeX, Version 3.141592653-2.6-1.40.25 (MiKTeX 23.5) (preloaded format=pdflatex 2024.1.12)  2 APR 2024 13:28
entering extended mode
 restricted \write18 enabled.
 %&-line parsing enabled.
**./after_operator4.tex
(after_operator4.tex
LaTeX2e <2023-06-01> patch level 1
L3 programming layer <2023-08-29>
(C:\Users\orfuc\AppData\Local\Programs\MiKTeX\tex/latex/base\article.cls
Document Class: article 2023/05/17 v1.4n Standard LaTeX document class
(C:\Users\orfuc\AppData\Local\Programs\MiKTeX\tex/latex/base\size10.clo
File: size10.clo 2023/05/17 v1.4n Standard LaTeX file (size option)
)
\c@part=\count185
\c@section=\count186
\c@subsection=\count187
\c@subsubsection=\count188
\c@paragraph=\count189
\c@subparagraph=\count190
\c@figure=\count191
\c@table=\count192
\abovecaptionskip=\skip48
\belowcaptionskip=\skip49
\bibindent=\dimen140
)
(aaai22.sty
Conference Style for AAAI for LaTeX 2e -- version for the AAAI-22 conference
\titlebox=\skip50
) (C:\Users\orfuc\AppData\Local\Programs\MiKTeX\tex/latex/psnfss\times.sty
Package: times 2020/03/25 PSNFSS-v9.3 (SPQR) 
)
(C:\Users\orfuc\AppData\Local\Programs\MiKTeX\tex/latex/psnfss\helvet.sty
Package: helvet 2020/03/25 PSNFSS-v9.3 (WaS) 

(C:\Users\orfuc\AppData\Local\Programs\MiKTeX\tex/latex/graphics\keyval.sty
Package: keyval 2022/05/29 v1.15 key=value parser (DPC)
\KV@toks@=\toks17
))
(C:\Users\orfuc\AppData\Local\Programs\MiKTeX\tex/latex/psnfss\courier.sty
Package: courier 2020/03/25 PSNFSS-v9.3 (WaS) 
)
(C:\Users\orfuc\AppData\Local\Programs\MiKTeX\tex/latex/url\url.sty
\Urlmuskip=\muskip16
Package: url 2013/09/16  ver 3.4  Verb mode for urls, etc.
)
(C:\Users\orfuc\AppData\Local\Programs\MiKTeX\tex/latex/graphics\graphicx.sty
Package: graphicx 2021/09/16 v1.2d Enhanced LaTeX Graphics (DPC,SPQR)

(C:\Users\orfuc\AppData\Local\Programs\MiKTeX\tex/latex/graphics\graphics.sty
Package: graphics 2022/03/10 v1.4e Standard LaTeX Graphics (DPC,SPQR)

(C:\Users\orfuc\AppData\Local\Programs\MiKTeX\tex/latex/graphics\trig.sty
Package: trig 2021/08/11 v1.11 sin cos tan (DPC)
)
(C:\Users\orfuc\AppData\Local\Programs\MiKTeX\tex/latex/graphics-cfg\graphics.c
fg
File: graphics.cfg 2016/06/04 v1.11 sample graphics configuration
)
Package graphics Info: Driver file: pdftex.def on input line 107.

(C:\Users\orfuc\AppData\Local\Programs\MiKTeX\tex/latex/graphics-def\pdftex.def
File: pdftex.def 2022/09/22 v1.2b Graphics/color driver for pdftex
))
\Gin@req@height=\dimen141
\Gin@req@width=\dimen142
) (C:\Users\orfuc\AppData\Local\Programs\MiKTeX\tex/latex/natbib\natbib.sty
Package: natbib 2010/09/13 8.31b (PWD, AO)
\bibhang=\skip51
\bibsep=\skip52
LaTeX Info: Redefining \cite on input line 694.
\c@NAT@ctr=\count193
)
(C:\Users\orfuc\AppData\Local\Programs\MiKTeX\tex/latex/caption\caption.sty
Package: caption 2023/07/31 v3.6n Customizing captions (AR)

(C:\Users\orfuc\AppData\Local\Programs\MiKTeX\tex/latex/caption\caption3.sty
Package: caption3 2023/07/31 v2.4d caption3 kernel (AR)
\caption@tempdima=\dimen143
\captionmargin=\dimen144
\caption@leftmargin=\dimen145
\caption@rightmargin=\dimen146
\caption@width=\dimen147
\caption@indent=\dimen148
\caption@parindent=\dimen149
\caption@hangindent=\dimen150
Package caption Info: Standard document class detected.
)
\c@caption@flags=\count194
\c@continuedfloat=\count195
)
(C:\Users\orfuc\AppData\Local\Programs\MiKTeX\tex/latex/algorithms\algorithm.st
y
Package: algorithm 2009/08/24 v0.1 Document Style `algorithm' - floating enviro
nment
 (C:\Users\orfuc\AppData\Local\Programs\MiKTeX\tex/latex/float\float.sty
Package: float 2001/11/08 v1.3d Float enhancements (AL)
\c@float@type=\count196
\float@exts=\toks18
\float@box=\box51
\@float@everytoks=\toks19
\@floatcapt=\box52
)
(C:\Users\orfuc\AppData\Local\Programs\MiKTeX\tex/latex/base\ifthen.sty
Package: ifthen 2022/04/13 v1.1d Standard LaTeX ifthen package (DPC)
)
\@float@every@algorithm=\toks20
\c@algorithm=\count197
)
(C:\Users\orfuc\AppData\Local\Programs\MiKTeX\tex/latex/algorithms\algorithmic.
sty
Package: algorithmic 2009/08/24 v0.1 Document Style `algorithmic'
\c@ALC@unique=\count198
\c@ALC@line=\count199
\c@ALC@rem=\count266
\c@ALC@depth=\count267
\ALC@tlm=\skip53
\algorithmicindent=\skip54
)
(C:\Users\orfuc\AppData\Local\Programs\MiKTeX\tex/latex/graphics\epsfig.sty
Package: epsfig 2017/06/25 v1.7b (e)psfig emulation (SPQR)
\epsfxsize=\dimen151
\epsfysize=\dimen152
)
(C:\Users\orfuc\AppData\Local\Programs\MiKTeX\tex/latex/tools\verbatim.sty
Package: verbatim 2022-07-02 v1.5u LaTeX2e package for verbatim enhancements
\every@verbatim=\toks21
\verbatim@line=\toks22
\verbatim@in@stream=\read2
)
(C:\Users\orfuc\AppData\Local\Programs\MiKTeX\tex/latex/tools\tabularx.sty
Package: tabularx 2020/01/15 v2.11c `tabularx' package (DPC)

(C:\Users\orfuc\AppData\Local\Programs\MiKTeX\tex/latex/tools\array.sty
Package: array 2022/09/04 v2.5g Tabular extension package (FMi)
\col@sep=\dimen153
\ar@mcellbox=\box53
\extrarowheight=\dimen154
\NC@list=\toks23
\extratabsurround=\skip55
\backup@length=\skip56
\ar@cellbox=\box54
)
\TX@col@width=\dimen155
\TX@old@table=\dimen156
\TX@old@col=\dimen157
\TX@target=\dimen158
\TX@delta=\dimen159
\TX@cols=\count268
\TX@ftn=\toks24
)
(C:\Users\orfuc\AppData\Local\Programs\MiKTeX\tex/latex/makecell\makecell.sty
Package: makecell 2009/08/03 V0.1e Managing of Tab Column Heads and Cells
\rotheadsize=\dimen160
\c@nlinenum=\count269
\TeXr@lab=\toks25
)
(C:\Users\orfuc\AppData\Local\Programs\MiKTeX\tex/latex/placeins\placeins.sty
Package: placeins 2005/04/18  v 2.2
)
(C:\Users\orfuc\AppData\Local\Programs\MiKTeX\tex/latex/multirow\multirow.sty
Package: multirow 2021/03/15 v2.8 Span multiple rows of a table
\multirow@colwidth=\skip57
\multirow@cntb=\count270
\multirow@dima=\skip58
\bigstrutjot=\dimen161
)
(C:\Users\orfuc\AppData\Local\Programs\MiKTeX\tex/latex/amsfonts\amssymb.sty
Package: amssymb 2013/01/14 v3.01 AMS font symbols

(C:\Users\orfuc\AppData\Local\Programs\MiKTeX\tex/latex/amsfonts\amsfonts.sty
Package: amsfonts 2013/01/14 v3.01 Basic AMSFonts support
\@emptytoks=\toks26
\symAMSa=\mathgroup4
\symAMSb=\mathgroup5
LaTeX Font Info:    Redeclaring math symbol \hbar on input line 98.
LaTeX Font Info:    Overwriting math alphabet `\mathfrak' in version `bold'
(Font)                  U/euf/m/n --> U/euf/b/n on input line 106.
)) (C:\Users\orfuc\AppData\Local\Programs\MiKTeX\tex/latex/amsmath\amsmath.sty
Package: amsmath 2023/05/13 v2.17o AMS math features
\@mathmargin=\skip59

For additional information on amsmath, use the `?' option.
(C:\Users\orfuc\AppData\Local\Programs\MiKTeX\tex/latex/amsmath\amstext.sty
Package: amstext 2021/08/26 v2.01 AMS text

(C:\Users\orfuc\AppData\Local\Programs\MiKTeX\tex/latex/amsmath\amsgen.sty
File: amsgen.sty 1999/11/30 v2.0 generic functions
\@emptytoks=\toks27
\ex@=\dimen162
))
(C:\Users\orfuc\AppData\Local\Programs\MiKTeX\tex/latex/amsmath\amsbsy.sty
Package: amsbsy 1999/11/29 v1.2d Bold Symbols
\pmbraise@=\dimen163
)
(C:\Users\orfuc\AppData\Local\Programs\MiKTeX\tex/latex/amsmath\amsopn.sty
Package: amsopn 2022/04/08 v2.04 operator names
)
\inf@bad=\count271
LaTeX Info: Redefining \frac on input line 234.
\uproot@=\count272
\leftroot@=\count273
LaTeX Info: Redefining \overline on input line 399.
LaTeX Info: Redefining \colon on input line 410.
\classnum@=\count274
\DOTSCASE@=\count275
LaTeX Info: Redefining \ldots on input line 496.
LaTeX Info: Redefining \dots on input line 499.
LaTeX Info: Redefining \cdots on input line 620.
\Mathstrutbox@=\box55
\strutbox@=\box56
LaTeX Info: Redefining \big on input line 722.
LaTeX Info: Redefining \Big on input line 723.
LaTeX Info: Redefining \bigg on input line 724.
LaTeX Info: Redefining \Bigg on input line 725.
\big@size=\dimen164
LaTeX Font Info:    Redeclaring font encoding OML on input line 743.
LaTeX Font Info:    Redeclaring font encoding OMS on input line 744.
\macc@depth=\count276
LaTeX Info: Redefining \bmod on input line 905.
LaTeX Info: Redefining \pmod on input line 910.
LaTeX Info: Redefining \smash on input line 940.
LaTeX Info: Redefining \relbar on input line 970.
LaTeX Info: Redefining \Relbar on input line 971.
\c@MaxMatrixCols=\count277
\dotsspace@=\muskip17
\c@parentequation=\count278
\dspbrk@lvl=\count279
\tag@help=\toks28
\row@=\count280
\column@=\count281
\maxfields@=\count282
\andhelp@=\toks29
\eqnshift@=\dimen165
\alignsep@=\dimen166
\tagshift@=\dimen167
\tagwidth@=\dimen168
\totwidth@=\dimen169
\lineht@=\dimen170
\@envbody=\toks30
\multlinegap=\skip60
\multlinetaggap=\skip61
\mathdisplay@stack=\toks31
LaTeX Info: Redefining \[ on input line 2953.
LaTeX Info: Redefining \] on input line 2954.
)
(C:\Users\orfuc\AppData\Local\Programs\MiKTeX\tex/latex/newfloat\newfloat.sty
Package: newfloat 2019/09/02 v1.1l Defining new floating environments (AR)
)
(C:\Users\orfuc\AppData\Local\Programs\MiKTeX\tex/latex/listings\listings.sty
\lst@mode=\count283
\lst@gtempboxa=\box57
\lst@token=\toks32
\lst@length=\count284
\lst@currlwidth=\dimen171
\lst@column=\count285
\lst@pos=\count286
\lst@lostspace=\dimen172
\lst@width=\dimen173
\lst@newlines=\count287
\lst@lineno=\count288
\lst@maxwidth=\dimen174

(C:\Users\orfuc\AppData\Local\Programs\MiKTeX\tex/latex/listings\lstmisc.sty
File: lstmisc.sty 2023/02/27 1.9 (Carsten Heinz)
\c@lstnumber=\count289
\lst@skipnumbers=\count290
\lst@framebox=\box58
)
(C:\Users\orfuc\AppData\Local\Programs\MiKTeX\tex/latex/listings\listings.cfg
File: listings.cfg 2023/02/27 1.9 listings configuration
))
Package: listings 2023/02/27 1.9 (Carsten Heinz)
\@float@every@listing=\toks33
\c@listing=\count291
LaTeX Font Info:    Trying to load font information for OT1+ptm on input line 6
1.
(C:\Users\orfuc\AppData\Local\Programs\MiKTeX\tex/latex/psnfss\ot1ptm.fd
File: ot1ptm.fd 2001/06/04 font definitions for OT1/ptm.
)
(C:\Users\orfuc\AppData\Local\Programs\MiKTeX\tex/latex/l3backend\l3backend-pdf
tex.def
File: l3backend-pdftex.def 2023-04-19 L3 backend support: PDF output (pdfTeX)
\l__color_backend_stack_int=\count292
\l__pdf_internal_box=\box59
)
No file after_operator4.aux.
\openout1 = `after_operator4.aux'.

LaTeX Font Info:    Checking defaults for OML/cmm/m/it on input line 61.
LaTeX Font Info:    ... okay on input line 61.
LaTeX Font Info:    Checking defaults for OMS/cmsy/m/n on input line 61.
LaTeX Font Info:    ... okay on input line 61.
LaTeX Font Info:    Checking defaults for OT1/cmr/m/n on input line 61.
LaTeX Font Info:    ... okay on input line 61.
LaTeX Font Info:    Checking defaults for T1/cmr/m/n on input line 61.
LaTeX Font Info:    ... okay on input line 61.
LaTeX Font Info:    Checking defaults for TS1/cmr/m/n on input line 61.
LaTeX Font Info:    ... okay on input line 61.
LaTeX Font Info:    Checking defaults for OMX/cmex/m/n on input line 61.
LaTeX Font Info:    ... okay on input line 61.
LaTeX Font Info:    Checking defaults for U/cmr/m/n on input line 61.
LaTeX Font Info:    ... okay on input line 61.

(C:\Users\orfuc\AppData\Local\Programs\MiKTeX\tex/context/base/mkii\supp-pdf.mk
ii
[Loading MPS to PDF converter (version 2006.09.02).]
\scratchcounter=\count293
\scratchdimen=\dimen175
\scratchbox=\box60
\nofMPsegments=\count294
\nofMParguments=\count295
\everyMPshowfont=\toks34
\MPscratchCnt=\count296
\MPscratchDim=\dimen176
\MPnumerator=\count297
\makeMPintoPDFobject=\count298
\everyMPtoPDFconversion=\toks35
)
(C:\Users\orfuc\AppData\Local\Programs\MiKTeX\tex/latex/epstopdf-pkg\epstopdf-b
ase.sty
Package: epstopdf-base 2020-01-24 v2.11 Base part for package epstopdf
Package epstopdf-base Info: Redefining graphics rule for `.eps' on input line 4
85.

(C:\Users\orfuc\AppData\Local\Programs\MiKTeX\tex/latex/00miktex\epstopdf-sys.c
fg
File: epstopdf-sys.cfg 2021/03/18 v2.0 Configuration of epstopdf for MiKTeX
))
Package caption Info: Begin \AtBeginDocument code.
Package caption Info: float package is loaded.
Package caption Info: listings package is loaded.
Package caption Info: End \AtBeginDocument code.
Package newfloat Info: `float' package detected.
\c@lstlisting=\count299
\c@eqfn=\count300
\titlearea=\box61
LaTeX Font Info:    Trying to load font information for U+msa on input line 63.

 (C:\Users\orfuc\AppData\Local\Programs\MiKTeX\tex/latex/amsfonts\umsa.fd
File: umsa.fd 2013/01/14 v3.01 AMS symbols A
)
LaTeX Font Info:    Trying to load font information for U+msb on input line 63.


(C:\Users\orfuc\AppData\Local\Programs\MiKTeX\tex/latex/amsfonts\umsb.fd
File: umsb.fd 2013/01/14 v3.01 AMS symbols B
)
LaTeX Font Info:    Trying to load font information for OMS+ptm on input line 6
3.

(C:\Users\orfuc\AppData\Local\Programs\MiKTeX\tex/latex/psnfss\omsptm.fd
File: omsptm.fd 
)
LaTeX Font Info:    Font shape `OMS/ptm/m/n' in size <10> not available
(Font)              Font shape `OMS/cmsy/m/n' tried instead on input line 63.
\actualheight=\skip62
LaTeX Font Info:    Trying to load font information for TS1+ptm on input line 6
3.

(C:\Users\orfuc\AppData\Local\Programs\MiKTeX\tex/latex/psnfss\ts1ptm.fd
File: ts1ptm.fd 2001/06/04 font definitions for TS1/ptm.
)

Package natbib Warning: Citation `chen2017multi' on page 1 undefined on input l
ine 70.


Package natbib Warning: Citation `feng2020deep' on page 1 undefined on input li
ne 70.


Package natbib Warning: Citation `liu2020importance' on page 1 undefined on inp
ut line 70.


Package natbib Warning: Citation `zhou2020joint' on page 1 undefined on input l
ine 70.


LaTeX Warning: File `LaTeX/images/fig1.png' not found on input line 74.


! Package pdftex.def Error: File `LaTeX/images/fig1.png' not found: using draft
 setting.

See the pdftex.def package documentation for explanation.
Type  H <return>  for immediate help.
 ...                                              
                                                  
l.74 ...s[width=\linewidth]{LaTeX/images/fig1.png}
                                                  
Try typing  <return>  to proceed.
If that doesn't work, type  X <return>  to quit.

LaTeX Font Info:    Trying to load font information for OT1+pcr on input line 7
4.
(C:\Users\orfuc\AppData\Local\Programs\MiKTeX\tex/latex/psnfss\ot1pcr.fd
File: ot1pcr.fd 2001/06/04 font definitions for OT1/pcr.
)

Package natbib Warning: Citation `xiao2018simple' on page 1 undefined on input 
line 79.


Package natbib Warning: Citation `moon2019camera' on page 1 undefined on input 
line 79.


Package natbib Warning: Citation `ionescu2013human3' on page 1 undefined on inp
ut line 81.


Package natbib Warning: Citation `mehta2018single' on page 1 undefined on input
 line 81.


Underfull \vbox (badness 1762) has occurred while \output is active []

 [1{C:/Users/orfuc/AppData/Local/MiKTeX/fonts/map/pdftex/pdftex.map}{C:/Users/o
rfuc/AppData/Local/Programs/MiKTeX/fonts/enc/dvips/base/8r.enc}



]

Package natbib Warning: Citation `li20143d' on page 2 undefined on input line 9
3.


Package natbib Warning: Citation `sun2017compositional' on page 2 undefined on 
input line 93.


Package natbib Warning: Citation `pavlakos2017coarse' on page 2 undefined on in
put line 93.


Package natbib Warning: Citation `sun2018integral' on page 2 undefined on input
 line 93.


Package natbib Warning: Citation `moon2019camera' on page 2 undefined on input 
line 93.


Package natbib Warning: Citation `martinez2017simple' on page 2 undefined on in
put line 93.


Package natbib Warning: Citation `nie2017monocular' on page 2 undefined on inpu
t line 93.


Package natbib Warning: Citation `gong2021poseaug' on page 2 undefined on input
 line 93.


Package natbib Warning: Citation `llopart2020liftformer' on page 2 undefined on
 input line 93.


Package natbib Warning: Citation `fabbri2020compressed' on page 2 undefined on 
input line 93.


Package natbib Warning: Citation `li2020hmor' on page 2 undefined on input line
 93.


Package natbib Warning: Citation `lin2020hdnet' on page 2 undefined on input li
ne 93.


Package natbib Warning: Citation `mehta2020xnect' on page 2 undefined on input 
line 93.


Package natbib Warning: Citation `wang2010combined' on page 2 undefined on inpu
t line 93.


Package natbib Warning: Citation `li20143d' on page 2 undefined on input line 9
5.


Package natbib Warning: Citation `sun2017compositional' on page 2 undefined on 
input line 95.


Package natbib Warning: Citation `pavlakos2017coarse' on page 2 undefined on in
put line 95.


Package natbib Warning: Citation `sun2018integral' on page 2 undefined on input
 line 95.


Package natbib Warning: Citation `moon2019camera' on page 2 undefined on input 
line 95.


Package natbib Warning: Citation `li20143d' on page 2 undefined on input line 9
5.


Package natbib Warning: Citation `sun2017compositional' on page 2 undefined on 
input line 95.


Package natbib Warning: Citation `pavlakos2017coarse' on page 2 undefined on in
put line 95.


Package natbib Warning: Citation `sun2018integral' on page 2 undefined on input
 line 95.


Package natbib Warning: Citation `moon2019camera' on page 2 undefined on input 
line 95.


Package natbib Warning: Citation `moon2019camera' on page 2 undefined on input 
line 95.


Package natbib Warning: Citation `martinez2017simple' on page 2 undefined on in
put line 97.


Package natbib Warning: Citation `nie2017monocular' on page 2 undefined on inpu
t line 97.


Package natbib Warning: Citation `llopart2020liftformer' on page 2 undefined on
 input line 97.


Package natbib Warning: Citation `gong2021poseaug' on page 2 undefined on input
 line 97.


Package natbib Warning: Citation `martinez2017simple' on page 2 undefined on in
put line 97.


Package natbib Warning: Citation `nie2017monocular' on page 2 undefined on inpu
t line 97.


Package natbib Warning: Citation `llopart2020liftformer' on page 2 undefined on
 input line 97.


Package natbib Warning: Citation `gong2021poseaug' on page 2 undefined on input
 line 97.


Package natbib Warning: Citation `ionescu2013human3' on page 2 undefined on inp
ut line 99.


Package natbib Warning: Citation `mehta2018single' on page 2 undefined on input
 line 99.


Package natbib Warning: Citation `okuno2018body' on page 2 undefined on input l
ine 101.


Package natbib Warning: Citation `yuen2018looking' on page 2 undefined on input
 line 101.


Package natbib Warning: Citation `chun2019nads' on page 2 undefined on input li
ne 101.


Package natbib Warning: Citation `heo2020lightweight' on page 2 undefined on in
put line 101.


Package natbib Warning: Citation `okuno2018body' on page 2 undefined on input l
ine 101.


Package natbib Warning: Citation `yuen2018looking' on page 2 undefined on input
 line 101.


Package natbib Warning: Citation `cao2017realtime' on page 2 undefined on input
 line 101.


Package natbib Warning: Citation `chun2019nads' on page 2 undefined on input li
ne 101.


Package natbib Warning: Citation `zhou2017learning' on page 2 undefined on inpu
t line 103.


Package natbib Warning: Citation `kashevnik2020seat' on page 2 undefined on inp
ut line 103.


Package natbib Warning: Citation `redmon2016you' on page 2 undefined on input l
ine 103.


Package natbib Warning: Citation `chun2019nads' on page 2 undefined on input li
ne 103.

[2]

LaTeX Warning: Reference `fig:architecture' on page 3 undefined on input line 1
07.


LaTeX Warning: Reference `tab:statistics' on page 3 undefined on input line 123
.


LaTeX Warning: File `LaTeX/images/depth_distribution.png' not found on input li
ne 127.


! Package pdftex.def Error: File `LaTeX/images/depth_distribution.png' not foun
d: using draft setting.

See the pdftex.def package documentation for explanation.
Type  H <return>  for immediate help.
 ...                                              
                                                  
l.127 ...dth]{LaTeX/images/depth_distribution.png}
                                                  
Try typing  <return>  to proceed.
If that doesn't work, type  X <return>  to quit.


LaTeX Warning: File `LaTeX/images/input_images.png' not found on input line 134
.


! Package pdftex.def Error: File `LaTeX/images/input_images.png' not found: usi
ng draft setting.

See the pdftex.def package documentation for explanation.
Type  H <return>  for immediate help.
 ...                                              
                                                  
l.134 ...linewidth]{LaTeX/images/input_images.png}
                                                  
Try typing  <return>  to proceed.
If that doesn't work, type  X <return>  to quit.


LaTeX Warning: File `LaTeX/images/architecture.png' not found on input line 141
.


! Package pdftex.def Error: File `LaTeX/images/architecture.png' not found: usi
ng draft setting.

See the pdftex.def package documentation for explanation.
Type  H <return>  for immediate help.
 ...                                              
                                                  
l.141 ...textwidth]{LaTeX/images/architecture.png}
                                                  
Try typing  <return>  to proceed.
If that doesn't work, type  X <return>  to quit.


LaTeX Warning: Reference `fig:depth_distrib' on page 3 undefined on input line 
146.


Underfull \hbox (badness 1087) in paragraph at lines 146--147
\OT1/ptm/m/n/10 the ab-so-lute 3D co-or-di-nates of key-points from im-ages
 []


LaTeX Warning: Reference `fig:normaliz' on page 3 undefined on input line 148.


Package natbib Warning: Citation `lin2014microsoft' on page 3 undefined on inpu
t line 148.


LaTeX Warning: Reference `fig:normaliz' on page 3 undefined on input line 149.


LaTeX Warning: Reference `fig:architecture' on page 3 undefined on input line 1
52.


Package natbib Warning: Citation `xiao2018simple' on page 3 undefined on input 
line 152.


Package natbib Warning: Citation `moon2019camera' on page 3 undefined on input 
line 152.


Package natbib Warning: Citation `he2016identity' on page 3 undefined on input 
line 152.

[3]

LaTeX Warning: Reference `7' on page 4 undefined on input line 233.


Package natbib Warning: Citation `kingma2014adam' on page 4 undefined on input 
line 237.


Package natbib Warning: Citation `he2016identity' on page 4 undefined on input 
line 237.


LaTeX Warning: File `LaTeX/images/qul.png' not found on input line 242.


! Package pdftex.def Error: File `LaTeX/images/qul.png' not found: using draft 
setting.

See the pdftex.def package documentation for explanation.
Type  H <return>  for immediate help.
 ...                                              
                                                  
l.242 ...s[width=\textwidth]{LaTeX/images/qul.png}
                                                  
Try typing  <return>  to proceed.
If that doesn't work, type  X <return>  to quit.


LaTeX Warning: No positions in optional float specifier.
               Default added (so using `tbp') on input line 247.


LaTeX Warning: Reference `tab:mpjpe' on page 4 undefined on input line 283.


LaTeX Warning: Reference `tab:leftright' on page 4 undefined on input line 283.


[4]

LaTeX Warning: Reference `tab:other' on page 5 undefined on input line 285.


LaTeX Warning: Reference `fig:qualitivity' on page 5 undefined on input line 28
5.


Underfull \vbox (badness 10000) has occurred while \output is active []

 [5]
No file after_operator4.bbl.

Package natbib Warning: There were undefined citations.

[6

] [7] [8] (after_operator4.aux)
 ***********
LaTeX2e <2023-06-01> patch level 1
L3 programming layer <2023-08-29>
 ***********


LaTeX Warning: There were undefined references.


LaTeX Warning: Label(s) may have changed. Rerun to get cross-references right.

 ) 
Here is how much of TeX's memory you used:
 7021 strings out of 475247
 114516 string characters out of 5757792
 1959801 words of memory out of 5000000
 28443 multiletter control sequences out of 15000+600000
 586670 words of font info for 102 fonts, out of 8000000 for 9000
 1141 hyphenation exceptions out of 8191
 57i,11n,65p,1602b,356s stack positions out of 10000i,1000n,20000p,200000b,200000s
<C:/Users/orfuc/AppData/Local/Programs/MiKTeX/fonts/type1/public/amsfonts/cm/
cmbx10.pfb><C:/Users/orfuc/AppData/Local/Programs/MiKTeX/fonts/type1/public/ams
fonts/cm/cmex10.pfb><C:/Users/orfuc/AppData/Local/Programs/MiKTeX/fonts/type1/p
ublic/amsfonts/cm/cmmi10.pfb><C:/Users/orfuc/AppData/Local/Programs/MiKTeX/font
s/type1/public/amsfonts/cm/cmmi7.pfb><C:/Users/orfuc/AppData/Local/Programs/MiK
TeX/fonts/type1/public/amsfonts/cm/cmr10.pfb><C:/Users/orfuc/AppData/Local/Prog
rams/MiKTeX/fonts/type1/public/amsfonts/cm/cmr7.pfb><C:/Users/orfuc/AppData/Loc
al/Programs/MiKTeX/fonts/type1/public/amsfonts/cm/cmsy10.pfb><C:/Users/orfuc/Ap
pData/Local/Programs/MiKTeX/fonts/type1/public/amsfonts/cm/cmsy7.pfb><C:/Users/
orfuc/AppData/Local/Programs/MiKTeX/fonts/type1/public/amsfonts/cm/cmsy8.pfb><C
:/Users/orfuc/AppData/Local/Programs/MiKTeX/fonts/type1/public/amsfonts/cm/cmsy
9.pfb><C:/Users/orfuc/AppData/Local/Programs/MiKTeX/fonts/type1/urw/courier/ucr
r8a.pfb><C:/Users/orfuc/AppData/Local/Programs/MiKTeX/fonts/type1/urw/times/utm
b8a.pfb><C:/Users/orfuc/AppData/Local/Programs/MiKTeX/fonts/type1/urw/times/utm
r8a.pfb>
Output written on after_operator4.pdf (8 pages, 184340 bytes).
PDF statistics:
 95 PDF objects out of 1000 (max. 8388607)
 0 named destinations out of 1000 (max. 500000)
 1 words of extra memory for PDF output out of 10000 (max. 10000000)

