This is pdfTeX, Version 3.141592653-2.6-1.40.25 (MiKTeX 23.9) (preloaded format=pdflatex 2023.9.22)  30 MAR 2024 16:48
entering extended mode
 restricted \write18 enabled.
 %&-line parsing enabled.
**./aaai22_changed.tex
(aaai22_changed.tex
LaTeX2e <2023-06-01> patch level 1
L3 programming layer <2023-08-29>
(C:\Users\micha\AppData\Local\Programs\MiKTeX\tex/latex/base\article.cls
Document Class: article 2023/05/17 v1.4n Standard LaTeX document class
(C:\Users\micha\AppData\Local\Programs\MiKTeX\tex/latex/base\size10.clo
File: size10.clo 2023/05/17 v1.4n Standard LaTeX file (size option)
)
\c@part=\count185
\c@section=\count186
\c@subsection=\count187
\c@subsubsection=\count188
\c@paragraph=\count189
\c@subparagraph=\count190
\c@figure=\count191
\c@table=\count192
\abovecaptionskip=\skip48
\belowcaptionskip=\skip49
\bibindent=\dimen140
)
(aaai22.sty
Conference Style for AAAI for LaTeX 2e -- version for the AAAI-22 conference
\titlebox=\skip50
) (C:\Users\micha\AppData\Local\Programs\MiKTeX\tex/latex/psnfss\times.sty
Package: times 2020/03/25 PSNFSS-v9.3 (SPQR) 
)
(C:\Users\micha\AppData\Local\Programs\MiKTeX\tex/latex/psnfss\helvet.sty
Package: helvet 2020/03/25 PSNFSS-v9.3 (WaS) 

(C:\Users\micha\AppData\Local\Programs\MiKTeX\tex/latex/graphics\keyval.sty
Package: keyval 2022/05/29 v1.15 key=value parser (DPC)
\KV@toks@=\toks17
))
(C:\Users\micha\AppData\Local\Programs\MiKTeX\tex/latex/psnfss\courier.sty
Package: courier 2020/03/25 PSNFSS-v9.3 (WaS) 
)
(C:\Users\micha\AppData\Local\Programs\MiKTeX\tex/latex/url\url.sty
\Urlmuskip=\muskip16
Package: url 2013/09/16  ver 3.4  Verb mode for urls, etc.
)
(C:\Users\micha\AppData\Local\Programs\MiKTeX\tex/latex/graphics\graphicx.sty
Package: graphicx 2021/09/16 v1.2d Enhanced LaTeX Graphics (DPC,SPQR)

(C:\Users\micha\AppData\Local\Programs\MiKTeX\tex/latex/graphics\graphics.sty
Package: graphics 2022/03/10 v1.4e Standard LaTeX Graphics (DPC,SPQR)

(C:\Users\micha\AppData\Local\Programs\MiKTeX\tex/latex/graphics\trig.sty
Package: trig 2021/08/11 v1.11 sin cos tan (DPC)
)
(C:\Users\micha\AppData\Local\Programs\MiKTeX\tex/latex/graphics-cfg\graphics.c
fg
File: graphics.cfg 2016/06/04 v1.11 sample graphics configuration
)
Package graphics Info: Driver file: pdftex.def on input line 107.

(C:\Users\micha\AppData\Local\Programs\MiKTeX\tex/latex/graphics-def\pdftex.def
File: pdftex.def 2022/09/22 v1.2b Graphics/color driver for pdftex
))
\Gin@req@height=\dimen141
\Gin@req@width=\dimen142
) (C:\Users\micha\AppData\Local\Programs\MiKTeX\tex/latex/natbib\natbib.sty
Package: natbib 2010/09/13 8.31b (PWD, AO)
\bibhang=\skip51
\bibsep=\skip52
LaTeX Info: Redefining \cite on input line 694.
\c@NAT@ctr=\count193
)
(C:\Users\micha\AppData\Local\Programs\MiKTeX\tex/latex/caption\caption.sty
Package: caption 2023/07/31 v3.6n Customizing captions (AR)

(C:\Users\micha\AppData\Local\Programs\MiKTeX\tex/latex/caption\caption3.sty
Package: caption3 2023/07/31 v2.4d caption3 kernel (AR)
\caption@tempdima=\dimen143
\captionmargin=\dimen144
\caption@leftmargin=\dimen145
\caption@rightmargin=\dimen146
\caption@width=\dimen147
\caption@indent=\dimen148
\caption@parindent=\dimen149
\caption@hangindent=\dimen150
Package caption Info: Standard document class detected.
)
\c@caption@flags=\count194
\c@continuedfloat=\count195
)
(C:\Users\micha\AppData\Local\Programs\MiKTeX\tex/latex/amsmath\amsmath.sty
Package: amsmath 2023/05/13 v2.17o AMS math features
\@mathmargin=\skip53

For additional information on amsmath, use the `?' option.
(C:\Users\micha\AppData\Local\Programs\MiKTeX\tex/latex/amsmath\amstext.sty
Package: amstext 2021/08/26 v2.01 AMS text

(C:\Users\micha\AppData\Local\Programs\MiKTeX\tex/latex/amsmath\amsgen.sty
File: amsgen.sty 1999/11/30 v2.0 generic functions
\@emptytoks=\toks18
\ex@=\dimen151
))
(C:\Users\micha\AppData\Local\Programs\MiKTeX\tex/latex/amsmath\amsbsy.sty
Package: amsbsy 1999/11/29 v1.2d Bold Symbols
\pmbraise@=\dimen152
)
(C:\Users\micha\AppData\Local\Programs\MiKTeX\tex/latex/amsmath\amsopn.sty
Package: amsopn 2022/04/08 v2.04 operator names
)
\inf@bad=\count196
LaTeX Info: Redefining \frac on input line 234.
\uproot@=\count197
\leftroot@=\count198
LaTeX Info: Redefining \overline on input line 399.
LaTeX Info: Redefining \colon on input line 410.
\classnum@=\count199
\DOTSCASE@=\count266
LaTeX Info: Redefining \ldots on input line 496.
LaTeX Info: Redefining \dots on input line 499.
LaTeX Info: Redefining \cdots on input line 620.
\Mathstrutbox@=\box51
\strutbox@=\box52
LaTeX Info: Redefining \big on input line 722.
LaTeX Info: Redefining \Big on input line 723.
LaTeX Info: Redefining \bigg on input line 724.
LaTeX Info: Redefining \Bigg on input line 725.
\big@size=\dimen153
LaTeX Font Info:    Redeclaring font encoding OML on input line 743.
LaTeX Font Info:    Redeclaring font encoding OMS on input line 744.
\macc@depth=\count267
LaTeX Info: Redefining \bmod on input line 905.
LaTeX Info: Redefining \pmod on input line 910.
LaTeX Info: Redefining \smash on input line 940.
LaTeX Info: Redefining \relbar on input line 970.
LaTeX Info: Redefining \Relbar on input line 971.
\c@MaxMatrixCols=\count268
\dotsspace@=\muskip17
\c@parentequation=\count269
\dspbrk@lvl=\count270
\tag@help=\toks19
\row@=\count271
\column@=\count272
\maxfields@=\count273
\andhelp@=\toks20
\eqnshift@=\dimen154
\alignsep@=\dimen155
\tagshift@=\dimen156
\tagwidth@=\dimen157
\totwidth@=\dimen158
\lineht@=\dimen159
\@envbody=\toks21
\multlinegap=\skip54
\multlinetaggap=\skip55
\mathdisplay@stack=\toks22
LaTeX Info: Redefining \[ on input line 2953.
LaTeX Info: Redefining \] on input line 2954.
)
(C:\Users\micha\AppData\Local\Programs\MiKTeX\tex/latex/amsfonts\amssymb.sty
Package: amssymb 2013/01/14 v3.01 AMS font symbols

(C:\Users\micha\AppData\Local\Programs\MiKTeX\tex/latex/amsfonts\amsfonts.sty
Package: amsfonts 2013/01/14 v3.01 Basic AMSFonts support
\symAMSa=\mathgroup4
\symAMSb=\mathgroup5
LaTeX Font Info:    Redeclaring math symbol \hbar on input line 98.
LaTeX Font Info:    Overwriting math alphabet `\mathfrak' in version `bold'
(Font)                  U/euf/m/n --> U/euf/b/n on input line 106.
)) (C:\Users\micha\AppData\Local\Programs\MiKTeX\tex/latex/amscls\amsthm.sty
Package: amsthm 2020/05/29 v2.20.6
\thm@style=\toks23
\thm@bodyfont=\toks24
\thm@headfont=\toks25
\thm@notefont=\toks26
\thm@headpunct=\toks27
\thm@preskip=\skip56
\thm@postskip=\skip57
\thm@headsep=\skip58
\dth@everypar=\toks28
)
(C:\Users\micha\AppData\Local\Programs\MiKTeX\tex/latex/algorithms\algorithm.st
y
Package: algorithm 2009/08/24 v0.1 Document Style `algorithm' - floating enviro
nment
 (C:\Users\micha\AppData\Local\Programs\MiKTeX\tex/latex/float\float.sty
Package: float 2001/11/08 v1.3d Float enhancements (AL)
\c@float@type=\count274
\float@exts=\toks29
\float@box=\box53
\@float@everytoks=\toks30
\@floatcapt=\box54
)
(C:\Users\micha\AppData\Local\Programs\MiKTeX\tex/latex/base\ifthen.sty
Package: ifthen 2022/04/13 v1.1d Standard LaTeX ifthen package (DPC)
)
\@float@every@algorithm=\toks31
\c@algorithm=\count275
)
(C:\Users\micha\AppData\Local\Programs\MiKTeX\tex/latex/algorithmicx\algpseudoc
ode.sty
Package: algpseudocode 

(C:\Users\micha\AppData\Local\Programs\MiKTeX\tex/latex/algorithmicx\algorithmi
cx.sty
Package: algorithmicx 2005/04/27 v1.2 Algorithmicx

Document Style algorithmicx 1.2 - a greatly improved `algorithmic' style
\c@ALG@line=\count276
\c@ALG@rem=\count277
\c@ALG@nested=\count278
\ALG@tlm=\skip59
\ALG@thistlm=\skip60
\c@ALG@Lnr=\count279
\c@ALG@blocknr=\count280
\c@ALG@storecount=\count281
\c@ALG@tmpcounter=\count282
\ALG@tmplength=\skip61
)
Document Style - pseudocode environments for use with the `algorithmicx' style
) (C:\Users\micha\AppData\Local\Programs\MiKTeX\tex/latex/newfloat\newfloat.sty
Package: newfloat 2023/10/01 v1.2 Defining new floating environments (AR)
) (C:\Users\micha\AppData\Local\Programs\MiKTeX\tex/latex/listings\listings.sty
\lst@mode=\count283
\lst@gtempboxa=\box55
\lst@token=\toks32
\lst@length=\count284
\lst@currlwidth=\dimen160
\lst@column=\count285
\lst@pos=\count286
\lst@lostspace=\dimen161
\lst@width=\dimen162
\lst@newlines=\count287
\lst@lineno=\count288
\lst@maxwidth=\dimen163
(C:\Users\micha\AppData\Local\Programs\MiKTeX\tex/latex/listings\lstmisc.sty
File: lstmisc.sty 2023/02/27 1.9 (Carsten Heinz)
\c@lstnumber=\count289
\lst@skipnumbers=\count290
\lst@framebox=\box56
)
(C:\Users\micha\AppData\Local\Programs\MiKTeX\tex/latex/listings\listings.cfg
File: listings.cfg 2023/02/27 1.9 listings configuration
))
Package: listings 2023/02/27 1.9 (Carsten Heinz)
\@float@every@listing=\toks33
\c@listing=\count291
LaTeX Font Info:    Trying to load font information for OT1+ptm on input line 1
73.
(C:\Users\micha\AppData\Local\Programs\MiKTeX\tex/latex/psnfss\ot1ptm.fd
File: ot1ptm.fd 2001/06/04 font definitions for OT1/ptm.
)
(C:\Users\micha\AppData\Local\Programs\MiKTeX\tex/latex/l3backend\l3backend-pdf
tex.def
File: l3backend-pdftex.def 2023-04-19 L3 backend support: PDF output (pdfTeX)
\l__color_backend_stack_int=\count292
\l__pdf_internal_box=\box57
) (aaai22_changed.aux)
\openout1 = `aaai22_changed.aux'.

LaTeX Font Info:    Checking defaults for OML/cmm/m/it on input line 173.
LaTeX Font Info:    ... okay on input line 173.
LaTeX Font Info:    Checking defaults for OMS/cmsy/m/n on input line 173.
LaTeX Font Info:    ... okay on input line 173.
LaTeX Font Info:    Checking defaults for OT1/cmr/m/n on input line 173.
LaTeX Font Info:    ... okay on input line 173.
LaTeX Font Info:    Checking defaults for T1/cmr/m/n on input line 173.
LaTeX Font Info:    ... okay on input line 173.
LaTeX Font Info:    Checking defaults for TS1/cmr/m/n on input line 173.
LaTeX Font Info:    ... okay on input line 173.
LaTeX Font Info:    Checking defaults for OMX/cmex/m/n on input line 173.
LaTeX Font Info:    ... okay on input line 173.
LaTeX Font Info:    Checking defaults for U/cmr/m/n on input line 173.
LaTeX Font Info:    ... okay on input line 173.

(C:\Users\micha\AppData\Local\Programs\MiKTeX\tex/context/base/mkii\supp-pdf.mk
ii
[Loading MPS to PDF converter (version 2006.09.02).]
\scratchcounter=\count293
\scratchdimen=\dimen164
\scratchbox=\box58
\nofMPsegments=\count294
\nofMParguments=\count295
\everyMPshowfont=\toks34
\MPscratchCnt=\count296
\MPscratchDim=\dimen165
\MPnumerator=\count297
\makeMPintoPDFobject=\count298
\everyMPtoPDFconversion=\toks35
)
(C:\Users\micha\AppData\Local\Programs\MiKTeX\tex/latex/epstopdf-pkg\epstopdf-b
ase.sty
Package: epstopdf-base 2020-01-24 v2.11 Base part for package epstopdf
Package epstopdf-base Info: Redefining graphics rule for `.eps' on input line 4
85.

(C:\Users\micha\AppData\Local\Programs\MiKTeX\tex/latex/00miktex\epstopdf-sys.c
fg
File: epstopdf-sys.cfg 2021/03/18 v2.0 Configuration of epstopdf for MiKTeX
))
Package caption Info: Begin \AtBeginDocument code.
Package caption Info: float package is loaded.
Package caption Info: listings package is loaded.
Package caption Info: End \AtBeginDocument code.
Package newfloat Info: `float' package detected.
\c@lstlisting=\count299
\c@eqfn=\count300
\titlearea=\box59
LaTeX Font Info:    Trying to load font information for OMS+ptm on input line 1
75.
 (C:\Users\micha\AppData\Local\Programs\MiKTeX\tex/latex/psnfss\omsptm.fd
File: omsptm.fd 
)
LaTeX Font Info:    Font shape `OMS/ptm/m/n' in size <10> not available
(Font)              Font shape `OMS/cmsy/m/n' tried instead on input line 175.
\actualheight=\skip62
LaTeX Font Info:    Trying to load font information for U+msa on input line 175
.

(C:\Users\micha\AppData\Local\Programs\MiKTeX\tex/latex/amsfonts\umsa.fd
File: umsa.fd 2013/01/14 v3.01 AMS symbols A
)
LaTeX Font Info:    Trying to load font information for U+msb on input line 175
.

(C:\Users\micha\AppData\Local\Programs\MiKTeX\tex/latex/amsfonts\umsb.fd
File: umsb.fd 2013/01/14 v3.01 AMS symbols B
)
LaTeX Font Info:    Trying to load font information for TS1+ptm on input line 1
75.

(C:\Users\micha\AppData\Local\Programs\MiKTeX\tex/latex/psnfss\ts1ptm.fd
File: ts1ptm.fd 2001/06/04 font definitions for TS1/ptm.
)

Package natbib Warning: Citation `modi2005adopt' on page 1 undefined on input l
ine 191.


Package natbib Warning: Citation `monteiro2012multi' on page 1 undefined on inp
ut line 191.


Package natbib Warning: Citation `hirayama2019dssa+' on page 1 undefined on inp
ut line 191.


Package natbib Warning: Citation `fioretto2017distributed' on page 1 undefined 
on input line 191.


Package natbib Warning: Citation `hirayamay97' on page 1 undefined on input lin
e 193.


Package natbib Warning: Citation `modi2005adopt' on page 1 undefined on input l
ine 193.


Package natbib Warning: Citation `litov2017forward' on page 1 undefined on inpu
t line 193.


Package natbib Warning: Citation `yeoh2010bnb' on page 1 undefined on input lin
e 193.


Package natbib Warning: Citation `chen2020rmb' on page 1 undefined on input lin
e 193.


Package natbib Warning: Citation `petcuscalable' on page 1 undefined on input l
ine 193.


Package natbib Warning: Citation `petcu2007mb' on page 1 undefined on input lin
e 193.


Package natbib Warning: Citation `maheswaran2004distributed' on page 1 undefine
d on input line 193.


Package natbib Warning: Citation `okamoto2016distributed' on page 1 undefined o
n input line 193.


Package natbib Warning: Citation `Zhang2005Distributed' on page 1 undefined on 
input line 193.


Package natbib Warning: Citation `cohen2020governing' on page 1 undefined on in
put line 193.


Package natbib Warning: Citation `farinelli2008decentralised' on page 1 undefin
ed on input line 193.


Package natbib Warning: Citation `rogers2011bounded' on page 1 undefined on inp
ut line 193.


Package natbib Warning: Citation `zivan2017balancing' on page 1 undefined on in
put line 193.


Package natbib Warning: Citation `chenDWH18' on page 1 undefined on input line 
193.


Package natbib Warning: Citation `nguyen2019distributed' on page 1 undefined on
 input line 193.


Package natbib Warning: Citation `ottens2017duct' on page 1 undefined on input 
line 193.


Package natbib Warning: Citation `bengio2021machine' on page 1 undefined on inp
ut line 195.


Package natbib Warning: Citation `gasseCFC019' on page 1 undefined on input lin
e 195.


Package natbib Warning: Citation `Lederman2020Learning' on page 1 undefined on 
input line 195.


Package natbib Warning: Citation `jegou1993decomposition' on page 1 undefined o
n input line 198.


Package natbib Warning: Citation `vaswani2017attention' on page 1 undefined on 
input line 198.


Package natbib Warning: Citation `hoang2018large' on page 1 undefined on input 
line 203.


Underfull \hbox (badness 1527) in paragraph at lines 198--204
[]\OT1/ptm/m/n/10 Therefore, we de-velop the first general-purpose ML
 []


Underfull \vbox (badness 1400) has occurred while \output is active []

 [1{C:/Users/micha/AppData/Local/MiKTeX/fonts/map/pdftex/pdftex.map}{C:/Users/m
icha/AppData/Local/Programs/MiKTeX/fonts/enc/dvips/base/8r.enc}



]

Package natbib Warning: Citation `selsamLBLMD19' on page 2 undefined on input l
ine 206.


Package natbib Warning: Citation `hochreiter1997long' on page 2 undefined on in
put line 206.


Package natbib Warning: Citation `yolcu2019learning' on page 2 undefined on inp
ut line 206.


Package natbib Warning: Citation `williams1992simple' on page 2 undefined on in
put line 206.


Package natbib Warning: Citation `kurin2020can' on page 2 undefined on input li
ne 206.


Package natbib Warning: Citation `een2003extensible' on page 2 undefined on inp
ut line 206.


Package natbib Warning: Citation `mnih2015human' on page 2 undefined on input l
ine 206.


Package natbib Warning: Citation `xu2018towards' on page 2 undefined on input l
ine 206.


Package natbib Warning: Citation `cunBDHHHJ89' on page 2 undefined on input lin
e 206.


Package natbib Warning: Citation `yanchen21' on page 2 undefined on input line 
208.


Package natbib Warning: Citation `razeghiKLBAD21' on page 2 undefined on input 
line 208.


Package natbib Warning: Citation `dechter98' on page 2 undefined on input line 
208.


Package natbib Warning: Citation `modi2005adopt' on page 2 undefined on input l
ine 212.


Package natbib Warning: Citation `velivckovic2017graph' on page 2 undefined on 
input line 226.


Package natbib Warning: Citation `vaswani2017attention' on page 2 undefined on 
input line 234.



pdfTeX warning: pdflatex (file ./arch3.pdf): PDF inclusion: found PDF version <
1.7>, but at most version <1.5> allowed
<arch3.pdf, id=8, 845.1575pt x 425.59pt>
File: arch3.pdf Graphic file (type pdf)
<use arch3.pdf>
Package pdftex.def Info: arch3.pdf  used on input line 240.
(pdftex.def)             Requested size: 480.59395pt x 242.01733pt.

Underfull \hbox (badness 1005) in paragraph at lines 226--244
 \OT1/ptm/b/n/10 Graph At-ten-tion Net-works \OT1/ptm/m/n/10 Graph at-ten-tion 
net-works
 []


Package natbib Warning: Citation `brown2020language' on page 2 undefined on inp
ut line 244.


Package natbib Warning: Citation `devlin2018bert' on page 2 undefined on input 
line 244.


Package natbib Warning: Citation `he2016deep' on page 2 undefined on input line
 244.


Package natbib Warning: Citation `krizhevsky2017imagenet' on page 2 undefined o
n input line 244.


Package natbib Warning: Citation `simonyan2014very' on page 2 undefined on inpu
t line 244.

[2]

Package natbib Warning: Citation `jegou1993decomposition' on page 3 undefined o
n input line 266.


Package natbib Warning: Citation `li2019deepgcns' on page 3 undefined on input 
line 275.


Package natbib Warning: Citation `freuder1985taking' on page 3 undefined on inp
ut line 275.


Underfull \vbox (badness 10000) has occurred while \output is active []

 [3 <./arch3.pdf>] [4]
Underfull \vbox (badness 4699) has occurred while \output is active []


Underfull \hbox (badness 1924) in paragraph at lines 421--423
\OT1/ptm/m/n/10 where $\OML/cmm/m/it/10 H[]\OT1/cmr/m/n/10 [\OMS/cmsy/m/n/10 h\
OML/cmm/m/it/10 x[]; d[]\OMS/cmsy/m/n/10 i\OT1/cmr/m/n/10 ]$ \OT1/ptm/m/n/10 is
 the em-bed-ding for variable-
 []

\c@proposition=\count301
\c@lemma=\count302

Underfull \hbox (badness 7221) in paragraph at lines 438--439
\OML/cmm/m/it/10 H[]\OT1/cmr/m/n/10 [\OML/cmm/m/it/10 f[]\OT1/cmr/m/n/10 (\OML/
cmm/m/it/10 d[]; d[]\OT1/cmr/m/n/10 )] = \OML/cmm/m/it/10 H[]\OT1/cmr/m/n/10 [\
OML/cmm/m/it/10 f[]\OT1/cmr/m/n/10 (\OML/cmm/m/it/10 d[]; d[]\OT1/cmr/m/n/10 )]
$\OT1/ptm/m/it/10 , $\OML/cmm/m/it/10 H[]\OT1/cmr/m/n/10 [\OML/cmm/m/it/10 f[]\
OT1/cmr/m/n/10 ] =
 []

[5]
<vary_vars.pdf, id=96, 440.64626pt x 374.39874pt>
File: vary_vars.pdf Graphic file (type pdf)
<use vary_vars.pdf>
Package pdftex.def Info: vary_vars.pdf  used on input line 484.
(pdftex.def)             Requested size: 166.94463pt x 141.84453pt.
<wgc.pdf, id=97, 430.60875pt x 374.39874pt>
File: wgc.pdf Graphic file (type pdf)
<use wgc.pdf>
Package pdftex.def Info: wgc.pdf  used on input line 489.
(pdftex.def)             Requested size: 166.94463pt x 145.15227pt.
<grid.pdf, id=98, 440.64626pt x 374.39874pt>
File: grid.pdf Graphic file (type pdf)
<use grid.pdf>
Package pdftex.def Info: grid.pdf  used on input line 494.
(pdftex.def)             Requested size: 166.94463pt x 141.84453pt.


Package natbib Warning: Citation `hoang2018large' on page 6 undefined on input 
line 503.


Package natbib Warning: Citation `petcuscalable' on page 6 undefined on input l
ine 503.


Package natbib Warning: Citation `frost1995look' on page 6 undefined on input l
ine 508.


Package natbib Warning: Citation `barabasi1999emergence' on page 6 undefined on
 input line 513.


Package natbib Warning: Citation `Zhang2005Distributed' on page 6 undefined on 
input line 515.


Package natbib Warning: Citation `okamoto2016distributed' on page 6 undefined o
n input line 515.


Package natbib Warning: Citation `zivan2017balancing' on page 6 undefined on in
put line 515.


Package natbib Warning: Citation `grinshpoun2019privacy' on page 6 undefined on
 input line 515.


Package natbib Warning: Citation `hoang2018large' on page 6 undefined on input 
line 515.


Underfull \hbox (badness 1668) in paragraph at lines 515--516
 \OT1/ptm/b/n/10 Base-lines \OT1/ptm/m/n/10 We con-sider four types of base-lin
es: lo-cal
 []

[6]
<mem.pdf, id=102, 464.73625pt x 377.41pt>
File: mem.pdf Graphic file (type pdf)
<use mem.pdf>
Package pdftex.def Info: mem.pdf  used on input line 520.
(pdftex.def)             Requested size: 143.63808pt x 116.64459pt.
LaTeX Font Info:    Trying to load font information for OT1+pcr on input line 5
38.
 (C:\Users\micha\AppData\Local\Programs\MiKTeX\tex/latex/psnfss\ot1pcr.fd
File: ot1pcr.fd 2001/06/04 font definitions for OT1/pcr.
)

Package natbib Warning: Citation `clevertUH15' on page 7 undefined on input lin
e 538.


Package natbib Warning: Citation `petcuscalable' on page 7 undefined on input l
ine 538.


Package natbib Warning: Citation `lenssen2019' on page 7 undefined on input lin
e 540.


Package natbib Warning: Citation `kingma2014adam' on page 7 undefined on input 
line 540.

<ul_random.pdf, id=103, 481.8pt x 402.50375pt>
File: ul_random.pdf Graphic file (type pdf)
<use ul_random.pdf>
Package pdftex.def Info: ul_random.pdf  used on input line 547.
(pdftex.def)             Requested size: 118.49904pt x 98.99199pt.
<ul_wgc.pdf, id=104, 476.78125pt x 402.50375pt>
File: ul_wgc.pdf Graphic file (type pdf)
<use ul_wgc.pdf>
Package pdftex.def Info: ul_wgc.pdf  used on input line 552.
(pdftex.def)             Requested size: 118.49904pt x 100.03607pt.
[7 <./vary_vars.pdf> <./wgc.pdf

pdfTeX warning: pdflatex (file ./wgc.pdf): PDF inclusion: multiple pdfs with pa
ge group included in a single page
> <./grid.pdf

pdfTeX warning: pdflatex (file ./grid.pdf): PDF inclusion: multiple pdfs with p
age group included in a single page
> <./mem.pdf

pdfTeX warning: pdflatex (file ./mem.pdf): PDF inclusion: multiple pdfs with pa
ge group included in a single page
>]

Package natbib Warning: Citation `sultanik2008dcopolis' on page 8 undefined on 
input line 565.

<search_vary_vars.pdf, id=335, 451.6875pt x 374.39874pt>
File: search_vary_vars.pdf Graphic file (type pdf)
<use search_vary_vars.pdf>
Package pdftex.def Info: search_vary_vars.pdf  used on input line 570.
(pdftex.def)             Requested size: 118.49904pt x 98.22115pt.
<search_sf_net.pdf, id=336, 451.6875pt x 376.40625pt>
File: search_sf_net.pdf Graphic file (type pdf)
<use search_sf_net.pdf>
Package pdftex.def Info: search_sf_net.pdf  used on input line 575.
(pdftex.def)             Requested size: 118.49904pt x 98.7478pt.

Package natbib Warning: Citation `dengCCJL19' on page 8 undefined on input line
 581.


Package natbib Warning: Citation `grinshpoun2013asymmetric' on page 8 undefined
 on input line 592.

[8 <./ul_random.pdf> <./ul_wgc.pdf

pdfTeX warning: pdflatex (file ./ul_wgc.pdf): PDF inclusion: multiple pdfs with
 page group included in a single page
> <./search_vary_vars.pdf

pdfTeX warning: pdflatex (file ./search_vary_vars.pdf): PDF inclusion: multiple
 pdfs with page group included in a single page
> <./search_sf_net.pdf

pdfTeX warning: pdflatex (file ./search_sf_net.pdf): PDF inclusion: multiple pd
fs with page group included in a single page
>] [9

]
No file aaai22_changed.bbl.

Package natbib Warning: There were undefined citations.

(aaai22_changed.aux)
 ***********
LaTeX2e <2023-06-01> patch level 1
L3 programming layer <2023-08-29>
 ***********
 ) 
Here is how much of TeX's memory you used:
 7003 strings out of 475247
 111569 string characters out of 5757792
 1956801 words of memory out of 5000000
 28431 multiletter control sequences out of 15000+600000
 590572 words of font info for 107 fonts, out of 8000000 for 9000
 1141 hyphenation exceptions out of 8191
 57i,9n,65p,1852b,423s stack positions out of 10000i,1000n,20000p,200000b,200000s
<C:/Users/micha/AppData/Local/Programs/MiKTeX/fonts/type1/public/amsfonts/cm/
cmbx10.pfb><C:/Users/micha/AppData/Local/Programs/MiKTeX/fonts/type1/public/ams
fonts/cm/cmex10.pfb><C:/Users/micha/AppData/Local/Programs/MiKTeX/fonts/type1/p
ublic/amsfonts/cmextra/cmex7.pfb><C:/Users/micha/AppData/Local/Programs/MiKTeX/
fonts/type1/public/amsfonts/cmextra/cmex9.pfb><C:/Users/micha/AppData/Local/Pro
grams/MiKTeX/fonts/type1/public/amsfonts/cm/cmmi10.pfb><C:/Users/micha/AppData/
Local/Programs/MiKTeX/fonts/type1/public/amsfonts/cm/cmmi5.pfb><C:/Users/micha/
AppData/Local/Programs/MiKTeX/fonts/type1/public/amsfonts/cm/cmmi6.pfb><C:/User
s/micha/AppData/Local/Programs/MiKTeX/fonts/type1/public/amsfonts/cm/cmmi7.pfb>
<C:/Users/micha/AppData/Local/Programs/MiKTeX/fonts/type1/public/amsfonts/cm/cm
mi9.pfb><C:/Users/micha/AppData/Local/Programs/MiKTeX/fonts/type1/public/amsfon
ts/cm/cmr10.pfb><C:/Users/micha/AppData/Local/Programs/MiKTeX/fonts/type1/publi
c/amsfonts/cm/cmr5.pfb><C:/Users/micha/AppData/Local/Programs/MiKTeX/fonts/type
1/public/amsfonts/cm/cmr6.pfb><C:/Users/micha/AppData/Local/Programs/MiKTeX/fon
ts/type1/public/amsfonts/cm/cmr7.pfb><C:/Users/micha/AppData/Local/Programs/MiK
TeX/fonts/type1/public/amsfonts/cm/cmr9.pfb><C:/Users/micha/AppData/Local/Progr
ams/MiKTeX/fonts/type1/public/amsfonts/cm/cmsy10.pfb><C:/Users/micha/AppData/Lo
cal/Programs/MiKTeX/fonts/type1/public/amsfonts/cm/cmsy5.pfb><C:/Users/micha/Ap
pData/Local/Programs/MiKTeX/fonts/type1/public/amsfonts/cm/cmsy6.pfb><C:/Users/
micha/AppData/Local/Programs/MiKTeX/fonts/type1/public/amsfonts/cm/cmsy7.pfb><C
:/Users/micha/AppData/Local/Programs/MiKTeX/fonts/type1/public/amsfonts/cm/cmsy
9.pfb><C:/Users/micha/AppData/Local/Programs/MiKTeX/fonts/type1/public/amsfonts
/symbols/msbm10.pfb><C:/Users/micha/AppData/Local/Programs/MiKTeX/fonts/type1/u
rw/courier/ucrr8a.pfb><C:/Users/micha/AppData/Local/Programs/MiKTeX/fonts/type1
/urw/times/utmb8a.pfb><C:/Users/micha/AppData/Local/Programs/MiKTeX/fonts/type1
/urw/times/utmr8a.pfb><C:/Users/micha/AppData/Local/Programs/MiKTeX/fonts/type1
/urw/times/utmri8a.pfb>
Output written on aaai22_changed.pdf (9 pages, 733891 bytes).
PDF statistics:
 641 PDF objects out of 1000 (max. 8388607)
 0 named destinations out of 1000 (max. 500000)
 46 words of extra memory for PDF output out of 10000 (max. 10000000)

