This is pdfTeX, Version 3.141592653-2.6-1.40.25 (MiKTeX 23.9) (preloaded format=pdflatex 2023.9.22)  30 MAR 2024 17:21
entering extended mode
 restricted \write18 enabled.
 %&-line parsing enabled.
**./main_changed.tex
(main_changed.tex
LaTeX2e <2023-06-01> patch level 1
L3 programming layer <2023-08-29>
(C:\Users\micha\AppData\Local\Programs\MiKTeX\tex/latex/base\article.cls
Document Class: article 2023/05/17 v1.4n Standard LaTeX document class
(C:\Users\micha\AppData\Local\Programs\MiKTeX\tex/latex/base\size10.clo
File: size10.clo 2023/05/17 v1.4n Standard LaTeX file (size option)
)
\c@part=\count185
\c@section=\count186
\c@subsection=\count187
\c@subsubsection=\count188
\c@paragraph=\count189
\c@subparagraph=\count190
\c@figure=\count191
\c@table=\count192
\abovecaptionskip=\skip48
\belowcaptionskip=\skip49
\bibindent=\dimen140
)
(aaai22.sty
Conference Style for AAAI for LaTeX 2e -- version for the AAAI-22 conference
\titlebox=\skip50
) (C:\Users\micha\AppData\Local\Programs\MiKTeX\tex/latex/psnfss\times.sty
Package: times 2020/03/25 PSNFSS-v9.3 (SPQR) 
)
(C:\Users\micha\AppData\Local\Programs\MiKTeX\tex/latex/psnfss\helvet.sty
Package: helvet 2020/03/25 PSNFSS-v9.3 (WaS) 

(C:\Users\micha\AppData\Local\Programs\MiKTeX\tex/latex/graphics\keyval.sty
Package: keyval 2022/05/29 v1.15 key=value parser (DPC)
\KV@toks@=\toks17
))
(C:\Users\micha\AppData\Local\Programs\MiKTeX\tex/latex/psnfss\courier.sty
Package: courier 2020/03/25 PSNFSS-v9.3 (WaS) 
)
(C:\Users\micha\AppData\Local\Programs\MiKTeX\tex/latex/url\url.sty
\Urlmuskip=\muskip16
Package: url 2013/09/16  ver 3.4  Verb mode for urls, etc.
)
(C:\Users\micha\AppData\Local\Programs\MiKTeX\tex/latex/graphics\graphicx.sty
Package: graphicx 2021/09/16 v1.2d Enhanced LaTeX Graphics (DPC,SPQR)

(C:\Users\micha\AppData\Local\Programs\MiKTeX\tex/latex/graphics\graphics.sty
Package: graphics 2022/03/10 v1.4e Standard LaTeX Graphics (DPC,SPQR)

(C:\Users\micha\AppData\Local\Programs\MiKTeX\tex/latex/graphics\trig.sty
Package: trig 2021/08/11 v1.11 sin cos tan (DPC)
)
(C:\Users\micha\AppData\Local\Programs\MiKTeX\tex/latex/graphics-cfg\graphics.c
fg
File: graphics.cfg 2016/06/04 v1.11 sample graphics configuration
)
Package graphics Info: Driver file: pdftex.def on input line 107.

(C:\Users\micha\AppData\Local\Programs\MiKTeX\tex/latex/graphics-def\pdftex.def
File: pdftex.def 2022/09/22 v1.2b Graphics/color driver for pdftex
))
\Gin@req@height=\dimen141
\Gin@req@width=\dimen142
) (C:\Users\micha\AppData\Local\Programs\MiKTeX\tex/latex/natbib\natbib.sty
Package: natbib 2010/09/13 8.31b (PWD, AO)
\bibhang=\skip51
\bibsep=\skip52
LaTeX Info: Redefining \cite on input line 694.
\c@NAT@ctr=\count193
)
(C:\Users\micha\AppData\Local\Programs\MiKTeX\tex/latex/caption\caption.sty
Package: caption 2023/07/31 v3.6n Customizing captions (AR)

(C:\Users\micha\AppData\Local\Programs\MiKTeX\tex/latex/caption\caption3.sty
Package: caption3 2023/07/31 v2.4d caption3 kernel (AR)
\caption@tempdima=\dimen143
\captionmargin=\dimen144
\caption@leftmargin=\dimen145
\caption@rightmargin=\dimen146
\caption@width=\dimen147
\caption@indent=\dimen148
\caption@parindent=\dimen149
\caption@hangindent=\dimen150
Package caption Info: Standard document class detected.
)
\c@caption@flags=\count194
\c@continuedfloat=\count195
)
(C:\Users\micha\AppData\Local\Programs\MiKTeX\tex/latex/algorithms\algorithm.st
y
Package: algorithm 2009/08/24 v0.1 Document Style `algorithm' - floating enviro
nment
 (C:\Users\micha\AppData\Local\Programs\MiKTeX\tex/latex/float\float.sty
Package: float 2001/11/08 v1.3d Float enhancements (AL)
\c@float@type=\count196
\float@exts=\toks18
\float@box=\box51
\@float@everytoks=\toks19
\@floatcapt=\box52
)
(C:\Users\micha\AppData\Local\Programs\MiKTeX\tex/latex/base\ifthen.sty
Package: ifthen 2022/04/13 v1.1d Standard LaTeX ifthen package (DPC)
)
\@float@every@algorithm=\toks20
\c@algorithm=\count197
)
(C:\Users\micha\AppData\Local\Programs\MiKTeX\tex/latex/algorithms\algorithmic.
sty
Package: algorithmic 2009/08/24 v0.1 Document Style `algorithmic'
\c@ALC@unique=\count198
\c@ALC@line=\count199
\c@ALC@rem=\count266
\c@ALC@depth=\count267
\ALC@tlm=\skip53
\algorithmicindent=\skip54
)
(C:\Users\micha\AppData\Local\Programs\MiKTeX\tex/latex/pdfpages\pdfpages.sty
Package: pdfpages 2022/12/19 v0.5x Insert pages of external PDF documents (AM)

(C:\Users\micha\AppData\Local\Programs\MiKTeX\tex/latex/tools\calc.sty
Package: calc 2017/05/25 v4.3 Infix arithmetic (KKT,FJ)
\calc@Acount=\count268
\calc@Bcount=\count269
\calc@Adimen=\dimen151
\calc@Bdimen=\dimen152
\calc@Askip=\skip55
\calc@Bskip=\skip56
LaTeX Info: Redefining \setlength on input line 80.
LaTeX Info: Redefining \addtolength on input line 81.
\calc@Ccount=\count270
\calc@Cskip=\skip57
)
(C:\Users\micha\AppData\Local\Programs\MiKTeX\tex/latex/eso-pic\eso-pic.sty
Package: eso-pic 2023/05/03 v3.0c eso-pic (RN)
\ESO@tempdima=\dimen153
\ESO@tempdimb=\dimen154

(C:\Users\micha\AppData\Local\Programs\MiKTeX\tex/latex/xcolor\xcolor.sty
Package: xcolor 2022/06/12 v2.14 LaTeX color extensions (UK)

(C:\Users\micha\AppData\Local\Programs\MiKTeX\tex/latex/graphics-cfg\color.cfg
File: color.cfg 2016/01/02 v1.6 sample color configuration
)
Package xcolor Info: Driver file: pdftex.def on input line 227.
(C:\Users\micha\AppData\Local\Programs\MiKTeX\tex/latex/graphics\mathcolor.ltx)
Package xcolor Info: Model `cmy' substituted by `cmy0' on input line 1353.
Package xcolor Info: Model `hsb' substituted by `rgb' on input line 1357.
Package xcolor Info: Model `RGB' extended on input line 1369.
Package xcolor Info: Model `HTML' substituted by `rgb' on input line 1371.
Package xcolor Info: Model `Hsb' substituted by `hsb' on input line 1372.
Package xcolor Info: Model `tHsb' substituted by `hsb' on input line 1373.
Package xcolor Info: Model `HSB' substituted by `hsb' on input line 1374.
Package xcolor Info: Model `Gray' substituted by `gray' on input line 1375.
Package xcolor Info: Model `wave' substituted by `hsb' on input line 1376.
))
\AM@pagewidth=\dimen155
\AM@pageheight=\dimen156
\AM@fboxrule=\dimen157

(C:\Users\micha\AppData\Local\Programs\MiKTeX\tex/latex/pdfpages\pppdftex.def
File: pppdftex.def 2022/12/19 v0.5x Pdfpages driver for pdfTeX (AM)
)
\pdfpages@includegraphics@status=\count271
\AM@pagebox=\box53
\AM@global@opts=\toks21
\AM@pagecnt=\count272
\AM@toc@title=\toks22
\AM@lof@heading=\toks23
\c@AM@survey=\count273
\AM@templatesizebox=\box54
) (C:\Users\micha\AppData\Local\Programs\MiKTeX\tex/latex/newfloat\newfloat.sty
Package: newfloat 2023/10/01 v1.2 Defining new floating environments (AR)
) (C:\Users\micha\AppData\Local\Programs\MiKTeX\tex/latex/listings\listings.sty
\lst@mode=\count274
\lst@gtempboxa=\box55
\lst@token=\toks24
\lst@length=\count275
\lst@currlwidth=\dimen158
\lst@column=\count276
\lst@pos=\count277
\lst@lostspace=\dimen159
\lst@width=\dimen160
\lst@newlines=\count278
\lst@lineno=\count279
\lst@maxwidth=\dimen161

(C:\Users\micha\AppData\Local\Programs\MiKTeX\tex/latex/listings\lstmisc.sty
File: lstmisc.sty 2023/02/27 1.9 (Carsten Heinz)
\c@lstnumber=\count280
\lst@skipnumbers=\count281
\lst@framebox=\box56
)
(C:\Users\micha\AppData\Local\Programs\MiKTeX\tex/latex/listings\listings.cfg
File: listings.cfg 2023/02/27 1.9 listings configuration
))
Package: listings 2023/02/27 1.9 (Carsten Heinz)
\@float@every@listing=\toks25
\c@listing=\count282
(C:\Users\micha\AppData\Local\Programs\MiKTeX\tex/latex/amsmath\amsmath.sty
Package: amsmath 2023/05/13 v2.17o AMS math features
\@mathmargin=\skip58

For additional information on amsmath, use the `?' option.
(C:\Users\micha\AppData\Local\Programs\MiKTeX\tex/latex/amsmath\amstext.sty
Package: amstext 2021/08/26 v2.01 AMS text

(C:\Users\micha\AppData\Local\Programs\MiKTeX\tex/latex/amsmath\amsgen.sty
File: amsgen.sty 1999/11/30 v2.0 generic functions
\@emptytoks=\toks26
\ex@=\dimen162
))
(C:\Users\micha\AppData\Local\Programs\MiKTeX\tex/latex/amsmath\amsbsy.sty
Package: amsbsy 1999/11/29 v1.2d Bold Symbols
\pmbraise@=\dimen163
)
(C:\Users\micha\AppData\Local\Programs\MiKTeX\tex/latex/amsmath\amsopn.sty
Package: amsopn 2022/04/08 v2.04 operator names
)
\inf@bad=\count283
LaTeX Info: Redefining \frac on input line 234.
\uproot@=\count284
\leftroot@=\count285
LaTeX Info: Redefining \overline on input line 399.
LaTeX Info: Redefining \colon on input line 410.
\classnum@=\count286
\DOTSCASE@=\count287
LaTeX Info: Redefining \ldots on input line 496.
LaTeX Info: Redefining \dots on input line 499.
LaTeX Info: Redefining \cdots on input line 620.
\Mathstrutbox@=\box57
\strutbox@=\box58
LaTeX Info: Redefining \big on input line 722.
LaTeX Info: Redefining \Big on input line 723.
LaTeX Info: Redefining \bigg on input line 724.
LaTeX Info: Redefining \Bigg on input line 725.
\big@size=\dimen164
LaTeX Font Info:    Redeclaring font encoding OML on input line 743.
LaTeX Font Info:    Redeclaring font encoding OMS on input line 744.
\macc@depth=\count288
LaTeX Info: Redefining \bmod on input line 905.
LaTeX Info: Redefining \pmod on input line 910.
LaTeX Info: Redefining \smash on input line 940.
LaTeX Info: Redefining \relbar on input line 970.
LaTeX Info: Redefining \Relbar on input line 971.
\c@MaxMatrixCols=\count289
\dotsspace@=\muskip17
\c@parentequation=\count290
\dspbrk@lvl=\count291
\tag@help=\toks27
\row@=\count292
\column@=\count293
\maxfields@=\count294
\andhelp@=\toks28
\eqnshift@=\dimen165
\alignsep@=\dimen166
\tagshift@=\dimen167
\tagwidth@=\dimen168
\totwidth@=\dimen169
\lineht@=\dimen170
\@envbody=\toks29
\multlinegap=\skip59
\multlinetaggap=\skip60
\mathdisplay@stack=\toks30
LaTeX Info: Redefining \[ on input line 2953.
LaTeX Info: Redefining \] on input line 2954.
)
(C:\Users\micha\AppData\Local\Programs\MiKTeX\tex/latex/amsfonts\amsfonts.sty
Package: amsfonts 2013/01/14 v3.01 Basic AMSFonts support
\symAMSa=\mathgroup4
\symAMSb=\mathgroup5
LaTeX Font Info:    Redeclaring math symbol \hbar on input line 98.
LaTeX Font Info:    Overwriting math alphabet `\mathfrak' in version `bold'
(Font)                  U/euf/m/n --> U/euf/b/n on input line 106.
)
(C:\Users\micha\AppData\Local\Programs\MiKTeX\tex/latex/psnfss\pifont.sty
Package: pifont 2020/03/25 PSNFSS-v9.3 Pi font support (SPQR) 
LaTeX Font Info:    Trying to load font information for U+pzd on input line 63.


(C:\Users\micha\AppData\Local\Programs\MiKTeX\tex/latex/psnfss\upzd.fd
File: upzd.fd 2001/06/04 font definitions for U/pzd.
)
LaTeX Font Info:    Trying to load font information for U+psy on input line 64.


(C:\Users\micha\AppData\Local\Programs\MiKTeX\tex/latex/psnfss\upsy.fd
File: upsy.fd 2001/06/04 font definitions for U/psy.
))
LaTeX Font Info:    Trying to load font information for OT1+ptm on input line 1
98.

(C:\Users\micha\AppData\Local\Programs\MiKTeX\tex/latex/psnfss\ot1ptm.fd
File: ot1ptm.fd 2001/06/04 font definitions for OT1/ptm.
)
(C:\Users\micha\AppData\Local\Programs\MiKTeX\tex/latex/l3backend\l3backend-pdf
tex.def
File: l3backend-pdftex.def 2023-04-19 L3 backend support: PDF output (pdfTeX)
\l__color_backend_stack_int=\count295
\l__pdf_internal_box=\box59
) (main_changed.aux)
\openout1 = `main_changed.aux'.

LaTeX Font Info:    Checking defaults for OML/cmm/m/it on input line 198.
LaTeX Font Info:    ... okay on input line 198.
LaTeX Font Info:    Checking defaults for OMS/cmsy/m/n on input line 198.
LaTeX Font Info:    ... okay on input line 198.
LaTeX Font Info:    Checking defaults for OT1/cmr/m/n on input line 198.
LaTeX Font Info:    ... okay on input line 198.
LaTeX Font Info:    Checking defaults for T1/cmr/m/n on input line 198.
LaTeX Font Info:    ... okay on input line 198.
LaTeX Font Info:    Checking defaults for TS1/cmr/m/n on input line 198.
LaTeX Font Info:    ... okay on input line 198.
LaTeX Font Info:    Checking defaults for OMX/cmex/m/n on input line 198.
LaTeX Font Info:    ... okay on input line 198.
LaTeX Font Info:    Checking defaults for U/cmr/m/n on input line 198.
LaTeX Font Info:    ... okay on input line 198.

(C:\Users\micha\AppData\Local\Programs\MiKTeX\tex/context/base/mkii\supp-pdf.mk
ii
[Loading MPS to PDF converter (version 2006.09.02).]
\scratchcounter=\count296
\scratchdimen=\dimen171
\scratchbox=\box60
\nofMPsegments=\count297
\nofMParguments=\count298
\everyMPshowfont=\toks31
\MPscratchCnt=\count299
\MPscratchDim=\dimen172
\MPnumerator=\count300
\makeMPintoPDFobject=\count301
\everyMPtoPDFconversion=\toks32
)
(C:\Users\micha\AppData\Local\Programs\MiKTeX\tex/latex/epstopdf-pkg\epstopdf-b
ase.sty
Package: epstopdf-base 2020-01-24 v2.11 Base part for package epstopdf
Package epstopdf-base Info: Redefining graphics rule for `.eps' on input line 4
85.

(C:\Users\micha\AppData\Local\Programs\MiKTeX\tex/latex/00miktex\epstopdf-sys.c
fg
File: epstopdf-sys.cfg 2021/03/18 v2.0 Configuration of epstopdf for MiKTeX
))
Package caption Info: Begin \AtBeginDocument code.
Package caption Info: float package is loaded.
Package caption Info: listings package is loaded.
Package caption Info: End \AtBeginDocument code.

(C:\Users\micha\AppData\Local\Programs\MiKTeX\tex/latex/pdflscape\pdflscape.sty
Package: pdflscape 2022-10-27 v0.13 Display of landscape pages in PDF

(C:\Users\micha\AppData\Local\Programs\MiKTeX\tex/latex/pdflscape\pdflscape-nom
etadata.sty
Package: pdflscape-nometadata 2022-10-28 v0.13 Display of landscape pages in PD
F (HO)

(C:\Users\micha\AppData\Local\Programs\MiKTeX\tex/generic/iftex\iftex.sty
Package: iftex 2022/02/03 v1.0f TeX engine tests
)
(C:\Users\micha\AppData\Local\Programs\MiKTeX\tex/latex/graphics\lscape.sty
Package: lscape 2020/05/28 v3.02 Landscape Pages (DPC)
)
Package pdflscape Info: Auto-detected driver: pdftex on input line 81.
))
Package newfloat Info: `float' package detected.
\c@lstlisting=\count302
\c@eqfn=\count303
\titlearea=\box61
LaTeX Font Info:    Trying to load font information for U+msa on input line 200
.

(C:\Users\micha\AppData\Local\Programs\MiKTeX\tex/latex/amsfonts\umsa.fd
File: umsa.fd 2013/01/14 v3.01 AMS symbols A
)
LaTeX Font Info:    Trying to load font information for U+msb on input line 200
.

(C:\Users\micha\AppData\Local\Programs\MiKTeX\tex/latex/amsfonts\umsb.fd
File: umsb.fd 2013/01/14 v3.01 AMS symbols B
)
LaTeX Font Info:    Trying to load font information for TS1+ptm on input line 2
00.

(C:\Users\micha\AppData\Local\Programs\MiKTeX\tex/latex/psnfss\ts1ptm.fd
File: ts1ptm.fd 2001/06/04 font definitions for TS1/ptm.
)
LaTeX Font Info:    Trying to load font information for OMS+ptm on input line 2
00.

(C:\Users\micha\AppData\Local\Programs\MiKTeX\tex/latex/psnfss\omsptm.fd
File: omsptm.fd 
)
LaTeX Font Info:    Font shape `OMS/ptm/m/n' in size <10> not available
(Font)              Font shape `OMS/cmsy/m/n' tried instead on input line 200.
\actualheight=\skip61

(chapter/Abstract.tex) (chapter/1_Introduction.tex

Package natbib Warning: Citation `Zhong2020Comprehensive' on page 1 undefined o
n input line 7.


Package natbib Warning: Citation `scene-graph' on page 1 undefined on input lin
e 7.


Package natbib Warning: Citation `VCTree_tang' on page 1 undefined on input lin
e 7.

<figure/sgg_sample.png, id=1, 515.526pt x 416.15475pt>
File: figure/sgg_sample.png Graphic file (type png)
<use figure/sgg_sample.png>
Package pdftex.def Info: figure/sgg_sample.png  used on input line 11.
(pdftex.def)             Requested size: 239.39438pt x 193.2496pt.

Package natbib Warning: Citation `krishna2016visual' on page 1 undefined on inp
ut line 12.


Package natbib Warning: Citation `krishna2016visual' on page 1 undefined on inp
ut line 12.


Package natbib Warning: Citation `Tang2020_unbiased' on page 1 undefined on inp
ut line 19.


Package natbib Warning: Citation `chen2019knowledge' on page 1 undefined on inp
ut line 19.


Package natbib Warning: Citation `zhan2019exploring' on page 1 undefined on inp
ut line 19.


Package natbib Warning: Citation `krishna2016visual' on page 1 undefined on inp
ut line 20.


Package natbib Warning: Citation `Tang2020_unbiased' on page 1 undefined on inp
ut line 26.


Package natbib Warning: Citation `li2021bipartite' on page 1 undefined on input
 line 26.


Underfull \hbox (badness 1178) in paragraph at lines 26--48
\OT1/ptm/m/n/10 balancing strate-gies have been in-tro-duced for un-bi-ased
 []

[1{C:/Users/micha/AppData/Local/MiKTeX/fonts/map/pdftex/pdftex.map}{C:/Users/mi
cha/AppData/Local/Programs/MiKTeX/fonts/enc/dvips/base/8r.enc}



 <./figure/sgg_sample.png>]) (chapter/2_Related_Work.tex

Package natbib Warning: Citation `scene-graph' on page 2 undefined on input lin
e 4.


Package natbib Warning: Citation `Lu16' on page 2 undefined on input line 4.


Package natbib Warning: Citation `Zellers_2018_CVPR' on page 2 undefined on inp
ut line 4.


Package natbib Warning: Citation `VCTree_tang' on page 2 undefined on input lin
e 4.


Package natbib Warning: Citation `Yang_2018_ECCV' on page 2 undefined on input 
line 4.


Package natbib Warning: Citation `li2021relationship' on page 2 undefined on in
put line 4.


Package natbib Warning: Citation `Lu16' on page 2 undefined on input line 7.


Package natbib Warning: Citation `chen2019knowledge' on page 2 undefined on inp
ut line 7.


Package natbib Warning: Citation `Yu2017' on page 2 undefined on input line 7.


Package natbib Warning: Citation `gu2019scene' on page 2 undefined on input lin
e 7.


Package natbib Warning: Citation `Tang2020_unbiased' on page 2 undefined on inp
ut line 11.


Package natbib Warning: Citation `chen2019soft' on page 2 undefined on input li
ne 11.


Package natbib Warning: Citation `zhan2020multi' on page 2 undefined on input l
ine 11.


Package natbib Warning: Citation `chiou2021recovering' on page 2 undefined on i
nput line 11.


Package natbib Warning: Citation `li2021bipartite' on page 2 undefined on input
 line 11.


Package natbib Warning: Citation `yan2020pcpl' on page 2 undefined on input lin
e 11.


Package natbib Warning: Citation `chawla2002smote' on page 2 undefined on input
 line 17.


Package natbib Warning: Citation `liu2008exploratory' on page 2 undefined on in
put line 19.


Package natbib Warning: Citation `elkan2001foundations' on page 2 undefined on 
input line 25.


Package natbib Warning: Citation `cui2019class' on page 2 undefined on input li
ne 28.


Package natbib Warning: Citation `cui2019class' on page 2 undefined on input li
ne 30.


Package natbib Warning: Citation `Lin_2017_ICCV' on page 2 undefined on input l
ine 30.


Package natbib Warning: Citation `Li_Liu_Wang_2019' on page 2 undefined on inpu
t line 30.


Package natbib Warning: Citation `cao2019learning' on page 2 undefined on input
 line 30.


Package natbib Warning: Citation `menon2020long' on page 2 undefined on input l
ine 34.

) (chapter/3_Method.tex
<figure/model.pdf, id=11, 1010.0937pt x 540.5796pt>
File: figure/model.pdf Graphic file (type pdf)
<use figure/model.pdf>
Package pdftex.def Info: figure/model.pdf  used on input line 4.
(pdftex.def)             Requested size: 399.64969pt x 213.8854pt.


Package natbib Warning: Citation `Tang2020_unbiased' on page 2 undefined on inp
ut line 20.


Package natbib Warning: Citation `Zellers_2018_CVPR' on page 2 undefined on inp
ut line 20.


Package natbib Warning: Citation `ren2015faster' on page 2 undefined on input l
ine 20.

[2]

Package natbib Warning: Citation `vaswani2017attention' on page 3 undefined on 
input line 47.


Package natbib Warning: Citation `vaswani2017attention' on page 3 undefined on 
input line 51.

[3 <./figure/model.pdf>]

Package natbib Warning: Citation `kraemer2004fundamentals' on page 4 undefined 
on input line 97.


Package natbib Warning: Citation `krishna2016visual' on page 4 undefined on inp
ut line 135.

<figure/valid_pair_dist.png, id=49, 1606.0pt x 501.875pt>
File: figure/valid_pair_dist.png Graphic file (type png)
<use figure/valid_pair_dist.png>
Package pdftex.def Info: figure/valid_pair_dist.png  used on input line 157.
(pdftex.def)             Requested size: 237.00174pt x 74.06038pt.

Underfull \vbox (badness 1325) has occurred while \output is active []

 [4 <./figure/valid_pair_dist.png (PNG copy)>]) (chapter/4_Experiments.tex

Package natbib Warning: Citation `chen2019knowledge' on page 5 undefined on inp
ut line 14.


Package natbib Warning: Citation `yan2020pcpl' on page 5 undefined on input lin
e 15.


Package natbib Warning: Citation `lin2020gps' on page 5 undefined on input line
 16.


Package natbib Warning: Citation `li2021bipartite' on page 5 undefined on input
 line 17.


Package natbib Warning: Citation `Zellers_2018_CVPR' on page 5 undefined on inp
ut line 18.


Package natbib Warning: Citation `Tang2020_unbiased' on page 5 undefined on inp
ut line 19.


Package natbib Warning: Citation `chiou2021recovering' on page 5 undefined on i
nput line 20.


Package natbib Warning: Citation `VCTree_tang' on page 5 undefined on input lin
e 22.


Package natbib Warning: Citation `Tang2020_unbiased' on page 5 undefined on inp
ut line 23.


Package natbib Warning: Citation `chiou2021recovering' on page 5 undefined on i
nput line 24.


Package natbib Warning: Citation `krishna2016visual' on page 5 undefined on inp
ut line 35.


Package natbib Warning: Citation `Tang2020_unbiased' on page 5 undefined on inp
ut line 35.


Package natbib Warning: Citation `simonyan2014very' on page 5 undefined on inpu
t line 35.


Package natbib Warning: Citation `Lin_2017_ICCV' on page 5 undefined on input l
ine 35.


Package natbib Warning: Citation `krishna2016visual' on page 5 undefined on inp
ut line 35.


Package natbib Warning: Citation `Tang2020_unbiased' on page 5 undefined on inp
ut line 35.


Package natbib Warning: Citation `simonyan2014very' on page 5 undefined on inpu
t line 35.


Package natbib Warning: Citation `Lin_2017_ICCV' on page 5 undefined on input l
ine 35.


Package natbib Warning: Citation `krishna2016visual' on page 5 undefined on inp
ut line 44.


Package natbib Warning: Citation `Xu2017' on page 5 undefined on input line 44.



Package natbib Warning: Citation `Zellers_2018_CVPR' on page 5 undefined on inp
ut line 44.


Package natbib Warning: Citation `Tang2020_unbiased' on page 5 undefined on inp
ut line 44.


Package natbib Warning: Citation `Tang2020_unbiased' on page 5 undefined on inp
ut line 44.


Underfull \hbox (badness 1365) in paragraph at lines 44--45
 \OT1/ptm/b/n/10 Dataset \OT1/ptm/m/n/10 We per-form ex-ten-sive ex-per-i-ments
 on Vi-sual
 []


Package natbib Warning: Citation `Zellers_2018_CVPR' on page 5 undefined on inp
ut line 48.


Package natbib Warning: Citation `Tang2020_unbiased' on page 5 undefined on inp
ut line 48.


Package natbib Warning: Citation `li2021bipartite' on page 5 undefined on input
 line 48.


Package natbib Warning: Citation `Lu16' on page 5 undefined on input line 55.


Package natbib Warning: Citation `Xu2017' on page 5 undefined on input line 55.



Package natbib Warning: Citation `Zellers_2018_CVPR' on page 5 undefined on inp
ut line 57.


Package natbib Warning: Citation `VCTree_tang' on page 5 undefined on input lin
e 57.


Package natbib Warning: Citation `Tang2020_unbiased' on page 5 undefined on inp
ut line 57.


Package natbib Warning: Citation `li2021bipartite' on page 5 undefined on input
 line 57.


Package natbib Warning: Citation `NEURIPS2019_9015' on page 5 undefined on inpu
t line 61.


Package natbib Warning: Citation `Tang2020_unbiased' on page 5 undefined on inp
ut line 61.


Package natbib Warning: Citation `Tang2020_unbiased' on page 5 undefined on inp
ut line 64.

[5]
<figure/compRecall.png, id=59, 1606.0pt x 602.25pt>
File: figure/compRecall.png Graphic file (type png)
<use figure/compRecall.png>
Package pdftex.def Info: figure/compRecall.png  used on input line 81.
(pdftex.def)             Requested size: 239.39438pt x 89.77303pt.
) (chapter/Ablation_Discussion.tex
<figure/train_smooth_bias.png, id=60, 642.4pt x 481.8pt>
File: figure/train_smooth_bias.png Graphic file (type png)
<use figure/train_smooth_bias.png>
Package pdftex.def Info: figure/train_smooth_bias.png  used on input line 19.
(pdftex.def)             Requested size: 117.30455pt x 87.97739pt.
<figure/train_eps.png, id=61, 642.4pt x 481.8pt>
File: figure/train_eps.png Graphic file (type png)
<use figure/train_eps.png>
Package pdftex.def Info: figure/train_eps.png  used on input line 25.
(pdftex.def)             Requested size: 117.30455pt x 87.97739pt.

Underfull \vbox (badness 10000) has occurred while \output is active []

 [6 <./figure/compRecall.png (PNG copy)> <./figure/train_smooth_bias.png (PNG c
opy)> <./figure/train_eps.png (PNG copy)>]
<figure/R_mR_eval.png, id=65, 903.375pt x 602.25pt>
File: figure/R_mR_eval.png Graphic file (type png)
<use figure/R_mR_eval.png>
Package pdftex.def Info: figure/R_mR_eval.png  used on input line 61.
(pdftex.def)             Requested size: 239.39438pt x 159.59549pt.


Package natbib Warning: Citation `Zellers_2018_CVPR' on page 7 undefined on inp
ut line 72.


Package natbib Warning: Citation `cui2019class' on page 7 undefined on input li
ne 89.


Package natbib Warning: Citation `Lin_2017_ICCV' on page 7 undefined on input l
ine 96.


Package natbib Warning: Citation `cao2019learning' on page 7 undefined on input
 line 102.

) (chapter/Conclusion.tex) (Supp.tex
Underfull \vbox (badness 10000) has occurred while \output is active []

 [7 <./figure/R_mR_eval.png (PNG copy)>]
<figure/lossdist.png, id=70, 673.76718pt x 524.71031pt>
File: figure/lossdist.png Graphic file (type png)
<use figure/lossdist.png>
Package pdftex.def Info: figure/lossdist.png  used on input line 25.
(pdftex.def)             Requested size: 215.45348pt x 167.79062pt.


Package natbib Warning: Citation `Mannor2005Cross' on page 8 undefined on input
 line 26.


Package natbib Warning: Citation `Mannor2005Cross' on page 8 undefined on input
 line 26.

<figure/R_mR_pred.png, id=71, 1003.75pt x 602.25pt>
File: figure/R_mR_pred.png Graphic file (type png)
<use figure/R_mR_pred.png>
Package pdftex.def Info: figure/R_mR_pred.png  used on input line 33.
(pdftex.def)             Requested size: 227.42392pt x 136.45612pt.
<figure/R_mR_sgcls.png, id=72, 1003.75pt x 602.25pt>
File: figure/R_mR_sgcls.png Graphic file (type png)
<use figure/R_mR_sgcls.png>
Package pdftex.def Info: figure/R_mR_sgcls.png  used on input line 39.
(pdftex.def)             Requested size: 227.42392pt x 136.45612pt.
<figure/R_mR_sgdet.png, id=73, 1003.75pt x 602.25pt>
File: figure/R_mR_sgdet.png Graphic file (type png)
<use figure/R_mR_sgdet.png>
Package pdftex.def Info: figure/R_mR_sgdet.png  used on input line 45.
(pdftex.def)             Requested size: 227.42392pt x 136.45612pt.

Package natbib Warning: Citation `krishna2016visual' on page 8 undefined on inp
ut line 49.


Package natbib Warning: Citation `chen2019knowledge' on page 8 undefined on inp
ut line 58.


Package natbib Warning: Citation `yan2020pcpl' on page 8 undefined on input lin
e 59.


Package natbib Warning: Citation `lin2020gps' on page 8 undefined on input line
 60.


Package natbib Warning: Citation `li2021bipartite' on page 8 undefined on input
 line 62.


Package natbib Warning: Citation `Zellers_2018_CVPR' on page 8 undefined on inp
ut line 63.


Package natbib Warning: Citation `Tang2020_unbiased' on page 8 undefined on inp
ut line 64.


Package natbib Warning: Citation `chiou2021recovering' on page 8 undefined on i
nput line 65.


Package natbib Warning: Citation `VCTree_tang' on page 8 undefined on input lin
e 67.


Package natbib Warning: Citation `Tang2020_unbiased' on page 8 undefined on inp
ut line 68.


Package natbib Warning: Citation `chiou2021recovering' on page 8 undefined on i
nput line 69.


Package natbib Warning: Citation `krishna2016visual' on page 8 undefined on inp
ut line 81.


Package natbib Warning: Citation `Tang2020_unbiased' on page 8 undefined on inp
ut line 81.


Package natbib Warning: Citation `simonyan2014very' on page 8 undefined on inpu
t line 81.


Package natbib Warning: Citation `Lin_2017_ICCV' on page 8 undefined on input l
ine 81.


Package natbib Warning: Citation `krishna2016visual' on page 8 undefined on inp
ut line 81.


Package natbib Warning: Citation `Tang2020_unbiased' on page 8 undefined on inp
ut line 81.


Package natbib Warning: Citation `simonyan2014very' on page 8 undefined on inpu
t line 81.


Package natbib Warning: Citation `Lin_2017_ICCV' on page 8 undefined on input l
ine 81.


Package natbib Warning: Citation `Tang2020_unbiased' on page 8 undefined on inp
ut line 86.

[8 <./figure/lossdist.png> <./figure/R_mR_pred.png (PNG copy)> <./figure/R_mR_s
gcls.png (PNG copy)> <./figure/R_mR_sgdet.png (PNG copy)>]

Package natbib Warning: Citation `Zellers_2018_CVPR' on page 9 undefined on inp
ut line 96.


Package natbib Warning: Citation `Tang2020_unbiased' on page 9 undefined on inp
ut line 97.


Package natbib Warning: Citation `chiou2021recovering' on page 9 undefined on i
nput line 98.


Package natbib Warning: Citation `VCTree_tang' on page 9 undefined on input lin
e 100.


Package natbib Warning: Citation `Tang2020_unbiased' on page 9 undefined on inp
ut line 101.


Package natbib Warning: Citation `chiou2021recovering' on page 9 undefined on i
nput line 102.


Package natbib Warning: Citation `krishna2016visual' on page 9 undefined on inp
ut line 112.


Package natbib Warning: Citation `chiou2021recovering' on page 9 undefined on i
nput line 112.


Package natbib Warning: Citation `krishna2016visual' on page 9 undefined on inp
ut line 112.


Package natbib Warning: Citation `chiou2021recovering' on page 9 undefined on i
nput line 112.


Package natbib Warning: Citation `cui2019class' on page 9 undefined on input li
ne 159.


Package natbib Warning: Citation `cui2019class' on page 9 undefined on input li
ne 163.


Package natbib Warning: Citation `Lin_2017_ICCV' on page 9 undefined on input l
ine 165.


Package natbib Warning: Citation `cao2019learning' on page 9 undefined on input
 line 171.


Package natbib Warning: Citation `cao2019learning' on page 9 undefined on input
 line 178.


Package natbib Warning: Citation `krishna2016visual' on page 9 undefined on inp
ut line 189.

<figure/sample.pdf, id=79, 2088.48248pt x 1593.31259pt>
File: figure/sample.pdf Graphic file (type pdf)
<use figure/sample.pdf>
Package pdftex.def Info: figure/sample.pdf  used on input line 195.
(pdftex.def)             Requested size: 505.89pt x 385.92807pt.
) [9]
No file main_changed.bbl.

Underfull \hbox (badness 2469) in paragraph at lines 219--221
\OT1/ptm/m/n/10 hic quam nam con-se-qu-un-tur sus-cipit facere ob-cae-cati
 []


Underfull \vbox (badness 10000) has occurred while \output is active []

 [10]
Underfull \vbox (badness 10000) has occurred while \output is active []


Underfull \vbox (badness 10000) has occurred while \output is active []

 [11 <./figure/sample.pdf>]

Package natbib Warning: There were undefined citations.

[12

] (main_changed.aux)
 ***********
LaTeX2e <2023-06-01> patch level 1
L3 programming layer <2023-08-29>
 ***********
 ) 
Here is how much of TeX's memory you used:
 7607 strings out of 475247
 126319 string characters out of 5757792
 1963801 words of memory out of 5000000
 28975 multiletter control sequences out of 15000+600000
 593470 words of font info for 112 fonts, out of 8000000 for 9000
 1141 hyphenation exceptions out of 8191
 68i,17n,75p,3362b,404s stack positions out of 10000i,1000n,20000p,200000b,200000s
<C:/Users/micha/AppData/Local/Programs/MiKTeX/fonts/type1/public/amsfonts/cm/
cmbx10.pfb><C:/Users/micha/AppData/Local/Programs/MiKTeX/fonts/type1/public/ams
fonts/cm/cmex10.pfb><C:/Users/micha/AppData/Local/Programs/MiKTeX/fonts/type1/p
ublic/amsfonts/cmextra/cmex7.pfb><C:/Users/micha/AppData/Local/Programs/MiKTeX/
fonts/type1/public/amsfonts/cm/cmmi10.pfb><C:/Users/micha/AppData/Local/Program
s/MiKTeX/fonts/type1/public/amsfonts/cm/cmmi5.pfb><C:/Users/micha/AppData/Local
/Programs/MiKTeX/fonts/type1/public/amsfonts/cm/cmmi7.pfb><C:/Users/micha/AppDa
ta/Local/Programs/MiKTeX/fonts/type1/public/amsfonts/cm/cmr10.pfb><C:/Users/mic
ha/AppData/Local/Programs/MiKTeX/fonts/type1/public/amsfonts/cm/cmr7.pfb><C:/Us
ers/micha/AppData/Local/Programs/MiKTeX/fonts/type1/public/amsfonts/cm/cmsy10.p
fb><C:/Users/micha/AppData/Local/Programs/MiKTeX/fonts/type1/public/amsfonts/cm
/cmsy5.pfb><C:/Users/micha/AppData/Local/Programs/MiKTeX/fonts/type1/public/ams
fonts/cm/cmsy7.pfb><C:/Users/micha/AppData/Local/Programs/MiKTeX/fonts/type1/pu
blic/amsfonts/symbols/msbm10.pfb><C:/Users/micha/AppData/Local/Programs/MiKTeX/
fonts/type1/urw/times/utmb8a.pfb><C:/Users/micha/AppData/Local/Programs/MiKTeX/
fonts/type1/urw/times/utmbi8a.pfb><C:/Users/micha/AppData/Local/Programs/MiKTeX
/fonts/type1/urw/times/utmr8a.pfb><C:/Users/micha/AppData/Local/Programs/MiKTeX
/fonts/type1/urw/times/utmri8a.pfb><C:/Users/micha/AppData/Local/Programs/MiKTe
X/fonts/type1/urw/zapfding/uzdr.pfb>
Output written on main_changed.pdf (12 pages, 2418350 bytes).
PDF statistics:
 179 PDF objects out of 1000 (max. 8388607)
 0 named destinations out of 1000 (max. 500000)
 61 words of extra memory for PDF output out of 10000 (max. 10000000)

