This is pdfTeX, Version 3.141592653-2.6-1.40.25 (MiKTeX 23.9) (preloaded format=pdflatex 2023.9.22)  30 MAR 2024 16:20
entering extended mode
 restricted \write18 enabled.
 %&-line parsing enabled.
**./out.of.town.rec_changed.tex
(out.of.town.rec_changed.tex
LaTeX2e <2023-06-01> patch level 1
L3 programming layer <2023-08-29>
(C:\Users\micha\AppData\Local\Programs\MiKTeX\tex/latex/base\article.cls
Document Class: article 2023/05/17 v1.4n Standard LaTeX document class
(C:\Users\micha\AppData\Local\Programs\MiKTeX\tex/latex/base\size10.clo
File: size10.clo 2023/05/17 v1.4n Standard LaTeX file (size option)
)
\c@part=\count185
\c@section=\count186
\c@subsection=\count187
\c@subsubsection=\count188
\c@paragraph=\count189
\c@subparagraph=\count190
\c@figure=\count191
\c@table=\count192
\abovecaptionskip=\skip48
\belowcaptionskip=\skip49
\bibindent=\dimen140
)
(aaai21.sty
Conference Style for AAAI for LaTeX 2e -- version for the AAAI-21 conference - 
MODIFIED
\titlebox=\skip50
) (C:\Users\micha\AppData\Local\Programs\MiKTeX\tex/latex/psnfss\times.sty
Package: times 2020/03/25 PSNFSS-v9.3 (SPQR) 
)
(C:\Users\micha\AppData\Local\Programs\MiKTeX\tex/latex/psnfss\helvet.sty
Package: helvet 2020/03/25 PSNFSS-v9.3 (WaS) 

(C:\Users\micha\AppData\Local\Programs\MiKTeX\tex/latex/graphics\keyval.sty
Package: keyval 2022/05/29 v1.15 key=value parser (DPC)
\KV@toks@=\toks17
))
(C:\Users\micha\AppData\Local\Programs\MiKTeX\tex/latex/psnfss\courier.sty
Package: courier 2020/03/25 PSNFSS-v9.3 (WaS) 
)
(C:\Users\micha\AppData\Local\Programs\MiKTeX\tex/latex/url\url.sty
\Urlmuskip=\muskip16
Package: url 2013/09/16  ver 3.4  Verb mode for urls, etc.
)
(C:\Users\micha\AppData\Local\Programs\MiKTeX\tex/latex/graphics\graphicx.sty
Package: graphicx 2021/09/16 v1.2d Enhanced LaTeX Graphics (DPC,SPQR)

(C:\Users\micha\AppData\Local\Programs\MiKTeX\tex/latex/graphics\graphics.sty
Package: graphics 2022/03/10 v1.4e Standard LaTeX Graphics (DPC,SPQR)

(C:\Users\micha\AppData\Local\Programs\MiKTeX\tex/latex/graphics\trig.sty
Package: trig 2021/08/11 v1.11 sin cos tan (DPC)
)
(C:\Users\micha\AppData\Local\Programs\MiKTeX\tex/latex/graphics-cfg\graphics.c
fg
File: graphics.cfg 2016/06/04 v1.11 sample graphics configuration
)
Package graphics Info: Driver file: pdftex.def on input line 107.

(C:\Users\micha\AppData\Local\Programs\MiKTeX\tex/latex/graphics-def\pdftex.def
File: pdftex.def 2022/09/22 v1.2b Graphics/color driver for pdftex
))
\Gin@req@height=\dimen141
\Gin@req@width=\dimen142
) (C:\Users\micha\AppData\Local\Programs\MiKTeX\tex/latex/natbib\natbib.sty
Package: natbib 2010/09/13 8.31b (PWD, AO)
\bibhang=\skip51
\bibsep=\skip52
LaTeX Info: Redefining \cite on input line 694.
\c@NAT@ctr=\count193
)
(C:\Users\micha\AppData\Local\Programs\MiKTeX\tex/latex/caption\caption.sty
Package: caption 2023/07/31 v3.6n Customizing captions (AR)

(C:\Users\micha\AppData\Local\Programs\MiKTeX\tex/latex/caption\caption3.sty
Package: caption3 2023/07/31 v2.4d caption3 kernel (AR)
\caption@tempdima=\dimen143
\captionmargin=\dimen144
\caption@leftmargin=\dimen145
\caption@rightmargin=\dimen146
\caption@width=\dimen147
\caption@indent=\dimen148
\caption@parindent=\dimen149
\caption@hangindent=\dimen150
Package caption Info: Standard document class detected.
)
\c@caption@flags=\count194
\c@continuedfloat=\count195
)
(C:\Users\micha\AppData\Local\Programs\MiKTeX\tex/latex/amsmath\amsmath.sty
Package: amsmath 2023/05/13 v2.17o AMS math features
\@mathmargin=\skip53

For additional information on amsmath, use the `?' option.
(C:\Users\micha\AppData\Local\Programs\MiKTeX\tex/latex/amsmath\amstext.sty
Package: amstext 2021/08/26 v2.01 AMS text

(C:\Users\micha\AppData\Local\Programs\MiKTeX\tex/latex/amsmath\amsgen.sty
File: amsgen.sty 1999/11/30 v2.0 generic functions
\@emptytoks=\toks18
\ex@=\dimen151
))
(C:\Users\micha\AppData\Local\Programs\MiKTeX\tex/latex/amsmath\amsbsy.sty
Package: amsbsy 1999/11/29 v1.2d Bold Symbols
\pmbraise@=\dimen152
)
(C:\Users\micha\AppData\Local\Programs\MiKTeX\tex/latex/amsmath\amsopn.sty
Package: amsopn 2022/04/08 v2.04 operator names
)
\inf@bad=\count196
LaTeX Info: Redefining \frac on input line 234.
\uproot@=\count197
\leftroot@=\count198
LaTeX Info: Redefining \overline on input line 399.
LaTeX Info: Redefining \colon on input line 410.
\classnum@=\count199
\DOTSCASE@=\count266
LaTeX Info: Redefining \ldots on input line 496.
LaTeX Info: Redefining \dots on input line 499.
LaTeX Info: Redefining \cdots on input line 620.
\Mathstrutbox@=\box51
\strutbox@=\box52
LaTeX Info: Redefining \big on input line 722.
LaTeX Info: Redefining \Big on input line 723.
LaTeX Info: Redefining \bigg on input line 724.
LaTeX Info: Redefining \Bigg on input line 725.
\big@size=\dimen153
LaTeX Font Info:    Redeclaring font encoding OML on input line 743.
LaTeX Font Info:    Redeclaring font encoding OMS on input line 744.
\macc@depth=\count267
LaTeX Info: Redefining \bmod on input line 905.
LaTeX Info: Redefining \pmod on input line 910.
LaTeX Info: Redefining \smash on input line 940.
LaTeX Info: Redefining \relbar on input line 970.
LaTeX Info: Redefining \Relbar on input line 971.
\c@MaxMatrixCols=\count268
\dotsspace@=\muskip17
\c@parentequation=\count269
\dspbrk@lvl=\count270
\tag@help=\toks19
\row@=\count271
\column@=\count272
\maxfields@=\count273
\andhelp@=\toks20
\eqnshift@=\dimen154
\alignsep@=\dimen155
\tagshift@=\dimen156
\tagwidth@=\dimen157
\totwidth@=\dimen158
\lineht@=\dimen159
\@envbody=\toks21
\multlinegap=\skip54
\multlinetaggap=\skip55
\mathdisplay@stack=\toks22
LaTeX Info: Redefining \[ on input line 2953.
LaTeX Info: Redefining \] on input line 2954.
)
(C:\Users\micha\AppData\Local\Programs\MiKTeX\tex/latex/amsfonts\amssymb.sty
Package: amssymb 2013/01/14 v3.01 AMS font symbols

(C:\Users\micha\AppData\Local\Programs\MiKTeX\tex/latex/amsfonts\amsfonts.sty
Package: amsfonts 2013/01/14 v3.01 Basic AMSFonts support
\symAMSa=\mathgroup4
\symAMSb=\mathgroup5
LaTeX Font Info:    Redeclaring math symbol \hbar on input line 98.
LaTeX Font Info:    Overwriting math alphabet `\mathfrak' in version `bold'
(Font)                  U/euf/m/n --> U/euf/b/n on input line 106.
)) (C:\Users\micha\AppData\Local\Programs\MiKTeX\tex/latex/accents\accents.sty
Package: accents 2006/05/12 v1.4 Math Accent Tools
\cc@skew=\dimen160
\cc@wd=\dimen161
\cc@code=\count274
\cc@group=\count275
\cc@skewchar=\count276
)
(C:\Users\micha\AppData\Local\Programs\MiKTeX\tex/latex/adjustbox\trimclip.sty
Package: trimclip 2020/08/19 v1.2 Trim and clip general TeX material

(C:\Users\micha\AppData\Local\Programs\MiKTeX\tex/latex/collectbox\collectbox.s
ty
Package: collectbox 2022/10/17 v0.4c Collect macro arguments as boxes
\collectedbox=\box53
)
(C:\Users\micha\AppData\Local\Programs\MiKTeX\tex/latex/adjustbox\adjcalc.sty
Package: adjcalc 2012/05/16 v1.1 Provides advanced setlength with multiple back
-ends (calc, etex, pgfmath)

(C:\Users\micha\AppData\Local\Programs\MiKTeX\tex/latex/xkeyval\xkeyval.sty
Package: xkeyval 2022/06/16 v2.9 package option processing (HA)

(C:\Users\micha\AppData\Local\Programs\MiKTeX\tex/generic/xkeyval\xkeyval.tex
(C:\Users\micha\AppData\Local\Programs\MiKTeX\tex/generic/xkeyval\xkvutils.tex
\XKV@toks=\toks23
\XKV@tempa@toks=\toks24
)
\XKV@depth=\count277
File: xkeyval.tex 2014/12/03 v2.7a key=value parser (HA)
)))
\tc@llx=\dimen162
\tc@lly=\dimen163
\tc@urx=\dimen164
\tc@ury=\dimen165
Package trimclip Info: Using driver 'tc-pdftex.def'.

(C:\Users\micha\AppData\Local\Programs\MiKTeX\tex/latex/adjustbox\tc-pdftex.def
File: tc-pdftex.def 2019/01/04 v2.2 Clipping driver for pdftex
))
(C:\Users\micha\AppData\Local\Programs\MiKTeX\tex/generic/mathdots\mathdots.sty
Package: mathdots 2014/06/11 v0.9 Improve and add various macros for dots in ma
th.
\MDo@unit=\dimen166
\MDo@dotsbox=\box54
\MDoprekern=\muskip18
\MDopostkern=\muskip19
\MDodotkern=\muskip20
) (C:\Users\micha\AppData\Local\Programs\MiKTeX\tex/latex/booktabs\booktabs.sty
Package: booktabs 2020/01/12 v1.61803398 Publication quality tables
\heavyrulewidth=\dimen167
\lightrulewidth=\dimen168
\cmidrulewidth=\dimen169
\belowrulesep=\dimen170
\belowbottomsep=\dimen171
\aboverulesep=\dimen172
\abovetopsep=\dimen173
\cmidrulesep=\dimen174
\cmidrulekern=\dimen175
\defaultaddspace=\dimen176
\@cmidla=\count278
\@cmidlb=\count279
\@aboverulesep=\dimen177
\@belowrulesep=\dimen178
\@thisruleclass=\count280
\@lastruleclass=\count281
\@thisrulewidth=\dimen179
) (C:\Users\micha\AppData\Local\Programs\MiKTeX\tex/latex/tools\bm.sty
Package: bm 2022/01/05 v1.2f Bold Symbol Support (DPC/FMi)
\symboldoperators=\mathgroup6
\symboldletters=\mathgroup7
\symboldsymbols=\mathgroup8
Package bm Info: No bold for \OMX/cmex/m/n, using \pmb.
Package bm Info: No bold for \U/msa/m/n, using \pmb.
Package bm Info: No bold for \U/msb/m/n, using \pmb.
LaTeX Font Info:    Redeclaring math alphabet \mathbf on input line 149.
)
(C:\Users\micha\AppData\Local\Programs\MiKTeX\tex/latex/multirow\multirow.sty
Package: multirow 2021/03/15 v2.8 Span multiple rows of a table
\multirow@colwidth=\skip56
\multirow@cntb=\count282
\multirow@dima=\skip57
\bigstrutjot=\dimen180
)
(C:\Users\micha\AppData\Local\Programs\MiKTeX\tex/latex/subfigure\subfigure.sty
Package: subfigure 2002/07/30 v2.1.4 subfigure package
\subfigtopskip=\skip58
\subfigcapskip=\skip59
\subfigcaptopadj=\dimen181
\subfigbottomskip=\skip60
\subfigcapmargin=\dimen182
\subfiglabelskip=\skip61
\c@subfigure=\count283
\c@lofdepth=\count284
\c@subtable=\count285
\c@lotdepth=\count286
****************************************
* Local config file subfigure.cfg used *
****************************************

(C:\Users\micha\AppData\Local\Programs\MiKTeX\tex/latex/subfigure\subfigure.cfg
)
\subfig@top=\skip62
\subfig@bottom=\skip63
)
(C:\Users\micha\AppData\Local\Programs\MiKTeX\tex/latex/adjustbox\adjustbox.sty
Package: adjustbox 2022/10/17 v1.3a Adjusting TeX boxes (trim, clip, ...)
\adjbox@Width=\dimen183
\adjbox@Height=\dimen184
\adjbox@Depth=\dimen185
\adjbox@Totalheight=\dimen186
\adjbox@pwidth=\dimen187
\adjbox@pheight=\dimen188
\adjbox@pdepth=\dimen189
\adjbox@ptotalheight=\dimen190

(C:\Users\micha\AppData\Local\Programs\MiKTeX\tex/latex/ifoddpage\ifoddpage.sty
Package: ifoddpage 2022/10/18 v1.2 Conditionals for odd/even page detection
\c@checkoddpage=\count287
) (C:\Users\micha\AppData\Local\Programs\MiKTeX\tex/latex/varwidth\varwidth.sty
Package: varwidth 2009/03/30 ver 0.92;  Variable-width minipages
\@vwid@box=\box55
\sift@deathcycles=\count288
\@vwid@loff=\dimen191
\@vwid@roff=\dimen192
))
(C:\Users\micha\AppData\Local\Programs\MiKTeX\tex/latex/cleveref\cleveref.sty
Package: cleveref 2018/03/27 v0.21.4 Intelligent cross-referencing
Package cleveref Info: always capitalise cross-reference names on input line 78
30.
Package cleveref Info: always capitalise cross-reference names on input line 78
52.
)
(C:\Users\micha\AppData\Local\Programs\MiKTeX\tex/latex/algorithms\algorithmic.
sty
Package: algorithmic 2009/08/24 v0.1 Document Style `algorithmic'
 (C:\Users\micha\AppData\Local\Programs\MiKTeX\tex/latex/base\ifthen.sty
Package: ifthen 2022/04/13 v1.1d Standard LaTeX ifthen package (DPC)
)
\c@ALC@unique=\count289
\c@ALC@line=\count290
\c@ALC@rem=\count291
\c@ALC@depth=\count292
\ALC@tlm=\skip64
\algorithmicindent=\skip65
)
(C:\Users\micha\AppData\Local\Programs\MiKTeX\tex/latex/base\textcomp.sty
Package: textcomp 2020/02/02 v2.0n Standard LaTeX package
)
(C:\Users\micha\AppData\Local\Programs\MiKTeX\tex/latex/xcolor\xcolor.sty
Package: xcolor 2022/06/12 v2.14 LaTeX color extensions (UK)

(C:\Users\micha\AppData\Local\Programs\MiKTeX\tex/latex/graphics-cfg\color.cfg
File: color.cfg 2016/01/02 v1.6 sample color configuration
)
Package xcolor Info: Driver file: pdftex.def on input line 227.
(C:\Users\micha\AppData\Local\Programs\MiKTeX\tex/latex/graphics\mathcolor.ltx)
Package xcolor Info: Model `cmy' substituted by `cmy0' on input line 1353.
Package xcolor Info: Model `hsb' substituted by `rgb' on input line 1357.
Package xcolor Info: Model `RGB' extended on input line 1369.
Package xcolor Info: Model `HTML' substituted by `rgb' on input line 1371.
Package xcolor Info: Model `Hsb' substituted by `hsb' on input line 1372.
Package xcolor Info: Model `tHsb' substituted by `hsb' on input line 1373.
Package xcolor Info: Model `HSB' substituted by `hsb' on input line 1374.
Package xcolor Info: Model `Gray' substituted by `gray' on input line 1375.
Package xcolor Info: Model `wave' substituted by `hsb' on input line 1376.
) (C:\Users\micha\AppData\Local\Programs\MiKTeX\tex/latex/subfig\subfig.sty
Package: subfig 2005/06/28 ver: 1.3 subfig package


Package subfig Warning: You cannot set the `caption' option here if the
(subfig)                caption package is already loaded (the option
(subfig)                `caption=true' is ignored) on input line 139.

\c@KVtest=\count293
\sf@farskip=\skip66
\sf@captopadj=\dimen193
\sf@capskip=\skip67
\sf@nearskip=\skip68
\sf@top=\skip69
\sf@bottom=\skip70
) (C:\Users\micha\AppData\Local\Programs\MiKTeX\tex/latex/enumitem\enumitem.sty
Package: enumitem 2019/06/20 v3.9 Customized lists
\labelindent=\skip71
\enit@outerparindent=\dimen194
\enit@toks=\toks25
\enit@inbox=\box56
\enit@count@id=\count294
\enitdp@description=\count295
)
(C:\Users\micha\AppData\Local\Programs\MiKTeX\tex/latex/threeparttable\threepar
ttable.sty
Package: threeparttable 2003/06/13  v 3.0
\@tempboxb=\box57
)
(C:\Users\micha\AppData\Local\Programs\MiKTeX\tex/latex/comment\comment.sty
\CommentStream=\write3

Excluding comment 'comment')
\c@defn=\count296
\c@prbl=\count297
LaTeX Font Info:    Trying to load font information for OT1+ptm on input line 1
59.

(C:\Users\micha\AppData\Local\Programs\MiKTeX\tex/latex/psnfss\ot1ptm.fd
File: ot1ptm.fd 2001/06/04 font definitions for OT1/ptm.
)
(C:\Users\micha\AppData\Local\Programs\MiKTeX\tex/latex/l3backend\l3backend-pdf
tex.def
File: l3backend-pdftex.def 2023-04-19 L3 backend support: PDF output (pdfTeX)
\l__color_backend_stack_int=\count298
\l__pdf_internal_box=\box58
) (out.of.town.rec_changed.aux)
\openout1 = `out.of.town.rec_changed.aux'.

LaTeX Font Info:    Checking defaults for OML/cmm/m/it on input line 159.
LaTeX Font Info:    ... okay on input line 159.
LaTeX Font Info:    Checking defaults for OMS/cmsy/m/n on input line 159.
LaTeX Font Info:    ... okay on input line 159.
LaTeX Font Info:    Checking defaults for OT1/cmr/m/n on input line 159.
LaTeX Font Info:    ... okay on input line 159.
LaTeX Font Info:    Checking defaults for T1/cmr/m/n on input line 159.
LaTeX Font Info:    ... okay on input line 159.
LaTeX Font Info:    Checking defaults for TS1/cmr/m/n on input line 159.
LaTeX Font Info:    ... okay on input line 159.
LaTeX Font Info:    Checking defaults for OMX/cmex/m/n on input line 159.
LaTeX Font Info:    ... okay on input line 159.
LaTeX Font Info:    Checking defaults for U/cmr/m/n on input line 159.
LaTeX Font Info:    ... okay on input line 159.

(C:\Users\micha\AppData\Local\Programs\MiKTeX\tex/context/base/mkii\supp-pdf.mk
ii
[Loading MPS to PDF converter (version 2006.09.02).]
\scratchcounter=\count299
\scratchdimen=\dimen195
\scratchbox=\box59
\nofMPsegments=\count300
\nofMParguments=\count301
\everyMPshowfont=\toks26
\MPscratchCnt=\count302
\MPscratchDim=\dimen196
\MPnumerator=\count303
\makeMPintoPDFobject=\count304
\everyMPtoPDFconversion=\toks27
)
(C:\Users\micha\AppData\Local\Programs\MiKTeX\tex/latex/epstopdf-pkg\epstopdf-b
ase.sty
Package: epstopdf-base 2020-01-24 v2.11 Base part for package epstopdf
Package epstopdf-base Info: Redefining graphics rule for `.eps' on input line 4
85.

(C:\Users\micha\AppData\Local\Programs\MiKTeX\tex/latex/00miktex\epstopdf-sys.c
fg
File: epstopdf-sys.cfg 2021/03/18 v2.0 Configuration of epstopdf for MiKTeX
))
Package caption Info: Begin \AtBeginDocument code.
Package caption Info: subfig package v1.3 is loaded.
Package caption Info: subfigure package is loaded.
Package caption Info: threeparttable package is loaded.
Package caption Info: End \AtBeginDocument code.
\titlearea=\box60
LaTeX Font Info:    Trying to load font information for U+msa on input line 161
.
 (C:\Users\micha\AppData\Local\Programs\MiKTeX\tex/latex/amsfonts\umsa.fd
File: umsa.fd 2013/01/14 v3.01 AMS symbols A
)
LaTeX Font Info:    Trying to load font information for U+msb on input line 161
.

(C:\Users\micha\AppData\Local\Programs\MiKTeX\tex/latex/amsfonts\umsb.fd
File: umsb.fd 2013/01/14 v3.01 AMS symbols B
)
LaTeX Font Info:    Trying to load font information for OMS+ptm on input line 1
61.

(C:\Users\micha\AppData\Local\Programs\MiKTeX\tex/latex/psnfss\omsptm.fd
File: omsptm.fd 
)
LaTeX Font Info:    Font shape `OMS/ptm/m/n' in size <10> not available
(Font)              Font shape `OMS/cmsy/m/n' tried instead on input line 161.
\actualheight=\skip72
LaTeX Font Info:    Trying to load font information for TS1+ptm on input line 1
61.

(C:\Users\micha\AppData\Local\Programs\MiKTeX\tex/latex/psnfss\ts1ptm.fd
File: ts1ptm.fd 2001/06/04 font definitions for TS1/ptm.
)
Underfull \vbox (badness 10000) detected at line 161
 []

<./framework.pdf, id=1, 910.40125pt x 255.95625pt>
File: ./framework.pdf Graphic file (type pdf)
<use ./framework.pdf>
Package pdftex.def Info: ./framework.pdf  used on input line 180.
(pdftex.def)             Requested size: 455.2979pt x 128.00514pt.

Package natbib Warning: Citation `ference2013location' on page 1 undefined on i
nput line 193.


Package natbib Warning: Citation `pham2017general' on page 1 undefined on input
 line 202.


Package natbib Warning: Citation `ference2013location' on page 1 undefined on i
nput line 203.


Package natbib Warning: Citation `yin2014lcars' on page 1 undefined on input li
ne 204.


Package natbib Warning: Citation `yin2016joint' on page 1 undefined on input li
ne 204.


Package natbib Warning: Citation `wang2017location' on page 1 undefined on inpu
t line 204.


Underfull \vbox (badness 1400) has occurred while \output is active []

 [1{C:/Users/micha/AppData/Local/MiKTeX/fonts/map/pdftex/pdftex.map}{C:/Users/m
icha/AppData/Local/Programs/MiKTeX/fonts/enc/dvips/base/8r.enc}



]
Underfull \hbox (badness 3701) in paragraph at lines 249--250
[]\OT1/ptm/m/it/10 Given a user $\OML/cmm/m/it/10 u$\OT1/ptm/m/it/10 , his/er
 []


Underfull \hbox (badness 3229) in paragraph at lines 249--250
\OT1/ptm/m/it/10 travel be-hav-ior is rep-re-sented by a five-tuple $\OML/cmm/m
/it/10 ^^\ \OT1/cmr/m/n/10 =
 []

LaTeX Font Info:    Trying to load font information for U+euf on input line 261
.
(C:\Users\micha\AppData\Local\Programs\MiKTeX\tex/latex/amsfonts\ueuf.fd
File: ueuf.fd 2013/01/14 v3.01 Euler Fraktur
)
Underfull \hbox (badness 2134) in paragraph at lines 258--266
[]\OT1/ptm/m/it/10 given a set
 []


Package natbib Warning: Citation `wu2019session' on page 2 undefined on input l
ine 297.


Package natbib Warning: Citation `li2015gated' on page 2 undefined on input lin
e 297.

<./A.pdf, id=9, 597.23125pt x 285.065pt>
File: ./A.pdf Graphic file (type pdf)
<use ./A.pdf>
Package pdftex.def Info: ./A.pdf  used on input line 301.
(pdftex.def)             Requested size: 209.47008pt x 99.98303pt.
[2 <./framework.pdf>]

Package natbib Warning: Citation `cho2014properties' on page 3 undefined on inp
ut line 346.


Package natbib Warning: Citation `miao2017discovering' on page 3 undefined on i
nput line 368.


Package natbib Warning: Citation `srivastava2017autoencoding' on page 3 undefin
ed on input line 368.


Underfull \hbox (badness 1881) in paragraph at lines 372--377
 \OT1/ptm/b/n/10 Un-cov-er-ing Generic Travel In-ten-tions. \OT1/ptm/m/n/10 As-
sume that
 []


Package natbib Warning: Citation `zeng2018topic' on page 3 undefined on input l
ine 442.


Package natbib Warning: Citation `wei2019modeling' on page 3 undefined on input
 line 442.


Underfull \hbox (badness 1331) in paragraph at lines 442--444
\OT1/ptm/m/n/10 travel in-ten-tions of users, which can ex-plore in-ten-tion
 []

[3 <./A.pdf>]
Underfull \hbox (badness 1584) in paragraph at lines 468--470
\OT1/ptm/m/n/10 Geographical in-flu-ence un-der-ly-ing out-of-town POIs is
 []


Package natbib Warning: Citation `zhang2020semi' on page 4 undefined on input l
ine 490.


Package natbib Warning: Citation `li2020competitive' on page 4 undefined on inp
ut line 490.


Package natbib Warning: Citation `geng2019spatiotemporal' on page 4 undefined o
n input line 490.


Package natbib Warning: Citation `kipf2016semi' on page 4 undefined on input li
ne 491.


Package natbib Warning: Citation `rendle2012bpr' on page 4 undefined on input l
ine 532.


Package natbib Warning: Citation `man2017cross' on page 4 undefined on input li
ne 545.


Underfull \hbox (badness 4967) in paragraph at lines 600--612
 \OT1/ptm/b/n/10 Dataset. \OT1/ptm/m/n/10 We chose three real-world travel be-h
av-ior
 []

[4]

Package natbib Warning: Citation `rendle2012bpr' on page 5 undefined on input l
ine 658.


Package natbib Warning: Citation `hidasi2015session' on page 5 undefined on inp
ut line 662.


Package natbib Warning: Citation `wu2019session' on page 5 undefined on input l
ine 665.


Package natbib Warning: Citation `yin2014lcars' on page 5 undefined on input li
ne 668.


Package natbib Warning: Citation `man2017cross' on page 5 undefined on input li
ne 671.


Underfull \hbox (badness 1092) in paragraph at lines 671--672
[]\OT1/ptm/b/n/10 EMCDR \OT1/ptm/m/n/10 (\OT1/ptm/b/n/10 ?\OT1/ptm/m/n/10 ) is 
a cross-domain rec-om-men-da-tion ap-
 []


Underfull \hbox (badness 1466) in paragraph at lines 764--767
 \OT1/ptm/b/n/10 Rec-om-men-da-tion Per-for-mance. \OT1/ptm/m/n/10 The per-for-
mances of
 []

[5]
<./POI_intention.png, id=131, 480.5955pt x 186.09525pt>
File: ./POI_intention.png Graphic file (type png)
<use ./POI_intention.png>
Package pdftex.def Info: ./POI_intention.png  used on input line 811.
(pdftex.def)             Requested size: 227.42392pt x 88.06108pt.
<./user_intention.png, id=133, 655.85025pt x 182.48175pt>
File: ./user_intention.png Graphic file (type png)
<use ./user_intention.png>
Package pdftex.def Info: ./user_intention.png  used on input line 814.
(pdftex.def)             Requested size: 227.42392pt x 63.27647pt.
<./K_sh2hz.png, id=134, 413.3844pt x 282.93706pt>
File: ./K_sh2hz.png Graphic file (type png)
<use ./K_sh2hz.png>
Package pdftex.def Info: ./K_sh2hz.png  used on input line 875.
(pdftex.def)             Requested size: 107.72673pt x 73.73027pt.
<./lambda1_sh2hz.png, id=135, 413.3844pt x 282.93706pt>
File: ./lambda1_sh2hz.png Graphic file (type png)
<use ./lambda1_sh2hz.png>
Package pdftex.def Info: ./lambda1_sh2hz.png  used on input line 878.
(pdftex.def)             Requested size: 107.72673pt x 73.73027pt.
<./lambda2_sh2hz.png, id=136, 413.3844pt x 282.93706pt>
File: ./lambda2_sh2hz.png Graphic file (type png)
<use ./lambda2_sh2hz.png>
Package pdftex.def Info: ./lambda2_sh2hz.png  used on input line 881.
(pdftex.def)             Requested size: 107.72673pt x 73.73027pt.
<./lambda3_sh2hz.png, id=137, 413.3844pt x 282.93706pt>
File: ./lambda3_sh2hz.png Graphic file (type png)
<use ./lambda3_sh2hz.png>
Package pdftex.def Info: ./lambda3_sh2hz.png  used on input line 884.
(pdftex.def)             Requested size: 107.72673pt x 73.73027pt.

Underfull \vbox (badness 10000) has occurred while \output is active []

 [6 <./POI_intention.png> <./user_intention.png>]

Package natbib Warning: Citation `wang2017location' on page 7 undefined on inpu
t line 904.


Package natbib Warning: Citation `ference2013location' on page 7 undefined on i
nput line 906.


Package natbib Warning: Citation `ference2013location' on page 7 undefined on i
nput line 906.


Package natbib Warning: Citation `pham2017general' on page 7 undefined on input
 line 906.


Package natbib Warning: Citation `ference2013location' on page 7 undefined on i
nput line 906.


Package natbib Warning: Citation `yin2014lcars' on page 7 undefined on input li
ne 909.


Package natbib Warning: Citation `yin2016joint' on page 7 undefined on input li
ne 909.


Package natbib Warning: Citation `wang2017location' on page 7 undefined on inpu
t line 909.


Package natbib Warning: Citation `liu2011personalized' on page 7 undefined on i
nput line 913.


Package natbib Warning: Citation `brilhante2013shall' on page 7 undefined on in
put line 913.


Package natbib Warning: Citation `hu2017unifying' on page 7 undefined on input 
line 913.


Underfull \hbox (badness 1092) in paragraph at lines 903--916
\OT1/ptm/m/n/10 ins (\OT1/ptm/b/n/10 ??\OT1/ptm/m/n/10 ), and so-cial in-flu-en
ce (\OT1/ptm/b/n/10 ?\OT1/ptm/m/n/10 ). One im-por-tant phe-
 []


Package natbib Warning: Citation `wang2017location' on page 7 undefined on inpu
t line 920.


Package natbib Warning: Citation `xu2017measuring' on page 7 undefined on input
 line 920.


Package natbib Warning: Citation `shen2018joint' on page 7 undefined on input l
ine 920.


Package natbib Warning: Citation `zhou2019topic' on page 7 undefined on input l
ine 920.


Package natbib Warning: Citation `luo2020spatial' on page 7 undefined on input 
line 920.


Package natbib Warning: Citation `miao2016neural' on page 7 undefined on input 
line 924.


Package natbib Warning: Citation `miao2017discovering' on page 7 undefined on i
nput line 924.


Package natbib Warning: Citation `kingma2013auto' on page 7 undefined on input 
line 924.


Package natbib Warning: Citation `srivastava2017autoencoding' on page 7 undefin
ed on input line 924.


Package natbib Warning: Citation `miao2016neural' on page 7 undefined on input 
line 925.


Package natbib Warning: Citation `miao2017discovering' on page 7 undefined on i
nput line 926.


Underfull \hbox (badness 2310) in paragraph at lines 945--946
\OT1/ptm/m/n/10 This work is sup-ported in part by NSFC 71531001,
 []

No file out.of.town.rec_changed.bbl.
[7 <./K_sh2hz.png> <./lambda1_sh2hz.png> <./lambda2_sh2hz.png> <./lambda3_sh2hz
.png>]

Package natbib Warning: There were undefined citations.

[8

] (out.of.town.rec_changed.aux)
 ***********
LaTeX2e <2023-06-01> patch level 1
L3 programming layer <2023-08-29>
 ***********
 ) 
Here is how much of TeX's memory you used:
 9311 strings out of 475247
 163270 string characters out of 5757792
 1957801 words of memory out of 5000000
 30660 multiletter control sequences out of 15000+600000
 595364 words of font info for 125 fonts, out of 8000000 for 9000
 1141 hyphenation exceptions out of 8191
 58i,19n,79p,442b,427s stack positions out of 10000i,1000n,20000p,200000b,200000s
<C:/Users/micha/AppData/Local/Programs/MiKTeX/fonts/type1/public/amsfonts/cm/
cmbx10.pfb><C:/Users/micha/AppData/Local/Programs/MiKTeX/fonts/type1/public/ams
fonts/cm/cmbx7.pfb><C:/Users/micha/AppData/Local/Programs/MiKTeX/fonts/type1/pu
blic/amsfonts/cm/cmex10.pfb><C:/Users/micha/AppData/Local/Programs/MiKTeX/fonts
/type1/public/amsfonts/cmextra/cmex7.pfb><C:/Users/micha/AppData/Local/Programs
/MiKTeX/fonts/type1/public/amsfonts/cm/cmmi10.pfb><C:/Users/micha/AppData/Local
/Programs/MiKTeX/fonts/type1/public/amsfonts/cm/cmmi5.pfb><C:/Users/micha/AppDa
ta/Local/Programs/MiKTeX/fonts/type1/public/amsfonts/cm/cmmi7.pfb><C:/Users/mic
ha/AppData/Local/Programs/MiKTeX/fonts/type1/public/amsfonts/cm/cmmi9.pfb><C:/U
sers/micha/AppData/Local/Programs/MiKTeX/fonts/type1/public/amsfonts/cm/cmmib10
.pfb><C:/Users/micha/AppData/Local/Programs/MiKTeX/fonts/type1/public/amsfonts/
cm/cmr10.pfb><C:/Users/micha/AppData/Local/Programs/MiKTeX/fonts/type1/public/a
msfonts/cm/cmr5.pfb><C:/Users/micha/AppData/Local/Programs/MiKTeX/fonts/type1/p
ublic/amsfonts/cm/cmr6.pfb><C:/Users/micha/AppData/Local/Programs/MiKTeX/fonts/
type1/public/amsfonts/cm/cmr7.pfb><C:/Users/micha/AppData/Local/Programs/MiKTeX
/fonts/type1/public/amsfonts/cm/cmsy10.pfb><C:/Users/micha/AppData/Local/Progra
ms/MiKTeX/fonts/type1/public/amsfonts/cm/cmsy7.pfb><C:/Users/micha/AppData/Loca
l/Programs/MiKTeX/fonts/type1/public/amsfonts/euler/eufm10.pfb><C:/Users/micha/
AppData/Local/Programs/MiKTeX/fonts/type1/public/amsfonts/symbols/msbm10.pfb><C
:/Users/micha/AppData/Local/Programs/MiKTeX/fonts/type1/urw/times/utmb8a.pfb><C
:/Users/micha/AppData/Local/Programs/MiKTeX/fonts/type1/urw/times/utmr8a.pfb><C
:/Users/micha/AppData/Local/Programs/MiKTeX/fonts/type1/urw/times/utmri8a.pfb>
Output written on out.of.town.rec_changed.pdf (8 pages, 1001396 bytes).
PDF statistics:
 239 PDF objects out of 1000 (max. 8388607)
 0 named destinations out of 1000 (max. 500000)
 41 words of extra memory for PDF output out of 10000 (max. 10000000)

