This is pdfTeX, Version 3.141592653-2.6-1.40.25 (MiKTeX 23.9) (preloaded format=pdflatex 2023.9.22)  27 APR 2024 17:26
entering extended mode
 restricted \write18 enabled.
 %&-line parsing enabled.
**./new_1.tex
(new_1.tex
LaTeX2e <2023-06-01> patch level 1
L3 programming layer <2023-08-29>
(C:\Users\micha\AppData\Local\Programs\MiKTeX\tex/latex/base\article.cls
Document Class: article 2023/05/17 v1.4n Standard LaTeX document class
(C:\Users\micha\AppData\Local\Programs\MiKTeX\tex/latex/base\size10.clo
File: size10.clo 2023/05/17 v1.4n Standard LaTeX file (size option)
)
\c@part=\count185
\c@section=\count186
\c@subsection=\count187
\c@subsubsection=\count188
\c@paragraph=\count189
\c@subparagraph=\count190
\c@figure=\count191
\c@table=\count192
\abovecaptionskip=\skip48
\belowcaptionskip=\skip49
\bibindent=\dimen140
)
(aaai20.sty
Conference Style for AAAI for LaTeX 2e -- version for the AAAI-20 conference
\titlebox=\skip50
) (C:\Users\micha\AppData\Local\Programs\MiKTeX\tex/latex/psnfss\times.sty
Package: times 2020/03/25 PSNFSS-v9.3 (SPQR) 
)
(C:\Users\micha\AppData\Local\Programs\MiKTeX\tex/latex/psnfss\helvet.sty
Package: helvet 2020/03/25 PSNFSS-v9.3 (WaS) 

(C:\Users\micha\AppData\Local\Programs\MiKTeX\tex/latex/graphics\keyval.sty
Package: keyval 2022/05/29 v1.15 key=value parser (DPC)
\KV@toks@=\toks17
))
(C:\Users\micha\AppData\Local\Programs\MiKTeX\tex/latex/psnfss\courier.sty
Package: courier 2020/03/25 PSNFSS-v9.3 (WaS) 
)
(C:\Users\micha\AppData\Local\Programs\MiKTeX\tex/latex/url\url.sty
\Urlmuskip=\muskip16
Package: url 2013/09/16  ver 3.4  Verb mode for urls, etc.
)
(C:\Users\micha\AppData\Local\Programs\MiKTeX\tex/latex/graphics\graphicx.sty
Package: graphicx 2021/09/16 v1.2d Enhanced LaTeX Graphics (DPC,SPQR)

(C:\Users\micha\AppData\Local\Programs\MiKTeX\tex/latex/graphics\graphics.sty
Package: graphics 2022/03/10 v1.4e Standard LaTeX Graphics (DPC,SPQR)

(C:\Users\micha\AppData\Local\Programs\MiKTeX\tex/latex/graphics\trig.sty
Package: trig 2021/08/11 v1.11 sin cos tan (DPC)
)
(C:\Users\micha\AppData\Local\Programs\MiKTeX\tex/latex/graphics-cfg\graphics.c
fg
File: graphics.cfg 2016/06/04 v1.11 sample graphics configuration
)
Package graphics Info: Driver file: pdftex.def on input line 107.

(C:\Users\micha\AppData\Local\Programs\MiKTeX\tex/latex/graphics-def\pdftex.def
File: pdftex.def 2022/09/22 v1.2b Graphics/color driver for pdftex
))
\Gin@req@height=\dimen141
\Gin@req@width=\dimen142
) (C:\Users\micha\AppData\Local\Programs\MiKTeX\tex/latex/amsmath\amsmath.sty
Package: amsmath 2023/05/13 v2.17o AMS math features
\@mathmargin=\skip51
For additional information on amsmath, use the `?' option.
(C:\Users\micha\AppData\Local\Programs\MiKTeX\tex/latex/amsmath\amstext.sty
Package: amstext 2021/08/26 v2.01 AMS text

(C:\Users\micha\AppData\Local\Programs\MiKTeX\tex/latex/amsmath\amsgen.sty
File: amsgen.sty 1999/11/30 v2.0 generic functions
\@emptytoks=\toks18
\ex@=\dimen143
))
(C:\Users\micha\AppData\Local\Programs\MiKTeX\tex/latex/amsmath\amsbsy.sty
Package: amsbsy 1999/11/29 v1.2d Bold Symbols
\pmbraise@=\dimen144
)
(C:\Users\micha\AppData\Local\Programs\MiKTeX\tex/latex/amsmath\amsopn.sty
Package: amsopn 2022/04/08 v2.04 operator names
)
\inf@bad=\count193
LaTeX Info: Redefining \frac on input line 234.
\uproot@=\count194
\leftroot@=\count195
LaTeX Info: Redefining \overline on input line 399.
LaTeX Info: Redefining \colon on input line 410.
\classnum@=\count196
\DOTSCASE@=\count197
LaTeX Info: Redefining \ldots on input line 496.
LaTeX Info: Redefining \dots on input line 499.
LaTeX Info: Redefining \cdots on input line 620.
\Mathstrutbox@=\box51
\strutbox@=\box52
LaTeX Info: Redefining \big on input line 722.
LaTeX Info: Redefining \Big on input line 723.
LaTeX Info: Redefining \bigg on input line 724.
LaTeX Info: Redefining \Bigg on input line 725.
\big@size=\dimen145
LaTeX Font Info:    Redeclaring font encoding OML on input line 743.
LaTeX Font Info:    Redeclaring font encoding OMS on input line 744.
\macc@depth=\count198
LaTeX Info: Redefining \bmod on input line 905.
LaTeX Info: Redefining \pmod on input line 910.
LaTeX Info: Redefining \smash on input line 940.
LaTeX Info: Redefining \relbar on input line 970.
LaTeX Info: Redefining \Relbar on input line 971.
\c@MaxMatrixCols=\count199
\dotsspace@=\muskip17
\c@parentequation=\count266
\dspbrk@lvl=\count267
\tag@help=\toks19
\row@=\count268
\column@=\count269
\maxfields@=\count270
\andhelp@=\toks20
\eqnshift@=\dimen146
\alignsep@=\dimen147
\tagshift@=\dimen148
\tagwidth@=\dimen149
\totwidth@=\dimen150
\lineht@=\dimen151
\@envbody=\toks21
\multlinegap=\skip52
\multlinetaggap=\skip53
\mathdisplay@stack=\toks22
LaTeX Info: Redefining \[ on input line 2953.
LaTeX Info: Redefining \] on input line 2954.
)
(C:\Users\micha\AppData\Local\Programs\MiKTeX\tex/latex/amsfonts\amssymb.sty
Package: amssymb 2013/01/14 v3.01 AMS font symbols

(C:\Users\micha\AppData\Local\Programs\MiKTeX\tex/latex/amsfonts\amsfonts.sty
Package: amsfonts 2013/01/14 v3.01 Basic AMSFonts support
\symAMSa=\mathgroup4
\symAMSb=\mathgroup5
LaTeX Font Info:    Redeclaring math symbol \hbar on input line 98.
LaTeX Font Info:    Overwriting math alphabet `\mathfrak' in version `bold'
(Font)                  U/euf/m/n --> U/euf/b/n on input line 106.
)) (C:\Users\micha\AppData\Local\Programs\MiKTeX\tex/latex/enumitem\enumitem.st
y
Package: enumitem 2019/06/20 v3.9 Customized lists
\labelindent=\skip54
\enit@outerparindent=\dimen152
\enit@toks=\toks23
\enit@inbox=\box53
\enit@count@id=\count271
\enitdp@description=\count272
)
LaTeX Font Info:    Trying to load font information for OT1+ptm on input line 2
7.
(C:\Users\micha\AppData\Local\Programs\MiKTeX\tex/latex/psnfss\ot1ptm.fd
File: ot1ptm.fd 2001/06/04 font definitions for OT1/ptm.
)
(C:\Users\micha\AppData\Local\Programs\MiKTeX\tex/latex/l3backend\l3backend-pdf
tex.def
File: l3backend-pdftex.def 2023-04-19 L3 backend support: PDF output (pdfTeX)
\l__color_backend_stack_int=\count273
\l__pdf_internal_box=\box54
) (new_1.aux)
\openout1 = `new_1.aux'.

LaTeX Font Info:    Checking defaults for OML/cmm/m/it on input line 27.
LaTeX Font Info:    ... okay on input line 27.
LaTeX Font Info:    Checking defaults for OMS/cmsy/m/n on input line 27.
LaTeX Font Info:    ... okay on input line 27.
LaTeX Font Info:    Checking defaults for OT1/cmr/m/n on input line 27.
LaTeX Font Info:    ... okay on input line 27.
LaTeX Font Info:    Checking defaults for T1/cmr/m/n on input line 27.
LaTeX Font Info:    ... okay on input line 27.
LaTeX Font Info:    Checking defaults for TS1/cmr/m/n on input line 27.
LaTeX Font Info:    ... okay on input line 27.
LaTeX Font Info:    Checking defaults for OMX/cmex/m/n on input line 27.
LaTeX Font Info:    ... okay on input line 27.
LaTeX Font Info:    Checking defaults for U/cmr/m/n on input line 27.
LaTeX Font Info:    ... okay on input line 27.

(C:\Users\micha\AppData\Local\Programs\MiKTeX\tex/context/base/mkii\supp-pdf.mk
ii
[Loading MPS to PDF converter (version 2006.09.02).]
\scratchcounter=\count274
\scratchdimen=\dimen153
\scratchbox=\box55
\nofMPsegments=\count275
\nofMParguments=\count276
\everyMPshowfont=\toks24
\MPscratchCnt=\count277
\MPscratchDim=\dimen154
\MPnumerator=\count278
\makeMPintoPDFobject=\count279
\everyMPtoPDFconversion=\toks25
)
(C:\Users\micha\AppData\Local\Programs\MiKTeX\tex/latex/epstopdf-pkg\epstopdf-b
ase.sty
Package: epstopdf-base 2020-01-24 v2.11 Base part for package epstopdf
Package epstopdf-base Info: Redefining graphics rule for `.eps' on input line 4
85.

(C:\Users\micha\AppData\Local\Programs\MiKTeX\tex/latex/00miktex\epstopdf-sys.c
fg
File: epstopdf-sys.cfg 2021/03/18 v2.0 Configuration of epstopdf for MiKTeX
))
LaTeX Font Info:    Trying to load font information for U+msa on input line 29.

 (C:\Users\micha\AppData\Local\Programs\MiKTeX\tex/latex/amsfonts\umsa.fd
File: umsa.fd 2013/01/14 v3.01 AMS symbols A
)
LaTeX Font Info:    Trying to load font information for U+msb on input line 29.


(C:\Users\micha\AppData\Local\Programs\MiKTeX\tex/latex/amsfonts\umsb.fd
File: umsb.fd 2013/01/14 v3.01 AMS symbols B
)
LaTeX Font Info:    Trying to load font information for TS1+ptm on input line 2
9.

(C:\Users\micha\AppData\Local\Programs\MiKTeX\tex/latex/psnfss\ts1ptm.fd
File: ts1ptm.fd 2001/06/04 font definitions for TS1/ptm.
)
<grid.jpg, id=1, 3975.85374pt x 2563.5775pt>
File: grid.jpg Graphic file (type jpg)
<use grid.jpg>
Package pdftex.def Info: grid.jpg  used on input line 87.
(pdftex.def)             Requested size: 191.51622pt x 123.45322pt.

[1{C:/Users/micha/AppData/Local/MiKTeX/fonts/map/pdftex/pdftex.map}{C:/Users/mi
cha/AppData/Local/Programs/MiKTeX/fonts/enc/dvips/base/8r.enc}



]
Underfull \hbox (badness 1087) in paragraph at lines 103--104
[]\OT1/ptm/m/n/10 Alternatively, con-sider the case in which the per-son
 []


LaTeX Warning: Citation `wilson2020challenges' on page 2 undefined on input lin
e 109.

<architecture.png, id=9, 853.1875pt x 337.26pt>
File: architecture.png Graphic file (type png)
<use architecture.png>
Package pdftex.def Info: architecture.png  used on input line 136.
(pdftex.def)             Requested size: 239.39438pt x 94.6277pt.

LaTeX Warning: `h' float specifier changed to `ht'.

LaTeX Font Info:    Trying to load font information for OT1+pcr on input line 1
44.
(C:\Users\micha\AppData\Local\Programs\MiKTeX\tex/latex/psnfss\ot1pcr.fd
File: ot1pcr.fd 2001/06/04 font definitions for OT1/pcr.
)

LaTeX Warning: Citation `rabkina2017towards' on page 2 undefined on input line 
161.


LaTeX Warning: Citation `rabkina2017towards' on page 2 undefined on input line 
163.


LaTeX Warning: Citation `rabkina2018bootstrapping' on page 2 undefined on input
 line 163.


LaTeX Warning: Citation `rabkina2019analogical' on page 2 undefined on input li
ne 163.


LaTeX Warning: Citation `rabkina2020acs' on page 2 undefined on input line 163.



LaTeX Warning: Citation `wilson2018general' on page 2 undefined on input line 1
69.


LaTeX Warning: Citation `wilson2019developing' on page 2 undefined on input lin
e 169.

[2 <./grid.jpg> <./architecture.png>]

LaTeX Warning: Citation `nau1999shop' on page 3 undefined on input line 173.

<medsorting_htn.png, id=16, 815.045pt x 410.53375pt>
File: medsorting_htn.png Graphic file (type png)
<use medsorting_htn.png>
Package pdftex.def Info: medsorting_htn.png  used on input line 177.
(pdftex.def)             Requested size: 237.00174pt x 119.37747pt.

LaTeX Warning: Citation `gilpin2018monitoring' on page 3 undefined on input lin
e 212.


LaTeX Warning: Citation `leilanithesis' on page 3 undefined on input line 212.


Underfull \vbox (badness 1701) has occurred while \output is active []



LaTeX Warning: Citation `leilanithesis' on page 3 undefined on input line 243.

[3 <./medsorting_htn.png>]
Runaway argument?
{(onDay pill Wednesday) (beforeTime pill 
! Paragraph ended before \text@command was complete.
<to be read again> 
                   \par 
l.304 afternoon)}
                 .  And the final explanation reads in a series of symbolic
I suspect you've forgotten a `}', causing me to apply this
control sequence to too much text. How can we recover?
My plan is to forget the whole thing and hope for the best.

! Argument of \@xverbatim has an extra }.
<inserted text> 
                \par 
l.304 afternoon)}
                 .  And the final explanation reads in a series of symbolic
I've run across a `}' that doesn't seem to match anything.
For example, `\def\a#1{...}' and `\a}' would produce
this error. If you simply proceed now, the `\par' that
I've just inserted will cause me to report a runaway
argument that might be the root of the problem. But if
your `}' was spurious, just type `2' and it will go away.

Runaway argument?
 [(IsA Levodopa pill), 'Given'] [(AtLocation pill cabinet), 'ConceptN\ETC.
! Paragraph ended before \@xverbatim was complete.
<to be read again> 
                   \par 
l.304 afternoon)}
                 .  And the final explanation reads in a series of symbolic
I suspect you've forgotten a `}', causing me to apply this
control sequence to too much text. How can we recover?
My plan is to forget the whole thing and hope for the best.

! Extra }, or forgotten \endgroup.
<recently read> }
                 
l.304 afternoon)}
                 .  And the final explanation reads in a series of symbolic
I've deleted a group-closing symbol because it seems to be
spurious, as in `$x}$'. But perhaps the } is legitimate and
you forgot something else, as in `\hbox{$x}'. In such cases
the way to recover is to insert both the forgotten and the
deleted material, e.g., by typing `I$}'.

! Extra }, or forgotten \endgroup.
\texttt  ...\else \hmode@bgroup \text@command {#1}
                                                  \ttfamily \check@icl #1\ch...
l.304 afternoon)}
                 .  And the final explanation reads in a series of symbolic
I've deleted a group-closing symbol because it seems to be
spurious, as in `$x}$'. But perhaps the } is legitimate and
you forgot something else, as in `\hbox{$x}'. In such cases
the way to recover is to insert both the forgotten and the
deleted material, e.g., by typing `I$}'.


Underfull \hbox (badness 10000) in paragraph at lines 304--304
[]\OT1/pcr/m/n/9 afternoon)(onDay pill Wednesday) (beforeTime
 []

! Argument of \@xverbatim has an extra }.
<inserted text> 
                \par 
l.304 afternoon)}
                 .  And the final explanation reads in a series of symbolic
I've run across a `}' that doesn't seem to match anything.
For example, `\def\a#1{...}' and `\a}' would produce
this error. If you simply proceed now, the `\par' that
I've just inserted will cause me to report a runaway
argument that might be the root of the problem. But if
your `}' was spurious, just type `2' and it will go away.

Runaway argument?
 [(IsA Levodopa pill), 'Given'] [(AtLocation pill cabinet), 'ConceptN\ETC.
! Paragraph ended before \@xverbatim was complete.
<to be read again> 
                   \par 
l.304 afternoon)}
                 .  And the final explanation reads in a series of symbolic
I suspect you've forgotten a `}', causing me to apply this
control sequence to too much text. How can we recover?
My plan is to forget the whole thing and hope for the best.

! Extra }, or forgotten \endgroup.
<recently read> }
                 
l.304 afternoon)}
                 .  And the final explanation reads in a series of symbolic
I've deleted a group-closing symbol because it seems to be
spurious, as in `$x}$'. But perhaps the } is legitimate and
you forgot something else, as in `\hbox{$x}'. In such cases
the way to recover is to insert both the forgotten and the
deleted material, e.g., by typing `I$}'.

! Extra }, or forgotten \endgroup.
<recently read> \egroup 
                        
l.304 afternoon)}
                 .  And the final explanation reads in a series of symbolic
I've deleted a group-closing symbol because it seems to be
spurious, as in `$x}$'. But perhaps the } is legitimate and
you forgot something else, as in `\hbox{$x}'. In such cases
the way to recover is to insert both the forgotten and the
deleted material, e.g., by typing `I$}'.


Overfull \hbox (127.8052pt too wide) in paragraph at lines 304--304
[]\OT1/pcr/m/n/9 afternoon).  And the final explanation reads in a series of sy
mbolic[] 
 []


Overfull \hbox (522.00476pt too wide) in paragraph at lines 305--305
[]\OT1/pcr/m/n/9 triples: \texttt{(prefers user (before pill activity)) (IsA us
er activity) (atTime appt '1pm') (onDay appt Wednesday) (IsA '1pm' afternoon)}.
[] 
 []


Overfull \hbox (154.80518pt too wide) in paragraph at lines 308--308
[]\OT1/pcr/m/n/9 The work we describe here sets the foundation for a whole line
 of work in[] 
 []


Overfull \hbox (160.20517pt too wide) in paragraph at lines 309--309
[]\OT1/pcr/m/n/9 designing social robots to adapt to users, adhere to user pref
erences, and[] 
 []


Overfull \hbox (149.40518pt too wide) in paragraph at lines 310--310
[]\OT1/pcr/m/n/9 provide explanations.  The most immediate next step is to buil
d upon the[] 
 []


Overfull \hbox (149.40518pt too wide) in paragraph at lines 311--311
[]\OT1/pcr/m/n/9 proof of concept we have demonstrated here by integrating the 
individual[] 
 []


Overfull \hbox (73.80527pt too wide) in paragraph at lines 312--312
[]\OT1/pcr/m/n/9 parts and evaluating the system on more complex scenarios.[] 
 []


Overfull \hbox (127.8052pt too wide) in paragraph at lines 314--314
[]\OT1/pcr/m/n/9 Once we have a fully integrated system, the critical next step
 is to[] 
 []


Overfull \hbox (144.00519pt too wide) in paragraph at lines 316--316
[]\OT1/pcr/m/n/9 One of the greatest advantages of taking a knowledge-driven ap
proach is[] 
 []


Overfull \hbox (149.40518pt too wide) in paragraph at lines 317--317
[]\OT1/pcr/m/n/9 that the entire system is inspectable, which will facilitate i
ntegrating[] 
 []


Overfull \hbox (149.40518pt too wide) in paragraph at lines 319--319
[]\OT1/pcr/m/n/9 The user may provide feedback after the robot provides an expl
anation to[] 
 []


Overfull \hbox (111.60522pt too wide) in paragraph at lines 320--320
[]\OT1/pcr/m/n/9 the user.  An explanation synthesizer extracts key terms from 
the[] 
 []


Overfull \hbox (127.8052pt too wide) in paragraph at lines 321--321
[]\OT1/pcr/m/n/9 feedback, interprets the feedback, and determines which compon
ent(s)[] 
 []


Overfull \hbox (144.00519pt too wide) in paragraph at lines 322--322
[]\OT1/pcr/m/n/9 need adjustment.  The explanation synthesizer also \emph{valid
ates} its[] 
 []


Overfull \hbox (257.40506pt too wide) in paragraph at lines 325--325
[]\OT1/pcr/m/n/9 In this ongoing work, if the explanation synthesizer identifie
s that the feedback is related[] 
 []


Overfull \hbox (133.2052pt too wide) in paragraph at lines 326--326
[]\OT1/pcr/m/n/9 to the user preferences, the Preference Reasoner will construc
t a new[] 
 []


Overfull \hbox (154.80518pt too wide) in paragraph at lines 327--327
[]\OT1/pcr/m/n/9 case that is used by AToM to update the model of the user.  Ev
en a single[] 
 []


Overfull \hbox (144.00519pt too wide) in paragraph at lines 328--328
[]\OT1/pcr/m/n/9 piece of feedback from the user can be sufficient for AToM to 
learn the[] 
 []


Overfull \hbox (154.80518pt too wide) in paragraph at lines 329--329
[]\OT1/pcr/m/n/9 user's preferences because analogical learning, which is used 
by AToM, is[] 
 []


Overfull \hbox (100.80524pt too wide) in paragraph at lines 330--330
[]\OT1/pcr/m/n/9 data efficient and capable of learning from only a few example
s[] 
 []


Overfull \hbox (5268.5994pt too wide) in paragraph at lines 335--335
[]\OT1/pcr/m/n/9 Consideration of \textit{user preferences} is an important asp
ect of human-robot interaction, as it allows the robot to modify its behaviors 
according to its understanding of the user. Hiatt, Harrison, and Trafton (\cite
year{hiatt2011accommodating}) found that people prefer collaborating with robot
s that adapt their behaviors in this way. However, most approaches to recognizi
ng users' preferences use statistical techniques like reinforcement learning \c
ite{woodworth2018preference} and Markov Decision Processes \cite{munzer2017pref
erence} to predict preferences. This means that they require large amounts of t
raining data, are not responsive to user feedback, and are not explainable. Tha
t is, once trained, such systems predict preferences based on their built-up st
atistical models; a user cannot state a preference directly or inspect why the 
robot predicts a particular preference. By incorporating stated user preference
s, and moving toward learning preferences by analogy, we attempt to avoid these
 pitfalls.[] 
 []


Overfull \hbox (203.40512pt too wide) in paragraph at lines 337--337
[]\OT1/pcr/m/n/9 There are many forms of \textit{adaptive assistance} in roboti
cs.  One approach is[] 
 []


Overfull \hbox (165.60516pt too wide) in paragraph at lines 338--338
[]\OT1/pcr/m/n/9 shared autonomy, in which the system infers human intentions a
nd adapts how[] 
 []


Overfull \hbox (203.40512pt too wide) in paragraph at lines 339--339
[]\OT1/pcr/m/n/9 much assistance in provided in controlling a robot \cite{Nikol
aidis2017,Jain2019}.[] 
 []


Overfull \hbox (160.20517pt too wide) in paragraph at lines 340--340
[]\OT1/pcr/m/n/9 This work is focused on assisting people in physically control
ling robots,[] 
 []


Overfull \hbox (208.80511pt too wide) in paragraph at lines 341--341
[]\OT1/pcr/m/n/9 whereas we are working towards an autonomous robot that provid
es social assistance.[] 
 []


Overfull \hbox (187.20514pt too wide) in paragraph at lines 343--343
[]\OT1/pcr/m/n/9 Other work has looked at adapting a robot's behavior based on 
user preferences.[] 
 []


Overfull \hbox (19.80533pt too wide) in paragraph at lines 344--344
[]\OT1/pcr/m/n/9 For example, a recursive neural network was used[] 
 []


Overfull \hbox (181.80515pt too wide) in paragraph at lines 345--345
[]\OT1/pcr/m/n/9 to learn weights pertaining to user preferences, which influen
ce the plans for[] 
 []


Overfull \hbox (230.40509pt too wide) in paragraph at lines 346--346
[]\OT1/pcr/m/n/9 a robot \cite{Bacciu2014}.  While the preferences did affect t
he plans used by a robot,[] 
 []


Overfull \hbox (165.60516pt too wide) in paragraph at lines 348--348
[]\OT1/pcr/m/n/9 robot's navigation.  Thus, the user preferences do not relate 
to assistance[] 
 []


Overfull \hbox (203.40512pt too wide) in paragraph at lines 351--351
[]\OT1/pcr/m/n/9 A model of Theory of Mind (ToM) has been proposed to adapt the
 assistance provided[] 
 []


Overfull \hbox (295.20502pt too wide) in paragraph at lines 352--352
[]\OT1/pcr/m/n/9 by a social robot \cite{Gorur2017}.  A stochastic model is use
d to infer what action a person could[] 
 []


Overfull \hbox (208.80511pt too wide) in paragraph at lines 353--353
[]\OT1/pcr/m/n/9 be executing.  Based on this estimate, they generate a plan to
 determine with which[] 
 []


Overfull \hbox (187.20514pt too wide) in paragraph at lines 355--355
[]\OT1/pcr/m/n/9 While they use ToM to estimate a user's intent (via a set of p
ossible actions),[] 
 []


Overfull \hbox (187.20514pt too wide) in paragraph at lines 356--356
[]\OT1/pcr/m/n/9 they do not represent a user's preference for how the task sho
uld be completed.[] 
 []


Overfull \hbox (90.00525pt too wide) in paragraph at lines 359--359
[]\OT1/pcr/m/n/9 One way to understand complex decision making systems is with[
] 
 []


Overfull \hbox (171.00516pt too wide) in paragraph at lines 360--360
[]\OT1/pcr/m/n/9 \emph{interpretable} or \emph{explainable} parts.  Explanation
s can describe[] 
 []


Overfull \hbox (127.8052pt too wide) in paragraph at lines 361--361
[]\OT1/pcr/m/n/9 proxy methods \cite{why-trust,grad-cam,visualizing}, represent
ations[] 
 []


Overfull \hbox (117.00522pt too wide) in paragraph at lines 362--362
[]\OT1/pcr/m/n/9 \cite{netdissect2017,cavs}, or be inherently explanation-produ
cing[] 
 []


Overfull \hbox (127.8052pt too wide) in paragraph at lines 365--365
[]\OT1/pcr/m/n/9 of human-robot interaction, explanations can help to communica
te and[] 
 []


Overfull \hbox (90.00525pt too wide) in paragraph at lines 366--366
[]\OT1/pcr/m/n/9 build trust \cite{wang2016trust}, justify the robot's actions[
] 
 []


Overfull \hbox (122.40521pt too wide) in paragraph at lines 367--367
[]\OT1/pcr/m/n/9 \cite{stange2020effects} or motions \cite{dragan2013legibility
}, or[] 
 []


Overfull \hbox (149.40518pt too wide) in paragraph at lines 368--368
[]\OT1/pcr/m/n/9 describe \emph{unreasonable} perceptions \cite{gilpin-hri}.  B
ut most of[] 
 []


Overfull \hbox (154.80518pt too wide) in paragraph at lines 369--369
[]\OT1/pcr/m/n/9 these explanations are generated \emph{after-the-fact} and can
not be used[] 
 []


Overfull \hbox (30.60532pt too wide) in paragraph at lines 370--370
[]\OT1/pcr/m/n/9 to improve the completion of tasks moving forward.[] 
 []


Overfull \hbox (138.6052pt too wide) in paragraph at lines 372--372
[]\OT1/pcr/m/n/9 We propose to use explanations as \emph{feedback} to augment a
ssistive[] 
 []


Overfull \hbox (127.8052pt too wide) in paragraph at lines 373--373
[]\OT1/pcr/m/n/9 robots.  This has been explored for agents playing games, espe
cially[] 
 []


Overfull \hbox (160.20517pt too wide) in paragraph at lines 374--374
[]\OT1/pcr/m/n/9 \emph{when} to provide explanations \cite{li2020reasoning}.  T
his approach[] 
 []


Overfull \hbox (133.2052pt too wide) in paragraph at lines 375--375
[]\OT1/pcr/m/n/9 builds on Rainbow, a self-adaptive system that can correct its
elf and[] 
 []


Overfull \hbox (127.8052pt too wide) in paragraph at lines 376--376
[]\OT1/pcr/m/n/9 reuse the same baseline framework \cite{rainbow}.  To our know
ledge,[] 
 []


Overfull \hbox (538.20474pt too wide) in paragraph at lines 377--377
[]\OT1/pcr/m/n/9 this is the first work to propose a knowledge-driven architect
ure that could use explanations to \emph{improve} robotic reasoning and inferen
ce.[] 
 []


Overfull \hbox (1877.40323pt too wide) in paragraph at lines 380--380
[]\OT1/pcr/m/n/9 In this paper, we motivate a knowledge-driven architecture for
 adaptive assistance. We demonstrate the functionality of the components of thi
s architecture in a task for socially assistive robots (SARs). In future work, 
we will expand the architecture to incorporate and process feedback and learn u
ser preferences. This paper opens a new area of research in adaptable and inter
pretable SARs.[] 
 []


Overfull \hbox (4210.20059pt too wide) in paragraph at lines 383--383
[]\OT1/pcr/m/n/9 Molestias unde ut totam quaerat eum numquam maxime consequatur
 aperiam similique fugit, sunt rem tempora architecto dicta minima ipsum magnam
 adipisci accusamus vero eos, dolorum porro deserunt excepturi asperiores bland
itiis, numquam nulla deleniti dicta perspiciatis.Expedita ullam quas quos hic r
erum dignissimos maiores, unde numquam sed nihil eligendi asperiores illo, blan
ditiis cupiditate tempore perferendis suscipit ab tenetur pariatur molestias ni
si quaerat consequuntur, laudantium cumque eligendi rem doloremque optio animi 
quo quae, rem ullam totam nobis sint esse assumenda consectetur ex quasi unde v
itae?Aut soluta consequatur aliquid officiis quas dicta eum inventore, porro mo
lestias reprehenderit dolorum perspiciatis fugiat impedit assumenda aspernatur,
 possimus eum iste nisi amet dolor iusto?\clearpage[] 
 []

)
! Emergency stop.
<*> ./new_1.tex
               
*** (job aborted, no legal \end found)

 
Here is how much of TeX's memory you used:
 3174 strings out of 475247
 48663 string characters out of 5757792
 1937801 words of memory out of 5000000
 24668 multiletter control sequences out of 15000+600000
 577100 words of font info for 69 fonts, out of 8000000 for 9000
 1141 hyphenation exceptions out of 8191
 57i,11n,65p,1053b,311s stack positions out of 10000i,1000n,20000p,200000b,200000s
!  ==> Fatal error occurred, no output PDF file produced!
