This is pdfTeX, Version 3.141592653-2.6-1.40.25 (MiKTeX 23.5) (preloaded format=pdflatex 2024.1.12)  2 APR 2024 14:33
entering extended mode
 restricted \write18 enabled.
 %&-line parsing enabled.
**./after_operator5.tex
(after_operator5.tex
LaTeX2e <2023-06-01> patch level 1
L3 programming layer <2023-08-29>
(C:\Users\orfuc\AppData\Local\Programs\MiKTeX\tex/latex/base\article.cls
Document Class: article 2023/05/17 v1.4n Standard LaTeX document class
(C:\Users\orfuc\AppData\Local\Programs\MiKTeX\tex/latex/base\size10.clo
File: size10.clo 2023/05/17 v1.4n Standard LaTeX file (size option)
)
\c@part=\count185
\c@section=\count186
\c@subsection=\count187
\c@subsubsection=\count188
\c@paragraph=\count189
\c@subparagraph=\count190
\c@figure=\count191
\c@table=\count192
\abovecaptionskip=\skip48
\belowcaptionskip=\skip49
\bibindent=\dimen140
)
(aaai21.sty
Conference Style for AAAI for LaTeX 2e -- version for the AAAI-21 conference - 
MODIFIED
\titlebox=\skip50
) (C:\Users\orfuc\AppData\Local\Programs\MiKTeX\tex/latex/psnfss\times.sty
Package: times 2020/03/25 PSNFSS-v9.3 (SPQR) 
)
(C:\Users\orfuc\AppData\Local\Programs\MiKTeX\tex/latex/psnfss\helvet.sty
Package: helvet 2020/03/25 PSNFSS-v9.3 (WaS) 

(C:\Users\orfuc\AppData\Local\Programs\MiKTeX\tex/latex/graphics\keyval.sty
Package: keyval 2022/05/29 v1.15 key=value parser (DPC)
\KV@toks@=\toks17
))
(C:\Users\orfuc\AppData\Local\Programs\MiKTeX\tex/latex/psnfss\courier.sty
Package: courier 2020/03/25 PSNFSS-v9.3 (WaS) 
)
(C:\Users\orfuc\AppData\Local\Programs\MiKTeX\tex/latex/url\url.sty
\Urlmuskip=\muskip16
Package: url 2013/09/16  ver 3.4  Verb mode for urls, etc.
)
(C:\Users\orfuc\AppData\Local\Programs\MiKTeX\tex/latex/graphics\graphicx.sty
Package: graphicx 2021/09/16 v1.2d Enhanced LaTeX Graphics (DPC,SPQR)

(C:\Users\orfuc\AppData\Local\Programs\MiKTeX\tex/latex/graphics\graphics.sty
Package: graphics 2022/03/10 v1.4e Standard LaTeX Graphics (DPC,SPQR)

(C:\Users\orfuc\AppData\Local\Programs\MiKTeX\tex/latex/graphics\trig.sty
Package: trig 2021/08/11 v1.11 sin cos tan (DPC)
)
(C:\Users\orfuc\AppData\Local\Programs\MiKTeX\tex/latex/graphics-cfg\graphics.c
fg
File: graphics.cfg 2016/06/04 v1.11 sample graphics configuration
)
Package graphics Info: Driver file: pdftex.def on input line 107.

(C:\Users\orfuc\AppData\Local\Programs\MiKTeX\tex/latex/graphics-def\pdftex.def
File: pdftex.def 2022/09/22 v1.2b Graphics/color driver for pdftex
))
\Gin@req@height=\dimen141
\Gin@req@width=\dimen142
) (C:\Users\orfuc\AppData\Local\Programs\MiKTeX\tex/latex/natbib\natbib.sty
Package: natbib 2010/09/13 8.31b (PWD, AO)
\bibhang=\skip51
\bibsep=\skip52
LaTeX Info: Redefining \cite on input line 694.
\c@NAT@ctr=\count193
)
(C:\Users\orfuc\AppData\Local\Programs\MiKTeX\tex/latex/caption\caption.sty
Package: caption 2023/07/31 v3.6n Customizing captions (AR)

(C:\Users\orfuc\AppData\Local\Programs\MiKTeX\tex/latex/caption\caption3.sty
Package: caption3 2023/07/31 v2.4d caption3 kernel (AR)
\caption@tempdima=\dimen143
\captionmargin=\dimen144
\caption@leftmargin=\dimen145
\caption@rightmargin=\dimen146
\caption@width=\dimen147
\caption@indent=\dimen148
\caption@parindent=\dimen149
\caption@hangindent=\dimen150
Package caption Info: Standard document class detected.
)
\c@caption@flags=\count194
\c@continuedfloat=\count195
)
(C:\Users\orfuc\AppData\Local\Programs\MiKTeX\tex/latex/caption\subcaption.sty
Package: subcaption 2023/07/28 v1.6b Sub-captions (AR)
Package caption Info: New subtype `subfigure' on input line 238.
\c@subfigure=\count196
Package caption Info: New subtype `subtable' on input line 238.
\c@subtable=\count197
) (C:\Users\orfuc\AppData\Local\Programs\MiKTeX\tex/generic/soul\soul.sty
Package: soul 2023-06-14 v3.1 Permit use of UTF-8 characters in soul (HO)

(C:\Users\orfuc\AppData\Local\Programs\MiKTeX\tex/generic/soul\soul-ori.sty
Package: soul-ori 2023-06-14 v3.1 letterspacing/underlining (mf)
\SOUL@word=\toks18
\SOUL@lasttoken=\toks19
\SOUL@syllable=\toks20
\SOUL@cmds=\toks21
\SOUL@buffer=\toks22
\SOUL@token=\toks23
\SOUL@syllgoal=\dimen151
\SOUL@syllwidth=\dimen152
\SOUL@charkern=\dimen153
\SOUL@hyphkern=\dimen154
\SOUL@dimen=\dimen155
\SOUL@dimeni=\dimen156
\SOUL@minus=\count198
\SOUL@comma=\count199
\SOUL@apo=\count266
\SOUL@grave=\count267
\SOUL@spaceskip=\skip53
\SOUL@ttwidth=\dimen157
\SOUL@uldp=\dimen158
\SOUL@ulht=\dimen159
)
(C:\Users\orfuc\AppData\Local\Programs\MiKTeX\tex/generic/infwarerr\infwarerr.s
ty
Package: infwarerr 2019/12/03 v1.5 Providing info/warning/error messages (HO)
)
(C:\Users\orfuc\AppData\Local\Programs\MiKTeX\tex/generic/etexcmds\etexcmds.sty
Package: etexcmds 2019/12/15 v1.7 Avoid name clashes with e-TeX commands (HO)
(C:\Users\orfuc\AppData\Local\Programs\MiKTeX\tex/generic/iftex\iftex.sty
Package: iftex 2022/02/03 v1.0f TeX engine tests
)))
(C:\Users\orfuc\AppData\Local\Programs\MiKTeX\tex/latex/amsmath\amsmath.sty
Package: amsmath 2023/05/13 v2.17o AMS math features
\@mathmargin=\skip54

For additional information on amsmath, use the `?' option.
(C:\Users\orfuc\AppData\Local\Programs\MiKTeX\tex/latex/amsmath\amstext.sty
Package: amstext 2021/08/26 v2.01 AMS text

(C:\Users\orfuc\AppData\Local\Programs\MiKTeX\tex/latex/amsmath\amsgen.sty
File: amsgen.sty 1999/11/30 v2.0 generic functions
\@emptytoks=\toks24
\ex@=\dimen160
))
(C:\Users\orfuc\AppData\Local\Programs\MiKTeX\tex/latex/amsmath\amsbsy.sty
Package: amsbsy 1999/11/29 v1.2d Bold Symbols
\pmbraise@=\dimen161
)
(C:\Users\orfuc\AppData\Local\Programs\MiKTeX\tex/latex/amsmath\amsopn.sty
Package: amsopn 2022/04/08 v2.04 operator names
)
\inf@bad=\count268
LaTeX Info: Redefining \frac on input line 234.
\uproot@=\count269
\leftroot@=\count270
LaTeX Info: Redefining \overline on input line 399.
LaTeX Info: Redefining \colon on input line 410.
\classnum@=\count271
\DOTSCASE@=\count272
LaTeX Info: Redefining \ldots on input line 496.
LaTeX Info: Redefining \dots on input line 499.
LaTeX Info: Redefining \cdots on input line 620.
\Mathstrutbox@=\box51
\strutbox@=\box52
LaTeX Info: Redefining \big on input line 722.
LaTeX Info: Redefining \Big on input line 723.
LaTeX Info: Redefining \bigg on input line 724.
LaTeX Info: Redefining \Bigg on input line 725.
\big@size=\dimen162
LaTeX Font Info:    Redeclaring font encoding OML on input line 743.
LaTeX Font Info:    Redeclaring font encoding OMS on input line 744.
\macc@depth=\count273
LaTeX Info: Redefining \bmod on input line 905.
LaTeX Info: Redefining \pmod on input line 910.
LaTeX Info: Redefining \smash on input line 940.
LaTeX Info: Redefining \relbar on input line 970.
LaTeX Info: Redefining \Relbar on input line 971.
\c@MaxMatrixCols=\count274
\dotsspace@=\muskip17
\c@parentequation=\count275
\dspbrk@lvl=\count276
\tag@help=\toks25
\row@=\count277
\column@=\count278
\maxfields@=\count279
\andhelp@=\toks26
\eqnshift@=\dimen163
\alignsep@=\dimen164
\tagshift@=\dimen165
\tagwidth@=\dimen166
\totwidth@=\dimen167
\lineht@=\dimen168
\@envbody=\toks27
\multlinegap=\skip55
\multlinetaggap=\skip56
\mathdisplay@stack=\toks28
LaTeX Info: Redefining \[ on input line 2953.
LaTeX Info: Redefining \] on input line 2954.
)
(C:\Users\orfuc\AppData\Local\Programs\MiKTeX\tex/latex/amscls\amsthm.sty
Package: amsthm 2020/05/29 v2.20.6
\thm@style=\toks29
\thm@bodyfont=\toks30
\thm@headfont=\toks31
\thm@notefont=\toks32
\thm@headpunct=\toks33
\thm@preskip=\skip57
\thm@postskip=\skip58
\thm@headsep=\skip59
\dth@everypar=\toks34
)
(C:\Users\orfuc\AppData\Local\Programs\MiKTeX\tex/latex/amsfonts\amssymb.sty
Package: amssymb 2013/01/14 v3.01 AMS font symbols

(C:\Users\orfuc\AppData\Local\Programs\MiKTeX\tex/latex/amsfonts\amsfonts.sty
Package: amsfonts 2013/01/14 v3.01 Basic AMSFonts support
\symAMSa=\mathgroup4
\symAMSb=\mathgroup5
LaTeX Font Info:    Redeclaring math symbol \hbar on input line 98.
LaTeX Font Info:    Overwriting math alphabet `\mathfrak' in version `bold'
(Font)                  U/euf/m/n --> U/euf/b/n on input line 106.
))
(C:\Users\orfuc\AppData\Local\Programs\MiKTeX\tex/latex/algorithms\algorithm.st
y
Package: algorithm 2009/08/24 v0.1 Document Style `algorithm' - floating enviro
nment
 (C:\Users\orfuc\AppData\Local\Programs\MiKTeX\tex/latex/float\float.sty
Package: float 2001/11/08 v1.3d Float enhancements (AL)
\c@float@type=\count280
\float@exts=\toks35
\float@box=\box53
\@float@everytoks=\toks36
\@floatcapt=\box54
)
(C:\Users\orfuc\AppData\Local\Programs\MiKTeX\tex/latex/base\ifthen.sty
Package: ifthen 2022/04/13 v1.1d Standard LaTeX ifthen package (DPC)
)
\@float@every@algorithm=\toks37
\c@algorithm=\count281
)
(C:\Users\orfuc\AppData\Local\Programs\MiKTeX\tex/latex/algorithms\algorithmic.
sty
Package: algorithmic 2009/08/24 v0.1 Document Style `algorithmic'
\c@ALC@unique=\count282
\c@ALC@line=\count283
\c@ALC@rem=\count284
\c@ALC@depth=\count285
\ALC@tlm=\skip60
\algorithmicindent=\skip61
)
(C:\Users\orfuc\AppData\Local\Programs\MiKTeX\tex/latex/paralist\paralist.sty
Package: paralist 2017/01/22 v2.7 Extended list environments
\pltopsep=\skip62
\plpartopsep=\skip63
\plitemsep=\skip64
\plparsep=\skip65
\pl@lab=\toks38
)
(C:\Users\orfuc\AppData\Local\Programs\MiKTeX\tex/latex/tools\bm.sty
Package: bm 2022/01/05 v1.2f Bold Symbol Support (DPC/FMi)
\symboldoperators=\mathgroup6
\symboldletters=\mathgroup7
\symboldsymbols=\mathgroup8
Package bm Info: No bold for \OMX/cmex/m/n, using \pmb.
Package bm Info: No bold for \U/msa/m/n, using \pmb.
Package bm Info: No bold for \U/msb/m/n, using \pmb.
LaTeX Font Info:    Redeclaring math alphabet \mathbf on input line 149.
)
(C:\Users\orfuc\AppData\Local\Programs\MiKTeX\tex/generic/babel\babel.sty
Package: babel 2023/08/29 v3.93 The Babel package
\babel@savecnt=\count286
\U@D=\dimen169
\l@unhyphenated=\language79

(C:\Users\orfuc\AppData\Local\Programs\MiKTeX\tex/generic/babel\txtbabel.def)
\bbl@readstream=\read2
\bbl@dirlevel=\count287

*************************************
* Local config file bblopts.cfg used
*
(C:\Users\orfuc\AppData\Local\Programs\MiKTeX\tex/latex/arabi\bblopts.cfg
File: bblopts.cfg 2005/09/08 v0.1 add Arabic and Farsi to "declared" options of
 babel
)
(C:\Users\orfuc\AppData\Local\Programs\MiKTeX\tex/latex/babel-english\american.
ldf
Language: american 2017/06/06 v3.3r English support from the babel system

(C:\Users\orfuc\AppData\Local\Programs\MiKTeX\tex/latex/babel-english\english.l
df
Language: english 2017/06/06 v3.3r English support from the babel system
Package babel Info: Hyphen rules for 'canadian' set to \l@english
(babel)             (\language0). Reported on input line 102.
Package babel Info: Hyphen rules for 'australian' set to \l@ukenglish
(babel)             (\language73). Reported on input line 105.
Package babel Info: Hyphen rules for 'newzealand' set to \l@ukenglish
(babel)             (\language73). Reported on input line 108.
)))
(C:\Users\orfuc\AppData\Local\Programs\MiKTeX\tex/generic/babel/locale/en\babel
-american.tex
Package babel Info: Importing font and identification data for american
(babel)             from babel-en-US.ini. Reported on input line 11.
)
(C:\Users\orfuc\AppData\Local\Programs\MiKTeX\tex/latex/microtype\microtype.sty
Package: microtype 2023/03/13 v3.1a Micro-typographical refinements (RS)
(C:\Users\orfuc\AppData\Local\Programs\MiKTeX\tex/latex/etoolbox\etoolbox.sty
Package: etoolbox 2020/10/05 v2.5k e-TeX tools for LaTeX (JAW)
\etb@tempcnta=\count288
)
\MT@toks=\toks39
\MT@tempbox=\box55
\MT@count=\count289
LaTeX Info: Redefining \noprotrusionifhmode on input line 1059.
LaTeX Info: Redefining \leftprotrusion on input line 1060.
\MT@prot@toks=\toks40
LaTeX Info: Redefining \rightprotrusion on input line 1078.
LaTeX Info: Redefining \textls on input line 1368.
\MT@outer@kern=\dimen170
LaTeX Info: Redefining \textmicrotypecontext on input line 1988.
\MT@listname@count=\count290

(C:\Users\orfuc\AppData\Local\Programs\MiKTeX\tex/latex/microtype\microtype-pdf
tex.def
File: microtype-pdftex.def 2023/03/13 v3.1a Definitions specific to pdftex (RS)

LaTeX Info: Redefining \lsstyle on input line 902.
LaTeX Info: Redefining \lslig on input line 902.
\MT@outer@space=\skip66
)
Package microtype Info: Loading configuration file microtype.cfg.

(C:\Users\orfuc\AppData\Local\Programs\MiKTeX\tex/latex/microtype\microtype.cfg
File: microtype.cfg 2023/03/13 v3.1a microtype main configuration file (RS)
)) (C:\Users\orfuc\AppData\Local\Programs\MiKTeX\tex/latex/base\latexsym.sty
Package: latexsym 1998/08/17 v2.2e Standard LaTeX package (lasy symbols)
\symlasy=\mathgroup9
LaTeX Font Info:    Overwriting symbol font `lasy' in version `bold'
(Font)                  U/lasy/m/n --> U/lasy/b/n on input line 52.
)
(C:\Users\orfuc\AppData\Local\Programs\MiKTeX\tex/latex/booktabs\booktabs.sty
Package: booktabs 2020/01/12 v1.61803398 Publication quality tables
\heavyrulewidth=\dimen171
\lightrulewidth=\dimen172
\cmidrulewidth=\dimen173
\belowrulesep=\dimen174
\belowbottomsep=\dimen175
\aboverulesep=\dimen176
\abovetopsep=\dimen177
\cmidrulesep=\dimen178
\cmidrulekern=\dimen179
\defaultaddspace=\dimen180
\@cmidla=\count291
\@cmidlb=\count292
\@aboverulesep=\dimen181
\@belowrulesep=\dimen182
\@thisruleclass=\count293
\@lastruleclass=\count294
\@thisrulewidth=\dimen183
)
(C:\Users\orfuc\AppData\Local\Programs\MiKTeX\tex/latex/multirow\multirow.sty
Package: multirow 2021/03/15 v2.8 Span multiple rows of a table
\multirow@colwidth=\skip67
\multirow@cntb=\count295
\multirow@dima=\skip68
\bigstrutjot=\dimen184
)
(C:\Users\orfuc\AppData\Local\Programs\MiKTeX\tex/latex/tools\array.sty
Package: array 2022/09/04 v2.5g Tabular extension package (FMi)
\col@sep=\dimen185
\ar@mcellbox=\box56
\extrarowheight=\dimen186
\NC@list=\toks41
\extratabsurround=\skip69
\backup@length=\skip70
\ar@cellbox=\box57
)
(C:\Users\orfuc\AppData\Local\Programs\MiKTeX\tex/latex/thmtools\thmtools.sty
Package: thmtools 2023/05/04 v0.76
\thmt@toks=\toks42
\c@thmt@dummyctr=\count296

(C:\Users\orfuc\AppData\Local\Programs\MiKTeX\tex/latex/thmtools\thm-patch.sty
Package: thm-patch 2023/05/04 v0.76

(C:\Users\orfuc\AppData\Local\Programs\MiKTeX\tex/latex/thmtools\parseargs.sty
Package: parseargs 2023/05/04 v0.76
\@parsespec=\toks43
)) (C:\Users\orfuc\AppData\Local\Programs\MiKTeX\tex/latex/thmtools\thm-kv.sty
Package: thm-kv 2023/05/04 v0.76
Package thm-kv Info: Theorem names will be uppercased on input line 42.

(C:\Users\orfuc\AppData\Local\Programs\MiKTeX\tex/latex/kvsetkeys\kvsetkeys.sty
Package: kvsetkeys 2022-10-05 v1.19 Key value parser (HO)
)
Package thm-kv Info: kvsetkeys patch (v1.16 or later) on input line 158.
)
(C:\Users\orfuc\AppData\Local\Programs\MiKTeX\tex/latex/thmtools\thm-autoref.st
y
Package: thm-autoref 2023/05/04 v0.76
 (C:\Users\orfuc\AppData\Local\Programs\MiKTeX\tex/latex/thmtools\aliasctr.sty
Package: aliasctr 2023/05/04 v0.76
))
(C:\Users\orfuc\AppData\Local\Programs\MiKTeX\tex/latex/thmtools\thm-listof.sty
Package: thm-listof 2023/05/04 v0.76
)
(C:\Users\orfuc\AppData\Local\Programs\MiKTeX\tex/latex/thmtools\thm-restate.st
y
Package: thm-restate 2023/05/04 v0.76
)
(C:\Users\orfuc\AppData\Local\Programs\MiKTeX\tex/latex/thmtools\thm-amsthm.sty
Package: thm-amsthm 2023/05/04 v0.76
\thmt@style@headstyle=\toks44
))
(C:\Users\orfuc\AppData\Local\Programs\MiKTeX\tex/latex/cleveref\cleveref.sty
Package: cleveref 2018/03/27 v0.21.4 Intelligent cross-referencing
Package cleveref Info: `amsthm' support loaded on input line 3026.
)
(C:\Users\orfuc\AppData\Local\Programs\MiKTeX\tex/latex/tools\multicol.sty
Package: multicol 2023/03/30 v1.9f multicolumn formatting (FMi)
\c@tracingmulticols=\count297
\mult@box=\box58
\multicol@leftmargin=\dimen187
\c@unbalance=\count298
\c@collectmore=\count299
\doublecol@number=\count300
\multicoltolerance=\count301
\multicolpretolerance=\count302
\full@width=\dimen188
\page@free=\dimen189
\premulticols=\dimen190
\postmulticols=\dimen191
\multicolsep=\skip71
\multicolbaselineskip=\skip72
\partial@page=\box59
\last@line=\box60
\mc@boxedresult=\box61
\maxbalancingoverflow=\dimen192
\mult@rightbox=\box62
\mult@grightbox=\box63
\mult@firstbox=\box64
\mult@gfirstbox=\box65
\@tempa=\box66
\@tempa=\box67
\@tempa=\box68
\@tempa=\box69
\@tempa=\box70
\@tempa=\box71
\@tempa=\box72
\@tempa=\box73
\@tempa=\box74
\@tempa=\box75
\@tempa=\box76
\@tempa=\box77
\@tempa=\box78
\@tempa=\box79
\@tempa=\box80
\@tempa=\box81
\@tempa=\box82
\@tempa=\box83
\@tempa=\box84
\@tempa=\box85
\@tempa=\box86
\@tempa=\box87
\@tempa=\box88
\@tempa=\box89
\@tempa=\box90
\@tempa=\box91
\@tempa=\box92
\@tempa=\box93
\@tempa=\box94
\@tempa=\box95
\@tempa=\box96
\@tempa=\box97
\@tempa=\box98
\@tempa=\box99
\@tempa=\box100
\@tempa=\box101
\c@minrows=\count303
\c@columnbadness=\count304
\c@finalcolumnbadness=\count305
\last@try=\dimen193
\multicolovershoot=\dimen194
\multicolundershoot=\dimen195
\mult@nat@firstbox=\box102
\colbreak@box=\box103
\mc@col@check@num=\count306
)
\c@theorem=\count307
\c@myDef=\count308
\c@myTheo=\count309
\c@myLemma=\count310
\c@remark=\count311
\c@corollary=\count312

(C:\Users\orfuc\AppData\Local\Programs\MiKTeX\tex/latex/mathtools\mathtools.sty
Package: mathtools 2022/06/29 v1.29 mathematical typesetting tools
(C:\Users\orfuc\AppData\Local\Programs\MiKTeX\tex/latex/tools\calc.sty
Package: calc 2017/05/25 v4.3 Infix arithmetic (KKT,FJ)
\calc@Acount=\count313
\calc@Bcount=\count314
\calc@Adimen=\dimen196
\calc@Bdimen=\dimen197
\calc@Askip=\skip73
\calc@Bskip=\skip74
LaTeX Info: Redefining \setlength on input line 80.
LaTeX Info: Redefining \addtolength on input line 81.
\calc@Ccount=\count315
\calc@Cskip=\skip75
)
(C:\Users\orfuc\AppData\Local\Programs\MiKTeX\tex/latex/mathtools\mhsetup.sty
Package: mhsetup 2021/03/18 v1.4 programming setup (MH)
)
\g_MT_multlinerow_int=\count316
\l_MT_multwidth_dim=\dimen198
\origjot=\skip76
\l_MT_shortvdotswithinadjustabove_dim=\dimen199
\l_MT_shortvdotswithinadjustbelow_dim=\dimen256
\l_MT_above_intertext_sep=\dimen257
\l_MT_below_intertext_sep=\dimen258
\l_MT_above_shortintertext_sep=\dimen259
\l_MT_below_shortintertext_sep=\dimen260
\xmathstrut@box=\box104
\xmathstrut@dim=\dimen261
)
LaTeX Font Info:    Trying to load font information for OT1+ptm on input line 9
5.
(C:\Users\orfuc\AppData\Local\Programs\MiKTeX\tex/latex/psnfss\ot1ptm.fd
File: ot1ptm.fd 2001/06/04 font definitions for OT1/ptm.
)
(C:\Users\orfuc\AppData\Local\Programs\MiKTeX\tex/latex/l3backend\l3backend-pdf
tex.def
File: l3backend-pdftex.def 2023-04-19 L3 backend support: PDF output (pdfTeX)
\l__color_backend_stack_int=\count317
\l__pdf_internal_box=\box105
)
No file after_operator5.aux.
\openout1 = `after_operator5.aux'.

LaTeX Font Info:    Checking defaults for OML/cmm/m/it on input line 95.
LaTeX Font Info:    ... okay on input line 95.
LaTeX Font Info:    Checking defaults for OMS/cmsy/m/n on input line 95.
LaTeX Font Info:    ... okay on input line 95.
LaTeX Font Info:    Checking defaults for OT1/cmr/m/n on input line 95.
LaTeX Font Info:    ... okay on input line 95.
LaTeX Font Info:    Checking defaults for T1/cmr/m/n on input line 95.
LaTeX Font Info:    ... okay on input line 95.
LaTeX Font Info:    Checking defaults for TS1/cmr/m/n on input line 95.
LaTeX Font Info:    ... okay on input line 95.
LaTeX Font Info:    Checking defaults for OMX/cmex/m/n on input line 95.
LaTeX Font Info:    ... okay on input line 95.
LaTeX Font Info:    Checking defaults for U/cmr/m/n on input line 95.
LaTeX Font Info:    ... okay on input line 95.

(C:\Users\orfuc\AppData\Local\Programs\MiKTeX\tex/context/base/mkii\supp-pdf.mk
ii
[Loading MPS to PDF converter (version 2006.09.02).]
\scratchcounter=\count318
\scratchdimen=\dimen262
\scratchbox=\box106
\nofMPsegments=\count319
\nofMParguments=\count320
\everyMPshowfont=\toks45
\MPscratchCnt=\count321
\MPscratchDim=\dimen263
\MPnumerator=\count322
\makeMPintoPDFobject=\count323
\everyMPtoPDFconversion=\toks46
)
(C:\Users\orfuc\AppData\Local\Programs\MiKTeX\tex/latex/epstopdf-pkg\epstopdf-b
ase.sty
Package: epstopdf-base 2020-01-24 v2.11 Base part for package epstopdf
Package epstopdf-base Info: Redefining graphics rule for `.eps' on input line 4
85.

(C:\Users\orfuc\AppData\Local\Programs\MiKTeX\tex/latex/00miktex\epstopdf-sys.c
fg
File: epstopdf-sys.cfg 2021/03/18 v2.0 Configuration of epstopdf for MiKTeX
))
Package caption Info: Begin \AtBeginDocument code.
Package caption Info: float package is loaded.
Package caption Info: End \AtBeginDocument code.
LaTeX Info: Redefining \microtypecontext on input line 95.
Package microtype Info: Applying patch `item' on input line 95.
Package microtype Info: Applying patch `toc' on input line 95.
Package microtype Info: Applying patch `eqnum' on input line 95.
Package microtype Info: Applying patch `footnote' on input line 95.
Package microtype Info: Applying patch `verbatim' on input line 95.
Package microtype Info: Generating PDF output.
Package microtype Info: Character protrusion enabled (level 2).
Package microtype Info: Using default protrusion set `alltext'.
Package microtype Info: Automatic font expansion enabled (level 2),
(microtype)             stretch: 20, shrink: 20, step: 1, non-selected.
Package microtype Info: Using default expansion set `alltext-nott'.
LaTeX Info: Redefining \showhyphens on input line 95.
Package microtype Info: No adjustment of tracking.
Package microtype Info: No adjustment of interword spacing.
Package microtype Info: No adjustment of character kerning.

(C:\Users\orfuc\AppData\Local\Programs\MiKTeX\tex/latex/microtype\mt-ptm.cfg
File: mt-ptm.cfg 2006/04/20 v1.7 microtype config. file: Times (RS)
)
\titlearea=\box107

(C:\Users\orfuc\AppData\Local\Programs\MiKTeX\tex/latex/microtype\mt-cmr.cfg
File: mt-cmr.cfg 2013/05/19 v2.2 microtype config. file: Computer Modern Roman 
(RS)
)
LaTeX Font Info:    Trying to load font information for U+msa on input line 97.


(C:\Users\orfuc\AppData\Local\Programs\MiKTeX\tex/latex/amsfonts\umsa.fd
File: umsa.fd 2013/01/14 v3.01 AMS symbols A
)
(C:\Users\orfuc\AppData\Local\Programs\MiKTeX\tex/latex/microtype\mt-msa.cfg
File: mt-msa.cfg 2006/02/04 v1.1 microtype config. file: AMS symbols (a) (RS)
)
LaTeX Font Info:    Trying to load font information for U+msb on input line 97.


(C:\Users\orfuc\AppData\Local\Programs\MiKTeX\tex/latex/amsfonts\umsb.fd
File: umsb.fd 2013/01/14 v3.01 AMS symbols B
)
(C:\Users\orfuc\AppData\Local\Programs\MiKTeX\tex/latex/microtype\mt-msb.cfg
File: mt-msb.cfg 2005/06/01 v1.0 microtype config. file: AMS symbols (b) (RS)
)
LaTeX Font Info:    Trying to load font information for U+lasy on input line 97
.

(C:\Users\orfuc\AppData\Local\Programs\MiKTeX\tex/latex/base\ulasy.fd
File: ulasy.fd 1998/08/17 v2.2e LaTeX symbol font definitions
)
LaTeX Font Info:    Trying to load font information for TS1+ptm on input line 9
7.

(C:\Users\orfuc\AppData\Local\Programs\MiKTeX\tex/latex/psnfss\ts1ptm.fd
File: ts1ptm.fd 2001/06/04 font definitions for TS1/ptm.
)
\actualheight=\skip77

Underfull \vbox (badness 10000) detected at line 97
 []


LaTeX Warning: File `img/diffnoise3.pdf' not found on input line 109.


! Package pdftex.def Error: File `img/diffnoise3.pdf' not found: using draft se
tting.

See the pdftex.def package documentation for explanation.
Type  H <return>  for immediate help.
 ...                                              
                                                  
l.109 ...idth=0.995\textwidth]{img/diffnoise3.pdf}
                                                  
Try typing  <return>  to proceed.
If that doesn't work, type  X <return>  to quit.

LaTeX Font Info:    Trying to load font information for OT1+pcr on input line 1
09.
(C:\Users\orfuc\AppData\Local\Programs\MiKTeX\tex/latex/psnfss\ot1pcr.fd
File: ot1pcr.fd 2001/06/04 font definitions for OT1/pcr.
)
Package microtype Info: Loading generic protrusion settings for font family
(microtype)             `pcr' (encoding: OT1).
(microtype)             For optimal results, create family-specific settings.
(microtype)             See the microtype manual for details.


Package natbib Warning: Citation `krizhevsky2012imagenet' on page 1 undefined o
n input line 115.


Package natbib Warning: Citation `he2015delving' on page 1 undefined on input l
ine 115.


Package natbib Warning: Citation `sutskever2014sequence' on page 1 undefined on
 input line 115.


Package natbib Warning: Citation `silver2017mastering' on page 1 undefined on i
nput line 115.


Package natbib Warning: Citation `szegedy2013intriguing' on page 1 undefined on
 input line 115.


Package natbib Warning: Citation `alzantot2018generating' on page 1 undefined o
n input line 115.


Package natbib Warning: Citation `hendrycks2019robustness' on page 1 undefined 
on input line 115.


Package natbib Warning: Citation `geirhos2018imagenet' on page 1 undefined on i
nput line 115.


Package natbib Warning: Citation `rusak2020increasing' on page 1 undefined on i
nput line 115.


Package natbib Warning: Citation `tramer2020adaptive' on page 1 undefined on in
put line 115.


Package natbib Warning: Citation `hendrycks2019using' on page 1 undefined on in
put line 115.


Package natbib Warning: Citation `mao2019metric' on page 1 undefined on input l
ine 115.


Package natbib Warning: Citation `hendrycks2019augmix' on page 1 undefined on i
nput line 115.


Package natbib Warning: Citation `zhang2019making' on page 1 undefined on input
 line 115.


Package natbib Warning: Citation `madry2017towards' on page 1 undefined on inpu
t line 115.


Package natbib Warning: Citation `wong2019wasserstein' on page 1 undefined on i
nput line 115.


Package natbib Warning: Citation `chapelle2001vicinal' on page 1 undefined on i
nput line 115.


Package natbib Warning: Citation `hendrycks2019robustness' on page 1 undefined 
on input line 115.


Package natbib Warning: Citation `hendrycks2019robustness' on page 1 undefined 
on input line 117.


Package natbib Warning: Citation `michaelis2019benchmarking' on page 1 undefine
d on input line 117.


Package natbib Warning: Citation `michaelis2019benchmarking' on page 1 undefine
d on input line 119.


Package natbib Warning: Citation `qian2016very' on page 1 undefined on input li
ne 119.


Package natbib Warning: Citation `carlini2019evaluating' on page 1 undefined on
 input line 121.


Package natbib Warning: Citation `hendrycks2019augmix' on page 1 undefined on i
nput line 121.


Package natbib Warning: Citation `grandvalet1997noise' on page 1 undefined on i
nput line 121.


Package natbib Warning: Citation `madry2017towards' on page 1 undefined on inpu
t line 121.


LaTeX Warning: Reference `fig:example' on page 1 undefined on input line 121.


Package natbib Warning: Citation `cheng2020cat' on page 1 undefined on input li
ne 123.


Package natbib Warning: Citation `sitawarin2020improving' on page 1 undefined o
n input line 123.


Package natbib Warning: Citation `zhang2020attacks' on page 1 undefined on inpu
t line 123.


Package natbib Warning: Citation `settles2009active' on page 1 undefined on inp
ut line 123.


Package natbib Warning: Citation `rusak2020increasing' on page 1 undefined on i
nput line 123.


Underfull \vbox (badness 1400) has occurred while \output is active []

 [1{C:/Users/orfuc/AppData/Local/MiKTeX/fonts/map/pdftex/pdftex.map}{C:/Users/o
rfuc/AppData/Local/Programs/MiKTeX/fonts/enc/dvips/base/8r.enc}



]

LaTeX Warning: File `img/newAL6.pdf' not found on input line 142.


! Package pdftex.def Error: File `img/newAL6.pdf' not found: using draft settin
g.

See the pdftex.def package documentation for explanation.
Type  H <return>  for immediate help.
 ...                                              
                                                  
l.142 ...aphics*[width=\textwidth]{img/newAL6.pdf}
                                                  
Try typing  <return>  to proceed.
If that doesn't work, type  X <return>  to quit.


Package natbib Warning: Citation `drucker1991double' on page 2 undefined on inp
ut line 152.


Package natbib Warning: Citation `tikhonov1977solutions' on page 2 undefined on
 input line 152.


Package natbib Warning: Citation `bishop1995training' on page 2 undefined on in
put line 152.


Package natbib Warning: Citation `chapelle2001vicinal' on page 2 undefined on i
nput line 152.


Package natbib Warning: Citation `uesato2018adversarial' on page 2 undefined on
 input line 152.


Package natbib Warning: Citation `carlini2019evaluating' on page 2 undefined on
 input line 153.


Package natbib Warning: Citation `hendrycks2019augmix' on page 2 undefined on i
nput line 153.


Package natbib Warning: Citation `rusak2020increasing' on page 2 undefined on i
nput line 153.


Package natbib Warning: Citation `madry2017towards' on page 2 undefined on inpu
t line 154.


Package natbib Warning: Citation `wang2020improving' on page 2 undefined on inp
ut line 154.


Package natbib Warning: Citation `zhang2019theoretically' on page 2 undefined o
n input line 154.


Package natbib Warning: Citation `rusak2020increasing' on page 2 undefined on i
nput line 154.


Package natbib Warning: Citation `Cemgil2020Adversarially' on page 2 undefined 
on input line 154.


Package natbib Warning: Citation `cheng2020cat' on page 2 undefined on input li
ne 154.


Package natbib Warning: Citation `sitawarin2020improving' on page 2 undefined o
n input line 154.


Package natbib Warning: Citation `zhang2020attacks' on page 2 undefined on inpu
t line 154.


Package natbib Warning: Citation `ilyas2019adversarial' on page 2 undefined on 
input line 155.


Package natbib Warning: Citation `fu2013survey' on page 2 undefined on input li
ne 157.


Package natbib Warning: Citation `fu2013survey' on page 2 undefined on input li
ne 157.


Package natbib Warning: Citation `huang2010active' on page 2 undefined on input
 line 157.


Package natbib Warning: Citation `lewis1994sequential' on page 2 undefined on i
nput line 157.


Package natbib Warning: Citation `seung1992query' on page 2 undefined on input 
line 157.


Package natbib Warning: Citation `you2014diverse' on page 2 undefined on input 
line 157.


Package natbib Warning: Citation `geman1992neural' on page 2 undefined on input
 line 157.


Package natbib Warning: Citation `roy2001toward' on page 2 undefined on input l
ine 157.


Package natbib Warning: Citation `lewis1994sequential' on page 2 undefined on i
nput line 157.


Package natbib Warning: Citation `seung1992query' on page 2 undefined on input 
line 157.


Package natbib Warning: Citation `you2014diverse' on page 2 undefined on input 
line 157.


Package natbib Warning: Citation `geman1992neural' on page 2 undefined on input
 line 157.


Package natbib Warning: Citation `roy2001toward' on page 2 undefined on input l
ine 157.


Package natbib Warning: Citation `huang2013active' on page 2 undefined on input
 line 157.


Package natbib Warning: Citation `huang2010active' on page 2 undefined on input
 line 157.


Package natbib Warning: Citation `fu2013survey' on page 2 undefined on input li
ne 157.


Package natbib Warning: Citation `huijser2017active' on page 2 undefined on inp
ut line 157.


Underfull \hbox (badness 1077) in paragraph at lines 164--165
\OT1/ptm/m/n/10 (+20) is the fea-ture vec-tor and $\OML/cmm/m/it/10 y[] \OMS/cm
sy/m/n/10 2 f\OT1/cmr/m/n/10 1\OML/cmm/m/it/10 ; :::; K\OMS/cmsy/m/n/10 g \OT1/
cmr/m/n/10 =: \OMS/cmsy/m/n/10 Y$ \OT1/ptm/m/n/10 (+20) is
 []


Package natbib Warning: Citation `chapelle2001vicinal' on page 2 undefined on i
nput line 166.


Package natbib Warning: Citation `gilmer2019adversarial' on page 2 undefined on
 input line 166.


Package natbib Warning: Citation `rusak2020increasing' on page 2 undefined on i
nput line 166.

[2]

Package natbib Warning: Citation `madry2017towards' on page 3 undefined on inpu
t line 170.


Package natbib Warning: Citation `rusak2020increasing' on page 3 undefined on i
nput line 170.


Package natbib Warning: Citation `gilmer2019adversarial' on page 3 undefined on
 input line 170.


LaTeX Warning: Reference `fig:AQPL' on page 3 undefined on input line 178.


Package natbib Warning: Citation `cohen2019certified' on page 3 undefined on in
put line 192.


LaTeX Warning: File `img/classificationEntropy-1.pdf' not found on input line 2
02.


! Package pdftex.def Error: File `img/classificationEntropy-1.pdf' not found: u
sing draft setting.

See the pdftex.def package documentation for explanation.
Type  H <return>  for immediate help.
 ...                                              
                                                  
l.202 ...xtwidth]{img/classificationEntropy-1.pdf}
                                                  
Try typing  <return>  to proceed.
If that doesn't work, type  X <return>  to quit.


LaTeX Warning: File `img/classificationEntropy2-1.jpg' not found on input line 
203.


! Package pdftex.def Error: File `img/classificationEntropy2-1.jpg' not found: 
using draft setting.

See the pdftex.def package documentation for explanation.
Type  H <return>  for immediate help.
 ...                                              
                                                  
l.203 ...twidth]{img/classificationEntropy2-1.jpg}
                                                  
Try typing  <return>  to proceed.
If that doesn't work, type  X <return>  to quit.


LaTeX Warning: Reference `fig:intuitionAndTheroy' on page 3 undefined on input 
line 209.


LaTeX Warning: Reference `EQ2' on page 3 undefined on input line 229.


LaTeX Warning: Reference `fig:AQPL' on page 3 undefined on input line 236.

[3]

LaTeX Warning: Reference `EQ2' on page 4 undefined on input line 240.


Package natbib Warning: Citation `rusak2020increasing' on page 4 undefined on i
nput line 241.


LaTeX Warning: Reference `alg:AQPL' on page 4 undefined on input line 243.


LaTeX Warning: Reference `EQ2' on page 4 undefined on input line 244.


LaTeX Warning: Reference `Eq:suitability' on page 4 undefined on input line 250
.


LaTeX Warning: Reference `Eq:entropy' on page 4 undefined on input line 250.


Package natbib Warning: Citation `pukelsheim1994three' on page 4 undefined on i
nput line 265.


LaTeX Warning: Reference `corollary:cor1' on page 4 undefined on input line 286
.


LaTeX Warning: File `img/Resnet18-Mnist-GuassianNoise.pdf' not found on input l
ine 295.


! Package pdftex.def Error: File `img/Resnet18-Mnist-GuassianNoise.pdf' not fou
nd: using draft setting.

See the pdftex.def package documentation for explanation.
Type  H <return>  for immediate help.
 ...                                              
                                                  
l.295 ...th]{img/Resnet18-Mnist-GuassianNoise.pdf}
                                                  \\
Try typing  <return>  to proceed.
If that doesn't work, type  X <return>  to quit.


LaTeX Warning: File `img/Resnet18-CIFAR10-GuassianNoise.pdf' not found on input
 line 301.


! Package pdftex.def Error: File `img/Resnet18-CIFAR10-GuassianNoise.pdf' not f
ound: using draft setting.

See the pdftex.def package documentation for explanation.
Type  H <return>  for immediate help.
 ...                                              
                                                  
l.301 ...]{img/Resnet18-CIFAR10-GuassianNoise.pdf}
                                                  \\
Try typing  <return>  to proceed.
If that doesn't work, type  X <return>  to quit.


LaTeX Warning: File `img/Resnet18-TinyImageNet-GuassianNoise.pdf' not found on 
input line 307.


! Package pdftex.def Error: File `img/Resnet18-TinyImageNet-GuassianNoise.pdf' 
not found: using draft setting.

See the pdftex.def package documentation for explanation.
Type  H <return>  for immediate help.
 ...                                              
                                                  
l.307 .../Resnet18-TinyImageNet-GuassianNoise.pdf}
                                                  \\
Try typing  <return>  to proceed.
If that doesn't work, type  X <return>  to quit.


LaTeX Warning: File `img/Resnet18-Mnist-AllNoise.pdf' not found on input line 3
21.


! Package pdftex.def Error: File `img/Resnet18-Mnist-AllNoise.pdf' not found: u
sing draft setting.

See the pdftex.def package documentation for explanation.
Type  H <return>  for immediate help.
 ...                                              
                                                  
l.321 ...xtwidth]{img/Resnet18-Mnist-AllNoise.pdf}
                                                  \\
Try typing  <return>  to proceed.
If that doesn't work, type  X <return>  to quit.


LaTeX Warning: File `img/Resnet18-CIFAR10-AllNoise.pdf' not found on input line
 327.


! Package pdftex.def Error: File `img/Resnet18-CIFAR10-AllNoise.pdf' not found:
 using draft setting.

See the pdftex.def package documentation for explanation.
Type  H <return>  for immediate help.
 ...                                              
                                                  
l.327 ...width]{img/Resnet18-CIFAR10-AllNoise.pdf}
                                                  \\
Try typing  <return>  to proceed.
If that doesn't work, type  X <return>  to quit.


LaTeX Warning: File `img/Resnet18-TinyImageNet-AllNoise.pdf' not found on input
 line 333.


! Package pdftex.def Error: File `img/Resnet18-TinyImageNet-AllNoise.pdf' not f
ound: using draft setting.

See the pdftex.def package documentation for explanation.
Type  H <return>  for immediate help.
 ...                                              
                                                  
l.333 ...]{img/Resnet18-TinyImageNet-AllNoise.pdf}
                                                  \\
Try typing  <return>  to proceed.
If that doesn't work, type  X <return>  to quit.


Package natbib Warning: Citation `lecun1998gradient' on page 4 undefined on inp
ut line 345.


Package natbib Warning: Citation `krizhevsky2009learning' on page 4 undefined o
n input line 345.


Package natbib Warning: Citation `yao2015tiny' on page 4 undefined on input lin
e 345.


Package natbib Warning: Citation `mu2019mnist' on page 4 undefined on input lin
e 345.


Package natbib Warning: Citation `hendrycks2019robustness' on page 4 undefined 
on input line 345.


Package natbib Warning: Citation `hendrycks2019robustness' on page 4 undefined 
on input line 345.


Package natbib Warning: Citation `he2016deep' on page 4 undefined on input line
 346.

[4]

Package natbib Warning: Citation `lewis1994sequential' on page 5 undefined on i
nput line 350.


Package natbib Warning: Citation `rusak2020increasing' on page 5 undefined on i
nput line 356.


Package natbib Warning: Citation `cheng2020cat' on page 5 undefined on input li
ne 357.


LaTeX Warning: Reference `fig.comp.Gaussian' on page 5 undefined on input line 
401.


LaTeX Warning: Reference `fig.comp.all' on page 5 undefined on input line 401.


LaTeX Warning: Reference `fig.comp.Gaussian' on page 5 undefined on input line 
403.


LaTeX Warning: Reference `fig.comp.all' on page 5 undefined on input line 403.


LaTeX Warning: Reference `fig.comp.Gaussian' on page 5 undefined on input line 
403.


LaTeX Warning: Reference `fig.comp.all' on page 5 undefined on input line 403.


LaTeX Warning: Reference `table:comparison' on page 5 undefined on input line 4
05.


Package natbib Warning: Citation `rusak2020increasing' on page 5 undefined on i
nput line 405.


Package natbib Warning: Citation `cheng2020cat' on page 5 undefined on input li
ne 405.


Package natbib Warning: Citation `ouni2012visartico' on page 5 undefined on inp
ut line 412.

[5]

Package natbib Warning: Citation `wong2020learning' on page 6 undefined on inpu
t line 414.

No file after_operator5.bbl.

Package natbib Warning: There were undefined citations.

[6] [7] [8] [9


] [10] (after_operator5.aux)
 ***********
LaTeX2e <2023-06-01> patch level 1
L3 programming layer <2023-08-29>
 ***********


LaTeX Warning: There were undefined references.


LaTeX Warning: Label(s) may have changed. Rerun to get cross-references right.

 ) 
Here is how much of TeX's memory you used:
 13120 strings out of 475247
 238410 string characters out of 5757792
 1948801 words of memory out of 5000000
 34078 multiletter control sequences out of 15000+600000
 603967 words of font info for 330 fonts, out of 8000000 for 9000
 1141 hyphenation exceptions out of 8191
 57i,18n,65p,1889b,508s stack positions out of 10000i,1000n,20000p,200000b,200000s
<C:/Users/orfuc/AppData/Local/Programs/MiKTeX/fonts/type1/public/amsfonts/cm/
cmbx10.pfb><C:/Users/orfuc/AppData/Local/Programs/MiKTeX/fonts/type1/public/ams
fonts/cm/cmex10.pfb><C:/Users/orfuc/AppData/Local/Programs/MiKTeX/fonts/type1/p
ublic/amsfonts/cm/cmmi10.pfb><C:/Users/orfuc/AppData/Local/Programs/MiKTeX/font
s/type1/public/amsfonts/cm/cmmi5.pfb><C:/Users/orfuc/AppData/Local/Programs/MiK
TeX/fonts/type1/public/amsfonts/cm/cmmi7.pfb><C:/Users/orfuc/AppData/Local/Prog
rams/MiKTeX/fonts/type1/public/amsfonts/cm/cmmib10.pfb><C:/Users/orfuc/AppData/
Local/Programs/MiKTeX/fonts/type1/public/amsfonts/cmextra/cmmib7.pfb><C:/Users/
orfuc/AppData/Local/Programs/MiKTeX/fonts/type1/public/amsfonts/cm/cmr10.pfb><C
:/Users/orfuc/AppData/Local/Programs/MiKTeX/fonts/type1/public/amsfonts/cm/cmr7
.pfb><C:/Users/orfuc/AppData/Local/Programs/MiKTeX/fonts/type1/public/amsfonts/
cm/cmr9.pfb><C:/Users/orfuc/AppData/Local/Programs/MiKTeX/fonts/type1/public/am
sfonts/cm/cmsy10.pfb><C:/Users/orfuc/AppData/Local/Programs/MiKTeX/fonts/type1/
public/amsfonts/cm/cmsy7.pfb><C:/Users/orfuc/AppData/Local/Programs/MiKTeX/font
s/type1/public/amsfonts/symbols/msbm10.pfb><C:/Users/orfuc/AppData/Local/Progra
ms/MiKTeX/fonts/type1/urw/courier/ucrr8a.pfb><C:/Users/orfuc/AppData/Local/Prog
rams/MiKTeX/fonts/type1/urw/times/utmb8a.pfb><C:/Users/orfuc/AppData/Local/Prog
rams/MiKTeX/fonts/type1/urw/times/utmr8a.pfb><C:/Users/orfuc/AppData/Local/Prog
rams/MiKTeX/fonts/type1/urw/times/utmri8a.pfb>
Output written on after_operator5.pdf (10 pages, 240425 bytes).
PDF statistics:
 121 PDF objects out of 1000 (max. 8388607)
 0 named destinations out of 1000 (max. 500000)
 58881 words of extra memory for PDF output out of 61914 (max. 10000000)

