This is pdfTeX, Version 3.141592653-2.6-1.40.25 (MiKTeX 23.9) (preloaded format=pdflatex 2023.9.22)  30 MAR 2024 17:32
entering extended mode
 restricted \write18 enabled.
 %&-line parsing enabled.
**./main_changed.tex
(main_changed.tex
LaTeX2e <2023-06-01> patch level 1
L3 programming layer <2023-08-29>
(C:\Users\micha\AppData\Local\Programs\MiKTeX\tex/latex/base\article.cls
Document Class: article 2023/05/17 v1.4n Standard LaTeX document class
(C:\Users\micha\AppData\Local\Programs\MiKTeX\tex/latex/base\size10.clo
File: size10.clo 2023/05/17 v1.4n Standard LaTeX file (size option)
)
\c@part=\count185
\c@section=\count186
\c@subsection=\count187
\c@subsubsection=\count188
\c@paragraph=\count189
\c@subparagraph=\count190
\c@figure=\count191
\c@table=\count192
\abovecaptionskip=\skip48
\belowcaptionskip=\skip49
\bibindent=\dimen140
)
(aaai22.sty
Conference Style for AAAI for LaTeX 2e -- version for the AAAI-22 conference
\titlebox=\skip50
) (C:\Users\micha\AppData\Local\Programs\MiKTeX\tex/latex/psnfss\times.sty
Package: times 2020/03/25 PSNFSS-v9.3 (SPQR) 
)
(C:\Users\micha\AppData\Local\Programs\MiKTeX\tex/latex/psnfss\helvet.sty
Package: helvet 2020/03/25 PSNFSS-v9.3 (WaS) 

(C:\Users\micha\AppData\Local\Programs\MiKTeX\tex/latex/graphics\keyval.sty
Package: keyval 2022/05/29 v1.15 key=value parser (DPC)
\KV@toks@=\toks17
))
(C:\Users\micha\AppData\Local\Programs\MiKTeX\tex/latex/psnfss\courier.sty
Package: courier 2020/03/25 PSNFSS-v9.3 (WaS) 
)
(C:\Users\micha\AppData\Local\Programs\MiKTeX\tex/latex/url\url.sty
\Urlmuskip=\muskip16
Package: url 2013/09/16  ver 3.4  Verb mode for urls, etc.
)
(C:\Users\micha\AppData\Local\Programs\MiKTeX\tex/latex/graphics\graphicx.sty
Package: graphicx 2021/09/16 v1.2d Enhanced LaTeX Graphics (DPC,SPQR)

(C:\Users\micha\AppData\Local\Programs\MiKTeX\tex/latex/graphics\graphics.sty
Package: graphics 2022/03/10 v1.4e Standard LaTeX Graphics (DPC,SPQR)

(C:\Users\micha\AppData\Local\Programs\MiKTeX\tex/latex/graphics\trig.sty
Package: trig 2021/08/11 v1.11 sin cos tan (DPC)
)
(C:\Users\micha\AppData\Local\Programs\MiKTeX\tex/latex/graphics-cfg\graphics.c
fg
File: graphics.cfg 2016/06/04 v1.11 sample graphics configuration
)
Package graphics Info: Driver file: pdftex.def on input line 107.

(C:\Users\micha\AppData\Local\Programs\MiKTeX\tex/latex/graphics-def\pdftex.def
File: pdftex.def 2022/09/22 v1.2b Graphics/color driver for pdftex
))
\Gin@req@height=\dimen141
\Gin@req@width=\dimen142
) (C:\Users\micha\AppData\Local\Programs\MiKTeX\tex/latex/natbib\natbib.sty
Package: natbib 2010/09/13 8.31b (PWD, AO)
\bibhang=\skip51
\bibsep=\skip52
LaTeX Info: Redefining \cite on input line 694.
\c@NAT@ctr=\count193
)
(C:\Users\micha\AppData\Local\Programs\MiKTeX\tex/latex/caption\caption.sty
Package: caption 2023/07/31 v3.6n Customizing captions (AR)

(C:\Users\micha\AppData\Local\Programs\MiKTeX\tex/latex/caption\caption3.sty
Package: caption3 2023/07/31 v2.4d caption3 kernel (AR)
\caption@tempdima=\dimen143
\captionmargin=\dimen144
\caption@leftmargin=\dimen145
\caption@rightmargin=\dimen146
\caption@width=\dimen147
\caption@indent=\dimen148
\caption@parindent=\dimen149
\caption@hangindent=\dimen150
Package caption Info: Standard document class detected.
)
\c@caption@flags=\count194
\c@continuedfloat=\count195
)
(C:\Users\micha\AppData\Local\Programs\MiKTeX\tex/latex/amsmath\amsmath.sty
Package: amsmath 2023/05/13 v2.17o AMS math features
\@mathmargin=\skip53

For additional information on amsmath, use the `?' option.
(C:\Users\micha\AppData\Local\Programs\MiKTeX\tex/latex/amsmath\amstext.sty
Package: amstext 2021/08/26 v2.01 AMS text

(C:\Users\micha\AppData\Local\Programs\MiKTeX\tex/latex/amsmath\amsgen.sty
File: amsgen.sty 1999/11/30 v2.0 generic functions
\@emptytoks=\toks18
\ex@=\dimen151
))
(C:\Users\micha\AppData\Local\Programs\MiKTeX\tex/latex/amsmath\amsbsy.sty
Package: amsbsy 1999/11/29 v1.2d Bold Symbols
\pmbraise@=\dimen152
)
(C:\Users\micha\AppData\Local\Programs\MiKTeX\tex/latex/amsmath\amsopn.sty
Package: amsopn 2022/04/08 v2.04 operator names
)
\inf@bad=\count196
LaTeX Info: Redefining \frac on input line 234.
\uproot@=\count197
\leftroot@=\count198
LaTeX Info: Redefining \overline on input line 399.
LaTeX Info: Redefining \colon on input line 410.
\classnum@=\count199
\DOTSCASE@=\count266
LaTeX Info: Redefining \ldots on input line 496.
LaTeX Info: Redefining \dots on input line 499.
LaTeX Info: Redefining \cdots on input line 620.
\Mathstrutbox@=\box51
\strutbox@=\box52
LaTeX Info: Redefining \big on input line 722.
LaTeX Info: Redefining \Big on input line 723.
LaTeX Info: Redefining \bigg on input line 724.
LaTeX Info: Redefining \Bigg on input line 725.
\big@size=\dimen153
LaTeX Font Info:    Redeclaring font encoding OML on input line 743.
LaTeX Font Info:    Redeclaring font encoding OMS on input line 744.
\macc@depth=\count267
LaTeX Info: Redefining \bmod on input line 905.
LaTeX Info: Redefining \pmod on input line 910.
LaTeX Info: Redefining \smash on input line 940.
LaTeX Info: Redefining \relbar on input line 970.
LaTeX Info: Redefining \Relbar on input line 971.
\c@MaxMatrixCols=\count268
\dotsspace@=\muskip17
\c@parentequation=\count269
\dspbrk@lvl=\count270
\tag@help=\toks19
\row@=\count271
\column@=\count272
\maxfields@=\count273
\andhelp@=\toks20
\eqnshift@=\dimen154
\alignsep@=\dimen155
\tagshift@=\dimen156
\tagwidth@=\dimen157
\totwidth@=\dimen158
\lineht@=\dimen159
\@envbody=\toks21
\multlinegap=\skip54
\multlinetaggap=\skip55
\mathdisplay@stack=\toks22
LaTeX Info: Redefining \[ on input line 2953.
LaTeX Info: Redefining \] on input line 2954.
)
(C:\Users\micha\AppData\Local\Programs\MiKTeX\tex/latex/amsfonts\amssymb.sty
Package: amssymb 2013/01/14 v3.01 AMS font symbols

(C:\Users\micha\AppData\Local\Programs\MiKTeX\tex/latex/amsfonts\amsfonts.sty
Package: amsfonts 2013/01/14 v3.01 Basic AMSFonts support
\symAMSa=\mathgroup4
\symAMSb=\mathgroup5
LaTeX Font Info:    Redeclaring math symbol \hbar on input line 98.
LaTeX Font Info:    Overwriting math alphabet `\mathfrak' in version `bold'
(Font)                  U/euf/m/n --> U/euf/b/n on input line 106.
)) (C:\Users\micha\AppData\Local\Programs\MiKTeX\tex/latex/multirow\multirow.st
y
Package: multirow 2021/03/15 v2.8 Span multiple rows of a table
\multirow@colwidth=\skip56
\multirow@cntb=\count274
\multirow@dima=\skip57
\bigstrutjot=\dimen160
) (C:\Users\micha\AppData\Local\Programs\MiKTeX\tex/latex/makecell\makecell.sty
Package: makecell 2009/08/03 V0.1e Managing of Tab Column Heads and Cells

(C:\Users\micha\AppData\Local\Programs\MiKTeX\tex/latex/tools\array.sty
Package: array 2022/09/04 v2.5g Tabular extension package (FMi)
\col@sep=\dimen161
\ar@mcellbox=\box53
\extrarowheight=\dimen162
\NC@list=\toks23
\extratabsurround=\skip58
\backup@length=\skip59
\ar@cellbox=\box54
)
\rotheadsize=\dimen163
\c@nlinenum=\count275
\TeXr@lab=\toks24
)
(C:\Users\micha\AppData\Local\Programs\MiKTeX\tex/latex/bbding\bbding.sty
Package: bbding 1999/04/15 v1.01 Dingbats symbols
)
(C:\Users\micha\AppData\Local\Programs\MiKTeX\tex/latex/tools\bm.sty
Package: bm 2022/01/05 v1.2f Bold Symbol Support (DPC/FMi)
\symboldoperators=\mathgroup6
\symboldletters=\mathgroup7
\symboldsymbols=\mathgroup8
Package bm Info: No bold for \OMX/cmex/m/n, using \pmb.
Package bm Info: No bold for \U/msa/m/n, using \pmb.
Package bm Info: No bold for \U/msb/m/n, using \pmb.
LaTeX Font Info:    Redeclaring math alphabet \mathbf on input line 149.
)
(C:\Users\micha\AppData\Local\Programs\MiKTeX\tex/latex/algorithms\algorithm.st
y
Package: algorithm 2009/08/24 v0.1 Document Style `algorithm' - floating enviro
nment
 (C:\Users\micha\AppData\Local\Programs\MiKTeX\tex/latex/float\float.sty
Package: float 2001/11/08 v1.3d Float enhancements (AL)
\c@float@type=\count276
\float@exts=\toks25
\float@box=\box55
\@float@everytoks=\toks26
\@floatcapt=\box56
)
(C:\Users\micha\AppData\Local\Programs\MiKTeX\tex/latex/base\ifthen.sty
Package: ifthen 2022/04/13 v1.1d Standard LaTeX ifthen package (DPC)
)
\@float@every@algorithm=\toks27
\c@algorithm=\count277
)
(C:\Users\micha\AppData\Local\Programs\MiKTeX\tex/latex/algorithms\algorithmic.
sty
Package: algorithmic 2009/08/24 v0.1 Document Style `algorithmic'
\c@ALC@unique=\count278
\c@ALC@line=\count279
\c@ALC@rem=\count280
\c@ALC@depth=\count281
\ALC@tlm=\skip60
\algorithmicindent=\skip61
)
(C:\Users\micha\AppData\Local\Programs\MiKTeX\tex/latex/newfloat\newfloat.sty
Package: newfloat 2023/10/01 v1.2 Defining new floating environments (AR)
)
(C:\Users\micha\AppData\Local\Programs\MiKTeX\tex/latex/listings\listings.sty
\lst@mode=\count282
\lst@gtempboxa=\box57
\lst@token=\toks28
\lst@length=\count283
\lst@currlwidth=\dimen164
\lst@column=\count284
\lst@pos=\count285
\lst@lostspace=\dimen165
\lst@width=\dimen166
\lst@newlines=\count286
\lst@lineno=\count287
\lst@maxwidth=\dimen167

(C:\Users\micha\AppData\Local\Programs\MiKTeX\tex/latex/listings\lstmisc.sty
File: lstmisc.sty 2023/02/27 1.9 (Carsten Heinz)
\c@lstnumber=\count288
\lst@skipnumbers=\count289
\lst@framebox=\box58
)
(C:\Users\micha\AppData\Local\Programs\MiKTeX\tex/latex/listings\listings.cfg
File: listings.cfg 2023/02/27 1.9 listings configuration
))
Package: listings 2023/02/27 1.9 (Carsten Heinz)
\@float@every@listing=\toks29
\c@listing=\count290
(C:\Users\micha\AppData\Local\Programs\MiKTeX\tex/latex/subfig\subfig.sty
Package: subfig 2005/06/28 ver: 1.3 subfig package
\c@KVtest=\count291
\sf@farskip=\skip62
\sf@captopadj=\dimen168
\sf@capskip=\skip63
\sf@nearskip=\skip64
\c@subfigure=\count292
\c@subfigure@save=\count293
\c@lofdepth=\count294
\c@subtable=\count295
\c@subtable@save=\count296
\c@lotdepth=\count297
\sf@top=\skip65
\sf@bottom=\skip66
)
(C:\Users\micha\AppData\Local\Programs\MiKTeX\tex/latex/lineno\lineno.sty
Package: lineno 2023/05/20 line numbers on paragraphs v5.3

(C:\Users\micha\AppData\Local\Programs\MiKTeX\tex/latex/etoolbox\etoolbox.sty
Package: etoolbox 2020/10/05 v2.5k e-TeX tools for LaTeX (JAW)
\etb@tempcnta=\count298
)
(C:\Users\micha\AppData\Local\Programs\MiKTeX\tex/latex/kvoptions\kvoptions.sty
Package: kvoptions 2022-06-15 v3.15 Key value format for package options (HO)
(C:\Users\micha\AppData\Local\Programs\MiKTeX\tex/generic/ltxcmds\ltxcmds.sty
Package: ltxcmds 2023-12-04 v1.26 LaTeX kernel commands for general use (HO)
)
(C:\Users\micha\AppData\Local\Programs\MiKTeX\tex/latex/kvsetkeys\kvsetkeys.sty
Package: kvsetkeys 2022-10-05 v1.19 Key value parser (HO)
))
\linenopenalty=\count299
\output=\toks30
\linenoprevgraf=\count300
\linenumbersep=\dimen169
\linenumberwidth=\dimen170
\c@linenumber=\count301
\c@pagewiselinenumber=\count302
\c@LN@truepage=\count303
\c@internallinenumber=\count304
\c@internallinenumbers=\count305
\quotelinenumbersep=\dimen171
\bframerule=\dimen172
\bframesep=\dimen173
\bframebox=\box59
\linenoamsmath@ams@eqpen=\count306
LaTeX Info: Redefining \\ on input line 3180.
) (C:\Users\micha\AppData\Local\Programs\MiKTeX\tex/latex/graphics\color.sty
Package: color 2022/01/06 v1.3d Standard LaTeX Color (DPC)

(C:\Users\micha\AppData\Local\Programs\MiKTeX\tex/latex/graphics-cfg\color.cfg
File: color.cfg 2016/01/02 v1.6 sample color configuration
)
Package color Info: Driver file: pdftex.def on input line 149.
(C:\Users\micha\AppData\Local\Programs\MiKTeX\tex/latex/graphics\mathcolor.ltx)
)
LaTeX Font Info:    Trying to load font information for OT1+ptm on input line 2
01.
 (C:\Users\micha\AppData\Local\Programs\MiKTeX\tex/latex/psnfss\ot1ptm.fd
File: ot1ptm.fd 2001/06/04 font definitions for OT1/ptm.
)
(C:\Users\micha\AppData\Local\Programs\MiKTeX\tex/latex/l3backend\l3backend-pdf
tex.def
File: l3backend-pdftex.def 2023-04-19 L3 backend support: PDF output (pdfTeX)
\l__color_backend_stack_int=\count307
\l__pdf_internal_box=\box60
) (main_changed.aux)
\openout1 = `main_changed.aux'.

LaTeX Font Info:    Checking defaults for OML/cmm/m/it on input line 201.
LaTeX Font Info:    ... okay on input line 201.
LaTeX Font Info:    Checking defaults for OMS/cmsy/m/n on input line 201.
LaTeX Font Info:    ... okay on input line 201.
LaTeX Font Info:    Checking defaults for OT1/cmr/m/n on input line 201.
LaTeX Font Info:    ... okay on input line 201.
LaTeX Font Info:    Checking defaults for T1/cmr/m/n on input line 201.
LaTeX Font Info:    ... okay on input line 201.
LaTeX Font Info:    Checking defaults for TS1/cmr/m/n on input line 201.
LaTeX Font Info:    ... okay on input line 201.
LaTeX Font Info:    Checking defaults for OMX/cmex/m/n on input line 201.
LaTeX Font Info:    ... okay on input line 201.
LaTeX Font Info:    Checking defaults for U/cmr/m/n on input line 201.
LaTeX Font Info:    ... okay on input line 201.

(C:\Users\micha\AppData\Local\Programs\MiKTeX\tex/context/base/mkii\supp-pdf.mk
ii
[Loading MPS to PDF converter (version 2006.09.02).]
\scratchcounter=\count308
\scratchdimen=\dimen174
\scratchbox=\box61
\nofMPsegments=\count309
\nofMParguments=\count310
\everyMPshowfont=\toks31
\MPscratchCnt=\count311
\MPscratchDim=\dimen175
\MPnumerator=\count312
\makeMPintoPDFobject=\count313
\everyMPtoPDFconversion=\toks32
)
(C:\Users\micha\AppData\Local\Programs\MiKTeX\tex/latex/epstopdf-pkg\epstopdf-b
ase.sty
Package: epstopdf-base 2020-01-24 v2.11 Base part for package epstopdf
Package epstopdf-base Info: Redefining graphics rule for `.eps' on input line 4
85.

(C:\Users\micha\AppData\Local\Programs\MiKTeX\tex/latex/00miktex\epstopdf-sys.c
fg
File: epstopdf-sys.cfg 2021/03/18 v2.0 Configuration of epstopdf for MiKTeX
))
Package caption Info: Begin \AtBeginDocument code.
Package caption Info: subfig package v1.3 is loaded.
Package caption Info: float package is loaded.
Package caption Info: listings package is loaded.
Package caption Info: End \AtBeginDocument code.
Package newfloat Info: `float' package detected.
\c@lstlisting=\count314
\c@eqfn=\count315
\titlearea=\box62
LaTeX Font Info:    Trying to load font information for U+msa on input line 207
.
 (C:\Users\micha\AppData\Local\Programs\MiKTeX\tex/latex/amsfonts\umsa.fd
File: umsa.fd 2013/01/14 v3.01 AMS symbols A
)
LaTeX Font Info:    Trying to load font information for U+msb on input line 207
.

(C:\Users\micha\AppData\Local\Programs\MiKTeX\tex/latex/amsfonts\umsb.fd
File: umsb.fd 2013/01/14 v3.01 AMS symbols B
)
LaTeX Font Info:    Trying to load font information for TS1+ptm on input line 2
07.

(C:\Users\micha\AppData\Local\Programs\MiKTeX\tex/latex/psnfss\ts1ptm.fd
File: ts1ptm.fd 2001/06/04 font definitions for TS1/ptm.
)
LaTeX Font Info:    Trying to load font information for OMS+ptm on input line 2
07.

(C:\Users\micha\AppData\Local\Programs\MiKTeX\tex/latex/psnfss\omsptm.fd
File: omsptm.fd 
)
LaTeX Font Info:    Font shape `OMS/ptm/m/n' in size <10> not available
(Font)              Font shape `OMS/cmsy/m/n' tried instead on input line 207.
\actualheight=\skip67
LaTeX Font Info:    Trying to load font information for OT1+pcr on input line 2
11.

(C:\Users\micha\AppData\Local\Programs\MiKTeX\tex/latex/psnfss\ot1pcr.fd
File: ot1pcr.fd 2001/06/04 font definitions for OT1/pcr.
)

pdfTeX warning: pdflatex (file ./res/imgs/data_intro.pdf): PDF inclusion: found
 PDF version <1.7>, but at most version <1.5> allowed
<res/imgs/data_intro.pdf, id=1, 350.61166pt x 155.4066pt>
File: res/imgs/data_intro.pdf Graphic file (type pdf)
<use res/imgs/data_intro.pdf>
Package pdftex.def Info: res/imgs/data_intro.pdf  used on input line 231.
(pdftex.def)             Requested size: 215.45348pt x 95.4974pt.


pdfTeX warning: pdflatex (file ./res/imgs/two_stage.pdf): PDF inclusion: found 
PDF version <1.7>, but at most version <1.5> allowed
<res/imgs/two_stage.pdf, id=2, 352.50696pt x 167.40944pt>
File: res/imgs/two_stage.pdf Graphic file (type pdf)
<use res/imgs/two_stage.pdf>
Package pdftex.def Info: res/imgs/two_stage.pdf  used on input line 235.
(pdftex.def)             Requested size: 215.45348pt x 102.3214pt.

Package natbib Warning: Citation `carreira2017quo' on page 1 undefined on input
 line 260.


Package natbib Warning: Citation `wang2016temporal' on page 1 undefined on inpu
t line 260.


Package natbib Warning: Citation `ren2015faster' on page 1 undefined on input l
ine 260.


Package natbib Warning: Citation `yatskar2016situation' on page 1 undefined on 
input line 264.


Package natbib Warning: Citation `pratt2020grounded' on page 1 undefined on inp
ut line 265.


Package natbib Warning: Citation `gordo2016deep' on page 1 undefined on input l
ine 265.


Package natbib Warning: Citation `noh2017large' on page 1 undefined on input li
ne 265.


Package natbib Warning: Citation `mallya2017recurrent' on page 1 undefined on i
nput line 265.


Package natbib Warning: Citation `chen2021human' on page 1 undefined on input l
ine 265.


Package natbib Warning: Citation `chen2017sca' on page 1 undefined on input lin
e 265.


Package natbib Warning: Citation `chen2021ref' on page 1 undefined on input lin
e 265.


Package natbib Warning: Citation `cadene2019murel' on page 1 undefined on input
 line 265.


Package natbib Warning: Citation `Chen_2020_CVPR' on page 1 undefined on input 
line 265.


Package natbib Warning: Citation `chen2021counterfactual' on page 1 undefined o
n input line 265.


Package natbib Warning: Citation `xiao2022video' on page 1 undefined on input l
ine 265.


Package natbib Warning: Citation `pratt2020grounded' on page 1 undefined on inp
ut line 294.

[1{C:/Users/micha/AppData/Local/MiKTeX/fonts/map/pdftex/pdftex.map}{C:/Users/mi
cha/AppData/Local/Programs/MiKTeX/fonts/enc/dvips/base/8r.enc}



 <./res/imgs/data_intro.pdf> <./res/imgs/two_stage.pdf

pdfTeX warning: pdflatex (file ./res/imgs/two_stage.pdf): PDF inclusion: multip
le pdfs with page group included in a single page
>]

pdfTeX warning: pdflatex (file ./res/imgs/rerank_intro.pdf): PDF inclusion: fou
nd PDF version <1.7>, but at most version <1.5> allowed
<res/imgs/rerank_intro.pdf, id=41, 356.29712pt x 176.25348pt>
File: res/imgs/rerank_intro.pdf Graphic file (type pdf)
<use res/imgs/rerank_intro.pdf>
Package pdftex.def Info: res/imgs/rerank_intro.pdf  used on input line 323.
(pdftex.def)             Requested size: 234.60545pt x 116.0587pt.

Package natbib Warning: Citation `he2016deep' on page 2 undefined on input line
 331.


Package natbib Warning: Citation `yatskar2017commonly' on page 2 undefined on i
nput line 361.


Package natbib Warning: Citation `schroff2015facenet' on page 2 undefined on in
put line 366.


Package natbib Warning: Citation `wen2016discriminative' on page 2 undefined on
 input line 366.


Package natbib Warning: Citation `pratt2020grounded' on page 2 undefined on inp
ut line 378.


Package natbib Warning: Citation `gupta2015visual' on page 2 undefined on input
 line 424.


Package natbib Warning: Citation `yatskar2016situation' on page 2 undefined on 
input line 424.


Package natbib Warning: Citation `carreira2017quo' on page 2 undefined on input
 line 424.


Package natbib Warning: Citation `9151084' on page 2 undefined on input line 42
4.


Package natbib Warning: Citation `liao2020ppdm' on page 2 undefined on input li
ne 424.


Package natbib Warning: Citation `zou2021end' on page 2 undefined on input line
 424.


Package natbib Warning: Citation `wei2020hose' on page 2 undefined on input lin
e 424.


Package natbib Warning: Citation `chen2019counterfactual' on page 2 undefined o
n input line 424.


Package natbib Warning: Citation `cong2021spatial' on page 2 undefined on input
 line 424.


Package natbib Warning: Citation `10.3115/980845.980860' on page 2 undefined on
 input line 424.


Package natbib Warning: Citation `yatskar2016situation' on page 2 undefined on 
input line 424.


Package natbib Warning: Citation `yatskar2017commonly' on page 2 undefined on i
nput line 424.


Package natbib Warning: Citation `mallya2017recurrent' on page 2 undefined on i
nput line 425.


Package natbib Warning: Citation `mallya2017recurrent' on page 2 undefined on i
nput line 426.


Package natbib Warning: Citation `li2017situation' on page 2 undefined on input
 line 426.


Package natbib Warning: Citation `suhail2019mixture' on page 2 undefined on inp
ut line 426.


Package natbib Warning: Citation `9156513' on page 2 undefined on input line 42
6.


Package natbib Warning: Citation `yang2016grounded' on page 2 undefined on inpu
t line 428.


Package natbib Warning: Citation `silberer2018grounding' on page 2 undefined on
 input line 428.


Package natbib Warning: Citation `pratt2020grounded' on page 2 undefined on inp
ut line 428.


Package natbib Warning: Citation `pratt2020grounded' on page 2 undefined on inp
ut line 428.


Package natbib Warning: Citation `cho2021grounded' on page 2 undefined on input
 line 429.

[2 <./res/imgs/rerank_intro.pdf>]

pdfTeX warning: pdflatex (file ./res/imgs/overview.pdf): PDF inclusion: found P
DF version <1.7>, but at most version <1.5> allowed
<res/imgs/overview.pdf, id=69, 343.03055pt x 168.04079pt>
File: res/imgs/overview.pdf Graphic file (type pdf)
<use res/imgs/overview.pdf>
Package pdftex.def Info: res/imgs/overview.pdf  used on input line 456.
(pdftex.def)             Requested size: 239.39438pt x 117.27646pt.

Overfull \hbox (1.93024pt too wide) detected at line 471
[][][][]
 []



pdfTeX warning: pdflatex (file ./res/imgs/noun_model.pdf): PDF inclusion: found
 PDF version <1.7>, but at most version <1.5> allowed
<res/imgs/noun_model.pdf, id=70, 277.33112pt x 242.5853pt>
File: res/imgs/noun_model.pdf Graphic file (type pdf)
<use res/imgs/noun_model.pdf>
Package pdftex.def Info: res/imgs/noun_model.pdf  used on input line 511.
(pdftex.def)             Requested size: 163.9075pt x 143.37207pt.


pdfTeX warning: pdflatex (file ./res/imgs/verb_model.pdf): PDF inclusion: found
 PDF version <1.7>, but at most version <1.5> allowed
<res/imgs/verb_model.pdf, id=71, 445.37222pt x 233.74126pt>
File: res/imgs/verb_model.pdf Graphic file (type pdf)
<use res/imgs/verb_model.pdf>
Package pdftex.def Info: res/imgs/verb_model.pdf  used on input line 517.
(pdftex.def)             Requested size: 291.39038pt x 152.93579pt.

Overfull \hbox (1.90001pt too wide) in paragraph at lines 509--521
[][] [] 
 []


Package natbib Warning: Citation `carion2020end' on page 3 undefined on input l
ine 528.


Package natbib Warning: Citation `vaswani2017attention' on page 3 undefined on 
input line 534.

[3 <./res/imgs/overview.pdf>]

Package natbib Warning: Citation `devlin2018bert' on page 4 undefined on input 
line 597.


Underfull \hbox (badness 1033) in paragraph at lines 663--664
\OT1/ptm/m/n/10 di-date $\OML/cmm/m/it/10 v[]$\OT1/ptm/m/n/10 , our fine-graine
d verb model (Verb-f) uses a
 []


Overfull \hbox (5.78168pt too wide) detected at line 671
[][][]
 []

[4 <./res/imgs/noun_model.pdf> <./res/imgs/verb_model.pdf

pdfTeX warning: pdflatex (file ./res/imgs/verb_model.pdf): PDF inclusion: multi
ple pdfs with page group included in a single page
>]

Package natbib Warning: Citation `rezatofighi2019generalized' on page 5 undefin
ed on input line 721.


Overfull \hbox (1.82706pt too wide) in paragraph at lines 793--794
 [] 
 []


Package natbib Warning: Citation `pratt2020grounded' on page 5 undefined on inp
ut line 919.


Package natbib Warning: Citation `yatskar2016situation' on page 5 undefined on 
input line 919.


Package natbib Warning: Citation `pratt2020grounded' on page 5 undefined on inp
ut line 922.


Package natbib Warning: Citation `yatskar2016situation' on page 5 undefined on 
input line 961.


Package natbib Warning: Citation `yatskar2017commonly' on page 5 undefined on i
nput line 961.


Package natbib Warning: Citation `mallya2017recurrent' on page 5 undefined on i
nput line 961.


Package natbib Warning: Citation `li2017situation' on page 5 undefined on input
 line 961.


Package natbib Warning: Citation `suhail2019mixture' on page 5 undefined on inp
ut line 961.


Package natbib Warning: Citation `9156513' on page 5 undefined on input line 96
1.


Package natbib Warning: Citation `pratt2020grounded' on page 5 undefined on inp
ut line 961.


Underfull \hbox (badness 7116) in paragraph at lines 961--962
\OT1/ptm/b/n/10 Settings. \OT1/ptm/m/n/10 We com-pared our Situ-Former with sta
te-
 []


Underfull \hbox (badness 7486) in paragraph at lines 961--962
\OT1/ptm/m/n/10 of-the-art GSR and SR mod-els on SWiG dataset.
 []


Underfull \hbox (badness 1460) in paragraph at lines 961--962
\OT1/ptm/m/n/10 Based on their model ar-chi-tec-tures, ex-ist-ing SR mod-
 []


Underfull \hbox (badness 1107) in paragraph at lines 964--965
\OT1/ptm/b/n/10 Results un-der \OT1/pcr/b/n/10 Ground-Truth-Verb \OT1/ptm/b/n/1
0 Set-ting. \OT1/ptm/m/n/10 Un-der
 []

[5]
Overfull \hbox (4.57278pt too wide) in paragraph at lines 1005--1006
 [][] 
 []



pdfTeX warning: pdflatex (file ./res/imgs/viz.pdf): PDF inclusion: found PDF ve
rsion <1.7>, but at most version <1.5> allowed
<res/imgs/viz.pdf, id=150, 626.0469pt x 228.05602pt>
File: res/imgs/viz.pdf Graphic file (type pdf)
<use res/imgs/viz.pdf>
Package pdftex.def Info: res/imgs/viz.pdf  used on input line 1016.
(pdftex.def)             Requested size: 505.89pt x 184.28937pt.
LaTeX Font Info:    Trying to load font information for U+ding on input line 10
63.
(C:\Users\micha\AppData\Local\Programs\MiKTeX\tex/latex/bbding\uding.fd
File: Uding.fd 1996/02/01 v1.0 BBding font definitions
)
Overfull \hbox (1.90001pt too wide) in paragraph at lines 1024--1071
[]$[]$  $[]$ 
 []


LaTeX Warning: `!h' float specifier changed to `!ht'.


Underfull \vbox (badness 1983) has occurred while \output is active []

 [6]
Underfull \vbox (badness 10000) has occurred while \output is active []


No file main_changed.bbl.

Underfull \hbox (badness 3219) in paragraph at lines 1154--1156
[]\OT1/ptm/m/n/10 Sed dig-nis-si-mos cor-poris, la-bore magni per-fer-endis
 []


Underfull \hbox (badness 2205) in paragraph at lines 1154--1156
\OT1/ptm/m/n/10 dig-nis-si-mos, ve-niam placeat id volup-tatem volup-ta-tum
 []


Underfull \hbox (badness 1533) in paragraph at lines 1154--1156
\OT1/ptm/m/n/10 eum, ape-riam nulla maiores ar-chi-tecto mi-nus iusto ea
 []

[7 <./res/imgs/viz.pdf>]

Package natbib Warning: There were undefined citations.

[8

] (main_changed.aux)
 ***********
LaTeX2e <2023-06-01> patch level 1
L3 programming layer <2023-08-29>
 ***********
 ) 
Here is how much of TeX's memory you used:
 8247 strings out of 475247
 131319 string characters out of 5757792
 1968801 words of memory out of 5000000
 29612 multiletter control sequences out of 15000+600000
 597653 words of font info for 129 fonts, out of 8000000 for 9000
 1141 hyphenation exceptions out of 8191
 57i,21n,65p,1437b,488s stack positions out of 10000i,1000n,20000p,200000b,200000s
 <C:\Users\micha\AppData\Local\MiKTeX\fonts/pk/ljfour/public/bbding/dpi540\bb
ding10.pk><C:/Users/micha/AppData/Local/Programs/MiKTeX/fonts/type1/public/amsf
onts/cm/cmex10.pfb><C:/Users/micha/AppData/Local/Programs/MiKTeX/fonts/type1/pu
blic/amsfonts/cm/cmmi10.pfb><C:/Users/micha/AppData/Local/Programs/MiKTeX/fonts
/type1/public/amsfonts/cm/cmmi5.pfb><C:/Users/micha/AppData/Local/Programs/MiKT
eX/fonts/type1/public/amsfonts/cm/cmmi7.pfb><C:/Users/micha/AppData/Local/Progr
ams/MiKTeX/fonts/type1/public/amsfonts/cm/cmmib10.pfb><C:/Users/micha/AppData/L
ocal/Programs/MiKTeX/fonts/type1/public/amsfonts/cm/cmr10.pfb><C:/Users/micha/A
ppData/Local/Programs/MiKTeX/fonts/type1/public/amsfonts/cm/cmr5.pfb><C:/Users/
micha/AppData/Local/Programs/MiKTeX/fonts/type1/public/amsfonts/cm/cmr7.pfb><C:
/Users/micha/AppData/Local/Programs/MiKTeX/fonts/type1/public/amsfonts/cm/cmr9.
pfb><C:/Users/micha/AppData/Local/Programs/MiKTeX/fonts/type1/public/amsfonts/c
m/cmsy10.pfb><C:/Users/micha/AppData/Local/Programs/MiKTeX/fonts/type1/public/a
msfonts/cm/cmsy7.pfb><C:/Users/micha/AppData/Local/Programs/MiKTeX/fonts/type1/
public/amsfonts/symbols/msbm10.pfb><C:/Users/micha/AppData/Local/Programs/MiKTe
X/fonts/type1/urw/courier/ucrb8a.pfb><C:/Users/micha/AppData/Local/Programs/MiK
TeX/fonts/type1/urw/courier/ucrr8a.pfb><C:/Users/micha/AppData/Local/Programs/M
iKTeX/fonts/type1/urw/times/utmb8a.pfb><C:/Users/micha/AppData/Local/Programs/M
iKTeX/fonts/type1/urw/times/utmr8a.pfb><C:/Users/micha/AppData/Local/Programs/M
iKTeX/fonts/type1/urw/times/utmri8a.pfb>
Output written on main_changed.pdf (8 pages, 978859 bytes).
PDF statistics:
 279 PDF objects out of 1000 (max. 8388607)
 0 named destinations out of 1000 (max. 500000)
 36 words of extra memory for PDF output out of 10000 (max. 10000000)

