This is pdfTeX, Version 3.141592653-2.6-1.40.25 (MiKTeX 23.9) (preloaded format=pdflatex 2023.9.22)  30 MAR 2024 16:20
entering extended mode
 restricted \write18 enabled.
 %&-line parsing enabled.
**./outlierRobustConvexSegmentation_aaai2015_changed.tex
(outlierRobustConvexSegmentation_aaai2015_changed.tex
LaTeX2e <2023-06-01> patch level 1
L3 programming layer <2023-08-29>
(C:\Users\micha\AppData\Local\Programs\MiKTeX\tex/latex/base\article.cls
Document Class: article 2023/05/17 v1.4n Standard LaTeX document class
(C:\Users\micha\AppData\Local\Programs\MiKTeX\tex/latex/base\size10.clo
File: size10.clo 2023/05/17 v1.4n Standard LaTeX file (size option)
)
\c@part=\count185
\c@section=\count186
\c@subsection=\count187
\c@subsubsection=\count188
\c@paragraph=\count189
\c@subparagraph=\count190
\c@figure=\count191
\c@table=\count192
\abovecaptionskip=\skip48
\belowcaptionskip=\skip49
\bibindent=\dimen140
)
(aaai.sty
Conference Style for AAAI for LaTeX 2e -- version of 1 January 2015
\titlebox=\skip50
) (C:\Users\micha\AppData\Local\Programs\MiKTeX\tex/latex/psnfss\times.sty
Package: times 2020/03/25 PSNFSS-v9.3 (SPQR) 
)
(C:\Users\micha\AppData\Local\Programs\MiKTeX\tex/latex/psnfss\helvet.sty
Package: helvet 2020/03/25 PSNFSS-v9.3 (WaS) 

(C:\Users\micha\AppData\Local\Programs\MiKTeX\tex/latex/graphics\keyval.sty
Package: keyval 2022/05/29 v1.15 key=value parser (DPC)
\KV@toks@=\toks17
))
(C:\Users\micha\AppData\Local\Programs\MiKTeX\tex/latex/psnfss\courier.sty
Package: courier 2020/03/25 PSNFSS-v9.3 (WaS) 
)
(C:\Users\micha\AppData\Local\Programs\MiKTeX\tex/latex/graphics\graphicx.sty
Package: graphicx 2021/09/16 v1.2d Enhanced LaTeX Graphics (DPC,SPQR)

(C:\Users\micha\AppData\Local\Programs\MiKTeX\tex/latex/graphics\graphics.sty
Package: graphics 2022/03/10 v1.4e Standard LaTeX Graphics (DPC,SPQR)

(C:\Users\micha\AppData\Local\Programs\MiKTeX\tex/latex/graphics\trig.sty
Package: trig 2021/08/11 v1.11 sin cos tan (DPC)
)
(C:\Users\micha\AppData\Local\Programs\MiKTeX\tex/latex/graphics-cfg\graphics.c
fg
File: graphics.cfg 2016/06/04 v1.11 sample graphics configuration
)
Package graphics Info: Driver file: pdftex.def on input line 107.

(C:\Users\micha\AppData\Local\Programs\MiKTeX\tex/latex/graphics-def\pdftex.def
File: pdftex.def 2022/09/22 v1.2b Graphics/color driver for pdftex
))
\Gin@req@height=\dimen141
\Gin@req@width=\dimen142
)
(C:\Users\micha\AppData\Local\Programs\MiKTeX\tex/latex/subfigure\subfigure.sty
Package: subfigure 2002/07/30 v2.1.4 subfigure package
\subfigtopskip=\skip51
\subfigcapskip=\skip52
\subfigcaptopadj=\dimen143
\subfigbottomskip=\skip53
\subfigcapmargin=\dimen144
\subfiglabelskip=\skip54
\c@subfigure=\count193
\c@lofdepth=\count194
\c@subtable=\count195
\c@lotdepth=\count196
****************************************
* Local config file subfigure.cfg used *
****************************************

(C:\Users\micha\AppData\Local\Programs\MiKTeX\tex/latex/subfigure\subfigure.cfg
)
\subfig@top=\skip55
\subfig@bottom=\skip56
)
(C:\Users\micha\AppData\Local\Programs\MiKTeX\tex/latex/algorithms\algorithm.st
y
Package: algorithm 2009/08/24 v0.1 Document Style `algorithm' - floating enviro
nment
 (C:\Users\micha\AppData\Local\Programs\MiKTeX\tex/latex/float\float.sty
Package: float 2001/11/08 v1.3d Float enhancements (AL)
\c@float@type=\count197
\float@exts=\toks18
\float@box=\box51
\@float@everytoks=\toks19
\@floatcapt=\box52
)
(C:\Users\micha\AppData\Local\Programs\MiKTeX\tex/latex/base\ifthen.sty
Package: ifthen 2022/04/13 v1.1d Standard LaTeX ifthen package (DPC)
)
\@float@every@algorithm=\toks20
\c@algorithm=\count198
)
(C:\Users\micha\AppData\Local\Programs\MiKTeX\tex/latex/algorithms\algorithmic.
sty
Package: algorithmic 2009/08/24 v0.1 Document Style `algorithmic'
\c@ALC@unique=\count199
\c@ALC@line=\count266
\c@ALC@rem=\count267
\c@ALC@depth=\count268
\ALC@tlm=\skip57
\algorithmicindent=\skip58
) (C:\Users\micha\AppData\Local\Programs\MiKTeX\tex/latex/graphics\color.sty
Package: color 2022/01/06 v1.3d Standard LaTeX Color (DPC)
(C:\Users\micha\AppData\Local\Programs\MiKTeX\tex/latex/graphics-cfg\color.cfg
File: color.cfg 2016/01/02 v1.6 sample color configuration
)
Package color Info: Driver file: pdftex.def on input line 149.
(C:\Users\micha\AppData\Local\Programs\MiKTeX\tex/latex/graphics\mathcolor.ltx)
) (C:\Users\micha\AppData\Local\Programs\MiKTeX\tex/latex/amsmath\amsmath.sty
Package: amsmath 2023/05/13 v2.17o AMS math features
\@mathmargin=\skip59

For additional information on amsmath, use the `?' option.
(C:\Users\micha\AppData\Local\Programs\MiKTeX\tex/latex/amsmath\amstext.sty
Package: amstext 2021/08/26 v2.01 AMS text

(C:\Users\micha\AppData\Local\Programs\MiKTeX\tex/latex/amsmath\amsgen.sty
File: amsgen.sty 1999/11/30 v2.0 generic functions
\@emptytoks=\toks21
\ex@=\dimen145
))
(C:\Users\micha\AppData\Local\Programs\MiKTeX\tex/latex/amsmath\amsbsy.sty
Package: amsbsy 1999/11/29 v1.2d Bold Symbols
\pmbraise@=\dimen146
)
(C:\Users\micha\AppData\Local\Programs\MiKTeX\tex/latex/amsmath\amsopn.sty
Package: amsopn 2022/04/08 v2.04 operator names
)
\inf@bad=\count269
LaTeX Info: Redefining \frac on input line 234.
\uproot@=\count270
\leftroot@=\count271
LaTeX Info: Redefining \overline on input line 399.
LaTeX Info: Redefining \colon on input line 410.
\classnum@=\count272
\DOTSCASE@=\count273
LaTeX Info: Redefining \ldots on input line 496.
LaTeX Info: Redefining \dots on input line 499.
LaTeX Info: Redefining \cdots on input line 620.
\Mathstrutbox@=\box53
\strutbox@=\box54
LaTeX Info: Redefining \big on input line 722.
LaTeX Info: Redefining \Big on input line 723.
LaTeX Info: Redefining \bigg on input line 724.
LaTeX Info: Redefining \Bigg on input line 725.
\big@size=\dimen147
LaTeX Font Info:    Redeclaring font encoding OML on input line 743.
LaTeX Font Info:    Redeclaring font encoding OMS on input line 744.
\macc@depth=\count274
LaTeX Info: Redefining \bmod on input line 905.
LaTeX Info: Redefining \pmod on input line 910.
LaTeX Info: Redefining \smash on input line 940.
LaTeX Info: Redefining \relbar on input line 970.
LaTeX Info: Redefining \Relbar on input line 971.
\c@MaxMatrixCols=\count275
\dotsspace@=\muskip16
\c@parentequation=\count276
\dspbrk@lvl=\count277
\tag@help=\toks22
\row@=\count278
\column@=\count279
\maxfields@=\count280
\andhelp@=\toks23
\eqnshift@=\dimen148
\alignsep@=\dimen149
\tagshift@=\dimen150
\tagwidth@=\dimen151
\totwidth@=\dimen152
\lineht@=\dimen153
\@envbody=\toks24
\multlinegap=\skip60
\multlinetaggap=\skip61
\mathdisplay@stack=\toks25
LaTeX Info: Redefining \[ on input line 2953.
LaTeX Info: Redefining \] on input line 2954.
)
(C:\Users\micha\AppData\Local\Programs\MiKTeX\tex/latex/wrapfig\wrapfig.sty
\wrapoverhang=\dimen154
\WF@size=\dimen155
\c@WF@wrappedlines=\count281
\WF@box=\box55
\WF@everypar=\toks26
Package: wrapfig 2003/01/31  v 3.6
)
(prela.tex (C:\Users\micha\AppData\Local\Programs\MiKTeX\tex/latex/tools\bm.sty
Package: bm 2022/01/05 v1.2f Bold Symbol Support (DPC/FMi)
\symboldoperators=\mathgroup4
\symboldletters=\mathgroup5
\symboldsymbols=\mathgroup6
Package bm Info: No bold for \OMX/cmex/m/n, using \pmb.
LaTeX Font Info:    Redeclaring math alphabet \mathbf on input line 149.
)
(C:\Users\micha\AppData\Local\Programs\MiKTeX\tex/latex/doublestroke\dsfont.sty
Package: dsfont 1995/08/01 v0.1 Double stroke roman fonts
) (C:\Users\micha\AppData\Local\Programs\MiKTeX\tex/latex/amsfonts\amssymb.sty
Package: amssymb 2013/01/14 v3.01 AMS font symbols

(C:\Users\micha\AppData\Local\Programs\MiKTeX\tex/latex/amsfonts\amsfonts.sty
Package: amsfonts 2013/01/14 v3.01 Basic AMSFonts support
\symAMSa=\mathgroup7
\symAMSb=\mathgroup8
LaTeX Font Info:    Redeclaring math symbol \hbar on input line 98.
LaTeX Font Info:    Overwriting math alphabet `\mathfrak' in version `bold'
(Font)                  U/euf/m/n --> U/euf/b/n on input line 106.
))
\c@theorem=\count282
\c@Remark=\count283
) (macros.tex
(C:\Users\micha\AppData\Local\Programs\MiKTeX\tex/latex/base\textcomp.sty
Package: textcomp 2020/02/02 v2.0n Standard LaTeX package
))
LaTeX Font Info:    Trying to load font information for OT1+ptm on input line 4
4.

(C:\Users\micha\AppData\Local\Programs\MiKTeX\tex/latex/psnfss\ot1ptm.fd
File: ot1ptm.fd 2001/06/04 font definitions for OT1/ptm.
)
(C:\Users\micha\AppData\Local\Programs\MiKTeX\tex/latex/l3backend\l3backend-pdf
tex.def
File: l3backend-pdftex.def 2023-04-19 L3 backend support: PDF output (pdfTeX)
\l__color_backend_stack_int=\count284
\l__pdf_internal_box=\box56
) (outlierRobustConvexSegmentation_aaai2015_changed.aux)
\openout1 = `outlierRobustConvexSegmentation_aaai2015_changed.aux'.

LaTeX Font Info:    Checking defaults for OML/cmm/m/it on input line 44.
LaTeX Font Info:    ... okay on input line 44.
LaTeX Font Info:    Checking defaults for OMS/cmsy/m/n on input line 44.
LaTeX Font Info:    ... okay on input line 44.
LaTeX Font Info:    Checking defaults for OT1/cmr/m/n on input line 44.
LaTeX Font Info:    ... okay on input line 44.
LaTeX Font Info:    Checking defaults for T1/cmr/m/n on input line 44.
LaTeX Font Info:    ... okay on input line 44.
LaTeX Font Info:    Checking defaults for TS1/cmr/m/n on input line 44.
LaTeX Font Info:    ... okay on input line 44.
LaTeX Font Info:    Checking defaults for OMX/cmex/m/n on input line 44.
LaTeX Font Info:    ... okay on input line 44.
LaTeX Font Info:    Checking defaults for U/cmr/m/n on input line 44.
LaTeX Font Info:    ... okay on input line 44.

(C:\Users\micha\AppData\Local\Programs\MiKTeX\tex/context/base/mkii\supp-pdf.mk
ii
[Loading MPS to PDF converter (version 2006.09.02).]
\scratchcounter=\count285
\scratchdimen=\dimen156
\scratchbox=\box57
\nofMPsegments=\count286
\nofMParguments=\count287
\everyMPshowfont=\toks27
\MPscratchCnt=\count288
\MPscratchDim=\dimen157
\MPnumerator=\count289
\makeMPintoPDFobject=\count290
\everyMPtoPDFconversion=\toks28
)
(C:\Users\micha\AppData\Local\Programs\MiKTeX\tex/latex/epstopdf-pkg\epstopdf-b
ase.sty
Package: epstopdf-base 2020-01-24 v2.11 Base part for package epstopdf
Package epstopdf-base Info: Redefining graphics rule for `.eps' on input line 4
85.

(C:\Users\micha\AppData\Local\Programs\MiKTeX\tex/latex/00miktex\epstopdf-sys.c
fg
File: epstopdf-sys.cfg 2021/03/18 v2.0 Configuration of epstopdf for MiKTeX
))
LaTeX Font Info:    Trying to load font information for U+msa on input line 46.

 (C:\Users\micha\AppData\Local\Programs\MiKTeX\tex/latex/amsfonts\umsa.fd
File: umsa.fd 2013/01/14 v3.01 AMS symbols A
)
LaTeX Font Info:    Trying to load font information for U+msb on input line 46.


(C:\Users\micha\AppData\Local\Programs\MiKTeX\tex/latex/amsfonts\umsb.fd
File: umsb.fd 2013/01/14 v3.01 AMS symbols B
)
LaTeX Font Info:    Trying to load font information for OT1+pcr on input line 4
6.

(C:\Users\micha\AppData\Local\Programs\MiKTeX\tex/latex/psnfss\ot1pcr.fd
File: ot1pcr.fd 2001/06/04 font definitions for OT1/pcr.
)
LaTeX Font Info:    Trying to load font information for TS1+ptm on input line 4
6.

(C:\Users\micha\AppData\Local\Programs\MiKTeX\tex/latex/psnfss\ts1ptm.fd
File: ts1ptm.fd 2001/06/04 font definitions for TS1/ptm.
)
(01_introduction.tex

LaTeX Warning: Citation `brent1999speech' on page 1 undefined on input line 4.


LaTeX Warning: Citation `phonemeSeg:2008' on page 1 undefined on input line 4.


LaTeX Warning: Citation `Shriberg2000127' on page 1 undefined on input line 4.


LaTeX Warning: Citation `beeferman1999statistical' on page 1 undefined on input
 line 5.


LaTeX Warning: Citation `olshen2004circular' on page 1 undefined on input line 
5.


LaTeX Warning: Citation `levy2009detection' on page 1 undefined on input line 6
.

) (02_outlierRobustObjective.tex
LaTeX Font Info:    Trying to load font information for U+dsrom on input line 1
1.

(C:\Users\micha\AppData\Local\Programs\MiKTeX\tex/latex/doublestroke\udsrom.fd
File: Udsrom.fd 1995/08/01 v0.1 Double stroke roman font definitions
)
Underfull \vbox (badness 10000) has occurred while \output is active []

 [1{C:/Users/micha/AppData/Local/MiKTeX/fonts/map/pdftex/pdftex.map}{C:/Users/m
icha/AppData/Local/Programs/MiKTeX/fonts/enc/dvips/base/8r.enc}



]

LaTeX Warning: Citation `forero2011outlier' on page 2 undefined on input line 1
8.


LaTeX Warning: Citation `mateos2012robust' on page 2 undefined on input line 18
.


LaTeX Warning: Citation `bach2011convex' on page 2 undefined on input line 105.



LaTeX Warning: Citation `Beck_FISTA:2009' on page 2 undefined on input line 105
.


LaTeX Warning: Citation `Beck_TV:2009' on page 2 undefined on input line 105.


LaTeX Warning: Citation `bleakley2011group' on page 2 undefined on input line 1
07.


LaTeX Warning: Citation `tibshirani1996regression' on page 2 undefined on input
 line 107.


LaTeX Warning: Citation `yuan2006model' on page 2 undefined on input line 107.


Underfull \hbox (badness 3009) in paragraph at lines 105--110
 \OT1/ptm/b/n/10 Ex-act so-lu-tion of Eq. (3[]): \OT1/ptm/m/n/10 The com-mon pr
oximal-
 []


LaTeX Warning: Citation `bleakley2011group' on page 2 undefined on input line 1
17.


LaTeX Warning: Citation `levy2007catching' on page 2 undefined on input line 12
0.

[2]
Underfull \vbox (badness 2134) has occurred while \output is active []



LaTeX Warning: Citation `bleakley2011group' on page 3 undefined on input line 1
59.


Underfull \hbox (badness 5475) in paragraph at lines 212--218
[] []\OT1/ptm/m/n/9 Set $\OML/cmm/m/it/9 L\OT1/cmr/m/n/9 (\OML/cmm/m/it/9 j\OT1
/cmr/m/n/9 ) = []  [][]   +   []  [][]   \OMS/cmsy/m/n/9 ^^@
 []

) (03_analysis_cs.tex [3]

LaTeX Warning: Citation `bleakley2011group' on page 4 undefined on input line 9
6.

<figures/orig_in_color/bounds_weights_n20.pdf, id=28, 386.44376pt x 305.14pt>
File: figures/orig_in_color/bounds_weights_n20.pdf Graphic file (type pdf)
<use figures/orig_in_color/bounds_weights_n20.pdf>
Package pdftex.def Info: figures/orig_in_color/bounds_weights_n20.pdf  used on 
input line 109.
(pdftex.def)             Requested size: 116.50806pt x 91.99434pt.
<figures/orig_in_color/bounds_weights_n40.pdf, id=29, 386.44376pt x 305.14pt>
File: figures/orig_in_color/bounds_weights_n40.pdf Graphic file (type pdf)
<use figures/orig_in_color/bounds_weights_n40.pdf>
Package pdftex.def Info: figures/orig_in_color/bounds_weights_n40.pdf  used on 
input line 111.
(pdftex.def)             Requested size: 116.50806pt x 91.99434pt.
<figures/orig_in_color/biphonesSeg_robust.pdf, id=30, 385.44pt x 304.13625pt>
File: figures/orig_in_color/biphonesSeg_robust.pdf Graphic file (type pdf)
<use figures/orig_in_color/biphonesSeg_robust.pdf>
Package pdftex.def Info: figures/orig_in_color/biphonesSeg_robust.pdf  used on 
input line 119.
(pdftex.def)             Requested size: 142.66278pt x 112.56577pt.
) (06_experimentalResults.tex [4 <./figures/orig_in_color/bounds_weights_n20.pd
f> <./figures/orig_in_color/bounds_weights_n40.pdf> <./figures/orig_in_color/bi
phonesSeg_robust.pdf>]

LaTeX Warning: Citation `bleakley2011group' on page 5 undefined on input line 3
.


LaTeX Warning: Citation `erdman2008fast' on page 5 undefined on input line 8.


Underfull \hbox (badness 2384) in paragraph at lines 2--9
\OT1/ptm/m/n/10 ([]) ver-sions of our top-down al-go-rithm to
 []


LaTeX Warning: Citation `garofolo1988timit' on page 5 undefined on input line 1
6.

Package textcomp Info: Symbol \texttildelow not provided by
(textcomp)             font family ptm in TS1 encoding.
(textcomp)             Default family used instead on input line 33.
Package textcomp Info: Symbol \texttildelow not provided by
(textcomp)             font family ptm in TS1 encoding.
(textcomp)             Default family used instead on input line 34.

LaTeX Warning: Citation `phonemeSeg:2008' on page 5 undefined on input line 39.



LaTeX Warning: Citation `Rasanen2009' on page 5 undefined on input line 67.


Underfull \hbox (badness 6575) in paragraph at lines 73--102
 \OT1/ptm/b/n/10 Sig-nal rep-re-sen-ta-tion \OT1/ptm/m/n/10 A com-mon rep-re-se
n-ta-tion in
 []


LaTeX Warning: Citation `qiao:2012study' on page 5 undefined on input line 109.



LaTeX Warning: Citation `gracia:2011hierarchical' on page 5 undefined on input 
line 109.


LaTeX Warning: Citation `bleakley2011group' on page 5 undefined on input line 1
10.


LaTeX Warning: Citation `erdman2008fast' on page 5 undefined on input line 110.


[5]
<figures/orig_in_color/GMM_likeMat.pdf, id=76, 483.8075pt x 469.755pt>
File: figures/orig_in_color/GMM_likeMat.pdf Graphic file (type pdf)
<use figures/orig_in_color/GMM_likeMat.pdf>
Package pdftex.def Info: figures/orig_in_color/GMM_likeMat.pdf  used on input l
ine 164.
(pdftex.def)             Requested size: 104.6189pt x 101.57594pt.
<figures/orig_in_color/outliersRobust_audio_RvsP_incBCP.pdf, id=77, 458.71375pt
 x 408.52625pt>
File: figures/orig_in_color/outliersRobust_audio_RvsP_incBCP.pdf Graphic file (
type pdf)
<use figures/orig_in_color/outliersRobust_audio_RvsP_incBCP.pdf>
Package pdftex.def Info: figures/orig_in_color/outliersRobust_audio_RvsP_incBCP
.pdf  used on input line 166.
(pdftex.def)             Requested size: 106.99527pt x 95.28682pt.
<figures/orig_in_color/audioOlDetectionRate_10p.pdf, id=78, 379.4175pt x 304.13
625pt>
File: figures/orig_in_color/audioOlDetectionRate_10p.pdf Graphic file (type pdf
)
<use figures/orig_in_color/audioOlDetectionRate_10p.pdf>
Package pdftex.def Info: figures/orig_in_color/audioOlDetectionRate_10p.pdf  us
ed on input line 176.
(pdftex.def)             Requested size: 106.99527pt x 85.7655pt.
<figures/orig_in_color/audioOlNumOutliers_10p.pdf, id=79, 375.4025pt x 304.1362
5pt>
File: figures/orig_in_color/audioOlNumOutliers_10p.pdf Graphic file (type pdf)
<use figures/orig_in_color/audioOlNumOutliers_10p.pdf>
Package pdftex.def Info: figures/orig_in_color/audioOlNumOutliers_10p.pdf  used
 on input line 177.
(pdftex.def)             Requested size: 106.99527pt x 86.67972pt.
) (07_conclusion.tex

LaTeX Warning: Citation `basseville1993detection' on page 6 undefined on input 
line 2.


LaTeX Warning: Citation `brodsky1993nonparametric' on page 6 undefined on input
 line 2.


LaTeX Warning: Citation `lavielle2006changepoint' on page 6 undefined on input 
line 3.


LaTeX Warning: Citation `levy2007catching' on page 6 undefined on input line 3.



LaTeX Warning: Citation `killick2012optimal' on page 6 undefined on input line 
3.


LaTeX Warning: Citation `levy2007catching' on page 6 undefined on input line 4.



LaTeX Warning: Citation `tibshirani1996regression' on page 6 undefined on input
 line 4.


LaTeX Warning: Citation `yuan2006model' on page 6 undefined on input line 4.


LaTeX Warning: Citation `bleakley2011group' on page 6 undefined on input line 5
.


LaTeX Warning: Citation `qiao:2012study' on page 6 undefined on input line 10.


LaTeX Warning: Citation `phonemeSeg:2008' on page 6 undefined on input line 10.



LaTeX Warning: Citation `gracia:2011hierarchical' on page 6 undefined on input 
line 10.


LaTeX Warning: Citation `olshen2004circular' on page 6 undefined on input line 
10.


LaTeX Warning: Citation `Rudin:1992' on page 6 undefined on input line 10.


LaTeX Warning: Citation `Chambolle:2004' on page 6 undefined on input line 10.


LaTeX Warning: Citation `Beck_TV:2009' on page 6 undefined on input line 10.

)
No file outlierRobustConvexSegmentation_aaai2015_changed.bbl.
[6 <./figures/orig_in_color/GMM_likeMat.pdf> <./figures/orig_in_color/outliersR
obust_audio_RvsP_incBCP.pdf> <./figures/orig_in_color/audioOlDetectionRate_10p.
pdf> <./figures/orig_in_color/audioOlNumOutliers_10p.pdf>] [7

]
(outlierRobustConvexSegmentation_aaai2015_changed.aux)
 ***********
LaTeX2e <2023-06-01> patch level 1
L3 programming layer <2023-08-29>
 ***********
 ) 
Here is how much of TeX's memory you used:
 4183 strings out of 475247
 65365 string characters out of 5757792
 1949801 words of memory out of 5000000
 25589 multiletter control sequences out of 15000+600000
 588377 words of font info for 105 fonts, out of 8000000 for 9000
 1141 hyphenation exceptions out of 8191
 57i,12n,65p,967b,649s stack positions out of 10000i,1000n,20000p,200000b,200000s
 <C:\Users\micha\AppData\Local\MiKTeX\fonts/pk/ljfour/jknappen/ec/dpi600\tcrm
1000.pk><C:/Users/micha/AppData/Local/Programs/MiKTeX/fonts/type1/public/amsfon
ts/cm/cmbx10.pfb><C:/Users/micha/AppData/Local/Programs/MiKTeX/fonts/type1/publ
ic/amsfonts/cm/cmbx9.pfb><C:/Users/micha/AppData/Local/Programs/MiKTeX/fonts/ty
pe1/public/amsfonts/cm/cmex10.pfb><C:/Users/micha/AppData/Local/Programs/MiKTeX
/fonts/type1/public/amsfonts/cmextra/cmex9.pfb><C:/Users/micha/AppData/Local/Pr
ograms/MiKTeX/fonts/type1/public/amsfonts/cm/cmmi10.pfb><C:/Users/micha/AppData
/Local/Programs/MiKTeX/fonts/type1/public/amsfonts/cm/cmmi5.pfb><C:/Users/micha
/AppData/Local/Programs/MiKTeX/fonts/type1/public/amsfonts/cm/cmmi6.pfb><C:/Use
rs/micha/AppData/Local/Programs/MiKTeX/fonts/type1/public/amsfonts/cm/cmmi7.pfb
><C:/Users/micha/AppData/Local/Programs/MiKTeX/fonts/type1/public/amsfonts/cm/c
mmi9.pfb><C:/Users/micha/AppData/Local/Programs/MiKTeX/fonts/type1/public/amsfo
nts/cm/cmmib10.pfb><C:/Users/micha/AppData/Local/Programs/MiKTeX/fonts/type1/pu
blic/amsfonts/cmextra/cmmib7.pfb><C:/Users/micha/AppData/Local/Programs/MiKTeX/
fonts/type1/public/amsfonts/cmextra/cmmib9.pfb><C:/Users/micha/AppData/Local/Pr
ograms/MiKTeX/fonts/type1/public/amsfonts/cm/cmr10.pfb><C:/Users/micha/AppData/
Local/Programs/MiKTeX/fonts/type1/public/amsfonts/cm/cmr5.pfb><C:/Users/micha/A
ppData/Local/Programs/MiKTeX/fonts/type1/public/amsfonts/cm/cmr6.pfb><C:/Users/
micha/AppData/Local/Programs/MiKTeX/fonts/type1/public/amsfonts/cm/cmr7.pfb><C:
/Users/micha/AppData/Local/Programs/MiKTeX/fonts/type1/public/amsfonts/cm/cmr9.
pfb><C:/Users/micha/AppData/Local/Programs/MiKTeX/fonts/type1/public/amsfonts/c
m/cmsy10.pfb><C:/Users/micha/AppData/Local/Programs/MiKTeX/fonts/type1/public/a
msfonts/cm/cmsy5.pfb><C:/Users/micha/AppData/Local/Programs/MiKTeX/fonts/type1/
public/amsfonts/cm/cmsy6.pfb><C:/Users/micha/AppData/Local/Programs/MiKTeX/font
s/type1/public/amsfonts/cm/cmsy7.pfb><C:/Users/micha/AppData/Local/Programs/MiK
TeX/fonts/type1/public/amsfonts/cm/cmsy9.pfb><C:/Users/micha/AppData/Local/Prog
rams/MiKTeX/fonts/type1/public/doublestroke/dsrom10.pfb><C:/Users/micha/AppData
/Local/Programs/MiKTeX/fonts/type1/public/amsfonts/symbols/msam10.pfb><C:/Users
/micha/AppData/Local/Programs/MiKTeX/fonts/type1/public/amsfonts/symbols/msbm10
.pfb><C:/Users/micha/AppData/Local/Programs/MiKTeX/fonts/type1/urw/courier/ucrr
8a.pfb><C:/Users/micha/AppData/Local/Programs/MiKTeX/fonts/type1/urw/times/utmb
8a.pfb><C:/Users/micha/AppData/Local/Programs/MiKTeX/fonts/type1/urw/times/utmr
8a.pfb><C:/Users/micha/AppData/Local/Programs/MiKTeX/fonts/type1/urw/times/utmr
i8a.pfb>
Output written on outlierRobustConvexSegmentation_aaai2015_changed.pdf (7 pages
, 447943 bytes).
PDF statistics:
 243 PDF objects out of 1000 (max. 8388607)
 0 named destinations out of 1000 (max. 500000)
 36 words of extra memory for PDF output out of 10000 (max. 10000000)

