This is pdfTeX, Version 3.141592653-2.6-1.40.25 (MiKTeX 23.9) (preloaded format=pdflatex 2023.9.22)  30 MAR 2024 16:54
entering extended mode
 restricted \write18 enabled.
 %&-line parsing enabled.
**./paper_changed.tex
(paper_changed.tex
LaTeX2e <2023-06-01> patch level 1
L3 programming layer <2023-08-29>
(C:\Users\micha\AppData\Local\Programs\MiKTeX\tex/latex/base\article.cls
Document Class: article 2023/05/17 v1.4n Standard LaTeX document class
(C:\Users\micha\AppData\Local\Programs\MiKTeX\tex/latex/base\size10.clo
File: size10.clo 2023/05/17 v1.4n Standard LaTeX file (size option)
)
\c@part=\count185
\c@section=\count186
\c@subsection=\count187
\c@subsubsection=\count188
\c@paragraph=\count189
\c@subparagraph=\count190
\c@figure=\count191
\c@table=\count192
\abovecaptionskip=\skip48
\belowcaptionskip=\skip49
\bibindent=\dimen140
)
(aaai21.sty
Conference Style for AAAI for LaTeX 2e -- version for the AAAI-21 conference - 
MODIFIED
\titlebox=\skip50
) (C:\Users\micha\AppData\Local\Programs\MiKTeX\tex/latex/psnfss\times.sty
Package: times 2020/03/25 PSNFSS-v9.3 (SPQR) 
)
(C:\Users\micha\AppData\Local\Programs\MiKTeX\tex/latex/psnfss\helvet.sty
Package: helvet 2020/03/25 PSNFSS-v9.3 (WaS) 

(C:\Users\micha\AppData\Local\Programs\MiKTeX\tex/latex/graphics\keyval.sty
Package: keyval 2022/05/29 v1.15 key=value parser (DPC)
\KV@toks@=\toks17
))
(C:\Users\micha\AppData\Local\Programs\MiKTeX\tex/latex/psnfss\courier.sty
Package: courier 2020/03/25 PSNFSS-v9.3 (WaS) 
)
(C:\Users\micha\AppData\Local\Programs\MiKTeX\tex/latex/url\url.sty
\Urlmuskip=\muskip16
Package: url 2013/09/16  ver 3.4  Verb mode for urls, etc.
)
(C:\Users\micha\AppData\Local\Programs\MiKTeX\tex/latex/graphics\graphicx.sty
Package: graphicx 2021/09/16 v1.2d Enhanced LaTeX Graphics (DPC,SPQR)

(C:\Users\micha\AppData\Local\Programs\MiKTeX\tex/latex/graphics\graphics.sty
Package: graphics 2022/03/10 v1.4e Standard LaTeX Graphics (DPC,SPQR)

(C:\Users\micha\AppData\Local\Programs\MiKTeX\tex/latex/graphics\trig.sty
Package: trig 2021/08/11 v1.11 sin cos tan (DPC)
)
(C:\Users\micha\AppData\Local\Programs\MiKTeX\tex/latex/graphics-cfg\graphics.c
fg
File: graphics.cfg 2016/06/04 v1.11 sample graphics configuration
)
Package graphics Info: Driver file: pdftex.def on input line 107.

(C:\Users\micha\AppData\Local\Programs\MiKTeX\tex/latex/graphics-def\pdftex.def
File: pdftex.def 2022/09/22 v1.2b Graphics/color driver for pdftex
))
\Gin@req@height=\dimen141
\Gin@req@width=\dimen142
) (C:\Users\micha\AppData\Local\Programs\MiKTeX\tex/latex/natbib\natbib.sty
Package: natbib 2010/09/13 8.31b (PWD, AO)
\bibhang=\skip51
\bibsep=\skip52
LaTeX Info: Redefining \cite on input line 694.
\c@NAT@ctr=\count193
)
(C:\Users\micha\AppData\Local\Programs\MiKTeX\tex/latex/caption\caption.sty
Package: caption 2023/07/31 v3.6n Customizing captions (AR)

(C:\Users\micha\AppData\Local\Programs\MiKTeX\tex/latex/caption\caption3.sty
Package: caption3 2023/07/31 v2.4d caption3 kernel (AR)
\caption@tempdima=\dimen143
\captionmargin=\dimen144
\caption@leftmargin=\dimen145
\caption@rightmargin=\dimen146
\caption@width=\dimen147
\caption@indent=\dimen148
\caption@parindent=\dimen149
\caption@hangindent=\dimen150
Package caption Info: Standard document class detected.
)
\c@caption@flags=\count194
\c@continuedfloat=\count195
)
(C:\Users\micha\AppData\Local\Programs\MiKTeX\tex/latex/amsmath\amsmath.sty
Package: amsmath 2023/05/13 v2.17o AMS math features
\@mathmargin=\skip53

For additional information on amsmath, use the `?' option.
(C:\Users\micha\AppData\Local\Programs\MiKTeX\tex/latex/amsmath\amstext.sty
Package: amstext 2021/08/26 v2.01 AMS text

(C:\Users\micha\AppData\Local\Programs\MiKTeX\tex/latex/amsmath\amsgen.sty
File: amsgen.sty 1999/11/30 v2.0 generic functions
\@emptytoks=\toks18
\ex@=\dimen151
))
(C:\Users\micha\AppData\Local\Programs\MiKTeX\tex/latex/amsmath\amsbsy.sty
Package: amsbsy 1999/11/29 v1.2d Bold Symbols
\pmbraise@=\dimen152
)
(C:\Users\micha\AppData\Local\Programs\MiKTeX\tex/latex/amsmath\amsopn.sty
Package: amsopn 2022/04/08 v2.04 operator names
)
\inf@bad=\count196
LaTeX Info: Redefining \frac on input line 234.
\uproot@=\count197
\leftroot@=\count198
LaTeX Info: Redefining \overline on input line 399.
LaTeX Info: Redefining \colon on input line 410.
\classnum@=\count199
\DOTSCASE@=\count266
LaTeX Info: Redefining \ldots on input line 496.
LaTeX Info: Redefining \dots on input line 499.
LaTeX Info: Redefining \cdots on input line 620.
\Mathstrutbox@=\box51
\strutbox@=\box52
LaTeX Info: Redefining \big on input line 722.
LaTeX Info: Redefining \Big on input line 723.
LaTeX Info: Redefining \bigg on input line 724.
LaTeX Info: Redefining \Bigg on input line 725.
\big@size=\dimen153
LaTeX Font Info:    Redeclaring font encoding OML on input line 743.
LaTeX Font Info:    Redeclaring font encoding OMS on input line 744.
\macc@depth=\count267
LaTeX Info: Redefining \bmod on input line 905.
LaTeX Info: Redefining \pmod on input line 910.
LaTeX Info: Redefining \smash on input line 940.
LaTeX Info: Redefining \relbar on input line 970.
LaTeX Info: Redefining \Relbar on input line 971.
\c@MaxMatrixCols=\count268
\dotsspace@=\muskip17
\c@parentequation=\count269
\dspbrk@lvl=\count270
\tag@help=\toks19
\row@=\count271
\column@=\count272
\maxfields@=\count273
\andhelp@=\toks20
\eqnshift@=\dimen154
\alignsep@=\dimen155
\tagshift@=\dimen156
\tagwidth@=\dimen157
\totwidth@=\dimen158
\lineht@=\dimen159
\@envbody=\toks21
\multlinegap=\skip54
\multlinetaggap=\skip55
\mathdisplay@stack=\toks22
LaTeX Info: Redefining \[ on input line 2953.
LaTeX Info: Redefining \] on input line 2954.
)
(C:\Users\micha\AppData\Local\Programs\MiKTeX\tex/latex/amsfonts\amsfonts.sty
Package: amsfonts 2013/01/14 v3.01 Basic AMSFonts support
\symAMSa=\mathgroup4
\symAMSb=\mathgroup5
LaTeX Font Info:    Redeclaring math symbol \hbar on input line 98.
LaTeX Font Info:    Overwriting math alphabet `\mathfrak' in version `bold'
(Font)                  U/euf/m/n --> U/euf/b/n on input line 106.
)
(C:\Users\micha\AppData\Local\Programs\MiKTeX\tex/latex/algorithms\algorithm.st
y
Package: algorithm 2009/08/24 v0.1 Document Style `algorithm' - floating enviro
nment
 (C:\Users\micha\AppData\Local\Programs\MiKTeX\tex/latex/float\float.sty
Package: float 2001/11/08 v1.3d Float enhancements (AL)
\c@float@type=\count274
\float@exts=\toks23
\float@box=\box53
\@float@everytoks=\toks24
\@floatcapt=\box54
)
(C:\Users\micha\AppData\Local\Programs\MiKTeX\tex/latex/base\ifthen.sty
Package: ifthen 2022/04/13 v1.1d Standard LaTeX ifthen package (DPC)
)
\@float@every@algorithm=\toks25
\c@algorithm=\count275
)
(C:\Users\micha\AppData\Local\Programs\MiKTeX\tex/latex/algorithmicx\algpseudoc
ode.sty
Package: algpseudocode 

(C:\Users\micha\AppData\Local\Programs\MiKTeX\tex/latex/algorithmicx\algorithmi
cx.sty
Package: algorithmicx 2005/04/27 v1.2 Algorithmicx

Document Style algorithmicx 1.2 - a greatly improved `algorithmic' style
\c@ALG@line=\count276
\c@ALG@rem=\count277
\c@ALG@nested=\count278
\ALG@tlm=\skip56
\ALG@thistlm=\skip57
\c@ALG@Lnr=\count279
\c@ALG@blocknr=\count280
\c@ALG@storecount=\count281
\c@ALG@tmpcounter=\count282
\ALG@tmplength=\skip58
)
Document Style - pseudocode environments for use with the `algorithmicx' style
)
(C:\Users\micha\AppData\Local\Programs\MiKTeX\tex/latex/threeparttable\threepar
ttable.sty
Package: threeparttable 2003/06/13  v 3.0
\@tempboxb=\box55
)
(C:\Users\micha\AppData\Local\Programs\MiKTeX\tex/latex/tools\array.sty
Package: array 2022/09/04 v2.5g Tabular extension package (FMi)
\col@sep=\dimen160
\ar@mcellbox=\box56
\extrarowheight=\dimen161
\NC@list=\toks26
\extratabsurround=\skip59
\backup@length=\skip60
\ar@cellbox=\box57
)
(C:\Users\micha\AppData\Local\Programs\MiKTeX\tex/latex/subfig\subfig.sty
Package: subfig 2005/06/28 ver: 1.3 subfig package
\c@KVtest=\count283
\sf@farskip=\skip61
\sf@captopadj=\dimen162
\sf@capskip=\skip62
\sf@nearskip=\skip63
\c@subfigure=\count284
\c@subfigure@save=\count285
\c@lofdepth=\count286
\c@subtable=\count287
\c@subtable@save=\count288
\c@lotdepth=\count289
\sf@top=\skip64
\sf@bottom=\skip65
)
(C:\Users\micha\AppData\Local\Programs\MiKTeX\tex/latex/booktabs\booktabs.sty
Package: booktabs 2020/01/12 v1.61803398 Publication quality tables
\heavyrulewidth=\dimen163
\lightrulewidth=\dimen164
\cmidrulewidth=\dimen165
\belowrulesep=\dimen166
\belowbottomsep=\dimen167
\aboverulesep=\dimen168
\abovetopsep=\dimen169
\cmidrulesep=\dimen170
\cmidrulekern=\dimen171
\defaultaddspace=\dimen172
\@cmidla=\count290
\@cmidlb=\count291
\@aboverulesep=\dimen173
\@belowrulesep=\dimen174
\@thisruleclass=\count292
\@lastruleclass=\count293
\@thisrulewidth=\dimen175
)
LaTeX Font Info:    Trying to load font information for OT1+ptm on input line 4
8.

(C:\Users\micha\AppData\Local\Programs\MiKTeX\tex/latex/psnfss\ot1ptm.fd
File: ot1ptm.fd 2001/06/04 font definitions for OT1/ptm.
)
(C:\Users\micha\AppData\Local\Programs\MiKTeX\tex/latex/l3backend\l3backend-pdf
tex.def
File: l3backend-pdftex.def 2023-04-19 L3 backend support: PDF output (pdfTeX)
\l__color_backend_stack_int=\count294
\l__pdf_internal_box=\box58
) (paper_changed.aux)
\openout1 = `paper_changed.aux'.

LaTeX Font Info:    Checking defaults for OML/cmm/m/it on input line 48.
LaTeX Font Info:    ... okay on input line 48.
LaTeX Font Info:    Checking defaults for OMS/cmsy/m/n on input line 48.
LaTeX Font Info:    ... okay on input line 48.
LaTeX Font Info:    Checking defaults for OT1/cmr/m/n on input line 48.
LaTeX Font Info:    ... okay on input line 48.
LaTeX Font Info:    Checking defaults for T1/cmr/m/n on input line 48.
LaTeX Font Info:    ... okay on input line 48.
LaTeX Font Info:    Checking defaults for TS1/cmr/m/n on input line 48.
LaTeX Font Info:    ... okay on input line 48.
LaTeX Font Info:    Checking defaults for OMX/cmex/m/n on input line 48.
LaTeX Font Info:    ... okay on input line 48.
LaTeX Font Info:    Checking defaults for U/cmr/m/n on input line 48.
LaTeX Font Info:    ... okay on input line 48.

(C:\Users\micha\AppData\Local\Programs\MiKTeX\tex/context/base/mkii\supp-pdf.mk
ii
[Loading MPS to PDF converter (version 2006.09.02).]
\scratchcounter=\count295
\scratchdimen=\dimen176
\scratchbox=\box59
\nofMPsegments=\count296
\nofMParguments=\count297
\everyMPshowfont=\toks27
\MPscratchCnt=\count298
\MPscratchDim=\dimen177
\MPnumerator=\count299
\makeMPintoPDFobject=\count300
\everyMPtoPDFconversion=\toks28
)
(C:\Users\micha\AppData\Local\Programs\MiKTeX\tex/latex/epstopdf-pkg\epstopdf-b
ase.sty
Package: epstopdf-base 2020-01-24 v2.11 Base part for package epstopdf
Package epstopdf-base Info: Redefining graphics rule for `.eps' on input line 4
85.

(C:\Users\micha\AppData\Local\Programs\MiKTeX\tex/latex/00miktex\epstopdf-sys.c
fg
File: epstopdf-sys.cfg 2021/03/18 v2.0 Configuration of epstopdf for MiKTeX
))
Package caption Info: Begin \AtBeginDocument code.
Package caption Info: subfig package v1.3 is loaded.
Package caption Info: float package is loaded.
Package caption Info: threeparttable package is loaded.
Package caption Info: End \AtBeginDocument code.
\titlearea=\box60
LaTeX Font Info:    Trying to load font information for U+msa on input line 51.

 (C:\Users\micha\AppData\Local\Programs\MiKTeX\tex/latex/amsfonts\umsa.fd
File: umsa.fd 2013/01/14 v3.01 AMS symbols A
)
LaTeX Font Info:    Trying to load font information for U+msb on input line 51.


(C:\Users\micha\AppData\Local\Programs\MiKTeX\tex/latex/amsfonts\umsb.fd
File: umsb.fd 2013/01/14 v3.01 AMS symbols B
)
LaTeX Font Info:    Trying to load font information for OMS+ptm on input line 5
1.

(C:\Users\micha\AppData\Local\Programs\MiKTeX\tex/latex/psnfss\omsptm.fd
File: omsptm.fd 
)
LaTeX Font Info:    Font shape `OMS/ptm/m/n' in size <10> not available
(Font)              Font shape `OMS/cmsy/m/n' tried instead on input line 51.
\actualheight=\skip66
LaTeX Font Info:    Trying to load font information for TS1+ptm on input line 5
1.

(C:\Users\micha\AppData\Local\Programs\MiKTeX\tex/latex/psnfss\ts1ptm.fd
File: ts1ptm.fd 2001/06/04 font definitions for TS1/ptm.
)
Underfull \vbox (badness 10000) detected at line 51
 []


Package natbib Warning: Citation `krizhevsky2012imagenet' on page 1 undefined o
n input line 79.


Package natbib Warning: Citation `simonyan2014very' on page 1 undefined on inpu
t line 79.


Package natbib Warning: Citation `szegedy2015going' on page 1 undefined on inpu
t line 79.


Package natbib Warning: Citation `he2016deep' on page 1 undefined on input line
 79.


Package natbib Warning: Citation `long2015fully' on page 1 undefined on input l
ine 80.


Package natbib Warning: Citation `chen2018deeplab' on page 1 undefined on input
 line 80.


Package natbib Warning: Citation `badrinarayananK17' on page 1 undefined on inp
ut line 80.


Package natbib Warning: Citation `ren2015faster' on page 1 undefined on input l
ine 81.


Package natbib Warning: Citation `liu2016ssd' on page 1 undefined on input line
 81.


Package natbib Warning: Citation `zhang2018single' on page 1 undefined on input
 line 81.


Package natbib Warning: Citation `li2016pruning' on page 1 undefined on input l
ine 88.


Package natbib Warning: Citation `han2015learning' on page 1 undefined on input
 line 88.


Package natbib Warning: Citation `wen2016learning' on page 1 undefined on input
 line 88.


Package natbib Warning: Citation `hinton2015distilling' on page 1 undefined on 
input line 89.


Package natbib Warning: Citation `romero2015fitnets' on page 1 undefined on inp
ut line 89.


Package natbib Warning: Citation `hinton2015distilling' on page 1 undefined on 
input line 96.


Package natbib Warning: Citation `li2018few' on page 1 undefined on input line 
110.


Package natbib Warning: Citation `wang2020neural' on page 1 undefined on input 
line 113.


Package natbib Warning: Citation `bai2019few' on page 1 undefined on input line
 116.

[1{C:/Users/micha/AppData/Local/MiKTeX/fonts/map/pdftex/pdftex.map}{C:/Users/mi
cha/AppData/Local/Programs/MiKTeX/fonts/enc/dvips/base/8r.enc}



]

Package natbib Warning: Citation `koch2015siamese' on page 2 undefined on input
 line 184.


Package natbib Warning: Citation `vinyals2016matching' on page 2 undefined on i
nput line 184.


Package natbib Warning: Citation `NIPS2017_6996' on page 2 undefined on input l
ine 184.


Package natbib Warning: Citation `ravi2017optimization' on page 2 undefined on 
input line 184.


Package natbib Warning: Citation `wang2016learning' on page 2 undefined on inpu
t line 184.


Package natbib Warning: Citation `santoro2016one' on page 2 undefined on input 
line 184.


Package natbib Warning: Citation `Chen_2020_CVPR' on page 2 undefined on input 
line 191.


Package natbib Warning: Citation `Yu_2017_CVPR' on page 2 undefined on input li
ne 191.


Package natbib Warning: Citation `bucilua2006model' on page 2 undefined on inpu
t line 192.


Package natbib Warning: Citation `hinton2015distilling' on page 2 undefined on 
input line 194.


Package natbib Warning: Citation `hinton2015distilling' on page 2 undefined on 
input line 195.


Package natbib Warning: Citation `romero2015fitnets' on page 2 undefined on inp
ut line 195.


Package natbib Warning: Citation `Wang2018ProgressiveBK' on page 2 undefined on
 input line 195.


Package natbib Warning: Citation `shen2019amalgamating' on page 2 undefined on 
input line 195.


Package natbib Warning: Citation `shen2019customizing' on page 2 undefined on i
nput line 195.


Package natbib Warning: Citation `ye2020data' on page 2 undefined on input line
 195.


Package natbib Warning: Citation `luo2020collaboration' on page 2 undefined on 
input line 195.


Package natbib Warning: Citation `yang2019snapshot' on page 2 undefined on inpu
t line 196.


Package natbib Warning: Citation `zhang2019your' on page 2 undefined on input l
ine 196.


Package natbib Warning: Citation `Song_2019_NeurIPS' on page 2 undefined on inp
ut line 200.


Package natbib Warning: Citation `Song_2020_CVPR' on page 2 undefined on input 
line 200.


Package natbib Warning: Citation `Yang_2020_CVPR' on page 2 undefined on input 
line 204.


Package natbib Warning: Citation `Yang_2020_NIPS' on page 2 undefined on input 
line 204.


Underfull \hbox (badness 1019) in paragraph at lines 190--206
\OT1/ptm/b/n/10 Knowledge Dis-til-la-tion.  \OT1/ptm/m/n/10 Re-su-ing pre-train
ed net-works
 []


Package natbib Warning: Citation `li2018few' on page 2 undefined on input line 
208.


Package natbib Warning: Citation `wang2020neural' on page 2 undefined on input 
line 209.


Package natbib Warning: Citation `nayak2019zero' on page 2 undefined on input l
ine 210.


Package natbib Warning: Citation `micaelli2019zero' on page 2 undefined on inpu
t line 211.


Package natbib Warning: Citation `fang2019data' on page 2 undefined on input li
ne 211.


Package natbib Warning: Citation `chen2019data' on page 2 undefined on input li
ne 212.


Package natbib Warning: Citation `yoo2019knowledge' on page 2 undefined on inpu
t line 212.


Underfull \hbox (badness 1616) in paragraph at lines 207--213
\OT1/ptm/m/n/10 free knowl-edge dis-til-la-tion are in-ves-ti-gated. FSKD (\OT1
/ptm/b/n/10 ?\OT1/ptm/m/n/10 )
 []


Underfull \hbox (badness 1152) in paragraph at lines 214--217
\OT1/ptm/m/n/10 time-consuming pro-ce-dure. In the mean-while, data-free
 []


Package natbib Warning: Citation `webb1997decision' on page 2 undefined on inpu
t line 221.


Package natbib Warning: Citation `penttinen2003improving' on page 2 undefined o
n input line 221.


Package natbib Warning: Citation `li2012network' on page 2 undefined on input l
ine 222.


Package natbib Warning: Citation `hu2020exploiting' on page 2 undefined on inpu
t line 223.


Package natbib Warning: Citation `meng2020filter' on page 2 undefined on input 
line 224.



pdfTeX warning: pdflatex (file ./figure/overview.pdf): PDF inclusion: found PDF
 version <1.7>, but at most version <1.5> allowed
<figure/overview.pdf, id=9, 763.10191pt x 405.20181pt>
File: figure/overview.pdf Graphic file (type pdf)
<use figure/overview.pdf>
Package pdftex.def Info: figure/overview.pdf  used on input line 234.
(pdftex.def)             Requested size: 455.2979pt x 241.75655pt.
[2]

pdfTeX warning: pdflatex (file ./figure/block_grafting.pdf): PDF inclusion: fou
nd PDF version <1.7>, but at most version <1.5> allowed
<figure/block_grafting.pdf, id=17, 793.23953pt x 284.6063pt>
File: figure/block_grafting.pdf Graphic file (type pdf)
<use figure/block_grafting.pdf>
Package pdftex.def Info: figure/block_grafting.pdf  used on input line 271.
(pdftex.def)             Requested size: 480.59395pt x 172.4327pt.
[3 <./figure/overview.pdf>]

Package natbib Warning: Citation `li2018few' on page 4 undefined on input line 
439.

[4 <./figure/block_grafting.pdf>]

Package natbib Warning: Citation `krizhevsky2009learning' on page 5 undefined o
n input line 480.


Package natbib Warning: Citation `krizhevsky2009learning' on page 5 undefined o
n input line 480.


Package natbib Warning: Citation `li2016pruning' on page 5 undefined on input l
ine 485.


Package natbib Warning: Citation `li2018few' on page 5 undefined on input line 
486.


Package natbib Warning: Citation `li2016pruning' on page 5 undefined on input l
ine 486.


Underfull \hbox (badness 4072) in paragraph at lines 480--487
 \OT1/ptm/b/n/10 Datasets and Mod-els. \OT1/ptm/m/n/10 Both CI-FAR10 (\OT1/ptm/
b/n/10 ?\OT1/ptm/m/n/10 ) and CI-
 []


Package natbib Warning: Citation `ILSVRC15' on page 5 undefined on input line 4
89.


Package natbib Warning: Citation `he2016deep' on page 5 undefined on input line
 493.


Package natbib Warning: Citation `he2016deep' on page 5 undefined on input line
 505.


Package natbib Warning: Citation `kingma2014adam' on page 5 undefined on input 
line 508.


Package natbib Warning: Citation `he2015delving' on page 5 undefined on input l
ine 509.

[5]

Package natbib Warning: Citation `hinton2015distilling' on page 6 undefined on 
input line 525.


Package natbib Warning: Citation `romero2015fitnets' on page 6 undefined on inp
ut line 525.


Package natbib Warning: Citation `li2018few' on page 6 undefined on input line 
527.


Underfull \hbox (badness 5652) in paragraph at lines 535--541
 \OT1/ptm/b/n/10 Het-ero-ge-neous Ar-chi-tec-ture Knowl-edge Dis-til-la-tion.
 []


Underfull \hbox (badness 2035) in paragraph at lines 535--541
\OT1/ptm/m/n/10 dif-fer-ent from VGG16. De-spite more pa-ram-e-ters than
 []


Underfull \hbox (badness 2376) in paragraph at lines 573--573
[]\OT1/ptm/m/n/10 Table 2: |The per-for-mance of few-shot dis-til-la-tion on
 []

<figure/1-shot-block-grafting.pdf, id=6286, 462.52798pt x 301.36589pt>
File: figure/1-shot-block-grafting.pdf Graphic file (type pdf)
<use figure/1-shot-block-grafting.pdf>
Package pdftex.def Info: figure/1-shot-block-grafting.pdf  used on input line 5
81.
(pdftex.def)             Requested size: 166.94463pt x 108.77673pt.
<figure/5-shot-block-grafting.pdf, id=6287, 462.52798pt x 301.36589pt>
File: figure/5-shot-block-grafting.pdf Graphic file (type pdf)
<use figure/5-shot-block-grafting.pdf>
Package pdftex.def Info: figure/5-shot-block-grafting.pdf  used on input line 5
82.
(pdftex.def)             Requested size: 166.94463pt x 108.77673pt.
<figure/10-shot-block-grafting.pdf, id=6288, 462.52798pt x 301.36589pt>
File: figure/10-shot-block-grafting.pdf Graphic file (type pdf)
<use figure/10-shot-block-grafting.pdf>
Package pdftex.def Info: figure/10-shot-block-grafting.pdf  used on input line 
583.
(pdftex.def)             Requested size: 166.94463pt x 108.77673pt.
<figure/various_num_sample_cifar10.pdf, id=6289, 462.52798pt x 231.26399pt>
File: figure/various_num_sample_cifar10.pdf Graphic file (type pdf)
<use figure/various_num_sample_cifar10.pdf>
Package pdftex.def Info: figure/various_num_sample_cifar10.pdf  used on input l
ine 603.
(pdftex.def)             Requested size: 239.39438pt x 119.69687pt.
<figure/various_num_sample_cifar100.pdf, id=6290, 462.52798pt x 231.26399pt>
File: figure/various_num_sample_cifar100.pdf Graphic file (type pdf)
<use figure/various_num_sample_cifar100.pdf>
Package pdftex.def Info: figure/various_num_sample_cifar100.pdf  used on input 
line 604.
(pdftex.def)             Requested size: 239.39438pt x 119.69687pt.

LaTeX Warning: `h' float specifier changed to `ht'.

[6]
Underfull \hbox (badness 2653) in paragraph at lines 681--682
 \OT1/ptm/b/n/10 Ac-knowl-edge-ments. \OT1/ptm/m/n/10 This work is sup-ported b
y Na-
 []

No file paper_changed.bbl.
[7 <./figure/1-shot-block-grafting.pdf> <./figure/5-shot-block-grafting.pdf

pdfTeX warning: pdflatex (file ./figure/5-shot-block-grafting.pdf): PDF inclusi
on: multiple pdfs with page group included in a single page
> <./figure/10-shot-block-grafting.pdf

pdfTeX warning: pdflatex (file ./figure/10-shot-block-grafting.pdf): PDF inclus
ion: multiple pdfs with page group included in a single page
> <./figure/various_num_sample_cifar10.pdf

pdfTeX warning: pdflatex (file ./figure/various_num_sample_cifar10.pdf): PDF in
clusion: multiple pdfs with page group included in a single page
> <./figure/various_num_sample_cifar100.pdf

pdfTeX warning: pdflatex (file ./figure/various_num_sample_cifar100.pdf): PDF i
nclusion: multiple pdfs with page group included in a single page
>]

Package natbib Warning: There were undefined citations.

[8

] (paper_changed.aux)
 ***********
LaTeX2e <2023-06-01> patch level 1
L3 programming layer <2023-08-29>
 ***********
 ) 
Here is how much of TeX's memory you used:
 5232 strings out of 475247
 88852 string characters out of 5757792
 1949801 words of memory out of 5000000
 26676 multiletter control sequences out of 15000+600000
 586423 words of font info for 96 fonts, out of 8000000 for 9000
 1141 hyphenation exceptions out of 8191
 57i,21n,65p,1519b,497s stack positions out of 10000i,1000n,20000p,200000b,200000s
<C:/Users/micha/AppData/Local/Programs/MiKTeX/fonts/type1/public/amsfonts/cm/
cmex10.pfb><C:/Users/micha/AppData/Local/Programs/MiKTeX/fonts/type1/public/ams
fonts/cm/cmmi10.pfb><C:/Users/micha/AppData/Local/Programs/MiKTeX/fonts/type1/p
ublic/amsfonts/cm/cmmi5.pfb><C:/Users/micha/AppData/Local/Programs/MiKTeX/fonts
/type1/public/amsfonts/cm/cmmi7.pfb><C:/Users/micha/AppData/Local/Programs/MiKT
eX/fonts/type1/public/amsfonts/cm/cmr10.pfb><C:/Users/micha/AppData/Local/Progr
ams/MiKTeX/fonts/type1/public/amsfonts/cm/cmr7.pfb><C:/Users/micha/AppData/Loca
l/Programs/MiKTeX/fonts/type1/public/amsfonts/cm/cmsy10.pfb><C:/Users/micha/App
Data/Local/Programs/MiKTeX/fonts/type1/public/amsfonts/cm/cmsy7.pfb><C:/Users/m
icha/AppData/Local/Programs/MiKTeX/fonts/type1/urw/times/utmb8a.pfb><C:/Users/m
icha/AppData/Local/Programs/MiKTeX/fonts/type1/urw/times/utmr8a.pfb><C:/Users/m
icha/AppData/Local/Programs/MiKTeX/fonts/type1/urw/times/utmri8a.pfb>
Output written on paper_changed.pdf (8 pages, 1591834 bytes).
PDF statistics:
 6544 PDF objects out of 7423 (max. 8388607)
 0 named destinations out of 1000 (max. 500000)
 36 words of extra memory for PDF output out of 10000 (max. 10000000)

