This is pdfTeX, Version 3.141592653-2.6-1.40.25 (MiKTeX 23.9) (preloaded format=pdflatex 2023.9.22)  30 MAR 2024 17:04
entering extended mode
 restricted \write18 enabled.
 %&-line parsing enabled.
**./AAAI-LiaoM.578_changed.tex
(AAAI-LiaoM.578_changed.tex
LaTeX2e <2023-06-01> patch level 1
L3 programming layer <2023-08-29>
(C:\Users\micha\AppData\Local\Programs\MiKTeX\tex/latex/base\article.cls
Document Class: article 2023/05/17 v1.4n Standard LaTeX document class
(C:\Users\micha\AppData\Local\Programs\MiKTeX\tex/latex/base\size10.clo
File: size10.clo 2023/05/17 v1.4n Standard LaTeX file (size option)
)
\c@part=\count185
\c@section=\count186
\c@subsection=\count187
\c@subsubsection=\count188
\c@paragraph=\count189
\c@subparagraph=\count190
\c@figure=\count191
\c@table=\count192
\abovecaptionskip=\skip48
\belowcaptionskip=\skip49
\bibindent=\dimen140
)
(aaai20.sty
Conference Style for AAAI for LaTeX 2e -- version for the AAAI-20 conference
\titlebox=\skip50
) (C:\Users\micha\AppData\Local\Programs\MiKTeX\tex/latex/amsmath\amsmath.sty
Package: amsmath 2023/05/13 v2.17o AMS math features
\@mathmargin=\skip51

For additional information on amsmath, use the `?' option.
(C:\Users\micha\AppData\Local\Programs\MiKTeX\tex/latex/amsmath\amstext.sty
Package: amstext 2021/08/26 v2.01 AMS text

(C:\Users\micha\AppData\Local\Programs\MiKTeX\tex/latex/amsmath\amsgen.sty
File: amsgen.sty 1999/11/30 v2.0 generic functions
\@emptytoks=\toks17
\ex@=\dimen141
))
(C:\Users\micha\AppData\Local\Programs\MiKTeX\tex/latex/amsmath\amsbsy.sty
Package: amsbsy 1999/11/29 v1.2d Bold Symbols
\pmbraise@=\dimen142
)
(C:\Users\micha\AppData\Local\Programs\MiKTeX\tex/latex/amsmath\amsopn.sty
Package: amsopn 2022/04/08 v2.04 operator names
)
\inf@bad=\count193
LaTeX Info: Redefining \frac on input line 234.
\uproot@=\count194
\leftroot@=\count195
LaTeX Info: Redefining \overline on input line 399.
LaTeX Info: Redefining \colon on input line 410.
\classnum@=\count196
\DOTSCASE@=\count197
LaTeX Info: Redefining \ldots on input line 496.
LaTeX Info: Redefining \dots on input line 499.
LaTeX Info: Redefining \cdots on input line 620.
\Mathstrutbox@=\box51
\strutbox@=\box52
LaTeX Info: Redefining \big on input line 722.
LaTeX Info: Redefining \Big on input line 723.
LaTeX Info: Redefining \bigg on input line 724.
LaTeX Info: Redefining \Bigg on input line 725.
\big@size=\dimen143
LaTeX Font Info:    Redeclaring font encoding OML on input line 743.
LaTeX Font Info:    Redeclaring font encoding OMS on input line 744.
\macc@depth=\count198
LaTeX Info: Redefining \bmod on input line 905.
LaTeX Info: Redefining \pmod on input line 910.
LaTeX Info: Redefining \smash on input line 940.
LaTeX Info: Redefining \relbar on input line 970.
LaTeX Info: Redefining \Relbar on input line 971.
\c@MaxMatrixCols=\count199
\dotsspace@=\muskip16
\c@parentequation=\count266
\dspbrk@lvl=\count267
\tag@help=\toks18
\row@=\count268
\column@=\count269
\maxfields@=\count270
\andhelp@=\toks19
\eqnshift@=\dimen144
\alignsep@=\dimen145
\tagshift@=\dimen146
\tagwidth@=\dimen147
\totwidth@=\dimen148
\lineht@=\dimen149
\@envbody=\toks20
\multlinegap=\skip52
\multlinetaggap=\skip53
\mathdisplay@stack=\toks21
LaTeX Info: Redefining \[ on input line 2953.
LaTeX Info: Redefining \] on input line 2954.
)
(C:\Users\micha\AppData\Local\Programs\MiKTeX\tex/latex/psnfss\times.sty
Package: times 2020/03/25 PSNFSS-v9.3 (SPQR) 
)
(C:\Users\micha\AppData\Local\Programs\MiKTeX\tex/latex/psnfss\helvet.sty
Package: helvet 2020/03/25 PSNFSS-v9.3 (WaS) 

(C:\Users\micha\AppData\Local\Programs\MiKTeX\tex/latex/graphics\keyval.sty
Package: keyval 2022/05/29 v1.15 key=value parser (DPC)
\KV@toks@=\toks22
))
(C:\Users\micha\AppData\Local\Programs\MiKTeX\tex/latex/psnfss\courier.sty
Package: courier 2020/03/25 PSNFSS-v9.3 (WaS) 
)
(C:\Users\micha\AppData\Local\Programs\MiKTeX\tex/latex/url\url.sty
\Urlmuskip=\muskip17
Package: url 2013/09/16  ver 3.4  Verb mode for urls, etc.
)
(C:\Users\micha\AppData\Local\Programs\MiKTeX\tex/latex/graphics\graphicx.sty
Package: graphicx 2021/09/16 v1.2d Enhanced LaTeX Graphics (DPC,SPQR)

(C:\Users\micha\AppData\Local\Programs\MiKTeX\tex/latex/graphics\graphics.sty
Package: graphics 2022/03/10 v1.4e Standard LaTeX Graphics (DPC,SPQR)

(C:\Users\micha\AppData\Local\Programs\MiKTeX\tex/latex/graphics\trig.sty
Package: trig 2021/08/11 v1.11 sin cos tan (DPC)
)
(C:\Users\micha\AppData\Local\Programs\MiKTeX\tex/latex/graphics-cfg\graphics.c
fg
File: graphics.cfg 2016/06/04 v1.11 sample graphics configuration
)
Package graphics Info: Driver file: pdftex.def on input line 107.

(C:\Users\micha\AppData\Local\Programs\MiKTeX\tex/latex/graphics-def\pdftex.def
File: pdftex.def 2022/09/22 v1.2b Graphics/color driver for pdftex
))
\Gin@req@height=\dimen150
\Gin@req@width=\dimen151
)
(C:\Users\micha\AppData\Local\Programs\MiKTeX\tex/latex/multirow\multirow.sty
Package: multirow 2021/03/15 v2.8 Span multiple rows of a table
\multirow@colwidth=\skip54
\multirow@cntb=\count271
\multirow@dima=\skip55
\bigstrutjot=\dimen152
)
(C:\Users\micha\AppData\Local\Programs\MiKTeX\tex/latex/amsfonts\amssymb.sty
Package: amssymb 2013/01/14 v3.01 AMS font symbols

(C:\Users\micha\AppData\Local\Programs\MiKTeX\tex/latex/amsfonts\amsfonts.sty
Package: amsfonts 2013/01/14 v3.01 Basic AMSFonts support
\symAMSa=\mathgroup4
\symAMSb=\mathgroup5
LaTeX Font Info:    Redeclaring math symbol \hbar on input line 98.
LaTeX Font Info:    Overwriting math alphabet `\mathfrak' in version `bold'
(Font)                  U/euf/m/n --> U/euf/b/n on input line 106.
)) (C:\Users\micha\AppData\Local\Programs\MiKTeX\tex/latex/caption\subcaption.s
ty
Package: subcaption 2023/07/28 v1.6b Sub-captions (AR)
(C:\Users\micha\AppData\Local\Programs\MiKTeX\tex/latex/caption\caption.sty
Package: caption 2023/07/31 v3.6n Customizing captions (AR)

(C:\Users\micha\AppData\Local\Programs\MiKTeX\tex/latex/caption\caption3.sty
Package: caption3 2023/07/31 v2.4d caption3 kernel (AR)
\caption@tempdima=\dimen153
\captionmargin=\dimen154
\caption@leftmargin=\dimen155
\caption@rightmargin=\dimen156
\caption@width=\dimen157
\caption@indent=\dimen158
\caption@parindent=\dimen159
\caption@hangindent=\dimen160
Package caption Info: Standard document class detected.
)
\c@caption@flags=\count272
\c@continuedfloat=\count273
)
Package caption Info: New subtype `subfigure' on input line 238.
\c@subfigure=\count274
Package caption Info: New subtype `subtable' on input line 238.
\c@subtable=\count275
) (C:\Users\micha\AppData\Local\Programs\MiKTeX\tex/latex/booktabs\booktabs.sty
Package: booktabs 2020/01/12 v1.61803398 Publication quality tables
\heavyrulewidth=\dimen161
\lightrulewidth=\dimen162
\cmidrulewidth=\dimen163
\belowrulesep=\dimen164
\belowbottomsep=\dimen165
\aboverulesep=\dimen166
\abovetopsep=\dimen167
\cmidrulesep=\dimen168
\cmidrulekern=\dimen169
\defaultaddspace=\dimen170
\@cmidla=\count276
\@cmidlb=\count277
\@aboverulesep=\dimen171
\@belowrulesep=\dimen172
\@thisruleclass=\count278
\@lastruleclass=\count279
\@thisrulewidth=\dimen173
) (C:\Users\micha\AppData\Local\Programs\MiKTeX\tex/latex/tools\tabularx.sty
Package: tabularx 2020/01/15 v2.11c `tabularx' package (DPC)

(C:\Users\micha\AppData\Local\Programs\MiKTeX\tex/latex/tools\array.sty
Package: array 2022/09/04 v2.5g Tabular extension package (FMi)
\col@sep=\dimen174
\ar@mcellbox=\box53
\extrarowheight=\dimen175
\NC@list=\toks23
\extratabsurround=\skip56
\backup@length=\skip57
\ar@cellbox=\box54
)
\TX@col@width=\dimen176
\TX@old@table=\dimen177
\TX@old@col=\dimen178
\TX@target=\dimen179
\TX@delta=\dimen180
\TX@cols=\count280
\TX@ftn=\toks24
)
LaTeX Font Info:    Trying to load font information for OT1+ptm on input line 1
01.

(C:\Users\micha\AppData\Local\Programs\MiKTeX\tex/latex/psnfss\ot1ptm.fd
File: ot1ptm.fd 2001/06/04 font definitions for OT1/ptm.
)
(C:\Users\micha\AppData\Local\Programs\MiKTeX\tex/latex/l3backend\l3backend-pdf
tex.def
File: l3backend-pdftex.def 2023-04-19 L3 backend support: PDF output (pdfTeX)
\l__color_backend_stack_int=\count281
\l__pdf_internal_box=\box55
) (AAAI-LiaoM.578_changed.aux
Runaway argument?
{{4}{6}{Detection results on CTW1500. The methods with ``*" are colle\ETC.
! Paragraph ended before \@newl@bel was complete.
<to be read again> 
                   \par 
l.96 ...kip 0in{##1})}\let \reserved@d =[\def \par
                                                   }{}{}}
I suspect you've forgotten a `}', causing me to apply this
control sequence to too much text. How can we recover?
My plan is to forget the whole thing and hope for the best.

! Extra }, or forgotten \endgroup.
l.96 ...p 0in{##1})}\let \reserved@d =[\def \par }
                                                  {}{}}
I've deleted a group-closing symbol because it seems to be
spurious, as in `$x}$'. But perhaps the } is legitimate and
you forgot something else, as in `\hbox{$x}'. In such cases
the way to recover is to insert both the forgotten and the
deleted material, e.g., by typing `I$}'.

! Extra }, or forgotten \endgroup.
l.96 ...{##1})}\let \reserved@d =[\def \par }{}{}}
                                                  
I've deleted a group-closing symbol because it seems to be
spurious, as in `$x}$'. But perhaps the } is legitimate and
you forgot something else, as in `\hbox{$x}'. In such cases
the way to recover is to insert both the forgotten and the
deleted material, e.g., by typing `I$}'.

Runaway argument?
{{7}{7}{Detection results on the MLT-2017 dataset. Methods with ``*" \ETC.
! Paragraph ended before \@newl@bel was complete.
<to be read again> 
                   \par 
l.116 ...ip 0in{##1})}\let \reserved@d =[\def \par
                                                   }{}{}}
I suspect you've forgotten a `}', causing me to apply this
control sequence to too much text. How can we recover?
My plan is to forget the whole thing and hope for the best.

! Extra }, or forgotten \endgroup.
l.116 ... 0in{##1})}\let \reserved@d =[\def \par }
                                                  {}{}}
I've deleted a group-closing symbol because it seems to be
spurious, as in `$x}$'. But perhaps the } is legitimate and
you forgot something else, as in `\hbox{$x}'. In such cases
the way to recover is to insert both the forgotten and the
deleted material, e.g., by typing `I$}'.

! Extra }, or forgotten \endgroup.
l.116 ...##1})}\let \reserved@d =[\def \par }{}{}}
                                                  
I've deleted a group-closing symbol because it seems to be
spurious, as in `$x}$'. But perhaps the } is legitimate and
you forgot something else, as in `\hbox{$x}'. In such cases
the way to recover is to insert both the forgotten and the
deleted material, e.g., by typing `I$}'.

)
\openout1 = `AAAI-LiaoM.578_changed.aux'.

LaTeX Font Info:    Checking defaults for OML/cmm/m/it on input line 101.
LaTeX Font Info:    ... okay on input line 101.
LaTeX Font Info:    Checking defaults for OMS/cmsy/m/n on input line 101.
LaTeX Font Info:    ... okay on input line 101.
LaTeX Font Info:    Checking defaults for OT1/cmr/m/n on input line 101.
LaTeX Font Info:    ... okay on input line 101.
LaTeX Font Info:    Checking defaults for T1/cmr/m/n on input line 101.
LaTeX Font Info:    ... okay on input line 101.
LaTeX Font Info:    Checking defaults for TS1/cmr/m/n on input line 101.
LaTeX Font Info:    ... okay on input line 101.
LaTeX Font Info:    Checking defaults for OMX/cmex/m/n on input line 101.
LaTeX Font Info:    ... okay on input line 101.
LaTeX Font Info:    Checking defaults for U/cmr/m/n on input line 101.
LaTeX Font Info:    ... okay on input line 101.

(C:\Users\micha\AppData\Local\Programs\MiKTeX\tex/context/base/mkii\supp-pdf.mk
ii
[Loading MPS to PDF converter (version 2006.09.02).]
\scratchcounter=\count282
\scratchdimen=\dimen181
\scratchbox=\box56
\nofMPsegments=\count283
\nofMParguments=\count284
\everyMPshowfont=\toks25
\MPscratchCnt=\count285
\MPscratchDim=\dimen182
\MPnumerator=\count286
\makeMPintoPDFobject=\count287
\everyMPtoPDFconversion=\toks26
)
(C:\Users\micha\AppData\Local\Programs\MiKTeX\tex/latex/epstopdf-pkg\epstopdf-b
ase.sty
Package: epstopdf-base 2020-01-24 v2.11 Base part for package epstopdf
Package epstopdf-base Info: Redefining graphics rule for `.eps' on input line 4
85.

(C:\Users\micha\AppData\Local\Programs\MiKTeX\tex/latex/00miktex\epstopdf-sys.c
fg
File: epstopdf-sys.cfg 2021/03/18 v2.0 Configuration of epstopdf for MiKTeX
))
Package caption Info: Begin \AtBeginDocument code.
Package caption Info: End \AtBeginDocument code.
LaTeX Font Info:    Trying to load font information for U+msa on input line 103
.
 (C:\Users\micha\AppData\Local\Programs\MiKTeX\tex/latex/amsfonts\umsa.fd
File: umsa.fd 2013/01/14 v3.01 AMS symbols A
)
LaTeX Font Info:    Trying to load font information for U+msb on input line 103
.

(C:\Users\micha\AppData\Local\Programs\MiKTeX\tex/latex/amsfonts\umsb.fd
File: umsb.fd 2013/01/14 v3.01 AMS symbols B
)
LaTeX Font Info:    Trying to load font information for TS1+ptm on input line 1
03.

(C:\Users\micha\AppData\Local\Programs\MiKTeX\tex/latex/psnfss\ts1ptm.fd
File: ts1ptm.fd 2001/06/04 font definitions for TS1/ptm.
)
LaTeX Font Info:    Trying to load font information for OMS+ptm on input line 1
03.

(C:\Users\micha\AppData\Local\Programs\MiKTeX\tex/latex/psnfss\omsptm.fd
File: omsptm.fd 
)
LaTeX Font Info:    Font shape `OMS/ptm/m/n' in size <10> not available
(Font)              Font shape `OMS/cmsy/m/n' tried instead on input line 103.


LaTeX Warning: Citation `wang2019shape' on page 1 undefined on input line 116.


LaTeX Warning: Citation `tian2019learning' on page 1 undefined on input line 11
6.



pdfTeX warning: pdflatex (file ./performance_speed.pdf): PDF inclusion: found P
DF version <1.7>, but at most version <1.5> allowed
<performance_speed.pdf, id=1, 304.13625pt x 179.67125pt>
File: performance_speed.pdf Graphic file (type pdf)
<use performance_speed.pdf>
Package pdftex.def Info: performance_speed.pdf  used on input line 120.
(pdftex.def)             Requested size: 215.45348pt x 127.28508pt.
[1{C:/Users/micha/AppData/Local/MiKTeX/fonts/map/pdftex/pdftex.map}{C:/Users/mi
cha/AppData/Local/Programs/MiKTeX/fonts/enc/dvips/base/8r.enc}



 <./performance_speed.pdf>]

pdfTeX warning: pdflatex (file ./introduction.pdf): PDF inclusion: found PDF ve
rsion <1.7>, but at most version <1.5> allowed
<introduction.pdf, id=20, 506.89375pt x 175.65625pt>
File: introduction.pdf Graphic file (type pdf)
<use introduction.pdf>
Package pdftex.def Info: introduction.pdf  used on input line 140.
(pdftex.def)             Requested size: 227.42392pt x 78.8087pt.

LaTeX Warning: Citation `LiaoSBWL17' on page 2 undefined on input line 149.


LaTeX Warning: Citation `liu2015ssd' on page 2 undefined on input line 149.


LaTeX Warning: Citation `TextBoxes++' on page 2 undefined on input line 149.


LaTeX Warning: Citation `deepmatch' on page 2 undefined on input line 149.


LaTeX Warning: Citation `sstd' on page 2 undefined on input line 149.


LaTeX Warning: Citation `liao2018rotation' on page 2 undefined on input line 14
9.


LaTeX Warning: Citation `east' on page 2 undefined on input line 149.


LaTeX Warning: Citation `deepdirect' on page 2 undefined on input line 149.


LaTeX Warning: Citation `seglink' on page 2 undefined on input line 149.


LaTeX Warning: Citation `xie2019derpn' on page 2 undefined on input line 149.


LaTeX Warning: Citation `Zhang_2016_CVPR' on page 2 undefined on input line 153
.


LaTeX Warning: Citation `xue2018accurate' on page 2 undefined on input line 153
.


LaTeX Warning: Citation `lyu2018mask' on page 2 undefined on input line 154.


LaTeX Warning: Citation `liao2019mask' on page 2 undefined on input line 154.


LaTeX Warning: Citation `wang2019shape' on page 2 undefined on input line 154.


LaTeX Warning: Citation `tian2019learning' on page 2 undefined on input line 15
4.


LaTeX Warning: Citation `wang2019shape' on page 2 undefined on input line 155.


LaTeX Warning: Citation `tian2019learning' on page 2 undefined on input line 15
5.


LaTeX Warning: Citation `LiaoSBWL17' on page 2 undefined on input line 158.


LaTeX Warning: Citation `TextBoxes++' on page 2 undefined on input line 158.


LaTeX Warning: Citation `seglink' on page 2 undefined on input line 158.


LaTeX Warning: Citation `liao2018rotation' on page 2 undefined on input line 15
8.


LaTeX Warning: Citation `liu2015ssd' on page 2 undefined on input line 158.


LaTeX Warning: Citation `east' on page 2 undefined on input line 158.


LaTeX Warning: Citation `pvanet' on page 2 undefined on input line 158.


Underfull \hbox (badness 5741) in paragraph at lines 157--160
\OT1/ptm/b/n/10 Fast scene text de-tec-tion meth-ods \OT1/ptm/m/n/10 fo-cus on 
both
 []


Underfull \hbox (badness 2027) in paragraph at lines 157--160
\OT1/ptm/m/n/10 the ac-cu-racy and the in-fer-ence speed. TextBoxes ( \OT1/ptm/
b/n/10 ?\OT1/ptm/m/n/10 ),
 []



pdfTeX warning: pdflatex (file ./pipeline.pdf): PDF inclusion: found PDF versio
n <1.7>, but at most version <1.5> allowed
<pipeline.pdf, id=21, 836.12375pt x 231.86626pt>
File: pipeline.pdf Graphic file (type pdf)
<use pipeline.pdf>
Package pdftex.def Info: pipeline.pdf  used on input line 164.
(pdftex.def)             Requested size: 455.2979pt x 126.26022pt.
<step_function.pdf, id=22, 527.9725pt x 285.065pt>
File: step_function.pdf Graphic file (type pdf)
<use step_function.pdf>
Package pdftex.def Info: step_function.pdf  used on input line 177.
(pdftex.def)             Requested size: 215.45348pt x 116.32498pt.
[2 <./introduction.pdf>]

LaTeX Warning: Citation `xue2018accurate' on page 3 undefined on input line 224
.


LaTeX Warning: Citation `xue2018accurate' on page 3 undefined on input line 227
.


LaTeX Warning: Citation `dai2017deformable' on page 3 undefined on input line 2
30.


LaTeX Warning: Citation `zhu2019deformable' on page 3 undefined on input line 2
30.


LaTeX Warning: Citation `zhu2019deformable' on page 3 undefined on input line 2
31.


LaTeX Warning: Citation `he2016deep' on page 3 undefined on input line 231.

[3 <./pipeline.pdf> <./step_function.pdf

pdfTeX warning: pdflatex (file ./step_function.pdf): PDF inclusion: multiple pd
fs with page group included in a single page
>]

pdfTeX warning: pdflatex (file ./label.pdf): PDF inclusion: found PDF version <
1.7>, but at most version <1.5> allowed
<label.pdf, id=96, 794.97pt x 349.305pt>
File: label.pdf Graphic file (type pdf)
<use label.pdf>
Package pdftex.def Info: label.pdf  used on input line 236.
(pdftex.def)             Requested size: 227.42392pt x 99.92604pt.

LaTeX Warning: Citation `wang2019shape' on page 4 undefined on input line 241.


LaTeX Warning: Citation `icdar15' on page 4 undefined on input line 246.


LaTeX Warning: Citation `ctw1500' on page 4 undefined on input line 246.


LaTeX Warning: Citation `vati' on page 4 undefined on input line 246.

<supervision-a.pdf, id=97, 142.5325pt x 71.26625pt>
File: supervision-a.pdf Graphic file (type pdf)
<use supervision-a.pdf>
Package pdftex.def Info: supervision-a.pdf  used on input line 258.
(pdftex.def)             Requested size: 108.44635pt x 54.2227pt.
<supervision-b.pdf, id=98, 142.5325pt x 71.26625pt>
File: supervision-b.pdf Graphic file (type pdf)
<use supervision-b.pdf>
Package pdftex.def Info: supervision-b.pdf  used on input line 264.
(pdftex.def)             Requested size: 108.44635pt x 54.2227pt.
<supervision-c.pdf, id=99, 142.5325pt x 71.26625pt>
File: supervision-c.pdf Graphic file (type pdf)
<use supervision-c.pdf>
Package pdftex.def Info: supervision-c.pdf  used on input line 270.
(pdftex.def)             Requested size: 108.44635pt x 54.2227pt.
<supervision-d.pdf, id=100, 142.5325pt x 71.26625pt>
File: supervision-d.pdf Graphic file (type pdf)
<use supervision-d.pdf>
Package pdftex.def Info: supervision-d.pdf  used on input line 276.
(pdftex.def)             Requested size: 108.44635pt x 54.2227pt.

LaTeX Warning: Citation `vati' on page 4 undefined on input line 303.

<example.pdf, id=101, 647.41875pt x 290.08376pt>
File: example.pdf Graphic file (type pdf)
<use example.pdf>
Package pdftex.def Info: example.pdf  used on input line 311.
(pdftex.def)             Requested size: 455.2979pt x 204.00447pt.

LaTeX Warning: Citation `SynthText' on page 4 undefined on input line 343.


LaTeX Warning: Citation `icdar15' on page 4 undefined on input line 347.


LaTeX Warning: Citation `MSRA' on page 4 undefined on input line 349.


LaTeX Warning: Citation `east' on page 4 undefined on input line 349.


LaTeX Warning: Citation `lyu2018multi' on page 4 undefined on input line 349.


LaTeX Warning: Citation `long2018textsnake' on page 4 undefined on input line 3
49.


LaTeX Warning: Citation `yao2014unified' on page 4 undefined on input line 349.


[4 <./label.pdf> <./supervision-a.pdf> <./supervision-b.pdf> <./supervision-c.p
df> <./supervision-d.pdf>]

LaTeX Warning: Citation `ctw1500' on page 5 undefined on input line 352.


LaTeX Warning: Citation `totaltext' on page 5 undefined on input line 355.


Underfull \hbox (badness 1028) in paragraph at lines 354--356
\OT1/ptm/m/n/10 the text of var-i-ous shapes, in-clud-ing hor-i-zon-tal, multi-

 []


Underfull \vbox (badness 10000) has occurred while \output is active []

 [5 <./example.pdf>]

LaTeX Warning: Citation `long2018textsnake' on page 6 undefined on input line 4
22.


LaTeX Warning: Citation `atrr' on page 6 undefined on input line 422.


LaTeX Warning: Citation `lyu2018mask' on page 6 undefined on input line 422.


LaTeX Warning: Citation `xu2019textfield' on page 6 undefined on input line 422
.


LaTeX Warning: Citation `lomo' on page 6 undefined on input line 422.


LaTeX Warning: Citation `craft' on page 6 undefined on input line 422.


LaTeX Warning: Citation `cse' on page 6 undefined on input line 422.


LaTeX Warning: Citation `wang2019shape' on page 6 undefined on input line 422.


LaTeX Warning: Citation `ctw1500' on page 6 undefined on input line 428.


LaTeX Warning: Citation `ctw1500' on page 6 undefined on input line 428.


LaTeX Warning: Citation `long2018textsnake' on page 6 undefined on input line 4
42.


LaTeX Warning: Citation `ctw1500' on page 6 undefined on input line 442.


LaTeX Warning: Citation `wang2019shape' on page 6 undefined on input line 442.


LaTeX Warning: Citation `tian2019learning' on page 6 undefined on input line 44
2.

! Undefined control sequence.
\citeauthoryear #1#2->\def \@thisauthor 
                                        {#1}\ifx \@lastauthor \@thisauthor \...
l.443 \label{tab:CTW}
                     
The control sequence at the end of the top line
of your error message was never \def'ed. If you have
misspelled it (e.g., `\hobx'), type `I' and the correct
spelling (e.g., `I\hbox'). Otherwise just continue,
and I'll forget about whatever was undefined.

! Illegal parameter number in definition of \reserved@a.
<to be read again> 
                   }
l.443 \label{tab:CTW}
                     
You meant to type ## instead of #, right?
Or maybe a } was forgotten somewhere earlier, and things
are all screwed up? I'm going to assume that you meant ##.

! Illegal parameter number in definition of \reserved@a.
<to be read again> 
                    
l.443 \label{tab:CTW}
                     
You meant to type ## instead of #, right?
Or maybe a } was forgotten somewhere earlier, and things
are all screwed up? I'm going to assume that you meant ##.

! Illegal parameter number in definition of \reserved@a.
<to be read again> 
                   2
l.443 \label{tab:CTW}
                     
You meant to type ## instead of #, right?
Or maybe a } was forgotten somewhere earlier, and things
are all screwed up? I'm going to assume that you meant ##.

! Undefined control sequence.
\cite ...\citeauthoryear ##1##2{\def \@thisauthor 
                                                  {##1}\ifx \@lastauthor \@t...
l.443 \label{tab:CTW}
                     
The control sequence at the end of the top line
of your error message was never \def'ed. If you have
misspelled it (e.g., `\hobx'), type `I' and the correct
spelling (e.g., `I\hbox'). Otherwise just continue,
and I'll forget about whatever was undefined.

! Illegal parameter number in definition of \reserved@a.
<to be read again> 
                   1
l.443 \label{tab:CTW}
                     
You meant to type ## instead of #, right?
Or maybe a } was forgotten somewhere earlier, and things
are all screwed up? I'm going to assume that you meant ##.

! Illegal parameter number in definition of \reserved@a.
<to be read again> 
                   1
l.443 \label{tab:CTW}
                     
You meant to type ## instead of #, right?
Or maybe a } was forgotten somewhere earlier, and things
are all screwed up? I'm going to assume that you meant ##.

! Illegal parameter number in definition of \reserved@a.
<to be read again> 
                   2
l.443 \label{tab:CTW}
                     
You meant to type ## instead of #, right?
Or maybe a } was forgotten somewhere earlier, and things
are all screwed up? I'm going to assume that you meant ##.

! Illegal parameter number in definition of \reserved@a.
<to be read again> 
                   }
l.443 \label{tab:CTW}
                     
You meant to type ## instead of #, right?
Or maybe a } was forgotten somewhere earlier, and things
are all screwed up? I'm going to assume that you meant ##.

! Illegal parameter number in definition of \reserved@a.
<to be read again> 
                   2
l.443 \label{tab:CTW}
                     
You meant to type ## instead of #, right?
Or maybe a } was forgotten somewhere earlier, and things
are all screwed up? I'm going to assume that you meant ##.

! Illegal parameter number in definition of \reserved@a.
<to be read again> 
                   1
l.443 \label{tab:CTW}
                     
You meant to type ## instead of #, right?
Or maybe a } was forgotten somewhere earlier, and things
are all screwed up? I'm going to assume that you meant ##.

! Argument of \caption@@@withoptargs has an extra }.
<inserted text> 
                \par 
l.443 \label{tab:CTW}
                     
I've run across a `}' that doesn't seem to match anything.
For example, `\def\a#1{...}' and `\a}' would produce
this error. If you simply proceed now, the `\par' that
I've just inserted will cause me to report a runaway
argument that might be the root of the problem. But if
your `}' was spurious, just type `2' and it will go away.

Runaway argument?
{\caption@@xlabel }{\@tempswatrue \@citex }\def \reserved@b {\@tempswafalse \ET
C.
! Paragraph ended before \caption@@@withoptargs was complete.
<to be read again> 
                   \par 
l.443 \label{tab:CTW}
                     
I suspect you've forgotten a `}', causing me to apply this
control sequence to too much text. How can we recover?
My plan is to forget the whole thing and hope for the best.


LaTeX Warning: Reference `tab:CTW' on page 6 undefined on input line 447.


LaTeX Warning: Citation `wang2019shape' on page 6 undefined on input line 450.


LaTeX Warning: Citation `east' on page 6 undefined on input line 455.


LaTeX Warning: Citation `eccv/TianHHH016' on page 6 undefined on input line 486
.


LaTeX Warning: Citation `east' on page 6 undefined on input line 486.


LaTeX Warning: Citation `sstd' on page 6 undefined on input line 486.


LaTeX Warning: Citation `hu2017wordsup' on page 6 undefined on input line 486.


LaTeX Warning: Citation `lyu2018multi' on page 6 undefined on input line 486.


LaTeX Warning: Citation `TextBoxes++' on page 6 undefined on input line 486.


LaTeX Warning: Citation `liao2018rotation' on page 6 undefined on input line 48
6.


LaTeX Warning: Citation `mcn' on page 6 undefined on input line 486.


LaTeX Warning: Citation `long2018textsnake' on page 6 undefined on input line 4
86.


LaTeX Warning: Citation `wang2019shape' on page 6 undefined on input line 486.


LaTeX Warning: Citation `spc' on page 6 undefined on input line 486.


LaTeX Warning: Citation `lomo' on page 6 undefined on input line 486.


LaTeX Warning: Citation `craft' on page 6 undefined on input line 486.


LaTeX Warning: Citation `tian2019learning' on page 6 undefined on input line 48
6.


LaTeX Warning: Citation `tian2019learning' on page 6 undefined on input line 48
6.


LaTeX Warning: Reference `tab:mlt' on page 6 undefined on input line 492.


LaTeX Warning: Citation `liao2018rotation' on page 6 undefined on input line 49
2.


LaTeX Warning: Citation `mcn' on page 6 undefined on input line 493.


LaTeX Warning: Citation `liao2018rotation' on page 6 undefined on input line 49
3.

[6]

LaTeX Warning: Citation `he2016text' on page 7 undefined on input line 517.


LaTeX Warning: Citation `deepdirect' on page 7 undefined on input line 517.


LaTeX Warning: Citation `rrpn' on page 7 undefined on input line 517.


LaTeX Warning: Citation `liao2018rotation' on page 7 undefined on input line 51
7.


LaTeX Warning: Citation `mcn' on page 7 undefined on input line 517.


LaTeX Warning: Citation `deng2018pixellink' on page 7 undefined on input line 5
17.


LaTeX Warning: Citation `lyu2018multi' on page 7 undefined on input line 517.


LaTeX Warning: Citation `long2018textsnake' on page 7 undefined on input line 5
17.


LaTeX Warning: Citation `xue2018accurate' on page 7 undefined on input line 517
.


LaTeX Warning: Citation `MSR' on page 7 undefined on input line 517.


LaTeX Warning: Citation `craft' on page 7 undefined on input line 517.


LaTeX Warning: Citation `tian2019learning' on page 7 undefined on input line 51
7.


LaTeX Warning: Citation `lyu2018multi' on page 7 undefined on input line 523.


LaTeX Warning: Citation `lyu2018multi' on page 7 undefined on input line 523.


LaTeX Warning: Citation `lyu2018multi' on page 7 undefined on input line 537.


LaTeX Warning: Citation `wang2019shape' on page 7 undefined on input line 537.

! Undefined control sequence.
\citeauthoryear #1#2->\def \@thisauthor 
                                        {#1}\ifx \@lastauthor \@thisauthor \...
l.538 \label{tab:mlt}
                     
The control sequence at the end of the top line
of your error message was never \def'ed. If you have
misspelled it (e.g., `\hobx'), type `I' and the correct
spelling (e.g., `I\hbox'). Otherwise just continue,
and I'll forget about whatever was undefined.

! Illegal parameter number in definition of \reserved@a.
<to be read again> 
                   }
l.538 \label{tab:mlt}
                     
You meant to type ## instead of #, right?
Or maybe a } was forgotten somewhere earlier, and things
are all screwed up? I'm going to assume that you meant ##.

! Illegal parameter number in definition of \reserved@a.
<to be read again> 
                    
l.538 \label{tab:mlt}
                     
You meant to type ## instead of #, right?
Or maybe a } was forgotten somewhere earlier, and things
are all screwed up? I'm going to assume that you meant ##.

! Illegal parameter number in definition of \reserved@a.
<to be read again> 
                   2
l.538 \label{tab:mlt}
                     
You meant to type ## instead of #, right?
Or maybe a } was forgotten somewhere earlier, and things
are all screwed up? I'm going to assume that you meant ##.

! Undefined control sequence.
\cite ...\citeauthoryear ##1##2{\def \@thisauthor 
                                                  {##1}\ifx \@lastauthor \@t...
l.538 \label{tab:mlt}
                     
The control sequence at the end of the top line
of your error message was never \def'ed. If you have
misspelled it (e.g., `\hobx'), type `I' and the correct
spelling (e.g., `I\hbox'). Otherwise just continue,
and I'll forget about whatever was undefined.

! Illegal parameter number in definition of \reserved@a.
<to be read again> 
                   1
l.538 \label{tab:mlt}
                     
You meant to type ## instead of #, right?
Or maybe a } was forgotten somewhere earlier, and things
are all screwed up? I'm going to assume that you meant ##.

! Illegal parameter number in definition of \reserved@a.
<to be read again> 
                   1
l.538 \label{tab:mlt}
                     
You meant to type ## instead of #, right?
Or maybe a } was forgotten somewhere earlier, and things
are all screwed up? I'm going to assume that you meant ##.

! Illegal parameter number in definition of \reserved@a.
<to be read again> 
                   2
l.538 \label{tab:mlt}
                     
You meant to type ## instead of #, right?
Or maybe a } was forgotten somewhere earlier, and things
are all screwed up? I'm going to assume that you meant ##.

! Illegal parameter number in definition of \reserved@a.
<to be read again> 
                   }
l.538 \label{tab:mlt}
                     
You meant to type ## instead of #, right?
Or maybe a } was forgotten somewhere earlier, and things
are all screwed up? I'm going to assume that you meant ##.

! Illegal parameter number in definition of \reserved@a.
<to be read again> 
                   2
l.538 \label{tab:mlt}
                     
You meant to type ## instead of #, right?
Or maybe a } was forgotten somewhere earlier, and things
are all screwed up? I'm going to assume that you meant ##.

! Illegal parameter number in definition of \reserved@a.
<to be read again> 
                   1
l.538 \label{tab:mlt}
                     
You meant to type ## instead of #, right?
Or maybe a } was forgotten somewhere earlier, and things
are all screwed up? I'm going to assume that you meant ##.

! Argument of \caption@@@withoptargs has an extra }.
<inserted text> 
                \par 
l.538 \label{tab:mlt}
                     
I've run across a `}' that doesn't seem to match anything.
For example, `\def\a#1{...}' and `\a}' would produce
this error. If you simply proceed now, the `\par' that
I've just inserted will cause me to report a runaway
argument that might be the root of the problem. But if
your `}' was spurious, just type `2' and it will go away.

Runaway argument?
{\caption@@xlabel }{\@tempswatrue \@citex }\def \reserved@b {\@tempswafalse \ET
C.
! Paragraph ended before \caption@@@withoptargs was complete.
<to be read again> 
                   \par 
l.538 \label{tab:mlt}
                     
I suspect you've forgotten a `}', causing me to apply this
control sequence to too much text. How can we recover?
My plan is to forget the whole thing and hope for the best.

[7] [8

]
No file AAAI-LiaoM.578_changed.bbl.
(AAAI-LiaoM.578_changed.aux
Runaway argument?
{{4}{6}{Detection results on CTW1500. The methods with ``*" are colle\ETC.
! Paragraph ended before \@newl@bel was complete.
<to be read again> 
                   \par 
l.96 ...kip 0in{##1})}\let \reserved@d =[\def \par
                                                   }{}{}}
I suspect you've forgotten a `}', causing me to apply this
control sequence to too much text. How can we recover?
My plan is to forget the whole thing and hope for the best.

! Extra }, or forgotten \endgroup.
l.96 ...p 0in{##1})}\let \reserved@d =[\def \par }
                                                  {}{}}
I've deleted a group-closing symbol because it seems to be
spurious, as in `$x}$'. But perhaps the } is legitimate and
you forgot something else, as in `\hbox{$x}'. In such cases
the way to recover is to insert both the forgotten and the
deleted material, e.g., by typing `I$}'.

! Extra }, or forgotten \endgroup.
l.96 ...{##1})}\let \reserved@d =[\def \par }{}{}}
                                                  
I've deleted a group-closing symbol because it seems to be
spurious, as in `$x}$'. But perhaps the } is legitimate and
you forgot something else, as in `\hbox{$x}'. In such cases
the way to recover is to insert both the forgotten and the
deleted material, e.g., by typing `I$}'.

Runaway argument?
{{7}{7}{Detection results on the MLT-2017 dataset. Methods with ``*" \ETC.
! Paragraph ended before \@newl@bel was complete.
<to be read again> 
                   \par 
l.116 ...ip 0in{##1})}\let \reserved@d =[\def \par
                                                   }{}{}}
I suspect you've forgotten a `}', causing me to apply this
control sequence to too much text. How can we recover?
My plan is to forget the whole thing and hope for the best.

! Extra }, or forgotten \endgroup.
l.116 ... 0in{##1})}\let \reserved@d =[\def \par }
                                                  {}{}}
I've deleted a group-closing symbol because it seems to be
spurious, as in `$x}$'. But perhaps the } is legitimate and
you forgot something else, as in `\hbox{$x}'. In such cases
the way to recover is to insert both the forgotten and the
deleted material, e.g., by typing `I$}'.

! Extra }, or forgotten \endgroup.
l.116 ...##1})}\let \reserved@d =[\def \par }{}{}}
                                                  
I've deleted a group-closing symbol because it seems to be
spurious, as in `$x}$'. But perhaps the } is legitimate and
you forgot something else, as in `\hbox{$x}'. In such cases
the way to recover is to insert both the forgotten and the
deleted material, e.g., by typing `I$}'.

)
 ***********
LaTeX2e <2023-06-01> patch level 1
L3 programming layer <2023-08-29>
 ***********


LaTeX Warning: There were undefined references.

 ) 
Here is how much of TeX's memory you used:
 4675 strings out of 475247
 78208 string characters out of 5757792
 1966801 words of memory out of 5000000
 26138 multiletter control sequences out of 15000+600000
 583876 words of font info for 94 fonts, out of 8000000 for 9000
 1141 hyphenation exceptions out of 8191
 67i,16n,77p,1138b,457s stack positions out of 10000i,1000n,20000p,200000b,200000s
<C:/Users/micha/AppData/Local/Programs/MiKTeX/fonts/type1/public/amsfonts/cm/
cmex10.pfb><C:/Users/micha/AppData/Local/Programs/MiKTeX/fonts/type1/public/ams
fonts/cm/cmmi10.pfb><C:/Users/micha/AppData/Local/Programs/MiKTeX/fonts/type1/p
ublic/amsfonts/cm/cmmi5.pfb><C:/Users/micha/AppData/Local/Programs/MiKTeX/fonts
/type1/public/amsfonts/cm/cmmi7.pfb><C:/Users/micha/AppData/Local/Programs/MiKT
eX/fonts/type1/public/amsfonts/cm/cmr10.pfb><C:/Users/micha/AppData/Local/Progr
ams/MiKTeX/fonts/type1/public/amsfonts/cm/cmr7.pfb><C:/Users/micha/AppData/Loca
l/Programs/MiKTeX/fonts/type1/public/amsfonts/cm/cmsy10.pfb><C:/Users/micha/App
Data/Local/Programs/MiKTeX/fonts/type1/public/amsfonts/cm/cmsy5.pfb><C:/Users/m
icha/AppData/Local/Programs/MiKTeX/fonts/type1/public/amsfonts/cm/cmsy7.pfb><C:
/Users/micha/AppData/Local/Programs/MiKTeX/fonts/type1/public/amsfonts/symbols/
msam10.pfb><C:/Users/micha/AppData/Local/Programs/MiKTeX/fonts/type1/urw/times/
utmb8a.pfb><C:/Users/micha/AppData/Local/Programs/MiKTeX/fonts/type1/urw/times/
utmr8a.pfb>
Output written on AAAI-LiaoM.578_changed.pdf (8 pages, 3928945 bytes).
PDF statistics:
 258 PDF objects out of 1000 (max. 8388607)
 0 named destinations out of 1000 (max. 500000)
 51 words of extra memory for PDF output out of 10000 (max. 10000000)

