This is pdfTeX, Version 3.141592653-2.6-1.40.25 (MiKTeX 23.9) (preloaded format=pdflatex 2023.9.22)  30 MAR 2024 17:43
entering extended mode
 restricted \write18 enabled.
 %&-line parsing enabled.
**./formatting-instructions-latex-2020_changed.tex
(formatting-instructions-latex-2020_changed.tex
LaTeX2e <2023-06-01> patch level 1
L3 programming layer <2023-08-29>
(C:\Users\micha\AppData\Local\Programs\MiKTeX\tex/latex/base\article.cls
Document Class: article 2023/05/17 v1.4n Standard LaTeX document class
(C:\Users\micha\AppData\Local\Programs\MiKTeX\tex/latex/base\size10.clo
File: size10.clo 2023/05/17 v1.4n Standard LaTeX file (size option)
)
\c@part=\count185
\c@section=\count186
\c@subsection=\count187
\c@subsubsection=\count188
\c@paragraph=\count189
\c@subparagraph=\count190
\c@figure=\count191
\c@table=\count192
\abovecaptionskip=\skip48
\belowcaptionskip=\skip49
\bibindent=\dimen140
)
(aaai20.sty
Conference Style for AAAI for LaTeX 2e -- version for the AAAI-20 conference
\titlebox=\skip50
) (C:\Users\micha\AppData\Local\Programs\MiKTeX\tex/latex/psnfss\times.sty
Package: times 2020/03/25 PSNFSS-v9.3 (SPQR) 
)
(C:\Users\micha\AppData\Local\Programs\MiKTeX\tex/latex/psnfss\helvet.sty
Package: helvet 2020/03/25 PSNFSS-v9.3 (WaS) 

(C:\Users\micha\AppData\Local\Programs\MiKTeX\tex/latex/graphics\keyval.sty
Package: keyval 2022/05/29 v1.15 key=value parser (DPC)
\KV@toks@=\toks17
))
(C:\Users\micha\AppData\Local\Programs\MiKTeX\tex/latex/psnfss\courier.sty
Package: courier 2020/03/25 PSNFSS-v9.3 (WaS) 
)
(C:\Users\micha\AppData\Local\Programs\MiKTeX\tex/latex/url\url.sty
\Urlmuskip=\muskip16
Package: url 2013/09/16  ver 3.4  Verb mode for urls, etc.
)
(C:\Users\micha\AppData\Local\Programs\MiKTeX\tex/latex/graphics\graphicx.sty
Package: graphicx 2021/09/16 v1.2d Enhanced LaTeX Graphics (DPC,SPQR)

(C:\Users\micha\AppData\Local\Programs\MiKTeX\tex/latex/graphics\graphics.sty
Package: graphics 2022/03/10 v1.4e Standard LaTeX Graphics (DPC,SPQR)

(C:\Users\micha\AppData\Local\Programs\MiKTeX\tex/latex/graphics\trig.sty
Package: trig 2021/08/11 v1.11 sin cos tan (DPC)
)
(C:\Users\micha\AppData\Local\Programs\MiKTeX\tex/latex/graphics-cfg\graphics.c
fg
File: graphics.cfg 2016/06/04 v1.11 sample graphics configuration
)
Package graphics Info: Driver file: pdftex.def on input line 107.

(C:\Users\micha\AppData\Local\Programs\MiKTeX\tex/latex/graphics-def\pdftex.def
File: pdftex.def 2022/09/22 v1.2b Graphics/color driver for pdftex
))
\Gin@req@height=\dimen141
\Gin@req@width=\dimen142
) (C:\Users\micha\AppData\Local\Programs\MiKTeX\tex/latex/amsmath\amsmath.sty
Package: amsmath 2023/05/13 v2.17o AMS math features
\@mathmargin=\skip51
For additional information on amsmath, use the `?' option.
(C:\Users\micha\AppData\Local\Programs\MiKTeX\tex/latex/amsmath\amstext.sty
Package: amstext 2021/08/26 v2.01 AMS text

(C:\Users\micha\AppData\Local\Programs\MiKTeX\tex/latex/amsmath\amsgen.sty
File: amsgen.sty 1999/11/30 v2.0 generic functions
\@emptytoks=\toks18
\ex@=\dimen143
))
(C:\Users\micha\AppData\Local\Programs\MiKTeX\tex/latex/amsmath\amsbsy.sty
Package: amsbsy 1999/11/29 v1.2d Bold Symbols
\pmbraise@=\dimen144
)
(C:\Users\micha\AppData\Local\Programs\MiKTeX\tex/latex/amsmath\amsopn.sty
Package: amsopn 2022/04/08 v2.04 operator names
)
\inf@bad=\count193
LaTeX Info: Redefining \frac on input line 234.
\uproot@=\count194
\leftroot@=\count195
LaTeX Info: Redefining \overline on input line 399.
LaTeX Info: Redefining \colon on input line 410.
\classnum@=\count196
\DOTSCASE@=\count197
LaTeX Info: Redefining \ldots on input line 496.
LaTeX Info: Redefining \dots on input line 499.
LaTeX Info: Redefining \cdots on input line 620.
\Mathstrutbox@=\box51
\strutbox@=\box52
LaTeX Info: Redefining \big on input line 722.
LaTeX Info: Redefining \Big on input line 723.
LaTeX Info: Redefining \bigg on input line 724.
LaTeX Info: Redefining \Bigg on input line 725.
\big@size=\dimen145
LaTeX Font Info:    Redeclaring font encoding OML on input line 743.
LaTeX Font Info:    Redeclaring font encoding OMS on input line 744.
\macc@depth=\count198
LaTeX Info: Redefining \bmod on input line 905.
LaTeX Info: Redefining \pmod on input line 910.
LaTeX Info: Redefining \smash on input line 940.
LaTeX Info: Redefining \relbar on input line 970.
LaTeX Info: Redefining \Relbar on input line 971.
\c@MaxMatrixCols=\count199
\dotsspace@=\muskip17
\c@parentequation=\count266
\dspbrk@lvl=\count267
\tag@help=\toks19
\row@=\count268
\column@=\count269
\maxfields@=\count270
\andhelp@=\toks20
\eqnshift@=\dimen146
\alignsep@=\dimen147
\tagshift@=\dimen148
\tagwidth@=\dimen149
\totwidth@=\dimen150
\lineht@=\dimen151
\@envbody=\toks21
\multlinegap=\skip52
\multlinetaggap=\skip53
\mathdisplay@stack=\toks22
LaTeX Info: Redefining \[ on input line 2953.
LaTeX Info: Redefining \] on input line 2954.
)
(C:\Users\micha\AppData\Local\Programs\MiKTeX\tex/latex/subfig\subfig.sty
Package: subfig 2005/06/28 ver: 1.3 subfig package

(C:\Users\micha\AppData\Local\Programs\MiKTeX\tex/latex/caption\caption3.sty
Package: caption3 2023/07/31 v2.4d caption3 kernel (AR)
\caption@tempdima=\dimen152
\captionmargin=\dimen153
\caption@leftmargin=\dimen154
\caption@rightmargin=\dimen155
\caption@width=\dimen156
\caption@indent=\dimen157
\caption@parindent=\dimen158
\caption@hangindent=\dimen159
Package caption Info: Standard document class detected.
)
\c@KVtest=\count271
\sf@farskip=\skip54
\sf@captopadj=\dimen160
\sf@capskip=\skip55
\sf@nearskip=\skip56
\c@subfigure=\count272
\c@subfigure@save=\count273
\c@lofdepth=\count274
\c@subtable=\count275
\c@subtable@save=\count276
\c@lotdepth=\count277
\sf@top=\skip57
\sf@bottom=\skip58
)
(C:\Users\micha\AppData\Local\Programs\MiKTeX\tex/latex/gensymb\gensymb.sty
Package: gensymb 2022/10/17 v1.0.2 (KJH)
)
LaTeX Font Info:    Trying to load font information for OT1+ptm on input line 9
7.

(C:\Users\micha\AppData\Local\Programs\MiKTeX\tex/latex/psnfss\ot1ptm.fd
File: ot1ptm.fd 2001/06/04 font definitions for OT1/ptm.
)
(C:\Users\micha\AppData\Local\Programs\MiKTeX\tex/latex/l3backend\l3backend-pdf
tex.def
File: l3backend-pdftex.def 2023-04-19 L3 backend support: PDF output (pdfTeX)
\l__color_backend_stack_int=\count278
\l__pdf_internal_box=\box53
) (formatting-instructions-latex-2020_changed.aux)
\openout1 = `formatting-instructions-latex-2020_changed.aux'.

LaTeX Font Info:    Checking defaults for OML/cmm/m/it on input line 97.
LaTeX Font Info:    ... okay on input line 97.
LaTeX Font Info:    Checking defaults for OMS/cmsy/m/n on input line 97.
LaTeX Font Info:    ... okay on input line 97.
LaTeX Font Info:    Checking defaults for OT1/cmr/m/n on input line 97.
LaTeX Font Info:    ... okay on input line 97.
LaTeX Font Info:    Checking defaults for T1/cmr/m/n on input line 97.
LaTeX Font Info:    ... okay on input line 97.
LaTeX Font Info:    Checking defaults for TS1/cmr/m/n on input line 97.
LaTeX Font Info:    ... okay on input line 97.
LaTeX Font Info:    Checking defaults for OMX/cmex/m/n on input line 97.
LaTeX Font Info:    ... okay on input line 97.
LaTeX Font Info:    Checking defaults for U/cmr/m/n on input line 97.
LaTeX Font Info:    ... okay on input line 97.

(C:\Users\micha\AppData\Local\Programs\MiKTeX\tex/context/base/mkii\supp-pdf.mk
ii
[Loading MPS to PDF converter (version 2006.09.02).]
\scratchcounter=\count279
\scratchdimen=\dimen161
\scratchbox=\box54
\nofMPsegments=\count280
\nofMParguments=\count281
\everyMPshowfont=\toks23
\MPscratchCnt=\count282
\MPscratchDim=\dimen162
\MPnumerator=\count283
\makeMPintoPDFobject=\count284
\everyMPtoPDFconversion=\toks24
)
(C:\Users\micha\AppData\Local\Programs\MiKTeX\tex/latex/epstopdf-pkg\epstopdf-b
ase.sty
Package: epstopdf-base 2020-01-24 v2.11 Base part for package epstopdf
Package epstopdf-base Info: Redefining graphics rule for `.eps' on input line 4
85.

(C:\Users\micha\AppData\Local\Programs\MiKTeX\tex/latex/00miktex\epstopdf-sys.c
fg
File: epstopdf-sys.cfg 2021/03/18 v2.0 Configuration of epstopdf for MiKTeX
))
Package caption Info: Begin \AtBeginDocument code.
Package caption Info: subfig package v1.3 is loaded.
Package caption Info: End \AtBeginDocument code.
LaTeX Info: Redefining \celsius on input line 97.
Package gensymb Info: Faking symbols for \degree and \celsius on input line 97.



Package gensymb Warning: Not defining \perthousand.

LaTeX Info: Redefining \ohm on input line 97.
Package gensymb Info: Using \Omega for \ohm on input line 97.

Package gensymb Warning: Not defining \micro.

LaTeX Font Info:    Trying to load font information for TS1+ptm on input line 9
9.
(C:\Users\micha\AppData\Local\Programs\MiKTeX\tex/latex/psnfss\ts1ptm.fd
File: ts1ptm.fd 2001/06/04 font definitions for TS1/ptm.
)

LaTeX Warning: Citation `murphy2000introduction' on page 1 undefined on input l
ine 106.


LaTeX Warning: Citation `murphy2014disaster' on page 1 undefined on input line 
106.


LaTeX Warning: No positions in optional float specifier.
               Default added (so using `tbp') on input line 108.

<BE_3regions.jpg, id=1, 500.87125pt x 683.55376pt>
File: BE_3regions.jpg Graphic file (type jpg)
<use BE_3regions.jpg>
Package pdftex.def Info: BE_3regions.jpg  used on input line 110.
(pdftex.def)             Requested size: 119.69719pt x 163.347pt.

LaTeX Warning: Citation `murphy2009mobile' on page 1 undefined on input line 11
1.


LaTeX Warning: Citation `murphy2009mobile' on page 1 undefined on input line 11
5.


Underfull \vbox (badness 4872) has occurred while \output is active []

 [1{C:/Users/micha/AppData/Local/MiKTeX/fonts/map/pdftex/pdftex.map}{C:/Users/m
icha/AppData/Local/Programs/MiKTeX/fonts/enc/dvips/base/8r.enc}



 <./BE_3regions.jpg>]

LaTeX Warning: Citation `soltani2004fuzzy' on page 2 undefined on input line 12
8.


LaTeX Warning: Citation `de2011minimum' on page 2 undefined on input line 128.


LaTeX Warning: Citation `vian1989trajectory' on page 2 undefined on input line 
128.


LaTeX Warning: Citation `zabarankin2002optimal' on page 2 undefined on input li
ne 128.


LaTeX Warning: Citation `gu2006comprehensive' on page 2 undefined on input line
 128.


LaTeX Warning: Citation `feyzabadi2014risk' on page 2 undefined on input line 1
28.


LaTeX Warning: Citation `pereira2011toward' on page 2 undefined on input line 1
28.


LaTeX Warning: Citation `krumm2017risk' on page 2 undefined on input line 128.


LaTeX Warning: Citation `soltani2004fuzzy' on page 2 undefined on input line 15
1.


LaTeX Warning: Citation `pereira2013risk' on page 2 undefined on input line 157
.


LaTeX Warning: Citation `undurti2010online' on page 2 undefined on input line 1
57.


LaTeX Warning: Citation `santana2016rao' on page 2 undefined on input line 157.


[2]

LaTeX Warning: Citation `luders2010chance' on page 3 undefined on input line 16
0.


LaTeX Warning: Citation `luders2013robust' on page 3 undefined on input line 16
0.


LaTeX Warning: Citation `ono2008iterative' on page 3 undefined on input line 16
0.


LaTeX Warning: Citation `vitus2011feedback' on page 3 undefined on input line 1
60.

[3]

LaTeX Warning: No positions in optional float specifier.
               Default added (so using `tbp') on input line 252.

<risk_universe.jpg, id=24, 1371.1225pt x 654.445pt>
File: risk_universe.jpg Graphic file (type jpg)
<use risk_universe.jpg>
Package pdftex.def Info: risk_universe.jpg  used on input line 254.
(pdftex.def)             Requested size: 239.39438pt x 114.25996pt.
[4 <./risk_universe.jpg>]

LaTeX Warning: Citation `xiao2018motion' on page 5 undefined on input line 290.



LaTeX Warning: Citation `xiao2019autonomous' on page 5 undefined on input line 
292.


LaTeX Warning: No positions in optional float specifier.
               Default added (so using `tbp') on input line 294.

<risk_representation_example2.jpg, id=29, 346.29375pt x 346.29375pt>
File: risk_representation_example2.jpg Graphic file (type jpg)
<use risk_representation_example2.jpg>
Package pdftex.def Info: risk_representation_example2.jpg  used on input line 2
96.
(pdftex.def)             Requested size: 119.69719pt x 119.69339pt.

LaTeX Warning: Citation `xiao2018motion' on page 5 undefined on input line 308.


[5 <./risk_representation_example2.jpg>]
<risk_representation_table.jpg, id=34, 604.2575pt x 570.13pt>
File: risk_representation_table.jpg Graphic file (type jpg)
<use risk_representation_table.jpg>
Package pdftex.def Info: risk_representation_table.jpg  used on input line 312.

(pdftex.def)             Requested size: 239.39438pt x 225.8731pt.


LaTeX Warning: Citation `soltani2004fuzzy' on page 6 undefined on input line 32
5.


LaTeX Warning: Citation `xiao2018motion' on page 6 undefined on input line 325.



LaTeX Warning: No positions in optional float specifier.
               Default added (so using `tbp') on input line 327.

<tortuous1.jpg, id=35, 834.11626pt x 452.69125pt>
File: tortuous1.jpg Graphic file (type jpg)
<use tortuous1.jpg>
Package pdftex.def Info: tortuous1.jpg  used on input line 330.
(pdftex.def)             Requested size: 119.69719pt x 64.95816pt.
<straight1.jpg, id=36, 834.11626pt x 452.69125pt>
File: straight1.jpg Graphic file (type jpg)
<use straight1.jpg>
Package pdftex.def Info: straight1.jpg  used on input line 333.
(pdftex.def)             Requested size: 119.69719pt x 64.95816pt.

LaTeX Warning: No positions in optional float specifier.
               Default added (so using `tbp') on input line 338.

<tortuous2prob.jpg, id=37, 834.11626pt x 452.69125pt>
File: tortuous2prob.jpg Graphic file (type jpg)
<use tortuous2prob.jpg>
Package pdftex.def Info: tortuous2prob.jpg  used on input line 341.
(pdftex.def)             Requested size: 119.69719pt x 64.95816pt.
<straight2prob.jpg, id=38, 834.11626pt x 452.69125pt>
File: straight2prob.jpg Graphic file (type jpg)
<use straight2prob.jpg>
Package pdftex.def Info: straight2prob.jpg  used on input line 344.
(pdftex.def)             Requested size: 119.69719pt x 64.95816pt.
[6 <./risk_representation_table.jpg>]

LaTeX Warning: No positions in optional float specifier.
               Default added (so using `tbp') on input line 355.

<in_between.jpg, id=43, 1170.3725pt x 878.28125pt>
File: in_between.jpg Graphic file (type jpg)
<use in_between.jpg>
Package pdftex.def Info: in_between.jpg  used on input line 358.
(pdftex.def)             Requested size: 117.30455pt x 88.02089pt.
<around.jpg, id=44, 1170.3725pt x 878.28125pt>
File: around.jpg Graphic file (type jpg)
<use around.jpg>
Package pdftex.def Info: around.jpg  used on input line 361.
(pdftex.def)             Requested size: 117.30455pt x 88.02089pt.
[7 <./tortuous1.jpg> <./straight1.jpg> <./tortuous2prob.jpg> <./straight2prob.j
pg> <./in_between.jpg> <./around.jpg>] [8

]
No file formatting-instructions-latex-2020_changed.bbl.
(formatting-instructions-latex-2020_changed.aux)
 ***********
LaTeX2e <2023-06-01> patch level 1
L3 programming layer <2023-08-29>
 ***********
 ) 
Here is how much of TeX's memory you used:
 3413 strings out of 475247
 59649 string characters out of 5757792
 1941801 words of memory out of 5000000
 24923 multiletter control sequences out of 15000+600000
 572030 words of font info for 57 fonts, out of 8000000 for 9000
 1141 hyphenation exceptions out of 8191
 57i,16n,65p,2038b,367s stack positions out of 10000i,1000n,20000p,200000b,200000s
<C:/Users/micha/AppData/Local/Programs/MiKTeX/fonts/type1/public/amsfonts/cm/
cmex10.pfb><C:/Users/micha/AppData/Local/Programs/MiKTeX/fonts/type1/public/ams
fonts/cm/cmmi10.pfb><C:/Users/micha/AppData/Local/Programs/MiKTeX/fonts/type1/p
ublic/amsfonts/cm/cmmi7.pfb><C:/Users/micha/AppData/Local/Programs/MiKTeX/fonts
/type1/public/amsfonts/cm/cmr10.pfb><C:/Users/micha/AppData/Local/Programs/MiKT
eX/fonts/type1/public/amsfonts/cm/cmr7.pfb><C:/Users/micha/AppData/Local/Progra
ms/MiKTeX/fonts/type1/public/amsfonts/cm/cmsy10.pfb><C:/Users/micha/AppData/Loc
al/Programs/MiKTeX/fonts/type1/public/amsfonts/cm/cmsy7.pfb><C:/Users/micha/App
Data/Local/Programs/MiKTeX/fonts/type1/urw/times/utmb8a.pfb><C:/Users/micha/App
Data/Local/Programs/MiKTeX/fonts/type1/urw/times/utmr8a.pfb><C:/Users/micha/App
Data/Local/Programs/MiKTeX/fonts/type1/urw/times/utmri8a.pfb>
Output written on formatting-instructions-latex-2020_changed.pdf (8 pages, 4038
474 bytes).
PDF statistics:
 99 PDF objects out of 1000 (max. 8388607)
 0 named destinations out of 1000 (max. 500000)
 51 words of extra memory for PDF output out of 10000 (max. 10000000)

