This is pdfTeX, Version 3.141592653-2.6-1.40.25 (MiKTeX 23.9) (preloaded format=pdflatex 2023.9.22)  30 MAR 2024 17:09
entering extended mode
 restricted \write18 enabled.
 %&-line parsing enabled.
**./AAAI-YuT.833_changed.tex
(AAAI-YuT.833_changed.tex
LaTeX2e <2023-06-01> patch level 1
L3 programming layer <2023-08-29>
(C:\Users\micha\AppData\Local\Programs\MiKTeX\tex/latex/base\article.cls
Document Class: article 2023/05/17 v1.4n Standard LaTeX document class
(C:\Users\micha\AppData\Local\Programs\MiKTeX\tex/latex/base\size10.clo
File: size10.clo 2023/05/17 v1.4n Standard LaTeX file (size option)
)
\c@part=\count185
\c@section=\count186
\c@subsection=\count187
\c@subsubsection=\count188
\c@paragraph=\count189
\c@subparagraph=\count190
\c@figure=\count191
\c@table=\count192
\abovecaptionskip=\skip48
\belowcaptionskip=\skip49
\bibindent=\dimen140
)
(aaai20.sty
Conference Style for AAAI for LaTeX 2e -- version for the AAAI-20 conference
\titlebox=\skip50
) (C:\Users\micha\AppData\Local\Programs\MiKTeX\tex/latex/psnfss\times.sty
Package: times 2020/03/25 PSNFSS-v9.3 (SPQR) 
)
(C:\Users\micha\AppData\Local\Programs\MiKTeX\tex/latex/psnfss\helvet.sty
Package: helvet 2020/03/25 PSNFSS-v9.3 (WaS) 

(C:\Users\micha\AppData\Local\Programs\MiKTeX\tex/latex/graphics\keyval.sty
Package: keyval 2022/05/29 v1.15 key=value parser (DPC)
\KV@toks@=\toks17
))
(C:\Users\micha\AppData\Local\Programs\MiKTeX\tex/latex/psnfss\courier.sty
Package: courier 2020/03/25 PSNFSS-v9.3 (WaS) 
)
(C:\Users\micha\AppData\Local\Programs\MiKTeX\tex/latex/url\url.sty
\Urlmuskip=\muskip16
Package: url 2013/09/16  ver 3.4  Verb mode for urls, etc.
)
(C:\Users\micha\AppData\Local\Programs\MiKTeX\tex/latex/graphics\graphicx.sty
Package: graphicx 2021/09/16 v1.2d Enhanced LaTeX Graphics (DPC,SPQR)

(C:\Users\micha\AppData\Local\Programs\MiKTeX\tex/latex/graphics\graphics.sty
Package: graphics 2022/03/10 v1.4e Standard LaTeX Graphics (DPC,SPQR)

(C:\Users\micha\AppData\Local\Programs\MiKTeX\tex/latex/graphics\trig.sty
Package: trig 2021/08/11 v1.11 sin cos tan (DPC)
)
(C:\Users\micha\AppData\Local\Programs\MiKTeX\tex/latex/graphics-cfg\graphics.c
fg
File: graphics.cfg 2016/06/04 v1.11 sample graphics configuration
)
Package graphics Info: Driver file: pdftex.def on input line 107.

(C:\Users\micha\AppData\Local\Programs\MiKTeX\tex/latex/graphics-def\pdftex.def
File: pdftex.def 2022/09/22 v1.2b Graphics/color driver for pdftex
))
\Gin@req@height=\dimen141
\Gin@req@width=\dimen142
)
(C:\Users\micha\AppData\Local\Programs\MiKTeX\tex/latex/multirow\multirow.sty
Package: multirow 2021/03/15 v2.8 Span multiple rows of a table
\multirow@colwidth=\skip51
\multirow@cntb=\count193
\multirow@dima=\skip52
\bigstrutjot=\dimen143
)
(C:\Users\micha\AppData\Local\Programs\MiKTeX\tex/latex/booktabs\booktabs.sty
Package: booktabs 2020/01/12 v1.61803398 Publication quality tables
\heavyrulewidth=\dimen144
\lightrulewidth=\dimen145
\cmidrulewidth=\dimen146
\belowrulesep=\dimen147
\belowbottomsep=\dimen148
\aboverulesep=\dimen149
\abovetopsep=\dimen150
\cmidrulesep=\dimen151
\cmidrulekern=\dimen152
\defaultaddspace=\dimen153
\@cmidla=\count194
\@cmidlb=\count195
\@aboverulesep=\dimen154
\@belowrulesep=\dimen155
\@thisruleclass=\count196
\@lastruleclass=\count197
\@thisrulewidth=\dimen156
)
(C:\Users\micha\AppData\Local\Programs\MiKTeX\tex/latex/tools\bm.sty
Package: bm 2022/01/05 v1.2f Bold Symbol Support (DPC/FMi)
\symboldoperators=\mathgroup4
\symboldletters=\mathgroup5
\symboldsymbols=\mathgroup6
Package bm Info: No bold for \OMX/cmex/m/n, using \pmb.
LaTeX Font Info:    Redeclaring math alphabet \mathbf on input line 149.
)
(C:\Users\micha\AppData\Local\Programs\MiKTeX\tex/latex/amsmath\amsmath.sty
Package: amsmath 2023/05/13 v2.17o AMS math features
\@mathmargin=\skip53

For additional information on amsmath, use the `?' option.
(C:\Users\micha\AppData\Local\Programs\MiKTeX\tex/latex/amsmath\amstext.sty
Package: amstext 2021/08/26 v2.01 AMS text

(C:\Users\micha\AppData\Local\Programs\MiKTeX\tex/latex/amsmath\amsgen.sty
File: amsgen.sty 1999/11/30 v2.0 generic functions
\@emptytoks=\toks18
\ex@=\dimen157
))
(C:\Users\micha\AppData\Local\Programs\MiKTeX\tex/latex/amsmath\amsbsy.sty
Package: amsbsy 1999/11/29 v1.2d Bold Symbols
LaTeX Info: Redefining \boldsymbol on input line 28.
\pmbraise@=\dimen158
)
(C:\Users\micha\AppData\Local\Programs\MiKTeX\tex/latex/amsmath\amsopn.sty
Package: amsopn 2022/04/08 v2.04 operator names
)
\inf@bad=\count198
LaTeX Info: Redefining \frac on input line 234.
\uproot@=\count199
\leftroot@=\count266
LaTeX Info: Redefining \overline on input line 399.
LaTeX Info: Redefining \colon on input line 410.
\classnum@=\count267
\DOTSCASE@=\count268
LaTeX Info: Redefining \ldots on input line 496.
LaTeX Info: Redefining \dots on input line 499.
LaTeX Info: Redefining \cdots on input line 620.
\Mathstrutbox@=\box51
\strutbox@=\box52
LaTeX Info: Redefining \big on input line 722.
LaTeX Info: Redefining \Big on input line 723.
LaTeX Info: Redefining \bigg on input line 724.
LaTeX Info: Redefining \Bigg on input line 725.
\big@size=\dimen159
LaTeX Font Info:    Redeclaring font encoding OML on input line 743.
LaTeX Font Info:    Redeclaring font encoding OMS on input line 744.
\macc@depth=\count269
LaTeX Info: Redefining \bmod on input line 905.
LaTeX Info: Redefining \pmod on input line 910.
LaTeX Info: Redefining \smash on input line 940.
LaTeX Info: Redefining \relbar on input line 970.
LaTeX Info: Redefining \Relbar on input line 971.
\c@MaxMatrixCols=\count270
\dotsspace@=\muskip17
\c@parentequation=\count271
\dspbrk@lvl=\count272
\tag@help=\toks19
\row@=\count273
\column@=\count274
\maxfields@=\count275
\andhelp@=\toks20
\eqnshift@=\dimen160
\alignsep@=\dimen161
\tagshift@=\dimen162
\tagwidth@=\dimen163
\totwidth@=\dimen164
\lineht@=\dimen165
\@envbody=\toks21
\multlinegap=\skip54
\multlinetaggap=\skip55
\mathdisplay@stack=\toks22
LaTeX Info: Redefining \[ on input line 2953.
LaTeX Info: Redefining \] on input line 2954.
)
(C:\Users\micha\AppData\Local\Programs\MiKTeX\tex/latex/tools\array.sty
Package: array 2022/09/04 v2.5g Tabular extension package (FMi)
\col@sep=\dimen166
\ar@mcellbox=\box53
\extrarowheight=\dimen167
\NC@list=\toks23
\extratabsurround=\skip56
\backup@length=\skip57
\ar@cellbox=\box54
)
(C:\Users\micha\AppData\Local\Programs\MiKTeX\tex/latex/amsfonts\amssymb.sty
Package: amssymb 2013/01/14 v3.01 AMS font symbols

(C:\Users\micha\AppData\Local\Programs\MiKTeX\tex/latex/amsfonts\amsfonts.sty
Package: amsfonts 2013/01/14 v3.01 Basic AMSFonts support
\symAMSa=\mathgroup7
\symAMSb=\mathgroup8
LaTeX Font Info:    Redeclaring math symbol \hbar on input line 98.
LaTeX Font Info:    Overwriting math alphabet `\mathfrak' in version `bold'
(Font)                  U/euf/m/n --> U/euf/b/n on input line 106.
))
LaTeX Font Info:    Trying to load font information for OT1+ptm on input line 1
08.
(C:\Users\micha\AppData\Local\Programs\MiKTeX\tex/latex/psnfss\ot1ptm.fd
File: ot1ptm.fd 2001/06/04 font definitions for OT1/ptm.
)
(C:\Users\micha\AppData\Local\Programs\MiKTeX\tex/latex/l3backend\l3backend-pdf
tex.def
File: l3backend-pdftex.def 2023-04-19 L3 backend support: PDF output (pdfTeX)
\l__color_backend_stack_int=\count276
\l__pdf_internal_box=\box55
) (AAAI-YuT.833_changed.aux)
\openout1 = `AAAI-YuT.833_changed.aux'.

LaTeX Font Info:    Checking defaults for OML/cmm/m/it on input line 108.
LaTeX Font Info:    ... okay on input line 108.
LaTeX Font Info:    Checking defaults for OMS/cmsy/m/n on input line 108.
LaTeX Font Info:    ... okay on input line 108.
LaTeX Font Info:    Checking defaults for OT1/cmr/m/n on input line 108.
LaTeX Font Info:    ... okay on input line 108.
LaTeX Font Info:    Checking defaults for T1/cmr/m/n on input line 108.
LaTeX Font Info:    ... okay on input line 108.
LaTeX Font Info:    Checking defaults for TS1/cmr/m/n on input line 108.
LaTeX Font Info:    ... okay on input line 108.
LaTeX Font Info:    Checking defaults for OMX/cmex/m/n on input line 108.
LaTeX Font Info:    ... okay on input line 108.
LaTeX Font Info:    Checking defaults for U/cmr/m/n on input line 108.
LaTeX Font Info:    ... okay on input line 108.

(C:\Users\micha\AppData\Local\Programs\MiKTeX\tex/context/base/mkii\supp-pdf.mk
ii
[Loading MPS to PDF converter (version 2006.09.02).]
\scratchcounter=\count277
\scratchdimen=\dimen168
\scratchbox=\box56
\nofMPsegments=\count278
\nofMParguments=\count279
\everyMPshowfont=\toks24
\MPscratchCnt=\count280
\MPscratchDim=\dimen169
\MPnumerator=\count281
\makeMPintoPDFobject=\count282
\everyMPtoPDFconversion=\toks25
)
(C:\Users\micha\AppData\Local\Programs\MiKTeX\tex/latex/epstopdf-pkg\epstopdf-b
ase.sty
Package: epstopdf-base 2020-01-24 v2.11 Base part for package epstopdf
Package epstopdf-base Info: Redefining graphics rule for `.eps' on input line 4
85.

(C:\Users\micha\AppData\Local\Programs\MiKTeX\tex/latex/00miktex\epstopdf-sys.c
fg
File: epstopdf-sys.cfg 2021/03/18 v2.0 Configuration of epstopdf for MiKTeX
))
LaTeX Font Info:    Trying to load font information for U+msa on input line 110
.
 (C:\Users\micha\AppData\Local\Programs\MiKTeX\tex/latex/amsfonts\umsa.fd
File: umsa.fd 2013/01/14 v3.01 AMS symbols A
)
LaTeX Font Info:    Trying to load font information for U+msb on input line 110
.

(C:\Users\micha\AppData\Local\Programs\MiKTeX\tex/latex/amsfonts\umsb.fd
File: umsb.fd 2013/01/14 v3.01 AMS symbols B
)
LaTeX Font Info:    Trying to load font information for TS1+ptm on input line 1
10.

(C:\Users\micha\AppData\Local\Programs\MiKTeX\tex/latex/psnfss\ts1ptm.fd
File: ts1ptm.fd 2001/06/04 font definitions for TS1/ptm.
)
LaTeX Font Info:    Trying to load font information for OMS+ptm on input line 1
10.

(C:\Users\micha\AppData\Local\Programs\MiKTeX\tex/latex/psnfss\omsptm.fd
File: omsptm.fd 
)
LaTeX Font Info:    Font shape `OMS/ptm/m/n' in size <10> not available
(Font)              Font shape `OMS/cmsy/m/n' tried instead on input line 110.


LaTeX Warning: Citation `bertalmio2000image' on page 1 undefined on input line 
124.


LaTeX Warning: Citation `ballester2001filling' on page 1 undefined on input lin
e 124.


LaTeX Warning: Citation `esedoglu2002digital' on page 1 undefined on input line
 124.


LaTeX Warning: Citation `bertalmio2003simultaneous' on page 1 undefined on inpu
t line 124.


LaTeX Warning: Citation `drori2003fragment' on page 1 undefined on input line 1
24.


LaTeX Warning: Citation `barnes2009patchmatch' on page 1 undefined on input lin
e 124.


LaTeX Warning: Citation `xu2010image' on page 1 undefined on input line 124.


LaTeX Warning: Citation `darabi2012image' on page 1 undefined on input line 124
.

<833_figure1_RN.pdf, id=1, 435.80725pt x 186.58698pt>
File: 833_figure1_RN.pdf Graphic file (type pdf)
<use 833_figure1_RN.pdf>
Package pdftex.def Info: 833_figure1_RN.pdf  used on input line 128.
(pdftex.def)             Requested size: 227.42392pt x 97.37027pt.

LaTeX Warning: Citation `yu2018generative' on page 1 undefined on input line 13
4.


LaTeX Warning: Citation `liu2018image' on page 1 undefined on input line 134.


LaTeX Warning: Citation `yu2019free' on page 1 undefined on input line 134.


LaTeX Warning: Citation `nazeri2019edgeconnect' on page 1 undefined on input li
ne 134.


LaTeX Warning: Citation `liu2018image' on page 1 undefined on input line 134.

[1{C:/Users/micha/AppData/Local/MiKTeX/fonts/map/pdftex/pdftex.map}{C:/Users/mi
cha/AppData/Local/Programs/MiKTeX/fonts/enc/dvips/base/8r.enc}



 <./833_figure1_RN.pdf>]

LaTeX Warning: Citation `zhou2017places' on page 2 undefined on input line 140.



LaTeX Warning: Citation `liu2015deep' on page 2 undefined on input line 140.


Underfull \hbox (badness 1028) in paragraph at lines 147--148
[]\OT1/ptm/m/n/10 To the best our knowl-edge, we are the first to
 []


Underfull \hbox (badness 2512) in paragraph at lines 147--148
[] \OT1/ptm/m/n/10 spa-tially region-wise nor-mal-iza-tion $\OML/cmm/m/it/10 i:
e:$
 []


LaTeX Warning: Citation `bertalmio2000image' on page 2 undefined on input line 
160.


LaTeX Warning: Citation `ballester2001filling' on page 2 undefined on input lin
e 160.


LaTeX Warning: Citation `esedoglu2002digital' on page 2 undefined on input line
 160.


LaTeX Warning: Citation `bertalmio2003simultaneous' on page 2 undefined on inpu
t line 160.


LaTeX Warning: Citation `drori2003fragment' on page 2 undefined on input line 1
60.


LaTeX Warning: Citation `barnes2009patchmatch' on page 2 undefined on input lin
e 160.


LaTeX Warning: Citation `xu2010image' on page 2 undefined on input line 160.


LaTeX Warning: Citation `darabi2012image' on page 2 undefined on input line 160
.


LaTeX Warning: Citation `pathak2016context' on page 2 undefined on input line 1
62.


LaTeX Warning: Citation `goodfellow2014generative' on page 2 undefined on input
 line 162.


LaTeX Warning: Citation `yeh2017semantic' on page 2 undefined on input line 162
.


LaTeX Warning: Citation `iizuka2017globally' on page 2 undefined on input line 
162.


LaTeX Warning: Citation `yu2018generative' on page 2 undefined on input line 16
2.


LaTeX Warning: Citation `xiong2019foreground' on page 2 undefined on input line
 162.


LaTeX Warning: Citation `nazeri2019edgeconnect' on page 2 undefined on input li
ne 162.


LaTeX Warning: Citation `yu2018generative' on page 2 undefined on input line 16
2.


LaTeX Warning: Citation `liu2018image' on page 2 undefined on input line 162.


LaTeX Warning: Citation `yu2019free' on page 2 undefined on input line 162.


LaTeX Warning: Citation `nazeri2019edgeconnect' on page 2 undefined on input li
ne 162.


LaTeX Warning: Citation `ioffe2015batch' on page 2 undefined on input line 170.



LaTeX Warning: Citation `ulyanov2016instance' on page 2 undefined on input line
 170.


LaTeX Warning: Citation `ba2016layer' on page 2 undefined on input line 170.


LaTeX Warning: Citation `wu2018group' on page 2 undefined on input line 170.


LaTeX Warning: Citation `dumoulin2016learned' on page 2 undefined on input line
 173.


LaTeX Warning: Citation `huang2017arbitrary' on page 2 undefined on input line 
173.


LaTeX Warning: Citation `de2017modulating' on page 2 undefined on input line 17
3.


LaTeX Warning: Citation `park2019semantic' on page 2 undefined on input line 17
3.


Underfull \hbox (badness 1092) in paragraph at lines 172--174
\OT1/ptm/m/n/10 above nor-mal-iza-tion meth-ods, con-di-tional nor-mal-iza-tion

 []

<833_figure2_motivation.pdf, id=29, 223.37955pt x 191.5155pt>
File: 833_figure2_motivation.pdf Graphic file (type pdf)
<use 833_figure2_motivation.pdf>
Package pdftex.def Info: 833_figure2_motivation.pdf  used on input line 190.
(pdftex.def)             Requested size: 227.42392pt x 194.98376pt.
[2]

LaTeX Warning: Citation `ioffe2015batch' on page 3 undefined on input line 211.



LaTeX Warning: Citation `ioffe2015batch' on page 3 undefined on input line 220.



Underfull \hbox (badness 4582) in paragraph at lines 233--234
 \OT1/ptm/b/n/10 For-mu-la-tion of Re-gion Nor-mal-iza-tion. \OT1/ptm/m/n/10 Le
t $\OML/cmm/m/it/10 X \OMS/cmsy/m/n/10 2
 []

[3 <./833_figure2_motivation.pdf>]
<833_figure3_2RNs.pdf, id=86, 160.3079pt x 186.8069pt>
File: 833_figure3_2RNs.pdf Graphic file (type pdf)
<use 833_figure3_2RNs.pdf>
Package pdftex.def Info: 833_figure3_2RNs.pdf  used on input line 282.
(pdftex.def)             Requested size: 203.48668pt x 237.13666pt.


LaTeX Warning: Citation `zagoruyko2016paying' on page 4 undefined on input line
 290.


LaTeX Warning: Citation `Woo_2018_ECCV' on page 4 undefined on input line 290.

<833_figure4_arch.pdf, id=87, 697.10437pt x 188.20313pt>
File: 833_figure4_arch.pdf Graphic file (type pdf)
<use 833_figure4_arch.pdf>
Package pdftex.def Info: 833_figure4_arch.pdf  used on input line 313.
(pdftex.def)             Requested size: 447.70987pt x 120.87172pt.

LaTeX Warning: Citation `nazeri2019edgeconnect' on page 4 undefined on input li
ne 323.


LaTeX Warning: Citation `johnson2016perceptual' on page 4 undefined on input li
ne 323.


LaTeX Warning: Citation `isola2017image' on page 4 undefined on input line 323.



LaTeX Warning: Citation `zhu2017unpaired' on page 4 undefined on input line 323
.

[4 <./833_figure3_2RNs.pdf>]

LaTeX Warning: Citation `zhou2017places' on page 5 undefined on input line 335.



LaTeX Warning: Citation `liu2015deep' on page 5 undefined on input line 335.


LaTeX Warning: Citation `liu2018image' on page 5 undefined on input line 335.


LaTeX Warning: Citation `yu2018generative' on page 5 undefined on input line 34
1.


LaTeX Warning: Citation `liu2018image' on page 5 undefined on input line 343.


LaTeX Warning: Citation `yu2019free' on page 5 undefined on input line 345.


LaTeX Warning: Citation `nazeri2019edgeconnect' on page 5 undefined on input li
ne 347.


LaTeX Warning: Citation `wang2004image' on page 5 undefined on input line 351.


LaTeX Warning: Citation `yu2018generative' on page 5 undefined on input line 38
4.


LaTeX Warning: Citation `liu2018image' on page 5 undefined on input line 384.


LaTeX Warning: Citation `yu2019free' on page 5 undefined on input line 384.


LaTeX Warning: Citation `nazeri2019edgeconnect' on page 5 undefined on input li
ne 384.


LaTeX Warning: Citation `yu2018generative' on page 5 undefined on input line 38
4.


LaTeX Warning: Citation `liu2018image' on page 5 undefined on input line 384.


LaTeX Warning: Citation `yu2019free' on page 5 undefined on input line 384.


LaTeX Warning: Citation `nazeri2019edgeconnect' on page 5 undefined on input li
ne 384.

<833_figure5_comparisons.pdf, id=269, 1692.3225pt x 815.99753pt>
File: 833_figure5_comparisons.pdf Graphic file (type pdf)
<use 833_figure5_comparisons.pdf>
Package pdftex.def Info: 833_figure5_comparisons.pdf  used on input line 394.
(pdftex.def)             Requested size: 480.59395pt x 231.72748pt.

LaTeX Warning: Citation `yu2018generative' on page 5 undefined on input line 39
6.


LaTeX Warning: Citation `liu2018image' on page 5 undefined on input line 396.


LaTeX Warning: Citation `yu2019free' on page 5 undefined on input line 396.


LaTeX Warning: Citation `nazeri2019edgeconnect' on page 5 undefined on input li
ne 396.


LaTeX Warning: Citation `yu2018generative' on page 5 undefined on input line 39
6.


LaTeX Warning: Citation `liu2018image' on page 5 undefined on input line 396.


LaTeX Warning: Citation `yu2019free' on page 5 undefined on input line 396.


LaTeX Warning: Citation `nazeri2019edgeconnect' on page 5 undefined on input li
ne 396.

<833_figure6_EarlyStage.pdf, id=270, 238.48477pt x 126.05093pt>
File: 833_figure6_EarlyStage.pdf Graphic file (type pdf)
<use 833_figure6_EarlyStage.pdf>
Package pdftex.def Info: 833_figure6_EarlyStage.pdf  used on input line 448.
(pdftex.def)             Requested size: 227.42392pt x 120.21123pt.
[5 <./833_figure4_arch.pdf>] [6 <./833_figure5_comparisons.pdf> <./833_figure6_
EarlyStage.pdf

pdfTeX warning: pdflatex (file ./833_figure6_EarlyStage.pdf): PDF inclusion: mu
ltiple pdfs with page group included in a single page
>]
<833_figure7_ThresholdVisual.pdf, id=354, 1187.18532pt x 227.34938pt>
File: 833_figure7_ThresholdVisual.pdf Graphic file (type pdf)
<use 833_figure7_ThresholdVisual.pdf>
Package pdftex.def Info: 833_figure7_ThresholdVisual.pdf  used on input line 46
6.
(pdftex.def)             Requested size: 227.42392pt x 43.55067pt.


LaTeX Warning: Citation `yu2018generative' on page 7 undefined on input line 52
8.


LaTeX Warning: Citation `liu2018image' on page 7 undefined on input line 528.


LaTeX Warning: Citation `yu2019free' on page 7 undefined on input line 528.


LaTeX Warning: Citation `yu2018generative' on page 7 undefined on input line 52
8.


LaTeX Warning: Citation `liu2018image' on page 7 undefined on input line 528.


LaTeX Warning: Citation `yu2019free' on page 7 undefined on input line 528.

<833_figure8_Visualization.pdf, id=355, 241.09052pt x 200.67973pt>
File: 833_figure8_Visualization.pdf Graphic file (type pdf)
<use 833_figure8_Visualization.pdf>
Package pdftex.def Info: 833_figure8_Visualization.pdf  used on input line 537.

(pdftex.def)             Requested size: 227.42392pt x 189.31262pt.

Underfull \vbox (badness 10000) has occurred while \output is active []

 [7 <./833_figure7_ThresholdVisual.pdf> <./833_figure8_Visualization.pdf

pdfTeX warning: pdflatex (file ./833_figure8_Visualization.pdf): PDF inclusion:
 multiple pdfs with page group included in a single page
>]
<833_figure9_RealUse.pdf, id=402, 587.94656pt x 978.65625pt>
File: 833_figure9_RealUse.pdf Graphic file (type pdf)
<use 833_figure9_RealUse.pdf>
Package pdftex.def Info: 833_figure9_RealUse.pdf  used on input line 564.
(pdftex.def)             Requested size: 227.42392pt x 378.55339pt.

No file AAAI-YuT.833_changed.bbl.

Underfull \vbox (badness 10000) has occurred while \output is active []

 [8 <./833_figure9_RealUse.pdf>] [9

] (AAAI-YuT.833_changed.aux)
 ***********
LaTeX2e <2023-06-01> patch level 1
L3 programming layer <2023-08-29>
 ***********
 ) 
Here is how much of TeX's memory you used:
 3253 strings out of 475247
 50543 string characters out of 5757792
 1951801 words of memory out of 5000000
 24707 multiletter control sequences out of 15000+600000
 588726 words of font info for 113 fonts, out of 8000000 for 9000
 1141 hyphenation exceptions out of 8191
 57i,15n,65p,4062b,367s stack positions out of 10000i,1000n,20000p,200000b,200000s
<C:/Users/micha/AppData/Local/Programs/MiKTeX/fonts/type1/public/amsfonts/cm/
cmbx10.pfb><C:/Users/micha/AppData/Local/Programs/MiKTeX/fonts/type1/public/ams
fonts/cm/cmex10.pfb><C:/Users/micha/AppData/Local/Programs/MiKTeX/fonts/type1/p
ublic/amsfonts/cm/cmmi10.pfb><C:/Users/micha/AppData/Local/Programs/MiKTeX/font
s/type1/public/amsfonts/cm/cmmi5.pfb><C:/Users/micha/AppData/Local/Programs/MiK
TeX/fonts/type1/public/amsfonts/cm/cmmi7.pfb><C:/Users/micha/AppData/Local/Prog
rams/MiKTeX/fonts/type1/public/amsfonts/cm/cmmi9.pfb><C:/Users/micha/AppData/Lo
cal/Programs/MiKTeX/fonts/type1/public/amsfonts/cm/cmmib10.pfb><C:/Users/micha/
AppData/Local/Programs/MiKTeX/fonts/type1/public/amsfonts/cmextra/cmmib7.pfb><C
:/Users/micha/AppData/Local/Programs/MiKTeX/fonts/type1/public/amsfonts/cm/cmr1
0.pfb><C:/Users/micha/AppData/Local/Programs/MiKTeX/fonts/type1/public/amsfonts
/cm/cmr7.pfb><C:/Users/micha/AppData/Local/Programs/MiKTeX/fonts/type1/public/a
msfonts/cm/cmsy10.pfb><C:/Users/micha/AppData/Local/Programs/MiKTeX/fonts/type1
/public/amsfonts/cm/cmsy7.pfb><C:/Users/micha/AppData/Local/Programs/MiKTeX/fon
ts/type1/public/amsfonts/symbols/msbm10.pfb><C:/Users/micha/AppData/Local/Progr
ams/MiKTeX/fonts/type1/urw/times/utmb8a.pfb><C:/Users/micha/AppData/Local/Progr
ams/MiKTeX/fonts/type1/urw/times/utmr8a.pfb>
Output written on AAAI-YuT.833_changed.pdf (9 pages, 3183380 bytes).
PDF statistics:
 489 PDF objects out of 1000 (max. 8388607)
 0 named destinations out of 1000 (max. 500000)
 46 words of extra memory for PDF output out of 10000 (max. 10000000)

