This is pdfTeX, Version 3.141592653-2.6-1.40.25 (MiKTeX 23.9) (preloaded format=pdflatex 2023.9.22)  30 MAR 2024 16:44
entering extended mode
 restricted \write18 enabled.
 %&-line parsing enabled.
**./formatting-instructions-latex-2018_changed.tex
(formatting-instructions-latex-2018_changed.tex
LaTeX2e <2023-06-01> patch level 1
L3 programming layer <2023-08-29>
(C:\Users\micha\AppData\Local\Programs\MiKTeX\tex/latex/base\article.cls
Document Class: article 2023/05/17 v1.4n Standard LaTeX document class
(C:\Users\micha\AppData\Local\Programs\MiKTeX\tex/latex/base\size10.clo
File: size10.clo 2023/05/17 v1.4n Standard LaTeX file (size option)
)
\c@part=\count185
\c@section=\count186
\c@subsection=\count187
\c@subsubsection=\count188
\c@paragraph=\count189
\c@subparagraph=\count190
\c@figure=\count191
\c@table=\count192
\abovecaptionskip=\skip48
\belowcaptionskip=\skip49
\bibindent=\dimen140
)
(aaai18.sty
Conference Style for AAAI for LaTeX 2e -- version for the AAAI-18 conference
\titlebox=\skip50
) (C:\Users\micha\AppData\Local\Programs\MiKTeX\tex/latex/psnfss\times.sty
Package: times 2020/03/25 PSNFSS-v9.3 (SPQR) 
)
(C:\Users\micha\AppData\Local\Programs\MiKTeX\tex/latex/psnfss\helvet.sty
Package: helvet 2020/03/25 PSNFSS-v9.3 (WaS) 

(C:\Users\micha\AppData\Local\Programs\MiKTeX\tex/latex/graphics\keyval.sty
Package: keyval 2022/05/29 v1.15 key=value parser (DPC)
\KV@toks@=\toks17
))
(C:\Users\micha\AppData\Local\Programs\MiKTeX\tex/latex/psnfss\courier.sty
Package: courier 2020/03/25 PSNFSS-v9.3 (WaS) 
)
(C:\Users\micha\AppData\Local\Programs\MiKTeX\tex/latex/url\url.sty
\Urlmuskip=\muskip16
Package: url 2013/09/16  ver 3.4  Verb mode for urls, etc.
)
(C:\Users\micha\AppData\Local\Programs\MiKTeX\tex/latex/graphics\graphicx.sty
Package: graphicx 2021/09/16 v1.2d Enhanced LaTeX Graphics (DPC,SPQR)

(C:\Users\micha\AppData\Local\Programs\MiKTeX\tex/latex/graphics\graphics.sty
Package: graphics 2022/03/10 v1.4e Standard LaTeX Graphics (DPC,SPQR)

(C:\Users\micha\AppData\Local\Programs\MiKTeX\tex/latex/graphics\trig.sty
Package: trig 2021/08/11 v1.11 sin cos tan (DPC)
)
(C:\Users\micha\AppData\Local\Programs\MiKTeX\tex/latex/graphics-cfg\graphics.c
fg
File: graphics.cfg 2016/06/04 v1.11 sample graphics configuration
)
Package graphics Info: Driver file: pdftex.def on input line 107.

(C:\Users\micha\AppData\Local\Programs\MiKTeX\tex/latex/graphics-def\pdftex.def
File: pdftex.def 2022/09/22 v1.2b Graphics/color driver for pdftex
))
\Gin@req@height=\dimen141
\Gin@req@width=\dimen142
) (C:\Users\micha\AppData\Local\Programs\MiKTeX\tex/latex/graphics\epsfig.sty
Package: epsfig 2017/06/25 v1.7b (e)psfig emulation (SPQR)
\epsfxsize=\dimen143
\epsfysize=\dimen144
) (C:\Users\micha\AppData\Local\Programs\MiKTeX\tex/latex/amsmath\amsmath.sty
Package: amsmath 2023/05/13 v2.17o AMS math features
\@mathmargin=\skip51

For additional information on amsmath, use the `?' option.
(C:\Users\micha\AppData\Local\Programs\MiKTeX\tex/latex/amsmath\amstext.sty
Package: amstext 2021/08/26 v2.01 AMS text

(C:\Users\micha\AppData\Local\Programs\MiKTeX\tex/latex/amsmath\amsgen.sty
File: amsgen.sty 1999/11/30 v2.0 generic functions
\@emptytoks=\toks18
\ex@=\dimen145
))
(C:\Users\micha\AppData\Local\Programs\MiKTeX\tex/latex/amsmath\amsbsy.sty
Package: amsbsy 1999/11/29 v1.2d Bold Symbols
\pmbraise@=\dimen146
)
(C:\Users\micha\AppData\Local\Programs\MiKTeX\tex/latex/amsmath\amsopn.sty
Package: amsopn 2022/04/08 v2.04 operator names
)
\inf@bad=\count193
LaTeX Info: Redefining \frac on input line 234.
\uproot@=\count194
\leftroot@=\count195
LaTeX Info: Redefining \overline on input line 399.
LaTeX Info: Redefining \colon on input line 410.
\classnum@=\count196
\DOTSCASE@=\count197
LaTeX Info: Redefining \ldots on input line 496.
LaTeX Info: Redefining \dots on input line 499.
LaTeX Info: Redefining \cdots on input line 620.
\Mathstrutbox@=\box51
\strutbox@=\box52
LaTeX Info: Redefining \big on input line 722.
LaTeX Info: Redefining \Big on input line 723.
LaTeX Info: Redefining \bigg on input line 724.
LaTeX Info: Redefining \Bigg on input line 725.
\big@size=\dimen147
LaTeX Font Info:    Redeclaring font encoding OML on input line 743.
LaTeX Font Info:    Redeclaring font encoding OMS on input line 744.
\macc@depth=\count198
LaTeX Info: Redefining \bmod on input line 905.
LaTeX Info: Redefining \pmod on input line 910.
LaTeX Info: Redefining \smash on input line 940.
LaTeX Info: Redefining \relbar on input line 970.
LaTeX Info: Redefining \Relbar on input line 971.
\c@MaxMatrixCols=\count199
\dotsspace@=\muskip17
\c@parentequation=\count266
\dspbrk@lvl=\count267
\tag@help=\toks19
\row@=\count268
\column@=\count269
\maxfields@=\count270
\andhelp@=\toks20
\eqnshift@=\dimen148
\alignsep@=\dimen149
\tagshift@=\dimen150
\tagwidth@=\dimen151
\totwidth@=\dimen152
\lineht@=\dimen153
\@envbody=\toks21
\multlinegap=\skip52
\multlinetaggap=\skip53
\mathdisplay@stack=\toks22
LaTeX Info: Redefining \[ on input line 2953.
LaTeX Info: Redefining \] on input line 2954.
)
(C:\Users\micha\AppData\Local\Programs\MiKTeX\tex/latex/amsfonts\amssymb.sty
Package: amssymb 2013/01/14 v3.01 AMS font symbols

(C:\Users\micha\AppData\Local\Programs\MiKTeX\tex/latex/amsfonts\amsfonts.sty
Package: amsfonts 2013/01/14 v3.01 Basic AMSFonts support
\symAMSa=\mathgroup4
\symAMSb=\mathgroup5
LaTeX Font Info:    Redeclaring math symbol \hbar on input line 98.
LaTeX Font Info:    Overwriting math alphabet `\mathfrak' in version `bold'
(Font)                  U/euf/m/n --> U/euf/b/n on input line 106.
)) (C:\Users\micha\AppData\Local\Programs\MiKTeX\tex/latex/slashbox\slashbox.st
y
slashbox style by K.Yasuoka, May 1993.
\@slashboxa=\box53
\@slashboxb=\box54
\@slashboxc=\box55
\@slashboxwd=\count271
\@slashboxht=\count272
\@slashsepl=\dimen154
\@slashsepr=\dimen155
) (C:\Users\micha\AppData\Local\Programs\MiKTeX\tex/latex/tools\tabularx.sty
Package: tabularx 2020/01/15 v2.11c `tabularx' package (DPC)

(C:\Users\micha\AppData\Local\Programs\MiKTeX\tex/latex/tools\array.sty
Package: array 2022/09/04 v2.5g Tabular extension package (FMi)
\col@sep=\dimen156
\ar@mcellbox=\box56
\extrarowheight=\dimen157
\NC@list=\toks23
\extratabsurround=\skip54
\backup@length=\skip55
\ar@cellbox=\box57
)
\TX@col@width=\dimen158
\TX@old@table=\dimen159
\TX@old@col=\dimen160
\TX@target=\dimen161
\TX@delta=\dimen162
\TX@cols=\count273
\TX@ftn=\toks24
)
(C:\Users\micha\AppData\Local\Programs\MiKTeX\tex/latex/xcolor\xcolor.sty
Package: xcolor 2022/06/12 v2.14 LaTeX color extensions (UK)

(C:\Users\micha\AppData\Local\Programs\MiKTeX\tex/latex/graphics-cfg\color.cfg
File: color.cfg 2016/01/02 v1.6 sample color configuration
)
Package xcolor Info: Driver file: pdftex.def on input line 227.
(C:\Users\micha\AppData\Local\Programs\MiKTeX\tex/latex/colortbl\colortbl.sty
Package: colortbl 2022/06/20 v1.0f Color table columns (DPC)
\everycr=\toks25
\minrowclearance=\skip56
\rownum=\count274
)
(C:\Users\micha\AppData\Local\Programs\MiKTeX\tex/latex/graphics\mathcolor.ltx)
Package xcolor Info: Model `cmy' substituted by `cmy0' on input line 1353.
Package xcolor Info: Model `hsb' substituted by `rgb' on input line 1357.
Package xcolor Info: Model `RGB' extended on input line 1369.
Package xcolor Info: Model `HTML' substituted by `rgb' on input line 1371.
Package xcolor Info: Model `Hsb' substituted by `hsb' on input line 1372.
Package xcolor Info: Model `tHsb' substituted by `hsb' on input line 1373.
Package xcolor Info: Model `HSB' substituted by `hsb' on input line 1374.
Package xcolor Info: Model `Gray' substituted by `gray' on input line 1375.
Package xcolor Info: Model `wave' substituted by `hsb' on input line 1376.
)
(C:\Users\micha\AppData\Local\Programs\MiKTeX\tex/latex/algorithms\algorithm.st
y
Package: algorithm 2009/08/24 v0.1 Document Style `algorithm' - floating enviro
nment
 (C:\Users\micha\AppData\Local\Programs\MiKTeX\tex/latex/float\float.sty
Package: float 2001/11/08 v1.3d Float enhancements (AL)
\c@float@type=\count275
\float@exts=\toks26
\float@box=\box58
\@float@everytoks=\toks27
\@floatcapt=\box59
)
(C:\Users\micha\AppData\Local\Programs\MiKTeX\tex/latex/base\ifthen.sty
Package: ifthen 2022/04/13 v1.1d Standard LaTeX ifthen package (DPC)
)
\@float@every@algorithm=\toks28
\c@algorithm=\count276
)
(C:\Users\micha\AppData\Local\Programs\MiKTeX\tex/latex/algorithms\algorithmic.
sty
Package: algorithmic 2009/08/24 v0.1 Document Style `algorithmic'
\c@ALC@unique=\count277
\c@ALC@line=\count278
\c@ALC@rem=\count279
\c@ALC@depth=\count280
\ALC@tlm=\skip57
\algorithmicindent=\skip58
)
(C:\Users\micha\AppData\Local\Programs\MiKTeX\tex/latex/multirow\multirow.sty
Package: multirow 2021/03/15 v2.8 Span multiple rows of a table
\multirow@colwidth=\skip59
\multirow@cntb=\count281
\multirow@dima=\skip60
\bigstrutjot=\dimen163
)
LaTeX Font Info:    Trying to load font information for OT1+ptm on input line 5
8.

(C:\Users\micha\AppData\Local\Programs\MiKTeX\tex/latex/psnfss\ot1ptm.fd
File: ot1ptm.fd 2001/06/04 font definitions for OT1/ptm.
)
(C:\Users\micha\AppData\Local\Programs\MiKTeX\tex/latex/l3backend\l3backend-pdf
tex.def
File: l3backend-pdftex.def 2023-04-19 L3 backend support: PDF output (pdfTeX)
\l__color_backend_stack_int=\count282
\l__pdf_internal_box=\box60
) (formatting-instructions-latex-2018_changed.aux)
\openout1 = `formatting-instructions-latex-2018_changed.aux'.

LaTeX Font Info:    Checking defaults for OML/cmm/m/it on input line 58.
LaTeX Font Info:    ... okay on input line 58.
LaTeX Font Info:    Checking defaults for OMS/cmsy/m/n on input line 58.
LaTeX Font Info:    ... okay on input line 58.
LaTeX Font Info:    Checking defaults for OT1/cmr/m/n on input line 58.
LaTeX Font Info:    ... okay on input line 58.
LaTeX Font Info:    Checking defaults for T1/cmr/m/n on input line 58.
LaTeX Font Info:    ... okay on input line 58.
LaTeX Font Info:    Checking defaults for TS1/cmr/m/n on input line 58.
LaTeX Font Info:    ... okay on input line 58.
LaTeX Font Info:    Checking defaults for OMX/cmex/m/n on input line 58.
LaTeX Font Info:    ... okay on input line 58.
LaTeX Font Info:    Checking defaults for U/cmr/m/n on input line 58.
LaTeX Font Info:    ... okay on input line 58.

(C:\Users\micha\AppData\Local\Programs\MiKTeX\tex/context/base/mkii\supp-pdf.mk
ii
[Loading MPS to PDF converter (version 2006.09.02).]
\scratchcounter=\count283
\scratchdimen=\dimen164
\scratchbox=\box61
\nofMPsegments=\count284
\nofMParguments=\count285
\everyMPshowfont=\toks29
\MPscratchCnt=\count286
\MPscratchDim=\dimen165
\MPnumerator=\count287
\makeMPintoPDFobject=\count288
\everyMPtoPDFconversion=\toks30
)
(C:\Users\micha\AppData\Local\Programs\MiKTeX\tex/latex/epstopdf-pkg\epstopdf-b
ase.sty
Package: epstopdf-base 2020-01-24 v2.11 Base part for package epstopdf
Package epstopdf-base Info: Redefining graphics rule for `.eps' on input line 4
85.

(C:\Users\micha\AppData\Local\Programs\MiKTeX\tex/latex/00miktex\epstopdf-sys.c
fg
File: epstopdf-sys.cfg 2021/03/18 v2.0 Configuration of epstopdf for MiKTeX
))
LaTeX Font Info:    Trying to load font information for U+msa on input line 76.

 (C:\Users\micha\AppData\Local\Programs\MiKTeX\tex/latex/amsfonts\umsa.fd
File: umsa.fd 2013/01/14 v3.01 AMS symbols A
)
LaTeX Font Info:    Trying to load font information for U+msb on input line 76.


(C:\Users\micha\AppData\Local\Programs\MiKTeX\tex/latex/amsfonts\umsb.fd
File: umsb.fd 2013/01/14 v3.01 AMS symbols B
)
Overfull \vbox (7.44028pt too high) detected at line 76
 []

LaTeX Font Info:    Trying to load font information for TS1+ptm on input line 7
6.
(C:\Users\micha\AppData\Local\Programs\MiKTeX\tex/latex/psnfss\ts1ptm.fd
File: ts1ptm.fd 2001/06/04 font definitions for TS1/ptm.
)
<fig/example.pdf, id=1, 941.83766pt x 511.40459pt>
File: fig/example.pdf Graphic file (type pdf)
<use fig/example.pdf>
Package pdftex.def Info: fig/example.pdf  used on input line 87.
(pdftex.def)             Requested size: 235.80374pt x 128.0374pt.


LaTeX Warning: Citation `MurrayCVPR2012' on page 1 undefined on input line 88.


LaTeX Warning: Citation `MurrayCVPR2012' on page 1 undefined on input line 88.


LaTeX Warning: Citation `MaiCVPR2016' on page 1 undefined on input line 110.


LaTeX Warning: Citation `DengSPM2017' on page 1 undefined on input line 112.


LaTeX Warning: Citation `KarayevBMVC2014' on page 1 undefined on input line 113
.


LaTeX Warning: Citation `LuMM2014' on page 1 undefined on input line 113.


LaTeX Warning: Citation `KaoICIP2015' on page 1 undefined on input line 113.


LaTeX Warning: Citation `LuICCV2015' on page 1 undefined on input line 113.


LaTeX Warning: Citation `LuTMM2015' on page 1 undefined on input line 113.


LaTeX Warning: Citation `DongNC2015' on page 1 undefined on input line 113.


LaTeX Warning: Citation `KaoSPIC2016' on page 1 undefined on input line 113.


LaTeX Warning: Citation `WangSP2016' on page 1 undefined on input line 113.


LaTeX Warning: Citation `MaiCVPR2016' on page 1 undefined on input line 113.


LaTeX Warning: Citation `KongECCV2016' on page 1 undefined on input line 113.


LaTeX Warning: Citation `JinWCSP2016' on page 1 undefined on input line 113.


LaTeX Warning: Citation `KaoTIP2017' on page 1 undefined on input line 113.


LaTeX Warning: Citation `MaCVPR2017' on page 1 undefined on input line 113.


LaTeX Warning: Citation `WuICCV2011' on page 1 undefined on input line 123.

[1{C:/Users/micha/AppData/Local/MiKTeX/fonts/map/pdftex/pdftex.map}{C:/Users/mi
cha/AppData/Local/Programs/MiKTeX/fonts/enc/dvips/base/8r.enc}



 <./fig/example.pdf>]

LaTeX Warning: Citation `WuICIP2010' on page 2 undefined on input line 137.


LaTeX Warning: Citation `KeCVPR2006' on page 2 undefined on input line 137.


LaTeX Warning: Citation `WuICCV2011' on page 2 undefined on input line 137.


LaTeX Warning: Citation `MurrayCVPR2012' on page 2 undefined on input line 137.



LaTeX Warning: Citation `MurrayCVPR2012' on page 2 undefined on input line 142.



LaTeX Warning: Citation `WuICCV2011' on page 2 undefined on input line 142.


LaTeX Warning: Citation `MurrayCVPR2012' on page 2 undefined on input line 142.



LaTeX Warning: Citation `MurrayCVPR2012' on page 2 undefined on input line 142.



LaTeX Warning: Citation `JinICIP2016' on page 2 undefined on input line 144.


LaTeX Warning: Citation `WangIJCNN2017' on page 2 undefined on input line 144.


LaTeX Warning: Citation `HouArXiv2016' on page 2 undefined on input line 144.


LaTeX Warning: Citation `WuICCV2011' on page 2 undefined on input line 144.


LaTeX Warning: Citation `JinICIP2016' on page 2 undefined on input line 146.


LaTeX Warning: Citation `WangIJCNN2017' on page 2 undefined on input line 146.


LaTeX Warning: Citation `HouArXiv2016' on page 2 undefined on input line 146.


LaTeX Warning: Citation `KongECCV2016' on page 2 undefined on input line 146.


LaTeX Warning: Citation `HouArXiv2016' on page 2 undefined on input line 146.


LaTeX Warning: Citation `WuICCV2011' on page 2 undefined on input line 146.


LaTeX Warning: Citation `MurrayArXiv2017' on page 2 undefined on input line 146
.


LaTeX Warning: Citation `CuiSigIR2017' on page 2 undefined on input line 146.


LaTeX Warning: Citation `NguyenECML2015' on page 2 undefined on input line 149.



LaTeX Warning: Citation `MurrayCVPR2012' on page 2 undefined on input line 230.


[2]

LaTeX Warning: Citation `MurrayCVPR2012' on page 3 undefined on input line 234.


<fig/std.pdf, id=59, 540.05597pt x 454.64655pt>
File: fig/std.pdf Graphic file (type pdf)
<use fig/std.pdf>
Package pdftex.def Info: fig/std.pdf  used on input line 240.
(pdftex.def)             Requested size: 135.1867pt x 113.81102pt.

LaTeX Warning: Citation `MurrayCVPR2012' on page 3 undefined on input line 242.



LaTeX Warning: Citation `MurrayCVPR2012' on page 3 undefined on input line 242.



LaTeX Warning: Citation `JoanesCMSSK1998' on page 3 undefined on input line 259
.


LaTeX Warning: Citation `Brown2016' on page 3 undefined on input line 259.


LaTeX Warning: Citation `MurrayCVPR2012' on page 3 undefined on input line 259.



Underfull \vbox (badness 1990) has occurred while \output is active []



LaTeX Warning: Citation `WuICCV2011' on page 3 undefined on input line 261.

<fig/skewness.pdf, id=60, 641.61215pt x 516.73851pt>
File: fig/skewness.pdf Graphic file (type pdf)
<use fig/skewness.pdf>
Package pdftex.def Info: fig/skewness.pdf  used on input line 266.
(pdftex.def)             Requested size: 105.97891pt x 85.35826pt.
<fig/kurtosis.pdf, id=61, 638.39493pt x 515.57346pt>
File: fig/kurtosis.pdf Graphic file (type pdf)
<use fig/kurtosis.pdf>
Package pdftex.def Info: fig/kurtosis.pdf  used on input line 267.
(pdftex.def)             Requested size: 105.69104pt x 85.35826pt.

LaTeX Warning: Citation `JoanesCMSSK1998' on page 3 undefined on input line 282
.


LaTeX Warning: Citation `Brown2016' on page 3 undefined on input line 282.

<fig/mean_median.pdf, id=62, 769.08128pt x 598.17435pt>
File: fig/mean_median.pdf Graphic file (type pdf)
<use fig/mean_median.pdf>
Package pdftex.def Info: fig/mean_median.pdf  used on input line 287.
(pdftex.def)             Requested size: 237.77902pt x 184.9429pt.

LaTeX Warning: Citation `WuICCV2011' on page 3 undefined on input line 300.

[3 <./fig/std.pdf> <./fig/skewness.pdf, page is rotated 90 degrees> <./fig/kurt
osis.pdf, page is rotated 90 degrees>]
Underfull \hbox (badness 3568) in paragraph at lines 302--303
\OMS/cmsy/m/n/10 f\OML/cmm/m/it/10 R[]; :::R[]\OMS/cmsy/m/n/10 g$\OT1/ptm/m/n/1
0 . In the AVA dataset, $\OML/cmm/m/it/10 Z \OT1/cmr/m/n/10 = 10\OML/cmm/m/it/1
0 ; R \OT1/cmr/m/n/10 =
 []


Package amsmath Warning: Cannot use `split' here;
(amsmath)                trying to recover with `aligned' on input line 310.


LaTeX Warning: Citation `NguyenECML2015' on page 4 undefined on input line 322.



LaTeX Warning: Citation `NguyenECML2015' on page 4 undefined on input line 322.



Overfull \hbox (11.04758pt too wide) detected at line 348
[][]\OT1/cmr/m/n/9 [[] \OML/cmm/m/it/9 Y[]\OT1/cmr/m/n/9 (\OML/cmm/m/it/9 i\OT1
/cmr/m/n/9 )\OML/cmm/m/it/9 log [][] \OT1/cmr/m/n/9 + [] \OML/cmm/m/it/9 Y[]\OT
1/cmr/m/n/9 (\OML/cmm/m/it/9 i\OT1/cmr/m/n/9 )\OML/cmm/m/it/9 log [][]\OT1/cmr/
m/n/9 ]\OML/cmm/m/it/9 ;
 []


LaTeX Warning: Citation `WuICCV2011' on page 4 undefined on input line 360.


LaTeX Warning: Citation `WuICCV2011' on page 4 undefined on input line 362.


Package amsmath Warning: Cannot use `split' here;
(amsmath)                trying to recover with `aligned' on input line 374.

[4 <./fig/mean_median.pdf, page is rotated 90 degrees>]

LaTeX Warning: Citation `MurrayCVPR2012' on page 5 undefined on input line 404.



LaTeX Warning: Citation `WangSP2016' on page 5 undefined on input line 404.


LaTeX Warning: Citation `KongECCV2016' on page 5 undefined on input line 404.


LaTeX Warning: Citation `LuTMM2015' on page 5 undefined on input line 404.


LaTeX Warning: Citation `LuICCV2015' on page 5 undefined on input line 404.


LaTeX Warning: Citation `MaiCVPR2016' on page 5 undefined on input line 404.

<fig/hist.pdf, id=120, 639.35365pt x 496.74934pt>
File: fig/hist.pdf Graphic file (type pdf)
<use fig/hist.pdf>
Package pdftex.def Info: fig/hist.pdf  used on input line 409.
(pdftex.def)             Requested size: 236.15796pt x 183.4836pt.

LaTeX Warning: Citation `MurrayCVPR2012' on page 5 undefined on input line 410.



LaTeX Warning: Citation `MurrayCVPR2012' on page 5 undefined on input line 410.


LaTeX Font Info:    Trying to load font information for OT1+pcr on input line 4
25.
(C:\Users\micha\AppData\Local\Programs\MiKTeX\tex/latex/psnfss\ot1pcr.fd
File: ot1pcr.fd 2001/06/04 font definitions for OT1/pcr.
)
Underfull \hbox (badness 10000) in paragraph at lines 425--425
[][]$\OT1/pcr/m/n/9 http : / / vision . princeton . edu / pvt /
 []


LaTeX Warning: Citation `DengCVPR2009' on page 5 undefined on input line 425.


LaTeX Warning: Citation `JiaMM2017' on page 5 undefined on input line 425.


LaTeX Warning: Citation `CuiSigIR2017' on page 5 undefined on input line 492.


LaTeX Warning: Citation `CuiSigIR2017' on page 5 undefined on input line 492.


LaTeX Warning: Citation `CuiSigIR2017' on page 5 undefined on input line 492.


LaTeX Warning: Citation `CuiSigIR2017' on page 5 undefined on input line 492.


LaTeX Warning: Citation `JinICIP2016' on page 5 undefined on input line 510.


LaTeX Warning: Citation `WangIJCNN2017' on page 5 undefined on input line 513.


LaTeX Warning: Citation `BorgwardtISMB2006' on page 5 undefined on input line 5
16.


LaTeX Warning: Citation `MurrayArXiv2017' on page 5 undefined on input line 519
.


LaTeX Warning: Citation `WuICCV2011' on page 5 undefined on input line 523.


LaTeX Warning: Citation `HouArXiv2016' on page 5 undefined on input line 523.


LaTeX Warning: Citation `CuiSigIR2017' on page 5 undefined on input line 529.

[5 <./fig/hist.pdf, page is rotated 90 degrees>]

LaTeX Warning: Citation `JinICIP2016' on page 6 undefined on input line 600.


LaTeX Warning: Citation `JinICIP2016' on page 6 undefined on input line 611.


LaTeX Warning: Citation `WangIJCNN2017' on page 6 undefined on input line 614.


LaTeX Warning: Citation `WangIJCNN2017' on page 6 undefined on input line 629.


LaTeX Warning: Citation `WuICCV2011' on page 6 undefined on input line 632.


LaTeX Warning: Citation `HouArXiv2016' on page 6 undefined on input line 632.


LaTeX Warning: Citation `WuICCV2011' on page 6 undefined on input line 638.


LaTeX Warning: Citation `HouArXiv2016' on page 6 undefined on input line 638.

[6]

LaTeX Warning: Citation `NguyenECML2015' on page 7 undefined on input line 700.



LaTeX Warning: Citation `WuICCV2011' on page 7 undefined on input line 708.


Underfull \hbox (badness 1137) in paragraph at lines 713--715
\OT1/ptm/m/n/10 For a fair com-par-i-son, we use $\OML/cmm/m/it/10 r\OT1/cmr/m/
n/10 (\OML/cmm/m/it/10 y\OT1/cmr/m/n/10 )$ \OT1/ptm/m/n/10 on the CJS loss:
 []


LaTeX Warning: Citation `WuICCV2011' on page 7 undefined on input line 910.


Underfull \hbox (badness 1142) in paragraph at lines 918--919
\OT1/ptm/m/n/10 BUAA-VR-16KF-09), the Fun-da-men-tal Re-search Funds
 []


Underfull \hbox (badness 1062) in paragraph at lines 918--919
\OT1/ptm/m/n/10 for the Cen-tral Uni-ver-si-ties (Grant No. 3122014C017),
 []


Underfull \hbox (badness 1259) in paragraph at lines 918--919
\OT1/ptm/m/n/10 the China Post-doc-toral Sci-ence Foun-da-tion (Grant No.
 []

[7] [8

]
No file formatting-instructions-latex-2018_changed.bbl.
(formatting-instructions-latex-2018_changed.aux)
 ***********
LaTeX2e <2023-06-01> patch level 1
L3 programming layer <2023-08-29>
 ***********
 ) 
Here is how much of TeX's memory you used:
 4089 strings out of 475247
 62368 string characters out of 5757792
 1970801 words of memory out of 5000000
 25527 multiletter control sequences out of 15000+600000
 583657 words of font info for 94 fonts, out of 8000000 for 9000
 1141 hyphenation exceptions out of 8191
 57i,21n,65p,1596b,317s stack positions out of 10000i,1000n,20000p,200000b,200000s
<C:/Users/micha/AppData/Local/Programs/MiKTeX/fonts/type1/public/amsfonts/cm/
cmex10.pfb><C:/Users/micha/AppData/Local/Programs/MiKTeX/fonts/type1/public/ams
fonts/cmextra/cmex9.pfb><C:/Users/micha/AppData/Local/Programs/MiKTeX/fonts/typ
e1/public/amsfonts/cm/cmmi10.pfb><C:/Users/micha/AppData/Local/Programs/MiKTeX/
fonts/type1/public/amsfonts/cm/cmmi6.pfb><C:/Users/micha/AppData/Local/Programs
/MiKTeX/fonts/type1/public/amsfonts/cm/cmmi7.pfb><C:/Users/micha/AppData/Local/
Programs/MiKTeX/fonts/type1/public/amsfonts/cm/cmmi8.pfb><C:/Users/micha/AppDat
a/Local/Programs/MiKTeX/fonts/type1/public/amsfonts/cm/cmmi9.pfb><C:/Users/mich
a/AppData/Local/Programs/MiKTeX/fonts/type1/public/amsfonts/cm/cmr10.pfb><C:/Us
ers/micha/AppData/Local/Programs/MiKTeX/fonts/type1/public/amsfonts/cm/cmr6.pfb
><C:/Users/micha/AppData/Local/Programs/MiKTeX/fonts/type1/public/amsfonts/cm/c
mr7.pfb><C:/Users/micha/AppData/Local/Programs/MiKTeX/fonts/type1/public/amsfon
ts/cm/cmr8.pfb><C:/Users/micha/AppData/Local/Programs/MiKTeX/fonts/type1/public
/amsfonts/cm/cmr9.pfb><C:/Users/micha/AppData/Local/Programs/MiKTeX/fonts/type1
/public/amsfonts/cm/cmsy10.pfb><C:/Users/micha/AppData/Local/Programs/MiKTeX/fo
nts/type1/public/amsfonts/cm/cmsy7.pfb><C:/Users/micha/AppData/Local/Programs/M
iKTeX/fonts/type1/public/amsfonts/cm/cmsy8.pfb><C:/Users/micha/AppData/Local/Pr
ograms/MiKTeX/fonts/type1/public/amsfonts/cm/cmsy9.pfb><C:/Users/micha/AppData/
Local/Programs/MiKTeX/fonts/type1/public/amsfonts/latxfont/line10.pfb><C:/Users
/micha/AppData/Local/Programs/MiKTeX/fonts/type1/urw/courier/ucrr8a.pfb><C:/Use
rs/micha/AppData/Local/Programs/MiKTeX/fonts/type1/urw/times/utmb8a.pfb><C:/Use
rs/micha/AppData/Local/Programs/MiKTeX/fonts/type1/urw/times/utmr8a.pfb><C:/Use
rs/micha/AppData/Local/Programs/MiKTeX/fonts/type1/urw/times/utmri8a.pfb>
Output written on formatting-instructions-latex-2018_changed.pdf (8 pages, 1010
704 bytes).
PDF statistics:
 242 PDF objects out of 1000 (max. 8388607)
 0 named destinations out of 1000 (max. 500000)
 31 words of extra memory for PDF output out of 10000 (max. 10000000)

