This is pdfTeX, Version 3.141592653-2.6-1.40.25 (MiKTeX 23.9) (preloaded format=pdflatex 2023.9.22)  30 MAR 2024 16:44
entering extended mode
 restricted \write18 enabled.
 %&-line parsing enabled.
**./arxiv_version_changed.tex
(arxiv_version_changed.tex
LaTeX2e <2023-06-01> patch level 1
L3 programming layer <2023-08-29>
(C:\Users\micha\AppData\Local\Programs\MiKTeX\tex/latex/base\article.cls
Document Class: article 2023/05/17 v1.4n Standard LaTeX document class
(C:\Users\micha\AppData\Local\Programs\MiKTeX\tex/latex/base\size10.clo
File: size10.clo 2023/05/17 v1.4n Standard LaTeX file (size option)
)
\c@part=\count185
\c@section=\count186
\c@subsection=\count187
\c@subsubsection=\count188
\c@paragraph=\count189
\c@subparagraph=\count190
\c@figure=\count191
\c@table=\count192
\abovecaptionskip=\skip48
\belowcaptionskip=\skip49
\bibindent=\dimen140
)
(aaai22.sty
Conference Style for AAAI for LaTeX 2e -- version for the AAAI-22 conference
\titlebox=\skip50
) (C:\Users\micha\AppData\Local\Programs\MiKTeX\tex/latex/psnfss\times.sty
Package: times 2020/03/25 PSNFSS-v9.3 (SPQR) 
)
(C:\Users\micha\AppData\Local\Programs\MiKTeX\tex/latex/psnfss\helvet.sty
Package: helvet 2020/03/25 PSNFSS-v9.3 (WaS) 

(C:\Users\micha\AppData\Local\Programs\MiKTeX\tex/latex/graphics\keyval.sty
Package: keyval 2022/05/29 v1.15 key=value parser (DPC)
\KV@toks@=\toks17
))
(C:\Users\micha\AppData\Local\Programs\MiKTeX\tex/latex/psnfss\courier.sty
Package: courier 2020/03/25 PSNFSS-v9.3 (WaS) 
)
(C:\Users\micha\AppData\Local\Programs\MiKTeX\tex/latex/url\url.sty
\Urlmuskip=\muskip16
Package: url 2013/09/16  ver 3.4  Verb mode for urls, etc.
)
(C:\Users\micha\AppData\Local\Programs\MiKTeX\tex/latex/graphics\graphicx.sty
Package: graphicx 2021/09/16 v1.2d Enhanced LaTeX Graphics (DPC,SPQR)

(C:\Users\micha\AppData\Local\Programs\MiKTeX\tex/latex/graphics\graphics.sty
Package: graphics 2022/03/10 v1.4e Standard LaTeX Graphics (DPC,SPQR)

(C:\Users\micha\AppData\Local\Programs\MiKTeX\tex/latex/graphics\trig.sty
Package: trig 2021/08/11 v1.11 sin cos tan (DPC)
)
(C:\Users\micha\AppData\Local\Programs\MiKTeX\tex/latex/graphics-cfg\graphics.c
fg
File: graphics.cfg 2016/06/04 v1.11 sample graphics configuration
)
Package graphics Info: Driver file: pdftex.def on input line 107.

(C:\Users\micha\AppData\Local\Programs\MiKTeX\tex/latex/graphics-def\pdftex.def
File: pdftex.def 2022/09/22 v1.2b Graphics/color driver for pdftex
))
\Gin@req@height=\dimen141
\Gin@req@width=\dimen142
) (C:\Users\micha\AppData\Local\Programs\MiKTeX\tex/latex/natbib\natbib.sty
Package: natbib 2010/09/13 8.31b (PWD, AO)
\bibhang=\skip51
\bibsep=\skip52
LaTeX Info: Redefining \cite on input line 694.
\c@NAT@ctr=\count193
)
(C:\Users\micha\AppData\Local\Programs\MiKTeX\tex/latex/caption\caption.sty
Package: caption 2023/07/31 v3.6n Customizing captions (AR)

(C:\Users\micha\AppData\Local\Programs\MiKTeX\tex/latex/caption\caption3.sty
Package: caption3 2023/07/31 v2.4d caption3 kernel (AR)
\caption@tempdima=\dimen143
\captionmargin=\dimen144
\caption@leftmargin=\dimen145
\caption@rightmargin=\dimen146
\caption@width=\dimen147
\caption@indent=\dimen148
\caption@parindent=\dimen149
\caption@hangindent=\dimen150
Package caption Info: Standard document class detected.
)
\c@caption@flags=\count194
\c@continuedfloat=\count195
)
(C:\Users\micha\AppData\Local\Programs\MiKTeX\tex/latex/algorithms\algorithm.st
y
Package: algorithm 2009/08/24 v0.1 Document Style `algorithm' - floating enviro
nment
 (C:\Users\micha\AppData\Local\Programs\MiKTeX\tex/latex/float\float.sty
Package: float 2001/11/08 v1.3d Float enhancements (AL)
\c@float@type=\count196
\float@exts=\toks18
\float@box=\box51
\@float@everytoks=\toks19
\@floatcapt=\box52
)
(C:\Users\micha\AppData\Local\Programs\MiKTeX\tex/latex/base\ifthen.sty
Package: ifthen 2022/04/13 v1.1d Standard LaTeX ifthen package (DPC)
)
\@float@every@algorithm=\toks20
\c@algorithm=\count197
)
(C:\Users\micha\AppData\Local\Programs\MiKTeX\tex/latex/algorithms\algorithmic.
sty
Package: algorithmic 2009/08/24 v0.1 Document Style `algorithmic'
\c@ALC@unique=\count198
\c@ALC@line=\count199
\c@ALC@rem=\count266
\c@ALC@depth=\count267
\ALC@tlm=\skip53
\algorithmicindent=\skip54
)
(C:\Users\micha\AppData\Local\Programs\MiKTeX\tex/latex/newfloat\newfloat.sty
Package: newfloat 2023/10/01 v1.2 Defining new floating environments (AR)
)
(C:\Users\micha\AppData\Local\Programs\MiKTeX\tex/latex/listings\listings.sty
\lst@mode=\count268
\lst@gtempboxa=\box53
\lst@token=\toks21
\lst@length=\count269
\lst@currlwidth=\dimen151
\lst@column=\count270
\lst@pos=\count271
\lst@lostspace=\dimen152
\lst@width=\dimen153
\lst@newlines=\count272
\lst@lineno=\count273
\lst@maxwidth=\dimen154

(C:\Users\micha\AppData\Local\Programs\MiKTeX\tex/latex/listings\lstmisc.sty
File: lstmisc.sty 2023/02/27 1.9 (Carsten Heinz)
\c@lstnumber=\count274
\lst@skipnumbers=\count275
\lst@framebox=\box54
)
(C:\Users\micha\AppData\Local\Programs\MiKTeX\tex/latex/listings\listings.cfg
File: listings.cfg 2023/02/27 1.9 listings configuration
))
Package: listings 2023/02/27 1.9 (Carsten Heinz)
\@float@every@listing=\toks22
\c@listing=\count276

(C:\Users\micha\AppData\Local\Programs\MiKTeX\tex/latex/multicolrule\multicolru
le.sty
(C:\Users\micha\AppData\Local\Programs\MiKTeX\tex/latex/l3kernel\expl3.sty
Package: expl3 2023-08-29 L3 programming layer (loader) 

(C:\Users\micha\AppData\Local\Programs\MiKTeX\tex/latex/l3backend\l3backend-pdf
tex.def
File: l3backend-pdftex.def 2023-04-19 L3 backend support: PDF output (pdfTeX)
\l__color_backend_stack_int=\count277
\l__pdf_internal_box=\box55
))
(C:\Users\micha\AppData\Local\Programs\MiKTeX\tex/latex/l3packages/xparse\xpars
e.sty
Package: xparse 2023-08-29 L3 Experimental document command parser
)
Package: multicolrule 2020/09/14 v1.3a Decorative vertical rules between column
s

(C:\Users\micha\AppData\Local\Programs\MiKTeX\tex/latex/l3packages/l3keys2e\l3k
eys2e.sty
Package: l3keys2e 2023-08-29 LaTeX2e option processing using LaTeX3 keys
)
(C:\Users\micha\AppData\Local\Programs\MiKTeX\tex/latex/xpatch\xpatch.sty
Package: xpatch 2020/03/25 v0.3a Extending etoolbox patching commands

(C:\Users\micha\AppData\Local\Programs\MiKTeX\tex/latex/etoolbox\etoolbox.sty
Package: etoolbox 2020/10/05 v2.5k e-TeX tools for LaTeX (JAW)
\etb@tempcnta=\count278
)) (C:\Users\micha\AppData\Local\Programs\MiKTeX\tex/latex/xcolor\xcolor.sty
Package: xcolor 2022/06/12 v2.14 LaTeX color extensions (UK)

(C:\Users\micha\AppData\Local\Programs\MiKTeX\tex/latex/graphics-cfg\color.cfg
File: color.cfg 2016/01/02 v1.6 sample color configuration
)
Package xcolor Info: Driver file: pdftex.def on input line 227.
(C:\Users\micha\AppData\Local\Programs\MiKTeX\tex/latex/graphics\mathcolor.ltx)
Package xcolor Info: Model `cmy' substituted by `cmy0' on input line 1353.
Package xcolor Info: Model `hsb' substituted by `rgb' on input line 1357.
Package xcolor Info: Model `RGB' extended on input line 1369.
Package xcolor Info: Model `HTML' substituted by `rgb' on input line 1371.
Package xcolor Info: Model `Hsb' substituted by `hsb' on input line 1372.
Package xcolor Info: Model `tHsb' substituted by `hsb' on input line 1373.
Package xcolor Info: Model `HSB' substituted by `hsb' on input line 1374.
Package xcolor Info: Model `Gray' substituted by `gray' on input line 1375.
Package xcolor Info: Model `wave' substituted by `hsb' on input line 1376.
)
(C:\Users\micha\AppData\Local\Programs\MiKTeX\tex/latex/koma-script\scrlfile.st
y
Package: scrlfile 2023/07/07 v3.41 KOMA-Script package (file load hooks)

(C:\Users\micha\AppData\Local\Programs\MiKTeX\tex/latex/koma-script\scrlfile-ho
ok.sty
Package: scrlfile-hook 2023/07/07 v3.41 KOMA-Script package (using LaTeX hooks)


(C:\Users\micha\AppData\Local\Programs\MiKTeX\tex/latex/koma-script\scrlogo.sty
Package: scrlogo 2023/07/07 v3.41 KOMA-Script package (logo)
)))
\l__mcrule_repeat_int=\count279
\l__mcrule_repeat_distance_dim=\dimen155
\l__mcrule_extend_top_dim=\dimen156
\l__mcrule_extend_bot_dim=\dimen157
\l__mcrule_extend_reserve_dim=\dimen158
\g__mcrule_pattern_count_int=\count280
\g__mcrule_pattern_for_int=\count281
\g__mcrule_pattern_after_int=\count282
 (C:\Users\micha\AppData\Local\Programs\MiKTeX\tex/latex/tools\multicol.sty
Package: multicol 2023/03/30 v1.9f multicolumn formatting (FMi)
\c@tracingmulticols=\count283
\mult@box=\box56
\multicol@leftmargin=\dimen159
\c@unbalance=\count284
\c@collectmore=\count285
\doublecol@number=\count286
\multicoltolerance=\count287
\multicolpretolerance=\count288
\full@width=\dimen160
\page@free=\dimen161
\premulticols=\dimen162
\postmulticols=\dimen163
\multicolsep=\skip55
\multicolbaselineskip=\skip56
\partial@page=\box57
\last@line=\box58
\mc@boxedresult=\box59
\maxbalancingoverflow=\dimen164
\mult@rightbox=\box60
\mult@grightbox=\box61
\mult@firstbox=\box62
\mult@gfirstbox=\box63
\@tempa=\box64
\@tempa=\box65
\@tempa=\box66
\@tempa=\box67
\@tempa=\box68
\@tempa=\box69
\@tempa=\box70
\@tempa=\box71
\@tempa=\box72
\@tempa=\box73
\@tempa=\box74
\@tempa=\box75
\@tempa=\box76
\@tempa=\box77
\@tempa=\box78
\@tempa=\box79
\@tempa=\box80
\@tempa=\box81
\@tempa=\box82
\@tempa=\box83
\@tempa=\box84
\@tempa=\box85
\@tempa=\box86
\@tempa=\box87
\@tempa=\box88
\@tempa=\box89
\@tempa=\box90
\@tempa=\box91
\@tempa=\box92
\@tempa=\box93
\@tempa=\box94
\@tempa=\box95
\@tempa=\box96
\@tempa=\box97
\@tempa=\box98
\@tempa=\box99
\c@minrows=\count289
\c@columnbadness=\count290
\c@finalcolumnbadness=\count291
\last@try=\dimen165
\multicolovershoot=\dimen166
\multicolundershoot=\dimen167
\mult@nat@firstbox=\box100
\colbreak@box=\box101
\mc@col@check@num=\count292
)

Package multicolrule Info: Patched \LR@column@boxes .


Package multicolrule Info: Patched \RL@column@boxes .

) (C:\Users\micha\AppData\Local\Programs\MiKTeX\tex/latex/amsmath\amsmath.sty
Package: amsmath 2023/05/13 v2.17o AMS math features
\@mathmargin=\skip57

For additional information on amsmath, use the `?' option.
(C:\Users\micha\AppData\Local\Programs\MiKTeX\tex/latex/amsmath\amstext.sty
Package: amstext 2021/08/26 v2.01 AMS text

(C:\Users\micha\AppData\Local\Programs\MiKTeX\tex/latex/amsmath\amsgen.sty
File: amsgen.sty 1999/11/30 v2.0 generic functions
\@emptytoks=\toks23
\ex@=\dimen168
))
(C:\Users\micha\AppData\Local\Programs\MiKTeX\tex/latex/amsmath\amsbsy.sty
Package: amsbsy 1999/11/29 v1.2d Bold Symbols
\pmbraise@=\dimen169
)
(C:\Users\micha\AppData\Local\Programs\MiKTeX\tex/latex/amsmath\amsopn.sty
Package: amsopn 2022/04/08 v2.04 operator names
)
\inf@bad=\count293
LaTeX Info: Redefining \frac on input line 234.
\uproot@=\count294
\leftroot@=\count295
LaTeX Info: Redefining \overline on input line 399.
LaTeX Info: Redefining \colon on input line 410.
\classnum@=\count296
\DOTSCASE@=\count297
LaTeX Info: Redefining \ldots on input line 496.
LaTeX Info: Redefining \dots on input line 499.
LaTeX Info: Redefining \cdots on input line 620.
\Mathstrutbox@=\box102
\strutbox@=\box103
LaTeX Info: Redefining \big on input line 722.
LaTeX Info: Redefining \Big on input line 723.
LaTeX Info: Redefining \bigg on input line 724.
LaTeX Info: Redefining \Bigg on input line 725.
\big@size=\dimen170
LaTeX Font Info:    Redeclaring font encoding OML on input line 743.
LaTeX Font Info:    Redeclaring font encoding OMS on input line 744.
\macc@depth=\count298
LaTeX Info: Redefining \bmod on input line 905.
LaTeX Info: Redefining \pmod on input line 910.
LaTeX Info: Redefining \smash on input line 940.
LaTeX Info: Redefining \relbar on input line 970.
LaTeX Info: Redefining \Relbar on input line 971.
\c@MaxMatrixCols=\count299
\dotsspace@=\muskip17
\c@parentequation=\count300
\dspbrk@lvl=\count301
\tag@help=\toks24
\row@=\count302
\column@=\count303
\maxfields@=\count304
\andhelp@=\toks25
\eqnshift@=\dimen171
\alignsep@=\dimen172
\tagshift@=\dimen173
\tagwidth@=\dimen174
\totwidth@=\dimen175
\lineht@=\dimen176
\@envbody=\toks26
\multlinegap=\skip58
\multlinetaggap=\skip59
\mathdisplay@stack=\toks27
LaTeX Info: Redefining \[ on input line 2953.
LaTeX Info: Redefining \] on input line 2954.
)
(C:\Users\micha\AppData\Local\Programs\MiKTeX\tex/latex/amsfonts\amsfonts.sty
Package: amsfonts 2013/01/14 v3.01 Basic AMSFonts support
\symAMSa=\mathgroup4
\symAMSb=\mathgroup5
LaTeX Font Info:    Redeclaring math symbol \hbar on input line 98.
LaTeX Font Info:    Overwriting math alphabet `\mathfrak' in version `bold'
(Font)                  U/euf/m/n --> U/euf/b/n on input line 106.
)
(C:\Users\micha\AppData\Local\Programs\MiKTeX\tex/latex/amsfonts\amssymb.sty
Package: amssymb 2013/01/14 v3.01 AMS font symbols
)
(C:\Users\micha\AppData\Local\Programs\MiKTeX\tex/latex/mathtools\mathtools.sty
Package: mathtools 2022/06/29 v1.29 mathematical typesetting tools
(C:\Users\micha\AppData\Local\Programs\MiKTeX\tex/latex/tools\calc.sty
Package: calc 2017/05/25 v4.3 Infix arithmetic (KKT,FJ)
\calc@Acount=\count305
\calc@Bcount=\count306
\calc@Adimen=\dimen177
\calc@Bdimen=\dimen178
\calc@Askip=\skip60
\calc@Bskip=\skip61
LaTeX Info: Redefining \setlength on input line 80.
LaTeX Info: Redefining \addtolength on input line 81.
\calc@Ccount=\count307
\calc@Cskip=\skip62
)
(C:\Users\micha\AppData\Local\Programs\MiKTeX\tex/latex/mathtools\mhsetup.sty
Package: mhsetup 2021/03/18 v1.4 programming setup (MH)
)
\g_MT_multlinerow_int=\count308
\l_MT_multwidth_dim=\dimen179
\origjot=\skip63
\l_MT_shortvdotswithinadjustabove_dim=\dimen180
\l_MT_shortvdotswithinadjustbelow_dim=\dimen181
\l_MT_above_intertext_sep=\dimen182
\l_MT_below_intertext_sep=\dimen183
\l_MT_above_shortintertext_sep=\dimen184
\l_MT_below_shortintertext_sep=\dimen185
\xmathstrut@box=\box104
\xmathstrut@dim=\dimen186
) (C:\Users\micha\AppData\Local\Programs\MiKTeX\tex/latex/lipsum\lipsum.sty
Package: lipsum 2021-09-20 v2.7 150 paragraphs of Lorem Ipsum dummy text
\g__lipsum_par_int=\count309
\l__lipsum_a_int=\count310
\l__lipsum_b_int=\count311

(C:\Users\micha\AppData\Local\Programs\MiKTeX\tex/latex/lipsum\lipsum.ltd.tex))
(C:\Users\micha\AppData\Local\Programs\MiKTeX\tex/latex/booktabs\booktabs.sty
Package: booktabs 2020/01/12 v1.61803398 Publication quality tables
\heavyrulewidth=\dimen187
\lightrulewidth=\dimen188
\cmidrulewidth=\dimen189
\belowrulesep=\dimen190
\belowbottomsep=\dimen191
\aboverulesep=\dimen192
\abovetopsep=\dimen193
\cmidrulesep=\dimen194
\cmidrulekern=\dimen195
\defaultaddspace=\dimen196
\@cmidla=\count312
\@cmidlb=\count313
\@aboverulesep=\dimen197
\@belowrulesep=\dimen198
\@thisruleclass=\count314
\@lastruleclass=\count315
\@thisrulewidth=\dimen199
)
(C:\Users\micha\AppData\Local\Programs\MiKTeX\tex/latex/multirow\multirow.sty
Package: multirow 2021/03/15 v2.8 Span multiple rows of a table
\multirow@colwidth=\skip64
\multirow@cntb=\count316
\multirow@dima=\skip65
\bigstrutjot=\dimen256
)
(C:\Users\micha\AppData\Local\Programs\MiKTeX\tex/latex/colortbl\colortbl.sty
Package: colortbl 2022/06/20 v1.0f Color table columns (DPC)

(C:\Users\micha\AppData\Local\Programs\MiKTeX\tex/latex/tools\array.sty
Package: array 2022/09/04 v2.5g Tabular extension package (FMi)
\col@sep=\dimen257
\ar@mcellbox=\box105
\extrarowheight=\dimen258
\NC@list=\toks28
\extratabsurround=\skip66
\backup@length=\skip67
\ar@cellbox=\box106
)
\everycr=\toks29
\minrowclearance=\skip68
\rownum=\count317
)
(C:\Users\micha\AppData\Local\Programs\MiKTeX\tex/latex/tools\tabularx.sty
Package: tabularx 2020/01/15 v2.11c `tabularx' package (DPC)
\TX@col@width=\dimen259
\TX@old@table=\dimen260
\TX@old@col=\dimen261
\TX@target=\dimen262
\TX@delta=\dimen263
\TX@cols=\count318
\TX@ftn=\toks30
)
(C:\Users\micha\AppData\Local\Programs\MiKTeX\tex/latex/appendix\appendix.sty
Package: appendix 2020/02/08 v1.2c extra appendix facilities
\c@@pps=\count319
\c@@ppsavesec=\count320
\c@@ppsaveapp=\count321
)
(C:\Users\micha\AppData\Local\Programs\MiKTeX\tex/latex/placeins\placeins.sty
Package: placeins 2005/04/18  v 2.2
)
(C:\Users\micha\AppData\Local\Programs\MiKTeX\tex/latex/enumitem\enumitem.sty
Package: enumitem 2019/06/20 v3.9 Customized lists
\labelindent=\skip69
\enit@outerparindent=\dimen264
\enit@toks=\toks31
\enit@inbox=\box107
\enit@count@id=\count322
\enitdp@description=\count323
)
LaTeX Font Info:    Trying to load font information for OT1+ptm on input line 7
3.

(C:\Users\micha\AppData\Local\Programs\MiKTeX\tex/latex/psnfss\ot1ptm.fd
File: ot1ptm.fd 2001/06/04 font definitions for OT1/ptm.
)
(arxiv_version_changed.aux)
\openout1 = `arxiv_version_changed.aux'.

LaTeX Font Info:    Checking defaults for OML/cmm/m/it on input line 73.
LaTeX Font Info:    ... okay on input line 73.
LaTeX Font Info:    Checking defaults for OMS/cmsy/m/n on input line 73.
LaTeX Font Info:    ... okay on input line 73.
LaTeX Font Info:    Checking defaults for OT1/cmr/m/n on input line 73.
LaTeX Font Info:    ... okay on input line 73.
LaTeX Font Info:    Checking defaults for T1/cmr/m/n on input line 73.
LaTeX Font Info:    ... okay on input line 73.
LaTeX Font Info:    Checking defaults for TS1/cmr/m/n on input line 73.
LaTeX Font Info:    ... okay on input line 73.
LaTeX Font Info:    Checking defaults for OMX/cmex/m/n on input line 73.
LaTeX Font Info:    ... okay on input line 73.
LaTeX Font Info:    Checking defaults for U/cmr/m/n on input line 73.
LaTeX Font Info:    ... okay on input line 73.

(C:\Users\micha\AppData\Local\Programs\MiKTeX\tex/context/base/mkii\supp-pdf.mk
ii
[Loading MPS to PDF converter (version 2006.09.02).]
\scratchcounter=\count324
\scratchdimen=\dimen265
\scratchbox=\box108
\nofMPsegments=\count325
\nofMParguments=\count326
\everyMPshowfont=\toks32
\MPscratchCnt=\count327
\MPscratchDim=\dimen266
\MPnumerator=\count328
\makeMPintoPDFobject=\count329
\everyMPtoPDFconversion=\toks33
)
(C:\Users\micha\AppData\Local\Programs\MiKTeX\tex/latex/epstopdf-pkg\epstopdf-b
ase.sty
Package: epstopdf-base 2020-01-24 v2.11 Base part for package epstopdf
Package epstopdf-base Info: Redefining graphics rule for `.eps' on input line 4
85.

(C:\Users\micha\AppData\Local\Programs\MiKTeX\tex/latex/00miktex\epstopdf-sys.c
fg
File: epstopdf-sys.cfg 2021/03/18 v2.0 Configuration of epstopdf for MiKTeX
))
Package caption Info: Begin \AtBeginDocument code.
Package caption Info: float package is loaded.
Package caption Info: listings package is loaded.
Package caption Info: End \AtBeginDocument code.
Package newfloat Info: `float' package detected.
\c@lstlisting=\count330
\c@eqfn=\count331
\titlearea=\box109
\actualheight=\skip70
LaTeX Font Info:    Trying to load font information for U+msa on input line 75.

 (C:\Users\micha\AppData\Local\Programs\MiKTeX\tex/latex/amsfonts\umsa.fd
File: umsa.fd 2013/01/14 v3.01 AMS symbols A
)
LaTeX Font Info:    Trying to load font information for U+msb on input line 75.


(C:\Users\micha\AppData\Local\Programs\MiKTeX\tex/latex/amsfonts\umsb.fd
File: umsb.fd 2013/01/14 v3.01 AMS symbols B
)
LaTeX Font Info:    Trying to load font information for TS1+ptm on input line 7
5.

(C:\Users\micha\AppData\Local\Programs\MiKTeX\tex/latex/psnfss\ts1ptm.fd
File: ts1ptm.fd 2001/06/04 font definitions for TS1/ptm.
)

Package natbib Warning: Citation `mann1988rhetorical' on page 1 undefined on in
put line 82.


Package natbib Warning: Citation `ji-smith-2017-neural' on page 1 undefined on 
input line 83.


Package natbib Warning: Citation `bhatia-etal-2015-better' on page 1 undefined 
on input line 83.


Package natbib Warning: Citation `hogenboom2015using' on page 1 undefined on in
put line 83.


Package natbib Warning: Citation `nejat-etal-2017-exploring' on page 1 undefine
d on input line 83.


Package natbib Warning: Citation `huber-carenini-2020-sentiment' on page 1 unde
fined on input line 83.


Package natbib Warning: Citation `Marcu1999' on page 1 undefined on input line 
83.


Package natbib Warning: Citation `gerani-etal-2014-abstractive' on page 1 undef
ined on input line 83.


Package natbib Warning: Citation `xu-etal-2020-discourse' on page 1 undefined o
n input line 83.


Package natbib Warning: Citation `xiao-etal-2020-really' on page 1 undefined on
 input line 83.


Package natbib Warning: Citation `chakrabarty-etal-2019-ampersand' on page 1 un
defined on input line 83.


Package natbib Warning: Citation `prasad-etal-2008-penn' on page 1 undefined on
 input line 85.


Package natbib Warning: Citation `jiang2021hierarchical' on page 1 undefined on
 input line 88.


Package natbib Warning: Citation `stede2011discourse' on page 1 undefined on in
put line 89.

<intro_example_v3.png, id=1, 627.34375pt x 443.6575pt>
File: intro_example_v3.png Graphic file (type png)
<use intro_example_v3.png>
Package pdftex.def Info: intro_example_v3.png  used on input line 94.
(pdftex.def)             Requested size: 227.42392pt x 160.83356pt.

Package natbib Warning: Citation `ji-eisenstein-2014-representation' on page 1 
undefined on input line 100.


Package natbib Warning: Citation `joty-etal-2015-codra' on page 1 undefined on 
input line 100.


Package natbib Warning: Citation `wang-etal-2017-two' on page 1 undefined on in
put line 101.


Package natbib Warning: Citation `guz-carenini-2020-coreference' on page 1 unde
fined on input line 101.


Package natbib Warning: Citation `jiang2021hierarchical' on page 1 undefined on
 input line 102.


Package natbib Warning: Citation `kobayashi2020top' on page 1 undefined on inpu
t line 105.


Package natbib Warning: Citation `Marcu1999' on page 1 undefined on input line 
105.


Package natbib Warning: Citation `marcu2000theory' on page 1 undefined on input
 line 105.


Package natbib Warning: Citation `ji-smith-2017-neural' on page 1 undefined on 
input line 105.


Package natbib Warning: Citation `shiv2019novel' on page 1 undefined on input l
ine 105.


Package natbib Warning: Citation `huber-carenini-2020-sentiment' on page 1 unde
fined on input line 105.


Package natbib Warning: Citation `xiao2021predicting' on page 1 undefined on in
put line 105.

[1{C:/Users/micha/AppData/Local/MiKTeX/fonts/map/pdftex/pdftex.map}{C:/Users/mi
cha/AppData/Local/Programs/MiKTeX/fonts/enc/dvips/base/8r.enc}



 <./intro_example_v3.png>]

Package natbib Warning: Citation `huber-carenini-2020-mega' on page 2 undefined
 on input line 111.


Package natbib Warning: Citation `xiao2021predicting' on page 2 undefined on in
put line 111.


Package natbib Warning: Citation `stede2011discourse' on page 2 undefined on in
put line 112.


Package natbib Warning: Citation `xing-etal-2020-improving' on page 2 undefined
 on input line 114.


Package natbib Warning: Citation `jurafsky2014speech' on page 2 undefined on in
put line 114.


Package natbib Warning: Citation `mann1988rhetorical' on page 2 undefined on in
put line 121.


Package natbib Warning: Citation `carlson2002rst' on page 2 undefined on input 
line 126.


Package natbib Warning: Citation `subba-di-eugenio-2009-effective' on page 2 un
defined on input line 126.


Package natbib Warning: Citation `Zeldes2017' on page 2 undefined on input line
 126.


Package natbib Warning: Citation `ji-eisenstein-2014-representation' on page 2 
undefined on input line 126.


Package natbib Warning: Citation `joty-etal-2015-codra' on page 2 undefined on 
input line 126.


Package natbib Warning: Citation `wang-etal-2017-two' on page 2 undefined on in
put line 126.


Package natbib Warning: Citation `yu-etal-2018-transition' on page 2 undefined 
on input line 126.


Package natbib Warning: Citation `kobayashi2020top' on page 2 undefined on inpu
t line 126.


Package natbib Warning: Citation `guz-carenini-2020-coreference' on page 2 unde
fined on input line 126.


Package natbib Warning: Citation `guz-carenini-2020-towards' on page 2 undefine
d on input line 126.


Package natbib Warning: Citation `huber-carenini-2020-mega' on page 2 undefined
 on input line 126.


Package natbib Warning: Citation `kobayashi-etal-2019-split' on page 2 undefine
d on input line 127.


Package natbib Warning: Citation `nishida-nakayama-2020-unsupervised' on page 2
 undefined on input line 127.


Package natbib Warning: Citation `huber2021unsupervised' on page 2 undefined on
 input line 127.


Package natbib Warning: Citation `huber-carenini-2019-predicting' on page 2 und
efined on input line 127.


Package natbib Warning: Citation `huber-carenini-2020-mega' on page 2 undefined
 on input line 127.


Package natbib Warning: Citation `xiao2021predicting' on page 2 undefined on in
put line 127.


Package natbib Warning: Citation `kobayashi-etal-2019-split' on page 2 undefine
d on input line 127.


Package natbib Warning: Citation `nishida-nakayama-2020-unsupervised' on page 2
 undefined on input line 127.


Package natbib Warning: Citation `huber2021unsupervised' on page 2 undefined on
 input line 127.


Package natbib Warning: Citation `jiang2021hierarchical' on page 2 undefined on
 input line 128.


Package natbib Warning: Citation `hearst-1997-text' on page 2 undefined on inpu
t line 132.


Package natbib Warning: Citation `eisenstein-barzilay-2008-bayesian' on page 2 
undefined on input line 132.


Package natbib Warning: Citation `riedl-biemann-2012-topictiling' on page 2 und
efined on input line 132.


Package natbib Warning: Citation `du-etal-2013-topic' on page 2 undefined on in
put line 132.


Package natbib Warning: Citation `koshorek-etal-2018-text' on page 2 undefined 
on input line 132.


Package natbib Warning: Citation `arnold-etal-2019-sector' on page 2 undefined 
on input line 132.


Package natbib Warning: Citation `koshorek-etal-2018-text' on page 2 undefined 
on input line 132.


Package natbib Warning: Citation `arnold-etal-2019-sector' on page 2 undefined 
on input line 132.


Package natbib Warning: Citation `xing-etal-2020-improving' on page 2 undefined
 on input line 132.


Package natbib Warning: Citation `xing-etal-2020-improving' on page 2 undefined
 on input line 132.

[2]
<our_proposal_v9.png, id=13, 589.20125pt x 439.6425pt>
File: our_proposal_v9.png Graphic file (type png)
<use our_proposal_v9.png>
Package pdftex.def Info: our_proposal_v9.png  used on input line 137.
(pdftex.def)             Requested size: 239.39438pt x 178.63115pt.

! Argument of \caption@@@withoptargs has an extra }.
<inserted text> 
                \par 
l.138 ... distant topic segmentation supervision.}
                                                  
I've run across a `}' that doesn't seem to match anything.
For example, `\def\a#1{...}' and `\a}' would produce
this error. If you simply proceed now, the `\par' that
I've just inserted will cause me to report a runaway
argument that might be the root of the problem. But if
your `}' was spurious, just type `2' and it will go away.

Runaway argument?
{\caption@@xlabel }{\def \reserved@a *{\def \caption@tempa {*}\caption@@withopt
args \ETC.
! Paragraph ended before \caption@@@withoptargs was complete.
<to be read again> 
                   \par 
l.138 ... distant topic segmentation supervision.}
                                                  
I suspect you've forgotten a `}', causing me to apply this
control sequence to too much text. How can we recover?
My plan is to forget the whole thing and hope for the best.


Package natbib Warning: Citation `lin-etal-2019-unified' on page 3 undefined on
 input line 146.

<ts.png, id=14, 412.54124pt x 277.035pt>
File: ts.png Graphic file (type png)
<use ts.png>
Package pdftex.def Info: ts.png  used on input line 151.
(pdftex.def)             Requested size: 179.54578pt x 120.57265pt.

Package natbib Warning: Citation `xing-etal-2020-improving' on page 3 undefined
 on input line 152.


Package natbib Warning: Citation `xing-etal-2020-improving' on page 3 undefined
 on input line 152.


Package natbib Warning: Citation `xing-etal-2020-improving' on page 3 undefined
 on input line 162.


Package natbib Warning: Citation `koshorek-etal-2018-text' on page 3 undefined 
on input line 162.


Package natbib Warning: Citation `hearst-1997-text' on page 3 undefined on inpu
t line 181.


Package natbib Warning: Citation `eisenstein-barzilay-2008-bayesian' on page 3 
undefined on input line 181.


Package natbib Warning: Citation `glavas-etal-2016-unsupervised' on page 3 unde
fined on input line 181.


Package natbib Warning: Citation `koshorek-etal-2018-text' on page 3 undefined 
on input line 181.


Package natbib Warning: Citation `xing-etal-2020-improving' on page 3 undefined
 on input line 181.


Package natbib Warning: Citation `Beeferman1999' on page 3 undefined on input l
ine 182.


Package natbib Warning: Citation `Beeferman1999' on page 3 undefined on input l
ine 182.

[3 <./our_proposal_v9.png> <./ts.png>]

Package natbib Warning: Citation `huber-carenini-2020-mega' on page 4 undefined
 on input line 193.


Package natbib Warning: Citation `xiao2021predicting' on page 4 undefined on in
put line 193.

<example_placeholder_v2.png, id=29, 434.62375pt x 291.0875pt>
File: example_placeholder_v2.png Graphic file (type png)
<use example_placeholder_v2.png>
Package pdftex.def Info: example_placeholder_v2.png  used on input line 199.
(pdftex.def)             Requested size: 179.54578pt x 120.25273pt.
LaTeX Font Info:    Trying to load font information for OT1+pcr on input line 2
07.
(C:\Users\micha\AppData\Local\Programs\MiKTeX\tex/latex/psnfss\ot1pcr.fd
File: ot1pcr.fd 2001/06/04 font definitions for OT1/pcr.
)
Underfull \hbox (badness 10000) in paragraph at lines 207--207
[][]$\OT1/pcr/m/n/9 https : / / dumps . wikimedia . org / enwiki /
 []


Package natbib Warning: Citation `koshorek-etal-2018-text' on page 4 undefined 
on input line 207.


Package natbib Warning: Citation `arnold-etal-2019-sector' on page 4 undefined 
on input line 207.


Package natbib Warning: Citation `xing-etal-2020-improving' on page 4 undefined
 on input line 207.


Package natbib Warning: Citation `carlson2002rst' on page 4 undefined on input 
line 207.


Package natbib Warning: Citation `Zeldes2017' on page 4 undefined on input line
 207.


Package natbib Warning: Citation `wang-etal-2017-two' on page 4 undefined on in
put line 214.


Package natbib Warning: Citation `kobayashi2020top' on page 4 undefined on inpu
t line 214.


Package natbib Warning: Citation `jiang2021hierarchical' on page 4 undefined on
 input line 214.


LaTeX Warning: Reference `app:results_parse' on page 4 undefined on input line 
214.


Package natbib Warning: Citation `guz-carenini-2020-coreference' on page 4 unde
fined on input line 214.


Package natbib Warning: Citation `huber-carenini-2020-mega' on page 4 undefined
 on input line 214.


Package natbib Warning: Citation `xiao2021predicting' on page 4 undefined on in
put line 214.


Package natbib Warning: Citation `xing-etal-2020-improving' on page 4 undefined
 on input line 216.


Package natbib Warning: Citation `hearst-1997-text' on page 4 undefined on inpu
t line 216.


Package natbib Warning: Citation `eisenstein-barzilay-2008-bayesian' on page 4 
undefined on input line 216.


Package natbib Warning: Citation `glavas-etal-2016-unsupervised' on page 4 unde
fined on input line 216.


Package natbib Warning: Citation `koshorek-etal-2018-text' on page 4 undefined 
on input line 216.

<reward_v3.png, id=30, 631.35875pt x 374.39874pt>
File: reward_v3.png Graphic file (type png)
<use reward_v3.png>
Package pdftex.def Info: reward_v3.png  used on input line 221.
(pdftex.def)             Requested size: 239.39438pt x 141.96451pt.
[4 <./example_placeholder_v2.png>]

Package natbib Warning: Citation `sporleder-lascarides-2004-combining' on page 
5 undefined on input line 236.


Package natbib Warning: Citation `joty-etal-2015-codra' on page 5 undefined on 
input line 236.


Package natbib Warning: Citation `sporleder-lascarides-2004-combining' on page 
5 undefined on input line 240.


Package natbib Warning: Citation `sporleder-lascarides-2004-combining' on page 
5 undefined on input line 240.


Package natbib Warning: Citation `morey-etal-2017-much' on page 5 undefined on 
input line 269.


LaTeX Warning: Reference `app:results_parse' on page 5 undefined on input line 
269.


Underfull \hbox (badness 1082) in paragraph at lines 269--269
[][]\OT1/ptm/m/n/9 Please note that even though we use the RST-DT/GUM
 []


Underfull \hbox (badness 1231) in paragraph at lines 269--271
\OT1/ptm/m/n/10 We show the RST par-se-val dis-course struc-ture per-for-
 []


Package natbib Warning: Citation `wang-etal-2017-two' on page 5 undefined on in
put line 302.


Package natbib Warning: Citation `wang-etal-2017-two' on page 5 undefined on in
put line 302.


Package natbib Warning: Citation `guz-carenini-2020-coreference' on page 5 unde
fined on input line 302.


Package natbib Warning: Citation `xiao2021predicting' on page 5 undefined on in
put line 302.


Package natbib Warning: Citation `huber-carenini-2020-mega' on page 5 undefined
 on input line 302.

[5 <./reward_v3.png>]

Package natbib Warning: Citation `wang-etal-2017-two' on page 6 undefined on in
put line 338.


Package natbib Warning: Citation `wang-etal-2017-two' on page 6 undefined on in
put line 338.


Package natbib Warning: Citation `xiao2021predicting' on page 6 undefined on in
put line 338.


Package natbib Warning: Citation `huber-carenini-2020-mega' on page 6 undefined
 on input line 338.


LaTeX Warning: Reference `app:results_parse' on page 6 undefined on input line 
351.


Underfull \hbox (badness 8132) in paragraph at lines 373--373
[]\OT1/ptm/m/n/10 Table 5: |RST Par-se-val micro-average pre-ci-sion on
 []

<tree_1.png, id=41, 1113.15875pt x 725.71124pt>
File: tree_1.png Graphic file (type png)
<use tree_1.png>
Package pdftex.def Info: tree_1.png  used on input line 380.
(pdftex.def)             Requested size: 143.63808pt x 93.63707pt.
<tree_2_p.png, id=42, 1438.37375pt x 705.63625pt>
File: tree_2_p.png Graphic file (type png)
<use tree_2_p.png>
Package pdftex.def Info: tree_2_p.png  used on input line 388.
(pdftex.def)             Requested size: 179.54578pt x 88.0751pt.
<tree_2_g.png, id=43, 1449.415pt x 714.67pt>
File: tree_2_g.png Graphic file (type png)
<use tree_2_g.png>
Package pdftex.def Info: tree_2_g.png  used on input line 389.
(pdftex.def)             Requested size: 179.54578pt x 88.52655pt.
<tree_3_p.png, id=44, 1342.01375pt x 717.68124pt>
File: tree_3_p.png Graphic file (type png)
<use tree_3_p.png>
Package pdftex.def Info: tree_3_p.png  used on input line 397.
(pdftex.def)             Requested size: 167.57533pt x 89.61137pt.
<tree_3_g.png, id=45, 1186.4325pt x 664.4825pt>
File: tree_3_g.png Graphic file (type png)
<use tree_3_g.png>
Package pdftex.def Info: tree_3_g.png  used on input line 398.
(pdftex.def)             Requested size: 167.57533pt x 93.84818pt.

Underfull \hbox (badness 1331) in paragraph at lines 403--404
\OT1/ptm/m/n/10 meth-ods based on \OT1/ptm/m/it/10 Wiki \OT1/ptm/m/n/10 and \OT
1/ptm/m/it/10 GUM \OT1/ptm/m/n/10 in Ta-ble 5[]. Right-
 []

[6]

LaTeX Warning: Reference `fig:pos_example_qualitative_gum' on page 7 undefined 
on input line 405.


LaTeX Warning: Reference `fig:rand_example_qualitative_gum' on page 7 undefined
 on input line 405.


LaTeX Warning: Reference `fig:neg_example_qualitative_gum' on page 7 undefined 
on input line 405.


LaTeX Warning: Reference `app:trees' on page 7 undefined on input line 405.


Package natbib Warning: Citation `kobayashi-etal-2019-split' on page 7 undefine
d on input line 413.

[7 <./tree_1.png> <./tree_2_p.png> <./tree_2_g.png>]
Underfull \hbox (badness 1248) in paragraph at lines 419--419
\OT1/ptm/m/n/10 as-per-natur, do-lo-rum of-ficiis la-bore ali-quam amet no-bis
 []


Underfull \vbox (badness 10000) has occurred while \output is active []

 [8 <./tree_3_p.png> <./tree_3_g.png>] [9

]
No file arxiv_version_changed.bbl.

Package natbib Warning: There were undefined citations.

(arxiv_version_changed.aux)
 ***********
LaTeX2e <2023-06-01> patch level 1
L3 programming layer <2020/03/25>
 ***********


LaTeX Warning: There were undefined references.

 ) 
Here is how much of TeX's memory you used:
 9814 strings out of 475247
 165629 string characters out of 5757792
 1953801 words of memory out of 5000000
 31167 multiletter control sequences out of 15000+600000
 588808 words of font info for 101 fonts, out of 8000000 for 9000
 1141 hyphenation exceptions out of 8191
 80i,14n,79p,5419b,366s stack positions out of 10000i,1000n,20000p,200000b,200000s
<C:/Users/micha/AppData/Local/Programs/MiKTeX/fonts/type1/public/amsfonts/cm/
cmmi10.pfb><C:/Users/micha/AppData/Local/Programs/MiKTeX/fonts/type1/public/ams
fonts/cm/cmmi5.pfb><C:/Users/micha/AppData/Local/Programs/MiKTeX/fonts/type1/pu
blic/amsfonts/cm/cmmi6.pfb><C:/Users/micha/AppData/Local/Programs/MiKTeX/fonts/
type1/public/amsfonts/cm/cmmi7.pfb><C:/Users/micha/AppData/Local/Programs/MiKTe
X/fonts/type1/public/amsfonts/cm/cmmi9.pfb><C:/Users/micha/AppData/Local/Progra
ms/MiKTeX/fonts/type1/public/amsfonts/cm/cmr10.pfb><C:/Users/micha/AppData/Loca
l/Programs/MiKTeX/fonts/type1/public/amsfonts/cm/cmr7.pfb><C:/Users/micha/AppDa
ta/Local/Programs/MiKTeX/fonts/type1/public/amsfonts/cm/cmsy10.pfb><C:/Users/mi
cha/AppData/Local/Programs/MiKTeX/fonts/type1/public/amsfonts/cm/cmsy7.pfb><C:/
Users/micha/AppData/Local/Programs/MiKTeX/fonts/type1/urw/courier/ucrr8a.pfb><C
:/Users/micha/AppData/Local/Programs/MiKTeX/fonts/type1/urw/times/utmb8a.pfb><C
:/Users/micha/AppData/Local/Programs/MiKTeX/fonts/type1/urw/times/utmr8a.pfb><C
:/Users/micha/AppData/Local/Programs/MiKTeX/fonts/type1/urw/times/utmri8a.pfb>
Output written on arxiv_version_changed.pdf (9 pages, 1008634 bytes).
PDF statistics:
 119 PDF objects out of 1000 (max. 8388607)
 0 named destinations out of 1000 (max. 500000)
 51 words of extra memory for PDF output out of 10000 (max. 10000000)

