This is pdfTeX, Version 3.141592653-2.6-1.40.25 (MiKTeX 23.9) (preloaded format=pdflatex 2023.9.22)  30 MAR 2024 17:57
entering extended mode
 restricted \write18 enabled.
 %&-line parsing enabled.
**./aaai22_changed.tex
(aaai22_changed.tex
LaTeX2e <2023-06-01> patch level 1
L3 programming layer <2023-08-29>
(C:\Users\micha\AppData\Local\Programs\MiKTeX\tex/latex/base\article.cls
Document Class: article 2023/05/17 v1.4n Standard LaTeX document class
(C:\Users\micha\AppData\Local\Programs\MiKTeX\tex/latex/base\size10.clo
File: size10.clo 2023/05/17 v1.4n Standard LaTeX file (size option)
)
\c@part=\count185
\c@section=\count186
\c@subsection=\count187
\c@subsubsection=\count188
\c@paragraph=\count189
\c@subparagraph=\count190
\c@figure=\count191
\c@table=\count192
\abovecaptionskip=\skip48
\belowcaptionskip=\skip49
\bibindent=\dimen140
)
(aaai22.sty
Conference Style for AAAI for LaTeX 2e -- version for the AAAI-22 conference
\titlebox=\skip50
) (C:\Users\micha\AppData\Local\Programs\MiKTeX\tex/latex/psnfss\times.sty
Package: times 2020/03/25 PSNFSS-v9.3 (SPQR) 
)
(C:\Users\micha\AppData\Local\Programs\MiKTeX\tex/latex/psnfss\helvet.sty
Package: helvet 2020/03/25 PSNFSS-v9.3 (WaS) 

(C:\Users\micha\AppData\Local\Programs\MiKTeX\tex/latex/graphics\keyval.sty
Package: keyval 2022/05/29 v1.15 key=value parser (DPC)
\KV@toks@=\toks17
))
(C:\Users\micha\AppData\Local\Programs\MiKTeX\tex/latex/psnfss\courier.sty
Package: courier 2020/03/25 PSNFSS-v9.3 (WaS) 
)
(C:\Users\micha\AppData\Local\Programs\MiKTeX\tex/latex/url\url.sty
\Urlmuskip=\muskip16
Package: url 2013/09/16  ver 3.4  Verb mode for urls, etc.
)
(C:\Users\micha\AppData\Local\Programs\MiKTeX\tex/latex/graphics\graphicx.sty
Package: graphicx 2021/09/16 v1.2d Enhanced LaTeX Graphics (DPC,SPQR)

(C:\Users\micha\AppData\Local\Programs\MiKTeX\tex/latex/graphics\graphics.sty
Package: graphics 2022/03/10 v1.4e Standard LaTeX Graphics (DPC,SPQR)

(C:\Users\micha\AppData\Local\Programs\MiKTeX\tex/latex/graphics\trig.sty
Package: trig 2021/08/11 v1.11 sin cos tan (DPC)
)
(C:\Users\micha\AppData\Local\Programs\MiKTeX\tex/latex/graphics-cfg\graphics.c
fg
File: graphics.cfg 2016/06/04 v1.11 sample graphics configuration
)
Package graphics Info: Driver file: pdftex.def on input line 107.

(C:\Users\micha\AppData\Local\Programs\MiKTeX\tex/latex/graphics-def\pdftex.def
File: pdftex.def 2022/09/22 v1.2b Graphics/color driver for pdftex
))
\Gin@req@height=\dimen141
\Gin@req@width=\dimen142
) (C:\Users\micha\AppData\Local\Programs\MiKTeX\tex/latex/natbib\natbib.sty
Package: natbib 2010/09/13 8.31b (PWD, AO)
\bibhang=\skip51
\bibsep=\skip52
LaTeX Info: Redefining \cite on input line 694.
\c@NAT@ctr=\count193
)
(C:\Users\micha\AppData\Local\Programs\MiKTeX\tex/latex/caption\caption.sty
Package: caption 2023/07/31 v3.6n Customizing captions (AR)

(C:\Users\micha\AppData\Local\Programs\MiKTeX\tex/latex/caption\caption3.sty
Package: caption3 2023/07/31 v2.4d caption3 kernel (AR)
\caption@tempdima=\dimen143
\captionmargin=\dimen144
\caption@leftmargin=\dimen145
\caption@rightmargin=\dimen146
\caption@width=\dimen147
\caption@indent=\dimen148
\caption@parindent=\dimen149
\caption@hangindent=\dimen150
Package caption Info: Standard document class detected.
)
\c@caption@flags=\count194
\c@continuedfloat=\count195
)
(C:\Users\micha\AppData\Local\Programs\MiKTeX\tex/latex/algorithms\algorithm.st
y
Package: algorithm 2009/08/24 v0.1 Document Style `algorithm' - floating enviro
nment
 (C:\Users\micha\AppData\Local\Programs\MiKTeX\tex/latex/float\float.sty
Package: float 2001/11/08 v1.3d Float enhancements (AL)
\c@float@type=\count196
\float@exts=\toks18
\float@box=\box51
\@float@everytoks=\toks19
\@floatcapt=\box52
)
(C:\Users\micha\AppData\Local\Programs\MiKTeX\tex/latex/base\ifthen.sty
Package: ifthen 2022/04/13 v1.1d Standard LaTeX ifthen package (DPC)
)
\@float@every@algorithm=\toks20
\c@algorithm=\count197
)
(C:\Users\micha\AppData\Local\Programs\MiKTeX\tex/latex/algorithms\algorithmic.
sty
Package: algorithmic 2009/08/24 v0.1 Document Style `algorithmic'
\c@ALC@unique=\count198
\c@ALC@line=\count199
\c@ALC@rem=\count266
\c@ALC@depth=\count267
\ALC@tlm=\skip53
\algorithmicindent=\skip54
)
(C:\Users\micha\AppData\Local\Programs\MiKTeX\tex/latex/newfloat\newfloat.sty
Package: newfloat 2023/10/01 v1.2 Defining new floating environments (AR)
)
(C:\Users\micha\AppData\Local\Programs\MiKTeX\tex/latex/listings\listings.sty
\lst@mode=\count268
\lst@gtempboxa=\box53
\lst@token=\toks21
\lst@length=\count269
\lst@currlwidth=\dimen151
\lst@column=\count270
\lst@pos=\count271
\lst@lostspace=\dimen152
\lst@width=\dimen153
\lst@newlines=\count272
\lst@lineno=\count273
\lst@maxwidth=\dimen154

(C:\Users\micha\AppData\Local\Programs\MiKTeX\tex/latex/listings\lstmisc.sty
File: lstmisc.sty 2023/02/27 1.9 (Carsten Heinz)
\c@lstnumber=\count274
\lst@skipnumbers=\count275
\lst@framebox=\box54
)
(C:\Users\micha\AppData\Local\Programs\MiKTeX\tex/latex/listings\listings.cfg
File: listings.cfg 2023/02/27 1.9 listings configuration
))
Package: listings 2023/02/27 1.9 (Carsten Heinz)
\@float@every@listing=\toks22
\c@listing=\count276
(C:\Users\micha\AppData\Local\Programs\MiKTeX\tex/latex/amsfonts\amssymb.sty
Package: amssymb 2013/01/14 v3.01 AMS font symbols

(C:\Users\micha\AppData\Local\Programs\MiKTeX\tex/latex/amsfonts\amsfonts.sty
Package: amsfonts 2013/01/14 v3.01 Basic AMSFonts support
\@emptytoks=\toks23
\symAMSa=\mathgroup4
\symAMSb=\mathgroup5
LaTeX Font Info:    Redeclaring math symbol \hbar on input line 98.
LaTeX Font Info:    Overwriting math alphabet `\mathfrak' in version `bold'
(Font)                  U/euf/m/n --> U/euf/b/n on input line 106.
)) (C:\Users\micha\AppData\Local\Programs\MiKTeX\tex/latex/booktabs\booktabs.st
y
Package: booktabs 2020/01/12 v1.61803398 Publication quality tables
\heavyrulewidth=\dimen155
\lightrulewidth=\dimen156
\cmidrulewidth=\dimen157
\belowrulesep=\dimen158
\belowbottomsep=\dimen159
\aboverulesep=\dimen160
\abovetopsep=\dimen161
\cmidrulesep=\dimen162
\cmidrulekern=\dimen163
\defaultaddspace=\dimen164
\@cmidla=\count277
\@cmidlb=\count278
\@aboverulesep=\dimen165
\@belowrulesep=\dimen166
\@thisruleclass=\count279
\@lastruleclass=\count280
\@thisrulewidth=\dimen167
) (C:\Users\micha\AppData\Local\Programs\MiKTeX\tex/latex/makecell\makecell.sty
Package: makecell 2009/08/03 V0.1e Managing of Tab Column Heads and Cells

(C:\Users\micha\AppData\Local\Programs\MiKTeX\tex/latex/tools\array.sty
Package: array 2022/09/04 v2.5g Tabular extension package (FMi)
\col@sep=\dimen168
\ar@mcellbox=\box55
\extrarowheight=\dimen169
\NC@list=\toks24
\extratabsurround=\skip55
\backup@length=\skip56
\ar@cellbox=\box56
)
\rotheadsize=\dimen170
\c@nlinenum=\count281
\TeXr@lab=\toks25
)
(C:\Users\micha\AppData\Local\Programs\MiKTeX\tex/latex/multirow\multirow.sty
Package: multirow 2021/03/15 v2.8 Span multiple rows of a table
\multirow@colwidth=\skip57
\multirow@cntb=\count282
\multirow@dima=\skip58
\bigstrutjot=\dimen171
)
(C:\Users\micha\AppData\Local\Programs\MiKTeX\tex/latex/natbib\bibentry.sty
Package: bibentry 2007/10/30 1.5 (PWD)
)
LaTeX Font Info:    Trying to load font information for OT1+ptm on input line 1
87.

(C:\Users\micha\AppData\Local\Programs\MiKTeX\tex/latex/psnfss\ot1ptm.fd
File: ot1ptm.fd 2001/06/04 font definitions for OT1/ptm.
)
(C:\Users\micha\AppData\Local\Programs\MiKTeX\tex/latex/l3backend\l3backend-pdf
tex.def
File: l3backend-pdftex.def 2023-04-19 L3 backend support: PDF output (pdfTeX)
\l__color_backend_stack_int=\count283
\l__pdf_internal_box=\box57
) (aaai22_changed.aux)
\openout1 = `aaai22_changed.aux'.

LaTeX Font Info:    Checking defaults for OML/cmm/m/it on input line 187.
LaTeX Font Info:    ... okay on input line 187.
LaTeX Font Info:    Checking defaults for OMS/cmsy/m/n on input line 187.
LaTeX Font Info:    ... okay on input line 187.
LaTeX Font Info:    Checking defaults for OT1/cmr/m/n on input line 187.
LaTeX Font Info:    ... okay on input line 187.
LaTeX Font Info:    Checking defaults for T1/cmr/m/n on input line 187.
LaTeX Font Info:    ... okay on input line 187.
LaTeX Font Info:    Checking defaults for TS1/cmr/m/n on input line 187.
LaTeX Font Info:    ... okay on input line 187.
LaTeX Font Info:    Checking defaults for OMX/cmex/m/n on input line 187.
LaTeX Font Info:    ... okay on input line 187.
LaTeX Font Info:    Checking defaults for U/cmr/m/n on input line 187.
LaTeX Font Info:    ... okay on input line 187.

(C:\Users\micha\AppData\Local\Programs\MiKTeX\tex/context/base/mkii\supp-pdf.mk
ii
[Loading MPS to PDF converter (version 2006.09.02).]
\scratchcounter=\count284
\scratchdimen=\dimen172
\scratchbox=\box58
\nofMPsegments=\count285
\nofMParguments=\count286
\everyMPshowfont=\toks26
\MPscratchCnt=\count287
\MPscratchDim=\dimen173
\MPnumerator=\count288
\makeMPintoPDFobject=\count289
\everyMPtoPDFconversion=\toks27
)
(C:\Users\micha\AppData\Local\Programs\MiKTeX\tex/latex/epstopdf-pkg\epstopdf-b
ase.sty
Package: epstopdf-base 2020-01-24 v2.11 Base part for package epstopdf
Package epstopdf-base Info: Redefining graphics rule for `.eps' on input line 4
85.

(C:\Users\micha\AppData\Local\Programs\MiKTeX\tex/latex/00miktex\epstopdf-sys.c
fg
File: epstopdf-sys.cfg 2021/03/18 v2.0 Configuration of epstopdf for MiKTeX
))
Package caption Info: Begin \AtBeginDocument code.
Package caption Info: float package is loaded.
Package caption Info: listings package is loaded.
Package caption Info: End \AtBeginDocument code.
Package newfloat Info: `float' package detected.
\c@lstlisting=\count290
\c@eqfn=\count291
\titlearea=\box59
LaTeX Font Info:    Trying to load font information for U+msa on input line 189
.
 (C:\Users\micha\AppData\Local\Programs\MiKTeX\tex/latex/amsfonts\umsa.fd
File: umsa.fd 2013/01/14 v3.01 AMS symbols A
)
LaTeX Font Info:    Trying to load font information for U+msb on input line 189
.

(C:\Users\micha\AppData\Local\Programs\MiKTeX\tex/latex/amsfonts\umsb.fd
File: umsb.fd 2013/01/14 v3.01 AMS symbols B
)
LaTeX Font Info:    Trying to load font information for OMS+ptm on input line 1
89.

(C:\Users\micha\AppData\Local\Programs\MiKTeX\tex/latex/psnfss\omsptm.fd
File: omsptm.fd 
)
LaTeX Font Info:    Font shape `OMS/ptm/m/n' in size <10> not available
(Font)              Font shape `OMS/cmsy/m/n' tried instead on input line 189.
\actualheight=\skip59
LaTeX Font Info:    Trying to load font information for TS1+ptm on input line 1
89.

(C:\Users\micha\AppData\Local\Programs\MiKTeX\tex/latex/psnfss\ts1ptm.fd
File: ts1ptm.fd 2001/06/04 font definitions for TS1/ptm.
)

Package natbib Warning: Citation `mikolov2013distributed' on page 1 undefined o
n input line 200.


Package natbib Warning: Citation `mikolov2010recurrent' on page 1 undefined on 
input line 201.


Package natbib Warning: Citation `tai2015improved' on page 1 undefined on input
 line 201.


Package natbib Warning: Citation `liu2016recurrent' on page 1 undefined on inpu
t line 201.


Package natbib Warning: Citation `kim-2014-convolutional' on page 1 undefined o
n input line 201.


Package natbib Warning: Citation `zhang2015character' on page 1 undefined on in
put line 201.


Package natbib Warning: Citation `kipf2017semi' on page 1 undefined on input li
ne 203.


Package natbib Warning: Citation `yao2019graph' on page 1 undefined on input li
ne 204.


Package natbib Warning: Citation `huang2019text' on page 1 undefined on input l
ine 205.


Package natbib Warning: Citation `zhang2020every' on page 1 undefined on input 
line 206.


Package natbib Warning: Citation `ding2020more' on page 1 undefined on input li
ne 206.


Underfull \vbox (badness 10000) has occurred while \output is active []

 [1{C:/Users/micha/AppData/Local/MiKTeX/fonts/map/pdftex/pdftex.map}{C:/Users/m
icha/AppData/Local/Programs/MiKTeX/fonts/enc/dvips/base/8r.enc}



]
LaTeX Font Info:    Trying to load font information for OT1+pcr on input line 2
22.

(C:\Users\micha\AppData\Local\Programs\MiKTeX\tex/latex/psnfss\ot1pcr.fd
File: ot1pcr.fd 2001/06/04 font definitions for OT1/pcr.
)
Underfull \hbox (badness 1199) in paragraph at lines 219--223
\OT1/ptm/m/n/10 softmax trick to learn and up-date the graph struc-ture,
 []


Package natbib Warning: Citation `gumbel1954statistical' on page 2 undefined on
 input line 247.


Package natbib Warning: Citation `jang2016categorical' on page 2 undefined on i
nput line 252.

<figures/TextSSL_cropped.pdf, id=9, 766.93637pt x 373.39392pt>
File: figures/TextSSL_cropped.pdf Graphic file (type pdf)
<use figures/TextSSL_cropped.pdf>
Package pdftex.def Info: figures/TextSSL_cropped.pdf  used on input line 262.
(pdftex.def)             Requested size: 505.89pt x 246.304pt.

Package natbib Warning: Citation `mihalcea2004textrank' on page 2 undefined on 
input line 278.

[2]

Package natbib Warning: Citation `kipf2017semi' on page 3 undefined on input li
ne 297.

[3 <./figures/TextSSL_cropped.pdf>]

Package natbib Warning: Citation `jang2016categorical' on page 4 undefined on i
nput line 320.


Underfull \hbox (badness 2326) in paragraph at lines 320--321
 \OT1/ptm/b/n/10 Sam-pling Adap-tive Neigh-bors for Sparse Struc-ture
 []


Package natbib Warning: Citation `yao2019graph' on page 4 undefined on input li
ne 399.


Package natbib Warning: Citation `Reuters' on page 4 undefined on input line 39
9.


Package natbib Warning: Citation `kim-2014-convolutional' on page 4 undefined o
n input line 401.


Package natbib Warning: Citation `yao2019graph' on page 4 undefined on input li
ne 401.

[4]

Package natbib Warning: Citation `joulin2017bag' on page 5 undefined on input l
ine 412.


Package natbib Warning: Citation `shen2018baseline' on page 5 undefined on inpu
t line 412.


Package natbib Warning: Citation `kim-2014-convolutional' on page 5 undefined o
n input line 413.


Package natbib Warning: Citation `liu2016recurrent' on page 5 undefined on inpu
t line 413.


Package natbib Warning: Citation `yao2019graph' on page 5 undefined on input li
ne 413.


Package natbib Warning: Citation `yao2019graph' on page 5 undefined on input li
ne 413.


Package natbib Warning: Citation `liu2020tensor' on page 5 undefined on input l
ine 413.


Package natbib Warning: Citation `wang2020learning' on page 5 undefined on inpu
t line 413.


Package natbib Warning: Citation `huang2019text' on page 5 undefined on input l
ine 413.


Package natbib Warning: Citation `ding2020more' on page 5 undefined on input li
ne 413.


Package natbib Warning: Citation `zhang2020every' on page 5 undefined on input 
line 413.


Package natbib Warning: Citation `kingma2015adam' on page 5 undefined on input 
line 416.


Package natbib Warning: Citation `paszke2019pytorch' on page 5 undefined on inp
ut line 416.


Package natbib Warning: Citation `yao2019graph' on page 5 undefined on input li
ne 416.

[5]
Underfull \hbox (badness 2941) in paragraph at lines 425--428
 \OT1/ptm/b/n/10 Dy-namic con-tex-tual de-pen-dency. \OT1/ptm/m/n/10 Most no-ta
bly, our
 []


Underfull \hbox (badness 4543) in paragraph at lines 450--450
[]\OT1/ptm/m/n/10 Table 3: |Com-par-i-son with dif-fer-ent con-struc-tions of
 []

[6]
<figures/tr_split.pdf, id=90, 722.7pt x 289.08pt>
File: figures/tr_split.pdf Graphic file (type pdf)
<use figures/tr_split.pdf>
Package pdftex.def Info: figures/tr_split.pdf  used on input line 487.
(pdftex.def)             Requested size: 239.39438pt x 95.75839pt.


Package natbib Warning: Citation `wu2020graph' on page 7 undefined on input lin
e 521.


Package natbib Warning: Citation `liu2018early' on page 7 undefined on input li
ne 521.


Package natbib Warning: Citation `medhat2014sentiment' on page 7 undefined on i
nput line 521.


Package natbib Warning: Citation `suykens1999least' on page 7 undefined on inpu
t line 522.


Package natbib Warning: Citation `mccallum1998comparison' on page 7 undefined o
n input line 522.


Package natbib Warning: Citation `svetnik2003random' on page 7 undefined on inp
ut line 522.


Package natbib Warning: Citation `mikolov2013distributed' on page 7 undefined o
n input line 523.


Package natbib Warning: Citation `grover2016node2vec' on page 7 undefined on in
put line 523.


Package natbib Warning: Citation `mikolov2010recurrent' on page 7 undefined on 
input line 524.


Package natbib Warning: Citation `liu2016recurrent' on page 7 undefined on inpu
t line 524.


Package natbib Warning: Citation `kim-2014-convolutional' on page 7 undefined o
n input line 524.


Package natbib Warning: Citation `yang2016hierarchical' on page 7 undefined on 
input line 525.


Package natbib Warning: Citation `8933476' on page 7 undefined on input line 52
5.


Package natbib Warning: Citation `kipf2017semi' on page 7 undefined on input li
ne 527.


Package natbib Warning: Citation `kipf2017semi' on page 7 undefined on input li
ne 530.


Package natbib Warning: Citation `velivckovic2018graph' on page 7 undefined on 
input line 530.


Package natbib Warning: Citation `hamilton2017inductive' on page 7 undefined on
 input line 530.


Package natbib Warning: Citation `xu2018powerful' on page 7 undefined on input 
line 530.


Package natbib Warning: Citation `wu2020comprehensive' on page 7 undefined on i
nput line 531.


Package natbib Warning: Citation `li2020survey' on page 7 undefined on input li
ne 531.


Package natbib Warning: Citation `yao2019graph' on page 7 undefined on input li
ne 532.


Package natbib Warning: Citation `huang2019text' on page 7 undefined on input l
ine 532.


Package natbib Warning: Citation `liu2020tensor' on page 7 undefined on input l
ine 532.


Package natbib Warning: Citation `wang2020learning' on page 7 undefined on inpu
t line 532.


Package natbib Warning: Citation `peng2018large' on page 7 undefined on input l
ine 534.


Package natbib Warning: Citation `zhang2020every' on page 7 undefined on input 
line 534.


Package natbib Warning: Citation `ding2020more' on page 7 undefined on input li
ne 535.


Package natbib Warning: Citation `pennington2014glove' on page 7 undefined on i
nput line 547.


Package natbib Warning: Citation `fey2019fast' on page 7 undefined on input lin
e 547.


Package natbib Warning: Citation `zhang2020every' on page 7 undefined on input 
line 547.


Package natbib Warning: Citation `ding2020more' on page 7 undefined on input li
ne 547.

[7 <./figures/tr_split.pdf>]

Package natbib Warning: Citation `kim-2014-convolutional' on page 8 undefined o
n input line 550.


Package natbib Warning: Citation `yao2019graph' on page 8 undefined on input li
ne 550.


Package natbib Warning: Citation `bird2006nltk' on page 8 undefined on input li
ne 550.


Package natbib Warning: Citation `yao2019graph' on page 8 undefined on input li
ne 551.


Underfull \hbox (badness 4543) in paragraph at lines 571--571
[]\OT1/ptm/m/n/10 Table 5: |Com-par-i-son with dif-fer-ent con-struc-tions of
 []

<figures/vis_sample_cropped.pdf, id=133, 672.5125pt x 154.5775pt>
File: figures/vis_sample_cropped.pdf Graphic file (type pdf)
<use figures/vis_sample_cropped.pdf>
Package pdftex.def Info: figures/vis_sample_cropped.pdf  used on input line 594
.
(pdftex.def)             Requested size: 455.2979pt x 104.65135pt.
<figures/Appendix.pdf, id=134, 1084.05pt x 361.35pt>
File: figures/Appendix.pdf Graphic file (type pdf)
<use figures/Appendix.pdf>
Package pdftex.def Info: figures/Appendix.pdf  used on input line 594.
(pdftex.def)             Requested size: 455.2979pt x 151.76596pt.

Underfull \hbox (badness 1688) in paragraph at lines 606--612
\OT1/ptm/m/n/10 graphs in-cor-rectly pre-dict this sam-ple as ``\OT1/ptm/m/it/1
0 crude\OT1/ptm/m/n/10 " and
 []


Underfull \hbox (badness 1152) in paragraph at lines 606--612
\OT1/ptm/m/n/10 (1) The static word co-occurrence graph mis-pre-dict to
 []

No file aaai22_changed.bbl.
[8]
Underfull \vbox (badness 10000) has occurred while \output is active []


Underfull \vbox (badness 10000) has occurred while \output is active []

 [9 <./figures/vis_sample_cropped.pdf> <./figures/Appendix.pdf

pdfTeX warning: pdflatex (file ./figures/Appendix.pdf): PDF inclusion: multiple
 pdfs with page group included in a single page
>]

Package natbib Warning: There were undefined citations.

[10

] (aaai22_changed.aux)
 ***********
LaTeX2e <2023-06-01> patch level 1
L3 programming layer <2023-08-29>
 ***********
 ) 
Here is how much of TeX's memory you used:
 6131 strings out of 475247
 99812 string characters out of 5757792
 1948801 words of memory out of 5000000
 27575 multiletter control sequences out of 15000+600000
 583051 words of font info for 91 fonts, out of 8000000 for 9000
 1141 hyphenation exceptions out of 8191
 57i,10n,65p,3840b,308s stack positions out of 10000i,1000n,20000p,200000b,200000s
<C:/Users/micha/AppData/Local/Programs/MiKTeX/fonts/type1/public/amsfonts/cm/
cmbx10.pfb><C:/Users/micha/AppData/Local/Programs/MiKTeX/fonts/type1/public/ams
fonts/cm/cmex10.pfb><C:/Users/micha/AppData/Local/Programs/MiKTeX/fonts/type1/p
ublic/amsfonts/cm/cmmi10.pfb><C:/Users/micha/AppData/Local/Programs/MiKTeX/font
s/type1/public/amsfonts/cm/cmmi5.pfb><C:/Users/micha/AppData/Local/Programs/MiK
TeX/fonts/type1/public/amsfonts/cm/cmmi7.pfb><C:/Users/micha/AppData/Local/Prog
rams/MiKTeX/fonts/type1/public/amsfonts/cm/cmr10.pfb><C:/Users/micha/AppData/Lo
cal/Programs/MiKTeX/fonts/type1/public/amsfonts/cm/cmr5.pfb><C:/Users/micha/App
Data/Local/Programs/MiKTeX/fonts/type1/public/amsfonts/cm/cmr7.pfb><C:/Users/mi
cha/AppData/Local/Programs/MiKTeX/fonts/type1/public/amsfonts/cm/cmsy10.pfb><C:
/Users/micha/AppData/Local/Programs/MiKTeX/fonts/type1/public/amsfonts/cm/cmsy5
.pfb><C:/Users/micha/AppData/Local/Programs/MiKTeX/fonts/type1/public/amsfonts/
cm/cmsy7.pfb><C:/Users/micha/AppData/Local/Programs/MiKTeX/fonts/type1/public/a
msfonts/symbols/msbm10.pfb><C:/Users/micha/AppData/Local/Programs/MiKTeX/fonts/
type1/urw/courier/ucrr8a.pfb><C:/Users/micha/AppData/Local/Programs/MiKTeX/font
s/type1/urw/times/utmb8a.pfb><C:/Users/micha/AppData/Local/Programs/MiKTeX/font
s/type1/urw/times/utmr8a.pfb><C:/Users/micha/AppData/Local/Programs/MiKTeX/font
s/type1/urw/times/utmri8a.pfb>
Output written on aaai22_changed.pdf (10 pages, 780914 bytes).
PDF statistics:
 287 PDF objects out of 1000 (max. 8388607)
 0 named destinations out of 1000 (max. 500000)
 21 words of extra memory for PDF output out of 10000 (max. 10000000)

