This is pdfTeX, Version 3.141592653-2.6-1.40.25 (MiKTeX 23.9) (preloaded format=pdflatex 2023.9.22)  30 MAR 2024 17:36
entering extended mode
 restricted \write18 enabled.
 %&-line parsing enabled.
**./anonymous-submission-latex-2024_changed.tex
(anonymous-submission-latex-2024_changed.tex
LaTeX2e <2023-06-01> patch level 1
L3 programming layer <2023-08-29>
(C:\Users\micha\AppData\Local\Programs\MiKTeX\tex/latex/base\article.cls
Document Class: article 2023/05/17 v1.4n Standard LaTeX document class
(C:\Users\micha\AppData\Local\Programs\MiKTeX\tex/latex/base\size10.clo
File: size10.clo 2023/05/17 v1.4n Standard LaTeX file (size option)
)
\c@part=\count185
\c@section=\count186
\c@subsection=\count187
\c@subsubsection=\count188
\c@paragraph=\count189
\c@subparagraph=\count190
\c@figure=\count191
\c@table=\count192
\abovecaptionskip=\skip48
\belowcaptionskip=\skip49
\bibindent=\dimen140
)
(aaai24.sty
Package: aaai24 2023/06/26 AAAI 2024 Submission format

Conference Style for AAAI for LaTeX 2e -- version for submission
\titlebox=\skip50
) (C:\Users\micha\AppData\Local\Programs\MiKTeX\tex/latex/psnfss\times.sty
Package: times 2020/03/25 PSNFSS-v9.3 (SPQR) 
)
(C:\Users\micha\AppData\Local\Programs\MiKTeX\tex/latex/psnfss\helvet.sty
Package: helvet 2020/03/25 PSNFSS-v9.3 (WaS) 

(C:\Users\micha\AppData\Local\Programs\MiKTeX\tex/latex/graphics\keyval.sty
Package: keyval 2022/05/29 v1.15 key=value parser (DPC)
\KV@toks@=\toks17
))
(C:\Users\micha\AppData\Local\Programs\MiKTeX\tex/latex/psnfss\courier.sty
Package: courier 2020/03/25 PSNFSS-v9.3 (WaS) 
)
(C:\Users\micha\AppData\Local\Programs\MiKTeX\tex/latex/url\url.sty
\Urlmuskip=\muskip16
Package: url 2013/09/16  ver 3.4  Verb mode for urls, etc.
)
(C:\Users\micha\AppData\Local\Programs\MiKTeX\tex/latex/graphics\graphicx.sty
Package: graphicx 2021/09/16 v1.2d Enhanced LaTeX Graphics (DPC,SPQR)

(C:\Users\micha\AppData\Local\Programs\MiKTeX\tex/latex/graphics\graphics.sty
Package: graphics 2022/03/10 v1.4e Standard LaTeX Graphics (DPC,SPQR)

(C:\Users\micha\AppData\Local\Programs\MiKTeX\tex/latex/graphics\trig.sty
Package: trig 2021/08/11 v1.11 sin cos tan (DPC)
)
(C:\Users\micha\AppData\Local\Programs\MiKTeX\tex/latex/graphics-cfg\graphics.c
fg
File: graphics.cfg 2016/06/04 v1.11 sample graphics configuration
)
Package graphics Info: Driver file: pdftex.def on input line 107.

(C:\Users\micha\AppData\Local\Programs\MiKTeX\tex/latex/graphics-def\pdftex.def
File: pdftex.def 2022/09/22 v1.2b Graphics/color driver for pdftex
))
\Gin@req@height=\dimen141
\Gin@req@width=\dimen142
) (C:\Users\micha\AppData\Local\Programs\MiKTeX\tex/latex/natbib\natbib.sty
Package: natbib 2010/09/13 8.31b (PWD, AO)
\bibhang=\skip51
\bibsep=\skip52
LaTeX Info: Redefining \cite on input line 694.
\c@NAT@ctr=\count193
)
(C:\Users\micha\AppData\Local\Programs\MiKTeX\tex/latex/caption\caption.sty
Package: caption 2023/07/31 v3.6n Customizing captions (AR)

(C:\Users\micha\AppData\Local\Programs\MiKTeX\tex/latex/caption\caption3.sty
Package: caption3 2023/07/31 v2.4d caption3 kernel (AR)
\caption@tempdima=\dimen143
\captionmargin=\dimen144
\caption@leftmargin=\dimen145
\caption@rightmargin=\dimen146
\caption@width=\dimen147
\caption@indent=\dimen148
\caption@parindent=\dimen149
\caption@hangindent=\dimen150
Package caption Info: Standard document class detected.
)
\c@caption@flags=\count194
\c@continuedfloat=\count195
)
(C:\Users\micha\AppData\Local\Programs\MiKTeX\tex/latex/booktabs\booktabs.sty
Package: booktabs 2020/01/12 v1.61803398 Publication quality tables
\heavyrulewidth=\dimen151
\lightrulewidth=\dimen152
\cmidrulewidth=\dimen153
\belowrulesep=\dimen154
\belowbottomsep=\dimen155
\aboverulesep=\dimen156
\abovetopsep=\dimen157
\cmidrulesep=\dimen158
\cmidrulekern=\dimen159
\defaultaddspace=\dimen160
\@cmidla=\count196
\@cmidlb=\count197
\@aboverulesep=\dimen161
\@belowrulesep=\dimen162
\@thisruleclass=\count198
\@lastruleclass=\count199
\@thisrulewidth=\dimen163
)
(C:\Users\micha\AppData\Local\Programs\MiKTeX\tex/latex/amsfonts\amsfonts.sty
Package: amsfonts 2013/01/14 v3.01 Basic AMSFonts support
\@emptytoks=\toks18
\symAMSa=\mathgroup4
\symAMSb=\mathgroup5
LaTeX Font Info:    Redeclaring math symbol \hbar on input line 98.
LaTeX Font Info:    Overwriting math alphabet `\mathfrak' in version `bold'
(Font)                  U/euf/m/n --> U/euf/b/n on input line 106.
)
(C:\Users\micha\AppData\Local\Programs\MiKTeX\tex/latex/units\nicefrac.sty
Package: nicefrac 1998/08/04 v0.9b Nice fractions
\L@UnitsRaiseDisplaystyle=\skip53
\L@UnitsRaiseTextstyle=\skip54
\L@UnitsRaiseScriptstyle=\skip55

(C:\Users\micha\AppData\Local\Programs\MiKTeX\tex/latex/base\ifthen.sty
Package: ifthen 2022/04/13 v1.1d Standard LaTeX ifthen package (DPC)
))
(C:\Users\micha\AppData\Local\Programs\MiKTeX\tex/latex/microtype\microtype.sty
Package: microtype 2023/03/13 v3.1a Micro-typographical refinements (RS)
(C:\Users\micha\AppData\Local\Programs\MiKTeX\tex/latex/etoolbox\etoolbox.sty
Package: etoolbox 2020/10/05 v2.5k e-TeX tools for LaTeX (JAW)
\etb@tempcnta=\count266
)
\MT@toks=\toks19
\MT@tempbox=\box51
\MT@count=\count267
LaTeX Info: Redefining \noprotrusionifhmode on input line 1059.
LaTeX Info: Redefining \leftprotrusion on input line 1060.
\MT@prot@toks=\toks20
LaTeX Info: Redefining \rightprotrusion on input line 1078.
LaTeX Info: Redefining \textls on input line 1368.
\MT@outer@kern=\dimen164
LaTeX Info: Redefining \textmicrotypecontext on input line 1988.
\MT@listname@count=\count268

(C:\Users\micha\AppData\Local\Programs\MiKTeX\tex/latex/microtype\microtype-pdf
tex.def
File: microtype-pdftex.def 2023/03/13 v3.1a Definitions specific to pdftex (RS)

LaTeX Info: Redefining \lsstyle on input line 902.
LaTeX Info: Redefining \lslig on input line 902.
\MT@outer@space=\skip56
)
Package microtype Info: Loading configuration file microtype.cfg.

(C:\Users\micha\AppData\Local\Programs\MiKTeX\tex/latex/microtype\microtype.cfg
File: microtype.cfg 2023/03/13 v3.1a microtype main configuration file (RS)
)) (C:\Users\micha\AppData\Local\Programs\MiKTeX\tex/latex/xcolor\xcolor.sty
Package: xcolor 2022/06/12 v2.14 LaTeX color extensions (UK)

(C:\Users\micha\AppData\Local\Programs\MiKTeX\tex/latex/graphics-cfg\color.cfg
File: color.cfg 2016/01/02 v1.6 sample color configuration
)
Package xcolor Info: Driver file: pdftex.def on input line 227.
(C:\Users\micha\AppData\Local\Programs\MiKTeX\tex/latex/graphics\mathcolor.ltx)
Package xcolor Info: Model `cmy' substituted by `cmy0' on input line 1353.
Package xcolor Info: Model `hsb' substituted by `rgb' on input line 1357.
Package xcolor Info: Model `RGB' extended on input line 1369.
Package xcolor Info: Model `HTML' substituted by `rgb' on input line 1371.
Package xcolor Info: Model `Hsb' substituted by `hsb' on input line 1372.
Package xcolor Info: Model `tHsb' substituted by `hsb' on input line 1373.
Package xcolor Info: Model `HSB' substituted by `hsb' on input line 1374.
Package xcolor Info: Model `Gray' substituted by `gray' on input line 1375.
Package xcolor Info: Model `wave' substituted by `hsb' on input line 1376.
)
(C:\Users\micha\AppData\Local\Programs\MiKTeX\tex/latex/algorithms\algorithm.st
y
Package: algorithm 2009/08/24 v0.1 Document Style `algorithm' - floating enviro
nment
 (C:\Users\micha\AppData\Local\Programs\MiKTeX\tex/latex/float\float.sty
Package: float 2001/11/08 v1.3d Float enhancements (AL)
\c@float@type=\count269
\float@exts=\toks21
\float@box=\box52
\@float@everytoks=\toks22
\@floatcapt=\box53
)
\@float@every@algorithm=\toks23
\c@algorithm=\count270
)
(C:\Users\micha\AppData\Local\Programs\MiKTeX\tex/latex/algorithms\algorithmic.
sty
Package: algorithmic 2009/08/24 v0.1 Document Style `algorithmic'
\c@ALC@unique=\count271
\c@ALC@line=\count272
\c@ALC@rem=\count273
\c@ALC@depth=\count274
\ALC@tlm=\skip57
\algorithmicindent=\skip58
)
(C:\Users\micha\AppData\Local\Programs\MiKTeX\tex/latex/amsmath\amsmath.sty
Package: amsmath 2023/05/13 v2.17o AMS math features
\@mathmargin=\skip59

For additional information on amsmath, use the `?' option.
(C:\Users\micha\AppData\Local\Programs\MiKTeX\tex/latex/amsmath\amstext.sty
Package: amstext 2021/08/26 v2.01 AMS text

(C:\Users\micha\AppData\Local\Programs\MiKTeX\tex/latex/amsmath\amsgen.sty
File: amsgen.sty 1999/11/30 v2.0 generic functions
\@emptytoks=\toks24
\ex@=\dimen165
))
(C:\Users\micha\AppData\Local\Programs\MiKTeX\tex/latex/amsmath\amsbsy.sty
Package: amsbsy 1999/11/29 v1.2d Bold Symbols
\pmbraise@=\dimen166
)
(C:\Users\micha\AppData\Local\Programs\MiKTeX\tex/latex/amsmath\amsopn.sty
Package: amsopn 2022/04/08 v2.04 operator names
)
\inf@bad=\count275
LaTeX Info: Redefining \frac on input line 234.
\uproot@=\count276
\leftroot@=\count277
LaTeX Info: Redefining \overline on input line 399.
LaTeX Info: Redefining \colon on input line 410.
\classnum@=\count278
\DOTSCASE@=\count279
LaTeX Info: Redefining \ldots on input line 496.
LaTeX Info: Redefining \dots on input line 499.
LaTeX Info: Redefining \cdots on input line 620.
\Mathstrutbox@=\box54
\strutbox@=\box55
LaTeX Info: Redefining \big on input line 722.
LaTeX Info: Redefining \Big on input line 723.
LaTeX Info: Redefining \bigg on input line 724.
LaTeX Info: Redefining \Bigg on input line 725.
\big@size=\dimen167
LaTeX Font Info:    Redeclaring font encoding OML on input line 743.
LaTeX Font Info:    Redeclaring font encoding OMS on input line 744.
\macc@depth=\count280
LaTeX Info: Redefining \bmod on input line 905.
LaTeX Info: Redefining \pmod on input line 910.
LaTeX Info: Redefining \smash on input line 940.
LaTeX Info: Redefining \relbar on input line 970.
LaTeX Info: Redefining \Relbar on input line 971.
\c@MaxMatrixCols=\count281
\dotsspace@=\muskip17
\c@parentequation=\count282
\dspbrk@lvl=\count283
\tag@help=\toks25
\row@=\count284
\column@=\count285
\maxfields@=\count286
\andhelp@=\toks26
\eqnshift@=\dimen168
\alignsep@=\dimen169
\tagshift@=\dimen170
\tagwidth@=\dimen171
\totwidth@=\dimen172
\lineht@=\dimen173
\@envbody=\toks27
\multlinegap=\skip60
\multlinetaggap=\skip61
\mathdisplay@stack=\toks28
LaTeX Info: Redefining \[ on input line 2953.
LaTeX Info: Redefining \] on input line 2954.
)
(C:\Users\micha\AppData\Local\Programs\MiKTeX\tex/latex/amsfonts\amssymb.sty
Package: amssymb 2013/01/14 v3.01 AMS font symbols
)
(C:\Users\micha\AppData\Local\Programs\MiKTeX\tex/latex/multirow\multirow.sty
Package: multirow 2021/03/15 v2.8 Span multiple rows of a table
\multirow@colwidth=\skip62
\multirow@cntb=\count287
\multirow@dima=\skip63
\bigstrutjot=\dimen174
)
(C:\Users\micha\AppData\Local\Programs\MiKTeX\tex/latex/subfigure\subfigure.sty
Package: subfigure 2002/07/30 v2.1.4 subfigure package
\subfigtopskip=\skip64
\subfigcapskip=\skip65
\subfigcaptopadj=\dimen175
\subfigbottomskip=\skip66
\subfigcapmargin=\dimen176
\subfiglabelskip=\skip67
\c@subfigure=\count288
\c@lofdepth=\count289
\c@subtable=\count290
\c@lotdepth=\count291
****************************************
* Local config file subfigure.cfg used *
****************************************

(C:\Users\micha\AppData\Local\Programs\MiKTeX\tex/latex/subfigure\subfigure.cfg
)
\subfig@top=\skip68
\subfig@bottom=\skip69
)
(C:\Users\micha\AppData\Local\Programs\MiKTeX\tex/latex/makecell\makecell.sty
Package: makecell 2009/08/03 V0.1e Managing of Tab Column Heads and Cells

(C:\Users\micha\AppData\Local\Programs\MiKTeX\tex/latex/tools\array.sty
Package: array 2022/09/04 v2.5g Tabular extension package (FMi)
\col@sep=\dimen177
\ar@mcellbox=\box56
\extrarowheight=\dimen178
\NC@list=\toks29
\extratabsurround=\skip70
\backup@length=\skip71
\ar@cellbox=\box57
)
\rotheadsize=\dimen179
\c@nlinenum=\count292
\TeXr@lab=\toks30
)
(C:\Users\micha\AppData\Local\Programs\MiKTeX\tex/latex/listings\listings.sty
\lst@mode=\count293
\lst@gtempboxa=\box58
\lst@token=\toks31
\lst@length=\count294
\lst@currlwidth=\dimen180
\lst@column=\count295
\lst@pos=\count296
\lst@lostspace=\dimen181
\lst@width=\dimen182
\lst@newlines=\count297
\lst@lineno=\count298
\lst@maxwidth=\dimen183

(C:\Users\micha\AppData\Local\Programs\MiKTeX\tex/latex/listings\lstmisc.sty
File: lstmisc.sty 2023/02/27 1.9 (Carsten Heinz)
\c@lstnumber=\count299
\lst@skipnumbers=\count300
\lst@framebox=\box59
)
(C:\Users\micha\AppData\Local\Programs\MiKTeX\tex/latex/listings\listings.cfg
File: listings.cfg 2023/02/27 1.9 listings configuration
))
Package: listings 2023/02/27 1.9 (Carsten Heinz)
\@float@every@listing=\toks32
\c@listing=\count301
(C:\Users\micha\AppData\Local\Programs\MiKTeX\tex/latex/natbib\bibentry.sty
Package: bibentry 2007/10/30 1.5 (PWD)
)
LaTeX Font Info:    Trying to load font information for OT1+ptm on input line 1
83.

(C:\Users\micha\AppData\Local\Programs\MiKTeX\tex/latex/psnfss\ot1ptm.fd
File: ot1ptm.fd 2001/06/04 font definitions for OT1/ptm.
)
(C:\Users\micha\AppData\Local\Programs\MiKTeX\tex/latex/l3backend\l3backend-pdf
tex.def
File: l3backend-pdftex.def 2023-04-19 L3 backend support: PDF output (pdfTeX)
\l__color_backend_stack_int=\count302
\l__pdf_internal_box=\box60
) (anonymous-submission-latex-2024_changed.aux

LaTeX Warning: Label `eq:2' multiply defined.

)
\openout1 = `anonymous-submission-latex-2024_changed.aux'.

LaTeX Font Info:    Checking defaults for OML/cmm/m/it on input line 183.
LaTeX Font Info:    ... okay on input line 183.
LaTeX Font Info:    Checking defaults for OMS/cmsy/m/n on input line 183.
LaTeX Font Info:    ... okay on input line 183.
LaTeX Font Info:    Checking defaults for OT1/cmr/m/n on input line 183.
LaTeX Font Info:    ... okay on input line 183.
LaTeX Font Info:    Checking defaults for T1/cmr/m/n on input line 183.
LaTeX Font Info:    ... okay on input line 183.
LaTeX Font Info:    Checking defaults for TS1/cmr/m/n on input line 183.
LaTeX Font Info:    ... okay on input line 183.
LaTeX Font Info:    Checking defaults for OMX/cmex/m/n on input line 183.
LaTeX Font Info:    ... okay on input line 183.
LaTeX Font Info:    Checking defaults for U/cmr/m/n on input line 183.
LaTeX Font Info:    ... okay on input line 183.

(C:\Users\micha\AppData\Local\Programs\MiKTeX\tex/context/base/mkii\supp-pdf.mk
ii
[Loading MPS to PDF converter (version 2006.09.02).]
\scratchcounter=\count303
\scratchdimen=\dimen184
\scratchbox=\box61
\nofMPsegments=\count304
\nofMParguments=\count305
\everyMPshowfont=\toks33
\MPscratchCnt=\count306
\MPscratchDim=\dimen185
\MPnumerator=\count307
\makeMPintoPDFobject=\count308
\everyMPtoPDFconversion=\toks34
)
(C:\Users\micha\AppData\Local\Programs\MiKTeX\tex/latex/epstopdf-pkg\epstopdf-b
ase.sty
Package: epstopdf-base 2020-01-24 v2.11 Base part for package epstopdf
Package epstopdf-base Info: Redefining graphics rule for `.eps' on input line 4
85.

(C:\Users\micha\AppData\Local\Programs\MiKTeX\tex/latex/00miktex\epstopdf-sys.c
fg
File: epstopdf-sys.cfg 2021/03/18 v2.0 Configuration of epstopdf for MiKTeX
))
Package caption Info: Begin \AtBeginDocument code.
Package caption Info: float package is loaded.
Package caption Info: listings package is loaded.
Package caption Info: subfigure package is loaded.
Package caption Info: End \AtBeginDocument code.
LaTeX Info: Redefining \microtypecontext on input line 183.
Package microtype Info: Applying patch `item' on input line 183.
Package microtype Info: Applying patch `toc' on input line 183.
Package microtype Info: Applying patch `eqnum' on input line 183.
Package microtype Info: Applying patch `footnote' on input line 183.
Package microtype Info: Applying patch `verbatim' on input line 183.
Package microtype Info: Generating PDF output.
Package microtype Info: Character protrusion enabled (level 2).
Package microtype Info: Using default protrusion set `alltext'.
Package microtype Info: Automatic font expansion enabled (level 2),
(microtype)             stretch: 20, shrink: 20, step: 1, non-selected.
Package microtype Info: Using default expansion set `alltext-nott'.
LaTeX Info: Redefining \showhyphens on input line 183.
Package microtype Info: No adjustment of tracking.
Package microtype Info: No adjustment of interword spacing.
Package microtype Info: No adjustment of character kerning.

(C:\Users\micha\AppData\Local\Programs\MiKTeX\tex/latex/microtype\mt-ptm.cfg
File: mt-ptm.cfg 2006/04/20 v1.7 microtype config. file: Times (RS)
)
\c@lstlisting=\count309
\c@eqfn=\count310
\titlearea=\box62

(C:\Users\micha\AppData\Local\Programs\MiKTeX\tex/latex/microtype\mt-cmr.cfg
File: mt-cmr.cfg 2013/05/19 v2.2 microtype config. file: Computer Modern Roman 
(RS)
)
LaTeX Font Info:    Trying to load font information for U+msa on input line 185
.

(C:\Users\micha\AppData\Local\Programs\MiKTeX\tex/latex/amsfonts\umsa.fd
File: umsa.fd 2013/01/14 v3.01 AMS symbols A
)
(C:\Users\micha\AppData\Local\Programs\MiKTeX\tex/latex/microtype\mt-msa.cfg
File: mt-msa.cfg 2006/02/04 v1.1 microtype config. file: AMS symbols (a) (RS)
)
LaTeX Font Info:    Trying to load font information for U+msb on input line 185
.

(C:\Users\micha\AppData\Local\Programs\MiKTeX\tex/latex/amsfonts\umsb.fd
File: umsb.fd 2013/01/14 v3.01 AMS symbols B
)
(C:\Users\micha\AppData\Local\Programs\MiKTeX\tex/latex/microtype\mt-msb.cfg
File: mt-msb.cfg 2005/06/01 v1.0 microtype config. file: AMS symbols (b) (RS)
)
LaTeX Font Info:    Trying to load font information for OMS+ptm on input line 1
85.

(C:\Users\micha\AppData\Local\Programs\MiKTeX\tex/latex/psnfss\omsptm.fd
File: omsptm.fd 
)
LaTeX Font Info:    Font shape `OMS/ptm/m/n' in size <10> not available
(Font)              Font shape `OMS/cmsy/m/n' tried instead on input line 185.
\actualheight=\skip72
LaTeX Font Info:    Trying to load font information for TS1+ptm on input line 1
85.

(C:\Users\micha\AppData\Local\Programs\MiKTeX\tex/latex/psnfss\ts1ptm.fd
File: ts1ptm.fd 2001/06/04 font definitions for TS1/ptm.
)

Package natbib Warning: Citation `lecun2015deep' on page 1 undefined on input l
ine 196.


Package natbib Warning: Citation `simonyan2014very' on page 1 undefined on inpu
t line 196.


Package natbib Warning: Citation `krizhevsky2017imagenet' on page 1 undefined o
n input line 196.


Package natbib Warning: Citation `you2020greedynas' on page 1 undefined on inpu
t line 196.


Package natbib Warning: Citation `zhang2018shufflenet' on page 1 undefined on i
nput line 196.


Package natbib Warning: Citation `girshick2015fast' on page 1 undefined on inpu
t line 196.


Package natbib Warning: Citation `redmon2016you' on page 1 undefined on input l
ine 196.


Package natbib Warning: Citation `he2017mask' on page 1 undefined on input line
 196.


Package natbib Warning: Citation `zhao2017pyramid' on page 1 undefined on input
 line 196.


Package natbib Warning: Citation `chen2017rethinking' on page 1 undefined on in
put line 196.


Package natbib Warning: Citation `xie2017aggregated' on page 1 undefined on inp
ut line 196.


Package natbib Warning: Citation `dosovitskiy2020image' on page 1 undefined on 
input line 196.


Package natbib Warning: Citation `hinton2015distilling' on page 1 undefined on 
input line 198.


Package natbib Warning: Citation `hinton2015distilling' on page 1 undefined on 
input line 198.


Package natbib Warning: Citation `zhao2022decoupled' on page 1 undefined on inp
ut line 198.


Package natbib Warning: Citation `romero2014fitnets' on page 1 undefined on inp
ut line 198.


Package natbib Warning: Citation `zagoruyko2016paying' on page 1 undefined on i
nput line 198.


Package natbib Warning: Citation `tian2019contrastive' on page 1 undefined on i
nput line 198.


Package natbib Warning: Citation `heo2019comprehensive' on page 1 undefined on 
input line 198.


Package natbib Warning: Citation `chen2021distilling' on page 1 undefined on in
put line 198.


Package natbib Warning: Citation `ji2021show' on page 1 undefined on input line
 198.


Package natbib Warning: Citation `romero2014fitnets' on page 1 undefined on inp
ut line 198.

Package epstopdf Info: Source file: <figs/ARIMAv3.eps>
(epstopdf)                    date: 2023-08-21 11:43:32
(epstopdf)                    size: 575657 bytes
(epstopdf)             Output file: <figs/ARIMAv3-eps-converted-to.pdf>
(epstopdf)                    date: 2023-08-21 11:43:32
(epstopdf)                    size: 73651 bytes
(epstopdf)             Command: <miktex-epstopdf --outfile=figs/ARIMAv3-eps-con
verted-to.pdf figs/ARIMAv3.eps>
(epstopdf)             \includegraphics on input line 201.
Package epstopdf Info: Output file is already uptodate.
<figs/ARIMAv3-eps-converted-to.pdf, id=1, 1135.24126pt x 532.99126pt>
File: figs/ARIMAv3-eps-converted-to.pdf Graphic file (type pdf)
<use figs/ARIMAv3-eps-converted-to.pdf>
Package pdftex.def Info: figs/ARIMAv3-eps-converted-to.pdf  used on input line 
201.
(pdftex.def)             Requested size: 227.04422pt x 106.59636pt.
Package epstopdf Info: Source file: <figs/general_KD.eps>
(epstopdf)                    date: 2023-08-21 11:43:32
(epstopdf)                    size: 419944 bytes
(epstopdf)             Output file: <figs/general_KD-eps-converted-to.pdf>
(epstopdf)                    date: 2023-08-21 11:43:32
(epstopdf)                    size: 33945 bytes
(epstopdf)             Command: <miktex-epstopdf --outfile=figs/general_KD-eps-
converted-to.pdf figs/general_KD.eps>
(epstopdf)             \includegraphics on input line 209.
Package epstopdf Info: Output file is already uptodate.
<figs/general_KD-eps-converted-to.pdf, id=2, 641.39626pt x 462.72874pt>
File: figs/general_KD-eps-converted-to.pdf Graphic file (type pdf)
<use figs/general_KD-eps-converted-to.pdf>
Package pdftex.def Info: figs/general_KD-eps-converted-to.pdf  used on input li
ne 209.
(pdftex.def)             Requested size: 141.1076pt x 101.80063pt.
Package epstopdf Info: Source file: <figs/feature_based_KD.eps>
(epstopdf)                    date: 2023-08-21 11:43:32
(epstopdf)                    size: 442634 bytes
(epstopdf)             Output file: <figs/feature_based_KD-eps-converted-to.pdf
>
(epstopdf)                    date: 2023-08-21 11:43:32
(epstopdf)                    size: 40679 bytes
(epstopdf)             Command: <miktex-epstopdf --outfile=figs/feature_based_K
D-eps-converted-to.pdf figs/feature_based_KD.eps>
(epstopdf)             \includegraphics on input line 211.
Package epstopdf Info: Output file is already uptodate.
<figs/feature_based_KD-eps-converted-to.pdf, id=3, 771.88374pt x 465.74pt>
File: figs/feature_based_KD-eps-converted-to.pdf Graphic file (type pdf)
<use figs/feature_based_KD-eps-converted-to.pdf>
Package pdftex.def Info: figs/feature_based_KD-eps-converted-to.pdf  used on in
put line 211.
(pdftex.def)             Requested size: 169.81494pt x 102.4631pt.
Package epstopdf Info: Source file: <figs/TSKD2.eps>
(epstopdf)                    date: 2023-08-21 11:43:32
(epstopdf)                    size: 466846 bytes
(epstopdf)             Output file: <figs/TSKD2-eps-converted-to.pdf>
(epstopdf)                    date: 2023-08-21 11:43:32
(epstopdf)                    size: 44499 bytes
(epstopdf)             Command: <miktex-epstopdf --outfile=figs/TSKD2-eps-conve
rted-to.pdf figs/TSKD2.eps>
(epstopdf)             \includegraphics on input line 213.
Package epstopdf Info: Output file is already uptodate.
<figs/TSKD2-eps-converted-to.pdf, id=4, 729.72626pt x 464.73625pt>
File: figs/TSKD2-eps-converted-to.pdf Graphic file (type pdf)
<use figs/TSKD2-eps-converted-to.pdf>
Package pdftex.def Info: figs/TSKD2-eps-converted-to.pdf  used on input line 21
3.
(pdftex.def)             Requested size: 160.54027pt x 102.24228pt.

Package natbib Warning: Citation `box1970distribution' on page 1 undefined on i
nput line 222.

[1{C:/Users/micha/AppData/Local/MiKTeX/fonts/map/pdftex/pdftex.map}{C:/Users/mi
cha/AppData/Local/Programs/MiKTeX/fonts/enc/dvips/base/8r.enc}



 <./figs/ARIMAv3-eps-converted-to.pdf>]

Package natbib Warning: Citation `hinton2015distilling' on page 2 undefined on 
input line 244.


Package natbib Warning: Citation `li2017mimicking' on page 2 undefined on input
 line 244.


Package natbib Warning: Citation `li2021online' on page 2 undefined on input li
ne 244.


Package natbib Warning: Citation `hinton2015distilling' on page 2 undefined on 
input line 246.


Package natbib Warning: Citation `mirzadeh2020improved' on page 2 undefined on 
input line 246.


Package natbib Warning: Citation `cho2019efficacy' on page 2 undefined on input
 line 246.


Package natbib Warning: Citation `furlanello2018born' on page 2 undefined on in
put line 246.


Package natbib Warning: Citation `romero2014fitnets' on page 2 undefined on inp
ut line 246.


Package natbib Warning: Citation `zagoruyko2016paying' on page 2 undefined on i
nput line 246.


Package natbib Warning: Citation `tian2019contrastive' on page 2 undefined on i
nput line 246.


Package natbib Warning: Citation `heo2019comprehensive' on page 2 undefined on 
input line 246.


Package natbib Warning: Citation `chen2021distilling' on page 2 undefined on in
put line 246.


Package natbib Warning: Citation `ji2021show' on page 2 undefined on input line
 246.


Package natbib Warning: Citation `chen2021distilling' on page 2 undefined on in
put line 251.

Package epstopdf Info: Source file: <figs/mainv4.eps>
(epstopdf)                    date: 2023-08-21 11:43:32
(epstopdf)                    size: 722606 bytes
(epstopdf)             Output file: <figs/mainv4-eps-converted-to.pdf>
(epstopdf)                    date: 2023-08-21 11:43:32
(epstopdf)                    size: 101279 bytes
(epstopdf)             Command: <miktex-epstopdf --outfile=figs/mainv4-eps-conv
erted-to.pdf figs/mainv4.eps>
(epstopdf)             \includegraphics on input line 279.
Package epstopdf Info: Output file is already uptodate.
<figs/mainv4-eps-converted-to.pdf, id=36, 995.72pt x 666.49pt>
File: figs/mainv4-eps-converted-to.pdf Graphic file (type pdf)
<use figs/mainv4-eps-converted-to.pdf>
Package pdftex.def Info: figs/mainv4-eps-converted-to.pdf  used on input line 2
79.
(pdftex.def)             Requested size: 388.32924pt x 259.93005pt.
[2 <./figs/general_KD-eps-converted-to.pdf> <./figs/feature_based_KD-eps-conver
ted-to.pdf> <./figs/TSKD2-eps-converted-to.pdf>]
Package epstopdf Info: Source file: <figs/axis2.eps>
(epstopdf)                    date: 2023-08-21 11:43:32
(epstopdf)                    size: 211684 bytes
(epstopdf)             Output file: <figs/axis2-eps-converted-to.pdf>
(epstopdf)                    date: 2023-08-21 11:43:32
(epstopdf)                    size: 11797 bytes
(epstopdf)             Command: <miktex-epstopdf --outfile=figs/axis2-eps-conve
rted-to.pdf figs/axis2.eps>
(epstopdf)             \includegraphics on input line 313.
Package epstopdf Info: Output file is already uptodate.
<figs/axis2-eps-converted-to.pdf, id=143, 616.3025pt x 169.63374pt>
File: figs/axis2-eps-converted-to.pdf Graphic file (type pdf)
<use figs/axis2-eps-converted-to.pdf>
Package pdftex.def Info: figs/axis2-eps-converted-to.pdf  used on input line 31
3.
(pdftex.def)             Requested size: 258.84528pt x 71.24568pt.

Overfull \hbox (19.4509pt too wide) in paragraph at lines 313--315
 [][] 
 []


Package natbib Warning: Citation `zagoruyko2016paying' on page 3 undefined on i
nput line 320.


Package natbib Warning: Citation `guo2023class' on page 3 undefined on input li
ne 320.


Underfull \vbox (badness 2401) has occurred while \output is active []

 [3 <./figs/mainv4-eps-converted-to.pdf> <./figs/axis2-eps-converted-to.pdf>]

Package natbib Warning: Citation `zagoruyko2016paying' on page 4 undefined on i
nput line 394.


Package natbib Warning: Citation `tian2019contrastive' on page 4 undefined on i
nput line 398.


Package natbib Warning: Citation `heo2019comprehensive' on page 4 undefined on 
input line 398.


Package natbib Warning: Citation `box1970distribution' on page 4 undefined on i
nput line 400.


Package natbib Warning: Citation `vaswani2017attention' on page 4 undefined on 
input line 400.


Package natbib Warning: Citation `shi2015convolutional' on page 4 undefined on 
input line 400.


Package natbib Warning: Citation `simonyan2014very' on page 4 undefined on inpu
t line 447.


Package natbib Warning: Citation `he2016deep' on page 4 undefined on input line
 447.


Package natbib Warning: Citation `zagoruyko2016wide' on page 4 undefined on inp
ut line 447.


Package natbib Warning: Citation `sandler2018mobilenetv2' on page 4 undefined o
n input line 447.


Package natbib Warning: Citation `hinton2015distilling' on page 4 undefined on 
input line 447.


Package natbib Warning: Citation `zhao2022decoupled' on page 4 undefined on inp
ut line 447.


Package natbib Warning: Citation `romero2014fitnets' on page 4 undefined on inp
ut line 447.


Package natbib Warning: Citation `passalis2018probabilistic' on page 4 undefine
d on input line 447.


Package natbib Warning: Citation `park2019relational' on page 4 undefined on in
put line 447.


Package natbib Warning: Citation `tian2019contrastive' on page 4 undefined on i
nput line 447.


Package natbib Warning: Citation `zagoruyko2016paying' on page 4 undefined on i
nput line 447.


Package natbib Warning: Citation `ahn2019variational' on page 4 undefined on in
put line 447.


Package natbib Warning: Citation `heo2019comprehensive' on page 4 undefined on 
input line 447.


Package natbib Warning: Citation `tung2019similarity' on page 4 undefined on in
put line 447.


Package natbib Warning: Citation `peng2019correlation' on page 4 undefined on i
nput line 447.


Package natbib Warning: Citation `guo2023class' on page 4 undefined on input li
ne 447.


Package natbib Warning: Citation `chen2021distilling' on page 4 undefined on in
put line 447.


Package natbib Warning: Citation `krizhevsky2009learning' on page 4 undefined o
n input line 453.


Package natbib Warning: Citation `deng2009imagenet' on page 4 undefined on inpu
t line 453.


Package natbib Warning: Citation `lin2014microsoft' on page 4 undefined on inpu
t line 453.

LaTeX Font Info:    Trying to load font information for OT1+pcr on input line 4
53.
(C:\Users\micha\AppData\Local\Programs\MiKTeX\tex/latex/psnfss\ot1pcr.fd
File: ot1pcr.fd 2001/06/04 font definitions for OT1/pcr.
)
Package microtype Info: Loading generic protrusion settings for font family
(microtype)             `pcr' (encoding: OT1).
(microtype)             For optimal results, create family-specific settings.
(microtype)             See the microtype manual for details.


Package natbib Warning: Citation `chen2021distilling' on page 4 undefined on in
put line 455.


Package natbib Warning: Citation `zhao2022decoupled' on page 4 undefined on inp
ut line 455.

[4]

Package natbib Warning: Citation `wang2019distilling' on page 5 undefined on in
put line 458.


Package natbib Warning: Citation `chen2021distilling' on page 5 undefined on in
put line 499.


LaTeX Warning: `!h' float specifier changed to `!ht'.

[5] [6]
<figs/wrn_162_kl_half2_tsne.png, id=211, 433.62pt x 433.62pt>
File: figs/wrn_162_kl_half2_tsne.png Graphic file (type png)
<use figs/wrn_162_kl_half2_tsne.png>
Package pdftex.def Info: figs/wrn_162_kl_half2_tsne.png  used on input line 591
.
(pdftex.def)             Requested size: 108.40472pt x 108.40472pt.
<figs/wrn_162_lstm_tsne.png, id=213, 433.62pt x 433.62pt>
File: figs/wrn_162_lstm_tsne.png Graphic file (type png)
<use figs/wrn_162_lstm_tsne.png>
Package pdftex.def Info: figs/wrn_162_lstm_tsne.png  used on input line 595.
(pdftex.def)             Requested size: 108.40472pt x 108.40472pt.
Package epstopdf Info: Source file: <figs/efficiencyv2.eps>
(epstopdf)                    date: 2023-08-21 11:43:32
(epstopdf)                    size: 233003 bytes
(epstopdf)             Output file: <figs/efficiencyv2-eps-converted-to.pdf>
(epstopdf)                    date: 2023-08-21 11:43:32
(epstopdf)                    size: 28824 bytes
(epstopdf)             Command: <miktex-epstopdf --outfile=figs/efficiencyv2-ep
s-converted-to.pdf figs/efficiencyv2.eps>
(epstopdf)             \includegraphics on input line 607.
Package epstopdf Info: Output file is already uptodate.
<figs/efficiencyv2-eps-converted-to.pdf, id=214, 622.325pt x 512.91624pt>
File: figs/efficiencyv2-eps-converted-to.pdf Graphic file (type pdf)
<use figs/efficiencyv2-eps-converted-to.pdf>
Package pdftex.def Info: figs/efficiencyv2-eps-converted-to.pdf  used on input 
line 607.
(pdftex.def)             Requested size: 149.36104pt x 123.1024pt.

Overfull \hbox (6.28995pt too wide) in paragraph at lines 617--624
 [][] 
 []

[7 <./figs/wrn_162_kl_half2_tsne.png> <./figs/wrn_162_lstm_tsne.png> <./figs/ef
ficiencyv2-eps-converted-to.pdf>] [8

]
No file anonymous-submission-latex-2024_changed.bbl.

Package natbib Warning: There were undefined citations.

(anonymous-submission-latex-2024_changed.aux)
 ***********
LaTeX2e <2023-06-01> patch level 1
L3 programming layer <2023-08-29>
 ***********


LaTeX Warning: There were multiply-defined labels.

 ) 
Here is how much of TeX's memory you used:
 10184 strings out of 475247
 160570 string characters out of 5757792
 1958801 words of memory out of 5000000
 31219 multiletter control sequences out of 15000+600000
 603848 words of font info for 314 fonts, out of 8000000 for 9000
 1141 hyphenation exceptions out of 8191
 57i,16n,65p,1216b,666s stack positions out of 10000i,1000n,20000p,200000b,200000s
<C:/Users/micha/AppData/Local/Programs/MiKTeX/fonts/type1/public/amsfonts/cm/
cmex10.pfb><C:/Users/micha/AppData/Local/Programs/MiKTeX/fonts/type1/public/ams
fonts/cm/cmmi10.pfb><C:/Users/micha/AppData/Local/Programs/MiKTeX/fonts/type1/p
ublic/amsfonts/cm/cmmi5.pfb><C:/Users/micha/AppData/Local/Programs/MiKTeX/fonts
/type1/public/amsfonts/cm/cmmi6.pfb><C:/Users/micha/AppData/Local/Programs/MiKT
eX/fonts/type1/public/amsfonts/cm/cmmi7.pfb><C:/Users/micha/AppData/Local/Progr
ams/MiKTeX/fonts/type1/public/amsfonts/cm/cmmi9.pfb><C:/Users/micha/AppData/Loc
al/Programs/MiKTeX/fonts/type1/public/amsfonts/cm/cmr10.pfb><C:/Users/micha/App
Data/Local/Programs/MiKTeX/fonts/type1/public/amsfonts/cm/cmr5.pfb><C:/Users/mi
cha/AppData/Local/Programs/MiKTeX/fonts/type1/public/amsfonts/cm/cmr7.pfb><C:/U
sers/micha/AppData/Local/Programs/MiKTeX/fonts/type1/public/amsfonts/cm/cmr9.pf
b><C:/Users/micha/AppData/Local/Programs/MiKTeX/fonts/type1/public/amsfonts/cm/
cmsy10.pfb><C:/Users/micha/AppData/Local/Programs/MiKTeX/fonts/type1/public/ams
fonts/cm/cmsy7.pfb><C:/Users/micha/AppData/Local/Programs/MiKTeX/fonts/type1/pu
blic/amsfonts/cm/cmsy9.pfb><C:/Users/micha/AppData/Local/Programs/MiKTeX/fonts/
type1/public/amsfonts/symbols/msbm10.pfb><C:/Users/micha/AppData/Local/Programs
/MiKTeX/fonts/type1/urw/courier/ucrr8a.pfb><C:/Users/micha/AppData/Local/Progra
ms/MiKTeX/fonts/type1/urw/times/utmb8a.pfb><C:/Users/micha/AppData/Local/Progra
ms/MiKTeX/fonts/type1/urw/times/utmbi8a.pfb><C:/Users/micha/AppData/Local/Progr
ams/MiKTeX/fonts/type1/urw/times/utmr8a.pfb><C:/Users/micha/AppData/Local/Progr
ams/MiKTeX/fonts/type1/urw/times/utmri8a.pfb>
Output written on anonymous-submission-latex-2024_changed.pdf (8 pages, 743871 
bytes).
PDF statistics:
 356 PDF objects out of 1000 (max. 8388607)
 0 named destinations out of 1000 (max. 500000)
 69678 words of extra memory for PDF output out of 74296 (max. 10000000)

