This is pdfTeX, Version 3.141592653-2.6-1.40.25 (MiKTeX 23.9) (preloaded format=pdflatex 2023.9.22)  30 MAR 2024 17:43
entering extended mode
 restricted \write18 enabled.
 %&-line parsing enabled.
**./aaai17_changed.tex
(aaai17_changed.tex
LaTeX2e <2023-06-01> patch level 1
L3 programming layer <2023-08-29>
(C:\Users\micha\AppData\Local\Programs\MiKTeX\tex/latex/base\article.cls
Document Class: article 2023/05/17 v1.4n Standard LaTeX document class
(C:\Users\micha\AppData\Local\Programs\MiKTeX\tex/latex/base\size10.clo
File: size10.clo 2023/05/17 v1.4n Standard LaTeX file (size option)
)
\c@part=\count185
\c@section=\count186
\c@subsection=\count187
\c@subsubsection=\count188
\c@paragraph=\count189
\c@subparagraph=\count190
\c@figure=\count191
\c@table=\count192
\abovecaptionskip=\skip48
\belowcaptionskip=\skip49
\bibindent=\dimen140
)
(aaai17.sty
Conference Style for AAAI for LaTeX 2e -- version of 14 January 2017
\titlebox=\skip50
) (C:\Users\micha\AppData\Local\Programs\MiKTeX\tex/latex/psnfss\times.sty
Package: times 2020/03/25 PSNFSS-v9.3 (SPQR) 
)
(C:\Users\micha\AppData\Local\Programs\MiKTeX\tex/latex/psnfss\helvet.sty
Package: helvet 2020/03/25 PSNFSS-v9.3 (WaS) 

(C:\Users\micha\AppData\Local\Programs\MiKTeX\tex/latex/graphics\keyval.sty
Package: keyval 2022/05/29 v1.15 key=value parser (DPC)
\KV@toks@=\toks17
))
(C:\Users\micha\AppData\Local\Programs\MiKTeX\tex/latex/psnfss\courier.sty
Package: courier 2020/03/25 PSNFSS-v9.3 (WaS) 
)
(C:\Users\micha\AppData\Local\Programs\MiKTeX\tex/latex/url\url.sty
\Urlmuskip=\muskip16
Package: url 2013/09/16  ver 3.4  Verb mode for urls, etc.
)
(C:\Users\micha\AppData\Local\Programs\MiKTeX\tex/latex/graphics\graphicx.sty
Package: graphicx 2021/09/16 v1.2d Enhanced LaTeX Graphics (DPC,SPQR)

(C:\Users\micha\AppData\Local\Programs\MiKTeX\tex/latex/graphics\graphics.sty
Package: graphics 2022/03/10 v1.4e Standard LaTeX Graphics (DPC,SPQR)

(C:\Users\micha\AppData\Local\Programs\MiKTeX\tex/latex/graphics\trig.sty
Package: trig 2021/08/11 v1.11 sin cos tan (DPC)
)
(C:\Users\micha\AppData\Local\Programs\MiKTeX\tex/latex/graphics-cfg\graphics.c
fg
File: graphics.cfg 2016/06/04 v1.11 sample graphics configuration
)
Package graphics Info: Driver file: pdftex.def on input line 107.

(C:\Users\micha\AppData\Local\Programs\MiKTeX\tex/latex/graphics-def\pdftex.def
File: pdftex.def 2022/09/22 v1.2b Graphics/color driver for pdftex
))
\Gin@req@height=\dimen141
\Gin@req@width=\dimen142
) (C:\Users\micha\AppData\Local\Programs\MiKTeX\tex/latex/wasysym\wasysym.sty
Package: wasysym 2020/01/19 v2.4 Wasy-2 symbol support package
\symwasy=\mathgroup4
LaTeX Font Info:    Overwriting symbol font `wasy' in version `bold'
(Font)                  U/wasy/m/n --> U/wasy/b/n on input line 93.
) (C:\Users\micha\AppData\Local\Programs\MiKTeX\tex/latex/multirow\multirow.sty
Package: multirow 2021/03/15 v2.8 Span multiple rows of a table
\multirow@colwidth=\skip51
\multirow@cntb=\count193
\multirow@dima=\skip52
\bigstrutjot=\dimen143
)
(C:\Users\micha\AppData\Local\Programs\MiKTeX\tex/latex/subfigure\subfigure.sty
Package: subfigure 2002/07/30 v2.1.4 subfigure package
\subfigtopskip=\skip53
\subfigcapskip=\skip54
\subfigcaptopadj=\dimen144
\subfigbottomskip=\skip55
\subfigcapmargin=\dimen145
\subfiglabelskip=\skip56
\c@subfigure=\count194
\c@lofdepth=\count195
\c@subtable=\count196
\c@lotdepth=\count197
****************************************
* Local config file subfigure.cfg used *
****************************************

(C:\Users\micha\AppData\Local\Programs\MiKTeX\tex/latex/subfigure\subfigure.cfg
)
\subfig@top=\skip57
\subfig@bottom=\skip58
)
(C:\Users\micha\AppData\Local\Programs\MiKTeX\tex/latex/enumitem\enumitem.sty
Package: enumitem 2019/06/20 v3.9 Customized lists
\labelindent=\skip59
\enit@outerparindent=\dimen146
\enit@toks=\toks18
\enit@inbox=\box51
\enit@count@id=\count198
\enitdp@description=\count199
)
LaTeX Font Info:    Trying to load font information for OT1+ptm on input line 1
9.

(C:\Users\micha\AppData\Local\Programs\MiKTeX\tex/latex/psnfss\ot1ptm.fd
File: ot1ptm.fd 2001/06/04 font definitions for OT1/ptm.
)
(C:\Users\micha\AppData\Local\Programs\MiKTeX\tex/latex/l3backend\l3backend-pdf
tex.def
File: l3backend-pdftex.def 2023-04-19 L3 backend support: PDF output (pdfTeX)
\l__color_backend_stack_int=\count266
\l__pdf_internal_box=\box52
) (aaai17_changed.aux)
\openout1 = `aaai17_changed.aux'.

LaTeX Font Info:    Checking defaults for OML/cmm/m/it on input line 19.
LaTeX Font Info:    ... okay on input line 19.
LaTeX Font Info:    Checking defaults for OMS/cmsy/m/n on input line 19.
LaTeX Font Info:    ... okay on input line 19.
LaTeX Font Info:    Checking defaults for OT1/cmr/m/n on input line 19.
LaTeX Font Info:    ... okay on input line 19.
LaTeX Font Info:    Checking defaults for T1/cmr/m/n on input line 19.
LaTeX Font Info:    ... okay on input line 19.
LaTeX Font Info:    Checking defaults for TS1/cmr/m/n on input line 19.
LaTeX Font Info:    ... okay on input line 19.
LaTeX Font Info:    Checking defaults for OMX/cmex/m/n on input line 19.
LaTeX Font Info:    ... okay on input line 19.
LaTeX Font Info:    Checking defaults for U/cmr/m/n on input line 19.
LaTeX Font Info:    ... okay on input line 19.

(C:\Users\micha\AppData\Local\Programs\MiKTeX\tex/context/base/mkii\supp-pdf.mk
ii
[Loading MPS to PDF converter (version 2006.09.02).]
\scratchcounter=\count267
\scratchdimen=\dimen147
\scratchbox=\box53
\nofMPsegments=\count268
\nofMParguments=\count269
\everyMPshowfont=\toks19
\MPscratchCnt=\count270
\MPscratchDim=\dimen148
\MPnumerator=\count271
\makeMPintoPDFobject=\count272
\everyMPtoPDFconversion=\toks20
)
(C:\Users\micha\AppData\Local\Programs\MiKTeX\tex/latex/epstopdf-pkg\epstopdf-b
ase.sty
Package: epstopdf-base 2020-01-24 v2.11 Base part for package epstopdf
Package epstopdf-base Info: Redefining graphics rule for `.eps' on input line 4
85.

(C:\Users\micha\AppData\Local\Programs\MiKTeX\tex/latex/00miktex\epstopdf-sys.c
fg
File: epstopdf-sys.cfg 2021/03/18 v2.0 Configuration of epstopdf for MiKTeX
))
LaTeX Font Info:    External font `cmex10' loaded for size
(Font)              <7> on input line 30.
LaTeX Font Info:    External font `cmex10' loaded for size
(Font)              <5> on input line 30.
LaTeX Font Info:    Trying to load font information for U+wasy on input line 30
.
 (C:\Users\micha\AppData\Local\Programs\MiKTeX\tex/latex/wasysym\uwasy.fd
File: uwasy.fd 2020/01/19 v2.4 Wasy-2 symbol font definitions
)
LaTeX Font Info:    External font `cmex10' loaded for size
(Font)              <12> on input line 30.
LaTeX Font Info:    External font `cmex10' loaded for size
(Font)              <8> on input line 30.
LaTeX Font Info:    External font `cmex10' loaded for size
(Font)              <6> on input line 30.
LaTeX Font Info:    Trying to load font information for TS1+ptm on input line 3
0.

(C:\Users\micha\AppData\Local\Programs\MiKTeX\tex/latex/psnfss\ts1ptm.fd
File: ts1ptm.fd 2001/06/04 font definitions for TS1/ptm.
)
LaTeX Font Info:    External font `cmex10' loaded for size
(Font)              <9> on input line 30.
LaTeX Font Info:    Trying to load font information for OT1+pcr on input line 3
0.

(C:\Users\micha\AppData\Local\Programs\MiKTeX\tex/latex/psnfss\ot1pcr.fd
File: ot1pcr.fd 2001/06/04 font definitions for OT1/pcr.
)
Underfull \hbox (badness 1221) in paragraph at lines 30--30
[][]$[]$\OT1/ptm/m/n/9 Jacob Arkin \OT1/pcr/m/n/9 (j.arkin@rochester.edu)\OT1/p
tm/m/n/9 , Sid-dharth
 []

<images/interaction.png, id=1, 1087.06125pt x 538.01pt>
File: images/interaction.png Graphic file (type png)
<use images/interaction.png>
Package pdftex.def Info: images/interaction.png  used on input line 42.
(pdftex.def)             Requested size: 354.12144pt x 175.26164pt.

LaTeX Warning: Citation `harnad1990symbol' on page 1 undefined on input line 48
.


LaTeX Warning: Citation `stubbs2007autonomy' on page 1 undefined on input line 
48.


LaTeX Warning: Citation `lemaignan2012grounding' on page 1 undefined on input l
ine 48.


LaTeX Warning: Citation `goodrich2007human' on page 1 undefined on input line 4
8.


LaTeX Warning: Citation `tellex2011understanding' on page 1 undefined on input 
line 53.


LaTeX Warning: Citation `howard2014natural' on page 1 undefined on input line 5
3.


LaTeX Warning: Citation `boteanu2016model' on page 1 undefined on input line 55
.


LaTeX Warning: Citation `raman2013explaining' on page 1 undefined on input line
 58.

[1{C:/Users/micha/AppData/Local/MiKTeX/fonts/map/pdftex/pdftex.map}{C:/Users/mi
cha/AppData/Local/Programs/MiKTeX/fonts/enc/dvips/base/8r.enc}



]

LaTeX Warning: Citation `boteanu2016model' on page 2 undefined on input line 67
.


LaTeX Warning: Citation `raman2013sorry' on page 2 undefined on input line 74.


LaTeX Warning: Citation `boteanu2016model' on page 2 undefined on input line 74
.


LaTeX Warning: Citation `alur2013counter' on page 2 undefined on input line 78.



LaTeX Warning: Citation `roy2005grounding' on page 2 undefined on input line 92
.

[2 <./images/interaction.png>]

LaTeX Warning: Citation `tellex2011understanding' on page 3 undefined on input 
line 94.


LaTeX Warning: Citation `howard2014natural' on page 3 undefined on input line 9
4.


LaTeX Warning: Citation `Paul2016Abstract' on page 3 undefined on input line 94
.


LaTeX Warning: Citation `boteanu2016model' on page 3 undefined on input line 94
.


LaTeX Warning: Citation `argall2009survey' on page 3 undefined on input line 99
.


LaTeX Warning: Citation `lauriar2001training' on page 3 undefined on input line
 99.


LaTeX Warning: Citation `chao2011towards' on page 3 undefined on input line 99.



LaTeX Warning: Citation `tellex2014asking' on page 3 undefined on input line 10
0.


LaTeX Warning: Citation `boteanu2015towards' on page 3 undefined on input line 
101.


LaTeX Warning: Citation `raman2013sorry' on page 3 undefined on input line 103.



LaTeX Warning: Citation `matuszek2013learning' on page 3 undefined on input lin
e 103.


LaTeX Warning: Citation `piterman2006synthesis' on page 3 undefined on input li
ne 112.


LaTeX Warning: Citation `kress2008translating' on page 3 undefined on input lin
e 113.


LaTeX Warning: Citation `kress2009temporal' on page 3 undefined on input line 1
15.

<images/symbols.png, id=15, 344.487pt x 373.395pt>
File: images/symbols.png Graphic file (type png)
<use images/symbols.png>
Package pdftex.def Info: images/symbols.png  used on input line 121.
(pdftex.def)             Requested size: 151.76854pt x 164.50511pt.
LaTeX Font Info:    Trying to load font information for OMS+ptm on input line 1
30.
(C:\Users\micha\AppData\Local\Programs\MiKTeX\tex/latex/psnfss\omsptm.fd
File: omsptm.fd 
)
LaTeX Font Info:    Font shape `OMS/ptm/m/it' in size <10> not available
(Font)              Font shape `OMS/cmsy/m/n' tried instead on input line 130.

[3 <./images/symbols.png>]

LaTeX Warning: Citation `gonzalez1978syntactic' on page 4 undefined on input li
ne 138.


LaTeX Warning: Citation `marcus1994penn' on page 4 undefined on input line 138.



Underfull \hbox (badness 1953) in paragraph at lines 142--144
\OT1/ptm/m/n/10 for-mu-lae de-fined dur-ing model train-ing hold for new
 []

<images/annotation.png, id=27, 441.65pt x 310.15875pt>
File: images/annotation.png Graphic file (type png)
<use images/annotation.png>
Package pdftex.def Info: images/annotation.png  used on input line 163.
(pdftex.def)             Requested size: 177.06458pt x 124.34526pt.

Underfull \hbox (badness 1917) in paragraph at lines 168--169
\OT1/ptm/m/n/10 the task type. We will give two ex-am-ples, in which
 []


Underfull \hbox (badness 1527) in paragraph at lines 168--169
\OT1/ptm/m/it/10 ob-served[]cube[]blue \OT1/ptm/m/n/10 and \OT1/ptm/m/it/10 un-
der-stack[]cube[]red \OT1/ptm/m/n/10 are sen-sor
 []


Underfull \hbox (badness 1048) in paragraph at lines 168--169
\OT1/ptm/m/n/10 propo-si-tions, \OT1/ptm/m/it/10 pickup[]right \OT1/ptm/m/n/10 
is an ac-tion propo-si-tion, and
 []

[4 <./images/annotation.png>]

LaTeX Warning: Citation `chung2015performance' on page 5 undefined on input lin
e 194.


LaTeX Warning: Citation `alur2013counter' on page 5 undefined on input line 205
.


Underfull \hbox (badness 2884) in paragraph at lines 205--207
[]\OT1/ptm/m/n/10 For an un-re-al-iz-able spec-i-fi-ca-tion, tran-si-tions in t
he
 []

<images/env2.JPG, id=31, 438.9198pt x 303.534pt>
File: images/env2.JPG Graphic file (type jpg)
<use images/env2.JPG>
Package pdftex.def Info: images/env2.JPG  used on input line 224.
(pdftex.def)             Requested size: 95.75629pt x 66.21725pt.
<images/stacksim2.jpg, id=32, 393.72093pt x 319.94531pt>
File: images/stacksim2.jpg Graphic file (type jpg)
<use images/stacksim2.jpg>
Package pdftex.def Info: images/stacksim2.jpg  used on input line 225.
(pdftex.def)             Requested size: 95.75629pt x 77.81364pt.
[5 <./images/env2.JPG> <./images/stacksim2.jpg>]

LaTeX Warning: Citation `boteanu2016model' on page 6 undefined on input line 24
0.

[6] [7

]
No file aaai17_changed.bbl.
(aaai17_changed.aux)
 ***********
LaTeX2e <2023-06-01> patch level 1
L3 programming layer <2023-08-29>
 ***********
 ) 
Here is how much of TeX's memory you used:
 2524 strings out of 475247
 42199 string characters out of 5757792
 1939801 words of memory out of 5000000
 24014 multiletter control sequences out of 15000+600000
 582656 words of font info for 84 fonts, out of 8000000 for 9000
 1141 hyphenation exceptions out of 8191
 57i,15n,65p,1198b,379s stack positions out of 10000i,1000n,20000p,200000b,200000s
 <C:\Users\micha\AppData\Local\MiKTeX\fonts/pk/ljfour/public/wasy/dpi600\wasy
10.pk><C:/Users/micha/AppData/Local/Programs/MiKTeX/fonts/type1/public/amsfonts
/cm/cmmi10.pfb><C:/Users/micha/AppData/Local/Programs/MiKTeX/fonts/type1/public
/amsfonts/cm/cmmi7.pfb><C:/Users/micha/AppData/Local/Programs/MiKTeX/fonts/type
1/public/amsfonts/cm/cmr10.pfb><C:/Users/micha/AppData/Local/Programs/MiKTeX/fo
nts/type1/public/amsfonts/cm/cmr6.pfb><C:/Users/micha/AppData/Local/Programs/Mi
KTeX/fonts/type1/public/amsfonts/cm/cmr7.pfb><C:/Users/micha/AppData/Local/Prog
rams/MiKTeX/fonts/type1/public/amsfonts/cm/cmr8.pfb><C:/Users/micha/AppData/Loc
al/Programs/MiKTeX/fonts/type1/public/amsfonts/cm/cmsy10.pfb><C:/Users/micha/Ap
pData/Local/Programs/MiKTeX/fonts/type1/urw/courier/ucrr8a.pfb><C:/Users/micha/
AppData/Local/Programs/MiKTeX/fonts/type1/urw/times/utmb8a.pfb><C:/Users/micha/
AppData/Local/Programs/MiKTeX/fonts/type1/urw/times/utmr8a.pfb><C:/Users/micha/
AppData/Local/Programs/MiKTeX/fonts/type1/urw/times/utmri8a.pfb>
Output written on aaai17_changed.pdf (7 pages, 890908 bytes).
PDF statistics:
 96 PDF objects out of 1000 (max. 8388607)
 0 named destinations out of 1000 (max. 500000)
 26 words of extra memory for PDF output out of 10000 (max. 10000000)

