This is pdfTeX, Version 3.141592653-2.6-1.40.25 (MiKTeX 23.9) (preloaded format=pdflatex 2023.9.22)  30 MAR 2024 16:15
entering extended mode
 restricted \write18 enabled.
 %&-line parsing enabled.
**./AAAI22main.tex_changed.tex
(AAAI22main.tex_changed.tex
LaTeX2e <2023-06-01> patch level 1
L3 programming layer <2023-08-29>
(C:\Users\micha\AppData\Local\Programs\MiKTeX\tex/latex/base\article.cls
Document Class: article 2023/05/17 v1.4n Standard LaTeX document class
(C:\Users\micha\AppData\Local\Programs\MiKTeX\tex/latex/base\size10.clo
File: size10.clo 2023/05/17 v1.4n Standard LaTeX file (size option)
)
\c@part=\count185
\c@section=\count186
\c@subsection=\count187
\c@subsubsection=\count188
\c@paragraph=\count189
\c@subparagraph=\count190
\c@figure=\count191
\c@table=\count192
\abovecaptionskip=\skip48
\belowcaptionskip=\skip49
\bibindent=\dimen140
)
(aaai22.sty
Conference Style for AAAI for LaTeX 2e -- version for the AAAI-22 conference
\titlebox=\skip50
) (C:\Users\micha\AppData\Local\Programs\MiKTeX\tex/latex/psnfss\times.sty
Package: times 2020/03/25 PSNFSS-v9.3 (SPQR) 
)
(C:\Users\micha\AppData\Local\Programs\MiKTeX\tex/latex/psnfss\helvet.sty
Package: helvet 2020/03/25 PSNFSS-v9.3 (WaS) 

(C:\Users\micha\AppData\Local\Programs\MiKTeX\tex/latex/graphics\keyval.sty
Package: keyval 2022/05/29 v1.15 key=value parser (DPC)
\KV@toks@=\toks17
))
(C:\Users\micha\AppData\Local\Programs\MiKTeX\tex/latex/psnfss\courier.sty
Package: courier 2020/03/25 PSNFSS-v9.3 (WaS) 
)
(C:\Users\micha\AppData\Local\Programs\MiKTeX\tex/latex/url\url.sty
\Urlmuskip=\muskip16
Package: url 2013/09/16  ver 3.4  Verb mode for urls, etc.
)
(C:\Users\micha\AppData\Local\Programs\MiKTeX\tex/latex/graphics\graphicx.sty
Package: graphicx 2021/09/16 v1.2d Enhanced LaTeX Graphics (DPC,SPQR)

(C:\Users\micha\AppData\Local\Programs\MiKTeX\tex/latex/graphics\graphics.sty
Package: graphics 2022/03/10 v1.4e Standard LaTeX Graphics (DPC,SPQR)

(C:\Users\micha\AppData\Local\Programs\MiKTeX\tex/latex/graphics\trig.sty
Package: trig 2021/08/11 v1.11 sin cos tan (DPC)
)
(C:\Users\micha\AppData\Local\Programs\MiKTeX\tex/latex/graphics-cfg\graphics.c
fg
File: graphics.cfg 2016/06/04 v1.11 sample graphics configuration
)
Package graphics Info: Driver file: pdftex.def on input line 107.

(C:\Users\micha\AppData\Local\Programs\MiKTeX\tex/latex/graphics-def\pdftex.def
File: pdftex.def 2022/09/22 v1.2b Graphics/color driver for pdftex
))
\Gin@req@height=\dimen141
\Gin@req@width=\dimen142
)
(C:\Users\micha\AppData\Local\Programs\MiKTeX\tex/latex/amsfonts\amssymb.sty
Package: amssymb 2013/01/14 v3.01 AMS font symbols

(C:\Users\micha\AppData\Local\Programs\MiKTeX\tex/latex/amsfonts\amsfonts.sty
Package: amsfonts 2013/01/14 v3.01 Basic AMSFonts support
\@emptytoks=\toks18
\symAMSa=\mathgroup4
\symAMSb=\mathgroup5
LaTeX Font Info:    Redeclaring math symbol \hbar on input line 98.
LaTeX Font Info:    Overwriting math alphabet `\mathfrak' in version `bold'
(Font)                  U/euf/m/n --> U/euf/b/n on input line 106.
)) (C:\Users\micha\AppData\Local\Programs\MiKTeX\tex/latex/multirow\multirow.st
y
Package: multirow 2021/03/15 v2.8 Span multiple rows of a table
\multirow@colwidth=\skip51
\multirow@cntb=\count193
\multirow@dima=\skip52
\bigstrutjot=\dimen143
)
(C:\Users\micha\AppData\Local\Programs\MiKTeX\tex/latex/epstopdf-pkg\epstopdf.s
ty
Package: epstopdf 2020-01-24 v2.11 Conversion with epstopdf on the fly (HO)

(C:\Users\micha\AppData\Local\Programs\MiKTeX\tex/generic/infwarerr\infwarerr.s
ty
Package: infwarerr 2019/12/03 v1.5 Providing info/warning/error messages (HO)
) (C:\Users\micha\AppData\Local\Programs\MiKTeX\tex/latex/grfext\grfext.sty
Package: grfext 2019/12/03 v1.3 Manage graphics extensions (HO)

(C:\Users\micha\AppData\Local\Programs\MiKTeX\tex/generic/kvdefinekeys\kvdefine
keys.sty
Package: kvdefinekeys 2019-12-19 v1.6 Define keys (HO)
))
(C:\Users\micha\AppData\Local\Programs\MiKTeX\tex/latex/kvoptions\kvoptions.sty
Package: kvoptions 2022-06-15 v3.15 Key value format for package options (HO)
(C:\Users\micha\AppData\Local\Programs\MiKTeX\tex/generic/ltxcmds\ltxcmds.sty
Package: ltxcmds 2023-12-04 v1.26 LaTeX kernel commands for general use (HO)
)
(C:\Users\micha\AppData\Local\Programs\MiKTeX\tex/latex/kvsetkeys\kvsetkeys.sty
Package: kvsetkeys 2022-10-05 v1.19 Key value parser (HO)
))
(C:\Users\micha\AppData\Local\Programs\MiKTeX\tex/generic/pdftexcmds\pdftexcmds
.sty
Package: pdftexcmds 2020-06-27 v0.33 Utility functions of pdfTeX for LuaTeX (HO
)
 (C:\Users\micha\AppData\Local\Programs\MiKTeX\tex/generic/iftex\iftex.sty
Package: iftex 2022/02/03 v1.0f TeX engine tests
)
Package pdftexcmds Info: \pdf@primitive is available.
Package pdftexcmds Info: \pdf@ifprimitive is available.
Package pdftexcmds Info: \pdfdraftmode found.
)
(C:\Users\micha\AppData\Local\Programs\MiKTeX\tex/latex/epstopdf-pkg\epstopdf-b
ase.sty
Package: epstopdf-base 2020-01-24 v2.11 Base part for package epstopdf
Package epstopdf-base Info: Redefining graphics rule for `.eps' on input line 4
85.
Package grfext Info: Graphics extension search list:
(grfext)             [.pdf,.png,.jpg,.mps,.jpeg,.jbig2,.jb2,.PDF,.PNG,.JPG,.JPE
G,.JBIG2,.JB2,.eps]
(grfext)             \AppendGraphicsExtensions on input line 504.

(C:\Users\micha\AppData\Local\Programs\MiKTeX\tex/latex/00miktex\epstopdf-sys.c
fg
File: epstopdf-sys.cfg 2021/03/18 v2.0 Configuration of epstopdf for MiKTeX
)))
(C:\Users\micha\AppData\Local\Programs\MiKTeX\tex/latex/amsmath\amsmath.sty
Package: amsmath 2023/05/13 v2.17o AMS math features
\@mathmargin=\skip53

For additional information on amsmath, use the `?' option.
(C:\Users\micha\AppData\Local\Programs\MiKTeX\tex/latex/amsmath\amstext.sty
Package: amstext 2021/08/26 v2.01 AMS text

(C:\Users\micha\AppData\Local\Programs\MiKTeX\tex/latex/amsmath\amsgen.sty
File: amsgen.sty 1999/11/30 v2.0 generic functions
\@emptytoks=\toks19
\ex@=\dimen144
))
(C:\Users\micha\AppData\Local\Programs\MiKTeX\tex/latex/amsmath\amsbsy.sty
Package: amsbsy 1999/11/29 v1.2d Bold Symbols
\pmbraise@=\dimen145
)
(C:\Users\micha\AppData\Local\Programs\MiKTeX\tex/latex/amsmath\amsopn.sty
Package: amsopn 2022/04/08 v2.04 operator names
)
\inf@bad=\count194
LaTeX Info: Redefining \frac on input line 234.
\uproot@=\count195
\leftroot@=\count196
LaTeX Info: Redefining \overline on input line 399.
LaTeX Info: Redefining \colon on input line 410.
\classnum@=\count197
\DOTSCASE@=\count198
LaTeX Info: Redefining \ldots on input line 496.
LaTeX Info: Redefining \dots on input line 499.
LaTeX Info: Redefining \cdots on input line 620.
\Mathstrutbox@=\box51
\strutbox@=\box52
LaTeX Info: Redefining \big on input line 722.
LaTeX Info: Redefining \Big on input line 723.
LaTeX Info: Redefining \bigg on input line 724.
LaTeX Info: Redefining \Bigg on input line 725.
\big@size=\dimen146
LaTeX Font Info:    Redeclaring font encoding OML on input line 743.
LaTeX Font Info:    Redeclaring font encoding OMS on input line 744.
\macc@depth=\count199
LaTeX Info: Redefining \bmod on input line 905.
LaTeX Info: Redefining \pmod on input line 910.
LaTeX Info: Redefining \smash on input line 940.
LaTeX Info: Redefining \relbar on input line 970.
LaTeX Info: Redefining \Relbar on input line 971.
\c@MaxMatrixCols=\count266
\dotsspace@=\muskip17
\c@parentequation=\count267
\dspbrk@lvl=\count268
\tag@help=\toks20
\row@=\count269
\column@=\count270
\maxfields@=\count271
\andhelp@=\toks21
\eqnshift@=\dimen147
\alignsep@=\dimen148
\tagshift@=\dimen149
\tagwidth@=\dimen150
\totwidth@=\dimen151
\lineht@=\dimen152
\@envbody=\toks22
\multlinegap=\skip54
\multlinetaggap=\skip55
\mathdisplay@stack=\toks23
LaTeX Info: Redefining \[ on input line 2953.
LaTeX Info: Redefining \] on input line 2954.
)
(C:\Users\micha\AppData\Local\Programs\MiKTeX\tex/latex/lineno\lineno.sty
Package: lineno 2023/05/20 line numbers on paragraphs v5.3

(C:\Users\micha\AppData\Local\Programs\MiKTeX\tex/latex/etoolbox\etoolbox.sty
Package: etoolbox 2020/10/05 v2.5k e-TeX tools for LaTeX (JAW)
\etb@tempcnta=\count272
)
\linenopenalty=\count273
\output=\toks24
\linenoprevgraf=\count274
\linenumbersep=\dimen153
\linenumberwidth=\dimen154
\c@linenumber=\count275
\c@pagewiselinenumber=\count276
\c@LN@truepage=\count277
\c@internallinenumber=\count278
\c@internallinenumbers=\count279
\quotelinenumbersep=\dimen155
\bframerule=\dimen156
\bframesep=\dimen157
\bframebox=\box53
\linenoamsmath@ams@eqpen=\count280
LaTeX Info: Redefining \\ on input line 3180.
) (C:\Users\micha\AppData\Local\Programs\MiKTeX\tex/latex/bbding\bbding.sty
Package: bbding 1999/04/15 v1.01 Dingbats symbols
)
(C:\Users\micha\AppData\Local\Programs\MiKTeX\tex/latex/booktabs\booktabs.sty
Package: booktabs 2020/01/12 v1.61803398 Publication quality tables
\heavyrulewidth=\dimen158
\lightrulewidth=\dimen159
\cmidrulewidth=\dimen160
\belowrulesep=\dimen161
\belowbottomsep=\dimen162
\aboverulesep=\dimen163
\abovetopsep=\dimen164
\cmidrulesep=\dimen165
\cmidrulekern=\dimen166
\defaultaddspace=\dimen167
\@cmidla=\count281
\@cmidlb=\count282
\@aboverulesep=\dimen168
\@belowrulesep=\dimen169
\@thisruleclass=\count283
\@lastruleclass=\count284
\@thisrulewidth=\dimen170
)
(C:\Users\micha\AppData\Local\Programs\MiKTeX\tex/latex/hyperref\hyperref.sty
Package: hyperref 2023-07-08 v7.01b Hypertext links for LaTeX

(C:\Users\micha\AppData\Local\Programs\MiKTeX\tex/generic/pdfescape\pdfescape.s
ty
Package: pdfescape 2019/12/09 v1.15 Implements pdfTeX's escape features (HO)
) (C:\Users\micha\AppData\Local\Programs\MiKTeX\tex/latex/hycolor\hycolor.sty
Package: hycolor 2020-01-27 v1.10 Color options for hyperref/bookmark (HO)
)
(C:\Users\micha\AppData\Local\Programs\MiKTeX\tex/latex/letltxmacro\letltxmacro
.sty
Package: letltxmacro 2019/12/03 v1.6 Let assignment for LaTeX macros (HO)
)
(C:\Users\micha\AppData\Local\Programs\MiKTeX\tex/latex/auxhook\auxhook.sty
Package: auxhook 2019-12-17 v1.6 Hooks for auxiliary files (HO)
)
(C:\Users\micha\AppData\Local\Programs\MiKTeX\tex/latex/hyperref\nameref.sty
Package: nameref 2023-08-07 v2.53 Cross-referencing by name of section

(C:\Users\micha\AppData\Local\Programs\MiKTeX\tex/latex/refcount\refcount.sty
Package: refcount 2019/12/15 v3.6 Data extraction from label references (HO)
)
(C:\Users\micha\AppData\Local\Programs\MiKTeX\tex/generic/gettitlestring\gettit
lestring.sty
Package: gettitlestring 2019/12/15 v1.6 Cleanup title references (HO)
)
\c@section@level=\count285
)
\@linkdim=\dimen171
\Hy@linkcounter=\count286
\Hy@pagecounter=\count287

(C:\Users\micha\AppData\Local\Programs\MiKTeX\tex/latex/hyperref\pd1enc.def
File: pd1enc.def 2023-07-08 v7.01b Hyperref: PDFDocEncoding definition (HO)
Now handling font encoding PD1 ...
... no UTF-8 mapping file for font encoding PD1
)
(C:\Users\micha\AppData\Local\Programs\MiKTeX\tex/generic/intcalc\intcalc.sty
Package: intcalc 2019/12/15 v1.3 Expandable calculations with integers (HO)
)
\Hy@SavedSpaceFactor=\count288

(C:\Users\micha\AppData\Local\Programs\MiKTeX\tex/latex/hyperref\puenc.def
File: puenc.def 2023-07-08 v7.01b Hyperref: PDF Unicode definition (HO)
Now handling font encoding PU ...
... no UTF-8 mapping file for font encoding PU
)
Package hyperref Info: Hyper figures OFF on input line 4167.
Package hyperref Info: Link nesting OFF on input line 4172.
Package hyperref Info: Hyper index ON on input line 4175.
Package hyperref Info: Plain pages OFF on input line 4182.
Package hyperref Info: Backreferencing OFF on input line 4187.
Package hyperref Info: Implicit mode ON; LaTeX internals redefined.
Package hyperref Info: Bookmarks ON on input line 4434.
\c@Hy@tempcnt=\count289
LaTeX Info: Redefining \url on input line 4772.
\XeTeXLinkMargin=\dimen172

(C:\Users\micha\AppData\Local\Programs\MiKTeX\tex/generic/bitset\bitset.sty
Package: bitset 2019/12/09 v1.3 Handle bit-vector datatype (HO)

(C:\Users\micha\AppData\Local\Programs\MiKTeX\tex/generic/bigintcalc\bigintcalc
.sty
Package: bigintcalc 2019/12/15 v1.5 Expandable calculations on big integers (HO
)
))
\Fld@menulength=\count290
\Field@Width=\dimen173
\Fld@charsize=\dimen174
Package hyperref Info: Hyper figures OFF on input line 6051.
Package hyperref Info: Link nesting OFF on input line 6056.
Package hyperref Info: Hyper index ON on input line 6059.
Package hyperref Info: backreferencing OFF on input line 6066.
Package hyperref Info: Link coloring OFF on input line 6071.
Package hyperref Info: Link coloring with OCG OFF on input line 6076.
Package hyperref Info: PDF/A mode OFF on input line 6081.

(C:\Users\micha\AppData\Local\Programs\MiKTeX\tex/latex/base\atbegshi-ltx.sty
Package: atbegshi-ltx 2021/01/10 v1.0c Emulation of the original atbegshi
package with kernel methods
)
\Hy@abspage=\count291
\c@Item=\count292
\c@Hfootnote=\count293
)
Package hyperref Info: Driver (autodetected): hpdftex.
(C:\Users\micha\AppData\Local\Programs\MiKTeX\tex/latex/hyperref\hpdftex.def
File: hpdftex.def 2023-07-08 v7.01b Hyperref driver for pdfTeX

(C:\Users\micha\AppData\Local\Programs\MiKTeX\tex/latex/base\atveryend-ltx.sty
Package: atveryend-ltx 2020/08/19 v1.0a Emulation of the original atveryend pac
kage
with kernel methods
)
\Fld@listcount=\count294
\c@bookmark@seq@number=\count295

(C:\Users\micha\AppData\Local\Programs\MiKTeX\tex/latex/rerunfilecheck\rerunfil
echeck.sty
Package: rerunfilecheck 2022-07-10 v1.10 Rerun checks for auxiliary files (HO)

(C:\Users\micha\AppData\Local\Programs\MiKTeX\tex/generic/uniquecounter\uniquec
ounter.sty
Package: uniquecounter 2019/12/15 v1.4 Provide unlimited unique counter (HO)
)
Package uniquecounter Info: New unique counter `rerunfilecheck' on input line 2
85.
)
\Hy@SectionHShift=\skip56
)
(C:\Users\micha\AppData\Local\Programs\MiKTeX\tex/latex/natbib\natbib.sty
Package: natbib 2010/09/13 8.31b (PWD, AO)
\bibhang=\skip57
\bibsep=\skip58
LaTeX Info: Redefining \cite on input line 694.
\c@NAT@ctr=\count296
)
(C:\Users\micha\AppData\Local\Programs\MiKTeX\tex/latex/caption\caption.sty
Package: caption 2023/07/31 v3.6n Customizing captions (AR)

(C:\Users\micha\AppData\Local\Programs\MiKTeX\tex/latex/caption\caption3.sty
Package: caption3 2023/07/31 v2.4d caption3 kernel (AR)
\caption@tempdima=\dimen175
\captionmargin=\dimen176
\caption@leftmargin=\dimen177
\caption@rightmargin=\dimen178
\caption@width=\dimen179
\caption@indent=\dimen180
\caption@parindent=\dimen181
\caption@hangindent=\dimen182
Package caption Info: Standard document class detected.
)
\c@caption@flags=\count297
\c@continuedfloat=\count298
Package caption Info: hyperref package is loaded.
)
(C:\Users\micha\AppData\Local\Programs\MiKTeX\tex/latex/algorithms\algorithm.st
y
Package: algorithm 2009/08/24 v0.1 Document Style `algorithm' - floating enviro
nment
 (C:\Users\micha\AppData\Local\Programs\MiKTeX\tex/latex/float\float.sty
Package: float 2001/11/08 v1.3d Float enhancements (AL)
\c@float@type=\count299
\float@exts=\toks25
\float@box=\box54
\@float@everytoks=\toks26
\@floatcapt=\box55
)
(C:\Users\micha\AppData\Local\Programs\MiKTeX\tex/latex/base\ifthen.sty
Package: ifthen 2022/04/13 v1.1d Standard LaTeX ifthen package (DPC)
)
\@float@every@algorithm=\toks27
\c@algorithm=\count300
)
(C:\Users\micha\AppData\Local\Programs\MiKTeX\tex/latex/algorithms\algorithmic.
sty
Package: algorithmic 2009/08/24 v0.1 Document Style `algorithmic'
\c@ALC@unique=\count301
\c@ALC@line=\count302
\c@ALC@rem=\count303
\c@ALC@depth=\count304
\ALC@tlm=\skip59
\algorithmicindent=\skip60
) (C:\Users\micha\AppData\Local\Programs\MiKTeX\tex/latex/psnfss\pifont.sty
Package: pifont 2020/03/25 PSNFSS-v9.3 Pi font support (SPQR) 
LaTeX Font Info:    Trying to load font information for U+pzd on input line 63.


(C:\Users\micha\AppData\Local\Programs\MiKTeX\tex/latex/psnfss\upzd.fd
File: upzd.fd 2001/06/04 font definitions for U/pzd.
)
LaTeX Font Info:    Trying to load font information for U+psy on input line 64.


(C:\Users\micha\AppData\Local\Programs\MiKTeX\tex/latex/psnfss\upsy.fd
File: upsy.fd 2001/06/04 font definitions for U/psy.
))
(C:\Users\micha\AppData\Local\Programs\MiKTeX\tex/latex/wasysym\wasysym.sty
Package: wasysym 2020/01/19 v2.4 Wasy-2 symbol support package
\symwasy=\mathgroup6
LaTeX Font Info:    Overwriting symbol font `wasy' in version `bold'
(Font)                  U/wasy/m/n --> U/wasy/b/n on input line 93.
)
(C:\Users\micha\AppData\Local\Programs\MiKTeX\tex/latex/enumitem\enumitem.sty
Package: enumitem 2019/06/20 v3.9 Customized lists
\labelindent=\skip61
\enit@outerparindent=\dimen183
\enit@toks=\toks28
\enit@inbox=\box56
\enit@count@id=\count305
\enitdp@description=\count306
)
\enitdp@todolist=\count307

(C:\Users\micha\AppData\Local\Programs\MiKTeX\tex/latex/newfloat\newfloat.sty
Package: newfloat 2023/10/01 v1.2 Defining new floating environments (AR)
Package newfloat Info: Unsupported document class, or \@chapter 
(newfloat)             was already redefined by another package.
Package newfloat Info: \@chapter = macro:->\def \Hy@next {\Hy@MakeCurrentHrefAu
to {\Hy@chapapp *}\Hy@raisedlink {\hyper@anchorstart {\@currentHref }\hyper@anc
horend }}\ifnum \c@secnumdepth >\m@ne \ltx@IfUndefined {if@mainmatter}\iftrue {
\csname if@mainmatter\endcsname }\let \Hy@next \relax \fi \fi \Hy@next \Hy@org@
chapter .
Package newfloat Info: \Hy@org@chapter = macro:[#1]#2->\NR@gettitle {#1}\NR@cha
pter [{#1}]{#2}.
Package newfloat Info: \algocf@original@chapter = undefined.
)
(C:\Users\micha\AppData\Local\Programs\MiKTeX\tex/latex/listings\listings.sty
\lst@mode=\count308
\lst@gtempboxa=\box57
\lst@token=\toks29
\lst@length=\count309
\lst@currlwidth=\dimen184
\lst@column=\count310
\lst@pos=\count311
\lst@lostspace=\dimen185
\lst@width=\dimen186
\lst@newlines=\count312
\lst@lineno=\count313
\lst@maxwidth=\dimen187

(C:\Users\micha\AppData\Local\Programs\MiKTeX\tex/latex/listings\lstmisc.sty
File: lstmisc.sty 2023/02/27 1.9 (Carsten Heinz)
\c@lstnumber=\count314
\lst@skipnumbers=\count315
\lst@framebox=\box58
)
(C:\Users\micha\AppData\Local\Programs\MiKTeX\tex/latex/listings\listings.cfg
File: listings.cfg 2023/02/27 1.9 listings configuration
))
Package: listings 2023/02/27 1.9 (Carsten Heinz)
\@float@every@listing=\toks30
\c@listing=\count316
(C:\Users\micha\AppData\Local\Programs\MiKTeX\tex/latex/natbib\bibentry.sty
Package: bibentry 2007/10/30 1.5 (PWD)
)
LaTeX Font Info:    Trying to load font information for OT1+ptm on input line 1
82.

(C:\Users\micha\AppData\Local\Programs\MiKTeX\tex/latex/psnfss\ot1ptm.fd
File: ot1ptm.fd 2001/06/04 font definitions for OT1/ptm.
)
(C:\Users\micha\AppData\Local\Programs\MiKTeX\tex/latex/l3backend\l3backend-pdf
tex.def
File: l3backend-pdftex.def 2023-04-19 L3 backend support: PDF output (pdfTeX)
\l__color_backend_stack_int=\count317
\l__pdf_internal_box=\box59
) (AAAI22main.tex_changed.aux

LaTeX Warning: Label `eq:n0' multiply defined.


LaTeX Warning: Label `eq:n0' multiply defined.


LaTeX Warning: Label `eq:n0' multiply defined.

)
\openout1 = `AAAI22main.tex_changed.aux'.

LaTeX Font Info:    Checking defaults for OML/cmm/m/it on input line 182.
LaTeX Font Info:    ... okay on input line 182.
LaTeX Font Info:    Checking defaults for OMS/cmsy/m/n on input line 182.
LaTeX Font Info:    ... okay on input line 182.
LaTeX Font Info:    Checking defaults for OT1/cmr/m/n on input line 182.
LaTeX Font Info:    ... okay on input line 182.
LaTeX Font Info:    Checking defaults for T1/cmr/m/n on input line 182.
LaTeX Font Info:    ... okay on input line 182.
LaTeX Font Info:    Checking defaults for TS1/cmr/m/n on input line 182.
LaTeX Font Info:    ... okay on input line 182.
LaTeX Font Info:    Checking defaults for OMX/cmex/m/n on input line 182.
LaTeX Font Info:    ... okay on input line 182.
LaTeX Font Info:    Checking defaults for U/cmr/m/n on input line 182.
LaTeX Font Info:    ... okay on input line 182.
LaTeX Font Info:    Checking defaults for PD1/pdf/m/n on input line 182.
LaTeX Font Info:    ... okay on input line 182.
LaTeX Font Info:    Checking defaults for PU/pdf/m/n on input line 182.
LaTeX Font Info:    ... okay on input line 182.

(C:\Users\micha\AppData\Local\Programs\MiKTeX\tex/context/base/mkii\supp-pdf.mk
ii
[Loading MPS to PDF converter (version 2006.09.02).]
\scratchcounter=\count318
\scratchdimen=\dimen188
\scratchbox=\box60
\nofMPsegments=\count319
\nofMParguments=\count320
\everyMPshowfont=\toks31
\MPscratchCnt=\count321
\MPscratchDim=\dimen189
\MPnumerator=\count322
\makeMPintoPDFobject=\count323
\everyMPtoPDFconversion=\toks32
)
Package hyperref Info: Link coloring OFF on input line 182.
 (AAAI22main.tex_changed.out) (AAAI22main.tex_changed.out)
\@outlinefile=\write3
\openout3 = `AAAI22main.tex_changed.out'.

Package caption Info: Begin \AtBeginDocument code.
Package caption Info: float package is loaded.
Package caption Info: listings package is loaded.
Package caption Info: End \AtBeginDocument code.
Package newfloat Info: Trying Plan B...
Package newfloat Info: `float' package detected.
\c@lstlisting=\count324
\c@eqfn=\count325
\titlearea=\box61
LaTeX Font Info:    Trying to load font information for U+msa on input line 186
.

(C:\Users\micha\AppData\Local\Programs\MiKTeX\tex/latex/amsfonts\umsa.fd
File: umsa.fd 2013/01/14 v3.01 AMS symbols A
)
LaTeX Font Info:    Trying to load font information for U+msb on input line 186
.

(C:\Users\micha\AppData\Local\Programs\MiKTeX\tex/latex/amsfonts\umsb.fd
File: umsb.fd 2013/01/14 v3.01 AMS symbols B
)
LaTeX Font Info:    Trying to load font information for U+wasy on input line 18
6.

(C:\Users\micha\AppData\Local\Programs\MiKTeX\tex/latex/wasysym\uwasy.fd
File: uwasy.fd 2020/01/19 v2.4 Wasy-2 symbol font definitions
)
\actualheight=\skip62
LaTeX Font Info:    Trying to load font information for TS1+ptm on input line 1
86.

(C:\Users\micha\AppData\Local\Programs\MiKTeX\tex/latex/psnfss\ts1ptm.fd
File: ts1ptm.fd 2001/06/04 font definitions for TS1/ptm.
)
<figs/introduction.pdf, id=68, 915.42pt x 375.4025pt>
File: figs/introduction.pdf Graphic file (type pdf)
<use figs/introduction.pdf>
Package pdftex.def Info: figs/introduction.pdf  used on input line 214.
(pdftex.def)             Requested size: 237.00174pt x 97.18991pt.

Overfull \hbox (9.60738pt too wide) in paragraph at lines 213--218
 [][] 
 []


Package natbib Warning: Citation `derain_id_kang' on page 1 undefined on input 
line 228.


Package natbib Warning: Citation `derain_dsc_luo' on page 1 undefined on input 
line 228.


Package natbib Warning: Citation `derain_zhang_Sparse_and_Low-Rank' on page 1 u
ndefined on input line 228.


Package natbib Warning: Citation `derain_lowrank' on page 1 undefined on input 
line 228.


Package natbib Warning: Citation `derain_lp_li' on page 1 undefined on input li
ne 228.


Package natbib Warning: Citation `derain_ddn_fu' on page 1 undefined on input l
ine 265.


Package natbib Warning: Citation `derain_jorder_yang' on page 1 undefined on in
put line 265.


Package natbib Warning: Citation `derain_rescan_li' on page 1 undefined on inpu
t line 265.


Package natbib Warning: Citation `derain_zhang_did' on page 1 undefined on inpu
t line 265.


Package natbib Warning: Citation `dualcnn-pan' on page 1 undefined on input lin
e 265.


Package natbib Warning: Citation `spic-wang-derain' on page 1 undefined on inpu
t line 265.


Package natbib Warning: Citation `cvpr20_jiang_mspfn' on page 1 undefined on in
put line 265.


Package natbib Warning: Citation `mm20_wang_dcsfn' on page 1 undefined on input
 line 265.


Package natbib Warning: Citation `derain_mprnet_cvpr21' on page 1 undefined on 
input line 265.


Package natbib Warning: Citation `icassp-wang-derain' on page 1 undefined on in
put line 265.


Package natbib Warning: Citation `PhysicsGAN-pan' on page 1 undefined on input 
line 265.


Package natbib Warning: Citation `derain_zhang_did' on page 1 undefined on inpu
t line 269.


Package natbib Warning: Citation `derain_cvpr19_hu' on page 1 undefined on inpu
t line 269.


Package natbib Warning: Citation `cvpr20_jiang_mspfn' on page 1 undefined on in
put line 269.


Package natbib Warning: Citation `mm20_wang_dcsfn' on page 1 undefined on input
 line 269.


Package natbib Warning: Citation `icme2020_zhu_phy' on page 1 undefined on inpu
t line 269.


Package natbib Warning: Citation `derain_mprnet_cvpr21' on page 1 undefined on 
input line 269.


Package natbib Warning: Citation `derain_zhang_did' on page 1 undefined on inpu
t line 271.


Package natbib Warning: Citation `cvpr20_jiang_mspfn' on page 1 undefined on in
put line 271.

[1{C:/Users/micha/AppData/Local/MiKTeX/fonts/map/pdftex/pdftex.map}{C:/Users/mi
cha/AppData/Local/Programs/MiKTeX/fonts/enc/dvips/base/8r.enc}



 <./figs/introduction.pdf>]

Package natbib Warning: Citation `derain_ddn_fu' on page 2 undefined on input l
ine 389.


Package natbib Warning: Citation `mm20_wang_dcsfn' on page 2 undefined on input
 line 390.


Package natbib Warning: Citation `cvpr20_jiang_mspfn' on page 2 undefined on in
put line 390.


Package natbib Warning: Citation `derain_rescan_li' on page 2 undefined on inpu
t line 394.


Package natbib Warning: Citation `derain_prenet_Ren_2019_CVPR' on page 2 undefi
ned on input line 394.


Package natbib Warning: Citation `derain_nledn_li' on page 2 undefined on input
 line 394.


Package natbib Warning: Citation `mm20_wang_jdnet' on page 2 undefined on input
 line 394.


Package natbib Warning: Citation `Derain-cvpr19-semi' on page 2 undefined on in
put line 396.


Package natbib Warning: Citation `cvpr20_syn2real' on page 2 undefined on input
 line 396.


Package natbib Warning: Citation `sr_cross_scale_mining_Mei' on page 2 undefine
d on input line 403.


Package natbib Warning: Citation `mei2020pyramid' on page 2 undefined on input 
line 404.

<figs/overall.pdf, id=103, 953.5625pt x 522.95375pt>
File: figs/overall.pdf Graphic file (type pdf)
<use figs/overall.pdf>
Package pdftex.def Info: figs/overall.pdf  used on input line 409.
(pdftex.def)             Requested size: 237.00174pt x 129.97206pt.

Overfull \hbox (9.60738pt too wide) in paragraph at lines 408--411
 [] 
 []


Package hyperref Warning: Suppressing empty link on input line 430.

[2]

Package natbib Warning: Citation `Mei_sisr_mining' on page 3 undefined on input
 line 483.


Package natbib Warning: Citation `sr_cross_scale_mining_Mei' on page 3 undefine
d on input line 483.


Underfull \hbox (badness 3590) in paragraph at lines 491--500
\OT1/ptm/m/n/10 where $\OML/cmm/m/it/10 ^^^\OT1/cmr/m/n/10 (\OML/cmm/m/it/10 x[
]; z[]\OT1/cmr/m/n/10 ) = \OML/cmm/m/it/10 e[]$\OT1/ptm/m/n/10 , $\OML/cmm/m/it
/10 ^^R \OT1/cmr/m/n/10 =
 []


Package natbib Warning: Citation `Mei_sisr_mining' on page 3 undefined on input
 line 502.


Package natbib Warning: Citation `sr_cross_scale_mining_Mei' on page 3 undefine
d on input line 502.

<figs/encoder-decoder.pdf, id=117, 932.48375pt x 467.7475pt>
File: figs/encoder-decoder.pdf Graphic file (type pdf)
<use figs/encoder-decoder.pdf>
Package pdftex.def Info: figs/encoder-decoder.pdf  used on input line 517.
(pdftex.def)             Requested size: 237.00174pt x 118.88504pt.

Overfull \hbox (9.60738pt too wide) in paragraph at lines 516--519
 [] 
 []

<figs/similarity1.pdf, id=120, 702.625pt x 485.815pt>
File: figs/similarity1.pdf Graphic file (type pdf)
<use figs/similarity1.pdf>
Package pdftex.def Info: figs/similarity1.pdf  used on input line 533.
(pdftex.def)             Requested size: 119.45609pt x 82.59486pt.
<figs/similarity2.pdf, id=121, 705.63625pt x 485.815pt>
File: figs/similarity2.pdf Graphic file (type pdf)
<use figs/similarity2.pdf>
Package pdftex.def Info: figs/similarity2.pdf  used on input line 534.
(pdftex.def)             Requested size: 119.45609pt x 82.23904pt.

Overfull \hbox (14.63673pt too wide) in paragraph at lines 532--538
 [] 
 []

[3 <./figs/overall.pdf>]
<Supp/updating-imgs.pdf, id=482, 863.225pt x 527.9725pt>
File: Supp/updating-imgs.pdf Graphic file (type pdf)
<use Supp/updating-imgs.pdf>
Package pdftex.def Info: Supp/updating-imgs.pdf  used on input line 593.
(pdftex.def)             Requested size: 237.00174pt x 144.95522pt.

Overfull \hbox (9.60738pt too wide) in paragraph at lines 592--595
 [] 
 []

Package hyperref Info: bookmark level for unknown algorithm defaults to 0 on in
put line 603.
LaTeX Font Info:    Trying to load font information for OMS+ptm on input line 6
16.
(C:\Users\micha\AppData\Local\Programs\MiKTeX\tex/latex/psnfss\omsptm.fd
File: omsptm.fd 
)
LaTeX Font Info:    Font shape `OMS/ptm/m/n' in size <10> not available
(Font)              Font shape `OMS/cmsy/m/n' tried instead on input line 616.


pdfTeX warning: pdflatex (file ./syn/syn-input-1_.pdf): PDF inclusion: found PD
F version <1.6>, but at most version <1.5> allowed
<syn/syn-input-1_.pdf, id=484, 482.80376pt x 322.20375pt>
File: syn/syn-input-1_.pdf Graphic file (type pdf)
<use syn/syn-input-1_.pdf>
Package pdftex.def Info: syn/syn-input-1_.pdf  used on input line 692.
(pdftex.def)             Requested size: 52.61453pt x 35.1082pt.


pdfTeX warning: pdflatex (file ./syn/syn-dcsfn-1_.pdf): PDF inclusion: found PD
F version <1.6>, but at most version <1.5> allowed
<syn/syn-dcsfn-1_.pdf, id=485, 482.80376pt x 322.20375pt>
File: syn/syn-dcsfn-1_.pdf Graphic file (type pdf)
<use syn/syn-dcsfn-1_.pdf>
Package pdftex.def Info: syn/syn-dcsfn-1_.pdf  used on input line 693.
(pdftex.def)             Requested size: 52.61453pt x 35.1082pt.


pdfTeX warning: pdflatex (file ./syn/syn-mspfn-1_.pdf): PDF inclusion: found PD
F version <1.6>, but at most version <1.5> allowed
<syn/syn-mspfn-1_.pdf, id=486, 481.8pt x 321.2pt>
File: syn/syn-mspfn-1_.pdf Graphic file (type pdf)
<use syn/syn-mspfn-1_.pdf>
Package pdftex.def Info: syn/syn-mspfn-1_.pdf  used on input line 694.
(pdftex.def)             Requested size: 52.61453pt x 35.07234pt.


pdfTeX warning: pdflatex (file ./syn/syn-drd-1_.pdf): PDF inclusion: found PDF 
version <1.6>, but at most version <1.5> allowed
<syn/syn-drd-1_.pdf, id=487, 482.80376pt x 322.20375pt>
File: syn/syn-drd-1_.pdf Graphic file (type pdf)
<use syn/syn-drd-1_.pdf>
Package pdftex.def Info: syn/syn-drd-1_.pdf  used on input line 695.
(pdftex.def)             Requested size: 52.61453pt x 35.1082pt.


pdfTeX warning: pdflatex (file ./syn/syn-rcd-1_.pdf): PDF inclusion: found PDF 
version <1.6>, but at most version <1.5> allowed
<syn/syn-rcd-1_.pdf, id=488, 482.80376pt x 322.20375pt>
File: syn/syn-rcd-1_.pdf Graphic file (type pdf)
<use syn/syn-rcd-1_.pdf>
Package pdftex.def Info: syn/syn-rcd-1_.pdf  used on input line 696.
(pdftex.def)             Requested size: 52.61453pt x 35.1082pt.


pdfTeX warning: pdflatex (file ./syn/syn-syn2real-1_.pdf): PDF inclusion: found
 PDF version <1.6>, but at most version <1.5> allowed
<syn/syn-syn2real-1_.pdf, id=489, 497.86pt x 337.26pt>
File: syn/syn-syn2real-1_.pdf Graphic file (type pdf)
<use syn/syn-syn2real-1_.pdf>
Package pdftex.def Info: syn/syn-syn2real-1_.pdf  used on input line 697.
(pdftex.def)             Requested size: 52.61453pt x 35.63719pt.


pdfTeX warning: pdflatex (file ./syn/syn-mprnet-1_.pdf): PDF inclusion: found P
DF version <1.6>, but at most version <1.5> allowed
<syn/syn-mprnet-1_.pdf, id=490, 481.8pt x 321.2pt>
File: syn/syn-mprnet-1_.pdf Graphic file (type pdf)
<use syn/syn-mprnet-1_.pdf>
Package pdftex.def Info: syn/syn-mprnet-1_.pdf  used on input line 698.
(pdftex.def)             Requested size: 52.61453pt x 35.07234pt.


pdfTeX warning: pdflatex (file ./syn/syn-ours-1_.pdf): PDF inclusion: found PDF
 version <1.6>, but at most version <1.5> allowed
<syn/syn-ours-1_.pdf, id=491, 482.80376pt x 322.20375pt>
File: syn/syn-ours-1_.pdf Graphic file (type pdf)
<use syn/syn-ours-1_.pdf>
Package pdftex.def Info: syn/syn-ours-1_.pdf  used on input line 699.
(pdftex.def)             Requested size: 52.61453pt x 35.1082pt.


pdfTeX warning: pdflatex (file ./syn/syn-gt-1_.pdf): PDF inclusion: found PDF v
ersion <1.6>, but at most version <1.5> allowed
<syn/syn-gt-1_.pdf, id=492, 482.80376pt x 322.20375pt>
File: syn/syn-gt-1_.pdf Graphic file (type pdf)
<use syn/syn-gt-1_.pdf>
Package pdftex.def Info: syn/syn-gt-1_.pdf  used on input line 700.
(pdftex.def)             Requested size: 52.61453pt x 35.1082pt.

Overfull \hbox (4.59222pt too wide) in paragraph at lines 691--735
 [] 
 []


Package natbib Warning: Citation `derain_rescan_li' on page 4 undefined on inpu
t line 758.


Package natbib Warning: Citation `derain_nledn_li' on page 4 undefined on input
 line 759.


Package natbib Warning: Citation `Derain-cvpr19-semi' on page 4 undefined on in
put line 760.


Package natbib Warning: Citation `derain_prenet_Ren_2019_CVPR' on page 4 undefi
ned on input line 761.


Package natbib Warning: Citation `derain_2019_CVPR_spa' on page 4 undefined on 
input line 762.


Package natbib Warning: Citation `mm20_wang_dcsfn' on page 4 undefined on input
 line 763.


Package natbib Warning: Citation `cvpr20_jiang_mspfn' on page 4 undefined on in
put line 764.


Package natbib Warning: Citation `drd_cvpr20_deng' on page 4 undefined on input
 line 765.


Package natbib Warning: Citation `cvpr20_wang_rcdnet' on page 4 undefined on in
put line 766.


Package natbib Warning: Citation `cvpr20_syn2real' on page 4 undefined on input
 line 767.


Package natbib Warning: Citation `derain_mprnet_cvpr21' on page 4 undefined on 
input line 768.


Package natbib Warning: Citation `derain_jorder_yang' on page 4 undefined on in
put line 775.


Package natbib Warning: Citation `derain_jorder_yang' on page 4 undefined on in
put line 775.


Package natbib Warning: Citation `derain_zhang_did' on page 4 undefined on inpu
t line 776.


Package natbib Warning: Citation `derain_ddn_fu' on page 4 undefined on input l
ine 777.


Package natbib Warning: Citation `derain_lp_li' on page 4 undefined on input li
ne 778.


Package natbib Warning: Citation `derain_jorder_yang' on page 4 undefined on in
put line 811.


Package natbib Warning: Citation `deraining-benchmark-analysis' on page 4 undef
ined on input line 811.


Package natbib Warning: Citation `mm20_wang_jdnet' on page 4 undefined on input
 line 811.


Package natbib Warning: Citation `PSNR_thu' on page 4 undefined on input line 8
14.


Package natbib Warning: Citation `SSIM_wang' on page 4 undefined on input line 
814.

[4 <./figs/encoder-decoder.pdf> <./figs/similarity1.pdf> <./figs/similarity2.pd
f> <./Supp/updating-imgs.pdf>]

Package natbib Warning: Citation `adam' on page 5 undefined on input line 824.

LaTeX Font Info:    Trying to load font information for U+ding on input line 88
3.
(C:\Users\micha\AppData\Local\Programs\MiKTeX\tex/latex/bbding\uding.fd
File: Uding.fd 1996/02/01 v1.0 BBding font definitions
)

pdfTeX warning: pdflatex (file ./feature-maps/input.pdf): PDF inclusion: found 
PDF version <1.6>, but at most version <1.5> allowed
<feature-maps/input.pdf, id=1077, 482.80376pt x 322.20375pt>
File: feature-maps/input.pdf Graphic file (type pdf)
<use feature-maps/input.pdf>
Package pdftex.def Info: feature-maps/input.pdf  used on input line 894.
(pdftex.def)             Requested size: 76.60794pt x 51.121pt.


pdfTeX warning: pdflatex (file ./feature-maps/before1.pdf): PDF inclusion: foun
d PDF version <1.6>, but at most version <1.5> allowed
<feature-maps/before1.pdf, id=1078, 120.45pt x 80.3pt>
File: feature-maps/before1.pdf Graphic file (type pdf)
<use feature-maps/before1.pdf>
Package pdftex.def Info: feature-maps/before1.pdf  used on input line 895.
(pdftex.def)             Requested size: 76.60794pt x 51.07324pt.


pdfTeX warning: pdflatex (file ./feature-maps/after1.pdf): PDF inclusion: found
 PDF version <1.6>, but at most version <1.5> allowed
<feature-maps/after1.pdf, id=1079, 120.45pt x 80.3pt>
File: feature-maps/after1.pdf Graphic file (type pdf)
<use feature-maps/after1.pdf>
Package pdftex.def Info: feature-maps/after1.pdf  used on input line 896.
(pdftex.def)             Requested size: 76.60794pt x 51.07324pt.

Overfull \hbox (8.66731pt too wide) in paragraph at lines 893--900
 [] 
 []

[5 <./syn/syn-input-1_.pdf> <./syn/syn-dcsfn-1_.pdf> <./syn/syn-mspfn-1_.pdf> <
./syn/syn-drd-1_.pdf> <./syn/syn-rcd-1_.pdf> <./syn/syn-syn2real-1_.pdf> <./syn
/syn-mprnet-1_.pdf> <./syn/syn-ours-1_.pdf> <./syn/syn-gt-1_.pdf>]
<figs/psnr.png, id=1114, 462.528pt x 346.896pt>
File: figs/psnr.png Graphic file (type png)
<use figs/psnr.png>
Package pdftex.def Info: figs/psnr.png  used on input line 976.
(pdftex.def)             Requested size: 119.45609pt x 89.5927pt.
<figs/ssim.png, id=1116, 462.528pt x 346.896pt>
File: figs/ssim.png Graphic file (type png)
<use figs/ssim.png>
Package pdftex.def Info: figs/ssim.png  used on input line 977.
(pdftex.def)             Requested size: 119.45609pt x 89.5927pt.

Overfull \hbox (11.79146pt too wide) in paragraph at lines 975--981
 [] 
 []

<figs/psnr-eps-converted-to.pdf, id=1117, 562.1pt x 421.575pt>
File: figs/psnr-eps-converted-to.pdf Graphic file (type pdf)
<use figs/psnr-eps-converted-to.pdf>
Package pdftex.def Info: figs/psnr-eps-converted-to.pdf  used on input line 991
.
(pdftex.def)             Requested size: 119.45609pt x 89.58832pt.
<figs/ssim-eps-converted-to.pdf, id=1118, 562.1pt x 421.575pt>
File: figs/ssim-eps-converted-to.pdf Graphic file (type pdf)
<use figs/ssim-eps-converted-to.pdf>
Package pdftex.def Info: figs/ssim-eps-converted-to.pdf  used on input line 992
.
(pdftex.def)             Requested size: 119.45609pt x 89.58832pt.

Overfull \hbox (11.79146pt too wide) in paragraph at lines 990--996
 [] 
 []



pdfTeX warning: pdflatex (file ./real/real-input-2_.pdf): PDF inclusion: found 
PDF version <1.6>, but at most version <1.5> allowed
<real/real-input-2_.pdf, id=1119, 679.53876pt x 542.025pt>
File: real/real-input-2_.pdf Graphic file (type pdf)
<use real/real-input-2_.pdf>
Package pdftex.def Info: real/real-input-2_.pdf  used on input line 1016.
(pdftex.def)             Requested size: 59.6931pt x 47.60571pt.


pdfTeX warning: pdflatex (file ./real/real-dcsfn-2_.pdf): PDF inclusion: found 
PDF version <1.6>, but at most version <1.5> allowed
<real/real-dcsfn-2_.pdf, id=1120, 679.53876pt x 542.025pt>
File: real/real-dcsfn-2_.pdf Graphic file (type pdf)
<use real/real-dcsfn-2_.pdf>
Package pdftex.def Info: real/real-dcsfn-2_.pdf  used on input line 1017.
(pdftex.def)             Requested size: 59.6931pt x 47.60571pt.


pdfTeX warning: pdflatex (file ./real/real-mspfn-2_.pdf): PDF inclusion: found 
PDF version <1.6>, but at most version <1.5> allowed
<real/real-mspfn-2_.pdf, id=1121, 678.535pt x 542.025pt>
File: real/real-mspfn-2_.pdf Graphic file (type pdf)
<use real/real-mspfn-2_.pdf>
Package pdftex.def Info: real/real-mspfn-2_.pdf  used on input line 1018.
(pdftex.def)             Requested size: 59.6931pt x 47.68015pt.


pdfTeX warning: pdflatex (file ./real/real-drd-2_.pdf): PDF inclusion: found PD
F version <1.6>, but at most version <1.5> allowed
<real/real-drd-2_.pdf, id=1122, 679.53876pt x 542.025pt>
File: real/real-drd-2_.pdf Graphic file (type pdf)
<use real/real-drd-2_.pdf>
Package pdftex.def Info: real/real-drd-2_.pdf  used on input line 1019.
(pdftex.def)             Requested size: 59.6931pt x 47.60571pt.


pdfTeX warning: pdflatex (file ./real/real-rcd-2_.pdf): PDF inclusion: found PD
F version <1.6>, but at most version <1.5> allowed
<real/real-rcd-2_.pdf, id=1123, 679.53876pt x 542.025pt>
File: real/real-rcd-2_.pdf Graphic file (type pdf)
<use real/real-rcd-2_.pdf>
Package pdftex.def Info: real/real-rcd-2_.pdf  used on input line 1020.
(pdftex.def)             Requested size: 59.6931pt x 47.60571pt.


pdfTeX warning: pdflatex (file ./real/real-syn2real-2_.pdf): PDF inclusion: fou
nd PDF version <1.6>, but at most version <1.5> allowed
<real/real-syn2real-2_.pdf, id=1124, 690.58pt x 546.04pt>
File: real/real-syn2real-2_.pdf Graphic file (type pdf)
<use real/real-syn2real-2_.pdf>
Package pdftex.def Info: real/real-syn2real-2_.pdf  used on input line 1021.
(pdftex.def)             Requested size: 59.6931pt x 47.19182pt.


pdfTeX warning: pdflatex (file ./real/real-mpr-2_.pdf): PDF inclusion: found PD
F version <1.6>, but at most version <1.5> allowed
<real/real-mpr-2_.pdf, id=1125, 674.52pt x 538.01pt>
File: real/real-mpr-2_.pdf Graphic file (type pdf)
<use real/real-mpr-2_.pdf>
Package pdftex.def Info: real/real-mpr-2_.pdf  used on input line 1022.
(pdftex.def)             Requested size: 59.6931pt x 47.60608pt.


pdfTeX warning: pdflatex (file ./real/real-oursonline-2_.pdf): PDF inclusion: f
ound PDF version <1.6>, but at most version <1.5> allowed
<real/real-oursonline-2_.pdf, id=1126, 679.53876pt x 542.025pt>
File: real/real-oursonline-2_.pdf Graphic file (type pdf)
<use real/real-oursonline-2_.pdf>
Package pdftex.def Info: real/real-oursonline-2_.pdf  used on input line 1023.
(pdftex.def)             Requested size: 59.6931pt x 47.60571pt.


pdfTeX warning: pdflatex (file ./real/real-input-3_.pdf): PDF inclusion: found 
PDF version <1.6>, but at most version <1.5> allowed
<real/real-input-3_.pdf, id=1127, 803.0pt x 534.99875pt>
File: real/real-input-3_.pdf Graphic file (type pdf)
<use real/real-input-3_.pdf>
Package pdftex.def Info: real/real-input-3_.pdf  used on input line 1025.
(pdftex.def)             Requested size: 59.6931pt x 39.76398pt.


pdfTeX warning: pdflatex (file ./real/real-dcsfn-3_.pdf): PDF inclusion: found 
PDF version <1.6>, but at most version <1.5> allowed
<real/real-dcsfn-3_.pdf, id=1128, 803.0pt x 534.99875pt>
File: real/real-dcsfn-3_.pdf Graphic file (type pdf)
<use real/real-dcsfn-3_.pdf>
Package pdftex.def Info: real/real-dcsfn-3_.pdf  used on input line 1026.
(pdftex.def)             Requested size: 59.6931pt x 39.76398pt.


pdfTeX warning: pdflatex (file ./real/real-mspfn-3_.pdf): PDF inclusion: found 
PDF version <1.6>, but at most version <1.5> allowed
<real/real-mspfn-3_.pdf, id=1129, 803.0pt x 533.995pt>
File: real/real-mspfn-3_.pdf Graphic file (type pdf)
<use real/real-mspfn-3_.pdf>
Package pdftex.def Info: real/real-mspfn-3_.pdf  used on input line 1027.
(pdftex.def)             Requested size: 59.6931pt x 39.68938pt.


pdfTeX warning: pdflatex (file ./real/real-drd-3_.pdf): PDF inclusion: found PD
F version <1.6>, but at most version <1.5> allowed
<real/real-drd-3_.pdf, id=1130, 803.0pt x 534.99875pt>
File: real/real-drd-3_.pdf Graphic file (type pdf)
<use real/real-drd-3_.pdf>
Package pdftex.def Info: real/real-drd-3_.pdf  used on input line 1028.
(pdftex.def)             Requested size: 59.6931pt x 39.76398pt.


pdfTeX warning: pdflatex (file ./real/real-rcd-3_.pdf): PDF inclusion: found PD
F version <1.6>, but at most version <1.5> allowed
<real/real-rcd-3_.pdf, id=1131, 803.0pt x 534.99875pt>
File: real/real-rcd-3_.pdf Graphic file (type pdf)
<use real/real-rcd-3_.pdf>
Package pdftex.def Info: real/real-rcd-3_.pdf  used on input line 1029.
(pdftex.def)             Requested size: 59.6931pt x 39.76398pt.


pdfTeX warning: pdflatex (file ./real/real-syn2real-3_.pdf): PDF inclusion: fou
nd PDF version <1.6>, but at most version <1.5> allowed
<real/real-syn2real-3_.pdf, id=1132, 803.0pt x 546.04pt>
File: real/real-syn2real-3_.pdf Graphic file (type pdf)
<use real/real-syn2real-3_.pdf>
Package pdftex.def Info: real/real-syn2real-3_.pdf  used on input line 1030.
(pdftex.def)             Requested size: 59.6931pt x 40.58463pt.


pdfTeX warning: pdflatex (file ./real/real-mpr-3_.pdf): PDF inclusion: found PD
F version <1.6>, but at most version <1.5> allowed
<real/real-mpr-3_.pdf, id=1133, 803.0pt x 529.98pt>
File: real/real-mpr-3_.pdf Graphic file (type pdf)
<use real/real-mpr-3_.pdf>
Package pdftex.def Info: real/real-mpr-3_.pdf  used on input line 1031.
(pdftex.def)             Requested size: 59.6931pt x 39.39096pt.


pdfTeX warning: pdflatex (file ./real/real-oursonline-3_.pdf): PDF inclusion: f
ound PDF version <1.6>, but at most version <1.5> allowed
<real/real-oursonline-3_.pdf, id=1134, 803.0pt x 534.99875pt>
File: real/real-oursonline-3_.pdf Graphic file (type pdf)
<use real/real-oursonline-3_.pdf>
Package pdftex.def Info: real/real-oursonline-3_.pdf  used on input line 1032.
(pdftex.def)             Requested size: 59.6931pt x 39.76398pt.


pdfTeX warning: pdflatex (file ./real/real-input-4_.pdf): PDF inclusion: found 
PDF version <1.6>, but at most version <1.5> allowed
<real/real-input-4_.pdf, id=1135, 752.8125pt x 501.875pt>
File: real/real-input-4_.pdf Graphic file (type pdf)
<use real/real-input-4_.pdf>
Package pdftex.def Info: real/real-input-4_.pdf  used on input line 1034.
(pdftex.def)             Requested size: 59.6931pt x 39.7909pt.


pdfTeX warning: pdflatex (file ./real/real-dcsfn-4_.pdf): PDF inclusion: found 
PDF version <1.6>, but at most version <1.5> allowed
<real/real-dcsfn-4_.pdf, id=1136, 752.8125pt x 501.875pt>
File: real/real-dcsfn-4_.pdf Graphic file (type pdf)
<use real/real-dcsfn-4_.pdf>
Package pdftex.def Info: real/real-dcsfn-4_.pdf  used on input line 1035.
(pdftex.def)             Requested size: 59.6931pt x 39.7909pt.


pdfTeX warning: pdflatex (file ./real/real-mspfn-4_.pdf): PDF inclusion: found 
PDF version <1.6>, but at most version <1.5> allowed
<real/real-mspfn-4_.pdf, id=1137, 750.805pt x 501.875pt>
File: real/real-mspfn-4_.pdf Graphic file (type pdf)
<use real/real-mspfn-4_.pdf>
Package pdftex.def Info: real/real-mspfn-4_.pdf  used on input line 1036.
(pdftex.def)             Requested size: 59.6931pt x 39.8981pt.


pdfTeX warning: pdflatex (file ./real/real-drd-4_.pdf): PDF inclusion: found PD
F version <1.6>, but at most version <1.5> allowed
<real/real-drd-4_.pdf, id=1138, 752.8125pt x 501.875pt>
File: real/real-drd-4_.pdf Graphic file (type pdf)
<use real/real-drd-4_.pdf>
Package pdftex.def Info: real/real-drd-4_.pdf  used on input line 1037.
(pdftex.def)             Requested size: 59.6931pt x 39.7909pt.


pdfTeX warning: pdflatex (file ./real/real-rcd-4_.pdf): PDF inclusion: found PD
F version <1.6>, but at most version <1.5> allowed
<real/real-rcd-4_.pdf, id=1139, 752.8125pt x 501.875pt>
File: real/real-rcd-4_.pdf Graphic file (type pdf)
<use real/real-rcd-4_.pdf>
Package pdftex.def Info: real/real-rcd-4_.pdf  used on input line 1038.
(pdftex.def)             Requested size: 59.6931pt x 39.7909pt.


pdfTeX warning: pdflatex (file ./real/real-syn2real-4_.pdf): PDF inclusion: fou
nd PDF version <1.6>, but at most version <1.5> allowed
<real/real-syn2real-4_.pdf, id=1140, 754.82pt x 513.92pt>
File: real/real-syn2real-4_.pdf Graphic file (type pdf)
<use real/real-syn2real-4_.pdf>
Package pdftex.def Info: real/real-syn2real-4_.pdf  used on input line 1039.
(pdftex.def)             Requested size: 59.6931pt x 40.63608pt.


pdfTeX warning: pdflatex (file ./real/real-mpr-4_.pdf): PDF inclusion: found PD
F version <1.6>, but at most version <1.5> allowed
<real/real-mpr-4_.pdf, id=1141, 746.79pt x 497.86pt>
File: real/real-mpr-4_.pdf Graphic file (type pdf)
<use real/real-mpr-4_.pdf>
Package pdftex.def Info: real/real-mpr-4_.pdf  used on input line 1040.
(pdftex.def)             Requested size: 59.6931pt x 39.79163pt.


pdfTeX warning: pdflatex (file ./real/real-oursonline-4_.pdf): PDF inclusion: f
ound PDF version <1.6>, but at most version <1.5> allowed
<real/real-oursonline-4_.pdf, id=1142, 752.8125pt x 501.875pt>
File: real/real-oursonline-4_.pdf Graphic file (type pdf)
<use real/real-oursonline-4_.pdf>
Package pdftex.def Info: real/real-oursonline-4_.pdf  used on input line 1041.
(pdftex.def)             Requested size: 59.6931pt x 39.7909pt.

Overfull \hbox (5.4873pt too wide) in paragraph at lines 1006--1046
 [] 
 []



pdfTeX warning: pdflatex (file ./real-analysis/real-input-11.pdf): PDF inclusio
n: found PDF version <1.6>, but at most version <1.5> allowed
<real-analysis/real-input-11.pdf, id=1145, 855.195pt x 481.8pt>
File: real-analysis/real-input-11.pdf Graphic file (type pdf)
<use real-analysis/real-input-11.pdf>
Package pdftex.def Info: real-analysis/real-input-11.pdf  used on input line 10
69.
(pdftex.def)             Requested size: 57.45596pt x 32.36938pt.


pdfTeX warning: pdflatex (file ./real-analysis/real-syn-11.pdf): PDF inclusion:
 found PDF version <1.6>, but at most version <1.5> allowed
<real-analysis/real-syn-11.pdf, id=1146, 855.195pt x 481.8pt>
File: real-analysis/real-syn-11.pdf Graphic file (type pdf)
<use real-analysis/real-syn-11.pdf>
Package pdftex.def Info: real-analysis/real-syn-11.pdf  used on input line 1070
.
(pdftex.def)             Requested size: 57.45596pt x 32.36938pt.


pdfTeX warning: pdflatex (file ./real-analysis/real-continual-11.pdf): PDF incl
usion: found PDF version <1.6>, but at most version <1.5> allowed
<real-analysis/real-continual-11.pdf, id=1147, 855.195pt x 481.8pt>
File: real-analysis/real-continual-11.pdf Graphic file (type pdf)
<use real-analysis/real-continual-11.pdf>
Package pdftex.def Info: real-analysis/real-continual-11.pdf  used on input lin
e 1071.
(pdftex.def)             Requested size: 57.45596pt x 32.36938pt.


pdfTeX warning: pdflatex (file ./real-analysis/real-ours-11.pdf): PDF inclusion
: found PDF version <1.6>, but at most version <1.5> allowed
<real-analysis/real-ours-11.pdf, id=1148, 855.195pt x 481.8pt>
File: real-analysis/real-ours-11.pdf Graphic file (type pdf)
<use real-analysis/real-ours-11.pdf>
Package pdftex.def Info: real-analysis/real-ours-11.pdf  used on input line 107
2.
(pdftex.def)             Requested size: 57.45596pt x 32.36938pt.

Overfull \hbox (7.51836pt too wide) in paragraph at lines 1068--1077
 [] 
 []


Underfull \hbox (badness 1024) in paragraph at lines 1081--1081
\OT1/ptm/m/n/10 learn-ing ap-proach. (a) In-put. (b) Only trained on syn-
 []

[6 <./feature-maps/input.pdf> <./feature-maps/before1.pdf> <./feature-maps/afte
r1.pdf> <./figs/psnr.png> <./figs/ssim.png> <./figs/psnr-eps-converted-to.pdf> 
<./figs/ssim-eps-converted-to.pdf>]

Package natbib Warning: Citation `mm20_wang_dcsfn' on page 7 undefined on input
 line 1100.


Underfull \hbox (badness 1033) in paragraph at lines 1100--1103
 []\OT1/ptm/b/n/10 Generality of the Online-update Learn-ing Ap-proach[]
 []



pdfTeX warning: pdflatex (file ./real-analysis/real-input-22.pdf): PDF inclusio
n: found PDF version <1.6>, but at most version <1.5> allowed
<real-analysis/real-input-22.pdf, id=1183, 642.4pt x 428.60126pt>
File: real-analysis/real-input-22.pdf Graphic file (type pdf)
<use real-analysis/real-input-22.pdf>
Package pdftex.def Info: real-analysis/real-input-22.pdf  used on input line 11
09.
(pdftex.def)             Requested size: 57.45596pt x 38.33046pt.


pdfTeX warning: pdflatex (file ./real-analysis/real-dcsfn-syn22.pdf): PDF inclu
sion: found PDF version <1.6>, but at most version <1.5> allowed
<real-analysis/real-dcsfn-syn22.pdf, id=1184, 642.4pt x 428.60126pt>
File: real-analysis/real-dcsfn-syn22.pdf Graphic file (type pdf)
<use real-analysis/real-dcsfn-syn22.pdf>
Package pdftex.def Info: real-analysis/real-dcsfn-syn22.pdf  used on input line
 1110.
(pdftex.def)             Requested size: 57.45596pt x 38.33046pt.


pdfTeX warning: pdflatex (file ./real-analysis/real-dcsfn-continual22.pdf): PDF
 inclusion: found PDF version <1.6>, but at most version <1.5> allowed
<real-analysis/real-dcsfn-continual22.pdf, id=1185, 642.4pt x 428.60126pt>
File: real-analysis/real-dcsfn-continual22.pdf Graphic file (type pdf)
<use real-analysis/real-dcsfn-continual22.pdf>
Package pdftex.def Info: real-analysis/real-dcsfn-continual22.pdf  used on inpu
t line 1111.
(pdftex.def)             Requested size: 57.45596pt x 38.33046pt.


pdfTeX warning: pdflatex (file ./real-analysis/real-dcsfn-online22.pdf): PDF in
clusion: found PDF version <1.6>, but at most version <1.5> allowed
<real-analysis/real-dcsfn-online22.pdf, id=1186, 642.4pt x 428.60126pt>
File: real-analysis/real-dcsfn-online22.pdf Graphic file (type pdf)
<use real-analysis/real-dcsfn-online22.pdf>
Package pdftex.def Info: real-analysis/real-dcsfn-online22.pdf  used on input l
ine 1112.
(pdftex.def)             Requested size: 57.45596pt x 38.33046pt.

Overfull \hbox (7.51836pt too wide) in paragraph at lines 1108--1117
 [] 
 []


Package natbib Warning: Citation `mm20_wang_dcsfn' on page 7 undefined on input
 line 1122.


Package natbib Warning: Citation `mm20_wang_dcsfn' on page 7 undefined on input
 line 1122.

No file AAAI22main.tex_changed.bbl.
[7 <./real/real-input-2_.pdf> <./real/real-dcsfn-2_.pdf> <./real/real-mspfn-2_.
pdf> <./real/real-drd-2_.pdf> <./real/real-rcd-2_.pdf> <./real/real-syn2real-2_
.pdf> <./real/real-mpr-2_.pdf> <./real/real-oursonline-2_.pdf> <./real/real-inp
ut-3_.pdf> <./real/real-dcsfn-3_.pdf> <./real/real-mspfn-3_.pdf> <./real/real-d
rd-3_.pdf> <./real/real-rcd-3_.pdf> <./real/real-syn2real-3_.pdf> <./real/real-
mpr-3_.pdf> <./real/real-oursonline-3_.pdf> <./real/real-input-4_.pdf> <./real/
real-dcsfn-4_.pdf> <./real/real-mspfn-4_.pdf> <./real/real-drd-4_.pdf> <./real/
real-rcd-4_.pdf> <./real/real-syn2real-4_.pdf> <./real/real-mpr-4_.pdf> <./real
/real-oursonline-4_.pdf> <./real-analysis/real-input-11.pdf> <./real-analysis/r
eal-syn-11.pdf> <./real-analysis/real-continual-11.pdf> <./real-analysis/real-o
urs-11.pdf> <./real-analysis/real-input-22.pdf> <./real-analysis/real-dcsfn-syn
22.pdf> <./real-analysis/real-dcsfn-continual22.pdf> <./real-analysis/real-dcsf
n-online22.pdf>]

Package natbib Warning: There were undefined citations.

[8

] (AAAI22main.tex_changed.aux)
 ***********
LaTeX2e <2023-06-01> patch level 1
L3 programming layer <2023-08-29>
 ***********


LaTeX Warning: There were multiply-defined labels.

Package rerunfilecheck Info: File `AAAI22main.tex_changed.out' has not changed.

(rerunfilecheck)             Checksum: FB283982A85852F6A5AD11E789BF8127;2819.
 ) 
Here is how much of TeX's memory you used:
 15065 strings out of 475247
 245528 string characters out of 5757792
 1963801 words of memory out of 5000000
 36284 multiletter control sequences out of 15000+600000
 586559 words of font info for 105 fonts, out of 8000000 for 9000
 1141 hyphenation exceptions out of 8191
 63i,17n,67p,1232b,486s stack positions out of 10000i,1000n,20000p,200000b,200000s
 <C:\Users\micha\AppData\Local\MiKTeX\fonts/pk/ljfour/public/bbding/dpi600\bb
ding10.pk><C:/Users/micha/AppData/Local/Programs/MiKTeX/fonts/type1/public/amsf
onts/cm/cmex10.pfb><C:/Users/micha/AppData/Local/Programs/MiKTeX/fonts/type1/pu
blic/amsfonts/cm/cmmi10.pfb><C:/Users/micha/AppData/Local/Programs/MiKTeX/fonts
/type1/public/amsfonts/cm/cmmi5.pfb><C:/Users/micha/AppData/Local/Programs/MiKT
eX/fonts/type1/public/amsfonts/cm/cmmi7.pfb><C:/Users/micha/AppData/Local/Progr
ams/MiKTeX/fonts/type1/public/amsfonts/cm/cmr10.pfb><C:/Users/micha/AppData/Loc
al/Programs/MiKTeX/fonts/type1/public/amsfonts/cm/cmr5.pfb><C:/Users/micha/AppD
ata/Local/Programs/MiKTeX/fonts/type1/public/amsfonts/cm/cmr7.pfb><C:/Users/mic
ha/AppData/Local/Programs/MiKTeX/fonts/type1/public/amsfonts/cm/cmsy10.pfb><C:/
Users/micha/AppData/Local/Programs/MiKTeX/fonts/type1/public/amsfonts/cm/cmsy5.
pfb><C:/Users/micha/AppData/Local/Programs/MiKTeX/fonts/type1/public/amsfonts/c
m/cmsy7.pfb><C:/Users/micha/AppData/Local/Programs/MiKTeX/fonts/type1/urw/times
/utmb8a.pfb><C:/Users/micha/AppData/Local/Programs/MiKTeX/fonts/type1/urw/times
/utmr8a.pfb>
Output written on AAAI22main.tex_changed.pdf (8 pages, 4957721 bytes).
PDF statistics:
 1336 PDF objects out of 1440 (max. 8388607)
 70 named destinations out of 1000 (max. 500000)
 399 words of extra memory for PDF output out of 10000 (max. 10000000)

