This is pdfTeX, Version 3.141592653-2.6-1.40.25 (MiKTeX 23.9) (preloaded format=pdflatex 2023.9.22)  30 MAR 2024 16:58
entering extended mode
 restricted \write18 enabled.
 %&-line parsing enabled.
**./main_changed.tex
(main_changed.tex
LaTeX2e <2023-06-01> patch level 1
L3 programming layer <2023-08-29>
(C:\Users\micha\AppData\Local\Programs\MiKTeX\tex/latex/base\article.cls
Document Class: article 2023/05/17 v1.4n Standard LaTeX document class
(C:\Users\micha\AppData\Local\Programs\MiKTeX\tex/latex/base\size10.clo
File: size10.clo 2023/05/17 v1.4n Standard LaTeX file (size option)
)
\c@part=\count185
\c@section=\count186
\c@subsection=\count187
\c@subsubsection=\count188
\c@paragraph=\count189
\c@subparagraph=\count190
\c@figure=\count191
\c@table=\count192
\abovecaptionskip=\skip48
\belowcaptionskip=\skip49
\bibindent=\dimen140
)
(aaai22.sty
Conference Style for AAAI for LaTeX 2e -- version for the AAAI-22 conference
\titlebox=\skip50
) (C:\Users\micha\AppData\Local\Programs\MiKTeX\tex/latex/psnfss\times.sty
Package: times 2020/03/25 PSNFSS-v9.3 (SPQR) 
)
(C:\Users\micha\AppData\Local\Programs\MiKTeX\tex/latex/psnfss\helvet.sty
Package: helvet 2020/03/25 PSNFSS-v9.3 (WaS) 

(C:\Users\micha\AppData\Local\Programs\MiKTeX\tex/latex/graphics\keyval.sty
Package: keyval 2022/05/29 v1.15 key=value parser (DPC)
\KV@toks@=\toks17
))
(C:\Users\micha\AppData\Local\Programs\MiKTeX\tex/latex/psnfss\courier.sty
Package: courier 2020/03/25 PSNFSS-v9.3 (WaS) 
)
(C:\Users\micha\AppData\Local\Programs\MiKTeX\tex/latex/url\url.sty
\Urlmuskip=\muskip16
Package: url 2013/09/16  ver 3.4  Verb mode for urls, etc.
)
(C:\Users\micha\AppData\Local\Programs\MiKTeX\tex/latex/graphics\graphicx.sty
Package: graphicx 2021/09/16 v1.2d Enhanced LaTeX Graphics (DPC,SPQR)

(C:\Users\micha\AppData\Local\Programs\MiKTeX\tex/latex/graphics\graphics.sty
Package: graphics 2022/03/10 v1.4e Standard LaTeX Graphics (DPC,SPQR)

(C:\Users\micha\AppData\Local\Programs\MiKTeX\tex/latex/graphics\trig.sty
Package: trig 2021/08/11 v1.11 sin cos tan (DPC)
)
(C:\Users\micha\AppData\Local\Programs\MiKTeX\tex/latex/graphics-cfg\graphics.c
fg
File: graphics.cfg 2016/06/04 v1.11 sample graphics configuration
)
Package graphics Info: Driver file: pdftex.def on input line 107.

(C:\Users\micha\AppData\Local\Programs\MiKTeX\tex/latex/graphics-def\pdftex.def
File: pdftex.def 2022/09/22 v1.2b Graphics/color driver for pdftex
))
\Gin@req@height=\dimen141
\Gin@req@width=\dimen142
) (C:\Users\micha\AppData\Local\Programs\MiKTeX\tex/latex/natbib\natbib.sty
Package: natbib 2010/09/13 8.31b (PWD, AO)
\bibhang=\skip51
\bibsep=\skip52
LaTeX Info: Redefining \cite on input line 694.
\c@NAT@ctr=\count193
)
(C:\Users\micha\AppData\Local\Programs\MiKTeX\tex/latex/caption\caption.sty
Package: caption 2023/07/31 v3.6n Customizing captions (AR)

(C:\Users\micha\AppData\Local\Programs\MiKTeX\tex/latex/caption\caption3.sty
Package: caption3 2023/07/31 v2.4d caption3 kernel (AR)
\caption@tempdima=\dimen143
\captionmargin=\dimen144
\caption@leftmargin=\dimen145
\caption@rightmargin=\dimen146
\caption@width=\dimen147
\caption@indent=\dimen148
\caption@parindent=\dimen149
\caption@hangindent=\dimen150
Package caption Info: Standard document class detected.
)
\c@caption@flags=\count194
\c@continuedfloat=\count195
)
(C:\Users\micha\AppData\Local\Programs\MiKTeX\tex/latex/algorithm2e\algorithm2e
.sty
Package: algorithm2e 2017/07/18 v5.2 algorithms environments
\c@AlgoLine=\count196
 (C:\Users\micha\AppData\Local\Programs\MiKTeX\tex/latex/base\ifthen.sty
Package: ifthen 2022/04/13 v1.1d Standard LaTeX ifthen package (DPC)
)
\algocf@hangindent=\skip53

(C:\Users\micha\AppData\Local\Programs\MiKTeX\tex/latex/ifoddpage\ifoddpage.sty
Package: ifoddpage 2022/10/18 v1.2 Conditionals for odd/even page detection
\c@checkoddpage=\count197
) (C:\Users\micha\AppData\Local\Programs\MiKTeX\tex/latex/tools\xspace.sty
Package: xspace 2014/10/28 v1.13 Space after command names (DPC,MH)
)
(C:\Users\micha\AppData\Local\Programs\MiKTeX\tex/latex/relsize\relsize.sty
Package: relsize 2013/03/29 ver 4.1
)
\skiptotal=\skip54
\skiplinenumber=\skip55
\skiprule=\skip56
\skiphlne=\skip57
\skiptext=\skip58
\skiplength=\skip59
\algomargin=\skip60
\skipalgocfslide=\skip61
\algowidth=\dimen151
\inoutsize=\dimen152
\inoutindent=\dimen153
\interspacetitleruled=\dimen154
\interspacealgoruled=\dimen155
\interspacetitleboxruled=\dimen156
\algocf@ruledwidth=\skip62
\algocf@inoutbox=\box51
\algocf@inputbox=\box52
\AlCapSkip=\skip63
\AlCapHSkip=\skip64
\algoskipindent=\skip65
\algocf@nlbox=\box53
\algocf@hangingbox=\box54
\algocf@untilbox=\box55
\algocf@skipuntil=\skip66
\algocf@capbox=\box56
\algocf@lcaptionbox=\skip67
\algoheightruledefault=\skip68
\algoheightrule=\skip69
\algotitleheightruledefault=\skip70
\algotitleheightrule=\skip71
\c@algocfline=\count198
\c@algocfproc=\count199
\c@algocf=\count266
\algocf@algoframe=\box57
\algocf@algobox=\box58
)
(C:\Users\micha\AppData\Local\Programs\MiKTeX\tex/latex/booktabs\booktabs.sty
Package: booktabs 2020/01/12 v1.61803398 Publication quality tables
\heavyrulewidth=\dimen157
\lightrulewidth=\dimen158
\cmidrulewidth=\dimen159
\belowrulesep=\dimen160
\belowbottomsep=\dimen161
\aboverulesep=\dimen162
\abovetopsep=\dimen163
\cmidrulesep=\dimen164
\cmidrulekern=\dimen165
\defaultaddspace=\dimen166
\@cmidla=\count267
\@cmidlb=\count268
\@aboverulesep=\dimen167
\@belowrulesep=\dimen168
\@thisruleclass=\count269
\@lastruleclass=\count270
\@thisrulewidth=\dimen169
)
(C:\Users\micha\AppData\Local\Programs\MiKTeX\tex/latex/tools\tabularx.sty
Package: tabularx 2020/01/15 v2.11c `tabularx' package (DPC)

(C:\Users\micha\AppData\Local\Programs\MiKTeX\tex/latex/tools\array.sty
Package: array 2022/09/04 v2.5g Tabular extension package (FMi)
\col@sep=\dimen170
\ar@mcellbox=\box59
\extrarowheight=\dimen171
\NC@list=\toks18
\extratabsurround=\skip72
\backup@length=\skip73
\ar@cellbox=\box60
)
\TX@col@width=\dimen172
\TX@old@table=\dimen173
\TX@old@col=\dimen174
\TX@target=\dimen175
\TX@delta=\dimen176
\TX@cols=\count271
\TX@ftn=\toks19
)
(C:\Users\micha\AppData\Local\Programs\MiKTeX\tex/latex/amsfonts\amsfonts.sty
Package: amsfonts 2013/01/14 v3.01 Basic AMSFonts support
\@emptytoks=\toks20
\symAMSa=\mathgroup4
\symAMSb=\mathgroup5
LaTeX Font Info:    Redeclaring math symbol \hbar on input line 98.
LaTeX Font Info:    Overwriting math alphabet `\mathfrak' in version `bold'
(Font)                  U/euf/m/n --> U/euf/b/n on input line 106.
)
LaTeX Font Info:    Trying to load font information for OT1+ptm on input line 9
9.

(C:\Users\micha\AppData\Local\Programs\MiKTeX\tex/latex/psnfss\ot1ptm.fd
File: ot1ptm.fd 2001/06/04 font definitions for OT1/ptm.
)
(C:\Users\micha\AppData\Local\Programs\MiKTeX\tex/latex/l3backend\l3backend-pdf
tex.def
File: l3backend-pdftex.def 2023-04-19 L3 backend support: PDF output (pdfTeX)
\l__color_backend_stack_int=\count272
\l__pdf_internal_box=\box61
) (main_changed.aux)
\openout1 = `main_changed.aux'.

LaTeX Font Info:    Checking defaults for OML/cmm/m/it on input line 99.
LaTeX Font Info:    ... okay on input line 99.
LaTeX Font Info:    Checking defaults for OMS/cmsy/m/n on input line 99.
LaTeX Font Info:    ... okay on input line 99.
LaTeX Font Info:    Checking defaults for OT1/cmr/m/n on input line 99.
LaTeX Font Info:    ... okay on input line 99.
LaTeX Font Info:    Checking defaults for T1/cmr/m/n on input line 99.
LaTeX Font Info:    ... okay on input line 99.
LaTeX Font Info:    Checking defaults for TS1/cmr/m/n on input line 99.
LaTeX Font Info:    ... okay on input line 99.
LaTeX Font Info:    Checking defaults for OMX/cmex/m/n on input line 99.
LaTeX Font Info:    ... okay on input line 99.
LaTeX Font Info:    Checking defaults for U/cmr/m/n on input line 99.
LaTeX Font Info:    ... okay on input line 99.

(C:\Users\micha\AppData\Local\Programs\MiKTeX\tex/context/base/mkii\supp-pdf.mk
ii
[Loading MPS to PDF converter (version 2006.09.02).]
\scratchcounter=\count273
\scratchdimen=\dimen177
\scratchbox=\box62
\nofMPsegments=\count274
\nofMParguments=\count275
\everyMPshowfont=\toks21
\MPscratchCnt=\count276
\MPscratchDim=\dimen178
\MPnumerator=\count277
\makeMPintoPDFobject=\count278
\everyMPtoPDFconversion=\toks22
)
(C:\Users\micha\AppData\Local\Programs\MiKTeX\tex/latex/epstopdf-pkg\epstopdf-b
ase.sty
Package: epstopdf-base 2020-01-24 v2.11 Base part for package epstopdf
Package epstopdf-base Info: Redefining graphics rule for `.eps' on input line 4
85.

(C:\Users\micha\AppData\Local\Programs\MiKTeX\tex/latex/00miktex\epstopdf-sys.c
fg
File: epstopdf-sys.cfg 2021/03/18 v2.0 Configuration of epstopdf for MiKTeX
))
Package caption Info: Begin \AtBeginDocument code.
Package caption Info: End \AtBeginDocument code.
\c@eqfn=\count279
\titlearea=\box63
\actualheight=\skip74
LaTeX Font Info:    Trying to load font information for TS1+ptm on input line 1
01.
 (C:\Users\micha\AppData\Local\Programs\MiKTeX\tex/latex/psnfss\ts1ptm.fd
File: ts1ptm.fd 2001/06/04 font definitions for TS1/ptm.
)

Package natbib Warning: Citation `hansen1990neural' on page 1 undefined on inpu
t line 109.


Package natbib Warning: Citation `krogh1994neural' on page 1 undefined on input
 line 109.


Package natbib Warning: Citation `wolfinger2017stacked' on page 1 undefined on 
input line 109.


Package natbib Warning: Citation `bonab2016theoretical' on page 1 undefined on 
input line 111.


Package natbib Warning: Citation `oshiro2012forest' on page 1 undefined on inpu
t line 111.


Underfull \hbox (badness 1430) in paragraph at lines 111--112
\OT1/ptm/m/n/10 tem-po-ral en-sem-bles, and evo-lu-tion-ary en-sem-bles ei-ther

 []

LaTeX Font Info:    Trying to load font information for U+msa on input line 113
.
(C:\Users\micha\AppData\Local\Programs\MiKTeX\tex/latex/amsfonts\umsa.fd
File: umsa.fd 2013/01/14 v3.01 AMS symbols A
)
LaTeX Font Info:    Trying to load font information for U+msb on input line 113
.

(C:\Users\micha\AppData\Local\Programs\MiKTeX\tex/latex/amsfonts\umsb.fd
File: umsb.fd 2013/01/14 v3.01 AMS symbols B
)

Package natbib Warning: Citation `malaiya1995antirandom' on page 1 undefined on
 input line 113.


Package natbib Warning: Citation `shen2008antirandom' on page 1 undefined on in
put line 113.


Package natbib Warning: Citation `smith2018superconvergence' on page 1 undefine
d on input line 113.


Package natbib Warning: Citation `blalock2020state' on page 1 undefined on inpu
t line 115.

<./figures/landscape-visual.pdf, id=1, 620.07661pt x 174.41159pt>
File: ./figures/landscape-visual.pdf Graphic file (type pdf)
<use ./figures/landscape-visual.pdf>
Package pdftex.def Info: ./figures/landscape-visual.pdf  used on input line 122
.
(pdftex.def)             Requested size: 478.78876pt x 134.67258pt.

Underfull \vbox (badness 10000) has occurred while \output is active []

 [1{C:/Users/micha/AppData/Local/MiKTeX/fonts/map/pdftex/pdftex.map}{C:/Users/m
icha/AppData/Local/Programs/MiKTeX/fonts/enc/dvips/base/8r.enc}



]

Package natbib Warning: Citation `srivastava2014dropout' on page 2 undefined on
 input line 135.


Package natbib Warning: Citation `wan2013regularization' on page 2 undefined on
 input line 135.


Package natbib Warning: Citation `huang2016stochastic' on page 2 undefined on i
nput line 135.


Package natbib Warning: Citation `lee2015m' on page 2 undefined on input line 1
35.


Package natbib Warning: Citation `havasi2021training' on page 2 undefined on in
put line 135.


Package natbib Warning: Citation `wen2020batchensemble' on page 2 undefined on 
input line 135.


Package natbib Warning: Citation `wenzel2021hyperparameter' on page 2 undefined
 on input line 135.


Package natbib Warning: Citation `vonoswald2021neural' on page 2 undefined on i
nput line 135.


Package natbib Warning: Citation `bachman2014learning' on page 2 undefined on i
nput line 137.


Package natbib Warning: Citation `swann1998fast' on page 2 undefined on input l
ine 139.


Package natbib Warning: Citation `xie2013horizontal' on page 2 undefined on inp
ut line 139.


Package natbib Warning: Citation `huang2017snapshot' on page 2 undefined on inp
ut line 139.


Package natbib Warning: Citation `garipov2018loss' on page 2 undefined on input
 line 139.


Package natbib Warning: Citation `liu2021freetickets' on page 2 undefined on in
put line 139.


Package natbib Warning: Citation `salimans2017evolution' on page 2 undefined on
 input line 143.


Package natbib Warning: Citation `hansen2003reducing' on page 2 undefined on in
put line 143.


Package natbib Warning: Citation `wierstra2011natural' on page 2 undefined on i
nput line 143.


Package natbib Warning: Citation `stanley2002evolving' on page 2 undefined on i
nput line 143.


Package natbib Warning: Citation `wasay2020mothernets' on page 2 undefined on i
nput line 143.

[2 <./figures/landscape-visual.pdf>]

Package natbib Warning: Citation `blalock2020state' on page 3 undefined on inpu
t line 154.


Package natbib Warning: Citation `janowski1989pruning' on page 3 undefined on i
nput line 154.


Package natbib Warning: Citation `lecun1990optimal' on page 3 undefined on inpu
t line 154.


Package natbib Warning: Citation `lee2019snip' on page 3 undefined on input lin
e 154.


Package natbib Warning: Citation `frankle2019lottery' on page 3 undefined on in
put line 154.


Package natbib Warning: Citation `malaiya1995antirandom' on page 3 undefined on
 input line 160.

<figures/random-antirandom-example.pdf, id=33, 515.73918pt x 270.71956pt>
File: figures/random-antirandom-example.pdf Graphic file (type pdf)
<use figures/random-antirandom-example.pdf>
Package pdftex.def Info: figures/random-antirandom-example.pdf  used on input l
ine 197.
(pdftex.def)             Requested size: 239.39438pt x 125.66022pt.

Package natbib Warning: Citation `breiman1996bagging' on page 3 undefined on in
put line 203.

[3 <./figures/random-antirandom-example.pdf>]

Package natbib Warning: Citation `smith2018superconvergence' on page 4 undefine
d on input line 208.


Package natbib Warning: Citation `le2021network' on page 4 undefined on input l
ine 209.


Package natbib Warning: Citation `le2021network' on page 4 undefined on input l
ine 211.


Package natbib Warning: Citation `fragoso2017bayesian' on page 4 undefined on i
nput line 221.


Package natbib Warning: Citation `dzeroski2004combining' on page 4 undefined on
 input line 221.


Package natbib Warning: Citation `vanderlaan2007super' on page 4 undefined on i
nput line 221.


Package natbib Warning: Citation `huang2017snapshot' on page 4 undefined on inp
ut line 221.


Package natbib Warning: Citation `garipov2018loss' on page 4 undefined on input
 line 221.


Package natbib Warning: Citation `liu2021freetickets' on page 4 undefined on in
put line 221.


Package natbib Warning: Citation `havasi2021training' on page 4 undefined on in
put line 221.

<./figures/sparsity-new.pdf, id=45, 425.33655pt x 352.84637pt>
File: ./figures/sparsity-new.pdf Graphic file (type pdf)
<use ./figures/sparsity-new.pdf>
Package pdftex.def Info: ./figures/sparsity-new.pdf  used on input line 233.
(pdftex.def)             Requested size: 124.4861pt x 103.2704pt.
<./figures/neuron-elimination-new.pdf, id=46, 425.24622pt x 352.84637pt>
File: ./figures/neuron-elimination-new.pdf Graphic file (type pdf)
<use ./figures/neuron-elimination-new.pdf>
Package pdftex.def Info: ./figures/neuron-elimination-new.pdf  used on input li
ne 234.
(pdftex.def)             Requested size: 124.4861pt x 103.29195pt.
<./figures/tuning-new.pdf, id=47, 423.82841pt x 353.08536pt>
File: ./figures/tuning-new.pdf Graphic file (type pdf)
<use ./figures/tuning-new.pdf>
Package pdftex.def Info: ./figures/tuning-new.pdf  used on input line 235.
(pdftex.def)             Requested size: 124.4861pt x 103.70671pt.
<./figures/population-new.pdf, id=48, 423.91875pt x 352.7209pt>
File: ./figures/population-new.pdf Graphic file (type pdf)
<use ./figures/population-new.pdf>
Package pdftex.def Info: ./figures/population-new.pdf  used on input line 236.
(pdftex.def)             Requested size: 124.4861pt x 103.57814pt.

Package natbib Warning: Citation `krizhevsky2012learning' on page 4 undefined o
n input line 247.


Package natbib Warning: Citation `hendrycks2019robustness' on page 4 undefined 
on input line 247.


Package natbib Warning: Citation `lecun1989backpropagation' on page 4 undefined
 on input line 251.


Package natbib Warning: Citation `he2015deep' on page 4 undefined on input line
 254.


Package natbib Warning: Citation `huang2018densely' on page 4 undefined on inpu
t line 256.


Package natbib Warning: Citation `zagoruyko2017wide' on page 4 undefined on inp
ut line 258.


Package natbib Warning: Citation `nado2021uncertainty' on page 4 undefined on i
nput line 270.


Package natbib Warning: Citation `hendrycks2019robustness' on page 4 undefined 
on input line 270.

[4]
Underfull \hbox (badness 7203) in paragraph at lines 274--275
\OT1/ptm/m/n/10 random prun-ing, con-nec-tion/neuron elim-i-na-tion, con-
 []


Package natbib Warning: Citation `coleman2017DAWNBench' on page 5 undefined on 
input line 297.

[5 <./figures/sparsity-new.pdf> <./figures/neuron-elimination-new.pdf

pdfTeX warning: pdflatex (file ./figures/neuron-elimination-new.pdf): PDF inclu
sion: multiple pdfs with page group included in a single page
> <./figures/tuning-new.pdf

pdfTeX warning: pdflatex (file ./figures/tuning-new.pdf): PDF inclusion: multip
le pdfs with page group included in a single page
> <./figures/population-new.pdf

pdfTeX warning: pdflatex (file ./figures/population-new.pdf): PDF inclusion: mu
ltiple pdfs with page group included in a single page
>]

Package natbib Warning: Citation `havasi2021training' on page 6 undefined on in
put line 383.


Package natbib Warning: Citation `liu2021freetickets' on page 6 undefined on in
put line 383.


Package natbib Warning: Citation `havasi2021training' on page 6 undefined on in
put line 383.


Package natbib Warning: Citation `liu2021freetickets' on page 6 undefined on in
put line 383.


Package natbib Warning: Citation `wasay2020mothernets' on page 6 undefined on i
nput line 386.


Package natbib Warning: Citation `huang2017snapshot' on page 6 undefined on inp
ut line 386.


Package natbib Warning: Citation `garipov2018loss' on page 6 undefined on input
 line 386.


Package natbib Warning: Citation `lee2015m' on page 6 undefined on input line 3
86.


Package natbib Warning: Citation `wen2020batchensemble' on page 6 undefined on 
input line 386.


Package natbib Warning: Citation `liu2021freetickets' on page 6 undefined on in
put line 386.


Package natbib Warning: Citation `havasi2021training' on page 6 undefined on in
put line 386.


Package natbib Warning: Citation `sutskever13nesterov' on page 6 undefined on i
nput line 388.


Package natbib Warning: Citation `wasay2020mothernets' on page 6 undefined on i
nput line 388.


Package natbib Warning: Citation `garipov2018loss' on page 6 undefined on input
 line 388.


Package natbib Warning: Citation `garipov2018loss' on page 6 undefined on input
 line 388.


Package natbib Warning: Citation `havasi2021training' on page 6 undefined on in
put line 388.


Package natbib Warning: Citation `liu2021freetickets' on page 6 undefined on in
put line 388.


Package natbib Warning: Citation `huang2017snapshot' on page 6 undefined on inp
ut line 388.


Underfull \hbox (badness 4001) in paragraph at lines 388--389
[]\OT1/ptm/m/n/10 All meth-ods com-pared use WideResNet-28-10 and
 []


Package natbib Warning: Citation `zagoruyko2017wide' on page 6 undefined on inp
ut line 390.


Package natbib Warning: Citation `huang2017snapshot' on page 6 undefined on inp
ut line 390.


Package natbib Warning: Citation `lee2015m' on page 6 undefined on input line 3
90.


Package natbib Warning: Citation `wen2020batchensemble' on page 6 undefined on 
input line 390.


Package natbib Warning: Citation `havasi2021training' on page 6 undefined on in
put line 390.


Package natbib Warning: Citation `nado2021uncertainty' on page 6 undefined on i
nput line 396.


Package natbib Warning: Citation `hendrycks2019robustness' on page 6 undefined 
on input line 396.

[6] [7] [8

]
No file main_changed.bbl.

Package natbib Warning: There were undefined citations.

(main_changed.aux)
 ***********
LaTeX2e <2023-06-01> patch level 1
L3 programming layer <2023-08-29>
 ***********
 ) 
Here is how much of TeX's memory you used:
 4692 strings out of 475247
 82421 string characters out of 5757792
 1955801 words of memory out of 5000000
 26169 multiletter control sequences out of 15000+600000
 577689 words of font info for 76 fonts, out of 8000000 for 9000
 1141 hyphenation exceptions out of 8191
 57i,11n,65p,1313b,323s stack positions out of 10000i,1000n,20000p,200000b,200000s
<C:/Users/micha/AppData/Local/Programs/MiKTeX/fonts/type1/public/amsfonts/cm/
cmex10.pfb><C:/Users/micha/AppData/Local/Programs/MiKTeX/fonts/type1/public/ams
fonts/cm/cmmi10.pfb><C:/Users/micha/AppData/Local/Programs/MiKTeX/fonts/type1/p
ublic/amsfonts/cm/cmmi7.pfb><C:/Users/micha/AppData/Local/Programs/MiKTeX/fonts
/type1/public/amsfonts/cm/cmr10.pfb><C:/Users/micha/AppData/Local/Programs/MiKT
eX/fonts/type1/public/amsfonts/cm/cmr7.pfb><C:/Users/micha/AppData/Local/Progra
ms/MiKTeX/fonts/type1/public/amsfonts/cm/cmsy10.pfb><C:/Users/micha/AppData/Loc
al/Programs/MiKTeX/fonts/type1/public/amsfonts/cm/cmsy7.pfb><C:/Users/micha/App
Data/Local/Programs/MiKTeX/fonts/type1/public/amsfonts/cm/cmsy9.pfb><C:/Users/m
icha/AppData/Local/Programs/MiKTeX/fonts/type1/urw/times/utmb8a.pfb><C:/Users/m
icha/AppData/Local/Programs/MiKTeX/fonts/type1/urw/times/utmr8a.pfb><C:/Users/m
icha/AppData/Local/Programs/MiKTeX/fonts/type1/urw/times/utmri8a.pfb>
Output written on main_changed.pdf (8 pages, 637502 bytes).
PDF statistics:
 154 PDF objects out of 1000 (max. 8388607)
 0 named destinations out of 1000 (max. 500000)
 31 words of extra memory for PDF output out of 10000 (max. 10000000)

