This is pdfTeX, Version 3.141592653-2.6-1.40.25 (MiKTeX 23.9) (preloaded format=pdflatex 2023.9.22)  30 MAR 2024 16:37
entering extended mode
 restricted \write18 enabled.
 %&-line parsing enabled.
**./AAAI-FanJ.5948_changed.tex
(AAAI-FanJ.5948_changed.tex
LaTeX2e <2023-06-01> patch level 1
L3 programming layer <2023-08-29>
(C:\Users\micha\AppData\Local\Programs\MiKTeX\tex/latex/base\article.cls
Document Class: article 2023/05/17 v1.4n Standard LaTeX document class
(C:\Users\micha\AppData\Local\Programs\MiKTeX\tex/latex/base\size10.clo
File: size10.clo 2023/05/17 v1.4n Standard LaTeX file (size option)
)
\c@part=\count185
\c@section=\count186
\c@subsection=\count187
\c@subsubsection=\count188
\c@paragraph=\count189
\c@subparagraph=\count190
\c@figure=\count191
\c@table=\count192
\abovecaptionskip=\skip48
\belowcaptionskip=\skip49
\bibindent=\dimen140
)
(aaai20.sty
Conference Style for AAAI for LaTeX 2e -- version for the AAAI-20 conference
\titlebox=\skip50
) (C:\Users\micha\AppData\Local\Programs\MiKTeX\tex/latex/psnfss\times.sty
Package: times 2020/03/25 PSNFSS-v9.3 (SPQR) 
)
(C:\Users\micha\AppData\Local\Programs\MiKTeX\tex/latex/psnfss\helvet.sty
Package: helvet 2020/03/25 PSNFSS-v9.3 (WaS) 

(C:\Users\micha\AppData\Local\Programs\MiKTeX\tex/latex/graphics\keyval.sty
Package: keyval 2022/05/29 v1.15 key=value parser (DPC)
\KV@toks@=\toks17
))
(C:\Users\micha\AppData\Local\Programs\MiKTeX\tex/latex/psnfss\courier.sty
Package: courier 2020/03/25 PSNFSS-v9.3 (WaS) 
)
(C:\Users\micha\AppData\Local\Programs\MiKTeX\tex/latex/url\url.sty
\Urlmuskip=\muskip16
Package: url 2013/09/16  ver 3.4  Verb mode for urls, etc.
)
(C:\Users\micha\AppData\Local\Programs\MiKTeX\tex/latex/graphics\graphicx.sty
Package: graphicx 2021/09/16 v1.2d Enhanced LaTeX Graphics (DPC,SPQR)

(C:\Users\micha\AppData\Local\Programs\MiKTeX\tex/latex/graphics\graphics.sty
Package: graphics 2022/03/10 v1.4e Standard LaTeX Graphics (DPC,SPQR)

(C:\Users\micha\AppData\Local\Programs\MiKTeX\tex/latex/graphics\trig.sty
Package: trig 2021/08/11 v1.11 sin cos tan (DPC)
)
(C:\Users\micha\AppData\Local\Programs\MiKTeX\tex/latex/graphics-cfg\graphics.c
fg
File: graphics.cfg 2016/06/04 v1.11 sample graphics configuration
)
Package graphics Info: Driver file: pdftex.def on input line 107.

(C:\Users\micha\AppData\Local\Programs\MiKTeX\tex/latex/graphics-def\pdftex.def
File: pdftex.def 2022/09/22 v1.2b Graphics/color driver for pdftex
))
\Gin@req@height=\dimen141
\Gin@req@width=\dimen142
) (C:\Users\micha\AppData\Local\Programs\MiKTeX\tex/latex/amsmath\amsmath.sty
Package: amsmath 2023/05/13 v2.17o AMS math features
\@mathmargin=\skip51
For additional information on amsmath, use the `?' option.
(C:\Users\micha\AppData\Local\Programs\MiKTeX\tex/latex/amsmath\amstext.sty
Package: amstext 2021/08/26 v2.01 AMS text

(C:\Users\micha\AppData\Local\Programs\MiKTeX\tex/latex/amsmath\amsgen.sty
File: amsgen.sty 1999/11/30 v2.0 generic functions
\@emptytoks=\toks18
\ex@=\dimen143
))
(C:\Users\micha\AppData\Local\Programs\MiKTeX\tex/latex/amsmath\amsbsy.sty
Package: amsbsy 1999/11/29 v1.2d Bold Symbols
\pmbraise@=\dimen144
)
(C:\Users\micha\AppData\Local\Programs\MiKTeX\tex/latex/amsmath\amsopn.sty
Package: amsopn 2022/04/08 v2.04 operator names
)
\inf@bad=\count193
LaTeX Info: Redefining \frac on input line 234.
\uproot@=\count194
\leftroot@=\count195
LaTeX Info: Redefining \overline on input line 399.
LaTeX Info: Redefining \colon on input line 410.
\classnum@=\count196
\DOTSCASE@=\count197
LaTeX Info: Redefining \ldots on input line 496.
LaTeX Info: Redefining \dots on input line 499.
LaTeX Info: Redefining \cdots on input line 620.
\Mathstrutbox@=\box51
\strutbox@=\box52
LaTeX Info: Redefining \big on input line 722.
LaTeX Info: Redefining \Big on input line 723.
LaTeX Info: Redefining \bigg on input line 724.
LaTeX Info: Redefining \Bigg on input line 725.
\big@size=\dimen145
LaTeX Font Info:    Redeclaring font encoding OML on input line 743.
LaTeX Font Info:    Redeclaring font encoding OMS on input line 744.
\macc@depth=\count198
LaTeX Info: Redefining \bmod on input line 905.
LaTeX Info: Redefining \pmod on input line 910.
LaTeX Info: Redefining \smash on input line 940.
LaTeX Info: Redefining \relbar on input line 970.
LaTeX Info: Redefining \Relbar on input line 971.
\c@MaxMatrixCols=\count199
\dotsspace@=\muskip17
\c@parentequation=\count266
\dspbrk@lvl=\count267
\tag@help=\toks19
\row@=\count268
\column@=\count269
\maxfields@=\count270
\andhelp@=\toks20
\eqnshift@=\dimen146
\alignsep@=\dimen147
\tagshift@=\dimen148
\tagwidth@=\dimen149
\totwidth@=\dimen150
\lineht@=\dimen151
\@envbody=\toks21
\multlinegap=\skip52
\multlinetaggap=\skip53
\mathdisplay@stack=\toks22
LaTeX Info: Redefining \[ on input line 2953.
LaTeX Info: Redefining \] on input line 2954.
)
(C:\Users\micha\AppData\Local\Programs\MiKTeX\tex/latex/amsfonts\amssymb.sty
Package: amssymb 2013/01/14 v3.01 AMS font symbols

(C:\Users\micha\AppData\Local\Programs\MiKTeX\tex/latex/amsfonts\amsfonts.sty
Package: amsfonts 2013/01/14 v3.01 Basic AMSFonts support
\symAMSa=\mathgroup4
\symAMSb=\mathgroup5
LaTeX Font Info:    Redeclaring math symbol \hbar on input line 98.
LaTeX Font Info:    Overwriting math alphabet `\mathfrak' in version `bold'
(Font)                  U/euf/m/n --> U/euf/b/n on input line 106.
))
(C:\Users\micha\AppData\Local\Programs\MiKTeX\tex/latex/algorithms\algorithm.st
y
Package: algorithm 2009/08/24 v0.1 Document Style `algorithm' - floating enviro
nment
 (C:\Users\micha\AppData\Local\Programs\MiKTeX\tex/latex/float\float.sty
Package: float 2001/11/08 v1.3d Float enhancements (AL)
\c@float@type=\count271
\float@exts=\toks23
\float@box=\box53
\@float@everytoks=\toks24
\@floatcapt=\box54
)
(C:\Users\micha\AppData\Local\Programs\MiKTeX\tex/latex/base\ifthen.sty
Package: ifthen 2022/04/13 v1.1d Standard LaTeX ifthen package (DPC)
)
\@float@every@algorithm=\toks25
\c@algorithm=\count272
)
(C:\Users\micha\AppData\Local\Programs\MiKTeX\tex/latex/algorithmicx\algorithmi
cx.sty
Package: algorithmicx 2005/04/27 v1.2 Algorithmicx

Document Style algorithmicx 1.2 - a greatly improved `algorithmic' style
\c@ALG@line=\count273
\c@ALG@rem=\count274
\c@ALG@nested=\count275
\ALG@tlm=\skip54
\ALG@thistlm=\skip55
\c@ALG@Lnr=\count276
\c@ALG@blocknr=\count277
\c@ALG@storecount=\count278
\c@ALG@tmpcounter=\count279
\ALG@tmplength=\skip56
)
(C:\Users\micha\AppData\Local\Programs\MiKTeX\tex/latex/algorithmicx\algpseudoc
ode.sty
Package: algpseudocode 

Document Style - pseudocode environments for use with the `algorithmicx' style
) (C:\Users\micha\AppData\Local\Programs\MiKTeX\tex/latex/jknappen\mathrsfs.sty
Package: mathrsfs 1996/01/01 Math RSFS package v1.0 (jk)
\symrsfs=\mathgroup6
) (C:\Users\micha\AppData\Local\Programs\MiKTeX\tex/latex/multirow\multirow.sty
Package: multirow 2021/03/15 v2.8 Span multiple rows of a table
\multirow@colwidth=\skip57
\multirow@cntb=\count280
\multirow@dima=\skip58
\bigstrutjot=\dimen152
) (C:\Users\micha\AppData\Local\Programs\MiKTeX\tex/latex/amscls\amsthm.sty
Package: amsthm 2020/05/29 v2.20.6
\thm@style=\toks26
\thm@bodyfont=\toks27
\thm@headfont=\toks28
\thm@notefont=\toks29
\thm@headpunct=\toks30
\thm@preskip=\skip59
\thm@postskip=\skip60
\thm@headsep=\skip61
\dth@everypar=\toks31
)
(C:\Users\micha\AppData\Local\Programs\MiKTeX\tex/latex/tools\bm.sty
Package: bm 2022/01/05 v1.2f Bold Symbol Support (DPC/FMi)
\symboldoperators=\mathgroup7
\symboldletters=\mathgroup8
\symboldsymbols=\mathgroup9
Package bm Info: No bold for \OMX/cmex/m/n, using \pmb.
Package bm Info: No bold for \U/msa/m/n, using \pmb.
Package bm Info: No bold for \U/msb/m/n, using \pmb.
Package bm Info: No bold for \U/rsfs/m/n, using \pmb.
LaTeX Font Info:    Redeclaring math alphabet \mathbf on input line 149.
)
\c@theorem=\count281
\c@lemma=\count282
\c@assumption=\count283
\c@example=\count284
\c@remark=\count285
\c@property=\count286
\c@definition=\count287
\c@corollary=\count288
\c@proposition=\count289

(C:\Users\micha\AppData\Local\Programs\MiKTeX\tex/latex/scalerel\scalerel.sty
Package: scalerel 2016/12/29 v1.8 Routines for constrained scaling and stretchi
ng of objects, relative to a reference object or in absolute terms

(C:\Users\micha\AppData\Local\Programs\MiKTeX\tex/latex/tools\calc.sty
Package: calc 2017/05/25 v4.3 Infix arithmetic (KKT,FJ)
\calc@Acount=\count290
\calc@Bcount=\count291
\calc@Adimen=\dimen153
\calc@Bdimen=\dimen154
\calc@Askip=\skip62
\calc@Bskip=\skip63
LaTeX Info: Redefining \setlength on input line 80.
LaTeX Info: Redefining \addtolength on input line 81.
\calc@Ccount=\count292
\calc@Cskip=\skip64
)
(C:\Users\micha\AppData\Local\Programs\MiKTeX\tex/latex/etoolbox\etoolbox.sty
Package: etoolbox 2020/10/05 v2.5k e-TeX tools for LaTeX (JAW)
\etb@tempcnta=\count293
)
\thesrwidth=\skip65
\thesrheight=\skip66
\srblobheight=\skip67
\srblobdepth=\skip68
\mnxsrwidth=\skip69
\LMex=\skip70
\LMpt=\skip71
) (C:\Users\micha\AppData\Local\Programs\MiKTeX\tex/latex/comment\comment.sty
\CommentStream=\write3

Excluding comment 'comment')
LaTeX Font Info:    Trying to load font information for OT1+ptm on input line 6
1.

(C:\Users\micha\AppData\Local\Programs\MiKTeX\tex/latex/psnfss\ot1ptm.fd
File: ot1ptm.fd 2001/06/04 font definitions for OT1/ptm.
)
(C:\Users\micha\AppData\Local\Programs\MiKTeX\tex/latex/l3backend\l3backend-pdf
tex.def
File: l3backend-pdftex.def 2023-04-19 L3 backend support: PDF output (pdfTeX)
\l__color_backend_stack_int=\count294
\l__pdf_internal_box=\box55
) (AAAI-FanJ.5948_changed.aux

LaTeX Warning: Label `Eq.rankmin_PhiX_relaxation' multiply defined.

)
\openout1 = `AAAI-FanJ.5948_changed.aux'.

LaTeX Font Info:    Checking defaults for OML/cmm/m/it on input line 61.
LaTeX Font Info:    ... okay on input line 61.
LaTeX Font Info:    Checking defaults for OMS/cmsy/m/n on input line 61.
LaTeX Font Info:    ... okay on input line 61.
LaTeX Font Info:    Checking defaults for OT1/cmr/m/n on input line 61.
LaTeX Font Info:    ... okay on input line 61.
LaTeX Font Info:    Checking defaults for T1/cmr/m/n on input line 61.
LaTeX Font Info:    ... okay on input line 61.
LaTeX Font Info:    Checking defaults for TS1/cmr/m/n on input line 61.
LaTeX Font Info:    ... okay on input line 61.
LaTeX Font Info:    Checking defaults for OMX/cmex/m/n on input line 61.
LaTeX Font Info:    ... okay on input line 61.
LaTeX Font Info:    Checking defaults for U/cmr/m/n on input line 61.
LaTeX Font Info:    ... okay on input line 61.

(C:\Users\micha\AppData\Local\Programs\MiKTeX\tex/context/base/mkii\supp-pdf.mk
ii
[Loading MPS to PDF converter (version 2006.09.02).]
\scratchcounter=\count295
\scratchdimen=\dimen155
\scratchbox=\box56
\nofMPsegments=\count296
\nofMParguments=\count297
\everyMPshowfont=\toks32
\MPscratchCnt=\count298
\MPscratchDim=\dimen156
\MPnumerator=\count299
\makeMPintoPDFobject=\count300
\everyMPtoPDFconversion=\toks33
)
(C:\Users\micha\AppData\Local\Programs\MiKTeX\tex/latex/epstopdf-pkg\epstopdf-b
ase.sty
Package: epstopdf-base 2020-01-24 v2.11 Base part for package epstopdf
Package epstopdf-base Info: Redefining graphics rule for `.eps' on input line 4
85.

(C:\Users\micha\AppData\Local\Programs\MiKTeX\tex/latex/00miktex\epstopdf-sys.c
fg
File: epstopdf-sys.cfg 2021/03/18 v2.0 Configuration of epstopdf for MiKTeX
))
LaTeX Font Info:    Trying to load font information for U+msa on input line 63.

 (C:\Users\micha\AppData\Local\Programs\MiKTeX\tex/latex/amsfonts\umsa.fd
File: umsa.fd 2013/01/14 v3.01 AMS symbols A
)
LaTeX Font Info:    Trying to load font information for U+msb on input line 63.


(C:\Users\micha\AppData\Local\Programs\MiKTeX\tex/latex/amsfonts\umsb.fd
File: umsb.fd 2013/01/14 v3.01 AMS symbols B
)
LaTeX Font Info:    Trying to load font information for U+rsfs on input line 63
.

(C:\Users\micha\AppData\Local\Programs\MiKTeX\tex/latex/jknappen\ursfs.fd
File: ursfs.fd 1998/03/24 rsfs font definition file (jk)
)
LaTeX Font Info:    Trying to load font information for OMS+ptm on input line 6
3.

(C:\Users\micha\AppData\Local\Programs\MiKTeX\tex/latex/psnfss\omsptm.fd
File: omsptm.fd 
)
LaTeX Font Info:    Font shape `OMS/ptm/m/n' in size <10> not available
(Font)              Font shape `OMS/cmsy/m/n' tried instead on input line 63.
LaTeX Font Info:    Trying to load font information for TS1+ptm on input line 6
3.

(C:\Users\micha\AppData\Local\Programs\MiKTeX\tex/latex/psnfss\ts1ptm.fd
File: ts1ptm.fd 2001/06/04 font definitions for TS1/ptm.
)

LaTeX Warning: Citation `CandesRecht2009' on page 1 undefined on input line 84.



LaTeX Warning: Citation `CandesRecht2009' on page 1 undefined on input line 90.



LaTeX Warning: Citation `MC_MF_Wen2012' on page 1 undefined on input line 91.


LaTeX Warning: Citation `MC_TNNR_PAMI2013' on page 1 undefined on input line 91
.


LaTeX Warning: Citation `MC_ShattenP_AAAI125165' on page 1 undefined on input l
ine 91.


LaTeX Warning: Citation `gu2014weighted' on page 1 undefined on input line 91.


LaTeX Warning: Citation `MC_IRRN' on page 1 undefined on input line 91.


LaTeX Warning: Citation `icml2014c2_wanga14' on page 1 undefined on input line 
91.


LaTeX Warning: Citation `mu2016scalable' on page 1 undefined on input line 91.


LaTeX Warning: Citation `xie2016weighted' on page 1 undefined on input line 91.



LaTeX Warning: Citation `sun2016guaranteed' on page 1 undefined on input line 9
1.


LaTeX Warning: Citation `Su:2009:SCF:1592474.1722966' on page 1 undefined on in
put line 91.


LaTeX Warning: Citation `imageinpainting2014' on page 1 undefined on input line
 91.


LaTeX Warning: Citation `NIPS2010_3932' on page 1 undefined on input line 91.


LaTeX Warning: Citation `udell2019big' on page 1 undefined on input line 94.


LaTeX Warning: Citation `SSC_PAMIN_2013' on page 1 undefined on input line 94.


LaTeX Warning: Citation `roweis2000nonlinear' on page 1 undefined on input line
 94.


LaTeX Warning: Citation `van2009dimensionality' on page 1 undefined on input li
ne 94.


LaTeX Warning: Citation `hinton2006reducing' on page 1 undefined on input line 
94.

Package epstopdf Info: Source file: <5948_fig_toy3.eps>
(epstopdf)                    date: 2019-12-15 08:07:53
(epstopdf)                    size: 326496 bytes
(epstopdf)             Output file: <5948_fig_toy3-eps-converted-to.pdf>
(epstopdf)                    date: 2024-02-03 18:53:37
(epstopdf)                    size: 124587 bytes
(epstopdf)             Command: <miktex-epstopdf --outfile=5948_fig_toy3-eps-co
nverted-to.pdf 5948_fig_toy3.eps>
(epstopdf)             \includegraphics on input line 98.
Package epstopdf Info: Output file is already uptodate.
<5948_fig_toy3-eps-converted-to.pdf, id=1, 371.3875pt x 124.465pt>
File: 5948_fig_toy3-eps-converted-to.pdf Graphic file (type pdf)
<use 5948_fig_toy3-eps-converted-to.pdf>
Package pdftex.def Info: 5948_fig_toy3-eps-converted-to.pdf  used on input line
 98.
(pdftex.def)             Requested size: 199.16928pt x 66.75049pt.

LaTeX Warning: Citation `ErikssonBalzanoNowak2011' on page 1 undefined on input
 line 105.


LaTeX Warning: Citation `YangRobinsonVidal' on page 1 undefined on input line 1
05.


LaTeX Warning: Citation `li2016structured' on page 1 undefined on input line 10
5.


LaTeX Warning: Citation `fan2018DMF' on page 1 undefined on input line 105.


LaTeX Warning: Citation `NLMC2016' on page 1 undefined on input line 105.


LaTeX Warning: Citation `NIPS2016_6357' on page 1 undefined on input line 105.


LaTeX Warning: Citation `fan2018matrix' on page 1 undefined on input line 105.


LaTeX Warning: Citation `Fan2017290' on page 1 undefined on input line 105.


LaTeX Warning: Citation `pmlr-v70-ongie17a' on page 1 undefined on input line 1
05.


LaTeX Warning: Citation `FANNLMC' on page 1 undefined on input line 105.


LaTeX Warning: Citation `LADMC' on page 1 undefined on input line 105.


LaTeX Warning: Citation `NIPS2016_6357' on page 1 undefined on input line 105.


LaTeX Warning: Citation `pmlr-v70-ongie17a' on page 1 undefined on input line 1
05.


LaTeX Warning: Citation `FANNLMC' on page 1 undefined on input line 105.


Underfull \hbox (badness 1067) in paragraph at lines 105--112
\OT1/ptm/m/n/10 subspace data and non-lin-ear data has drawn many re-
 []

[1{C:/Users/micha/AppData/Local/MiKTeX/fonts/map/pdftex/pdftex.map}{C:/Users/mi
cha/AppData/Local/Programs/MiKTeX/fonts/enc/dvips/base/8r.enc}



 <./5948_fig_toy3-eps-converted-to.pdf>]

LaTeX Warning: Citation `CandesRecht2009' on page 2 undefined on input line 242
.

[2]

LaTeX Warning: Citation `CandesRecht2009' on page 3 undefined on input line 246
.


Underfull \hbox (badness 4995) in paragraph at lines 254--255
\OT1/ptm/b/n/10 Example 2. \OT1/ptm/m/it/10 With-out loss of gen-er-al-ity, we 
as-sume
 []


LaTeX Warning: Citation `Nie2015' on page 3 undefined on input line 271.


LaTeX Warning: Citation `MC_TNNR_PAMI2013' on page 3 undefined on input line 27
8.


LaTeX Warning: Citation `TIP_MC_TNNM' on page 3 undefined on input line 278.


LaTeX Warning: Citation `xie2016weighted' on page 3 undefined on input line 292
.


LaTeX Warning: Citation `fazel2003log' on page 3 undefined on input line 302.


Underfull \hbox (badness 2088) in paragraph at lines 301--312
[]\OT1/ptm/m/n/10 One straight-for-ward choice, in-spired by the log-det
 []


Underfull \hbox (badness 1874) in paragraph at lines 317--319
\OT1/ptm/m/n/10 in which we have re-placed the $\OML/cmm/m/it/10 n \OMS/cmsy/m/
n/10 ^^B \OML/cmm/m/it/10 n$ \OT1/ptm/m/n/10 Gram ma-trix
 []

[3]
Overfull \hbox (6.41797pt too wide) detected at line 343
[]\OML/cmm/m/it/10 :
 []


Underfull \hbox (badness 10000) in paragraph at lines 346--347
\OT1/ptm/b/n/10 Remark 3. \OT1/ptm/m/n/10 For any fixed $\OML/cmm/b/it/10 X$\OT
1/ptm/m/n/10 , $\OMS/cmsy/m/n/10 k\OML/cmm/m/it/10 ^^^\OT1/cmr/m/n/10 (\OML/cmm
/b/it/10 X\OT1/cmr/m/n/10 )\OMS/cmsy/m/n/10 k[] \OT1/cmr/m/n/10 =
 []


Underfull \hbox (badness 5548) in paragraph at lines 346--347
[][]\OML/cmm/b/it/10 WV[]\OMS/cmsy/m/n/10 K\OT1/cmr/m/n/10 (\OML/cmm/b/it/10 X\
OT1/cmr/m/n/10 )[]\OML/cmm/b/it/10 V[]$\OT1/ptm/m/n/10 , where $\OML/cmm/b/it/1
0 V$ \OT1/ptm/m/n/10 de-notes the eigen-
 []


Underfull \hbox (badness 1789) in paragraph at lines 346--347
\OT1/ptm/m/n/10 vec-tors of $\OMS/cmsy/m/n/10 K\OT1/cmr/m/n/10 (\OML/cmm/b/it/1
0 X\OT1/cmr/m/n/10 )$ \OT1/ptm/m/n/10 cor-re-spond-ing to the eigen-val-ues in
 []


Underfull \hbox (badness 2150) in paragraph at lines 350--351
[]\OT1/ptm/m/n/10 As we have pro-vided the ker-nel rep-re-sen-ta-tions of
 []


LaTeX Warning: Citation `KPCA1998' on page 4 undefined on input line 352.


Underfull \hbox (badness 10000) in paragraph at lines 368--370
\OT1/ptm/m/it/10 where $\OML/cmm/b/it/10 E[] \OMS/cmsy/m/n/10 2 \U/msb/m/n/10 R
[]$ \OT1/ptm/m/it/10 and $\OMS/cmsy/m/n/10 j\OT1/cmr/m/n/10 [\OML/cmm/b/it/10 E
[]\OT1/cmr/m/n/10 ][]\OMS/cmsy/m/n/10 j ^^T
 []


LaTeX Warning: Citation `pmlr-v70-ongie17a' on page 4 undefined on input line 3
74.


LaTeX Warning: Citation `FANNLMC' on page 4 undefined on input line 374.


LaTeX Warning: Citation `pmlr-v70-ongie17a' on page 4 undefined on input line 3
75.


LaTeX Warning: Citation `adam2014' on page 4 undefined on input line 406.


LaTeX Warning: Citation `pmlr-v70-ongie17a' on page 4 undefined on input line 4
07.


LaTeX Warning: Citation `FANNLMC' on page 4 undefined on input line 407.


LaTeX Warning: Citation `randomsvd' on page 4 undefined on input line 407.

[4]
Underfull \hbox (badness 10000) in paragraph at lines 449--451
\OT1/ptm/m/it/10 where $\OML/cmm/b/it/10 E[] \OMS/cmsy/m/n/10 2 \U/msb/m/n/10 R
[]$ \OT1/ptm/m/it/10 and $\OMS/cmsy/m/n/10 j\OT1/cmr/m/n/10 [\OML/cmm/b/it/10 E
[]\OT1/cmr/m/n/10 ][]\OMS/cmsy/m/n/10 j ^^T
 []

Package epstopdf Info: Source file: <5948_fig_1ks_50.eps>
(epstopdf)                    date: 2019-12-15 08:09:33
(epstopdf)                    size: 351762 bytes
(epstopdf)             Output file: <5948_fig_1ks_50-eps-converted-to.pdf>
(epstopdf)                    date: 2024-02-03 18:53:40
(epstopdf)                    size: 70840 bytes
(epstopdf)             Command: <miktex-epstopdf --outfile=5948_fig_1ks_50-eps-
converted-to.pdf 5948_fig_1ks_50.eps>
(epstopdf)             \includegraphics on input line 491.
Package epstopdf Info: Output file is already uptodate.
<5948_fig_1ks_50-eps-converted-to.pdf, id=40, 405.515pt x 198.7425pt>
File: 5948_fig_1ks_50-eps-converted-to.pdf Graphic file (type pdf)
<use 5948_fig_1ks_50-eps-converted-to.pdf>
Package pdftex.def Info: 5948_fig_1ks_50-eps-converted-to.pdf  used on input li
ne 491.
(pdftex.def)             Requested size: 199.16928pt x 97.61514pt.
Package epstopdf Info: Source file: <5948_fig_1s_new.eps>
(epstopdf)                    date: 2019-12-15 08:09:19
(epstopdf)                    size: 967816 bytes
(epstopdf)             Output file: <5948_fig_1s_new-eps-converted-to.pdf>
(epstopdf)                    date: 2024-02-03 18:53:43
(epstopdf)                    size: 328555 bytes
(epstopdf)             Command: <miktex-epstopdf --outfile=5948_fig_1s_new-eps-
converted-to.pdf 5948_fig_1s_new.eps>
(epstopdf)             \includegraphics on input line 497.
Package epstopdf Info: Output file is already uptodate.
<5948_fig_1s_new-eps-converted-to.pdf, id=41, 519.9425pt x 262.9825pt>
File: 5948_fig_1s_new-eps-converted-to.pdf Graphic file (type pdf)
<use 5948_fig_1s_new-eps-converted-to.pdf>
Package pdftex.def Info: 5948_fig_1s_new-eps-converted-to.pdf  used on input li
ne 497.
(pdftex.def)             Requested size: 241.84842pt x 122.32571pt.

Overfull \hbox (2.45404pt too wide) in paragraph at lines 497--499
 [][] 
 []


LaTeX Warning: Citation `Fan2017290' on page 5 undefined on input line 504.


LaTeX Warning: Citation `LADMC' on page 5 undefined on input line 504.


LaTeX Warning: Citation `pmlr-v70-ongie17a' on page 5 undefined on input line 5
04.


LaTeX Warning: Citation `FANNLMC' on page 5 undefined on input line 504.


LaTeX Warning: Citation `FANNLMC' on page 5 undefined on input line 504.


Underfull \hbox (badness 1248) in paragraph at lines 504--505
\OT1/ptm/m/n/10 We com-pare the pro-posed PMC meth-ods with LRMC
 []

[5 <./5948_fig_1ks_50-eps-converted-to.pdf>]
Underfull \hbox (badness 1314) in paragraph at lines 509--512
\OT1/ptm/m/n/10 The en-tries of $\OML/cmm/b/it/10 Z$ \OT1/ptm/m/n/10 are ran-do
mly drawn from $\OMS/cmsy/m/n/10 U\OT1/cmr/m/n/10 (\OMS/cmsy/m/n/10 ^^@\OT1/cmr
/m/n/10 1\OML/cmm/m/it/10 ; \OT1/cmr/m/n/10 1)$
 []


Underfull \hbox (badness 1533) in paragraph at lines 509--512
\OT1/ptm/m/n/10 ods to re-cover un-known en-tries. The per-for-mances of
 []

Package epstopdf Info: Source file: <5948_fig_ks_new.eps>
(epstopdf)                    date: 2019-12-15 08:08:04
(epstopdf)                    size: 934122 bytes
(epstopdf)             Output file: <5948_fig_ks_new-eps-converted-to.pdf>
(epstopdf)                    date: 2024-02-03 18:53:46
(epstopdf)                    size: 317058 bytes
(epstopdf)             Command: <miktex-epstopdf --outfile=5948_fig_ks_new-eps-
converted-to.pdf 5948_fig_ks_new.eps>
(epstopdf)             \includegraphics on input line 516.
Package epstopdf Info: Output file is already uptodate.
<5948_fig_ks_new-eps-converted-to.pdf, id=48, 522.95375pt x 264.99pt>
File: 5948_fig_ks_new-eps-converted-to.pdf Graphic file (type pdf)
<use 5948_fig_ks_new-eps-converted-to.pdf>
Package pdftex.def Info: 5948_fig_ks_new-eps-converted-to.pdf  used on input li
ne 516.
(pdftex.def)             Requested size: 241.84842pt x 122.55191pt.

Overfull \hbox (2.45404pt too wide) in paragraph at lines 516--517
 [][] 
 []


LaTeX Warning: `!h' float specifier changed to `!ht'.


LaTeX Warning: Citation `YangRobinsonVidal' on page 6 undefined on input line 5
49.


LaTeX Warning: Citation `pmlr-v70-ongie17a' on page 6 undefined on input line 5
49.


LaTeX Warning: Citation `4269999' on page 6 undefined on input line 549.


LaTeX Warning: Citation `SSC_PAMIN_2013' on page 6 undefined on input line 549.


Package epstopdf Info: Source file: <5948_fig_hopkins.eps>
(epstopdf)                    date: 2019-12-15 08:08:15
(epstopdf)                    size: 482073 bytes
(epstopdf)             Output file: <5948_fig_hopkins-eps-converted-to.pdf>
(epstopdf)                    date: 2024-02-03 18:53:48
(epstopdf)                    size: 85849 bytes
(epstopdf)             Command: <miktex-epstopdf --outfile=5948_fig_hopkins-eps
-converted-to.pdf 5948_fig_hopkins.eps>
(epstopdf)             \includegraphics on input line 553.
Package epstopdf Info: Output file is already uptodate.
<5948_fig_hopkins-eps-converted-to.pdf, id=49, 299.1175pt x 308.15125pt>
File: 5948_fig_hopkins-eps-converted-to.pdf Graphic file (type pdf)
<use 5948_fig_hopkins-eps-converted-to.pdf>
Package pdftex.def Info: 5948_fig_hopkins-eps-converted-to.pdf  used on input l
ine 553.
(pdftex.def)             Requested size: 199.16928pt x 205.186pt.

LaTeX Warning: `!h' float specifier changed to `!ht'.


LaTeX Warning: Citation `NIPS2016_6357' on page 6 undefined on input line 560.


LaTeX Warning: Citation `pmlr-v70-ongie17a' on page 6 undefined on input line 5
60.

[6 <./5948_fig_1s_new-eps-converted-to.pdf> <./5948_fig_ks_new-eps-converted-to
.pdf>]
Package epstopdf Info: Source file: <5948_fig_cmu.eps>
(epstopdf)                    date: 2019-12-15 08:08:27
(epstopdf)                    size: 330637 bytes
(epstopdf)             Output file: <5948_fig_cmu-eps-converted-to.pdf>
(epstopdf)                    date: 2024-02-03 18:53:50
(epstopdf)                    size: 63783 bytes
(epstopdf)             Command: <miktex-epstopdf --outfile=5948_fig_cmu-eps-con
verted-to.pdf 5948_fig_cmu.eps>
(epstopdf)             \includegraphics on input line 566.
Package epstopdf Info: Output file is already uptodate.
<5948_fig_cmu-eps-converted-to.pdf, id=60, 379.4175pt x 194.7275pt>
File: 5948_fig_cmu-eps-converted-to.pdf Graphic file (type pdf)
<use 5948_fig_cmu-eps-converted-to.pdf>
Package pdftex.def Info: 5948_fig_cmu-eps-converted-to.pdf  used on input line 
566.
(pdftex.def)             Requested size: 184.9429pt x 94.91812pt.

No file AAAI-FanJ.5948_changed.bbl.
[7 <./5948_fig_hopkins-eps-converted-to.pdf> <./5948_fig_cmu-eps-converted-to.p
df>] [8

] (AAAI-FanJ.5948_changed.aux)
 ***********
LaTeX2e <2023-06-01> patch level 1
L3 programming layer <2023-08-29>
 ***********


LaTeX Warning: There were multiply-defined labels.

 ) 
Here is how much of TeX's memory you used:
 4663 strings out of 475247
 73767 string characters out of 5757792
 1953801 words of memory out of 5000000
 26082 multiletter control sequences out of 15000+600000
 589474 words of font info for 105 fonts, out of 8000000 for 9000
 1141 hyphenation exceptions out of 8191
 57i,14n,65p,1307b,355s stack positions out of 10000i,1000n,20000p,200000b,200000s
<C:/Users/micha/AppData/Local/Programs/MiKTeX/fonts/type1/public/amsfonts/cm/
cmbsy10.pfb><C:/Users/micha/AppData/Local/Programs/MiKTeX/fonts/type1/public/am
sfonts/cm/cmbx10.pfb><C:/Users/micha/AppData/Local/Programs/MiKTeX/fonts/type1/
public/amsfonts/cm/cmex10.pfb><C:/Users/micha/AppData/Local/Programs/MiKTeX/fon
ts/type1/public/amsfonts/cm/cmmi10.pfb><C:/Users/micha/AppData/Local/Programs/M
iKTeX/fonts/type1/public/amsfonts/cm/cmmi5.pfb><C:/Users/micha/AppData/Local/Pr
ograms/MiKTeX/fonts/type1/public/amsfonts/cm/cmmi7.pfb><C:/Users/micha/AppData/
Local/Programs/MiKTeX/fonts/type1/public/amsfonts/cm/cmmi9.pfb><C:/Users/micha/
AppData/Local/Programs/MiKTeX/fonts/type1/public/amsfonts/cm/cmmib10.pfb><C:/Us
ers/micha/AppData/Local/Programs/MiKTeX/fonts/type1/public/amsfonts/cmextra/cmm
ib7.pfb><C:/Users/micha/AppData/Local/Programs/MiKTeX/fonts/type1/public/amsfon
ts/cmextra/cmmib9.pfb><C:/Users/micha/AppData/Local/Programs/MiKTeX/fonts/type1
/public/amsfonts/cm/cmr10.pfb><C:/Users/micha/AppData/Local/Programs/MiKTeX/fon
ts/type1/public/amsfonts/cm/cmr5.pfb><C:/Users/micha/AppData/Local/Programs/MiK
TeX/fonts/type1/public/amsfonts/cm/cmr7.pfb><C:/Users/micha/AppData/Local/Progr
ams/MiKTeX/fonts/type1/public/amsfonts/cm/cmr9.pfb><C:/Users/micha/AppData/Loca
l/Programs/MiKTeX/fonts/type1/public/amsfonts/cm/cmsy10.pfb><C:/Users/micha/App
Data/Local/Programs/MiKTeX/fonts/type1/public/amsfonts/cm/cmsy5.pfb><C:/Users/m
icha/AppData/Local/Programs/MiKTeX/fonts/type1/public/amsfonts/cm/cmsy7.pfb><C:
/Users/micha/AppData/Local/Programs/MiKTeX/fonts/type1/public/amsfonts/symbols/
msam10.pfb><C:/Users/micha/AppData/Local/Programs/MiKTeX/fonts/type1/public/ams
fonts/symbols/msbm10.pfb><C:/Users/micha/AppData/Local/Programs/MiKTeX/fonts/ty
pe1/public/amsfonts/symbols/msbm7.pfb><C:/Users/micha/AppData/Local/Programs/Mi
KTeX/fonts/type1/urw/times/utmb8a.pfb><C:/Users/micha/AppData/Local/Programs/Mi
KTeX/fonts/type1/urw/times/utmr8a.pfb><C:/Users/micha/AppData/Local/Programs/Mi
KTeX/fonts/type1/urw/times/utmri8a.pfb>
Output written on AAAI-FanJ.5948_changed.pdf (8 pages, 1297021 bytes).
PDF statistics:
 169 PDF objects out of 1000 (max. 8388607)
 0 named destinations out of 1000 (max. 500000)
 31 words of extra memory for PDF output out of 10000 (max. 10000000)

