This is pdfTeX, Version 3.141592653-2.6-1.40.25 (MiKTeX 23.9) (preloaded format=pdflatex 2023.9.22)  30 MAR 2024 17:11
entering extended mode
 restricted \write18 enabled.
 %&-line parsing enabled.
**./main_single_file_changed.tex
(main_single_file_changed.tex
LaTeX2e <2023-06-01> patch level 1
L3 programming layer <2023-08-29>
(C:\Users\micha\AppData\Local\Programs\MiKTeX\tex/latex/base\article.cls
Document Class: article 2023/05/17 v1.4n Standard LaTeX document class
(C:\Users\micha\AppData\Local\Programs\MiKTeX\tex/latex/base\size10.clo
File: size10.clo 2023/05/17 v1.4n Standard LaTeX file (size option)
)
\c@part=\count185
\c@section=\count186
\c@subsection=\count187
\c@subsubsection=\count188
\c@paragraph=\count189
\c@subparagraph=\count190
\c@figure=\count191
\c@table=\count192
\abovecaptionskip=\skip48
\belowcaptionskip=\skip49
\bibindent=\dimen140
)
(aaai18.sty
Conference Style for AAAI for LaTeX 2e -- version for the AAAI-18 conference
\titlebox=\skip50
) (C:\Users\micha\AppData\Local\Programs\MiKTeX\tex/latex/psnfss\times.sty
Package: times 2020/03/25 PSNFSS-v9.3 (SPQR) 
)
(C:\Users\micha\AppData\Local\Programs\MiKTeX\tex/latex/psnfss\helvet.sty
Package: helvet 2020/03/25 PSNFSS-v9.3 (WaS) 

(C:\Users\micha\AppData\Local\Programs\MiKTeX\tex/latex/graphics\keyval.sty
Package: keyval 2022/05/29 v1.15 key=value parser (DPC)
\KV@toks@=\toks17
))
(C:\Users\micha\AppData\Local\Programs\MiKTeX\tex/latex/psnfss\courier.sty
Package: courier 2020/03/25 PSNFSS-v9.3 (WaS) 
)
(C:\Users\micha\AppData\Local\Programs\MiKTeX\tex/latex/url\url.sty
\Urlmuskip=\muskip16
Package: url 2013/09/16  ver 3.4  Verb mode for urls, etc.
)
(C:\Users\micha\AppData\Local\Programs\MiKTeX\tex/latex/graphics\graphicx.sty
Package: graphicx 2021/09/16 v1.2d Enhanced LaTeX Graphics (DPC,SPQR)

(C:\Users\micha\AppData\Local\Programs\MiKTeX\tex/latex/graphics\graphics.sty
Package: graphics 2022/03/10 v1.4e Standard LaTeX Graphics (DPC,SPQR)

(C:\Users\micha\AppData\Local\Programs\MiKTeX\tex/latex/graphics\trig.sty
Package: trig 2021/08/11 v1.11 sin cos tan (DPC)
)
(C:\Users\micha\AppData\Local\Programs\MiKTeX\tex/latex/graphics-cfg\graphics.c
fg
File: graphics.cfg 2016/06/04 v1.11 sample graphics configuration
)
Package graphics Info: Driver file: pdftex.def on input line 107.

(C:\Users\micha\AppData\Local\Programs\MiKTeX\tex/latex/graphics-def\pdftex.def
File: pdftex.def 2022/09/22 v1.2b Graphics/color driver for pdftex
))
\Gin@req@height=\dimen141
\Gin@req@width=\dimen142
) (C:\Users\micha\AppData\Local\Programs\MiKTeX\tex/latex/amsmath\amsmath.sty
Package: amsmath 2023/05/13 v2.17o AMS math features
\@mathmargin=\skip51
For additional information on amsmath, use the `?' option.
(C:\Users\micha\AppData\Local\Programs\MiKTeX\tex/latex/amsmath\amstext.sty
Package: amstext 2021/08/26 v2.01 AMS text

(C:\Users\micha\AppData\Local\Programs\MiKTeX\tex/latex/amsmath\amsgen.sty
File: amsgen.sty 1999/11/30 v2.0 generic functions
\@emptytoks=\toks18
\ex@=\dimen143
))
(C:\Users\micha\AppData\Local\Programs\MiKTeX\tex/latex/amsmath\amsbsy.sty
Package: amsbsy 1999/11/29 v1.2d Bold Symbols
\pmbraise@=\dimen144
)
(C:\Users\micha\AppData\Local\Programs\MiKTeX\tex/latex/amsmath\amsopn.sty
Package: amsopn 2022/04/08 v2.04 operator names
)
\inf@bad=\count193
LaTeX Info: Redefining \frac on input line 234.
\uproot@=\count194
\leftroot@=\count195
LaTeX Info: Redefining \overline on input line 399.
LaTeX Info: Redefining \colon on input line 410.
\classnum@=\count196
\DOTSCASE@=\count197
LaTeX Info: Redefining \ldots on input line 496.
LaTeX Info: Redefining \dots on input line 499.
LaTeX Info: Redefining \cdots on input line 620.
\Mathstrutbox@=\box51
\strutbox@=\box52
LaTeX Info: Redefining \big on input line 722.
LaTeX Info: Redefining \Big on input line 723.
LaTeX Info: Redefining \bigg on input line 724.
LaTeX Info: Redefining \Bigg on input line 725.
\big@size=\dimen145
LaTeX Font Info:    Redeclaring font encoding OML on input line 743.
LaTeX Font Info:    Redeclaring font encoding OMS on input line 744.
\macc@depth=\count198
LaTeX Info: Redefining \bmod on input line 905.
LaTeX Info: Redefining \pmod on input line 910.
LaTeX Info: Redefining \smash on input line 940.
LaTeX Info: Redefining \relbar on input line 970.
LaTeX Info: Redefining \Relbar on input line 971.
\c@MaxMatrixCols=\count199
\dotsspace@=\muskip17
\c@parentequation=\count266
\dspbrk@lvl=\count267
\tag@help=\toks19
\row@=\count268
\column@=\count269
\maxfields@=\count270
\andhelp@=\toks20
\eqnshift@=\dimen146
\alignsep@=\dimen147
\tagshift@=\dimen148
\tagwidth@=\dimen149
\totwidth@=\dimen150
\lineht@=\dimen151
\@envbody=\toks21
\multlinegap=\skip52
\multlinetaggap=\skip53
\mathdisplay@stack=\toks22
LaTeX Info: Redefining \[ on input line 2953.
LaTeX Info: Redefining \] on input line 2954.
)
(C:\Users\micha\AppData\Local\Programs\MiKTeX\tex/latex/amsfonts\amssymb.sty
Package: amssymb 2013/01/14 v3.01 AMS font symbols

(C:\Users\micha\AppData\Local\Programs\MiKTeX\tex/latex/amsfonts\amsfonts.sty
Package: amsfonts 2013/01/14 v3.01 Basic AMSFonts support
\symAMSa=\mathgroup4
\symAMSb=\mathgroup5
LaTeX Font Info:    Redeclaring math symbol \hbar on input line 98.
LaTeX Font Info:    Overwriting math alphabet `\mathfrak' in version `bold'
(Font)                  U/euf/m/n --> U/euf/b/n on input line 106.
))
(C:\Users\micha\AppData\Local\Programs\MiKTeX\tex/latex/algorithms\algorithm.st
y
Package: algorithm 2009/08/24 v0.1 Document Style `algorithm' - floating enviro
nment
 (C:\Users\micha\AppData\Local\Programs\MiKTeX\tex/latex/float\float.sty
Package: float 2001/11/08 v1.3d Float enhancements (AL)
\c@float@type=\count271
\float@exts=\toks23
\float@box=\box53
\@float@everytoks=\toks24
\@floatcapt=\box54
)
(C:\Users\micha\AppData\Local\Programs\MiKTeX\tex/latex/base\ifthen.sty
Package: ifthen 2022/04/13 v1.1d Standard LaTeX ifthen package (DPC)
)
\@float@every@algorithm=\toks25
\c@algorithm=\count272
)
(C:\Users\micha\AppData\Local\Programs\MiKTeX\tex/latex/algorithmicx\algpseudoc
ode.sty
Package: algpseudocode 

(C:\Users\micha\AppData\Local\Programs\MiKTeX\tex/latex/algorithmicx\algorithmi
cx.sty
Package: algorithmicx 2005/04/27 v1.2 Algorithmicx

Document Style algorithmicx 1.2 - a greatly improved `algorithmic' style
\c@ALG@line=\count273
\c@ALG@rem=\count274
\c@ALG@nested=\count275
\ALG@tlm=\skip54
\ALG@thistlm=\skip55
\c@ALG@Lnr=\count276
\c@ALG@blocknr=\count277
\c@ALG@storecount=\count278
\c@ALG@tmpcounter=\count279
\ALG@tmplength=\skip56
)
Document Style - pseudocode environments for use with the `algorithmicx' style
) (C:\Users\micha\AppData\Local\Programs\MiKTeX\tex/latex/caption\caption.sty
Package: caption 2023/07/31 v3.6n Customizing captions (AR)

(C:\Users\micha\AppData\Local\Programs\MiKTeX\tex/latex/caption\caption3.sty
Package: caption3 2023/07/31 v2.4d caption3 kernel (AR)
\caption@tempdima=\dimen152
\captionmargin=\dimen153
\caption@leftmargin=\dimen154
\caption@rightmargin=\dimen155
\caption@width=\dimen156
\caption@indent=\dimen157
\caption@parindent=\dimen158
\caption@hangindent=\dimen159
Package caption Info: Standard document class detected.
)
\c@caption@flags=\count280
\c@continuedfloat=\count281
Package caption Info: float package is loaded.
)
(C:\Users\micha\AppData\Local\Programs\MiKTeX\tex/latex/subfig\subfig.sty
Package: subfig 2005/06/28 ver: 1.3 subfig package
\c@KVtest=\count282
\sf@farskip=\skip57
\sf@captopadj=\dimen160
\sf@capskip=\skip58
\sf@nearskip=\skip59
\c@subfigure=\count283
\c@subfigure@save=\count284
\c@lofdepth=\count285
\c@subtable=\count286
\c@subtable@save=\count287
\c@lotdepth=\count288
\sf@top=\skip60
\sf@bottom=\skip61
)
(C:\Users\micha\AppData\Local\Programs\MiKTeX\tex/latex/multirow\multirow.sty
Package: multirow 2021/03/15 v2.8 Span multiple rows of a table
\multirow@colwidth=\skip62
\multirow@cntb=\count289
\multirow@dima=\skip63
\bigstrutjot=\dimen161
)
LaTeX Font Info:    Trying to load font information for OT1+ptm on input line 2
5.

(C:\Users\micha\AppData\Local\Programs\MiKTeX\tex/latex/psnfss\ot1ptm.fd
File: ot1ptm.fd 2001/06/04 font definitions for OT1/ptm.
)
(C:\Users\micha\AppData\Local\Programs\MiKTeX\tex/latex/l3backend\l3backend-pdf
tex.def
File: l3backend-pdftex.def 2023-04-19 L3 backend support: PDF output (pdfTeX)
\l__color_backend_stack_int=\count290
\l__pdf_internal_box=\box55
) (main_single_file_changed.aux

LaTeX Warning: Label `fig:f1' multiply defined.


LaTeX Warning: Label `sub@fig:f1' multiply defined.


LaTeX Warning: Label `fig:f2' multiply defined.


LaTeX Warning: Label `sub@fig:f2' multiply defined.


LaTeX Warning: Label `fig:f3' multiply defined.


LaTeX Warning: Label `sub@fig:f3' multiply defined.


LaTeX Warning: Label `fig:f4' multiply defined.


LaTeX Warning: Label `sub@fig:f4' multiply defined.


LaTeX Warning: Label `tab:cifar-results' multiply defined.

)
\openout1 = `main_single_file_changed.aux'.

LaTeX Font Info:    Checking defaults for OML/cmm/m/it on input line 25.
LaTeX Font Info:    ... okay on input line 25.
LaTeX Font Info:    Checking defaults for OMS/cmsy/m/n on input line 25.
LaTeX Font Info:    ... okay on input line 25.
LaTeX Font Info:    Checking defaults for OT1/cmr/m/n on input line 25.
LaTeX Font Info:    ... okay on input line 25.
LaTeX Font Info:    Checking defaults for T1/cmr/m/n on input line 25.
LaTeX Font Info:    ... okay on input line 25.
LaTeX Font Info:    Checking defaults for TS1/cmr/m/n on input line 25.
LaTeX Font Info:    ... okay on input line 25.
LaTeX Font Info:    Checking defaults for OMX/cmex/m/n on input line 25.
LaTeX Font Info:    ... okay on input line 25.
LaTeX Font Info:    Checking defaults for U/cmr/m/n on input line 25.
LaTeX Font Info:    ... okay on input line 25.

(C:\Users\micha\AppData\Local\Programs\MiKTeX\tex/context/base/mkii\supp-pdf.mk
ii
[Loading MPS to PDF converter (version 2006.09.02).]
\scratchcounter=\count291
\scratchdimen=\dimen162
\scratchbox=\box56
\nofMPsegments=\count292
\nofMParguments=\count293
\everyMPshowfont=\toks26
\MPscratchCnt=\count294
\MPscratchDim=\dimen163
\MPnumerator=\count295
\makeMPintoPDFobject=\count296
\everyMPtoPDFconversion=\toks27
)
(C:\Users\micha\AppData\Local\Programs\MiKTeX\tex/latex/epstopdf-pkg\epstopdf-b
ase.sty
Package: epstopdf-base 2020-01-24 v2.11 Base part for package epstopdf
Package epstopdf-base Info: Redefining graphics rule for `.eps' on input line 4
85.

(C:\Users\micha\AppData\Local\Programs\MiKTeX\tex/latex/00miktex\epstopdf-sys.c
fg
File: epstopdf-sys.cfg 2021/03/18 v2.0 Configuration of epstopdf for MiKTeX
))
Package caption Info: Begin \AtBeginDocument code.
Package caption Info: subfig package v1.3 is loaded.
Package caption Info: End \AtBeginDocument code.
LaTeX Font Info:    Trying to load font information for U+msa on input line 52.

 (C:\Users\micha\AppData\Local\Programs\MiKTeX\tex/latex/amsfonts\umsa.fd
File: umsa.fd 2013/01/14 v3.01 AMS symbols A
)
LaTeX Font Info:    Trying to load font information for U+msb on input line 52.


(C:\Users\micha\AppData\Local\Programs\MiKTeX\tex/latex/amsfonts\umsb.fd
File: umsb.fd 2013/01/14 v3.01 AMS symbols B
)
LaTeX Font Info:    Trying to load font information for OT1+pcr on input line 5
2.

(C:\Users\micha\AppData\Local\Programs\MiKTeX\tex/latex/psnfss\ot1pcr.fd
File: ot1pcr.fd 2001/06/04 font definitions for OT1/pcr.
)
Overfull \vbox (8.22913pt too high) detected at line 52
 []

LaTeX Font Info:    Trying to load font information for TS1+ptm on input line 5
2.
(C:\Users\micha\AppData\Local\Programs\MiKTeX\tex/latex/psnfss\ts1ptm.fd
File: ts1ptm.fd 2001/06/04 font definitions for TS1/ptm.
)

LaTeX Warning: Citation `resnet' on page 1 undefined on input line 63.


LaTeX Warning: Citation `schroff2015facenet' on page 1 undefined on input line 
63.


LaTeX Warning: Citation `krizhevsky2012imagenet' on page 1 undefined on input l
ine 63.


LaTeX Warning: Citation `goodfellow2014explaining' on page 1 undefined on input
 line 63.


LaTeX Warning: Citation `szegedy2013intriguing' on page 1 undefined on input li
ne 63.


LaTeX Warning: Citation `srivastava2014dropout' on page 1 undefined on input li
ne 65.


LaTeX Warning: Citation `srivastava2014dropout' on page 1 undefined on input li
ne 65.


LaTeX Warning: Citation `vgg' on page 1 undefined on input line 67.


LaTeX Warning: Citation `resnet' on page 1 undefined on input line 67.


LaTeX Warning: Citation `wideresnet' on page 1 undefined on input line 67.


LaTeX Warning: Citation `icml2013_wan13' on page 1 undefined on input line 73.


LaTeX Warning: Citation `srivastava2014dropout' on page 1 undefined on input li
ne 73.


LaTeX Warning: Citation `ioffe2015batch' on page 1 undefined on input line 73.


LaTeX Warning: Citation `szegedy2013intriguing' on page 1 undefined on input li
ne 75.


LaTeX Warning: Citation `goodfellow2014explaining' on page 1 undefined on input
 line 75.


LaTeX Warning: Citation `miyato2017virtual' on page 1 undefined on input line 7
5.


LaTeX Warning: Citation `gu2014towards' on page 1 undefined on input line 75.


LaTeX Warning: Citation `papernot2016distillation' on page 1 undefined on input
 line 75.


LaTeX Warning: Citation `zheng2016improving' on page 1 undefined on input line 
75.

[1{C:/Users/micha/AppData/Local/MiKTeX/fonts/map/pdftex/pdftex.map}{C:/Users/mi
cha/AppData/Local/Programs/MiKTeX/fonts/enc/dvips/base/8r.enc}



]

LaTeX Warning: Citation `fawzi2015analysis' on page 2 undefined on input line 7
7.


LaTeX Warning: Citation `fawzi2016robustness' on page 2 undefined on input line
 77.


LaTeX Warning: Citation `WangGQ16' on page 2 undefined on input line 77.


LaTeX Warning: Citation `szegedy2013intriguing' on page 2 undefined on input li
ne 90.


LaTeX Warning: Citation `szegedy2013intriguing' on page 2 undefined on input li
ne 90.


LaTeX Warning: Citation `goodfellow2014explaining' on page 2 undefined on input
 line 95.


LaTeX Warning: Citation `understandingAT' on page 2 undefined on input line 95.


[2]

LaTeX Warning: Citation `maaten2008visualizing' on page 3 undefined on input li
ne 154.


LaTeX Warning: Citation `rifai2011contractive' on page 3 undefined on input lin
e 161.

<svalue_jacobian.png, id=19, 356.0803pt x 293.59688pt>
File: svalue_jacobian.png Graphic file (type png)
<use svalue_jacobian.png>
Package pdftex.def Info: svalue_jacobian.png  used on input line 165.
(pdftex.def)             Requested size: 106.8249pt x 88.07973pt.

LaTeX Warning: `!h' float specifier changed to `!ht'.

<eps_0_0.png, id=20, 421.575pt x 316.18124pt>
File: eps_0_0.png Graphic file (type png)
<use eps_0_0.png>
Package pdftex.def Info: eps_0_0.png  used on input line 172.
(pdftex.def)             Requested size: 96.9602pt x 72.72015pt.
<eps_0_02.png, id=21, 421.575pt x 316.18124pt>
File: eps_0_02.png Graphic file (type png)
<use eps_0_02.png>
Package pdftex.def Info: eps_0_02.png  used on input line 174.
(pdftex.def)             Requested size: 96.9602pt x 72.72015pt.
<eps_0_04.png, id=22, 421.575pt x 316.18124pt>
File: eps_0_04.png Graphic file (type png)
<use eps_0_04.png>
Package pdftex.def Info: eps_0_04.png  used on input line 176.
(pdftex.def)             Requested size: 96.9602pt x 72.72015pt.
<eps_0_06.png, id=23, 421.575pt x 316.18124pt>
File: eps_0_06.png Graphic file (type png)
<use eps_0_06.png>
Package pdftex.def Info: eps_0_06.png  used on input line 178.
(pdftex.def)             Requested size: 96.9602pt x 72.72015pt.
File: eps_0_0.png Graphic file (type png)
<use eps_0_0.png>
Package pdftex.def Info: eps_0_0.png  used on input line 180.
(pdftex.def)             Requested size: 96.9602pt x 72.72015pt.
<eps_0_02_random.png, id=24, 421.575pt x 316.18124pt>
File: eps_0_02_random.png Graphic file (type png)
<use eps_0_02_random.png>
Package pdftex.def Info: eps_0_02_random.png  used on input line 182.
(pdftex.def)             Requested size: 96.9602pt x 72.72015pt.
<eps_0_04_random.png, id=25, 421.575pt x 316.18124pt>
File: eps_0_04_random.png Graphic file (type png)
<use eps_0_04_random.png>
Package pdftex.def Info: eps_0_04_random.png  used on input line 184.
(pdftex.def)             Requested size: 96.9602pt x 72.72015pt.
<eps_0_06_random.png, id=26, 421.575pt x 316.18124pt>
File: eps_0_06_random.png Graphic file (type png)
<use eps_0_06_random.png>
Package pdftex.def Info: eps_0_06_random.png  used on input line 186.
(pdftex.def)             Requested size: 96.9602pt x 72.72015pt.

LaTeX Warning: Citation `sra2012optimization' on page 3 undefined on input line
 192.


LaTeX Warning: Citation `understandingAT' on page 3 undefined on input line 192
.


LaTeX Warning: Citation `goodfellow2014explaining' on page 3 undefined on input
 line 192.

[3]

LaTeX Warning: Citation `krizhevsky2009learning' on page 4 undefined on input l
ine 202.


LaTeX Warning: Citation `ResNetTorch' on page 4 undefined on input line 202.


LaTeX Warning: Citation `VGGTorch' on page 4 undefined on input line 202.

[4 <./svalue_jacobian.png>]
<cifar10-vgg-nodrop-flip.png, id=33, 1006.7211pt x 514.5624pt>
File: cifar10-vgg-nodrop-flip.png Graphic file (type png)
<use cifar10-vgg-nodrop-flip.png>
Package pdftex.def Info: cifar10-vgg-nodrop-flip.png  used on input line 233.
(pdftex.def)             Requested size: 201.34065pt x 102.91064pt.
<cifar100-vgg-nodrop-flip.png, id=35, 1011.0573pt x 515.2851pt>
File: cifar100-vgg-nodrop-flip.png Graphic file (type png)
<use cifar100-vgg-nodrop-flip.png>
Package pdftex.def Info: cifar100-vgg-nodrop-flip.png  used on input line 234.
(pdftex.def)             Requested size: 202.20787pt x 103.05519pt.


LaTeX Warning: Citation `AlexnetTorch' on page 5 undefined on input line 239.


Underfull \hbox (badness 5787) in paragraph at lines 248--248
[]\OT1/ptm/m/n/10 Table 2: |Com-par-i-son of clas-si-fi-ca-tion ac-cu-racy (%)
 []

[5 <./eps_0_0.png (PNG copy)> <./eps_0_02.png (PNG copy)> <./eps_0_04.png (PNG 
copy)> <./eps_0_06.png (PNG copy)> <./eps_0_02_random.png (PNG copy)> <./eps_0_
04_random.png (PNG copy)> <./eps_0_06_random.png (PNG copy)>]

LaTeX Warning: Citation `szegedy2013intriguing' on page 6 undefined on input li
ne 287.


LaTeX Warning: Citation `szegedy2013intriguing' on page 6 undefined on input li
ne 287.


LaTeX Warning: Citation `goodfellow2014explaining' on page 6 undefined on input
 line 306.


LaTeX Warning: Citation `goodfellow2014explaining' on page 6 undefined on input
 line 312.


LaTeX Warning: Citation `goodfellow2014explaining' on page 6 undefined on input
 line 313.


LaTeX Warning: Citation `goodfellow2014explaining' on page 6 undefined on input
 line 337.


LaTeX Warning: `!h' float specifier changed to `!ht'.

[6 <./cifar10-vgg-nodrop-flip.png> <./cifar100-vgg-nodrop-flip.png>]

LaTeX Warning: Citation `wideresnet' on page 7 undefined on input line 362.


LaTeX Warning: Citation `wideresnet' on page 7 undefined on input line 362.


LaTeX Warning: Citation `wideresnet' on page 7 undefined on input line 362.


Underfull \vbox (badness 10000) has occurred while \output is active []



LaTeX Warning: Citation `serdyuk2016invariant' on page 7 undefined on input lin
e 366.


LaTeX Warning: Citation `carlini_speech' on page 7 undefined on input line 366.



LaTeX Warning: Citation `miyato_NLP' on page 7 undefined on input line 366.


LaTeX Warning: Citation `szegedy2013intriguing' on page 7 undefined on input li
ne 372.

No file main_single_file_changed.bbl.
[7] [8

] (main_single_file_changed.aux)
 ***********
LaTeX2e <2023-06-01> patch level 1
L3 programming layer <2023-08-29>
 ***********


LaTeX Warning: There were multiply-defined labels.

 ) 
Here is how much of TeX's memory you used:
 5192 strings out of 475247
 86378 string characters out of 5757792
 1949801 words of memory out of 5000000
 26651 multiletter control sequences out of 15000+600000
 577906 words of font info for 79 fonts, out of 8000000 for 9000
 1141 hyphenation exceptions out of 8191
 57i,12n,65p,1978b,433s stack positions out of 10000i,1000n,20000p,200000b,200000s
<C:/Users/micha/AppData/Local/Programs/MiKTeX/fonts/type1/public/amsfonts/cm/
cmmi10.pfb><C:/Users/micha/AppData/Local/Programs/MiKTeX/fonts/type1/public/ams
fonts/cm/cmmi7.pfb><C:/Users/micha/AppData/Local/Programs/MiKTeX/fonts/type1/pu
blic/amsfonts/cm/cmmi9.pfb><C:/Users/micha/AppData/Local/Programs/MiKTeX/fonts/
type1/public/amsfonts/cm/cmr10.pfb><C:/Users/micha/AppData/Local/Programs/MiKTe
X/fonts/type1/public/amsfonts/cm/cmr7.pfb><C:/Users/micha/AppData/Local/Program
s/MiKTeX/fonts/type1/public/amsfonts/cm/cmr9.pfb><C:/Users/micha/AppData/Local/
Programs/MiKTeX/fonts/type1/public/amsfonts/cm/cmsy10.pfb><C:/Users/micha/AppDa
ta/Local/Programs/MiKTeX/fonts/type1/public/amsfonts/cm/cmsy7.pfb><C:/Users/mic
ha/AppData/Local/Programs/MiKTeX/fonts/type1/public/amsfonts/symbols/msbm10.pfb
><C:/Users/micha/AppData/Local/Programs/MiKTeX/fonts/type1/urw/courier/ucrr8a.p
fb><C:/Users/micha/AppData/Local/Programs/MiKTeX/fonts/type1/urw/times/utmb8a.p
fb><C:/Users/micha/AppData/Local/Programs/MiKTeX/fonts/type1/urw/times/utmr8a.p
fb><C:/Users/micha/AppData/Local/Programs/MiKTeX/fonts/type1/urw/times/utmri8a.
pfb>
Output written on main_single_file_changed.pdf (8 pages, 611050 bytes).
PDF statistics:
 108 PDF objects out of 1000 (max. 8388607)
 0 named destinations out of 1000 (max. 500000)
 51 words of extra memory for PDF output out of 10000 (max. 10000000)

