This is pdfTeX, Version 3.141592653-2.6-1.40.25 (MiKTeX 23.9) (preloaded format=pdflatex 2023.9.22)  30 MAR 2024 17:25
entering extended mode
 restricted \write18 enabled.
 %&-line parsing enabled.
**./anonymous-submission-latex-2024_changed.tex
(anonymous-submission-latex-2024_changed.tex
LaTeX2e <2023-06-01> patch level 1
L3 programming layer <2023-08-29>
(C:\Users\micha\AppData\Local\Programs\MiKTeX\tex/latex/base\article.cls
Document Class: article 2023/05/17 v1.4n Standard LaTeX document class
(C:\Users\micha\AppData\Local\Programs\MiKTeX\tex/latex/base\size10.clo
File: size10.clo 2023/05/17 v1.4n Standard LaTeX file (size option)
)
\c@part=\count185
\c@section=\count186
\c@subsection=\count187
\c@subsubsection=\count188
\c@paragraph=\count189
\c@subparagraph=\count190
\c@figure=\count191
\c@table=\count192
\abovecaptionskip=\skip48
\belowcaptionskip=\skip49
\bibindent=\dimen140
)
(aaai24.sty
Package: aaai24 2023/06/26 AAAI 2024 Submission format

Conference Style for AAAI for LaTeX 2e -- version for submission
\titlebox=\skip50
) (C:\Users\micha\AppData\Local\Programs\MiKTeX\tex/latex/psnfss\times.sty
Package: times 2020/03/25 PSNFSS-v9.3 (SPQR) 
)
(C:\Users\micha\AppData\Local\Programs\MiKTeX\tex/latex/psnfss\helvet.sty
Package: helvet 2020/03/25 PSNFSS-v9.3 (WaS) 

(C:\Users\micha\AppData\Local\Programs\MiKTeX\tex/latex/graphics\keyval.sty
Package: keyval 2022/05/29 v1.15 key=value parser (DPC)
\KV@toks@=\toks17
))
(C:\Users\micha\AppData\Local\Programs\MiKTeX\tex/latex/psnfss\courier.sty
Package: courier 2020/03/25 PSNFSS-v9.3 (WaS) 
)
(C:\Users\micha\AppData\Local\Programs\MiKTeX\tex/latex/url\url.sty
\Urlmuskip=\muskip16
Package: url 2013/09/16  ver 3.4  Verb mode for urls, etc.
)
(C:\Users\micha\AppData\Local\Programs\MiKTeX\tex/latex/graphics\graphicx.sty
Package: graphicx 2021/09/16 v1.2d Enhanced LaTeX Graphics (DPC,SPQR)

(C:\Users\micha\AppData\Local\Programs\MiKTeX\tex/latex/graphics\graphics.sty
Package: graphics 2022/03/10 v1.4e Standard LaTeX Graphics (DPC,SPQR)

(C:\Users\micha\AppData\Local\Programs\MiKTeX\tex/latex/graphics\trig.sty
Package: trig 2021/08/11 v1.11 sin cos tan (DPC)
)
(C:\Users\micha\AppData\Local\Programs\MiKTeX\tex/latex/graphics-cfg\graphics.c
fg
File: graphics.cfg 2016/06/04 v1.11 sample graphics configuration
)
Package graphics Info: Driver file: pdftex.def on input line 107.

(C:\Users\micha\AppData\Local\Programs\MiKTeX\tex/latex/graphics-def\pdftex.def
File: pdftex.def 2022/09/22 v1.2b Graphics/color driver for pdftex
))
\Gin@req@height=\dimen141
\Gin@req@width=\dimen142
) (C:\Users\micha\AppData\Local\Programs\MiKTeX\tex/latex/natbib\natbib.sty
Package: natbib 2010/09/13 8.31b (PWD, AO)
\bibhang=\skip51
\bibsep=\skip52
LaTeX Info: Redefining \cite on input line 694.
\c@NAT@ctr=\count193
)
(C:\Users\micha\AppData\Local\Programs\MiKTeX\tex/latex/caption\caption.sty
Package: caption 2023/07/31 v3.6n Customizing captions (AR)

(C:\Users\micha\AppData\Local\Programs\MiKTeX\tex/latex/caption\caption3.sty
Package: caption3 2023/07/31 v2.4d caption3 kernel (AR)
\caption@tempdima=\dimen143
\captionmargin=\dimen144
\caption@leftmargin=\dimen145
\caption@rightmargin=\dimen146
\caption@width=\dimen147
\caption@indent=\dimen148
\caption@parindent=\dimen149
\caption@hangindent=\dimen150
Package caption Info: Standard document class detected.
)
\c@caption@flags=\count194
\c@continuedfloat=\count195
)
(C:\Users\micha\AppData\Local\Programs\MiKTeX\tex/latex/xcolor\xcolor.sty
Package: xcolor 2022/06/12 v2.14 LaTeX color extensions (UK)

(C:\Users\micha\AppData\Local\Programs\MiKTeX\tex/latex/graphics-cfg\color.cfg
File: color.cfg 2016/01/02 v1.6 sample color configuration
)
Package xcolor Info: Driver file: pdftex.def on input line 227.
(C:\Users\micha\AppData\Local\Programs\MiKTeX\tex/latex/graphics\mathcolor.ltx)
Package xcolor Info: Model `cmy' substituted by `cmy0' on input line 1353.
Package xcolor Info: Model `hsb' substituted by `rgb' on input line 1357.
Package xcolor Info: Model `RGB' extended on input line 1369.
Package xcolor Info: Model `HTML' substituted by `rgb' on input line 1371.
Package xcolor Info: Model `Hsb' substituted by `hsb' on input line 1372.
Package xcolor Info: Model `tHsb' substituted by `hsb' on input line 1373.
Package xcolor Info: Model `HSB' substituted by `hsb' on input line 1374.
Package xcolor Info: Model `Gray' substituted by `gray' on input line 1375.
Package xcolor Info: Model `wave' substituted by `hsb' on input line 1376.
(C:\Users\micha\AppData\Local\Programs\MiKTeX\tex/latex/graphics\dvipsnam.def
File: dvipsnam.def 2016/06/17 v3.0m Driver-dependent file (DPC,SPQR)
)) (C:\Users\micha\AppData\Local\Programs\MiKTeX\tex/latex/paralist\paralist.st
y
Package: paralist 2017/01/22 v2.7 Extended list environments
\pltopsep=\skip53
\plpartopsep=\skip54
\plitemsep=\skip55
\plparsep=\skip56
\pl@lab=\toks18
) (C:\Users\micha\AppData\Local\Programs\MiKTeX\tex/latex/enumitem\enumitem.sty
Package: enumitem 2019/06/20 v3.9 Customized lists
\labelindent=\skip57
\enit@outerparindent=\dimen151
\enit@toks=\toks19
\enit@inbox=\box51
\enit@count@id=\count196
\enitdp@description=\count197
) (C:\Users\micha\AppData\Local\Programs\MiKTeX\tex/latex/multirow\multirow.sty
Package: multirow 2021/03/15 v2.8 Span multiple rows of a table
\multirow@colwidth=\skip58
\multirow@cntb=\count198
\multirow@dima=\skip59
\bigstrutjot=\dimen152
) (C:\Users\micha\AppData\Local\Programs\MiKTeX\tex/latex/amsmath\amsmath.sty
Package: amsmath 2023/05/13 v2.17o AMS math features
\@mathmargin=\skip60

For additional information on amsmath, use the `?' option.
(C:\Users\micha\AppData\Local\Programs\MiKTeX\tex/latex/amsmath\amstext.sty
Package: amstext 2021/08/26 v2.01 AMS text

(C:\Users\micha\AppData\Local\Programs\MiKTeX\tex/latex/amsmath\amsgen.sty
File: amsgen.sty 1999/11/30 v2.0 generic functions
\@emptytoks=\toks20
\ex@=\dimen153
))
(C:\Users\micha\AppData\Local\Programs\MiKTeX\tex/latex/amsmath\amsbsy.sty
Package: amsbsy 1999/11/29 v1.2d Bold Symbols
\pmbraise@=\dimen154
)
(C:\Users\micha\AppData\Local\Programs\MiKTeX\tex/latex/amsmath\amsopn.sty
Package: amsopn 2022/04/08 v2.04 operator names
)
\inf@bad=\count199
LaTeX Info: Redefining \frac on input line 234.
\uproot@=\count266
\leftroot@=\count267
LaTeX Info: Redefining \overline on input line 399.
LaTeX Info: Redefining \colon on input line 410.
\classnum@=\count268
\DOTSCASE@=\count269
LaTeX Info: Redefining \ldots on input line 496.
LaTeX Info: Redefining \dots on input line 499.
LaTeX Info: Redefining \cdots on input line 620.
\Mathstrutbox@=\box52
\strutbox@=\box53
LaTeX Info: Redefining \big on input line 722.
LaTeX Info: Redefining \Big on input line 723.
LaTeX Info: Redefining \bigg on input line 724.
LaTeX Info: Redefining \Bigg on input line 725.
\big@size=\dimen155
LaTeX Font Info:    Redeclaring font encoding OML on input line 743.
LaTeX Font Info:    Redeclaring font encoding OMS on input line 744.
\macc@depth=\count270
LaTeX Info: Redefining \bmod on input line 905.
LaTeX Info: Redefining \pmod on input line 910.
LaTeX Info: Redefining \smash on input line 940.
LaTeX Info: Redefining \relbar on input line 970.
LaTeX Info: Redefining \Relbar on input line 971.
\c@MaxMatrixCols=\count271
\dotsspace@=\muskip17
\c@parentequation=\count272
\dspbrk@lvl=\count273
\tag@help=\toks21
\row@=\count274
\column@=\count275
\maxfields@=\count276
\andhelp@=\toks22
\eqnshift@=\dimen156
\alignsep@=\dimen157
\tagshift@=\dimen158
\tagwidth@=\dimen159
\totwidth@=\dimen160
\lineht@=\dimen161
\@envbody=\toks23
\multlinegap=\skip61
\multlinetaggap=\skip62
\mathdisplay@stack=\toks24
LaTeX Info: Redefining \[ on input line 2953.
LaTeX Info: Redefining \] on input line 2954.
)
(C:\Users\micha\AppData\Local\Programs\MiKTeX\tex/latex/amscls\amsthm.sty
Package: amsthm 2020/05/29 v2.20.6
\thm@style=\toks25
\thm@bodyfont=\toks26
\thm@headfont=\toks27
\thm@notefont=\toks28
\thm@headpunct=\toks29
\thm@preskip=\skip63
\thm@postskip=\skip64
\thm@headsep=\skip65
\dth@everypar=\toks30
)
(C:\Users\micha\AppData\Local\Programs\MiKTeX\tex/latex/amsfonts\amssymb.sty
Package: amssymb 2013/01/14 v3.01 AMS font symbols

(C:\Users\micha\AppData\Local\Programs\MiKTeX\tex/latex/amsfonts\amsfonts.sty
Package: amsfonts 2013/01/14 v3.01 Basic AMSFonts support
\symAMSa=\mathgroup4
\symAMSb=\mathgroup5
LaTeX Font Info:    Redeclaring math symbol \hbar on input line 98.
LaTeX Font Info:    Overwriting math alphabet `\mathfrak' in version `bold'
(Font)                  U/euf/m/n --> U/euf/b/n on input line 106.
)) (C:\Users\micha\AppData\Local\Programs\MiKTeX\tex/latex/caption\subcaption.s
ty
Package: subcaption 2023/07/28 v1.6b Sub-captions (AR)
Package caption Info: New subtype `subfigure' on input line 238.
\c@subfigure=\count277
Package caption Info: New subtype `subtable' on input line 238.
\c@subtable=\count278
) (C:\Users\micha\AppData\Local\Programs\MiKTeX\tex/latex/comment\comment.sty
\CommentStream=\write3

Excluding comment 'comment')
(C:\Users\micha\AppData\Local\Programs\MiKTeX\tex/latex/units\nicefrac.sty
Package: nicefrac 1998/08/04 v0.9b Nice fractions
\L@UnitsRaiseDisplaystyle=\skip66
\L@UnitsRaiseTextstyle=\skip67
\L@UnitsRaiseScriptstyle=\skip68

(C:\Users\micha\AppData\Local\Programs\MiKTeX\tex/latex/base\ifthen.sty
Package: ifthen 2022/04/13 v1.1d Standard LaTeX ifthen package (DPC)
))
(C:\Users\micha\AppData\Local\Programs\MiKTeX\tex/latex/booktabs\booktabs.sty
Package: booktabs 2020/01/12 v1.61803398 Publication quality tables
\heavyrulewidth=\dimen162
\lightrulewidth=\dimen163
\cmidrulewidth=\dimen164
\belowrulesep=\dimen165
\belowbottomsep=\dimen166
\aboverulesep=\dimen167
\abovetopsep=\dimen168
\cmidrulesep=\dimen169
\cmidrulekern=\dimen170
\defaultaddspace=\dimen171
\@cmidla=\count279
\@cmidlb=\count280
\@aboverulesep=\dimen172
\@belowrulesep=\dimen173
\@thisruleclass=\count281
\@lastruleclass=\count282
\@thisrulewidth=\dimen174
)
\c@prop=\count283
\c@thm=\count284

(math_commands.tex
(C:\Users\micha\AppData\Local\Programs\MiKTeX\tex/latex/tools\bm.sty
Package: bm 2022/01/05 v1.2f Bold Symbol Support (DPC/FMi)
\symboldoperators=\mathgroup6
\symboldletters=\mathgroup7
\symboldsymbols=\mathgroup8
Package bm Info: No bold for \OMX/cmex/m/n, using \pmb.
Package bm Info: No bold for \U/msa/m/n, using \pmb.
Package bm Info: No bold for \U/msb/m/n, using \pmb.
LaTeX Font Info:    Redeclaring math alphabet \mathbf on input line 149.
)
LaTeX Font Info:    Overwriting math alphabet `\mathsfit' in version `bold'
(Font)                  OT1/phv/m/sl --> OT1/phv/bx/n on input line 314.
)
Excluding 'comment' comment.
LaTeX Font Info:    Trying to load font information for OT1+ptm on input line 1
91.

(C:\Users\micha\AppData\Local\Programs\MiKTeX\tex/latex/psnfss\ot1ptm.fd
File: ot1ptm.fd 2001/06/04 font definitions for OT1/ptm.
)
(C:\Users\micha\AppData\Local\Programs\MiKTeX\tex/latex/l3backend\l3backend-pdf
tex.def
File: l3backend-pdftex.def 2023-04-19 L3 backend support: PDF output (pdfTeX)
\l__color_backend_stack_int=\count285
\l__pdf_internal_box=\box54
) (anonymous-submission-latex-2024_changed.aux)
\openout1 = `anonymous-submission-latex-2024_changed.aux'.

LaTeX Font Info:    Checking defaults for OML/cmm/m/it on input line 191.
LaTeX Font Info:    ... okay on input line 191.
LaTeX Font Info:    Checking defaults for OMS/cmsy/m/n on input line 191.
LaTeX Font Info:    ... okay on input line 191.
LaTeX Font Info:    Checking defaults for OT1/cmr/m/n on input line 191.
LaTeX Font Info:    ... okay on input line 191.
LaTeX Font Info:    Checking defaults for T1/cmr/m/n on input line 191.
LaTeX Font Info:    ... okay on input line 191.
LaTeX Font Info:    Checking defaults for TS1/cmr/m/n on input line 191.
LaTeX Font Info:    ... okay on input line 191.
LaTeX Font Info:    Checking defaults for OMX/cmex/m/n on input line 191.
LaTeX Font Info:    ... okay on input line 191.
LaTeX Font Info:    Checking defaults for U/cmr/m/n on input line 191.
LaTeX Font Info:    ... okay on input line 191.

(C:\Users\micha\AppData\Local\Programs\MiKTeX\tex/context/base/mkii\supp-pdf.mk
ii
[Loading MPS to PDF converter (version 2006.09.02).]
\scratchcounter=\count286
\scratchdimen=\dimen175
\scratchbox=\box55
\nofMPsegments=\count287
\nofMParguments=\count288
\everyMPshowfont=\toks31
\MPscratchCnt=\count289
\MPscratchDim=\dimen176
\MPnumerator=\count290
\makeMPintoPDFobject=\count291
\everyMPtoPDFconversion=\toks32
)
(C:\Users\micha\AppData\Local\Programs\MiKTeX\tex/latex/epstopdf-pkg\epstopdf-b
ase.sty
Package: epstopdf-base 2020-01-24 v2.11 Base part for package epstopdf
Package epstopdf-base Info: Redefining graphics rule for `.eps' on input line 4
85.

(C:\Users\micha\AppData\Local\Programs\MiKTeX\tex/latex/00miktex\epstopdf-sys.c
fg
File: epstopdf-sys.cfg 2021/03/18 v2.0 Configuration of epstopdf for MiKTeX
))
Package caption Info: Begin \AtBeginDocument code.
Package caption Info: End \AtBeginDocument code.
\c@eqfn=\count292
\titlearea=\box56
LaTeX Font Info:    Trying to load font information for U+msa on input line 193
.
 (C:\Users\micha\AppData\Local\Programs\MiKTeX\tex/latex/amsfonts\umsa.fd
File: umsa.fd 2013/01/14 v3.01 AMS symbols A
)
LaTeX Font Info:    Trying to load font information for U+msb on input line 193
.

(C:\Users\micha\AppData\Local\Programs\MiKTeX\tex/latex/amsfonts\umsb.fd
File: umsb.fd 2013/01/14 v3.01 AMS symbols B
)
\actualheight=\skip69


Package natbib Warning: Citation `GadeGKMT20' on page 1 undefined on input line
 222.


Package natbib Warning: Citation `Tang2021shap' on page 1 undefined on input li
ne 222.


Package natbib Warning: Citation `Yap2021rna' on page 1 undefined on input line
 222.


Package natbib Warning: Citation `Oviedo2022' on page 1 undefined on input line
 222.


Package natbib Warning: Citation `OhJ20a' on page 1 undefined on input line 222
.


Package natbib Warning: Citation `zeiler2015deconv' on page 1 undefined on inpu
t line 223.


Package natbib Warning: Citation `simonyan2014deep' on page 1 undefined on inpu
t line 223.


Package natbib Warning: Citation `bach2015lrp' on page 1 undefined on input lin
e 223.


Package natbib Warning: Citation `Selvaraju_2019' on page 1 undefined on input 
line 223.


Package natbib Warning: Citation `Chattopadhay_2018' on page 1 undefined on inp
ut line 223.


Package natbib Warning: Citation `SundararajanTY17' on page 1 undefined on inpu
t line 223.


Package natbib Warning: Citation `shrikumar2017just' on page 1 undefined on inp
ut line 223.


Package natbib Warning: Citation `smilkov2017smoothgrad' on page 1 undefined on
 input line 223.


Package natbib Warning: Citation `lundberg2017unified' on page 1 undefined on i
nput line 223.


Package natbib Warning: Citation `lipton2018mythos' on page 1 undefined on inpu
t line 223.


Package natbib Warning: Citation `samek_explainable_2019' on page 1 undefined o
n input line 223.


Package natbib Warning: Citation `fan_interpretability_2021' on page 1 undefine
d on input line 223.


Package natbib Warning: Citation `zhang_survey_2020' on page 1 undefined on inp
ut line 223.


Package natbib Warning: Citation `chen2019robust' on page 1 undefined on input 
line 224.


Package natbib Warning: Citation `sarkar2020enhanced' on page 1 undefined on in
put line 224.


Package natbib Warning: Citation `Wang22Kendall' on page 1 undefined on input l
ine 224.


Package natbib Warning: Citation `agarwal2022rethinking' on page 1 undefined on
 input line 224.


Package natbib Warning: Citation `Biggio_2013' on page 1 undefined on input lin
e 254.


Package natbib Warning: Citation `szegedy2014intriguing' on page 1 undefined on
 input line 254.


Package natbib Warning: Citation `goodfellow15fgsm' on page 1 undefined on inpu
t line 254.


Package natbib Warning: Citation `madry2019deep' on page 1 undefined on input l
ine 255.


Package natbib Warning: Citation `ozdag2018advsurvey' on page 1 undefined on in
put line 256.


Package natbib Warning: Citation `silva2020advrobustsurvey' on page 1 undefined
 on input line 256.


Package natbib Warning: Citation `ghorbani2018interpretation' on page 1 undefin
ed on input line 256.


Package natbib Warning: Citation `chen2019robust' on page 1 undefined on input 
line 256.


Package natbib Warning: Citation `slack2020fooling' on page 1 undefined on inpu
t line 256.


Package natbib Warning: Citation `sarkar2020enhanced' on page 1 undefined on in
put line 256.


Package natbib Warning: Citation `lakkaraju2020icml' on page 1 undefined on inp
ut line 256.


Package natbib Warning: Citation `slack2021neurips-a' on page 1 undefined on in
put line 256.


Package natbib Warning: Citation `slack2021neurips-b' on page 1 undefined on in
put line 256.


Package natbib Warning: Citation `ghorbani2018interpretation' on page 1 undefin
ed on input line 256.


Package natbib Warning: Citation `chen2019robust' on page 1 undefined on input 
line 257.


Package natbib Warning: Citation `singh2020attributional' on page 1 undefined o
n input line 257.


Package natbib Warning: Citation `wang2020smoothed' on page 1 undefined on inpu
t line 257.


Package natbib Warning: Citation `sarkar2020enhanced' on page 1 undefined on in
put line 257.

<./images/flower_10_image_pert.pdf, id=1, 92.5056pt x 92.5056pt>
File: ./images/flower_10_image_pert.pdf Graphic file (type pdf)
<use ./images/flower_10_image_pert.pdf>
Package pdftex.def Info: ./images/flower_10_image_pert.pdf  used on input line 
292.
(pdftex.def)             Requested size: 75.8804pt x 75.88472pt.
<./images/flower_10_topk_nat_orig.pdf, id=2, 92.5056pt x 92.5056pt>
File: ./images/flower_10_topk_nat_orig.pdf Graphic file (type pdf)
<use ./images/flower_10_topk_nat_orig.pdf>
Package pdftex.def Info: ./images/flower_10_topk_nat_orig.pdf  used on input li
ne 293.
(pdftex.def)             Requested size: 75.8804pt x 75.88472pt.
<./images/flower_10_topk_nat_pert.pdf, id=3, 92.5056pt x 92.5056pt>
File: ./images/flower_10_topk_nat_pert.pdf Graphic file (type pdf)
<use ./images/flower_10_topk_nat_pert.pdf>
Package pdftex.def Info: ./images/flower_10_topk_nat_pert.pdf  used on input li
ne 294.
(pdftex.def)             Requested size: 75.8804pt x 75.88472pt.
<./images/flower_4_image_pert.pdf, id=4, 92.5056pt x 92.5056pt>
File: ./images/flower_4_image_pert.pdf Graphic file (type pdf)
<use ./images/flower_4_image_pert.pdf>
Package pdftex.def Info: ./images/flower_4_image_pert.pdf  used on input line 2
95.
(pdftex.def)             Requested size: 75.8804pt x 75.88472pt.
<./images/flower_4_topk_nat_orig.pdf, id=5, 92.5056pt x 92.5056pt>
File: ./images/flower_4_topk_nat_orig.pdf Graphic file (type pdf)
<use ./images/flower_4_topk_nat_orig.pdf>
Package pdftex.def Info: ./images/flower_4_topk_nat_orig.pdf  used on input lin
e 296.
(pdftex.def)             Requested size: 75.8804pt x 75.88472pt.
<./images/flower_4_topk_nat_pert.pdf, id=6, 92.5056pt x 92.5056pt>
File: ./images/flower_4_topk_nat_pert.pdf Graphic file (type pdf)
<use ./images/flower_4_topk_nat_pert.pdf>
Package pdftex.def Info: ./images/flower_4_topk_nat_pert.pdf  used on input lin
e 297.
(pdftex.def)             Requested size: 75.8804pt x 75.88472pt.
<./images/flower_18_image_pert.pdf, id=7, 92.5056pt x 92.5056pt>
File: ./images/flower_18_image_pert.pdf Graphic file (type pdf)
<use ./images/flower_18_image_pert.pdf>
Package pdftex.def Info: ./images/flower_18_image_pert.pdf  used on input line 
298.
(pdftex.def)             Requested size: 75.8804pt x 75.88472pt.
<./images/flower_18_topk_nat_orig.pdf, id=8, 92.5056pt x 92.5056pt>
File: ./images/flower_18_topk_nat_orig.pdf Graphic file (type pdf)
<use ./images/flower_18_topk_nat_orig.pdf>
Package pdftex.def Info: ./images/flower_18_topk_nat_orig.pdf  used on input li
ne 299.
(pdftex.def)             Requested size: 75.8804pt x 75.88472pt.
<./images/flower_18_topk_nat_pert.pdf, id=9, 92.5056pt x 92.5056pt>
File: ./images/flower_18_topk_nat_pert.pdf Graphic file (type pdf)
<use ./images/flower_18_topk_nat_pert.pdf>
Package pdftex.def Info: ./images/flower_18_topk_nat_pert.pdf  used on input li
ne 300.
(pdftex.def)             Requested size: 75.8804pt x 75.88472pt.

Package natbib Warning: Citation `ghorbani2018interpretation' on page 1 undefin
ed on input line 302.


Package natbib Warning: Citation `ghorbani2018interpretation' on page 1 undefin
ed on input line 302.


LaTeX Warning: Reference `app:subsec:rand-vec' on page 1 undefined on input lin
e 314.

LaTeX Font Info:    Trying to load font information for TS1+ptm on input line 3
18.
(C:\Users\micha\AppData\Local\Programs\MiKTeX\tex/latex/psnfss\ts1ptm.fd
File: ts1ptm.fd 2001/06/04 font definitions for TS1/ptm.
)
Underfull \vbox (badness 1400) has occurred while \output is active []

 [1{C:/Users/micha/AppData/Local/MiKTeX/fonts/map/pdftex/pdftex.map}{C:/Users/m
icha/AppData/Local/Programs/MiKTeX/fonts/enc/dvips/base/8r.enc}



]
Underfull \hbox (badness 1107) in paragraph at lines 321--322
[]\OT1/ptm/m/n/10 In or-der to ad-dress this is-sue, we pro-pose Locality-
 []


Underfull \hbox (badness 7379) in paragraph at lines 321--322
\OT1/ptm/m/n/10 sENSitive (LENS) im-prove-ments of ex-ist-ing met-
 []


Underfull \hbox (badness 3439) in paragraph at lines 323--324
[]\OT1/ptm/m/n/10 Our com-pre-hen-sive em-pir-i-cal re-sults on bench-mark
 []


Package natbib Warning: Citation `molnar2019' on page 2 undefined on input line
 337.


Package natbib Warning: Citation `xaitutorial' on page 2 undefined on input lin
e 337.


Package natbib Warning: Citation `simonyan2014deep' on page 2 undefined on inpu
t line 337.


Package natbib Warning: Citation `ZeilerF14' on page 2 undefined on input line 
337.


Package natbib Warning: Citation `springenberg2015striving' on page 2 undefined
 on input line 337.


Package natbib Warning: Citation `ZhouKLOT16' on page 2 undefined on input line
 337.


Package natbib Warning: Citation `Selvaraju_2019' on page 2 undefined on input 
line 337.


Package natbib Warning: Citation `Chattopadhay_2018' on page 2 undefined on inp
ut line 337.


Package natbib Warning: Citation `ribeiro2016why' on page 2 undefined on input 
line 337.


Package natbib Warning: Citation `shrikumar2017just' on page 2 undefined on inp
ut line 337.


Package natbib Warning: Citation `shrikumar2019learning' on page 2 undefined on
 input line 337.


Package natbib Warning: Citation `bach2015lrp' on page 2 undefined on input lin
e 337.


Package natbib Warning: Citation `SundararajanTY17' on page 2 undefined on inpu
t line 337.


Package natbib Warning: Citation `smilkov2017smoothgrad' on page 2 undefined on
 input line 337.


Package natbib Warning: Citation `lundberg2017unified' on page 2 undefined on i
nput line 337.


Package natbib Warning: Citation `kim2018interpretability' on page 2 undefined 
on input line 337.


Package natbib Warning: Citation `xaitutorial' on page 2 undefined on input lin
e 337.


Package natbib Warning: Citation `molnar2019' on page 2 undefined on input line
 337.


Package natbib Warning: Citation `samek_explainable_2019' on page 2 undefined o
n input line 337.


Package natbib Warning: Citation `alvarez2018robustness' on page 2 undefined on
 input line 341.


Package natbib Warning: Citation `AdebayoGMGHK18' on page 2 undefined on input 
line 341.


Package natbib Warning: Citation `yeh2019fidelity' on page 2 undefined on input
 line 341.


Package natbib Warning: Citation `ChalasaniC00J20' on page 2 undefined on input
 line 341.


Package natbib Warning: Citation `TomsettHCGP20' on page 2 undefined on input l
ine 341.


Package natbib Warning: Citation `Boggust22Faithful' on page 2 undefined on inp
ut line 341.


Package natbib Warning: Citation `agarwal2022rethinking' on page 2 undefined on
 input line 341.


Package natbib Warning: Citation `alvarez2018robustness' on page 2 undefined on
 input line 341.


Package natbib Warning: Citation `ChalasaniC00J20' on page 2 undefined on input
 line 341.


Package natbib Warning: Citation `ghorbani2018interpretation' on page 2 undefin
ed on input line 341.


Package natbib Warning: Citation `shrikumar2019learning' on page 2 undefined on
 input line 341.


Package natbib Warning: Citation `SundararajanTY17' on page 2 undefined on inpu
t line 341.


Package natbib Warning: Citation `slack2020fooling' on page 2 undefined on inpu
t line 341.


Package natbib Warning: Citation `ribeiro2016why' on page 2 undefined on input 
line 341.


Package natbib Warning: Citation `lundberg2017unified' on page 2 undefined on i
nput line 341.


Package natbib Warning: Citation `chen2019robust' on page 2 undefined on input 
line 341.


Package natbib Warning: Citation `sarkar2020enhanced' on page 2 undefined on in
put line 341.


Package natbib Warning: Citation `singh2020attributional' on page 2 undefined o
n input line 341.


Package natbib Warning: Citation `wang2020smoothed' on page 2 undefined on inpu
t line 341.


Package natbib Warning: Citation `ghorbani2018interpretation' on page 2 undefin
ed on input line 341.


Package natbib Warning: Citation `Wang22Kendall' on page 2 undefined on input l
ine 341.


Package natbib Warning: Citation `alvarez2018robustness' on page 2 undefined on
 input line 341.


Package natbib Warning: Citation `yeh2019fidelity' on page 2 undefined on input
 line 341.


Package natbib Warning: Citation `agarwal2022rethinking' on page 2 undefined on
 input line 341.

[2 <./images/flower_10_image_pert.pdf> <./images/flower_10_topk_nat_orig.pdf> <
./images/flower_10_topk_nat_pert.pdf> <./images/flower_4_image_pert.pdf> <./ima
ges/flower_4_topk_nat_orig.pdf> <./images/flower_4_topk_nat_pert.pdf> <./images
/flower_18_image_pert.pdf> <./images/flower_18_topk_nat_orig.pdf> <./images/flo
wer_18_topk_nat_pert.pdf>]

Package natbib Warning: Citation `carvalho2019machine' on page 3 undefined on i
nput line 343.


Package natbib Warning: Citation `bhatt2020evaluating' on page 3 undefined on i
nput line 343.


Package natbib Warning: Citation `ghorbani2018interpretation' on page 3 undefin
ed on input line 343.


Package natbib Warning: Citation `sarkar2020enhanced' on page 3 undefined on in
put line 343.


Package natbib Warning: Citation `singh2020attributional' on page 3 undefined o
n input line 343.


Package natbib Warning: Citation `wang2020smoothed' on page 3 undefined on inpu
t line 343.


Package natbib Warning: Citation `arun2020assessing' on page 3 undefined on inp
ut line 343.


Package natbib Warning: Citation `fel2022good' on page 3 undefined on input lin
e 343.

<./plots/imagenet_gh_lens_sg_orig_pert_all.pdf, id=49, 462.52798pt x 346.89601p
t>
File: ./plots/imagenet_gh_lens_sg_orig_pert_all.pdf Graphic file (type pdf)
<use ./plots/imagenet_gh_lens_sg_orig_pert_all.pdf>
Package pdftex.def Info: ./plots/imagenet_gh_lens_sg_orig_pert_all.pdf  used on
 input line 349.
(pdftex.def)             Requested size: 111.29642pt x 83.46846pt.
<./plots/imagenet_gh_lens_ig_orig_pert_all.pdf, id=50, 462.52798pt x 346.89601p
t>
File: ./plots/imagenet_gh_lens_ig_orig_pert_all.pdf Graphic file (type pdf)
<use ./plots/imagenet_gh_lens_ig_orig_pert_all.pdf>
Package pdftex.def Info: ./plots/imagenet_gh_lens_ig_orig_pert_all.pdf  used on
 input line 350.
(pdftex.def)             Requested size: 111.29642pt x 83.46846pt.
<./plots/imagenet_gh_lens_sg_orig_pert_all_lens.pdf, id=51, 462.52798pt x 346.8
9601pt>
File: ./plots/imagenet_gh_lens_sg_orig_pert_all_lens.pdf Graphic file (type pdf
)
<use ./plots/imagenet_gh_lens_sg_orig_pert_all_lens.pdf>
Package pdftex.def Info: ./plots/imagenet_gh_lens_sg_orig_pert_all_lens.pdf  us
ed on input line 351.
(pdftex.def)             Requested size: 111.29642pt x 83.46846pt.
<./plots/imagenet_gh_lens_ig_orig_pert_all_lens.pdf, id=52, 462.52798pt x 346.8
9601pt>
File: ./plots/imagenet_gh_lens_ig_orig_pert_all_lens.pdf Graphic file (type pdf
)
<use ./plots/imagenet_gh_lens_ig_orig_pert_all_lens.pdf>
Package pdftex.def Info: ./plots/imagenet_gh_lens_ig_orig_pert_all_lens.pdf  us
ed on input line 352.
(pdftex.def)             Requested size: 111.29642pt x 83.46846pt.
<./plots/imagenet_gh_lens_sg_orig_pert_all_div.pdf, id=53, 462.52798pt x 346.89
601pt>
File: ./plots/imagenet_gh_lens_sg_orig_pert_all_div.pdf Graphic file (type pdf)

<use ./plots/imagenet_gh_lens_sg_orig_pert_all_div.pdf>
Package pdftex.def Info: ./plots/imagenet_gh_lens_sg_orig_pert_all_div.pdf  use
d on input line 353.
(pdftex.def)             Requested size: 111.29642pt x 83.46846pt.
<./plots/imagenet_gh_lens_ig_orig_pert_all_div.pdf, id=54, 462.52798pt x 346.89
601pt>
File: ./plots/imagenet_gh_lens_ig_orig_pert_all_div.pdf Graphic file (type pdf)

<use ./plots/imagenet_gh_lens_ig_orig_pert_all_div.pdf>
Package pdftex.def Info: ./plots/imagenet_gh_lens_ig_orig_pert_all_div.pdf  use
d on input line 354.
(pdftex.def)             Requested size: 111.29642pt x 83.46846pt.

Package natbib Warning: Citation `ghorbani2018interpretation' on page 3 undefin
ed on input line 355.


Package natbib Warning: Citation `ghorbani2018interpretation' on page 3 undefin
ed on input line 355.


Package natbib Warning: Citation `ghorbani2018interpretation' on page 3 undefin
ed on input line 359.


LaTeX Warning: Reference `app:exp-setup' on page 3 undefined on input line 359.


<./images/flower_19_image.pdf, id=55, 92.5056pt x 92.5056pt>
File: ./images/flower_19_image.pdf Graphic file (type pdf)
<use ./images/flower_19_image.pdf>
Package pdftex.def Info: ./images/flower_19_image.pdf  used on input line 369.
(pdftex.def)             Requested size: 55.64821pt x 55.64775pt.
<./images/flower_19_topk_nat_orig_orig.pdf, id=56, 92.5056pt x 92.5056pt>
File: ./images/flower_19_topk_nat_orig_orig.pdf Graphic file (type pdf)
<use ./images/flower_19_topk_nat_orig_orig.pdf>
Package pdftex.def Info: ./images/flower_19_topk_nat_orig_orig.pdf  used on inp
ut line 370.
(pdftex.def)             Requested size: 55.64821pt x 55.64775pt.
<./images/flower_19_topk_nat_orig_lens_rec.pdf, id=57, 92.5056pt x 92.5056pt>
File: ./images/flower_19_topk_nat_orig_lens_rec.pdf Graphic file (type pdf)
<use ./images/flower_19_topk_nat_orig_lens_rec.pdf>
Package pdftex.def Info: ./images/flower_19_topk_nat_orig_lens_rec.pdf  used on
 input line 371.
(pdftex.def)             Requested size: 55.64821pt x 55.64775pt.
<./images/flower_19_topk_nat_orig_2lens_rec.pdf, id=58, 92.5056pt x 92.5056pt>
File: ./images/flower_19_topk_nat_orig_2lens_rec.pdf Graphic file (type pdf)
<use ./images/flower_19_topk_nat_orig_2lens_rec.pdf>
Package pdftex.def Info: ./images/flower_19_topk_nat_orig_2lens_rec.pdf  used o
n input line 372.
(pdftex.def)             Requested size: 55.64821pt x 55.64775pt.
<./images/flower_19_image_pert.pdf, id=59, 92.5056pt x 92.5056pt>
File: ./images/flower_19_image_pert.pdf Graphic file (type pdf)
<use ./images/flower_19_image_pert.pdf>
Package pdftex.def Info: ./images/flower_19_image_pert.pdf  used on input line 
373.
(pdftex.def)             Requested size: 55.64821pt x 55.64775pt.
<./images/flower_19_topk_nat_orig_pert.pdf, id=60, 92.5056pt x 92.5056pt>
File: ./images/flower_19_topk_nat_orig_pert.pdf Graphic file (type pdf)
<use ./images/flower_19_topk_nat_orig_pert.pdf>
Package pdftex.def Info: ./images/flower_19_topk_nat_orig_pert.pdf  used on inp
ut line 374.
(pdftex.def)             Requested size: 55.64821pt x 55.64775pt.
<./images/flower_19_topk_nat_orig_lens_pre.pdf, id=61, 92.5056pt x 92.5056pt>
File: ./images/flower_19_topk_nat_orig_lens_pre.pdf Graphic file (type pdf)
<use ./images/flower_19_topk_nat_orig_lens_pre.pdf>
Package pdftex.def Info: ./images/flower_19_topk_nat_orig_lens_pre.pdf  used on
 input line 375.
(pdftex.def)             Requested size: 55.64821pt x 55.64775pt.
<./images/flower_19_topk_nat_orig_2lens_pre.pdf, id=62, 92.5056pt x 92.5056pt>
File: ./images/flower_19_topk_nat_orig_2lens_pre.pdf Graphic file (type pdf)
<use ./images/flower_19_topk_nat_orig_2lens_pre.pdf>
Package pdftex.def Info: ./images/flower_19_topk_nat_orig_2lens_pre.pdf  used o
n input line 376.
(pdftex.def)             Requested size: 55.64821pt x 55.64775pt.

Package natbib Warning: Citation `ghorbani2018interpretation' on page 3 undefin
ed on input line 379.


Package natbib Warning: Citation `ghorbani2018interpretation' on page 3 undefin
ed on input line 379.


Underfull \hbox (badness 2846) in paragraph at lines 391--392
\OT1/ptm/m/n/10 widely used met-rics such as pre-ci-sion and re-call in
 []

[3 <./plots/imagenet_gh_lens_sg_orig_pert_all.pdf> <./plots/imagenet_gh_lens_ig
_orig_pert_all.pdf> <./plots/imagenet_gh_lens_sg_orig_pert_all_lens.pdf> <./plo
ts/imagenet_gh_lens_ig_orig_pert_all_lens.pdf> <./plots/imagenet_gh_lens_sg_ori
g_pert_all_div.pdf> <./plots/imagenet_gh_lens_ig_orig_pert_all_div.pdf> <./imag
es/flower_19_image.pdf> <./images/flower_19_topk_nat_orig_orig.pdf> <./images/f
lower_19_topk_nat_orig_lens_rec.pdf> <./images/flower_19_topk_nat_orig_2lens_re
c.pdf> <./images/flower_19_image_pert.pdf

pdfTeX warning: pdflatex (file ./images/flower_19_image_pert.pdf): PDF inclusio
n: multiple pdfs with page group included in a single page
> <./images/flower_19_topk_nat_orig_pert.pdf> <./images/flower_19_topk_nat_orig
_lens_pre.pdf> <./images/flower_19_topk_nat_orig_2lens_pre.pdf>]
Underfull \hbox (badness 1337) in paragraph at lines 393--402
\OT1/ptm/m/n/10 of top $\OML/cmm/m/it/10 k$ \OT1/ptm/m/n/10 pix-els in these im
-ages ac-cord-ing to $\OT1/cmr/bx/n/10 a[]$ \OT1/ptm/m/n/10 and
 []


Underfull \hbox (badness 3895) in paragraph at lines 393--402
\OT1/cmr/bx/n/10 a[]$\OT1/ptm/m/n/10 , re-spec-tively. We de-fine a locality-se
nsitive top-$\OML/cmm/m/it/10 k$
 []


Underfull \hbox (badness 5878) in paragraph at lines 393--402
\OML/cmm/m/it/10 d[]\OT1/cmr/m/n/10 (\OT1/cmr/bx/n/10 a[]\OML/cmm/m/it/10 ; \OT
1/cmr/bx/n/10 a[]\OT1/cmr/m/n/10 ) [] [][](\OT1/cmr/bx/n/10 a[]\OML/cmm/m/it/10
 ; \OT1/cmr/bx/n/10 a[]\OT1/cmr/m/n/10 ) + [][](\OT1/cmr/bx/n/10 a[]\OML/cmm/m/
it/10 ; \OT1/cmr/bx/n/10 a[]\OT1/cmr/m/n/10 )$\OT1/ptm/m/n/10 ,
 []


Underfull \hbox (badness 10000) in paragraph at lines 393--402
\OT1/ptm/m/n/10 where $[][]\OT1/cmr/m/n/10 (\OT1/cmr/bx/n/10 a[]\OML/cmm/m/it/1
0 ; \OT1/cmr/bx/n/10 a[]\OT1/cmr/m/n/10 ) [] [] []$
 []


Underfull \hbox (badness 1975) in paragraph at lines 393--402
[][]\OT1/cmr/m/n/10 (\OT1/cmr/bx/n/10 a[]\OML/cmm/m/it/10 ; \OT1/cmr/bx/n/10 a[
]\OT1/cmr/m/n/10 ) [] []\OML/cmm/m/it/10 ;$ \OT1/ptm/m/n/10 sim-i-lar to pre-ci
-sion
 []


Package natbib Warning: Citation `fagin2003comparing' on page 4 undefined on in
put line 413.


Package natbib Warning: Citation `wang2020smoothed' on page 4 undefined on inpu
t line 464.


Package natbib Warning: Citation `wang2020smoothed' on page 4 undefined on inpu
t line 464.


LaTeX Warning: Reference `app:proofs' on page 4 undefined on input line 464.


Package natbib Warning: Citation `ghorbani2018interpretation' on page 4 undefin
ed on input line 476.


Underfull \hbox (badness 1454) in paragraph at lines 473--477
\OT1/ptm/m/n/10 of dis-tance. There-fore, in our ex-per-i-ments for at-tri-bu-
 []


Package natbib Warning: Citation `ghorbani2018interpretation' on page 4 undefin
ed on input line 478.

[4]

Package natbib Warning: Citation `ghorbani2018interpretation' on page 5 undefin
ed on input line 481.

<./plots/datasets_topk_attack_nat_new_metric_1.pdf, id=248, 462.52798pt x 346.8
9601pt>
File: ./plots/datasets_topk_attack_nat_new_metric_1.pdf Graphic file (type pdf)

<use ./plots/datasets_topk_attack_nat_new_metric_1.pdf>
Package pdftex.def Info: ./plots/datasets_topk_attack_nat_new_metric_1.pdf  use
d on input line 489.
(pdftex.def)             Requested size: 126.47249pt x 94.85414pt.

Package natbib Warning: Citation `ghorbani2018interpretation' on page 5 undefin
ed on input line 491.


Package natbib Warning: Citation `ghorbani2018interpretation' on page 5 undefin
ed on input line 491.

<./plots/imagenet_topk_attack_new_metric_nat_ig_lens.pdf, id=249, 462.52798pt x
 346.89601pt>
File: ./plots/imagenet_topk_attack_new_metric_nat_ig_lens.pdf Graphic file (typ
e pdf)
<use ./plots/imagenet_topk_attack_new_metric_nat_ig_lens.pdf>
Package pdftex.def Info: ./plots/imagenet_topk_attack_new_metric_nat_ig_lens.pd
f  used on input line 500.
(pdftex.def)             Requested size: 111.29642pt x 83.46846pt.
<./plots/imagenet_topk_attack_new_metric_nat_ig_lens_div.pdf, id=250, 462.52798
pt x 346.89601pt>
File: ./plots/imagenet_topk_attack_new_metric_nat_ig_lens_div.pdf Graphic file 
(type pdf)
<use ./plots/imagenet_topk_attack_new_metric_nat_ig_lens_div.pdf>
Package pdftex.def Info: ./plots/imagenet_topk_attack_new_metric_nat_ig_lens_di
v.pdf  used on input line 501.
(pdftex.def)             Requested size: 110.78694pt x 83.08736pt.

Package natbib Warning: Citation `ghorbani2018interpretation' on page 5 undefin
ed on input line 502.


Package natbib Warning: Citation `ghorbani2018interpretation' on page 5 undefin
ed on input line 502.


Package natbib Warning: Citation `ghorbani2018interpretation' on page 5 undefin
ed on input line 509.


Package natbib Warning: Citation `ghorbani2018interpretation' on page 5 undefin
ed on input line 509.


LaTeX Warning: Reference `app:more-lens-results' on page 5 undefined on input l
ine 541.


LaTeX Warning: Reference `app:all-ig-exp' on page 5 undefined on input line 541
.


Package natbib Warning: Citation `ghorbani2018interpretation' on page 5 undefin
ed on input line 541.


LaTeX Warning: Reference `app:all-sg-exp' on page 5 undefined on input line 541
.


LaTeX Warning: Reference `app:vary-k-sp-ken' on page 5 undefined on input line 
543.


Package natbib Warning: Citation `ghorbani2018interpretation' on page 5 undefin
ed on input line 543.


Package natbib Warning: Citation `ghorbani2018interpretation' on page 5 undefin
ed on input line 550.


LaTeX Warning: Reference `app:survey-human' on page 5 undefined on input line 5
50.

File: ./images/flower_19_image.pdf Graphic file (type pdf)
<use ./images/flower_19_image.pdf>
Package pdftex.def Info: ./images/flower_19_image.pdf  used on input line 575.
(pdftex.def)             Requested size: 55.64821pt x 55.64775pt.
<./images/flower_19_topk_nat_orig_orig_div.pdf, id=251, 92.5056pt x 92.5056pt>
File: ./images/flower_19_topk_nat_orig_orig_div.pdf Graphic file (type pdf)
<use ./images/flower_19_topk_nat_orig_orig_div.pdf>
Package pdftex.def Info: ./images/flower_19_topk_nat_orig_orig_div.pdf  used on
 input line 576.
(pdftex.def)             Requested size: 55.64821pt x 55.64775pt.
<./images/flower_19_topk_nat_orig_lens_rec_div.pdf, id=252, 92.5056pt x 92.5056
pt>
File: ./images/flower_19_topk_nat_orig_lens_rec_div.pdf Graphic file (type pdf)

<use ./images/flower_19_topk_nat_orig_lens_rec_div.pdf>
Package pdftex.def Info: ./images/flower_19_topk_nat_orig_lens_rec_div.pdf  use
d on input line 577.
(pdftex.def)             Requested size: 55.64821pt x 55.64775pt.
<./images/flower_19_topk_nat_orig_2lens_rec_div.pdf, id=253, 92.5056pt x 92.505
6pt>
File: ./images/flower_19_topk_nat_orig_2lens_rec_div.pdf Graphic file (type pdf
)
<use ./images/flower_19_topk_nat_orig_2lens_rec_div.pdf>
Package pdftex.def Info: ./images/flower_19_topk_nat_orig_2lens_rec_div.pdf  us
ed on input line 578.
(pdftex.def)             Requested size: 55.64821pt x 55.64775pt.
File: ./images/flower_19_image_pert.pdf Graphic file (type pdf)
<use ./images/flower_19_image_pert.pdf>
Package pdftex.def Info: ./images/flower_19_image_pert.pdf  used on input line 
579.
(pdftex.def)             Requested size: 55.64821pt x 55.64775pt.
<./images/flower_19_topk_nat_orig_pert_div.pdf, id=254, 92.5056pt x 92.5056pt>
File: ./images/flower_19_topk_nat_orig_pert_div.pdf Graphic file (type pdf)
<use ./images/flower_19_topk_nat_orig_pert_div.pdf>
Package pdftex.def Info: ./images/flower_19_topk_nat_orig_pert_div.pdf  used on
 input line 580.
(pdftex.def)             Requested size: 55.64821pt x 55.64775pt.
<./images/flower_19_topk_nat_orig_lens_pre_div.pdf, id=255, 92.5056pt x 92.5056
pt>
File: ./images/flower_19_topk_nat_orig_lens_pre_div.pdf Graphic file (type pdf)

<use ./images/flower_19_topk_nat_orig_lens_pre_div.pdf>
Package pdftex.def Info: ./images/flower_19_topk_nat_orig_lens_pre_div.pdf  use
d on input line 581.
(pdftex.def)             Requested size: 55.64821pt x 55.64775pt.
<./images/flower_19_topk_nat_orig_2lens_pre_div.pdf, id=256, 92.5056pt x 92.505
6pt>
File: ./images/flower_19_topk_nat_orig_2lens_pre_div.pdf Graphic file (type pdf
)
<use ./images/flower_19_topk_nat_orig_2lens_pre_div.pdf>
Package pdftex.def Info: ./images/flower_19_topk_nat_orig_2lens_pre_div.pdf  us
ed on input line 582.
(pdftex.def)             Requested size: 55.64821pt x 55.64775pt.

Package natbib Warning: Citation `ghorbani2018interpretation' on page 5 undefin
ed on input line 585.


Package natbib Warning: Citation `ghorbani2018interpretation' on page 5 undefin
ed on input line 585.


Package natbib Warning: Citation `KorteLovasz1981' on page 5 undefined on input
 line 592.

[5 <./plots/datasets_topk_attack_nat_new_metric_1.pdf> <./plots/imagenet_topk_a
ttack_new_metric_nat_ig_lens.pdf> <./plots/imagenet_topk_attack_new_metric_nat_
ig_lens_div.pdf>]

Package natbib Warning: Citation `ghorbani2018interpretation' on page 6 undefin
ed on input line 596.


LaTeX Warning: Reference `app:sample-fragility-examples' on page 6 undefined on
 input line 596.

File: ./images/flower_19_image.pdf Graphic file (type pdf)
<use ./images/flower_19_image.pdf>
Package pdftex.def Info: ./images/flower_19_image.pdf  used on input line 683.
(pdftex.def)             Requested size: 75.8804pt x 75.88472pt.
<./images/flower_19_topk_pgd_orig.pdf, id=390, 92.5056pt x 92.5056pt>
File: ./images/flower_19_topk_pgd_orig.pdf Graphic file (type pdf)
<use ./images/flower_19_topk_pgd_orig.pdf>
Package pdftex.def Info: ./images/flower_19_topk_pgd_orig.pdf  used on input li
ne 684.
(pdftex.def)             Requested size: 75.8804pt x 75.88472pt.
<./images/flower_19_topk_pgd_pert.pdf, id=391, 92.5056pt x 92.5056pt>
File: ./images/flower_19_topk_pgd_pert.pdf Graphic file (type pdf)
<use ./images/flower_19_topk_pgd_pert.pdf>
Package pdftex.def Info: ./images/flower_19_topk_pgd_pert.pdf  used on input li
ne 685.
(pdftex.def)             Requested size: 75.8804pt x 75.88472pt.
File: ./images/flower_19_image.pdf Graphic file (type pdf)
<use ./images/flower_19_image.pdf>
Package pdftex.def Info: ./images/flower_19_image.pdf  used on input line 686.
(pdftex.def)             Requested size: 75.8804pt x 75.88472pt.
<./images/flower_19_topk_rar_orig.pdf, id=392, 92.5056pt x 92.5056pt>
File: ./images/flower_19_topk_rar_orig.pdf Graphic file (type pdf)
<use ./images/flower_19_topk_rar_orig.pdf>
Package pdftex.def Info: ./images/flower_19_topk_rar_orig.pdf  used on input li
ne 687.
(pdftex.def)             Requested size: 75.8804pt x 75.88472pt.
<./images/flower_19_topk_rar_pert.pdf, id=393, 92.5056pt x 92.5056pt>
File: ./images/flower_19_topk_rar_pert.pdf Graphic file (type pdf)
<use ./images/flower_19_topk_rar_pert.pdf>
Package pdftex.def Info: ./images/flower_19_topk_rar_pert.pdf  used on input li
ne 688.
(pdftex.def)             Requested size: 75.8804pt x 75.88472pt.

Package natbib Warning: Citation `ghorbani2018interpretation' on page 6 undefin
ed on input line 690.


Package natbib Warning: Citation `ghorbani2018interpretation' on page 6 undefin
ed on input line 690.


Underfull \hbox (badness 1331) in paragraph at lines 690--690
\OT1/ptm/m/n/10 model whereas the bot-tom row uses IG-SUM-NORM-
 []


Package natbib Warning: Citation `chen2019robust' on page 6 undefined on input 
line 716.


Package natbib Warning: Citation `ghorbani2018interpretation' on page 6 undefin
ed on input line 716.


Package natbib Warning: Citation `wang2020smoothed' on page 6 undefined on inpu
t line 716.


Package natbib Warning: Citation `chen2019robust' on page 6 undefined on input 
line 716.


Package natbib Warning: Citation `ghorbani2018interpretation' on page 6 undefin
ed on input line 716.


Package natbib Warning: Citation `madry2019deep' on page 6 undefined on input l
ine 716.


Package natbib Warning: Citation `chen2019robust' on page 6 undefined on input 
line 716.


Package natbib Warning: Citation `nourelahi2022' on page 6 undefined on input l
ine 716.

<./plots/flower_topk_3x3_attack_new_metric_1.pdf, id=394, 462.52798pt x 346.896
01pt>
File: ./plots/flower_topk_3x3_attack_new_metric_1.pdf Graphic file (type pdf)
<use ./plots/flower_topk_3x3_attack_new_metric_1.pdf>
Package pdftex.def Info: ./plots/flower_topk_3x3_attack_new_metric_1.pdf  used 
on input line 721.
(pdftex.def)             Requested size: 110.78694pt x 83.08736pt.

Package natbib Warning: Citation `ghorbani2018interpretation' on page 6 undefin
ed on input line 722.


Package natbib Warning: Citation `ghorbani2018interpretation' on page 6 undefin
ed on input line 722.


Underfull \hbox (badness 2126) in paragraph at lines 722--722
[]\OT1/ptm/m/n/10 Figure 8: |For Flower dataset, av-er-age top-$\OML/cmm/m/it/1
0 k$ \OT1/ptm/m/n/10 in-ter-sec-
 []


Underfull \hbox (badness 1735) in paragraph at lines 722--722
\OT1/ptm/m/n/10 tion, $\OT1/cmr/m/n/10 1$\OT1/ptm/m/n/10 -LENS-prec@$\OML/cmm/m
/it/10 k$\OT1/ptm/m/n/10 , $\OT1/cmr/m/n/10 1$\OT1/ptm/m/n/10 -LENS-recall@$\OM
L/cmm/m/it/10 k$ \OT1/ptm/m/n/10 mea-sured be-
 []


Package natbib Warning: Citation `chen2019robust' on page 6 undefined on input 
line 734.


LaTeX Warning: Reference `app:all-ig-exp' on page 6 undefined on input line 734
.


LaTeX Warning: Reference `app:all-sg-exp' on page 6 undefined on input line 734
.


Package natbib Warning: Citation `ghorbani2018interpretation' on page 6 undefin
ed on input line 734.


LaTeX Warning: Reference `app:all-ig-exp' on page 6 undefined on input line 734
.


LaTeX Warning: Reference `app:all-sg-exp' on page 6 undefined on input line 734
.


Package natbib Warning: Citation `ghorbani2018interpretation' on page 6 undefin
ed on input line 734.


Package natbib Warning: Citation `chen2019robust' on page 6 undefined on input 
line 734.


LaTeX Warning: Reference `app:more-lens-results' on page 6 undefined on input l
ine 734.

[6 <./images/flower_19_topk_nat_orig_orig_div.pdf> <./images/flower_19_topk_nat
_orig_lens_rec_div.pdf> <./images/flower_19_topk_nat_orig_2lens_rec_div.pdf> <.
/images/flower_19_topk_nat_orig_pert_div.pdf> <./images/flower_19_topk_nat_orig
_lens_pre_div.pdf> <./images/flower_19_topk_nat_orig_2lens_pre_div.pdf> <./imag
es/flower_19_topk_pgd_orig.pdf> <./images/flower_19_topk_pgd_pert.pdf> <./image
s/flower_19_topk_rar_orig.pdf> <./images/flower_19_topk_rar_pert.pdf>]

Package natbib Warning: Citation `ChalasaniC00J20' on page 7 undefined on input
 line 743.


LaTeX Warning: Reference `app:extra-div-results' on page 7 undefined on input l
ine 746.


Underfull \vbox (badness 7308) has occurred while \output is active []


No file anonymous-submission-latex-2024_changed.bbl.
[7 <./plots/flower_topk_3x3_attack_new_metric_1.pdf>]

Package natbib Warning: There were undefined citations.

[8

] (anonymous-submission-latex-2024_changed.aux)
 ***********
LaTeX2e <2023-06-01> patch level 1
L3 programming layer <2023-08-29>
 ***********


LaTeX Warning: There were undefined references.

 ) 
Here is how much of TeX's memory you used:
 6936 strings out of 475247
 115567 string characters out of 5757792
 1944801 words of memory out of 5000000
 28342 multiletter control sequences out of 15000+600000
 591379 words of font info for 115 fonts, out of 8000000 for 9000
 1141 hyphenation exceptions out of 8191
 57i,10n,65p,2915b,349s stack positions out of 10000i,1000n,20000p,200000b,200000s
<C:/Users/micha/AppData/Local/Programs/MiKTeX/fonts/type1/public/amsfonts/cm/
cmbx10.pfb><C:/Users/micha/AppData/Local/Programs/MiKTeX/fonts/type1/public/ams
fonts/cm/cmex10.pfb><C:/Users/micha/AppData/Local/Programs/MiKTeX/fonts/type1/p
ublic/amsfonts/cm/cmmi10.pfb><C:/Users/micha/AppData/Local/Programs/MiKTeX/font
s/type1/public/amsfonts/cm/cmmi5.pfb><C:/Users/micha/AppData/Local/Programs/MiK
TeX/fonts/type1/public/amsfonts/cm/cmmi7.pfb><C:/Users/micha/AppData/Local/Prog
rams/MiKTeX/fonts/type1/public/amsfonts/cm/cmmi9.pfb><C:/Users/micha/AppData/Lo
cal/Programs/MiKTeX/fonts/type1/public/amsfonts/cm/cmr10.pfb><C:/Users/micha/Ap
pData/Local/Programs/MiKTeX/fonts/type1/public/amsfonts/cm/cmr5.pfb><C:/Users/m
icha/AppData/Local/Programs/MiKTeX/fonts/type1/public/amsfonts/cm/cmr7.pfb><C:/
Users/micha/AppData/Local/Programs/MiKTeX/fonts/type1/public/amsfonts/cm/cmsy10
.pfb><C:/Users/micha/AppData/Local/Programs/MiKTeX/fonts/type1/public/amsfonts/
cm/cmsy7.pfb><C:/Users/micha/AppData/Local/Programs/MiKTeX/fonts/type1/public/a
msfonts/symbols/msam10.pfb><C:/Users/micha/AppData/Local/Programs/MiKTeX/fonts/
type1/urw/times/utmb8a.pfb><C:/Users/micha/AppData/Local/Programs/MiKTeX/fonts/
type1/urw/times/utmr8a.pfb><C:/Users/micha/AppData/Local/Programs/MiKTeX/fonts/
type1/urw/times/utmri8a.pfb>
Output written on anonymous-submission-latex-2024_changed.pdf (8 pages, 715704 
bytes).
PDF statistics:
 539 PDF objects out of 1000 (max. 8388607)
 0 named destinations out of 1000 (max. 500000)
 186 words of extra memory for PDF output out of 10000 (max. 10000000)

