This is pdfTeX, Version 3.141592653-2.6-1.40.25 (MiKTeX 23.9) (preloaded format=pdflatex 2023.9.22)  30 MAR 2024 16:47
entering extended mode
 restricted \write18 enabled.
 %&-line parsing enabled.
**./AAAI-VahedianKhezerlouA.2374_changed.tex
(AAAI-VahedianKhezerlouA.2374_changed.tex
LaTeX2e <2023-06-01> patch level 1
L3 programming layer <2023-08-29>
(C:\Users\micha\AppData\Local\Programs\MiKTeX\tex/latex/base\article.cls
Document Class: article 2023/05/17 v1.4n Standard LaTeX document class
(C:\Users\micha\AppData\Local\Programs\MiKTeX\tex/latex/base\size10.clo
File: size10.clo 2023/05/17 v1.4n Standard LaTeX file (size option)
)
\c@part=\count185
\c@section=\count186
\c@subsection=\count187
\c@subsubsection=\count188
\c@paragraph=\count189
\c@subparagraph=\count190
\c@figure=\count191
\c@table=\count192
\abovecaptionskip=\skip48
\belowcaptionskip=\skip49
\bibindent=\dimen140
)
(aaai19.sty
Conference Style for AAAI for LaTeX 2e -- version for the AAAI-19 conference
\titlebox=\skip50
) (C:\Users\micha\AppData\Local\Programs\MiKTeX\tex/latex/psnfss\times.sty
Package: times 2020/03/25 PSNFSS-v9.3 (SPQR) 
)
(C:\Users\micha\AppData\Local\Programs\MiKTeX\tex/latex/psnfss\helvet.sty
Package: helvet 2020/03/25 PSNFSS-v9.3 (WaS) 

(C:\Users\micha\AppData\Local\Programs\MiKTeX\tex/latex/graphics\keyval.sty
Package: keyval 2022/05/29 v1.15 key=value parser (DPC)
\KV@toks@=\toks17
))
(C:\Users\micha\AppData\Local\Programs\MiKTeX\tex/latex/psnfss\courier.sty
Package: courier 2020/03/25 PSNFSS-v9.3 (WaS) 
)
(C:\Users\micha\AppData\Local\Programs\MiKTeX\tex/latex/url\url.sty
\Urlmuskip=\muskip16
Package: url 2013/09/16  ver 3.4  Verb mode for urls, etc.
)
(C:\Users\micha\AppData\Local\Programs\MiKTeX\tex/latex/graphics\graphicx.sty
Package: graphicx 2021/09/16 v1.2d Enhanced LaTeX Graphics (DPC,SPQR)

(C:\Users\micha\AppData\Local\Programs\MiKTeX\tex/latex/graphics\graphics.sty
Package: graphics 2022/03/10 v1.4e Standard LaTeX Graphics (DPC,SPQR)

(C:\Users\micha\AppData\Local\Programs\MiKTeX\tex/latex/graphics\trig.sty
Package: trig 2021/08/11 v1.11 sin cos tan (DPC)
)
(C:\Users\micha\AppData\Local\Programs\MiKTeX\tex/latex/graphics-cfg\graphics.c
fg
File: graphics.cfg 2016/06/04 v1.11 sample graphics configuration
)
Package graphics Info: Driver file: pdftex.def on input line 107.

(C:\Users\micha\AppData\Local\Programs\MiKTeX\tex/latex/graphics-def\pdftex.def
File: pdftex.def 2022/09/22 v1.2b Graphics/color driver for pdftex
))
\Gin@req@height=\dimen141
\Gin@req@width=\dimen142
)
\c@definition=\count193
\c@lemma=\count194
\c@proof=\count195
\c@theorem=\count196

(C:\Users\micha\AppData\Local\Programs\MiKTeX\tex/latex/booktabs\booktabs.sty
Package: booktabs 2020/01/12 v1.61803398 Publication quality tables
\heavyrulewidth=\dimen143
\lightrulewidth=\dimen144
\cmidrulewidth=\dimen145
\belowrulesep=\dimen146
\belowbottomsep=\dimen147
\aboverulesep=\dimen148
\abovetopsep=\dimen149
\cmidrulesep=\dimen150
\cmidrulekern=\dimen151
\defaultaddspace=\dimen152
\@cmidla=\count197
\@cmidlb=\count198
\@aboverulesep=\dimen153
\@belowrulesep=\dimen154
\@thisruleclass=\count199
\@lastruleclass=\count266
\@thisrulewidth=\dimen155
)
(C:\Users\micha\AppData\Local\Programs\MiKTeX\tex/latex/algorithmicx\algpseudoc
ode.sty
Package: algpseudocode 
 (C:\Users\micha\AppData\Local\Programs\MiKTeX\tex/latex/base\ifthen.sty
Package: ifthen 2022/04/13 v1.1d Standard LaTeX ifthen package (DPC)
)
(C:\Users\micha\AppData\Local\Programs\MiKTeX\tex/latex/algorithmicx\algorithmi
cx.sty
Package: algorithmicx 2005/04/27 v1.2 Algorithmicx

Document Style algorithmicx 1.2 - a greatly improved `algorithmic' style
\c@ALG@line=\count267
\c@ALG@rem=\count268
\c@ALG@nested=\count269
\ALG@tlm=\skip51
\ALG@thistlm=\skip52
\c@ALG@Lnr=\count270
\c@ALG@blocknr=\count271
\c@ALG@storecount=\count272
\c@ALG@tmpcounter=\count273
\ALG@tmplength=\skip53
)
Document Style - pseudocode environments for use with the `algorithmicx' style
)
(C:\Users\micha\AppData\Local\Programs\MiKTeX\tex/latex/algorithm2e\algorithm2e
.sty
Package: algorithm2e 2017/07/18 v5.2 algorithms environments
\c@AlgoLine=\count274
\algocf@hangindent=\skip54

(C:\Users\micha\AppData\Local\Programs\MiKTeX\tex/latex/ifoddpage\ifoddpage.sty
Package: ifoddpage 2022/10/18 v1.2 Conditionals for odd/even page detection
\c@checkoddpage=\count275
) (C:\Users\micha\AppData\Local\Programs\MiKTeX\tex/latex/tools\xspace.sty
Package: xspace 2014/10/28 v1.13 Space after command names (DPC,MH)
)
(C:\Users\micha\AppData\Local\Programs\MiKTeX\tex/latex/relsize\relsize.sty
Package: relsize 2013/03/29 ver 4.1
)
\skiptotal=\skip55
\skiplinenumber=\skip56
\skiprule=\skip57
\skiphlne=\skip58
\skiptext=\skip59
\skiplength=\skip60
\algomargin=\skip61
\skipalgocfslide=\skip62
\algowidth=\dimen156
\inoutsize=\dimen157
\inoutindent=\dimen158
\interspacetitleruled=\dimen159
\interspacealgoruled=\dimen160
\interspacetitleboxruled=\dimen161
\algocf@ruledwidth=\skip63
\algocf@inoutbox=\box51
\algocf@inputbox=\box52
\AlCapSkip=\skip64
\AlCapHSkip=\skip65
\algoskipindent=\skip66
\algocf@nlbox=\box53
\algocf@hangingbox=\box54
\algocf@untilbox=\box55
\algocf@skipuntil=\skip67
\algocf@capbox=\box56
\algocf@lcaptionbox=\skip68
\algoheightruledefault=\skip69
\algoheightrule=\skip70
\algotitleheightruledefault=\skip71
\algotitleheightrule=\skip72
\c@algocfline=\count276
\c@algocfproc=\count277
\c@algocf=\count278
\algocf@algoframe=\box57
\algocf@algobox=\box58
)
(C:\Users\micha\AppData\Local\Programs\MiKTeX\tex/latex/subfigure\subfigure.sty
Package: subfigure 2002/07/30 v2.1.4 subfigure package
\subfigtopskip=\skip73
\subfigcapskip=\skip74
\subfigcaptopadj=\dimen162
\subfigbottomskip=\skip75
\subfigcapmargin=\dimen163
\subfiglabelskip=\skip76
\c@subfigure=\count279
\c@lofdepth=\count280
\c@subtable=\count281
\c@lotdepth=\count282
****************************************
* Local config file subfigure.cfg used *
****************************************

(C:\Users\micha\AppData\Local\Programs\MiKTeX\tex/latex/subfigure\subfigure.cfg
)
\subfig@top=\skip77
\subfig@bottom=\skip78
) (C:\Users\micha\AppData\Local\Programs\MiKTeX\tex/latex/graphics\color.sty
Package: color 2022/01/06 v1.3d Standard LaTeX Color (DPC)

(C:\Users\micha\AppData\Local\Programs\MiKTeX\tex/latex/graphics-cfg\color.cfg
File: color.cfg 2016/01/02 v1.6 sample color configuration
)
Package color Info: Driver file: pdftex.def on input line 149.
(C:\Users\micha\AppData\Local\Programs\MiKTeX\tex/latex/graphics\mathcolor.ltx)
) (C:\Users\micha\AppData\Local\Programs\MiKTeX\tex/latex/amsmath\amsmath.sty
Package: amsmath 2023/05/13 v2.17o AMS math features
\@mathmargin=\skip79

For additional information on amsmath, use the `?' option.
(C:\Users\micha\AppData\Local\Programs\MiKTeX\tex/latex/amsmath\amstext.sty
Package: amstext 2021/08/26 v2.01 AMS text

(C:\Users\micha\AppData\Local\Programs\MiKTeX\tex/latex/amsmath\amsgen.sty
File: amsgen.sty 1999/11/30 v2.0 generic functions
\@emptytoks=\toks18
\ex@=\dimen164
))
(C:\Users\micha\AppData\Local\Programs\MiKTeX\tex/latex/amsmath\amsbsy.sty
Package: amsbsy 1999/11/29 v1.2d Bold Symbols
\pmbraise@=\dimen165
)
(C:\Users\micha\AppData\Local\Programs\MiKTeX\tex/latex/amsmath\amsopn.sty
Package: amsopn 2022/04/08 v2.04 operator names
)
\inf@bad=\count283
LaTeX Info: Redefining \frac on input line 234.
\uproot@=\count284
\leftroot@=\count285
LaTeX Info: Redefining \overline on input line 399.
LaTeX Info: Redefining \colon on input line 410.
\classnum@=\count286
\DOTSCASE@=\count287
LaTeX Info: Redefining \ldots on input line 496.
LaTeX Info: Redefining \dots on input line 499.
LaTeX Info: Redefining \cdots on input line 620.
\Mathstrutbox@=\box59
\strutbox@=\box60
LaTeX Info: Redefining \big on input line 722.
LaTeX Info: Redefining \Big on input line 723.
LaTeX Info: Redefining \bigg on input line 724.
LaTeX Info: Redefining \Bigg on input line 725.
\big@size=\dimen166
LaTeX Font Info:    Redeclaring font encoding OML on input line 743.
LaTeX Font Info:    Redeclaring font encoding OMS on input line 744.
\macc@depth=\count288
LaTeX Info: Redefining \bmod on input line 905.
LaTeX Info: Redefining \pmod on input line 910.
LaTeX Info: Redefining \smash on input line 940.
LaTeX Info: Redefining \relbar on input line 970.
LaTeX Info: Redefining \Relbar on input line 971.
\c@MaxMatrixCols=\count289
\dotsspace@=\muskip17
\c@parentequation=\count290
\dspbrk@lvl=\count291
\tag@help=\toks19
\row@=\count292
\column@=\count293
\maxfields@=\count294
\andhelp@=\toks20
\eqnshift@=\dimen167
\alignsep@=\dimen168
\tagshift@=\dimen169
\tagwidth@=\dimen170
\totwidth@=\dimen171
\lineht@=\dimen172
\@envbody=\toks21
\multlinegap=\skip80
\multlinetaggap=\skip81
\mathdisplay@stack=\toks22
LaTeX Info: Redefining \[ on input line 2953.
LaTeX Info: Redefining \] on input line 2954.
)
(C:\Users\micha\AppData\Local\Programs\MiKTeX\tex/latex/caption\caption.sty
Package: caption 2023/07/31 v3.6n Customizing captions (AR)

(C:\Users\micha\AppData\Local\Programs\MiKTeX\tex/latex/caption\caption3.sty
Package: caption3 2023/07/31 v2.4d caption3 kernel (AR)
\caption@tempdima=\dimen173
\captionmargin=\dimen174
\caption@leftmargin=\dimen175
\caption@rightmargin=\dimen176
\caption@width=\dimen177
\caption@indent=\dimen178
\caption@parindent=\dimen179
\caption@hangindent=\dimen180
Package caption Info: Standard document class detected.
)
\c@caption@flags=\count295
\c@continuedfloat=\count296
Package caption Info: subfigure package is loaded.
)
(C:\Users\micha\AppData\Local\Programs\MiKTeX\tex/latex/enumitem\enumitem.sty
Package: enumitem 2019/06/20 v3.9 Customized lists
\labelindent=\skip82
\enit@outerparindent=\dimen181
\enit@toks=\toks23
\enit@inbox=\box61
\enit@count@id=\count297
\enitdp@description=\count298
)
LaTeX Font Info:    Trying to load font information for OT1+ptm on input line 3
2.

(C:\Users\micha\AppData\Local\Programs\MiKTeX\tex/latex/psnfss\ot1ptm.fd
File: ot1ptm.fd 2001/06/04 font definitions for OT1/ptm.
)
(C:\Users\micha\AppData\Local\Programs\MiKTeX\tex/latex/l3backend\l3backend-pdf
tex.def
File: l3backend-pdftex.def 2023-04-19 L3 backend support: PDF output (pdfTeX)
\l__color_backend_stack_int=\count299
\l__pdf_internal_box=\box62
) (AAAI-VahedianKhezerlouA.2374_changed.aux)
\openout1 = `AAAI-VahedianKhezerlouA.2374_changed.aux'.

LaTeX Font Info:    Checking defaults for OML/cmm/m/it on input line 32.
LaTeX Font Info:    ... okay on input line 32.
LaTeX Font Info:    Checking defaults for OMS/cmsy/m/n on input line 32.
LaTeX Font Info:    ... okay on input line 32.
LaTeX Font Info:    Checking defaults for OT1/cmr/m/n on input line 32.
LaTeX Font Info:    ... okay on input line 32.
LaTeX Font Info:    Checking defaults for T1/cmr/m/n on input line 32.
LaTeX Font Info:    ... okay on input line 32.
LaTeX Font Info:    Checking defaults for TS1/cmr/m/n on input line 32.
LaTeX Font Info:    ... okay on input line 32.
LaTeX Font Info:    Checking defaults for OMX/cmex/m/n on input line 32.
LaTeX Font Info:    ... okay on input line 32.
LaTeX Font Info:    Checking defaults for U/cmr/m/n on input line 32.
LaTeX Font Info:    ... okay on input line 32.

(C:\Users\micha\AppData\Local\Programs\MiKTeX\tex/context/base/mkii\supp-pdf.mk
ii
[Loading MPS to PDF converter (version 2006.09.02).]
\scratchcounter=\count300
\scratchdimen=\dimen182
\scratchbox=\box63
\nofMPsegments=\count301
\nofMParguments=\count302
\everyMPshowfont=\toks24
\MPscratchCnt=\count303
\MPscratchDim=\dimen183
\MPnumerator=\count304
\makeMPintoPDFobject=\count305
\everyMPtoPDFconversion=\toks25
)
(C:\Users\micha\AppData\Local\Programs\MiKTeX\tex/latex/epstopdf-pkg\epstopdf-b
ase.sty
Package: epstopdf-base 2020-01-24 v2.11 Base part for package epstopdf

(C:\Users\micha\AppData\Local\Programs\MiKTeX\tex/generic/infwarerr\infwarerr.s
ty
Package: infwarerr 2019/12/03 v1.5 Providing info/warning/error messages (HO)
) (C:\Users\micha\AppData\Local\Programs\MiKTeX\tex/latex/grfext\grfext.sty
Package: grfext 2019/12/03 v1.3 Manage graphics extensions (HO)

(C:\Users\micha\AppData\Local\Programs\MiKTeX\tex/generic/kvdefinekeys\kvdefine
keys.sty
Package: kvdefinekeys 2019-12-19 v1.6 Define keys (HO)
))
(C:\Users\micha\AppData\Local\Programs\MiKTeX\tex/latex/kvoptions\kvoptions.sty
Package: kvoptions 2022-06-15 v3.15 Key value format for package options (HO)
(C:\Users\micha\AppData\Local\Programs\MiKTeX\tex/generic/ltxcmds\ltxcmds.sty
Package: ltxcmds 2023-12-04 v1.26 LaTeX kernel commands for general use (HO)
)
(C:\Users\micha\AppData\Local\Programs\MiKTeX\tex/latex/kvsetkeys\kvsetkeys.sty
Package: kvsetkeys 2022-10-05 v1.19 Key value parser (HO)
))
(C:\Users\micha\AppData\Local\Programs\MiKTeX\tex/generic/pdftexcmds\pdftexcmds
.sty
Package: pdftexcmds 2020-06-27 v0.33 Utility functions of pdfTeX for LuaTeX (HO
)
 (C:\Users\micha\AppData\Local\Programs\MiKTeX\tex/generic/iftex\iftex.sty
Package: iftex 2022/02/03 v1.0f TeX engine tests
)
Package pdftexcmds Info: \pdf@primitive is available.
Package pdftexcmds Info: \pdf@ifprimitive is available.
Package pdftexcmds Info: \pdfdraftmode found.
)
Package epstopdf-base Info: Redefining graphics rule for `.eps' on input line 4
85.
Package grfext Info: Graphics extension search list:
(grfext)             [.pdf,.png,.jpg,.mps,.jpeg,.jbig2,.jb2,.PDF,.PNG,.JPG,.JPE
G,.JBIG2,.JB2,.eps]
(grfext)             \AppendGraphicsExtensions on input line 504.

(C:\Users\micha\AppData\Local\Programs\MiKTeX\tex/latex/00miktex\epstopdf-sys.c
fg
File: epstopdf-sys.cfg 2021/03/18 v2.0 Configuration of epstopdf for MiKTeX
))
Package caption Info: Begin \AtBeginDocument code.
Package caption Info: End \AtBeginDocument code.
LaTeX Font Info:    Trying to load font information for OMS+ptm on input line 5
4.
 (C:\Users\micha\AppData\Local\Programs\MiKTeX\tex/latex/psnfss\omsptm.fd
File: omsptm.fd 
)
LaTeX Font Info:    Font shape `OMS/ptm/m/n' in size <10> not available
(Font)              Font shape `OMS/cmsy/m/n' tried instead on input line 54.

Overfull \vbox (2.6274pt too high) detected at line 54
 []

LaTeX Font Info:    Trying to load font information for TS1+ptm on input line 5
4.
(C:\Users\micha\AppData\Local\Programs\MiKTeX\tex/latex/psnfss\ts1ptm.fd
File: ts1ptm.fd 2001/06/04 font definitions for TS1/ptm.
)

LaTeX Warning: Citation `zhao2016predicting' on page 1 undefined on input line 
70.


LaTeX Warning: Citation `xu2017real' on page 1 undefined on input line 70.


LaTeX Warning: Citation `zhang2016framework' on page 1 undefined on input line 
70.


LaTeX Warning: Citation `zhao2016predicting' on page 1 undefined on input line 
70.


LaTeX Warning: Citation `moreira2013predicting' on page 1 undefined on input li
ne 70.


LaTeX Warning: Citation `davis2016multi' on page 1 undefined on input line 70.


Underfull \hbox (badness 1117) in paragraph at lines 72--73
\OT1/ptm/m/n/10 taxi de-mand. Specif-i-cally, given the his-tor-i-cal taxi trip

 []


LaTeX Warning: Citation `neill2009expectation' on page 1 undefined on input lin
e 74.

[1{C:/Users/micha/AppData/Local/MiKTeX/fonts/map/pdftex/pdftex.map}{C:/Users/mi
cha/AppData/Local/Programs/MiKTeX/fonts/enc/dvips/base/8r.enc}



]
<example_1.pdf, id=10, 441.97623pt x 330.8981pt>
File: example_1.pdf Graphic file (type pdf)
<use example_1.pdf>
Package pdftex.def Info: example_1.pdf  used on input line 79.
(pdftex.def)             Requested size: 101.17645pt x 75.74646pt.

Underfull \hbox (badness 2846) in paragraph at lines 79--79
[]\OT1/ptm/m/n/9 (a) An anoma-lously high
 []


Underfull \hbox (badness 4779) in paragraph at lines 79--79
\OT1/ptm/m/n/9 pick-up, pre-ceded by an
 []


Underfull \hbox (badness 1874) in paragraph at lines 79--79
\OT1/ptm/m/n/9 anoma-lously high num-ber
 []

<example_2.pdf, id=11, 427.92374pt x 330.8981pt>
File: example_2.pdf Graphic file (type pdf)
<use example_2.pdf>
Package pdftex.def Info: example_2.pdf  used on input line 81.
(pdftex.def)             Requested size: 101.17645pt x 78.23567pt.

Underfull \hbox (badness 2452) in paragraph at lines 81--81
[]\OT1/ptm/m/n/9 (b) An anoma-lously high
 []


LaTeX Warning: Citation `miller2011survival' on page 2 undefined on input line 
87.


LaTeX Warning: Citation `kulldorff1997spatial' on page 2 undefined on input lin
e 101.


LaTeX Warning: Citation `kulldorff2005space' on page 2 undefined on input line 
101.


LaTeX Warning: Citation `neill2009expectation' on page 2 undefined on input lin
e 101.


LaTeX Warning: Citation `li2012mining' on page 2 undefined on input line 101.


LaTeX Warning: Citation `hong2015detecting' on page 2 undefined on input line 1
01.


LaTeX Warning: Citation `zhou2014event' on page 2 undefined on input line 101.


LaTeX Warning: Citation `chen2014non' on page 2 undefined on input line 101.


LaTeX Warning: Citation `liu2016graph' on page 2 undefined on input line 101.


LaTeX Warning: Citation `zhang2017triovecevent' on page 2 undefined on input li
ne 101.


LaTeX Warning: Citation `zhou2016traffic' on page 2 undefined on input line 103
.


LaTeX Warning: Citation `khezerlou2017traffic' on page 2 undefined on input lin
e 103.


LaTeX Warning: Citation `hoang2016fccf' on page 2 undefined on input line 103.


LaTeX Warning: Citation `Vahedian2017forecasting' on page 2 undefined on input 
line 103.


LaTeX Warning: Citation `zhao2016predicting' on page 2 undefined on input line 
105.


LaTeX Warning: Citation `yao2018deep' on page 2 undefined on input line 105.


LaTeX Warning: Citation `xu2017real' on page 2 undefined on input line 105.


LaTeX Warning: Citation `zhao2016predicting' on page 2 undefined on input line 
105.


LaTeX Warning: Citation `zhang2016framework' on page 2 undefined on input line 
105.


LaTeX Warning: Citation `moreira2013predicting' on page 2 undefined on input li
ne 105.


LaTeX Warning: Citation `davis2016multi' on page 2 undefined on input line 105.



LaTeX Warning: Citation `mukai2012taxi' on page 2 undefined on input line 105.


LaTeX Warning: Citation `street1998neural' on page 2 undefined on input line 10
9.


LaTeX Warning: Citation `miller2011survival' on page 2 undefined on input line 
109.


LaTeX Warning: Citation `neill2009expectation' on page 2 undefined on input lin
e 120.

[2 <./example_1.pdf> <./example_2.pdf

pdfTeX warning: pdflatex (file ./example_2.pdf): PDF inclusion: multiple pdfs w
ith page group included in a single page
>]

LaTeX Font Warning: Command \small invalid in math mode on input line 123.

LaTeX Font Info:    Calculating math sizes for size <> on input line 129.

LaTeX Font Warning: Font shape `OT1/cmr/m/n' in size <> not available
(Font)              size <5> substituted on input line 129.


LaTeX Font Warning: Font shape `OT1/cmr/m/n' in size <0.7> not available
(Font)              size <5> substituted on input line 129.


LaTeX Font Warning: Font shape `OT1/cmr/m/n' in size <0.5> not available
(Font)              size <5> substituted on input line 129.


LaTeX Font Warning: Font shape `OML/cmm/m/it' in size <> not available
(Font)              size <5> substituted on input line 129.


LaTeX Font Warning: Font shape `OML/cmm/m/it' in size <0.7> not available
(Font)              size <5> substituted on input line 129.


LaTeX Font Warning: Font shape `OML/cmm/m/it' in size <0.5> not available
(Font)              size <5> substituted on input line 129.


LaTeX Font Warning: Font shape `OMS/cmsy/m/n' in size <> not available
(Font)              size <5> substituted on input line 129.


LaTeX Font Warning: Font shape `OMS/cmsy/m/n' in size <0.7> not available
(Font)              size <5> substituted on input line 129.


LaTeX Font Warning: Font shape `OMS/cmsy/m/n' in size <0.5> not available
(Font)              size <5> substituted on input line 129.


LaTeX Warning: Citation `zhou2016traffic' on page 3 undefined on input line 130
.

<diag.png, id=95, 963.6pt x 542.025pt>
File: diag.png Graphic file (type png)
<use diag.png>
Package pdftex.def Info: diag.png  used on input line 157.
(pdftex.def)             Requested size: 227.64894pt x 128.0458pt.

LaTeX Warning: Citation `miller2011survival' on page 3 undefined on input line 
163.


LaTeX Font Warning: Command \small invalid in math mode on input line 165.


LaTeX Font Warning: Command \small invalid in math mode on input line 171.


Underfull \hbox (badness 10000) in paragraph at lines 184--185
[]\OT1/ptm/b/it/10 Weather pro-file \OT1/ptm/m/it/10 of $\OT1/cmr/m/n/10 (\OML/
cmm/m/it/10 l; t[]\OT1/cmr/m/n/10 )$ \OT1/ptm/m/it/10 is $\OML/cmm/m/it/10 W[] 
\OT1/cmr/m/n/10 =
 []


Underfull \hbox (badness 3503) in paragraph at lines 184--185
\OMS/cmsy/m/n/10 h\OML/cmm/m/it/10 !; ^^Q; ^^P; ^^R[]; ^^R[]\OMS/cmsy/m/n/10 i$
\OT1/ptm/m/it/10 , where $\OML/cmm/m/it/10 !$ \OT1/ptm/m/it/10 is av-er-age dai
ly wind
 []


LaTeX Font Warning: Command \small invalid in math mode on input line 190.


Overfull \hbox (1.12135pt too wide) detected at line 192
[]\OML/cmm/m/it/9 M[] \OT1/cmr/m/n/9 = [] [] \OML/cmm/m/it/9 C[]; [] B[]; [] C[
]; [] B[][]:
 []

[3 <./diag.png>]

LaTeX Font Warning: Command \small invalid in math mode on input line 198.


LaTeX Font Warning: Command \small invalid in math mode on input line 208.


LaTeX Font Warning: Command \small invalid in math mode on input line 218.


LaTeX Font Warning: Command \small invalid in math mode on input line 230.


LaTeX Font Warning: Command \small invalid in math mode on input line 237.


LaTeX Font Warning: Command \small invalid in math mode on input line 245.

<example_3.pdf, id=108, 427.92374pt x 330.8981pt>
File: example_3.pdf Graphic file (type pdf)
<use example_3.pdf>
Package pdftex.def Info: example_3.pdf  used on input line 252.
(pdftex.def)             Requested size: 111.29642pt x 86.05672pt.

LaTeX Warning: `h' float specifier changed to `ht'.

[4 <./example_3.pdf>]

LaTeX Font Warning: Command \small invalid in math mode on input line 292.


LaTeX Font Warning: Command \small invalid in math mode on input line 300.

<cann.png, id=151, 676.02562pt x 350.05782pt>
File: cann.png Graphic file (type png)
<use cann.png>
Package pdftex.def Info: cann.png  used on input line 343.
(pdftex.def)             Requested size: 177.06458pt x 91.6859pt.

LaTeX Font Warning: Command \small invalid in math mode on input line 349.

[5 <./cann.png>]
LaTeX Font Info:    Trying to load font information for OT1+pcr on input line 4
07.

(C:\Users\micha\AppData\Local\Programs\MiKTeX\tex/latex/psnfss\ot1pcr.fd
File: ot1pcr.fd 2001/06/04 font definitions for OT1/pcr.
)

LaTeX Warning: Citation `yao2018deep' on page 6 undefined on input line 423.


LaTeX Warning: Citation `kingma2014adam' on page 6 undefined on input line 425.



Underfull \hbox (badness 10000) in paragraph at lines 431--431
[][]$\OT1/pcr/m/n/6 https : / / architecturaldigest . com / story /
 []

[6]
Underfull \hbox (badness 10000) in paragraph at lines 433--433
[][]$\OT1/pcr/m/n/6 https : / / specialtyfood . com / news / article /
 []

<case_1_map.png, id=161, 219.06844pt x 164.11313pt>
File: case_1_map.png Graphic file (type png)
<use case_1_map.png>
Package pdftex.def Info: case_1_map.png  used on input line 437.
(pdftex.def)             Requested size: 60.70432pt x 45.47556pt.

Underfull \hbox (badness 2913) in paragraph at lines 437--437
[]\OT1/ptm/m/n/9 (a) Event lo-ca-
 []

<case_1_sa.pdf, id=162, 438.12431pt x 281.63342pt>
File: case_1_sa.pdf Graphic file (type pdf)
<use case_1_sa.pdf>
Package pdftex.def Info: case_1_sa.pdf  used on input line 438.
(pdftex.def)             Requested size: 75.8804pt x 48.77519pt.
<case_1_counts_new.pdf, id=163, 457.78842pt x 338.89989pt>
File: case_1_counts_new.pdf Graphic file (type pdf)
<use case_1_counts_new.pdf>
Package pdftex.def Info: case_1_counts_new.pdf  used on input line 439.
(pdftex.def)             Requested size: 96.12033pt x 71.15555pt.

Underfull \hbox (badness 10000) in paragraph at lines 439--439
[]\OT1/ptm/m/n/9 (c) Pre-dicted pick-up
 []

<case_2_map.png, id=164, 220.57407pt x 164.86594pt>
File: case_2_map.png Graphic file (type png)
<use case_2_map.png>
Package pdftex.def Info: case_2_map.png  used on input line 446.
(pdftex.def)             Requested size: 60.70432pt x 45.37222pt.

Underfull \hbox (badness 2913) in paragraph at lines 446--446
[]\OT1/ptm/m/n/9 (a) Event lo-ca-
 []

<case_2_sa.pdf, id=165, 438.12431pt x 281.63342pt>
File: case_2_sa.pdf Graphic file (type pdf)
<use case_2_sa.pdf>
Package pdftex.def Info: case_2_sa.pdf  used on input line 447.
(pdftex.def)             Requested size: 75.8804pt x 48.77519pt.
<case_2_counts_new.pdf, id=166, 457.78842pt x 338.89989pt>
File: case_2_counts_new.pdf Graphic file (type pdf)
<use case_2_counts_new.pdf>
Package pdftex.def Info: case_2_counts_new.pdf  used on input line 448.
(pdftex.def)             Requested size: 96.12033pt x 71.15555pt.

Underfull \hbox (badness 10000) in paragraph at lines 448--448
[]\OT1/ptm/m/n/9 (c) Pre-dicted pick-up
 []

<icdm_true_mae.pdf, id=167, 433.62pt x 289.08pt>
File: icdm_true_mae.pdf Graphic file (type pdf)
<use icdm_true_mae.pdf>
Package pdftex.def Info: icdm_true_mae.pdf  used on input line 477.
(pdftex.def)             Requested size: 101.17645pt x 67.4486pt.
<icdm_true_mape.pdf, id=168, 433.62pt x 289.08pt>
File: icdm_true_mape.pdf Graphic file (type pdf)
<use icdm_true_mape.pdf>
Package pdftex.def Info: icdm_true_mape.pdf  used on input line 478.
(pdftex.def)             Requested size: 101.17645pt x 67.4486pt.
<icdm_s_impact.pdf, id=169, 461.09686pt x 280.06506pt>
File: icdm_s_impact.pdf Graphic file (type pdf)
<use icdm_s_impact.pdf>
Package pdftex.def Info: icdm_s_impact.pdf  used on input line 487.
(pdftex.def)             Requested size: 101.17645pt x 61.4521pt.

Underfull \hbox (badness 1762) in paragraph at lines 487--487
[]\OT1/ptm/m/n/9 (a) Sur-vival func-tion pre-
 []

<icdm_e_impact.pdf, id=170, 433.62pt x 289.08pt>
File: icdm_e_impact.pdf Graphic file (type pdf)
<use icdm_e_impact.pdf>
Package pdftex.def Info: icdm_e_impact.pdf  used on input line 488.
(pdftex.def)             Requested size: 101.17645pt x 67.4486pt.
[7 <./case_1_map.png> <./case_1_sa.pdf> <./case_1_counts_new.pdf

pdfTeX warning: pdflatex (file ./case_1_counts_new.pdf): PDF inclusion: multipl
e pdfs with page group included in a single page
> <./case_2_map.png> <./case_2_sa.pdf

pdfTeX warning: pdflatex (file ./case_2_sa.pdf): PDF inclusion: multiple pdfs w
ith page group included in a single page
> <./case_2_counts_new.pdf

pdfTeX warning: pdflatex (file ./case_2_counts_new.pdf): PDF inclusion: multipl
e pdfs with page group included in a single page
> <./icdm_true_mae.pdf

pdfTeX warning: pdflatex (file ./icdm_true_mae.pdf): PDF inclusion: multiple pd
fs with page group included in a single page
> <./icdm_true_mape.pdf

pdfTeX warning: pdflatex (file ./icdm_true_mape.pdf): PDF inclusion: multiple p
dfs with page group included in a single page
>]
Underfull \vbox (badness 10000) has occurred while \output is active []

 [8 <./icdm_s_impact.pdf> <./icdm_e_impact.pdf

pdfTeX warning: pdflatex (file ./icdm_e_impact.pdf): PDF inclusion: multiple pd
fs with page group included in a single page
>] [9

]
No file AAAI-VahedianKhezerlouA.2374_changed.bbl.
(AAAI-VahedianKhezerlouA.2374_changed.aux)
 ***********
LaTeX2e <2023-06-01> patch level 1
L3 programming layer <2023-08-29>
 ***********


LaTeX Font Warning: Size substitutions with differences
(Font)              up to 4.5pt have occurred.

 ) 
Here is how much of TeX's memory you used:
 6664 strings out of 475247
 115617 string characters out of 5757792
 1946801 words of memory out of 5000000
 28080 multiletter control sequences out of 15000+600000
 586467 words of font info for 84 fonts, out of 8000000 for 9000
 1141 hyphenation exceptions out of 8191
 61i,25n,69p,4944b,627s stack positions out of 10000i,1000n,20000p,200000b,200000s
<C:/Users/micha/AppData/Local/Programs/MiKTeX/fonts/type1/public/amsfonts/cm/
cmex10.pfb><C:/Users/micha/AppData/Local/Programs/MiKTeX/fonts/type1/public/ams
fonts/cmextra/cmex9.pfb><C:/Users/micha/AppData/Local/Programs/MiKTeX/fonts/typ
e1/public/amsfonts/cm/cmmi10.pfb><C:/Users/micha/AppData/Local/Programs/MiKTeX/
fonts/type1/public/amsfonts/cm/cmmi5.pfb><C:/Users/micha/AppData/Local/Programs
/MiKTeX/fonts/type1/public/amsfonts/cm/cmmi6.pfb><C:/Users/micha/AppData/Local/
Programs/MiKTeX/fonts/type1/public/amsfonts/cm/cmmi7.pfb><C:/Users/micha/AppDat
a/Local/Programs/MiKTeX/fonts/type1/public/amsfonts/cm/cmmi9.pfb><C:/Users/mich
a/AppData/Local/Programs/MiKTeX/fonts/type1/public/amsfonts/cm/cmr10.pfb><C:/Us
ers/micha/AppData/Local/Programs/MiKTeX/fonts/type1/public/amsfonts/cm/cmr6.pfb
><C:/Users/micha/AppData/Local/Programs/MiKTeX/fonts/type1/public/amsfonts/cm/c
mr7.pfb><C:/Users/micha/AppData/Local/Programs/MiKTeX/fonts/type1/public/amsfon
ts/cm/cmr9.pfb><C:/Users/micha/AppData/Local/Programs/MiKTeX/fonts/type1/public
/amsfonts/cm/cmsy10.pfb><C:/Users/micha/AppData/Local/Programs/MiKTeX/fonts/typ
e1/public/amsfonts/cm/cmsy6.pfb><C:/Users/micha/AppData/Local/Programs/MiKTeX/f
onts/type1/public/amsfonts/cm/cmsy7.pfb><C:/Users/micha/AppData/Local/Programs/
MiKTeX/fonts/type1/public/amsfonts/cm/cmsy9.pfb><C:/Users/micha/AppData/Local/P
rograms/MiKTeX/fonts/type1/urw/courier/ucrr8a.pfb><C:/Users/micha/AppData/Local
/Programs/MiKTeX/fonts/type1/urw/times/utmb8a.pfb><C:/Users/micha/AppData/Local
/Programs/MiKTeX/fonts/type1/urw/times/utmbi8a.pfb><C:/Users/micha/AppData/Loca
l/Programs/MiKTeX/fonts/type1/urw/times/utmr8a.pfb><C:/Users/micha/AppData/Loca
l/Programs/MiKTeX/fonts/type1/urw/times/utmri8a.pfb>
Output written on AAAI-VahedianKhezerlouA.2374_changed.pdf (9 pages, 769068 byt
es).
PDF statistics:
 566 PDF objects out of 1000 (max. 8388607)
 0 named destinations out of 1000 (max. 500000)
 76 words of extra memory for PDF output out of 10000 (max. 10000000)

