This is pdfTeX, Version 3.141592653-2.6-1.40.25 (MiKTeX 23.9) (preloaded format=pdflatex 2023.9.22)  30 MAR 2024 16:50
entering extended mode
 restricted \write18 enabled.
 %&-line parsing enabled.
**./dmf_changed.tex
(dmf_changed.tex
LaTeX2e <2023-06-01> patch level 1
L3 programming layer <2023-08-29>
(C:\Users\micha\AppData\Local\Programs\MiKTeX\tex/latex/base\article.cls
Document Class: article 2023/05/17 v1.4n Standard LaTeX document class
(C:\Users\micha\AppData\Local\Programs\MiKTeX\tex/latex/base\size10.clo
File: size10.clo 2023/05/17 v1.4n Standard LaTeX file (size option)
)
\c@part=\count185
\c@section=\count186
\c@subsection=\count187
\c@subsubsection=\count188
\c@paragraph=\count189
\c@subparagraph=\count190
\c@figure=\count191
\c@table=\count192
\abovecaptionskip=\skip48
\belowcaptionskip=\skip49
\bibindent=\dimen140
)
(aaai18.sty
Conference Style for AAAI for LaTeX 2e -- version for the AAAI-18 conference
\titlebox=\skip50
) (C:\Users\micha\AppData\Local\Programs\MiKTeX\tex/latex/psnfss\times.sty
Package: times 2020/03/25 PSNFSS-v9.3 (SPQR) 
)
(C:\Users\micha\AppData\Local\Programs\MiKTeX\tex/latex/psnfss\helvet.sty
Package: helvet 2020/03/25 PSNFSS-v9.3 (WaS) 

(C:\Users\micha\AppData\Local\Programs\MiKTeX\tex/latex/graphics\keyval.sty
Package: keyval 2022/05/29 v1.15 key=value parser (DPC)
\KV@toks@=\toks17
))
(C:\Users\micha\AppData\Local\Programs\MiKTeX\tex/latex/psnfss\courier.sty
Package: courier 2020/03/25 PSNFSS-v9.3 (WaS) 
)
(C:\Users\micha\AppData\Local\Programs\MiKTeX\tex/latex/tools\array.sty
Package: array 2022/09/04 v2.5g Tabular extension package (FMi)
\col@sep=\dimen141
\ar@mcellbox=\box51
\extrarowheight=\dimen142
\NC@list=\toks18
\extratabsurround=\skip51
\backup@length=\skip52
\ar@cellbox=\box52
)
(C:\Users\micha\AppData\Local\Programs\MiKTeX\tex/latex/mathtools\mathtools.sty
Package: mathtools 2022/06/29 v1.29 mathematical typesetting tools
(C:\Users\micha\AppData\Local\Programs\MiKTeX\tex/latex/tools\calc.sty
Package: calc 2017/05/25 v4.3 Infix arithmetic (KKT,FJ)
\calc@Acount=\count193
\calc@Bcount=\count194
\calc@Adimen=\dimen143
\calc@Bdimen=\dimen144
\calc@Askip=\skip53
\calc@Bskip=\skip54
LaTeX Info: Redefining \setlength on input line 80.
LaTeX Info: Redefining \addtolength on input line 81.
\calc@Ccount=\count195
\calc@Cskip=\skip55
)
(C:\Users\micha\AppData\Local\Programs\MiKTeX\tex/latex/mathtools\mhsetup.sty
Package: mhsetup 2021/03/18 v1.4 programming setup (MH)
)
(C:\Users\micha\AppData\Local\Programs\MiKTeX\tex/latex/amsmath\amsmath.sty
Package: amsmath 2023/05/13 v2.17o AMS math features
\@mathmargin=\skip56

For additional information on amsmath, use the `?' option.
(C:\Users\micha\AppData\Local\Programs\MiKTeX\tex/latex/amsmath\amstext.sty
Package: amstext 2021/08/26 v2.01 AMS text

(C:\Users\micha\AppData\Local\Programs\MiKTeX\tex/latex/amsmath\amsgen.sty
File: amsgen.sty 1999/11/30 v2.0 generic functions
\@emptytoks=\toks19
\ex@=\dimen145
))
(C:\Users\micha\AppData\Local\Programs\MiKTeX\tex/latex/amsmath\amsbsy.sty
Package: amsbsy 1999/11/29 v1.2d Bold Symbols
\pmbraise@=\dimen146
)
(C:\Users\micha\AppData\Local\Programs\MiKTeX\tex/latex/amsmath\amsopn.sty
Package: amsopn 2022/04/08 v2.04 operator names
)
\inf@bad=\count196
LaTeX Info: Redefining \frac on input line 234.
\uproot@=\count197
\leftroot@=\count198
LaTeX Info: Redefining \overline on input line 399.
LaTeX Info: Redefining \colon on input line 410.
\classnum@=\count199
\DOTSCASE@=\count266
LaTeX Info: Redefining \ldots on input line 496.
LaTeX Info: Redefining \dots on input line 499.
LaTeX Info: Redefining \cdots on input line 620.
\Mathstrutbox@=\box53
\strutbox@=\box54
LaTeX Info: Redefining \big on input line 722.
LaTeX Info: Redefining \Big on input line 723.
LaTeX Info: Redefining \bigg on input line 724.
LaTeX Info: Redefining \Bigg on input line 725.
\big@size=\dimen147
LaTeX Font Info:    Redeclaring font encoding OML on input line 743.
LaTeX Font Info:    Redeclaring font encoding OMS on input line 744.
\macc@depth=\count267
LaTeX Info: Redefining \bmod on input line 905.
LaTeX Info: Redefining \pmod on input line 910.
LaTeX Info: Redefining \smash on input line 940.
LaTeX Info: Redefining \relbar on input line 970.
LaTeX Info: Redefining \Relbar on input line 971.
\c@MaxMatrixCols=\count268
\dotsspace@=\muskip16
\c@parentequation=\count269
\dspbrk@lvl=\count270
\tag@help=\toks20
\row@=\count271
\column@=\count272
\maxfields@=\count273
\andhelp@=\toks21
\eqnshift@=\dimen148
\alignsep@=\dimen149
\tagshift@=\dimen150
\tagwidth@=\dimen151
\totwidth@=\dimen152
\lineht@=\dimen153
\@envbody=\toks22
\multlinegap=\skip57
\multlinetaggap=\skip58
\mathdisplay@stack=\toks23
LaTeX Info: Redefining \[ on input line 2953.
LaTeX Info: Redefining \] on input line 2954.
)
\g_MT_multlinerow_int=\count274
\l_MT_multwidth_dim=\dimen154
\origjot=\skip59
\l_MT_shortvdotswithinadjustabove_dim=\dimen155
\l_MT_shortvdotswithinadjustbelow_dim=\dimen156
\l_MT_above_intertext_sep=\dimen157
\l_MT_below_intertext_sep=\dimen158
\l_MT_above_shortintertext_sep=\dimen159
\l_MT_below_shortintertext_sep=\dimen160
\xmathstrut@box=\box55
\xmathstrut@dim=\dimen161
)
(C:\Users\micha\AppData\Local\Programs\MiKTeX\tex/latex/enumitem\enumitem.sty
Package: enumitem 2019/06/20 v3.9 Customized lists
\labelindent=\skip60
\enit@outerparindent=\dimen162
\enit@toks=\toks24
\enit@inbox=\box56
\enit@count@id=\count275
\enitdp@description=\count276
)
(C:\Users\micha\AppData\Local\Programs\MiKTeX\tex/latex/doublestroke\dsfont.sty
Package: dsfont 1995/08/01 v0.1 Double stroke roman fonts
) (C:\Users\micha\AppData\Local\Programs\MiKTeX\tex/latex/url\url.sty
\Urlmuskip=\muskip17
Package: url 2013/09/16  ver 3.4  Verb mode for urls, etc.
)
(C:\Users\micha\AppData\Local\Programs\MiKTeX\tex/latex/graphics\graphicx.sty
Package: graphicx 2021/09/16 v1.2d Enhanced LaTeX Graphics (DPC,SPQR)

(C:\Users\micha\AppData\Local\Programs\MiKTeX\tex/latex/graphics\graphics.sty
Package: graphics 2022/03/10 v1.4e Standard LaTeX Graphics (DPC,SPQR)

(C:\Users\micha\AppData\Local\Programs\MiKTeX\tex/latex/graphics\trig.sty
Package: trig 2021/08/11 v1.11 sin cos tan (DPC)
)
(C:\Users\micha\AppData\Local\Programs\MiKTeX\tex/latex/graphics-cfg\graphics.c
fg
File: graphics.cfg 2016/06/04 v1.11 sample graphics configuration
)
Package graphics Info: Driver file: pdftex.def on input line 107.

(C:\Users\micha\AppData\Local\Programs\MiKTeX\tex/latex/graphics-def\pdftex.def
File: pdftex.def 2022/09/22 v1.2b Graphics/color driver for pdftex
))
\Gin@req@height=\dimen163
\Gin@req@width=\dimen164
)
(C:\Users\micha\AppData\Local\Programs\MiKTeX\tex/latex/subfigure\subfigure.sty
Package: subfigure 2002/07/30 v2.1.4 subfigure package
\subfigtopskip=\skip61
\subfigcapskip=\skip62
\subfigcaptopadj=\dimen165
\subfigbottomskip=\skip63
\subfigcapmargin=\dimen166
\subfiglabelskip=\skip64
\c@subfigure=\count277
\c@lofdepth=\count278
\c@subtable=\count279
\c@lotdepth=\count280
****************************************
* Local config file subfigure.cfg used *
****************************************

(C:\Users\micha\AppData\Local\Programs\MiKTeX\tex/latex/subfigure\subfigure.cfg
)
\subfig@top=\skip65
\subfig@bottom=\skip66
) (C:\Users\micha\AppData\Local\Programs\MiKTeX\tex/latex/amsfonts\amssymb.sty
Package: amssymb 2013/01/14 v3.01 AMS font symbols
(C:\Users\micha\AppData\Local\Programs\MiKTeX\tex/latex/amsfonts\amsfonts.sty
Package: amsfonts 2013/01/14 v3.01 Basic AMSFonts support
\symAMSa=\mathgroup4
\symAMSb=\mathgroup5
LaTeX Font Info:    Redeclaring math symbol \hbar on input line 98.
LaTeX Font Info:    Overwriting math alphabet `\mathfrak' in version `bold'
(Font)                  U/euf/m/n --> U/euf/b/n on input line 106.
))
(C:\Users\micha\AppData\Local\Programs\MiKTeX\tex/latex/algorithm2e\algorithm2e
.sty
Package: algorithm2e 2017/07/18 v5.2 algorithms environments
\c@AlgoLine=\count281
 (C:\Users\micha\AppData\Local\Programs\MiKTeX\tex/latex/base\ifthen.sty
Package: ifthen 2022/04/13 v1.1d Standard LaTeX ifthen package (DPC)
)
\algocf@hangindent=\skip67

(C:\Users\micha\AppData\Local\Programs\MiKTeX\tex/latex/ifoddpage\ifoddpage.sty
Package: ifoddpage 2022/10/18 v1.2 Conditionals for odd/even page detection
\c@checkoddpage=\count282
) (C:\Users\micha\AppData\Local\Programs\MiKTeX\tex/latex/tools\xspace.sty
Package: xspace 2014/10/28 v1.13 Space after command names (DPC,MH)
)
(C:\Users\micha\AppData\Local\Programs\MiKTeX\tex/latex/relsize\relsize.sty
Package: relsize 2013/03/29 ver 4.1
)
\skiptotal=\skip68
\skiplinenumber=\skip69
\skiprule=\skip70
\skiphlne=\skip71
\skiptext=\skip72
\skiplength=\skip73
\algomargin=\skip74
\skipalgocfslide=\skip75
\algowidth=\dimen167
\inoutsize=\dimen168
\inoutindent=\dimen169
\interspacetitleruled=\dimen170
\interspacealgoruled=\dimen171
\interspacetitleboxruled=\dimen172
\algocf@ruledwidth=\skip76
\algocf@inoutbox=\box57
\algocf@inputbox=\box58
\AlCapSkip=\skip77
\AlCapHSkip=\skip78
\algoskipindent=\skip79
\algocf@nlbox=\box59
\algocf@hangingbox=\box60
\algocf@untilbox=\box61
\algocf@skipuntil=\skip80
\algocf@capbox=\box62
\algocf@lcaptionbox=\skip81
\algoheightruledefault=\skip82
\algoheightrule=\skip83
\algotitleheightruledefault=\skip84
\algotitleheightrule=\skip85
\c@algocfline=\count283
\c@algocfproc=\count284
\c@algocf=\count285
\algocf@algoframe=\box63
\algocf@algobox=\box64
)
LaTeX Font Info:    Trying to load font information for OT1+ptm on input line 2
1.

(C:\Users\micha\AppData\Local\Programs\MiKTeX\tex/latex/psnfss\ot1ptm.fd
File: ot1ptm.fd 2001/06/04 font definitions for OT1/ptm.
)
(C:\Users\micha\AppData\Local\Programs\MiKTeX\tex/latex/l3backend\l3backend-pdf
tex.def
File: l3backend-pdftex.def 2023-04-19 L3 backend support: PDF output (pdfTeX)
\l__color_backend_stack_int=\count286
\l__pdf_internal_box=\box65
) (dmf_changed.aux)
\openout1 = `dmf_changed.aux'.

LaTeX Font Info:    Checking defaults for OML/cmm/m/it on input line 21.
LaTeX Font Info:    ... okay on input line 21.
LaTeX Font Info:    Checking defaults for OMS/cmsy/m/n on input line 21.
LaTeX Font Info:    ... okay on input line 21.
LaTeX Font Info:    Checking defaults for OT1/cmr/m/n on input line 21.
LaTeX Font Info:    ... okay on input line 21.
LaTeX Font Info:    Checking defaults for T1/cmr/m/n on input line 21.
LaTeX Font Info:    ... okay on input line 21.
LaTeX Font Info:    Checking defaults for TS1/cmr/m/n on input line 21.
LaTeX Font Info:    ... okay on input line 21.
LaTeX Font Info:    Checking defaults for OMX/cmex/m/n on input line 21.
LaTeX Font Info:    ... okay on input line 21.
LaTeX Font Info:    Checking defaults for U/cmr/m/n on input line 21.
LaTeX Font Info:    ... okay on input line 21.

(C:\Users\micha\AppData\Local\Programs\MiKTeX\tex/context/base/mkii\supp-pdf.mk
ii
[Loading MPS to PDF converter (version 2006.09.02).]
\scratchcounter=\count287
\scratchdimen=\dimen173
\scratchbox=\box66
\nofMPsegments=\count288
\nofMParguments=\count289
\everyMPshowfont=\toks25
\MPscratchCnt=\count290
\MPscratchDim=\dimen174
\MPnumerator=\count291
\makeMPintoPDFobject=\count292
\everyMPtoPDFconversion=\toks26
)
(C:\Users\micha\AppData\Local\Programs\MiKTeX\tex/latex/epstopdf-pkg\epstopdf-b
ase.sty
Package: epstopdf-base 2020-01-24 v2.11 Base part for package epstopdf
Package epstopdf-base Info: Redefining graphics rule for `.eps' on input line 4
85.

(C:\Users\micha\AppData\Local\Programs\MiKTeX\tex/latex/00miktex\epstopdf-sys.c
fg
File: epstopdf-sys.cfg 2021/03/18 v2.0 Configuration of epstopdf for MiKTeX
))
LaTeX Font Info:    Trying to load font information for U+msa on input line 31.

 (C:\Users\micha\AppData\Local\Programs\MiKTeX\tex/latex/amsfonts\umsa.fd
File: umsa.fd 2013/01/14 v3.01 AMS symbols A
)
LaTeX Font Info:    Trying to load font information for U+msb on input line 31.


(C:\Users\micha\AppData\Local\Programs\MiKTeX\tex/latex/amsfonts\umsb.fd
File: umsb.fd 2013/01/14 v3.01 AMS symbols B
)
LaTeX Font Info:    Trying to load font information for OMS+ptm on input line 3
1.

(C:\Users\micha\AppData\Local\Programs\MiKTeX\tex/latex/psnfss\omsptm.fd
File: omsptm.fd 
)
LaTeX Font Info:    Font shape `OMS/ptm/m/n' in size <10> not available
(Font)              Font shape `OMS/cmsy/m/n' tried instead on input line 31.
LaTeX Font Info:    Trying to load font information for TS1+ptm on input line 3
1.

(C:\Users\micha\AppData\Local\Programs\MiKTeX\tex/latex/psnfss\ts1ptm.fd
File: ts1ptm.fd 2001/06/04 font definitions for TS1/ptm.
)
(section/intro.tex

LaTeX Warning: Citation `ye2011exploiting' on page 1 undefined on input line 7.



LaTeX Warning: Citation `gao2015content' on page 1 undefined on input line 7.


LaTeX Warning: Citation `cheng2011exploring' on page 1 undefined on input line 
9.


LaTeX Warning: Citation `cheng2012fused' on page 1 undefined on input line 9.


LaTeX Warning: Citation `yang2013sentiment' on page 1 undefined on input line 9
.


LaTeX Warning: Citation `koren2009matrix' on page 1 undefined on input line 9.


LaTeX Warning: Citation `chen2014context' on page 1 undefined on input line 9.


LaTeX Warning: Citation `koenigstein2011yahoo' on page 1 undefined on input lin
e 9.


LaTeX Warning: Citation `chen2016capturing' on page 1 undefined on input line 9
.


LaTeX Warning: Citation `canny2002collaborative' on page 1 undefined on input l
ine 18.



pdfTeX warning: pdflatex (file ./figures/decentralize.pdf): PDF inclusion: foun
d PDF version <1.6>, but at most version <1.5> allowed
<figures/decentralize.pdf, id=1, 748.96904pt x 399.45035pt>
File: figures/decentralize.pdf Graphic file (type pdf)
<use figures/decentralize.pdf>
Package pdftex.def Info: figures/decentralize.pdf  used on input line 26.
(pdftex.def)             Requested size: 199.16928pt x 106.22563pt.
[1{C:/Users/micha/AppData/Local/MiKTeX/fonts/map/pdftex/pdftex.map}{C:/Users/mi
cha/AppData/Local/Programs/MiKTeX/fonts/enc/dvips/base/8r.enc}



 <./figures/decentralize.pdf>]
Underfull \hbox (badness 5985) in paragraph at lines 60--62
[]\OT1/ptm/m/n/10 Experimental re-sults con-ducted on two real-world
 []

) (section/relatedwork.tex

LaTeX Warning: Citation `koren2009matrix' on page 2 undefined on input line 6.


LaTeX Warning: Citation `mnih2007probabilistic' on page 2 undefined on input li
ne 6.


LaTeX Font Warning: Command \small invalid in math mode on input line 7.


Overfull \hbox (2.69093pt too wide) detected at line 12
[]
 []


LaTeX Warning: Citation `cheng2011exploring' on page 2 undefined on input line 
15.


LaTeX Warning: Citation `cheng2012fused' on page 2 undefined on input line 15.


LaTeX Warning: Citation `yang2013sentiment' on page 2 undefined on input line 1
5.


LaTeX Warning: Citation `nedic2009distributed' on page 2 undefined on input lin
e 22.


LaTeX Warning: Citation `yan2013distributed' on page 2 undefined on input line 
22.


LaTeX Warning: Citation `kalathil2014decentralized' on page 2 undefined on inpu
t line 23.


LaTeX Warning: Citation `liao2010network' on page 2 undefined on input line 23.



LaTeX Warning: Citation `leng2015hashing' on page 2 undefined on input line 23.



LaTeX Warning: Citation `shokri2015privacy' on page 2 undefined on input line 2
3.


LaTeX Warning: Citation `mcmahan2016communication' on page 2 undefined on input
 line 23.


LaTeX Warning: Citation `ling2012decentralized' on page 2 undefined on input li
ne 25.


LaTeX Warning: Citation `yun2014nomad' on page 2 undefined on input line 25.


LaTeX Warning: Citation `sarwar2001item' on page 2 undefined on input line 34.

) (section/model.tex [2]
<figures/datatist.png, id=42, 1150.2975pt x 865.2325pt>
File: figures/datatist.png Graphic file (type png)
<use figures/datatist.png>
Package pdftex.def Info: figures/datatist.png  used on input line 69.
(pdftex.def)             Requested size: 113.80783pt x 93.88203pt.
<figures/datakb.png, id=44, 1144.275pt x 871.255pt>
File: figures/datakb.png Graphic file (type png)
<use figures/datakb.png>
Package pdftex.def Info: figures/datakb.png  used on input line 70.
(pdftex.def)             Requested size: 113.80563pt x 93.88408pt.

Overfull \hbox (0.81918pt too wide) in paragraph at lines 69--71
 [][]    [] 
 []


LaTeX Warning: Citation `su2009survey' on page 3 undefined on input line 79.


LaTeX Warning: Citation `yang2011like' on page 3 undefined on input line 79.


LaTeX Warning: Citation `ye2011exploiting' on page 3 undefined on input line 81
.


LaTeX Warning: Citation `cho2011friendship' on page 3 undefined on input line 8
1.


LaTeX Warning: Citation `cheng2012fused' on page 3 undefined on input line 81.


LaTeX Font Warning: Command \small invalid in math mode on input line 87.


LaTeX Font Warning: Command \Large invalid in math mode on input line 89.

LaTeX Font Info:    Calculating math sizes for size <> on input line 90.

LaTeX Font Warning: Font shape `OT1/cmr/m/n' in size <> not available
(Font)              size <5> substituted on input line 90.


LaTeX Font Warning: Font shape `OT1/cmr/m/n' in size <0.7> not available
(Font)              size <5> substituted on input line 90.


LaTeX Font Warning: Font shape `OT1/cmr/m/n' in size <0.5> not available
(Font)              size <5> substituted on input line 90.


LaTeX Font Warning: Font shape `OML/cmm/m/it' in size <> not available
(Font)              size <5> substituted on input line 90.


LaTeX Font Warning: Font shape `OML/cmm/m/it' in size <0.7> not available
(Font)              size <5> substituted on input line 90.


LaTeX Font Warning: Font shape `OML/cmm/m/it' in size <0.5> not available
(Font)              size <5> substituted on input line 90.


LaTeX Font Warning: Font shape `OMS/cmsy/m/n' in size <> not available
(Font)              size <5> substituted on input line 90.


LaTeX Font Warning: Font shape `OMS/cmsy/m/n' in size <0.7> not available
(Font)              size <5> substituted on input line 90.


LaTeX Font Warning: Font shape `OMS/cmsy/m/n' in size <0.5> not available
(Font)              size <5> substituted on input line 90.


LaTeX Warning: Citation `zhao2016survey' on page 3 undefined on input line 92.


LaTeX Warning: Citation `jamali2009trustwalker' on page 3 undefined on input li
ne 107.



pdfTeX warning: pdflatex (file ./figures/randomwalk.pdf): PDF inclusion: found 
PDF version <1.6>, but at most version <1.5> allowed
<figures/randomwalk.pdf, id=45, 532.39993pt x 392.23177pt>
File: figures/randomwalk.pdf Graphic file (type pdf)
<use figures/randomwalk.pdf>
Package pdftex.def Info: figures/randomwalk.pdf  used on input line 112.
(pdftex.def)             Requested size: 156.49014pt x 115.2884pt.

LaTeX Font Warning: Command \small invalid in math mode on input line 124.

[3 <./figures/datatist.png> <./figures/datakb.png>]

LaTeX Warning: Citation `aldous2002reversible' on page 4 undefined on input lin
e 127.


LaTeX Font Warning: Command \small invalid in math mode on input line 128.


LaTeX Warning: Citation `yan2013distributed' on page 4 undefined on input line 
141.


LaTeX Font Warning: Command \small invalid in math mode on input line 151.


LaTeX Font Warning: Command \small invalid in math mode on input line 161.


LaTeX Warning: Citation `mnih2007probabilistic' on page 4 undefined on input li
ne 164.


LaTeX Warning: Citation `shi2010list' on page 4 undefined on input line 164.


LaTeX Warning: Citation `rendle2009bpr' on page 4 undefined on input line 164.


LaTeX Warning: Citation `yan2013distributed' on page 4 undefined on input line 
175.


LaTeX Warning: Citation `nedic2009distributed' on page 4 undefined on input lin
e 176.


LaTeX Warning: Citation `yan2013distributed' on page 4 undefined on input line 
176.


LaTeX Font Warning: Command \small invalid in math mode on input line 178.


LaTeX Font Warning: Command \small invalid in math mode on input line 182.


LaTeX Font Warning: Command \small invalid in math mode on input line 186.


LaTeX Font Warning: Command \small invalid in math mode on input line 234.


LaTeX Warning: Citation `yang2011like' on page 4 undefined on input line 244.


Underfull \hbox (badness 1137) in paragraph at lines 241--248
[]\OT1/ptm/b/n/10 Unobserved rat-ing sam-ple. \OT1/ptm/m/n/10 A uni-ver-sal pro
b-lem in
 []

[4 <./figures/randomwalk.pdf>]) (section/experiment.tex

LaTeX Warning: Citation `yang2016participatory' on page 5 undefined on input li
ne 8.


LaTeX Warning: Citation `cheng2012fused' on page 5 undefined on input line 22.


LaTeX Warning: Citation `gao2015content' on page 5 undefined on input line 22.


LaTeX Font Warning: Command \small invalid in math mode on input line 24.

[5]

LaTeX Warning: Citation `mnih2007probabilistic' on page 6 undefined on input li
ne 52.


LaTeX Warning: Citation `mnih2007probabilistic' on page 6 undefined on input li
ne 61.


LaTeX Warning: Citation `rendle2009bpr' on page 6 undefined on input line 62.


LaTeX Warning: Citation `cheng2012fused' on page 6 undefined on input line 71.


LaTeX Warning: Citation `yang2013sentiment' on page 6 undefined on input line 7
1.


LaTeX Warning: Citation `gao2015content' on page 6 undefined on input line 71.

<figures/four_train.pdf, id=116, 568.96432pt x 339.01326pt>
File: figures/four_train.pdf Graphic file (type pdf)
<use figures/four_train.pdf>
Package pdftex.def Info: figures/four_train.pdf  used on input line 138.
(pdftex.def)             Requested size: 113.8082pt x 66.85997pt.
<figures/four_test.pdf, id=117, 465.81477pt x 275.94131pt>
File: figures/four_test.pdf Graphic file (type pdf)
<use figures/four_test.pdf>
Package pdftex.def Info: figures/four_test.pdf  used on input line 139.
(pdftex.def)             Requested size: 113.80931pt x 66.86305pt.
<figures/alipay_train.pdf, id=118, 469.5384pt x 267.1812pt>
File: figures/alipay_train.pdf Graphic file (type pdf)
<use figures/alipay_train.pdf>
Package pdftex.def Info: figures/alipay_train.pdf  used on input line 140.
(pdftex.def)             Requested size: 113.80919pt x 66.86035pt.
<figures/alipay_test.pdf, id=119, 424.86227pt x 256.66881pt>
File: figures/alipay_test.pdf Graphic file (type pdf)
<use figures/alipay_test.pdf>
Package pdftex.def Info: figures/alipay_test.pdf  used on input line 141.
(pdftex.def)             Requested size: 113.80673pt x 66.86156pt.
<figures/four_l.pdf, id=120, 436.24982pt x 361.35172pt>
File: figures/four_l.pdf Graphic file (type pdf)
<use figures/four_l.pdf>
Package pdftex.def Info: figures/four_l.pdf  used on input line 223.
(pdftex.def)             Requested size: 113.81102pt x 94.26901pt.
<figures/alipay_l.pdf, id=121, 436.24982pt x 363.97981pt>
File: figures/alipay_l.pdf Graphic file (type pdf)
<use figures/alipay_l.pdf>
Package pdftex.def Info: figures/alipay_l.pdf  used on input line 224.
(pdftex.def)             Requested size: 113.81102pt x 94.95464pt.

Overfull \hbox (0.82776pt too wide) in paragraph at lines 223--225
 [][]    [] 
 []

[6]
<figures/four_d.pdf, id=125, 471.29074pt x 248.78546pt>
File: figures/four_d.pdf Graphic file (type pdf)
<use figures/four_d.pdf>
Package pdftex.def Info: figures/four_d.pdf  used on input line 245.
(pdftex.def)             Requested size: 113.81102pt x 60.07794pt.
<figures/alipay_d.pdf, id=126, 445.88583pt x 231.265pt>
File: figures/alipay_d.pdf Graphic file (type pdf)
<use figures/alipay_d.pdf>
Package pdftex.def Info: figures/alipay_d.pdf  used on input line 246.
(pdftex.def)             Requested size: 113.81102pt x 59.02649pt.

Overfull \hbox (0.82776pt too wide) in paragraph at lines 245--247
 [][]    [] 
 []


Underfull \hbox (badness 1092) in paragraph at lines 253--257
[]\OT1/ptm/b/n/10 Effect of max-i-mum it-er-a-tion ($\OML/cmm/m/it/10 T$\OT1/pt
m/b/n/10 ). \OT1/ptm/m/n/10 As we an-a-lyzed
 []

) (section/conclusion.tex
Underfull \vbox (badness 7168) has occurred while \output is active []

)
Underfull \hbox (badness 1117) in paragraph at lines 56--56
\OT1/ptm/m/n/10 volup-tas iusto ni-hil pariatur il-lum dig-nis-si-mos nos-trum
 []

[7 <./figures/four_train.pdf> <./figures/four_test.pdf> <./figures/alipay_train
.pdf> <./figures/alipay_test.pdf> <./figures/four_l.pdf> <./figures/alipay_l.pd
f> <./figures/four_d.pdf> <./figures/alipay_d.pdf>] [8

]
No file dmf_changed.bbl.
(dmf_changed.aux)
 ***********
LaTeX2e <2023-06-01> patch level 1
L3 programming layer <2023-08-29>
 ***********


LaTeX Font Warning: Size substitutions with differences
(Font)              up to 4.5pt have occurred.

 ) 
Here is how much of TeX's memory you used:
 5329 strings out of 475247
 88503 string characters out of 5757792
 1964801 words of memory out of 5000000
 26750 multiletter control sequences out of 15000+600000
 589984 words of font info for 107 fonts, out of 8000000 for 9000
 1141 hyphenation exceptions out of 8191
 70i,19n,79p,692b,563s stack positions out of 10000i,1000n,20000p,200000b,200000s
<C:/Users/micha/AppData/Local/Programs/MiKTeX/fonts/type1/public/amsfonts/cm/
cmex10.pfb><C:/Users/micha/AppData/Local/Programs/MiKTeX/fonts/type1/public/ams
fonts/cmextra/cmex9.pfb><C:/Users/micha/AppData/Local/Programs/MiKTeX/fonts/typ
e1/public/amsfonts/cm/cmmi10.pfb><C:/Users/micha/AppData/Local/Programs/MiKTeX/
fonts/type1/public/amsfonts/cm/cmmi12.pfb><C:/Users/micha/AppData/Local/Program
s/MiKTeX/fonts/type1/public/amsfonts/cm/cmmi5.pfb><C:/Users/micha/AppData/Local
/Programs/MiKTeX/fonts/type1/public/amsfonts/cm/cmmi6.pfb><C:/Users/micha/AppDa
ta/Local/Programs/MiKTeX/fonts/type1/public/amsfonts/cm/cmmi7.pfb><C:/Users/mic
ha/AppData/Local/Programs/MiKTeX/fonts/type1/public/amsfonts/cm/cmmi8.pfb><C:/U
sers/micha/AppData/Local/Programs/MiKTeX/fonts/type1/public/amsfonts/cm/cmmi9.p
fb><C:/Users/micha/AppData/Local/Programs/MiKTeX/fonts/type1/public/amsfonts/cm
/cmr10.pfb><C:/Users/micha/AppData/Local/Programs/MiKTeX/fonts/type1/public/ams
fonts/cm/cmr12.pfb><C:/Users/micha/AppData/Local/Programs/MiKTeX/fonts/type1/pu
blic/amsfonts/cm/cmr5.pfb><C:/Users/micha/AppData/Local/Programs/MiKTeX/fonts/t
ype1/public/amsfonts/cm/cmr6.pfb><C:/Users/micha/AppData/Local/Programs/MiKTeX/
fonts/type1/public/amsfonts/cm/cmr7.pfb><C:/Users/micha/AppData/Local/Programs/
MiKTeX/fonts/type1/public/amsfonts/cm/cmr9.pfb><C:/Users/micha/AppData/Local/Pr
ograms/MiKTeX/fonts/type1/public/amsfonts/cm/cmsy10.pfb><C:/Users/micha/AppData
/Local/Programs/MiKTeX/fonts/type1/public/amsfonts/cm/cmsy5.pfb><C:/Users/micha
/AppData/Local/Programs/MiKTeX/fonts/type1/public/amsfonts/cm/cmsy6.pfb><C:/Use
rs/micha/AppData/Local/Programs/MiKTeX/fonts/type1/public/amsfonts/cm/cmsy7.pfb
><C:/Users/micha/AppData/Local/Programs/MiKTeX/fonts/type1/public/amsfonts/cm/c
msy9.pfb><C:/Users/micha/AppData/Local/Programs/MiKTeX/fonts/type1/public/amsfo
nts/symbols/msbm10.pfb><C:/Users/micha/AppData/Local/Programs/MiKTeX/fonts/type
1/public/amsfonts/symbols/msbm7.pfb><C:/Users/micha/AppData/Local/Programs/MiKT
eX/fonts/type1/urw/times/utmb8a.pfb><C:/Users/micha/AppData/Local/Programs/MiKT
eX/fonts/type1/urw/times/utmr8a.pfb><C:/Users/micha/AppData/Local/Programs/MiKT
eX/fonts/type1/urw/times/utmri8a.pfb>
Output written on dmf_changed.pdf (8 pages, 1209777 bytes).
PDF statistics:
 420 PDF objects out of 1000 (max. 8388607)
 0 named destinations out of 1000 (max. 500000)
 61 words of extra memory for PDF output out of 10000 (max. 10000000)

