This is pdfTeX, Version 3.141592653-2.6-1.40.25 (MiKTeX 23.9) (preloaded format=pdflatex 2023.9.22)  30 MAR 2024 16:39
entering extended mode
 restricted \write18 enabled.
 %&-line parsing enabled.
**./main_changed.tex
(main_changed.tex
LaTeX2e <2023-06-01> patch level 1
L3 programming layer <2023-08-29>
(C:\Users\micha\AppData\Local\Programs\MiKTeX\tex/latex/base\article.cls
Document Class: article 2023/05/17 v1.4n Standard LaTeX document class
(C:\Users\micha\AppData\Local\Programs\MiKTeX\tex/latex/base\size10.clo
File: size10.clo 2023/05/17 v1.4n Standard LaTeX file (size option)
)
\c@part=\count185
\c@section=\count186
\c@subsection=\count187
\c@subsubsection=\count188
\c@paragraph=\count189
\c@subparagraph=\count190
\c@figure=\count191
\c@table=\count192
\abovecaptionskip=\skip48
\belowcaptionskip=\skip49
\bibindent=\dimen140
)
(aaai23.sty
Package: aaai23 2023/06/27 AAAI 2023 Submission format

Conference Style for AAAI for LaTeX 2e -- version for submission
\titlebox=\skip50
) (C:\Users\micha\AppData\Local\Programs\MiKTeX\tex/latex/psnfss\times.sty
Package: times 2020/03/25 PSNFSS-v9.3 (SPQR) 
)
(C:\Users\micha\AppData\Local\Programs\MiKTeX\tex/latex/psnfss\helvet.sty
Package: helvet 2020/03/25 PSNFSS-v9.3 (WaS) 

(C:\Users\micha\AppData\Local\Programs\MiKTeX\tex/latex/graphics\keyval.sty
Package: keyval 2022/05/29 v1.15 key=value parser (DPC)
\KV@toks@=\toks17
))
(C:\Users\micha\AppData\Local\Programs\MiKTeX\tex/latex/psnfss\courier.sty
Package: courier 2020/03/25 PSNFSS-v9.3 (WaS) 
)
(C:\Users\micha\AppData\Local\Programs\MiKTeX\tex/latex/url\url.sty
\Urlmuskip=\muskip16
Package: url 2013/09/16  ver 3.4  Verb mode for urls, etc.
)
(C:\Users\micha\AppData\Local\Programs\MiKTeX\tex/latex/graphics\graphicx.sty
Package: graphicx 2021/09/16 v1.2d Enhanced LaTeX Graphics (DPC,SPQR)

(C:\Users\micha\AppData\Local\Programs\MiKTeX\tex/latex/graphics\graphics.sty
Package: graphics 2022/03/10 v1.4e Standard LaTeX Graphics (DPC,SPQR)

(C:\Users\micha\AppData\Local\Programs\MiKTeX\tex/latex/graphics\trig.sty
Package: trig 2021/08/11 v1.11 sin cos tan (DPC)
)
(C:\Users\micha\AppData\Local\Programs\MiKTeX\tex/latex/graphics-cfg\graphics.c
fg
File: graphics.cfg 2016/06/04 v1.11 sample graphics configuration
)
Package graphics Info: Driver file: pdftex.def on input line 107.

(C:\Users\micha\AppData\Local\Programs\MiKTeX\tex/latex/graphics-def\pdftex.def
File: pdftex.def 2022/09/22 v1.2b Graphics/color driver for pdftex
))
\Gin@req@height=\dimen141
\Gin@req@width=\dimen142
) (C:\Users\micha\AppData\Local\Programs\MiKTeX\tex/latex/natbib\natbib.sty
Package: natbib 2010/09/13 8.31b (PWD, AO)
\bibhang=\skip51
\bibsep=\skip52
LaTeX Info: Redefining \cite on input line 694.
\c@NAT@ctr=\count193
)
(C:\Users\micha\AppData\Local\Programs\MiKTeX\tex/latex/caption\caption.sty
Package: caption 2023/07/31 v3.6n Customizing captions (AR)

(C:\Users\micha\AppData\Local\Programs\MiKTeX\tex/latex/caption\caption3.sty
Package: caption3 2023/07/31 v2.4d caption3 kernel (AR)
\caption@tempdima=\dimen143
\captionmargin=\dimen144
\caption@leftmargin=\dimen145
\caption@rightmargin=\dimen146
\caption@width=\dimen147
\caption@indent=\dimen148
\caption@parindent=\dimen149
\caption@hangindent=\dimen150
Package caption Info: Standard document class detected.
)
\c@caption@flags=\count194
\c@continuedfloat=\count195
)
(C:\Users\micha\AppData\Local\Programs\MiKTeX\tex/latex/algorithms\algorithm.st
y
Package: algorithm 2009/08/24 v0.1 Document Style `algorithm' - floating enviro
nment
 (C:\Users\micha\AppData\Local\Programs\MiKTeX\tex/latex/float\float.sty
Package: float 2001/11/08 v1.3d Float enhancements (AL)
\c@float@type=\count196
\float@exts=\toks18
\float@box=\box51
\@float@everytoks=\toks19
\@floatcapt=\box52
)
(C:\Users\micha\AppData\Local\Programs\MiKTeX\tex/latex/base\ifthen.sty
Package: ifthen 2022/04/13 v1.1d Standard LaTeX ifthen package (DPC)
)
\@float@every@algorithm=\toks20
\c@algorithm=\count197
)
(C:\Users\micha\AppData\Local\Programs\MiKTeX\tex/latex/amsmath\amsmath.sty
Package: amsmath 2023/05/13 v2.17o AMS math features
\@mathmargin=\skip53

For additional information on amsmath, use the `?' option.
(C:\Users\micha\AppData\Local\Programs\MiKTeX\tex/latex/amsmath\amstext.sty
Package: amstext 2021/08/26 v2.01 AMS text

(C:\Users\micha\AppData\Local\Programs\MiKTeX\tex/latex/amsmath\amsgen.sty
File: amsgen.sty 1999/11/30 v2.0 generic functions
\@emptytoks=\toks21
\ex@=\dimen151
))
(C:\Users\micha\AppData\Local\Programs\MiKTeX\tex/latex/amsmath\amsbsy.sty
Package: amsbsy 1999/11/29 v1.2d Bold Symbols
\pmbraise@=\dimen152
)
(C:\Users\micha\AppData\Local\Programs\MiKTeX\tex/latex/amsmath\amsopn.sty
Package: amsopn 2022/04/08 v2.04 operator names
)
\inf@bad=\count198
LaTeX Info: Redefining \frac on input line 234.
\uproot@=\count199
\leftroot@=\count266
LaTeX Info: Redefining \overline on input line 399.
LaTeX Info: Redefining \colon on input line 410.
\classnum@=\count267
\DOTSCASE@=\count268
LaTeX Info: Redefining \ldots on input line 496.
LaTeX Info: Redefining \dots on input line 499.
LaTeX Info: Redefining \cdots on input line 620.
\Mathstrutbox@=\box53
\strutbox@=\box54
LaTeX Info: Redefining \big on input line 722.
LaTeX Info: Redefining \Big on input line 723.
LaTeX Info: Redefining \bigg on input line 724.
LaTeX Info: Redefining \Bigg on input line 725.
\big@size=\dimen153
LaTeX Font Info:    Redeclaring font encoding OML on input line 743.
LaTeX Font Info:    Redeclaring font encoding OMS on input line 744.
\macc@depth=\count269
LaTeX Info: Redefining \bmod on input line 905.
LaTeX Info: Redefining \pmod on input line 910.
LaTeX Info: Redefining \smash on input line 940.
LaTeX Info: Redefining \relbar on input line 970.
LaTeX Info: Redefining \Relbar on input line 971.
\c@MaxMatrixCols=\count270
\dotsspace@=\muskip17
\c@parentequation=\count271
\dspbrk@lvl=\count272
\tag@help=\toks22
\row@=\count273
\column@=\count274
\maxfields@=\count275
\andhelp@=\toks23
\eqnshift@=\dimen154
\alignsep@=\dimen155
\tagshift@=\dimen156
\tagwidth@=\dimen157
\totwidth@=\dimen158
\lineht@=\dimen159
\@envbody=\toks24
\multlinegap=\skip54
\multlinetaggap=\skip55
\mathdisplay@stack=\toks25
LaTeX Info: Redefining \[ on input line 2953.
LaTeX Info: Redefining \] on input line 2954.
)
(C:\Users\micha\AppData\Local\Programs\MiKTeX\tex/latex/amscls\amsthm.sty
Package: amsthm 2020/05/29 v2.20.6
\thm@style=\toks26
\thm@bodyfont=\toks27
\thm@headfont=\toks28
\thm@notefont=\toks29
\thm@headpunct=\toks30
\thm@preskip=\skip56
\thm@postskip=\skip57
\thm@headsep=\skip58
\dth@everypar=\toks31
)
(C:\Users\micha\AppData\Local\Programs\MiKTeX\tex/latex/amsfonts\amsfonts.sty
Package: amsfonts 2013/01/14 v3.01 Basic AMSFonts support
\symAMSa=\mathgroup4
\symAMSb=\mathgroup5
LaTeX Font Info:    Redeclaring math symbol \hbar on input line 98.
LaTeX Font Info:    Overwriting math alphabet `\mathfrak' in version `bold'
(Font)                  U/euf/m/n --> U/euf/b/n on input line 106.
)
(C:\Users\micha\AppData\Local\Programs\MiKTeX\tex/latex/amsfonts\amssymb.sty
Package: amssymb 2013/01/14 v3.01 AMS font symbols
)
(C:\Users\micha\AppData\Local\Programs\MiKTeX\tex/latex/tools\bm.sty
Package: bm 2022/01/05 v1.2f Bold Symbol Support (DPC/FMi)
\symboldoperators=\mathgroup6
\symboldletters=\mathgroup7
\symboldsymbols=\mathgroup8
Package bm Info: No bold for \OMX/cmex/m/n, using \pmb.
Package bm Info: No bold for \U/msa/m/n, using \pmb.
Package bm Info: No bold for \U/msb/m/n, using \pmb.
LaTeX Font Info:    Redeclaring math alphabet \mathbf on input line 149.
)
(C:\Users\micha\AppData\Local\Programs\MiKTeX\tex/latex/jknappen\mathrsfs.sty
Package: mathrsfs 1996/01/01 Math RSFS package v1.0 (jk)
\symrsfs=\mathgroup9
)
(C:\Users\micha\AppData\Local\Programs\MiKTeX\tex/latex/multirow\multirow.sty
Package: multirow 2021/03/15 v2.8 Span multiple rows of a table
\multirow@colwidth=\skip59
\multirow@cntb=\count276
\multirow@dima=\skip60
\bigstrutjot=\dimen160
)
(C:\Users\micha\AppData\Local\Programs\MiKTeX\tex/latex/xcolor\xcolor.sty
Package: xcolor 2022/06/12 v2.14 LaTeX color extensions (UK)

(C:\Users\micha\AppData\Local\Programs\MiKTeX\tex/latex/graphics-cfg\color.cfg
File: color.cfg 2016/01/02 v1.6 sample color configuration
)
Package xcolor Info: Driver file: pdftex.def on input line 227.
(C:\Users\micha\AppData\Local\Programs\MiKTeX\tex/latex/colortbl\colortbl.sty
Package: colortbl 2022/06/20 v1.0f Color table columns (DPC)

(C:\Users\micha\AppData\Local\Programs\MiKTeX\tex/latex/tools\array.sty
Package: array 2022/09/04 v2.5g Tabular extension package (FMi)
\col@sep=\dimen161
\ar@mcellbox=\box55
\extrarowheight=\dimen162
\NC@list=\toks32
\extratabsurround=\skip61
\backup@length=\skip62
\ar@cellbox=\box56
)
\everycr=\toks33
\minrowclearance=\skip63
\rownum=\count277
)
(C:\Users\micha\AppData\Local\Programs\MiKTeX\tex/latex/graphics\mathcolor.ltx)
Package xcolor Info: Model `cmy' substituted by `cmy0' on input line 1353.
Package xcolor Info: Model `hsb' substituted by `rgb' on input line 1357.
Package xcolor Info: Model `RGB' extended on input line 1369.
Package xcolor Info: Model `HTML' substituted by `rgb' on input line 1371.
Package xcolor Info: Model `Hsb' substituted by `hsb' on input line 1372.
Package xcolor Info: Model `tHsb' substituted by `hsb' on input line 1373.
Package xcolor Info: Model `HSB' substituted by `hsb' on input line 1374.
Package xcolor Info: Model `Gray' substituted by `gray' on input line 1375.
Package xcolor Info: Model `wave' substituted by `hsb' on input line 1376.
) (C:\Users\micha\AppData\Local\Programs\MiKTeX\tex/latex/booktabs\booktabs.sty
Package: booktabs 2020/01/12 v1.61803398 Publication quality tables
\heavyrulewidth=\dimen163
\lightrulewidth=\dimen164
\cmidrulewidth=\dimen165
\belowrulesep=\dimen166
\belowbottomsep=\dimen167
\aboverulesep=\dimen168
\abovetopsep=\dimen169
\cmidrulesep=\dimen170
\cmidrulekern=\dimen171
\defaultaddspace=\dimen172
\@cmidla=\count278
\@cmidlb=\count279
\@aboverulesep=\dimen173
\@belowrulesep=\dimen174
\@thisruleclass=\count280
\@lastruleclass=\count281
\@thisrulewidth=\dimen175
) (C:\Users\micha\AppData\Local\Programs\MiKTeX\tex/latex/tools\xspace.sty
Package: xspace 2014/10/28 v1.13 Space after command names (DPC,MH)
)
(C:\Users\micha\AppData\Local\Programs\MiKTeX\tex/latex/algorithmicx\algpseudoc
ode.sty
Package: algpseudocode 

(C:\Users\micha\AppData\Local\Programs\MiKTeX\tex/latex/algorithmicx\algorithmi
cx.sty
Package: algorithmicx 2005/04/27 v1.2 Algorithmicx

Document Style algorithmicx 1.2 - a greatly improved `algorithmic' style
\c@ALG@line=\count282
\c@ALG@rem=\count283
\c@ALG@nested=\count284
\ALG@tlm=\skip64
\ALG@thistlm=\skip65
\c@ALG@Lnr=\count285
\c@ALG@blocknr=\count286
\c@ALG@storecount=\count287
\c@ALG@tmpcounter=\count288
\ALG@tmplength=\skip66
)
Document Style - pseudocode environments for use with the `algorithmicx' style
) (C:\Users\micha\AppData\Local\Programs\MiKTeX\tex/latex/base\fontenc.sty
Package: fontenc 2021/04/29 v2.0v Standard LaTeX package
LaTeX Font Info:    Trying to load font information for T1+ptm on input line 11
2.

(C:\Users\micha\AppData\Local\Programs\MiKTeX\tex/latex/psnfss\t1ptm.fd
File: t1ptm.fd 2001/06/04 font definitions for T1/ptm.
))
(C:\Users\micha\AppData\Local\Programs\MiKTeX\tex/latex/enumitem\enumitem.sty
Package: enumitem 2019/06/20 v3.9 Customized lists
\labelindent=\skip67
\enit@outerparindent=\dimen176
\enit@toks=\toks34
\enit@inbox=\box57
\enit@count@id=\count289
\enitdp@description=\count290
)
(C:\Users\micha\AppData\Local\Programs\MiKTeX\tex/latex/varwidth\varwidth.sty
Package: varwidth 2009/03/30 ver 0.92;  Variable-width minipages
\@vwid@box=\box58
\sift@deathcycles=\count291
\@vwid@loff=\dimen177
\@vwid@roff=\dimen178
)
(C:\Users\micha\AppData\Local\Programs\MiKTeX\tex/latex/newfloat\newfloat.sty
Package: newfloat 2023/10/01 v1.2 Defining new floating environments (AR)
)
(C:\Users\micha\AppData\Local\Programs\MiKTeX\tex/latex/listings\listings.sty
\lst@mode=\count292
\lst@gtempboxa=\box59
\lst@token=\toks35
\lst@length=\count293
\lst@currlwidth=\dimen179
\lst@column=\count294
\lst@pos=\count295
\lst@lostspace=\dimen180
\lst@width=\dimen181
\lst@newlines=\count296
\lst@lineno=\count297
\lst@maxwidth=\dimen182

(C:\Users\micha\AppData\Local\Programs\MiKTeX\tex/latex/listings\lstmisc.sty
File: lstmisc.sty 2023/02/27 1.9 (Carsten Heinz)
\c@lstnumber=\count298
\lst@skipnumbers=\count299
\lst@framebox=\box60
)
(C:\Users\micha\AppData\Local\Programs\MiKTeX\tex/latex/listings\listings.cfg
File: listings.cfg 2023/02/27 1.9 listings configuration
))
Package: listings 2023/02/27 1.9 (Carsten Heinz)
\@float@every@listing=\toks36
\c@listing=\count300
(C:\Users\micha\AppData\Local\Programs\MiKTeX\tex/latex/subfig\subfig.sty
Package: subfig 2005/06/28 ver: 1.3 subfig package
\c@KVtest=\count301
\sf@farskip=\skip68
\sf@captopadj=\dimen183
\sf@capskip=\skip69
\sf@nearskip=\skip70
\c@subfigure=\count302
\c@subfigure@save=\count303
\c@lofdepth=\count304
\c@subtable=\count305
\c@subtable@save=\count306
\c@lotdepth=\count307
\sf@top=\skip71
\sf@bottom=\skip72
)
\c@definition=\count308

(C:\Users\micha\AppData\Local\Programs\MiKTeX\tex/latex/l3backend\l3backend-pdf
tex.def
File: l3backend-pdftex.def 2023-04-19 L3 backend support: PDF output (pdfTeX)
\l__color_backend_stack_int=\count309
\l__pdf_internal_box=\box61
) (main_changed.aux)
\openout1 = `main_changed.aux'.

LaTeX Font Info:    Checking defaults for OML/cmm/m/it on input line 136.
LaTeX Font Info:    ... okay on input line 136.
LaTeX Font Info:    Checking defaults for OMS/cmsy/m/n on input line 136.
LaTeX Font Info:    ... okay on input line 136.
LaTeX Font Info:    Checking defaults for OT1/cmr/m/n on input line 136.
LaTeX Font Info:    ... okay on input line 136.
LaTeX Font Info:    Checking defaults for T1/cmr/m/n on input line 136.
LaTeX Font Info:    ... okay on input line 136.
LaTeX Font Info:    Checking defaults for TS1/cmr/m/n on input line 136.
LaTeX Font Info:    ... okay on input line 136.
LaTeX Font Info:    Checking defaults for OMX/cmex/m/n on input line 136.
LaTeX Font Info:    ... okay on input line 136.
LaTeX Font Info:    Checking defaults for U/cmr/m/n on input line 136.
LaTeX Font Info:    ... okay on input line 136.

(C:\Users\micha\AppData\Local\Programs\MiKTeX\tex/context/base/mkii\supp-pdf.mk
ii
[Loading MPS to PDF converter (version 2006.09.02).]
\scratchcounter=\count310
\scratchdimen=\dimen184
\scratchbox=\box62
\nofMPsegments=\count311
\nofMParguments=\count312
\everyMPshowfont=\toks37
\MPscratchCnt=\count313
\MPscratchDim=\dimen185
\MPnumerator=\count314
\makeMPintoPDFobject=\count315
\everyMPtoPDFconversion=\toks38
)
(C:\Users\micha\AppData\Local\Programs\MiKTeX\tex/latex/epstopdf-pkg\epstopdf-b
ase.sty
Package: epstopdf-base 2020-01-24 v2.11 Base part for package epstopdf
Package epstopdf-base Info: Redefining graphics rule for `.eps' on input line 4
85.

(C:\Users\micha\AppData\Local\Programs\MiKTeX\tex/latex/00miktex\epstopdf-sys.c
fg
File: epstopdf-sys.cfg 2021/03/18 v2.0 Configuration of epstopdf for MiKTeX
))
Package caption Info: Begin \AtBeginDocument code.
Package caption Info: subfig package v1.3 is loaded.
Package caption Info: float package is loaded.
Package caption Info: listings package is loaded.
Package caption Info: End \AtBeginDocument code.
Package newfloat Info: `float' package detected.
\c@lstlisting=\count316
\c@eqfn=\count317
\titlearea=\box63
LaTeX Font Info:    Trying to load font information for U+msa on input line 138
.
 (C:\Users\micha\AppData\Local\Programs\MiKTeX\tex/latex/amsfonts\umsa.fd
File: umsa.fd 2013/01/14 v3.01 AMS symbols A
)
LaTeX Font Info:    Trying to load font information for U+msb on input line 138
.

(C:\Users\micha\AppData\Local\Programs\MiKTeX\tex/latex/amsfonts\umsb.fd
File: umsb.fd 2013/01/14 v3.01 AMS symbols B
)
LaTeX Font Info:    Trying to load font information for U+rsfs on input line 13
8.

(C:\Users\micha\AppData\Local\Programs\MiKTeX\tex/latex/jknappen\ursfs.fd
File: ursfs.fd 1998/03/24 rsfs font definition file (jk)
)
\actualheight=\skip73
LaTeX Font Info:    Trying to load font information for TS1+ptm on input line 1
38.

(C:\Users\micha\AppData\Local\Programs\MiKTeX\tex/latex/psnfss\ts1ptm.fd
File: ts1ptm.fd 2001/06/04 font definitions for TS1/ptm.
)
(introduction.tex

Package natbib Warning: Citation `abs-2206-11433' on page 1 undefined on input 
line 9.


Package natbib Warning: Citation `GunesKBP14' on page 1 undefined on input line
 11.


Package natbib Warning: Citation `XingMDSFL13' on page 1 undefined on input lin
e 13.


Package natbib Warning: Citation `YangGC17' on page 1 undefined on input line 1
3.


Package natbib Warning: Citation `LamR04' on page 1 undefined on input line 14.



Package natbib Warning: Citation `DeldjooNM21' on page 1 undefined on input lin
e 15.


Package natbib Warning: Citation `GunesKBP14' on page 1 undefined on input line
 18.


Package natbib Warning: Citation `DeldjooNM21' on page 1 undefined on input lin
e 18.


Package natbib Warning: Citation `ZhangTLSYZG21' on page 1 undefined on input l
ine 21.


Package natbib Warning: Citation `FanDZ0LWT021' on page 1 undefined on input li
ne 21.


Underfull \hbox (badness 1242) in paragraph at lines 30--31
[]\T1/ptm/b/n/10 Property 2: \T1/ptm/m/n/10 When train-ing the at-tacker, other
 data
 []

[1{C:/Users/micha/AppData/Local/MiKTeX/fonts/map/pdftex/pdftex.map}{C:/Users/mi
cha/AppData/Local/Programs/MiKTeX/fonts/enc/dvips/base/8r.enc}



])
(preliminary.tex

Package natbib Warning: Citation `abs-2206-11433' on page 2 undefined on input 
line 7.


Package natbib Warning: Citation `GunesKBP14' on page 2 undefined on input line
 14.


Package natbib Warning: Citation `DeldjooNM21' on page 2 undefined on input lin
e 15.


Package natbib Warning: Citation `YuanHZL19' on page 2 undefined on input line 
15.


Package natbib Warning: Citation `LiWSV16' on page 2 undefined on input line 19
.


Package natbib Warning: Citation `TangWW20' on page 2 undefined on input line 2
0.


Package natbib Warning: Citation `ZhangTLSYZG21' on page 2 undefined on input l
ine 20.


Package natbib Warning: Citation `GoodfellowPMXWOCB14' on page 2 undefined on i
nput line 22.


Package natbib Warning: Citation `WuLGZC21' on page 2 undefined on input line 2
3.


Package natbib Warning: Citation `abs-2206-11433' on page 2 undefined on input 
line 23.


Package natbib Warning: Citation `Christakopoulou19' on page 2 undefined on inp
ut line 23.


Package natbib Warning: Citation `LinC0XLY20' on page 2 undefined on input line
 23.


Package natbib Warning: Citation `ZhangCZWL21' on page 2 undefined on input lin
e 23.


Package natbib Warning: Citation `KaelblingLM96' on page 2 undefined on input l
ine 25.


Package natbib Warning: Citation `SongLHWLLG20' on page 2 undefined on input li
ne 25.


Package natbib Warning: Citation `ZhangLD020' on page 2 undefined on input line
 25.


Package natbib Warning: Citation `FanDZ0LWT021' on page 2 undefined on input li
ne 25.


Package natbib Warning: Citation `GouYMT21' on page 2 undefined on input line 2
7.


Package natbib Warning: Citation `YueHZM21' on page 2 undefined on input line 2
8.


Underfull \hbox (badness 1953) in paragraph at lines 27--29
[]\T1/ptm/b/n/10 KD-based meth-ods \T1/ptm/m/n/10 lever-age Knowl-edge Dis-til-
la-tion
 []



pdfTeX warning: pdflatex (file ./figs/framework.pdf): PDF inclusion: found PDF 
version <1.6>, but at most version <1.5> allowed
<figs/framework.pdf, id=8, 842.94972pt x 200.4539pt>
File: figs/framework.pdf Graphic file (type pdf)
<use figs/framework.pdf>
Package pdftex.def Info: figs/framework.pdf  used on input line 47.
(pdftex.def)             Requested size: 505.89pt x 120.30078pt.
[2]) (method.tex

Package natbib Warning: Citation `ZhaoPXZLY13' on page 3 undefined on input lin
e 8.


Package natbib Warning: Citation `ZhuWCLOW18' on page 3 undefined on input line
 8.


Package natbib Warning: Citation `YangGC17' on page 3 undefined on input line 2
4.


Underfull \hbox (badness 10000) in paragraph at lines 20--27
[]\T1/ptm/m/n/10 PC-Attack does not as-sume that the entity-
 []


Underfull \hbox (badness 2080) in paragraph at lines 20--27
\T1/ptm/m/n/10 correspondences across dif-fer-ent do-main-s/sys-tems ex-ist
 []


Package natbib Warning: Citation `HuangZ11' on page 3 undefined on input line 3
2.


Package natbib Warning: Citation `LiuZGNWZT21' on page 3 undefined on input lin
e 42.


Package natbib Warning: Citation `abs-2103-00111' on page 3 undefined on input 
line 45.


Underfull \hbox (badness 1163) in paragraph at lines 42--47
\T1/ptm/m/it/10 con-trastive learn-ing\T1/ptm/m/n/10 , a type of self-supervise
d learn-ing
 []

[3 <./figs/framework.pdf, page is rotated 90 degrees>]

Package natbib Warning: Citation `TongFP06' on page 4 undefined on input line 5
1.


Package natbib Warning: Citation `YangGC17' on page 4 undefined on input line 5
6.


Package natbib Warning: Citation `XuHLJ19' on page 4 undefined on input line 68
.


Package natbib Warning: Citation `QiuCDZYDWT20' on page 4 undefined on input li
ne 77.


Underfull \hbox (badness 1789) in paragraph at lines 121--122
[]\T1/ptm/m/n/10 The over-all multi-view con-trastive ob-jec-tive of GS-
 []


Package natbib Warning: Citation `SarwarKKR01' on page 4 undefined on input lin
e 135.


Package natbib Warning: Citation `HerlockerKR00' on page 4 undefined on input l
ine 137.


Package natbib Warning: Citation `YangGC17' on page 4 undefined on input line 1
39.

[4]
<Example.pdf, id=93, 614.295pt x 794.97pt>
File: Example.pdf Graphic file (type pdf)
<use Example.pdf>
Package pdftex.def Info: Example.pdf  used on input line 175.
(pdftex.def)             Requested size: 239.39438pt x 309.80658pt.
 [5 <C:/Users/micha/AppData/Local/Programs/MiKTeX/tex/latex/alertmessage/Exampl
e.pdf>]

Package natbib Warning: Citation `LinC0XLY20' on page 6 undefined on input line
 221.


Package natbib Warning: Citation `abs-2206-11433' on page 6 undefined on input 
line 221.

) (experiments.tex

pdfTeX warning: pdflatex (file ./figs/Impact_of_Training_Data_on_filmtrust.pdf)
: PDF inclusion: found PDF version <1.6>, but at most version <1.5> allowed
<figs/Impact_of_Training_Data_on_filmtrust.pdf, id=112, 763.53566pt x 432.70367
pt>
File: figs/Impact_of_Training_Data_on_filmtrust.pdf Graphic file (type pdf)
<use figs/Impact_of_Training_Data_on_filmtrust.pdf>
Package pdftex.def Info: figs/Impact_of_Training_Data_on_filmtrust.pdf  used on
 input line 59.
(pdftex.def)             Requested size: 186.97716pt x 105.9572pt.

Package varwidth Warning: Failed to reprocess entire contents on input line 83.



Package varwidth Warning: Failed to reprocess entire contents on input line 83.




pdfTeX warning: pdflatex (file ./figs/Migration_on_filmtrust.pdf): PDF inclusio
n: found PDF version <1.6>, but at most version <1.5> allowed
<figs/Migration_on_filmtrust.pdf, id=113, 727.8971pt x 428.33356pt>
File: figs/Migration_on_filmtrust.pdf Graphic file (type pdf)
<use figs/Migration_on_filmtrust.pdf>
Package pdftex.def Info: figs/Migration_on_filmtrust.pdf  used on input line 11
9.
(pdftex.def)             Requested size: 169.97894pt x 100.02441pt.

Package varwidth Warning: Failed to reprocess entire contents on input line 144
.


Package varwidth Warning: Failed to reprocess entire contents on input line 144
.


Package natbib Warning: Citation `LinC0XLY20' on page 6 undefined on input line
 183.


Package natbib Warning: Citation `abs-2206-11433' on page 6 undefined on input 
line 183.


Package natbib Warning: Citation `abs-2206-11433' on page 6 undefined on input 
line 193.


Package natbib Warning: Citation `TangWW20' on page 6 undefined on input line 1
93.


Package natbib Warning: Citation `WuLGZC21' on page 6 undefined on input line 1
93.


Package natbib Warning: Citation `abs-2206-11433' on page 6 undefined on input 
line 193.


Package natbib Warning: Citation `LinC0XLY20' on page 6 undefined on input line
 193.


Package natbib Warning: Citation `HeLZNHC17' on page 6 undefined on input line 
198.


Package natbib Warning: Citation `HuKV08' on page 6 undefined on input line 198
.


Package natbib Warning: Citation `0001DWLZ020' on page 6 undefined on input lin
e 198.


Package natbib Warning: Citation `Wang0WFC19' on page 6 undefined on input line
 198.


Package natbib Warning: Citation `LiangKHJ18' on page 6 undefined on input line
 198.


Package natbib Warning: Citation `WuDZE16' on page 6 undefined on input line 19
8.


Package natbib Warning: Citation `SedhainMSX15' on page 6 undefined on input li
ne 198.


Package natbib Warning: Citation `BurkeMBW05' on page 6 undefined on input line
 204.

[6]
Underfull \hbox (badness 1215) in paragraph at lines 260--263
\T1/ptm/m/n/10 Attack can learn graph topol-ogy from mul-ti-ple source
 []


Underfull \vbox (badness 2635) has occurred while \output is active []



Package natbib Warning: Citation `ZhangT0LCM15' on page 7 undefined on input li
ne 273.


Package natbib Warning: Citation `van2008visualizing' on page 7 undefined on in
put line 287.

[7 <./figs/Impact_of_Training_Data_on_filmtrust.pdf, page is rotated 90 degrees
>]

pdfTeX warning: pdflatex (file ./figs/Tsne_automotive_attacker_88.pdf): PDF inc
lusion: found PDF version <1.6>, but at most version <1.5> allowed
<figs/Tsne_automotive_attacker_88.pdf, id=141, 458.04024pt x 238.32439pt>
File: figs/Tsne_automotive_attacker_88.pdf Graphic file (type pdf)
<use figs/Tsne_automotive_attacker_88.pdf>
Package pdftex.def Info: figs/Tsne_automotive_attacker_88.pdf  used on input li
ne 296.
(pdftex.def)             Requested size: 114.90826pt x 59.78822pt.


pdfTeX warning: pdflatex (file ./figs/Tsne_filmtrust_attacker_5.pdf): PDF inclu
sion: found PDF version <1.6>, but at most version <1.5> allowed
<figs/Tsne_filmtrust_attacker_5.pdf, id=142, 456.73438pt x 236.69228pt>
File: figs/Tsne_filmtrust_attacker_5.pdf Graphic file (type pdf)
<use figs/Tsne_filmtrust_attacker_5.pdf>
Package pdftex.def Info: figs/Tsne_filmtrust_attacker_5.pdf  used on input line
 299.
(pdftex.def)             Requested size: 114.90826pt x 59.54852pt.


pdfTeX warning: pdflatex (file ./figs/Impact_of_center_on_filmtrust_aga_wmf.pdf
): PDF inclusion: found PDF version <1.6>, but at most version <1.5> allowed
<figs/Impact_of_center_on_filmtrust_aga_wmf.pdf, id=143, 758.157pt x 419.25572p
t>
File: figs/Impact_of_center_on_filmtrust_aga_wmf.pdf Graphic file (type pdf)
<use figs/Impact_of_center_on_filmtrust_aga_wmf.pdf>
Package pdftex.def Info: figs/Impact_of_center_on_filmtrust_aga_wmf.pdf  used o
n input line 310.
(pdftex.def)             Requested size: 191.51622pt x 105.90761pt.

Underfull \vbox (badness 4832) has occurred while \output is active []

 [8 <./figs/Migration_on_filmtrust.pdf, page is rotated 90 degrees> <./figs/Tsn
e_automotive_attacker_88.pdf, page is rotated 90 degrees> <./figs/Tsne_filmtrus
t_attacker_5.pdf, page is rotated 90 degrees> <./figs/Impact_of_center_on_filmt
rust_aga_wmf.pdf, page is rotated 90 degrees>]) (conclude.tex)
No file main_changed.bbl.

Underfull \vbox (badness 10000) has occurred while \output is active []

 [9]

Package natbib Warning: There were undefined citations.

[10

] (main_changed.aux)
 ***********
LaTeX2e <2023-06-01> patch level 1
L3 programming layer <2023-08-29>
 ***********
 ) 
Here is how much of TeX's memory you used:
 8686 strings out of 475247
 138236 string characters out of 5757792
 1971801 words of memory out of 5000000
 30036 multiletter control sequences out of 15000+600000
 619219 words of font info for 144 fonts, out of 8000000 for 9000
 1141 hyphenation exceptions out of 8191
 57i,22n,65p,3484b,409s stack positions out of 10000i,1000n,20000p,200000b,200000s
<C:/Users/micha/AppData/Local/Programs/MiKTeX/fonts/type1/public/amsfonts/cm/
cmbx10.pfb><C:/Users/micha/AppData/Local/Programs/MiKTeX/fonts/type1/public/ams
fonts/cm/cmex10.pfb><C:/Users/micha/AppData/Local/Programs/MiKTeX/fonts/type1/p
ublic/amsfonts/cm/cmmi10.pfb><C:/Users/micha/AppData/Local/Programs/MiKTeX/font
s/type1/public/amsfonts/cm/cmmi5.pfb><C:/Users/micha/AppData/Local/Programs/MiK
TeX/fonts/type1/public/amsfonts/cm/cmmi7.pfb><C:/Users/micha/AppData/Local/Prog
rams/MiKTeX/fonts/type1/public/amsfonts/cm/cmmib10.pfb><C:/Users/micha/AppData/
Local/Programs/MiKTeX/fonts/type1/public/amsfonts/cmextra/cmmib7.pfb><C:/Users/
micha/AppData/Local/Programs/MiKTeX/fonts/type1/public/amsfonts/cm/cmr10.pfb><C
:/Users/micha/AppData/Local/Programs/MiKTeX/fonts/type1/public/amsfonts/cm/cmr7
.pfb><C:/Users/micha/AppData/Local/Programs/MiKTeX/fonts/type1/public/amsfonts/
cm/cmsy10.pfb><C:/Users/micha/AppData/Local/Programs/MiKTeX/fonts/type1/public/
amsfonts/cm/cmsy7.pfb><C:/Users/micha/AppData/Local/Programs/MiKTeX/fonts/type1
/public/amsfonts/cm/cmti10.pfb><C:/Users/micha/AppData/Local/Programs/MiKTeX/fo
nts/type1/public/amsfonts/cm/cmti7.pfb><C:/Users/micha/AppData/Local/Programs/M
iKTeX/fonts/type1/public/amsfonts/symbols/msam10.pfb><C:/Users/micha/AppData/Lo
cal/Programs/MiKTeX/fonts/type1/urw/times/utmb8a.pfb><C:/Users/micha/AppData/Lo
cal/Programs/MiKTeX/fonts/type1/urw/times/utmr8a.pfb><C:/Users/micha/AppData/Lo
cal/Programs/MiKTeX/fonts/type1/urw/times/utmri8a.pfb>
Output written on main_changed.pdf (10 pages, 546007 bytes).
PDF statistics:
 248 PDF objects out of 1000 (max. 8388607)
 0 named destinations out of 1000 (max. 500000)
 36 words of extra memory for PDF output out of 10000 (max. 10000000)

