This is pdfTeX, Version 3.141592653-2.6-1.40.25 (MiKTeX 23.9) (preloaded format=pdflatex 2023.9.22)  30 MAR 2024 16:45
entering extended mode
 restricted \write18 enabled.
 %&-line parsing enabled.
**./pred-camera-ready_changed.tex
(pred-camera-ready_changed.tex
LaTeX2e <2023-06-01> patch level 1
L3 programming layer <2023-08-29>
(C:\Users\micha\AppData\Local\Programs\MiKTeX\tex/latex/base\article.cls
Document Class: article 2023/05/17 v1.4n Standard LaTeX document class
(C:\Users\micha\AppData\Local\Programs\MiKTeX\tex/latex/base\size10.clo
File: size10.clo 2023/05/17 v1.4n Standard LaTeX file (size option)
)
\c@part=\count185
\c@section=\count186
\c@subsection=\count187
\c@subsubsection=\count188
\c@paragraph=\count189
\c@subparagraph=\count190
\c@figure=\count191
\c@table=\count192
\abovecaptionskip=\skip48
\belowcaptionskip=\skip49
\bibindent=\dimen140
)
(aaai.sty
Conference Style for AAAI for LaTeX 2e -- version of 1 December 2013
\titlebox=\skip50
) (C:\Users\micha\AppData\Local\Programs\MiKTeX\tex/latex/psnfss\times.sty
Package: times 2020/03/25 PSNFSS-v9.3 (SPQR) 
)
(C:\Users\micha\AppData\Local\Programs\MiKTeX\tex/latex/psnfss\helvet.sty
Package: helvet 2020/03/25 PSNFSS-v9.3 (WaS) 

(C:\Users\micha\AppData\Local\Programs\MiKTeX\tex/latex/graphics\keyval.sty
Package: keyval 2022/05/29 v1.15 key=value parser (DPC)
\KV@toks@=\toks17
))
(C:\Users\micha\AppData\Local\Programs\MiKTeX\tex/latex/psnfss\courier.sty
Package: courier 2020/03/25 PSNFSS-v9.3 (WaS) 
)
(C:\Users\micha\AppData\Local\Programs\MiKTeX\tex/latex/multirow\multirow.sty
Package: multirow 2021/03/15 v2.8 Span multiple rows of a table
\multirow@colwidth=\skip51
\multirow@cntb=\count193
\multirow@dima=\skip52
\bigstrutjot=\dimen141
)
(C:\Users\micha\AppData\Local\Programs\MiKTeX\tex/latex/tools\array.sty
Package: array 2022/09/04 v2.5g Tabular extension package (FMi)
\col@sep=\dimen142
\ar@mcellbox=\box51
\extrarowheight=\dimen143
\NC@list=\toks18
\extratabsurround=\skip53
\backup@length=\skip54
\ar@cellbox=\box52
)
(C:\Users\micha\AppData\Local\Programs\MiKTeX\tex/latex/url\url.sty
\Urlmuskip=\muskip16
Package: url 2013/09/16  ver 3.4  Verb mode for urls, etc.
)
(C:\Users\micha\AppData\Local\Programs\MiKTeX\tex/latex/comment\comment.sty
\CommentStream=\write3

Excluding comment 'comment')
(C:\Users\micha\AppData\Local\Programs\MiKTeX\tex/latex/subfigure\subfigure.sty
Package: subfigure 2002/07/30 v2.1.4 subfigure package
\subfigtopskip=\skip55
\subfigcapskip=\skip56
\subfigcaptopadj=\dimen144
\subfigbottomskip=\skip57
\subfigcapmargin=\dimen145
\subfiglabelskip=\skip58
\c@subfigure=\count194
\c@lofdepth=\count195
\c@subtable=\count196
\c@lotdepth=\count197
****************************************
* Local config file subfigure.cfg used *
****************************************

(C:\Users\micha\AppData\Local\Programs\MiKTeX\tex/latex/subfigure\subfigure.cfg
)
\subfig@top=\skip59
\subfig@bottom=\skip60
)
(C:\Users\micha\AppData\Local\Programs\MiKTeX\tex/latex/graphics\graphics.sty
Package: graphics 2022/03/10 v1.4e Standard LaTeX Graphics (DPC,SPQR)

(C:\Users\micha\AppData\Local\Programs\MiKTeX\tex/latex/graphics\trig.sty
Package: trig 2021/08/11 v1.11 sin cos tan (DPC)
)
(C:\Users\micha\AppData\Local\Programs\MiKTeX\tex/latex/graphics-cfg\graphics.c
fg
File: graphics.cfg 2016/06/04 v1.11 sample graphics configuration
)
Package graphics Info: Driver file: pdftex.def on input line 107.

(C:\Users\micha\AppData\Local\Programs\MiKTeX\tex/latex/graphics-def\pdftex.def
File: pdftex.def 2022/09/22 v1.2b Graphics/color driver for pdftex
)) (C:\Users\micha\AppData\Local\Programs\MiKTeX\tex/latex/graphics\epsfig.sty
Package: epsfig 2017/06/25 v1.7b (e)psfig emulation (SPQR)

(C:\Users\micha\AppData\Local\Programs\MiKTeX\tex/latex/graphics\graphicx.sty
Package: graphicx 2021/09/16 v1.2d Enhanced LaTeX Graphics (DPC,SPQR)
\Gin@req@height=\dimen146
\Gin@req@width=\dimen147
)
\epsfxsize=\dimen148
\epsfysize=\dimen149
) (C:\Users\micha\AppData\Local\Programs\MiKTeX\tex/latex/amsfonts\amssymb.sty
Package: amssymb 2013/01/14 v3.01 AMS font symbols

(C:\Users\micha\AppData\Local\Programs\MiKTeX\tex/latex/amsfonts\amsfonts.sty
Package: amsfonts 2013/01/14 v3.01 Basic AMSFonts support
\@emptytoks=\toks19
\symAMSa=\mathgroup4
\symAMSb=\mathgroup5
LaTeX Font Info:    Redeclaring math symbol \hbar on input line 98.
LaTeX Font Info:    Overwriting math alphabet `\mathfrak' in version `bold'
(Font)                  U/euf/m/n --> U/euf/b/n on input line 106.
)) (C:\Users\micha\AppData\Local\Programs\MiKTeX\tex/latex/amsmath\amsmath.sty
Package: amsmath 2023/05/13 v2.17o AMS math features
\@mathmargin=\skip61

For additional information on amsmath, use the `?' option.
(C:\Users\micha\AppData\Local\Programs\MiKTeX\tex/latex/amsmath\amstext.sty
Package: amstext 2021/08/26 v2.01 AMS text

(C:\Users\micha\AppData\Local\Programs\MiKTeX\tex/latex/amsmath\amsgen.sty
File: amsgen.sty 1999/11/30 v2.0 generic functions
\@emptytoks=\toks20
\ex@=\dimen150
))
(C:\Users\micha\AppData\Local\Programs\MiKTeX\tex/latex/amsmath\amsbsy.sty
Package: amsbsy 1999/11/29 v1.2d Bold Symbols
\pmbraise@=\dimen151
)
(C:\Users\micha\AppData\Local\Programs\MiKTeX\tex/latex/amsmath\amsopn.sty
Package: amsopn 2022/04/08 v2.04 operator names
)
\inf@bad=\count198
LaTeX Info: Redefining \frac on input line 234.
\uproot@=\count199
\leftroot@=\count266
LaTeX Info: Redefining \overline on input line 399.
LaTeX Info: Redefining \colon on input line 410.
\classnum@=\count267
\DOTSCASE@=\count268
LaTeX Info: Redefining \ldots on input line 496.
LaTeX Info: Redefining \dots on input line 499.
LaTeX Info: Redefining \cdots on input line 620.
\Mathstrutbox@=\box53
\strutbox@=\box54
LaTeX Info: Redefining \big on input line 722.
LaTeX Info: Redefining \Big on input line 723.
LaTeX Info: Redefining \bigg on input line 724.
LaTeX Info: Redefining \Bigg on input line 725.
\big@size=\dimen152
LaTeX Font Info:    Redeclaring font encoding OML on input line 743.
LaTeX Font Info:    Redeclaring font encoding OMS on input line 744.
\macc@depth=\count269
LaTeX Info: Redefining \bmod on input line 905.
LaTeX Info: Redefining \pmod on input line 910.
LaTeX Info: Redefining \smash on input line 940.
LaTeX Info: Redefining \relbar on input line 970.
LaTeX Info: Redefining \Relbar on input line 971.
\c@MaxMatrixCols=\count270
\dotsspace@=\muskip17
\c@parentequation=\count271
\dspbrk@lvl=\count272
\tag@help=\toks21
\row@=\count273
\column@=\count274
\maxfields@=\count275
\andhelp@=\toks22
\eqnshift@=\dimen153
\alignsep@=\dimen154
\tagshift@=\dimen155
\tagwidth@=\dimen156
\totwidth@=\dimen157
\lineht@=\dimen158
\@envbody=\toks23
\multlinegap=\skip62
\multlinetaggap=\skip63
\mathdisplay@stack=\toks24
LaTeX Info: Redefining \[ on input line 2953.
LaTeX Info: Redefining \] on input line 2954.
)
LaTeX Font Info:    Trying to load font information for OT1+ptm on input line 3
4.

(C:\Users\micha\AppData\Local\Programs\MiKTeX\tex/latex/psnfss\ot1ptm.fd
File: ot1ptm.fd 2001/06/04 font definitions for OT1/ptm.
)
(C:\Users\micha\AppData\Local\Programs\MiKTeX\tex/latex/l3backend\l3backend-pdf
tex.def
File: l3backend-pdftex.def 2023-04-19 L3 backend support: PDF output (pdfTeX)
\l__color_backend_stack_int=\count276
\l__pdf_internal_box=\box55
) (pred-camera-ready_changed.aux)
\openout1 = `pred-camera-ready_changed.aux'.

LaTeX Font Info:    Checking defaults for OML/cmm/m/it on input line 34.
LaTeX Font Info:    ... okay on input line 34.
LaTeX Font Info:    Checking defaults for OMS/cmsy/m/n on input line 34.
LaTeX Font Info:    ... okay on input line 34.
LaTeX Font Info:    Checking defaults for OT1/cmr/m/n on input line 34.
LaTeX Font Info:    ... okay on input line 34.
LaTeX Font Info:    Checking defaults for T1/cmr/m/n on input line 34.
LaTeX Font Info:    ... okay on input line 34.
LaTeX Font Info:    Checking defaults for TS1/cmr/m/n on input line 34.
LaTeX Font Info:    ... okay on input line 34.
LaTeX Font Info:    Checking defaults for OMX/cmex/m/n on input line 34.
LaTeX Font Info:    ... okay on input line 34.
LaTeX Font Info:    Checking defaults for U/cmr/m/n on input line 34.
LaTeX Font Info:    ... okay on input line 34.

(C:\Users\micha\AppData\Local\Programs\MiKTeX\tex/context/base/mkii\supp-pdf.mk
ii
[Loading MPS to PDF converter (version 2006.09.02).]
\scratchcounter=\count277
\scratchdimen=\dimen159
\scratchbox=\box56
\nofMPsegments=\count278
\nofMParguments=\count279
\everyMPshowfont=\toks25
\MPscratchCnt=\count280
\MPscratchDim=\dimen160
\MPnumerator=\count281
\makeMPintoPDFobject=\count282
\everyMPtoPDFconversion=\toks26
)
(C:\Users\micha\AppData\Local\Programs\MiKTeX\tex/latex/epstopdf-pkg\epstopdf-b
ase.sty
Package: epstopdf-base 2020-01-24 v2.11 Base part for package epstopdf

(C:\Users\micha\AppData\Local\Programs\MiKTeX\tex/generic/infwarerr\infwarerr.s
ty
Package: infwarerr 2019/12/03 v1.5 Providing info/warning/error messages (HO)
) (C:\Users\micha\AppData\Local\Programs\MiKTeX\tex/latex/grfext\grfext.sty
Package: grfext 2019/12/03 v1.3 Manage graphics extensions (HO)

(C:\Users\micha\AppData\Local\Programs\MiKTeX\tex/generic/kvdefinekeys\kvdefine
keys.sty
Package: kvdefinekeys 2019-12-19 v1.6 Define keys (HO)
))
(C:\Users\micha\AppData\Local\Programs\MiKTeX\tex/latex/kvoptions\kvoptions.sty
Package: kvoptions 2022-06-15 v3.15 Key value format for package options (HO)
(C:\Users\micha\AppData\Local\Programs\MiKTeX\tex/generic/ltxcmds\ltxcmds.sty
Package: ltxcmds 2023-12-04 v1.26 LaTeX kernel commands for general use (HO)
)
(C:\Users\micha\AppData\Local\Programs\MiKTeX\tex/latex/kvsetkeys\kvsetkeys.sty
Package: kvsetkeys 2022-10-05 v1.19 Key value parser (HO)
))
(C:\Users\micha\AppData\Local\Programs\MiKTeX\tex/generic/pdftexcmds\pdftexcmds
.sty
Package: pdftexcmds 2020-06-27 v0.33 Utility functions of pdfTeX for LuaTeX (HO
)
 (C:\Users\micha\AppData\Local\Programs\MiKTeX\tex/generic/iftex\iftex.sty
Package: iftex 2022/02/03 v1.0f TeX engine tests
)
Package pdftexcmds Info: \pdf@primitive is available.
Package pdftexcmds Info: \pdf@ifprimitive is available.
Package pdftexcmds Info: \pdfdraftmode found.
)
Package epstopdf-base Info: Redefining graphics rule for `.eps' on input line 4
85.
Package grfext Info: Graphics extension search list:
(grfext)             [.pdf,.png,.jpg,.mps,.jpeg,.jbig2,.jb2,.PDF,.PNG,.JPG,.JPE
G,.JBIG2,.JB2,.eps]
(grfext)             \AppendGraphicsExtensions on input line 504.

(C:\Users\micha\AppData\Local\Programs\MiKTeX\tex/latex/00miktex\epstopdf-sys.c
fg
File: epstopdf-sys.cfg 2021/03/18 v2.0 Configuration of epstopdf for MiKTeX
))
LaTeX Font Info:    Trying to load font information for U+msa on input line 45.

 (C:\Users\micha\AppData\Local\Programs\MiKTeX\tex/latex/amsfonts\umsa.fd
File: umsa.fd 2013/01/14 v3.01 AMS symbols A
)
LaTeX Font Info:    Trying to load font information for U+msb on input line 45.


(C:\Users\micha\AppData\Local\Programs\MiKTeX\tex/latex/amsfonts\umsb.fd
File: umsb.fd 2013/01/14 v3.01 AMS symbols B
)
LaTeX Font Info:    Trying to load font information for TS1+ptm on input line 4
5.

(C:\Users\micha\AppData\Local\Programs\MiKTeX\tex/latex/psnfss\ts1ptm.fd
File: ts1ptm.fd 2001/06/04 font definitions for TS1/ptm.
)

LaTeX Warning: Citation `meme' on page 1 undefined on input line 65.


LaTeX Warning: Citation `daley_epidemics_1964' on page 1 undefined on input lin
e 65.


LaTeX Warning: Citation `goffman1964nature' on page 1 undefined on input line 6
5.


LaTeX Warning: Citation `Vespignani2009' on page 1 undefined on input line 65.


LaTeX Warning: Citation `Lazer2009' on page 1 undefined on input line 65.


LaTeX Warning: Citation `Berger:2009viral' on page 1 undefined on input line 70
.


LaTeX Warning: Citation `cataldi2010' on page 1 undefined on input line 70.


LaTeX Warning: Citation `Salganik2006music' on page 1 undefined on input line 7
0.


LaTeX Warning: Citation `Kitsak2010kcore' on page 1 undefined on input line 70.



LaTeX Warning: Citation `Mei2012tags' on page 1 undefined on input line 70.


LaTeX Warning: Citation `Centola2010SpreadExp' on page 1 undefined on input lin
e 70.


LaTeX Warning: Citation `Weng:2012scirep' on page 1 undefined on input line 70.



LaTeX Warning: Citation `pinto2013using' on page 1 undefined on input line 70.


LaTeX Warning: Citation `Jamali2009digging' on page 1 undefined on input line 7
6.


LaTeX Warning: Citation `asur_trends_2011' on page 1 undefined on input line 76
.


LaTeX Warning: Citation `Yang2011temporal' on page 1 undefined on input line 76
.


LaTeX Warning: Citation `Lerman2010www' on page 1 undefined on input line 79.


LaTeX Warning: Citation `Jamali2009digging' on page 1 undefined on input line 7
9.


LaTeX Warning: Citation `Suh2010' on page 1 undefined on input line 79.


LaTeX Warning: Citation `Hong2011popu' on page 1 undefined on input line 79.


LaTeX Warning: Citation `Mei2012tags' on page 1 undefined on input line 79.


LaTeX Warning: Citation `romero2011popu' on page 1 undefined on input line 79.


LaTeX Warning: Citation `ma2013predicting' on page 1 undefined on input line 79
.


LaTeX Warning: Citation `fortunato2010community' on page 1 undefined on input l
ine 83.


LaTeX Warning: Citation `Kitsak2010kcore' on page 1 undefined on input line 85.



LaTeX Warning: Citation `cha2010measuring' on page 1 undefined on input line 85
.


LaTeX Warning: Citation `Suh2010' on page 1 undefined on input line 85.


LaTeX Warning: Citation `bakshy_everyones_2011' on page 1 undefined on input li
ne 85.


LaTeX Warning: Citation `weng2013viral' on page 1 undefined on input line 87.


Underfull \hbox (badness 2245) in paragraph at lines 83--89
\OT1/ptm/m/n/10 struc-ture, par-tic-u-larly \OT1/ptm/m/it/10 com-mu-ni-ties\OT1
/ptm/m/n/10 ---defined as densely
 []


LaTeX Warning: Citation `Berger:2009viral' on page 1 undefined on input line 10
5.


LaTeX Warning: Citation `Berger:2009viral' on page 1 undefined on input line 10
5.


LaTeX Warning: Citation `Guerini2011text' on page 1 undefined on input line 105
.


LaTeX Warning: Citation `Guerini2011text' on page 1 undefined on input line 105
.


LaTeX Warning: Citation `tsur2012wsdm' on page 1 undefined on input line 107.


LaTeX Warning: Citation `tsur2012wsdm' on page 1 undefined on input line 107.


LaTeX Warning: Citation `Salganik2006music' on page 1 undefined on input line 1
10.


LaTeX Warning: Citation `muchnik2013' on page 1 undefined on input line 110.

[1{C:/Users/micha/AppData/Local/MiKTeX/fonts/map/pdftex/pdftex.map}{C:/Users/mi
cha/AppData/Local/Programs/MiKTeX/fonts/enc/dvips/base/8r.enc}



]

LaTeX Warning: Citation `Weng:2012scirep' on page 2 undefined on input line 116
.


LaTeX Warning: Citation `Mei2012tags' on page 2 undefined on input line 117.


LaTeX Warning: Citation `cha2010measuring' on page 2 undefined on input line 11
9.


LaTeX Warning: Citation `Suh2010' on page 2 undefined on input line 119.


LaTeX Warning: Citation `tang2009social' on page 2 undefined on input line 120.



LaTeX Warning: Citation `weng2010twitterrank' on page 2 undefined on input line
 120.


LaTeX Warning: Citation `romero2011influence' on page 2 undefined on input line
 121.


LaTeX Warning: Citation `Suh2010' on page 2 undefined on input line 121.


LaTeX Warning: Citation `Kitsak2010kcore' on page 2 undefined on input line 121
.


LaTeX Warning: Citation `bakshy_everyones_2011' on page 2 undefined on input li
ne 121.


LaTeX Warning: Citation `daley_epidemics_1964' on page 2 undefined on input lin
e 125.


LaTeX Warning: Citation `goffman1964nature' on page 2 undefined on input line 1
25.


LaTeX Warning: Citation `vesp2008book' on page 2 undefined on input line 125.


LaTeX Warning: Citation `vespignani2001SISonSF' on page 2 undefined on input li
ne 125.


LaTeX Warning: Citation `weng2013shortcut' on page 2 undefined on input line 12
5.


LaTeX Warning: Citation `vespignani2001SISonSF' on page 2 undefined on input li
ne 125.


LaTeX Warning: Citation `Watts2002' on page 2 undefined on input line 125.


LaTeX Warning: Citation `newman2006modularity' on page 2 undefined on input lin
e 125.


LaTeX Warning: Citation `Rosvall2008InfoMap' on page 2 undefined on input line 
125.


LaTeX Warning: Citation `Ahn2010LinkCommunity' on page 2 undefined on input lin
e 125.


LaTeX Warning: Citation `fortunato2010community' on page 2 undefined on input l
ine 125.


LaTeX Warning: Citation `weak_ties_1973' on page 2 undefined on input line 125.



LaTeX Warning: Citation `JP2007pnas' on page 2 undefined on input line 125.


LaTeX Warning: Citation `Rosvall2008InfoMap' on page 2 undefined on input line 
125.


LaTeX Warning: Citation `colbaugh2012early' on page 2 undefined on input line 1
25.


LaTeX Warning: Citation `weng2013viral' on page 2 undefined on input line 125.


LaTeX Warning: Citation `contagion1985' on page 2 undefined on input line 130.


LaTeX Warning: Citation `goffman1964nature' on page 2 undefined on input line 1
30.


LaTeX Warning: Citation `daley_epidemics_1964' on page 2 undefined on input lin
e 130.


LaTeX Warning: Citation `threshold_model' on page 2 undefined on input line 130
.


LaTeX Warning: Citation `Centola2010SpreadExp' on page 2 undefined on input lin
e 130.


LaTeX Warning: Citation `romero_differences_2011' on page 2 undefined on input 
line 130.


LaTeX Warning: Citation `Brown:1987kx' on page 2 undefined on input line 132.


LaTeX Warning: Citation `weak_ties_1973' on page 2 undefined on input line 132.



LaTeX Warning: Citation `Leskovec2007viral' on page 2 undefined on input line 1
32.


LaTeX Warning: Citation `Mason2008propagation' on page 2 undefined on input lin
e 132.


LaTeX Warning: Citation `aral2011viral' on page 2 undefined on input line 132.


LaTeX Warning: Citation `wu_novelty_2007' on page 2 undefined on input line 136
.


LaTeX Warning: Citation `romero_differences_2011' on page 2 undefined on input 
line 136.


LaTeX Warning: Citation `asur_trends_2011' on page 2 undefined on input line 13
6.


LaTeX Warning: Citation `Yang2011temporal' on page 2 undefined on input line 13
6.


LaTeX Warning: Citation `Cattuto2012WWW' on page 2 undefined on input line 136.



LaTeX Warning: Citation `Gaffney1999KDD' on page 2 undefined on input line 136.



LaTeX Warning: Citation `Lee2007TrajClus' on page 2 undefined on input line 136
.


LaTeX Warning: Citation `MacNames1998' on page 2 undefined on input line 136.


LaTeX Warning: Citation `Lenser2005ICRA' on page 2 undefined on input line 136.



LaTeX Warning: Citation `Kaltenbrunner2007Slashdot' on page 2 undefined on inpu
t line 136.


LaTeX Warning: Citation `Becker2011icwsm' on page 2 undefined on input line 137
.


LaTeX Warning: Citation `cataldi2010' on page 2 undefined on input line 137.


LaTeX Warning: Citation `Jamali2009digging' on page 2 undefined on input line 1
44.


LaTeX Warning: Citation `Szabo2010pred' on page 2 undefined on input line 144.


LaTeX Warning: Citation `Lerman2010www' on page 2 undefined on input line 144.


LaTeX Warning: Citation `Szabo2010pred' on page 2 undefined on input line 145.


LaTeX Warning: Citation `Szabo2010pred' on page 2 undefined on input line 145.


LaTeX Warning: Citation `Jamali2009digging' on page 2 undefined on input line 1
45.


LaTeX Warning: Citation `Jamali2009digging' on page 2 undefined on input line 1
45.


LaTeX Warning: Citation `Lerman2010www' on page 2 undefined on input line 148.


LaTeX Warning: Citation `Lerman2010www' on page 2 undefined on input line 148.


LaTeX Warning: Citation `Suh2010' on page 2 undefined on input line 152.


LaTeX Warning: Citation `Mei2012tags' on page 2 undefined on input line 152.


LaTeX Warning: Citation `Mei2012tags' on page 2 undefined on input line 152.


LaTeX Warning: Citation `tsur2012wsdm' on page 2 undefined on input line 153.


LaTeX Warning: Citation `bakshy_everyones_2011' on page 2 undefined on input li
ne 153.


LaTeX Warning: Citation `Salganik2006music' on page 2 undefined on input line 1
53.


LaTeX Warning: Citation `Bandari2012pred' on page 2 undefined on input line 153
.


LaTeX Warning: Citation `romero2011popu' on page 2 undefined on input line 153.



LaTeX Warning: Citation `ma2013predicting' on page 2 undefined on input line 15
3.


LaTeX Warning: Citation `Cheng14CanCascadesBePredicted' on page 2 undefined on 
input line 155.


LaTeX Warning: Citation `Cheng14CanCascadesBePredicted' on page 2 undefined on 
input line 155.


Overfull \hbox (3.65376pt too wide) in paragraph at lines 175--175
[]|[]| 
 []


LaTeX Warning: Citation `meme' on page 2 undefined on input line 201.

LaTeX Font Info:    Trying to load font information for OT1+pcr on input line 2
04.
(C:\Users\micha\AppData\Local\Programs\MiKTeX\tex/latex/psnfss\ot1pcr.fd
File: ot1pcr.fd 2001/06/04 font definitions for OT1/pcr.
)

LaTeX Warning: Citation `conover2013ows' on page 2 undefined on input line 206.


[2]

LaTeX Warning: Citation `Rosvall2008InfoMap' on page 3 undefined on input line 
215.


LaTeX Warning: Citation `Ahn2010LinkCommunity' on page 3 undefined on input lin
e 215.


LaTeX Warning: Citation `Kitsak2010kcore' on page 3 undefined on input line 275
.

<viz_network.pdf, id=13, 1287.24908pt x 1065.93227pt>
File: viz_network.pdf Graphic file (type pdf)
<use viz_network.pdf>
Package pdftex.def Info: viz_network.pdf  used on input line 285.
(pdftex.def)             Requested size: 203.48668pt x 168.48701pt.

LaTeX Warning: Citation `Centola2007weakTies' on page 3 undefined on input line
 310.


LaTeX Warning: Citation `bakshy2009adoption' on page 3 undefined on input line 
310.


LaTeX Warning: Citation `romero_differences_2011' on page 3 undefined on input 
line 310.


LaTeX Warning: Citation `Centola2010SpreadExp' on page 3 undefined on input lin
e 310.


LaTeX Warning: Citation `McPherson2001homophily' on page 3 undefined on input l
ine 312.


LaTeX Warning: Citation `Centola2011homophily' on page 3 undefined on input lin
e 312.


Underfull \hbox (badness 1275) in paragraph at lines 312--313
[]\OT1/ptm/m/n/10 Social re-la-tion-ships are more likely to be
 []

[3]

LaTeX Warning: Citation `colbaugh2012early' on page 4 undefined on input line 3
16.


LaTeX Warning: Citation `weng2013viral' on page 4 undefined on input line 316.


LaTeX Warning: Citation `weng2013viral' on page 4 undefined on input line 319.

<viz_community_small.pdf, id=24, 1644.30313pt x 1373.30067pt>
File: viz_community_small.pdf Graphic file (type pdf)
<use viz_community_small.pdf>
Package pdftex.def Info: viz_community_small.pdf  used on input line 324.
(pdftex.def)             Requested size: 239.39438pt x 199.93025pt.

LaTeX Warning: Citation `Szabo2010pred' on page 4 undefined on input line 339.

<viz_timestamp.pdf, id=25, 916.42375pt x 351.37973pt>
File: viz_timestamp.pdf Graphic file (type pdf)
<use viz_timestamp.pdf>
Package pdftex.def Info: viz_timestamp.pdf  used on input line 348.
(pdftex.def)             Requested size: 239.39438pt x 91.79086pt.
[4 <./viz_network.pdf> <./viz_community_small.pdf> <./viz_timestamp.pdf

pdfTeX warning: pdflatex (file ./viz_timestamp.pdf): PDF inclusion: multiple pd
fs with page group included in a single page
>]

LaTeX Warning: Citation `ma2013predicting' on page 5 undefined on input line 37
9.


LaTeX Warning: Citation `colbaugh2012early' on page 5 undefined on input line 4
37.


LaTeX Warning: Citation `weng2013viral' on page 5 undefined on input line 437.


Underfull \hbox (badness 1546) in paragraph at lines 469--474
\OT1/ptm/m/n/10 The mea-sure-ment of en-tropy de-scribes how tweets or
 []


LaTeX Warning: Citation `Lerman:ICWSM2010' on page 5 undefined on input line 54
6.


LaTeX Warning: Citation `Weng:2012scirep' on page 5 undefined on input line 546
.

[5]

LaTeX Warning: Citation `tsur2012wsdm' on page 6 undefined on input line 554.


LaTeX Warning: Citation `tsur2012wsdm' on page 6 undefined on input line 554.


LaTeX Warning: Citation `Kitsak2010kcore' on page 6 undefined on input line 579
.


LaTeX Warning: Citation `cha2010measuring' on page 6 undefined on input line 57
9.


LaTeX Warning: Citation `Suh2010' on page 6 undefined on input line 579.


LaTeX Warning: Citation `bakshy_everyones_2011' on page 6 undefined on input li
ne 579.


LaTeX Warning: Citation `brin1998anatomy' on page 6 undefined on input line 580
.

<days_vs_use.pdf, id=104, 1654.60162pt x 358.63387pt>
File: days_vs_use.pdf Graphic file (type pdf)
<use days_vs_use.pdf>
Package pdftex.def Info: days_vs_use.pdf  used on input line 588.
(pdftex.def)             Requested size: 480.59395pt x 104.16531pt.

LaTeX Warning: Citation `Szabo2010pred' on page 6 undefined on input line 593.


LaTeX Warning: Citation `Szabo2010pred' on page 6 undefined on input line 593.


LaTeX Warning: Citation `Szabo2010pred' on page 6 undefined on input line 607.


LaTeX Warning: Citation `pinto2013using' on page 6 undefined on input line 607.



LaTeX Warning: Citation `pinto2013using' on page 6 undefined on input line 607.



LaTeX Warning: Citation `Breiman:2001fk' on page 6 undefined on input line 620.



LaTeX Warning: Citation `weng2013viral' on page 6 undefined on input line 625.


Overfull \hbox (1.96075pt too wide) in paragraph at lines 631--642
 [][] 
 []

<F1score_T.pdf, id=105, 866.01741pt x 982.1543pt>
File: F1score_T.pdf Graphic file (type pdf)
<use F1score_T.pdf>
Package pdftex.def Info: F1score_T.pdf  used on input line 652.
(pdftex.def)             Requested size: 239.39438pt x 271.49449pt.
<F1score_A.pdf, id=106, 862.52237pt x 1109.14375pt>
File: F1score_A.pdf Graphic file (type pdf)
<use F1score_A.pdf>
Package pdftex.def Info: F1score_A.pdf  used on input line 653.
(pdftex.def)             Requested size: 239.39438pt x 307.83334pt.

LaTeX Warning: Float too large for page by 6.01276pt on input line 658.


Underfull \vbox (badness 1895) has occurred while \output is active []

 [6]
<LN_model.pdf, id=112, 1185.29826pt x 490.22046pt>
File: LN_model.pdf Graphic file (type pdf)
<use LN_model.pdf>
Package pdftex.def Info: LN_model.pdf  used on input line 700.
(pdftex.def)             Requested size: 239.39438pt x 99.0073pt.


LaTeX Warning: Citation `weng2013viral' on page 7 undefined on input line 721.

[7 <./days_vs_use.pdf>]
No file pred-camera-ready_changed.bbl.
[8 <./F1score_T.pdf> <./F1score_A.pdf> <./LN_model.pdf>] [9

]
(pred-camera-ready_changed.aux)
 ***********
LaTeX2e <2023-06-01> patch level 1
L3 programming layer <2023-08-29>
 ***********
 ) 
Here is how much of TeX's memory you used:
 3898 strings out of 475247
 62935 string characters out of 5757792
 1945801 words of memory out of 5000000
 25336 multiletter control sequences out of 15000+600000
 580216 words of font info for 85 fonts, out of 8000000 for 9000
 1141 hyphenation exceptions out of 8191
 61i,11n,69p,1553b,309s stack positions out of 10000i,1000n,20000p,200000b,200000s
<C:/Users/micha/AppData/Local/Programs/MiKTeX/fonts/type1/public/amsfonts/cm/
cmex10.pfb><C:/Users/micha/AppData/Local/Programs/MiKTeX/fonts/type1/public/ams
fonts/cm/cmmi10.pfb><C:/Users/micha/AppData/Local/Programs/MiKTeX/fonts/type1/p
ublic/amsfonts/cm/cmmi7.pfb><C:/Users/micha/AppData/Local/Programs/MiKTeX/fonts
/type1/public/amsfonts/cm/cmmi8.pfb><C:/Users/micha/AppData/Local/Programs/MiKT
eX/fonts/type1/public/amsfonts/cm/cmr10.pfb><C:/Users/micha/AppData/Local/Progr
ams/MiKTeX/fonts/type1/public/amsfonts/cm/cmr17.pfb><C:/Users/micha/AppData/Loc
al/Programs/MiKTeX/fonts/type1/public/amsfonts/cm/cmr7.pfb><C:/Users/micha/AppD
ata/Local/Programs/MiKTeX/fonts/type1/public/amsfonts/cm/cmr8.pfb><C:/Users/mic
ha/AppData/Local/Programs/MiKTeX/fonts/type1/public/amsfonts/cm/cmsy10.pfb><C:/
Users/micha/AppData/Local/Programs/MiKTeX/fonts/type1/public/amsfonts/cm/cmsy7.
pfb><C:/Users/micha/AppData/Local/Programs/MiKTeX/fonts/type1/public/amsfonts/s
ymbols/msam7.pfb><C:/Users/micha/AppData/Local/Programs/MiKTeX/fonts/type1/publ
ic/amsfonts/symbols/msbm7.pfb><C:/Users/micha/AppData/Local/Programs/MiKTeX/fon
ts/type1/urw/courier/ucrr8a.pfb><C:/Users/micha/AppData/Local/Programs/MiKTeX/f
onts/type1/urw/times/utmb8a.pfb><C:/Users/micha/AppData/Local/Programs/MiKTeX/f
onts/type1/urw/times/utmr8a.pfb><C:/Users/micha/AppData/Local/Programs/MiKTeX/f
onts/type1/urw/times/utmri8a.pfb>
Output written on pred-camera-ready_changed.pdf (9 pages, 2926353 bytes).
PDF statistics:
 275 PDF objects out of 1000 (max. 8388607)
 0 named destinations out of 1000 (max. 500000)
 36 words of extra memory for PDF output out of 10000 (max. 10000000)

