This is pdfTeX, Version 3.141592653-2.6-1.40.25 (MiKTeX 23.9) (preloaded format=pdflatex 2023.9.22)  30 MAR 2024 17:26
entering extended mode
 restricted \write18 enabled.
 %&-line parsing enabled.
**./aaai23_changed.tex
(aaai23_changed.tex
LaTeX2e <2023-06-01> patch level 1
L3 programming layer <2023-08-29>
(C:\Users\micha\AppData\Local\Programs\MiKTeX\tex/latex/base\article.cls
Document Class: article 2023/05/17 v1.4n Standard LaTeX document class
(C:\Users\micha\AppData\Local\Programs\MiKTeX\tex/latex/base\size10.clo
File: size10.clo 2023/05/17 v1.4n Standard LaTeX file (size option)
)
\c@part=\count185
\c@section=\count186
\c@subsection=\count187
\c@subsubsection=\count188
\c@paragraph=\count189
\c@subparagraph=\count190
\c@figure=\count191
\c@table=\count192
\abovecaptionskip=\skip48
\belowcaptionskip=\skip49
\bibindent=\dimen140
)
(aaai23.sty
Package: aaai23 2023/06/27 AAAI 2023 Submission format

Conference Style for AAAI for LaTeX 2e -- version for submission
\titlebox=\skip50
) (C:\Users\micha\AppData\Local\Programs\MiKTeX\tex/latex/psnfss\times.sty
Package: times 2020/03/25 PSNFSS-v9.3 (SPQR) 
)
(C:\Users\micha\AppData\Local\Programs\MiKTeX\tex/latex/psnfss\helvet.sty
Package: helvet 2020/03/25 PSNFSS-v9.3 (WaS) 

(C:\Users\micha\AppData\Local\Programs\MiKTeX\tex/latex/graphics\keyval.sty
Package: keyval 2022/05/29 v1.15 key=value parser (DPC)
\KV@toks@=\toks17
))
(C:\Users\micha\AppData\Local\Programs\MiKTeX\tex/latex/psnfss\courier.sty
Package: courier 2020/03/25 PSNFSS-v9.3 (WaS) 
)
(C:\Users\micha\AppData\Local\Programs\MiKTeX\tex/latex/url\url.sty
\Urlmuskip=\muskip16
Package: url 2013/09/16  ver 3.4  Verb mode for urls, etc.
)
(C:\Users\micha\AppData\Local\Programs\MiKTeX\tex/latex/graphics\graphicx.sty
Package: graphicx 2021/09/16 v1.2d Enhanced LaTeX Graphics (DPC,SPQR)

(C:\Users\micha\AppData\Local\Programs\MiKTeX\tex/latex/graphics\graphics.sty
Package: graphics 2022/03/10 v1.4e Standard LaTeX Graphics (DPC,SPQR)

(C:\Users\micha\AppData\Local\Programs\MiKTeX\tex/latex/graphics\trig.sty
Package: trig 2021/08/11 v1.11 sin cos tan (DPC)
)
(C:\Users\micha\AppData\Local\Programs\MiKTeX\tex/latex/graphics-cfg\graphics.c
fg
File: graphics.cfg 2016/06/04 v1.11 sample graphics configuration
)
Package graphics Info: Driver file: pdftex.def on input line 107.

(C:\Users\micha\AppData\Local\Programs\MiKTeX\tex/latex/graphics-def\pdftex.def
File: pdftex.def 2022/09/22 v1.2b Graphics/color driver for pdftex
))
\Gin@req@height=\dimen141
\Gin@req@width=\dimen142
) (C:\Users\micha\AppData\Local\Programs\MiKTeX\tex/latex/natbib\natbib.sty
Package: natbib 2010/09/13 8.31b (PWD, AO)
\bibhang=\skip51
\bibsep=\skip52
LaTeX Info: Redefining \cite on input line 694.
\c@NAT@ctr=\count193
)
(C:\Users\micha\AppData\Local\Programs\MiKTeX\tex/latex/caption\caption.sty
Package: caption 2023/07/31 v3.6n Customizing captions (AR)

(C:\Users\micha\AppData\Local\Programs\MiKTeX\tex/latex/caption\caption3.sty
Package: caption3 2023/07/31 v2.4d caption3 kernel (AR)
\caption@tempdima=\dimen143
\captionmargin=\dimen144
\caption@leftmargin=\dimen145
\caption@rightmargin=\dimen146
\caption@width=\dimen147
\caption@indent=\dimen148
\caption@parindent=\dimen149
\caption@hangindent=\dimen150
Package caption Info: Standard document class detected.
)
\c@caption@flags=\count194
\c@continuedfloat=\count195
)
(C:\Users\micha\AppData\Local\Programs\MiKTeX\tex/latex/algorithms\algorithm.st
y
Package: algorithm 2009/08/24 v0.1 Document Style `algorithm' - floating enviro
nment
 (C:\Users\micha\AppData\Local\Programs\MiKTeX\tex/latex/float\float.sty
Package: float 2001/11/08 v1.3d Float enhancements (AL)
\c@float@type=\count196
\float@exts=\toks18
\float@box=\box51
\@float@everytoks=\toks19
\@floatcapt=\box52
)
(C:\Users\micha\AppData\Local\Programs\MiKTeX\tex/latex/base\ifthen.sty
Package: ifthen 2022/04/13 v1.1d Standard LaTeX ifthen package (DPC)
)
\@float@every@algorithm=\toks20
\c@algorithm=\count197
)
(C:\Users\micha\AppData\Local\Programs\MiKTeX\tex/latex/algorithms\algorithmic.
sty
Package: algorithmic 2009/08/24 v0.1 Document Style `algorithmic'
\c@ALC@unique=\count198
\c@ALC@line=\count199
\c@ALC@rem=\count266
\c@ALC@depth=\count267
\ALC@tlm=\skip53
\algorithmicindent=\skip54
)
(C:\Users\micha\AppData\Local\Programs\MiKTeX\tex/latex/newfloat\newfloat.sty
Package: newfloat 2023/10/01 v1.2 Defining new floating environments (AR)
)
(C:\Users\micha\AppData\Local\Programs\MiKTeX\tex/latex/listings\listings.sty
\lst@mode=\count268
\lst@gtempboxa=\box53
\lst@token=\toks21
\lst@length=\count269
\lst@currlwidth=\dimen151
\lst@column=\count270
\lst@pos=\count271
\lst@lostspace=\dimen152
\lst@width=\dimen153
\lst@newlines=\count272
\lst@lineno=\count273
\lst@maxwidth=\dimen154

(C:\Users\micha\AppData\Local\Programs\MiKTeX\tex/latex/listings\lstmisc.sty
File: lstmisc.sty 2023/02/27 1.9 (Carsten Heinz)
\c@lstnumber=\count274
\lst@skipnumbers=\count275
\lst@framebox=\box54
)
(C:\Users\micha\AppData\Local\Programs\MiKTeX\tex/latex/listings\listings.cfg
File: listings.cfg 2023/02/27 1.9 listings configuration
))
Package: listings 2023/02/27 1.9 (Carsten Heinz)
\@float@every@listing=\toks22
\c@listing=\count276
(C:\Users\micha\AppData\Local\Programs\MiKTeX\tex/latex/xcolor\xcolor.sty
Package: xcolor 2022/06/12 v2.14 LaTeX color extensions (UK)

(C:\Users\micha\AppData\Local\Programs\MiKTeX\tex/latex/graphics-cfg\color.cfg
File: color.cfg 2016/01/02 v1.6 sample color configuration
)
Package xcolor Info: Driver file: pdftex.def on input line 227.
(C:\Users\micha\AppData\Local\Programs\MiKTeX\tex/latex/graphics\mathcolor.ltx)
Package xcolor Info: Model `cmy' substituted by `cmy0' on input line 1353.
Package xcolor Info: Model `hsb' substituted by `rgb' on input line 1357.
Package xcolor Info: Model `RGB' extended on input line 1369.
Package xcolor Info: Model `HTML' substituted by `rgb' on input line 1371.
Package xcolor Info: Model `Hsb' substituted by `hsb' on input line 1372.
Package xcolor Info: Model `tHsb' substituted by `hsb' on input line 1373.
Package xcolor Info: Model `HSB' substituted by `hsb' on input line 1374.
Package xcolor Info: Model `Gray' substituted by `gray' on input line 1375.
Package xcolor Info: Model `wave' substituted by `hsb' on input line 1376.
) (C:\Users\micha\AppData\Local\Programs\MiKTeX\tex/latex/amsmath\amsmath.sty
Package: amsmath 2023/05/13 v2.17o AMS math features
\@mathmargin=\skip55

For additional information on amsmath, use the `?' option.
(C:\Users\micha\AppData\Local\Programs\MiKTeX\tex/latex/amsmath\amstext.sty
Package: amstext 2021/08/26 v2.01 AMS text

(C:\Users\micha\AppData\Local\Programs\MiKTeX\tex/latex/amsmath\amsgen.sty
File: amsgen.sty 1999/11/30 v2.0 generic functions
\@emptytoks=\toks23
\ex@=\dimen155
))
(C:\Users\micha\AppData\Local\Programs\MiKTeX\tex/latex/amsmath\amsbsy.sty
Package: amsbsy 1999/11/29 v1.2d Bold Symbols
\pmbraise@=\dimen156
)
(C:\Users\micha\AppData\Local\Programs\MiKTeX\tex/latex/amsmath\amsopn.sty
Package: amsopn 2022/04/08 v2.04 operator names
)
\inf@bad=\count277
LaTeX Info: Redefining \frac on input line 234.
\uproot@=\count278
\leftroot@=\count279
LaTeX Info: Redefining \overline on input line 399.
LaTeX Info: Redefining \colon on input line 410.
\classnum@=\count280
\DOTSCASE@=\count281
LaTeX Info: Redefining \ldots on input line 496.
LaTeX Info: Redefining \dots on input line 499.
LaTeX Info: Redefining \cdots on input line 620.
\Mathstrutbox@=\box55
\strutbox@=\box56
LaTeX Info: Redefining \big on input line 722.
LaTeX Info: Redefining \Big on input line 723.
LaTeX Info: Redefining \bigg on input line 724.
LaTeX Info: Redefining \Bigg on input line 725.
\big@size=\dimen157
LaTeX Font Info:    Redeclaring font encoding OML on input line 743.
LaTeX Font Info:    Redeclaring font encoding OMS on input line 744.
\macc@depth=\count282
LaTeX Info: Redefining \bmod on input line 905.
LaTeX Info: Redefining \pmod on input line 910.
LaTeX Info: Redefining \smash on input line 940.
LaTeX Info: Redefining \relbar on input line 970.
LaTeX Info: Redefining \Relbar on input line 971.
\c@MaxMatrixCols=\count283
\dotsspace@=\muskip17
\c@parentequation=\count284
\dspbrk@lvl=\count285
\tag@help=\toks24
\row@=\count286
\column@=\count287
\maxfields@=\count288
\andhelp@=\toks25
\eqnshift@=\dimen158
\alignsep@=\dimen159
\tagshift@=\dimen160
\tagwidth@=\dimen161
\totwidth@=\dimen162
\lineht@=\dimen163
\@envbody=\toks26
\multlinegap=\skip56
\multlinetaggap=\skip57
\mathdisplay@stack=\toks27
LaTeX Info: Redefining \[ on input line 2953.
LaTeX Info: Redefining \] on input line 2954.
)
(C:\Users\micha\AppData\Local\Programs\MiKTeX\tex/latex/amsfonts\amsfonts.sty
Package: amsfonts 2013/01/14 v3.01 Basic AMSFonts support
\symAMSa=\mathgroup4
\symAMSb=\mathgroup5
LaTeX Font Info:    Redeclaring math symbol \hbar on input line 98.
LaTeX Font Info:    Overwriting math alphabet `\mathfrak' in version `bold'
(Font)                  U/euf/m/n --> U/euf/b/n on input line 106.
)
(C:\Users\micha\AppData\Local\Programs\MiKTeX\tex/latex/amscls\amsthm.sty
Package: amsthm 2020/05/29 v2.20.6
\thm@style=\toks28
\thm@bodyfont=\toks29
\thm@headfont=\toks30
\thm@notefont=\toks31
\thm@headpunct=\toks32
\thm@preskip=\skip58
\thm@postskip=\skip59
\thm@headsep=\skip60
\dth@everypar=\toks33
)
(C:\Users\micha\AppData\Local\Programs\MiKTeX\tex/latex/amsfonts\amssymb.sty
Package: amssymb 2013/01/14 v3.01 AMS font symbols
)
(C:\Users\micha\AppData\Local\Programs\MiKTeX\tex/latex/mathtools\mathtools.sty
Package: mathtools 2022/06/29 v1.29 mathematical typesetting tools
(C:\Users\micha\AppData\Local\Programs\MiKTeX\tex/latex/tools\calc.sty
Package: calc 2017/05/25 v4.3 Infix arithmetic (KKT,FJ)
\calc@Acount=\count289
\calc@Bcount=\count290
\calc@Adimen=\dimen164
\calc@Bdimen=\dimen165
\calc@Askip=\skip61
\calc@Bskip=\skip62
LaTeX Info: Redefining \setlength on input line 80.
LaTeX Info: Redefining \addtolength on input line 81.
\calc@Ccount=\count291
\calc@Cskip=\skip63
)
(C:\Users\micha\AppData\Local\Programs\MiKTeX\tex/latex/mathtools\mhsetup.sty
Package: mhsetup 2021/03/18 v1.4 programming setup (MH)
)
\g_MT_multlinerow_int=\count292
\l_MT_multwidth_dim=\dimen166
\origjot=\skip64
\l_MT_shortvdotswithinadjustabove_dim=\dimen167
\l_MT_shortvdotswithinadjustbelow_dim=\dimen168
\l_MT_above_intertext_sep=\dimen169
\l_MT_below_intertext_sep=\dimen170
\l_MT_above_shortintertext_sep=\dimen171
\l_MT_below_shortintertext_sep=\dimen172
\xmathstrut@box=\box57
\xmathstrut@dim=\dimen173
) (C:\Users\micha\AppData\Local\Programs\MiKTeX\tex/latex/caption\subcaption.st
y
Package: subcaption 2023/07/28 v1.6b Sub-captions (AR)
Package caption Info: New subtype `subfigure' on input line 238.
\c@subfigure=\count293
Package caption Info: New subtype `subtable' on input line 238.
\c@subtable=\count294
)
\c@theorem=\count295
\c@corollary=\count296
\c@lemma=\count297
\c@definition=\count298
LaTeX Font Info:    Trying to load font information for OT1+ptm on input line 1
96.
 (C:\Users\micha\AppData\Local\Programs\MiKTeX\tex/latex/psnfss\ot1ptm.fd
File: ot1ptm.fd 2001/06/04 font definitions for OT1/ptm.
)
(C:\Users\micha\AppData\Local\Programs\MiKTeX\tex/latex/l3backend\l3backend-pdf
tex.def
File: l3backend-pdftex.def 2023-04-19 L3 backend support: PDF output (pdfTeX)
\l__color_backend_stack_int=\count299
\l__pdf_internal_box=\box58
) (aaai23_changed.aux)
\openout1 = `aaai23_changed.aux'.

LaTeX Font Info:    Checking defaults for OML/cmm/m/it on input line 196.
LaTeX Font Info:    ... okay on input line 196.
LaTeX Font Info:    Checking defaults for OMS/cmsy/m/n on input line 196.
LaTeX Font Info:    ... okay on input line 196.
LaTeX Font Info:    Checking defaults for OT1/cmr/m/n on input line 196.
LaTeX Font Info:    ... okay on input line 196.
LaTeX Font Info:    Checking defaults for T1/cmr/m/n on input line 196.
LaTeX Font Info:    ... okay on input line 196.
LaTeX Font Info:    Checking defaults for TS1/cmr/m/n on input line 196.
LaTeX Font Info:    ... okay on input line 196.
LaTeX Font Info:    Checking defaults for OMX/cmex/m/n on input line 196.
LaTeX Font Info:    ... okay on input line 196.
LaTeX Font Info:    Checking defaults for U/cmr/m/n on input line 196.
LaTeX Font Info:    ... okay on input line 196.

(C:\Users\micha\AppData\Local\Programs\MiKTeX\tex/context/base/mkii\supp-pdf.mk
ii
[Loading MPS to PDF converter (version 2006.09.02).]
\scratchcounter=\count300
\scratchdimen=\dimen174
\scratchbox=\box59
\nofMPsegments=\count301
\nofMParguments=\count302
\everyMPshowfont=\toks34
\MPscratchCnt=\count303
\MPscratchDim=\dimen175
\MPnumerator=\count304
\makeMPintoPDFobject=\count305
\everyMPtoPDFconversion=\toks35
)
(C:\Users\micha\AppData\Local\Programs\MiKTeX\tex/latex/epstopdf-pkg\epstopdf-b
ase.sty
Package: epstopdf-base 2020-01-24 v2.11 Base part for package epstopdf
Package epstopdf-base Info: Redefining graphics rule for `.eps' on input line 4
85.

(C:\Users\micha\AppData\Local\Programs\MiKTeX\tex/latex/00miktex\epstopdf-sys.c
fg
File: epstopdf-sys.cfg 2021/03/18 v2.0 Configuration of epstopdf for MiKTeX
))
Package caption Info: Begin \AtBeginDocument code.
Package caption Info: float package is loaded.
Package caption Info: listings package is loaded.
Package caption Info: End \AtBeginDocument code.
Package newfloat Info: `float' package detected.
\c@lstlisting=\count306
\c@eqfn=\count307
\titlearea=\box60
LaTeX Font Info:    Trying to load font information for OMS+ptm on input line 1
98.
 (C:\Users\micha\AppData\Local\Programs\MiKTeX\tex/latex/psnfss\omsptm.fd
File: omsptm.fd 
)
LaTeX Font Info:    Font shape `OMS/ptm/m/n' in size <10> not available
(Font)              Font shape `OMS/cmsy/m/n' tried instead on input line 198.
\actualheight=\skip65
LaTeX Font Info:    Trying to load font information for U+msa on input line 198
.

(C:\Users\micha\AppData\Local\Programs\MiKTeX\tex/latex/amsfonts\umsa.fd
File: umsa.fd 2013/01/14 v3.01 AMS symbols A
)
LaTeX Font Info:    Trying to load font information for U+msb on input line 198
.

(C:\Users\micha\AppData\Local\Programs\MiKTeX\tex/latex/amsfonts\umsb.fd
File: umsb.fd 2013/01/14 v3.01 AMS symbols B
)
LaTeX Font Info:    Trying to load font information for TS1+ptm on input line 1
98.

(C:\Users\micha\AppData\Local\Programs\MiKTeX\tex/latex/psnfss\ts1ptm.fd
File: ts1ptm.fd 2001/06/04 font definitions for TS1/ptm.
)
<Figures/cmp_risk_reward_Type_A_Mixed_eps=0.0009.pdf, id=1, 715.47299pt x 353.9
698pt>
File: Figures/cmp_risk_reward_Type_A_Mixed_eps=0.0009.pdf Graphic file (type pd
f)
<use Figures/cmp_risk_reward_Type_A_Mixed_eps=0.0009.pdf>
Package pdftex.def Info: Figures/cmp_risk_reward_Type_A_Mixed_eps=0.0009.pdf  u
sed on input line 212.
(pdftex.def)             Requested size: 239.39438pt x 118.43613pt.


LaTeX Warning: `h' float specifier changed to `ht'.

<Figures/FIG1_FINAL.PDF, id=2, 615.29875pt x 491.8375pt>
File: Figures/FIG1_FINAL.PDF Graphic file (type pdf)
<use Figures/FIG1_FINAL.PDF>
Package pdftex.def Info: Figures/FIG1_FINAL.PDF  used on input line 222.
(pdftex.def)             Requested size: 239.39438pt x 191.35805pt.

LaTeX Warning: `h' float specifier changed to `ht'.


Package natbib Warning: Citation `ahmadi2019safe' on page 1 undefined on input 
line 232.


Package natbib Warning: Citation `luo2020multi' on page 1 undefined on input li
ne 232.


Package natbib Warning: Citation `lyu2021probabilistic' on page 1 undefined on 
input line 232.


Package natbib Warning: Citation `cheng2020safe' on page 1 undefined on input l
ine 232.


Package natbib Warning: Citation `kulic2007affective' on page 1 undefined on in
put line 232.


Package natbib Warning: Citation `ding2011human' on page 1 undefined on input l
ine 232.


Package natbib Warning: Citation `kelley2008understanding' on page 1 undefined 
on input line 232.


Package natbib Warning: Citation `ravichandar2018gaze' on page 1 undefined on i
nput line 232.


Package natbib Warning: Citation `koppula2015anticipating' on page 1 undefined 
on input line 232.


Package natbib Warning: Citation `atman2018motion' on page 1 undefined on input
 line 232.


Package natbib Warning: Citation `diaz2017human' on page 1 undefined on input l
ine 232.


Package natbib Warning: Citation `erhart2016model' on page 1 undefined on input
 line 232.


Package natbib Warning: Citation `peng2018collaborative' on page 1 undefined on
 input line 232.


Package natbib Warning: Citation `cummings2011impact' on page 1 undefined on in
put line 232.


Package natbib Warning: Citation `Faria2010-uq' on page 1 undefined on input li
ne 232.


Package natbib Warning: Citation `Ishowo-Oloko2019-vn' on page 1 undefined on i
nput line 232.


Package natbib Warning: Citation `Dawes1980-il' on page 1 undefined on input li
ne 232.


Package natbib Warning: Citation `Shirado2020-hs' on page 1 undefined on input 
line 232.


Package natbib Warning: Citation `Chen2017-ns' on page 1 undefined on input lin
e 232.


Underfull \hbox (badness 2521) in paragraph at lines 232--233
\OT1/ptm/m/n/10 de-sign of au-tonomous sys-tems that in-ter-act with hu-
 []

[1{C:/Users/micha/AppData/Local/MiKTeX/fonts/map/pdftex/pdftex.map}{C:/Users/mi
cha/AppData/Local/Programs/MiKTeX/fonts/enc/dvips/base/8r.enc}



 <./Figures/cmp_risk_reward_Type_A_Mixed_eps=0.0009.pdf>]

Package natbib Warning: Citation `Axelrod1984-pg' on page 2 undefined on input 
line 236.


Package natbib Warning: Citation `Dawes1980-il' on page 2 undefined on input li
ne 236.


Package natbib Warning: Citation `Olson1965-bc' on page 2 undefined on input li
ne 236.


Package natbib Warning: Citation `Nowak2006-bl' on page 2 undefined on input li
ne 236.


Package natbib Warning: Citation `Fehr2002-ur' on page 2 undefined on input lin
e 236.


Package natbib Warning: Citation `Shirado2013-nl' on page 2 undefined on input 
line 236.


Package natbib Warning: Citation `Ostrom1990-wp' on page 2 undefined on input l
ine 236.


Package natbib Warning: Citation `Shirado2020-hs' on page 2 undefined on input 
line 238.


Package natbib Warning: Citation `Ishowo-Oloko2019-vn' on page 2 undefined on i
nput line 238.


Package natbib Warning: Citation `Paiva2018-iu' on page 2 undefined on input li
ne 238.


Package natbib Warning: Citation `Dafoe2021-cw' on page 2 undefined on input li
ne 238.


Package natbib Warning: Citation `Rahwan2019-rk' on page 2 undefined on input l
ine 238.


Package natbib Warning: Citation `Hofbauer1998-jg' on page 2 undefined on input
 line 245.


Package natbib Warning: Citation `Nowak2006-bl' on page 2 undefined on input li
ne 245.


Underfull \hbox (badness 1210) in paragraph at lines 265--268
\OMS/cmsy/m/n/10 f\OT1/cmr/m/n/10 0\OML/cmm/m/it/10 ; \OT1/cmr/m/n/10 1\OML/cmm
/m/it/10 ; []  ; K\OMS/cmsy/m/n/10 gg$ \OT1/ptm/m/n/10 and $\OML/cmm/m/it/10 x 
\OT1/cmr/m/n/10 = \OMS/cmsy/m/n/10 f\OML/cmm/m/it/10 x[] \OT1/cmr/m/n/10 = [\OM
L/cmm/m/it/10 x[]; x[]\OT1/cmr/m/n/10 ][]\OML/cmm/m/it/10 ; k \OMS/cmsy/m/n/10 
2
 []


Underfull \hbox (badness 2393) in paragraph at lines 271--272
[]\OT1/ptm/m/n/10 The sys-tem dy-nam-ics is char-ac-ter-ized by the con-
 []


Underfull \hbox (badness 1789) in paragraph at lines 271--272
\OT1/ptm/m/n/10 di-tional tran-si-tion prob-a-bil-ity $\U/msb/m/n/10 P\OT1/cmr/
m/n/10 (\OML/cmm/m/it/10 x[]\OMS/cmsy/m/n/10 j\OML/cmm/m/it/10 x[]; u[]\OT1/cmr
/m/n/10 )$\OT1/ptm/m/n/10 , $\OML/cmm/m/it/10 k \OMS/cmsy/m/n/10 2
 []

[2 <./Figures/FIG1_FINAL.PDF>]

Package natbib Warning: Citation `shirado2020collective' on page 3 undefined on
 input line 285.


Package natbib Warning: Citation `hilbe2013evolution' on page 3 undefined on in
put line 292.


Package natbib Warning: Citation `nowak2005evolution' on page 3 undefined on in
put line 292.


Package natbib Warning: Citation `Hofbauer1998-jg' on page 3 undefined on input
 line 292.


Package natbib Warning: Citation `Nowak2006-bl' on page 3 undefined on input li
ne 292.


Package natbib Warning: Citation `replicator' on page 3 undefined on input line
 294.


Package natbib Warning: Citation `bnn' on page 3 undefined on input line 299.


Package natbib Warning: Citation `smith' on page 3 undefined on input line 307.



Overfull \hbox (1.59349pt too wide) detected at line 312
[]
 []

[3]
Underfull \hbox (badness 1043) in paragraph at lines 410--411
\OT1/ptm/m/n/10 human-machine in-ter-ac-tions and has the fol-low-ing dis-
 []

<Figures/reward_sim_illus_v2.png, id=49, 1443.89438pt x 676.77844pt>
File: Figures/reward_sim_illus_v2.png Graphic file (type png)
<use Figures/reward_sim_illus_v2.png>
Package pdftex.def Info: Figures/reward_sim_illus_v2.png  used on input line 42
4.
(pdftex.def)             Requested size: 239.39438pt x 112.2006pt.

LaTeX Warning: `h' float specifier changed to `ht'.

[4]
Overfull \hbox (12.9912pt too wide) detected at line 533
[]
 []


Underfull \vbox (badness 4660) has occurred while \output is active []

 [5 <./Figures/reward_sim_illus_v2.png>]
<Figures/cmp_traj_Type_A_ReplicatorBNNSmithMixed_xh0=0.90_xa0=-1.00_eps=0.0009.
png, id=58, 1365.1803pt x 570.4512pt>
File: Figures/cmp_traj_Type_A_ReplicatorBNNSmithMixed_xh0=0.90_xa0=-1.00_eps=0.
0009.png Graphic file (type png)
<use Figures/cmp_traj_Type_A_ReplicatorBNNSmithMixed_xh0=0.90_xa0=-1.00_eps=0.0
009.png>
Package pdftex.def Info: Figures/cmp_traj_Type_A_ReplicatorBNNSmithMixed_xh0=0.
90_xa0=-1.00_eps=0.0009.png  used on input line 580.
(pdftex.def)             Requested size: 505.89pt x 211.3857pt.


LaTeX Warning: `h' float specifier changed to `ht'.

<Figures/tradeoff_Type-AType-BType-CType-D.png, id=59, 1723.1577pt x 491.436pt>

File: Figures/tradeoff_Type-AType-BType-CType-D.png Graphic file (type png)
<use Figures/tradeoff_Type-AType-BType-CType-D.png>
Package pdftex.def Info: Figures/tradeoff_Type-AType-BType-CType-D.png  used on
 input line 588.
(pdftex.def)             Requested size: 505.89pt x 144.27498pt.

LaTeX Warning: `h' float specifier changed to `ht'.

<Figures/convergence_risk_Proposed_Type_B_MixedMC-Mixed_xa0=-1.00_eps=0.0014.pn
g, id=60, 860.013pt x 575.9919pt>
File: Figures/convergence_risk_Proposed_Type_B_MixedMC-Mixed_xa0=-1.00_eps=0.00
14.png Graphic file (type png)
<use Figures/convergence_risk_Proposed_Type_B_MixedMC-Mixed_xa0=-1.00_eps=0.001
4.png>
Package pdftex.def Info: Figures/convergence_risk_Proposed_Type_B_MixedMC-Mixed
_xa0=-1.00_eps=0.0014.png  used on input line 596.
(pdftex.def)             Requested size: 239.39438pt x 160.32742pt.

LaTeX Warning: `!h' float specifier changed to `!ht'.


Package natbib Warning: Citation `runge1895numerische' on page 6 undefined on i
nput line 614.

[6]
Underfull \hbox (badness 4168) in paragraph at lines 667--668
 \OT1/ptm/b/n/10 Sum-mary \OT1/ptm/m/n/10 We in-ves-ti-gated con-ven-tional saf
e con-trol
 []

[7 <./Figures/cmp_traj_Type_A_ReplicatorBNNSmithMixed_xh0=0.90_xa0=-1.00_eps=0.
0009.png>]
No file aaai23_changed.bbl.

Underfull \vbox (badness 10000) has occurred while \output is active []

 [8 <./Figures/tradeoff_Type-AType-BType-CType-D.png> <./Figures/convergence_ri
sk_Proposed_Type_B_MixedMC-Mixed_xa0=-1.00_eps=0.0014.png>]

Package natbib Warning: There were undefined citations.

[9

] (aaai23_changed.aux)
 ***********
LaTeX2e <2023-06-01> patch level 1
L3 programming layer <2023-08-29>
 ***********
 ) 
Here is how much of TeX's memory you used:
 7852 strings out of 475247
 126784 string characters out of 5757792
 1953801 words of memory out of 5000000
 29274 multiletter control sequences out of 15000+600000
 585355 words of font info for 96 fonts, out of 8000000 for 9000
 1141 hyphenation exceptions out of 8191
 57i,16n,65p,2677b,570s stack positions out of 10000i,1000n,20000p,200000b,200000s
<C:/Users/micha/AppData/Local/Programs/MiKTeX/fonts/type1/public/amsfonts/cm/
cmex10.pfb><C:/Users/micha/AppData/Local/Programs/MiKTeX/fonts/type1/public/ams
fonts/cm/cmmi10.pfb><C:/Users/micha/AppData/Local/Programs/MiKTeX/fonts/type1/p
ublic/amsfonts/cm/cmmi12.pfb><C:/Users/micha/AppData/Local/Programs/MiKTeX/font
s/type1/public/amsfonts/cm/cmmi5.pfb><C:/Users/micha/AppData/Local/Programs/MiK
TeX/fonts/type1/public/amsfonts/cm/cmmi7.pfb><C:/Users/micha/AppData/Local/Prog
rams/MiKTeX/fonts/type1/public/amsfonts/cm/cmr10.pfb><C:/Users/micha/AppData/Lo
cal/Programs/MiKTeX/fonts/type1/public/amsfonts/cm/cmr17.pfb><C:/Users/micha/Ap
pData/Local/Programs/MiKTeX/fonts/type1/public/amsfonts/cm/cmr7.pfb><C:/Users/m
icha/AppData/Local/Programs/MiKTeX/fonts/type1/public/amsfonts/cm/cmss17.pfb><C
:/Users/micha/AppData/Local/Programs/MiKTeX/fonts/type1/public/amsfonts/cm/cmsy
10.pfb><C:/Users/micha/AppData/Local/Programs/MiKTeX/fonts/type1/public/amsfont
s/cm/cmsy7.pfb><C:/Users/micha/AppData/Local/Programs/MiKTeX/fonts/type1/public
/amsfonts/symbols/msbm10.pfb><C:/Users/micha/AppData/Local/Programs/MiKTeX/font
s/type1/urw/times/utmb8a.pfb><C:/Users/micha/AppData/Local/Programs/MiKTeX/font
s/type1/urw/times/utmr8a.pfb><C:/Users/micha/AppData/Local/Programs/MiKTeX/font
s/type1/urw/times/utmri8a.pfb>
Output written on aaai23_changed.pdf (9 pages, 2543137 bytes).
PDF statistics:
 133 PDF objects out of 1000 (max. 8388607)
 0 named destinations out of 1000 (max. 500000)
 31 words of extra memory for PDF output out of 10000 (max. 10000000)

