This is pdfTeX, Version 3.141592653-2.6-1.40.25 (MiKTeX 23.9) (preloaded format=pdflatex 2023.9.22)  30 MAR 2024 17:09
entering extended mode
 restricted \write18 enabled.
 %&-line parsing enabled.
**./Song-Leng_v2_changed.tex
(Song-Leng_v2_changed.tex
LaTeX2e <2023-06-01> patch level 1
L3 programming layer <2023-08-29>
(C:\Users\micha\AppData\Local\Programs\MiKTeX\tex/latex/base\article.cls
Document Class: article 2023/05/17 v1.4n Standard LaTeX document class
(C:\Users\micha\AppData\Local\Programs\MiKTeX\tex/latex/base\size10.clo
File: size10.clo 2023/05/17 v1.4n Standard LaTeX file (size option)
)
\c@part=\count185
\c@section=\count186
\c@subsection=\count187
\c@subsubsection=\count188
\c@paragraph=\count189
\c@subparagraph=\count190
\c@figure=\count191
\c@table=\count192
\abovecaptionskip=\skip48
\belowcaptionskip=\skip49
\bibindent=\dimen140
)
(aaai18.sty
Conference Style for AAAI for LaTeX 2e -- version for the AAAI-18 conference
\titlebox=\skip50
) (C:\Users\micha\AppData\Local\Programs\MiKTeX\tex/latex/psnfss\times.sty
Package: times 2020/03/25 PSNFSS-v9.3 (SPQR) 
)
(C:\Users\micha\AppData\Local\Programs\MiKTeX\tex/latex/psnfss\helvet.sty
Package: helvet 2020/03/25 PSNFSS-v9.3 (WaS) 

(C:\Users\micha\AppData\Local\Programs\MiKTeX\tex/latex/graphics\keyval.sty
Package: keyval 2022/05/29 v1.15 key=value parser (DPC)
\KV@toks@=\toks17
))
(C:\Users\micha\AppData\Local\Programs\MiKTeX\tex/latex/psnfss\courier.sty
Package: courier 2020/03/25 PSNFSS-v9.3 (WaS) 
)
(C:\Users\micha\AppData\Local\Programs\MiKTeX\tex/latex/url\url.sty
\Urlmuskip=\muskip16
Package: url 2013/09/16  ver 3.4  Verb mode for urls, etc.
)
(C:\Users\micha\AppData\Local\Programs\MiKTeX\tex/latex/graphics\graphicx.sty
Package: graphicx 2021/09/16 v1.2d Enhanced LaTeX Graphics (DPC,SPQR)

(C:\Users\micha\AppData\Local\Programs\MiKTeX\tex/latex/graphics\graphics.sty
Package: graphics 2022/03/10 v1.4e Standard LaTeX Graphics (DPC,SPQR)

(C:\Users\micha\AppData\Local\Programs\MiKTeX\tex/latex/graphics\trig.sty
Package: trig 2021/08/11 v1.11 sin cos tan (DPC)
)
(C:\Users\micha\AppData\Local\Programs\MiKTeX\tex/latex/graphics-cfg\graphics.c
fg
File: graphics.cfg 2016/06/04 v1.11 sample graphics configuration
)
Package graphics Info: Driver file: pdftex.def on input line 107.

(C:\Users\micha\AppData\Local\Programs\MiKTeX\tex/latex/graphics-def\pdftex.def
File: pdftex.def 2022/09/22 v1.2b Graphics/color driver for pdftex
))
\Gin@req@height=\dimen141
\Gin@req@width=\dimen142
)
LaTeX Font Info:    Trying to load font information for OT1+ptm on input line 1
5.
 (C:\Users\micha\AppData\Local\Programs\MiKTeX\tex/latex/psnfss\ot1ptm.fd
File: ot1ptm.fd 2001/06/04 font definitions for OT1/ptm.
)
(C:\Users\micha\AppData\Local\Programs\MiKTeX\tex/latex/l3backend\l3backend-pdf
tex.def
File: l3backend-pdftex.def 2023-04-19 L3 backend support: PDF output (pdfTeX)
\l__color_backend_stack_int=\count193
\l__pdf_internal_box=\box51
) (Song-Leng_v2_changed.aux)
\openout1 = `Song-Leng_v2_changed.aux'.

LaTeX Font Info:    Checking defaults for OML/cmm/m/it on input line 15.
LaTeX Font Info:    ... okay on input line 15.
LaTeX Font Info:    Checking defaults for OMS/cmsy/m/n on input line 15.
LaTeX Font Info:    ... okay on input line 15.
LaTeX Font Info:    Checking defaults for OT1/cmr/m/n on input line 15.
LaTeX Font Info:    ... okay on input line 15.
LaTeX Font Info:    Checking defaults for T1/cmr/m/n on input line 15.
LaTeX Font Info:    ... okay on input line 15.
LaTeX Font Info:    Checking defaults for TS1/cmr/m/n on input line 15.
LaTeX Font Info:    ... okay on input line 15.
LaTeX Font Info:    Checking defaults for OMX/cmex/m/n on input line 15.
LaTeX Font Info:    ... okay on input line 15.
LaTeX Font Info:    Checking defaults for U/cmr/m/n on input line 15.
LaTeX Font Info:    ... okay on input line 15.

(C:\Users\micha\AppData\Local\Programs\MiKTeX\tex/context/base/mkii\supp-pdf.mk
ii
[Loading MPS to PDF converter (version 2006.09.02).]
\scratchcounter=\count194
\scratchdimen=\dimen143
\scratchbox=\box52
\nofMPsegments=\count195
\nofMParguments=\count196
\everyMPshowfont=\toks18
\MPscratchCnt=\count197
\MPscratchDim=\dimen144
\MPnumerator=\count198
\makeMPintoPDFobject=\count199
\everyMPtoPDFconversion=\toks19
)
(C:\Users\micha\AppData\Local\Programs\MiKTeX\tex/latex/epstopdf-pkg\epstopdf-b
ase.sty
Package: epstopdf-base 2020-01-24 v2.11 Base part for package epstopdf
Package epstopdf-base Info: Redefining graphics rule for `.eps' on input line 4
85.

(C:\Users\micha\AppData\Local\Programs\MiKTeX\tex/latex/00miktex\epstopdf-sys.c
fg
File: epstopdf-sys.cfg 2021/03/18 v2.0 Configuration of epstopdf for MiKTeX
))
LaTeX Font Info:    External font `cmex10' loaded for size
(Font)              <7> on input line 27.
LaTeX Font Info:    External font `cmex10' loaded for size
(Font)              <5> on input line 27.
LaTeX Font Info:    External font `cmex10' loaded for size
(Font)              <12> on input line 27.
LaTeX Font Info:    External font `cmex10' loaded for size
(Font)              <8> on input line 27.
LaTeX Font Info:    External font `cmex10' loaded for size
(Font)              <6> on input line 27.
LaTeX Font Info:    Trying to load font information for TS1+ptm on input line 2
7.
 (C:\Users\micha\AppData\Local\Programs\MiKTeX\tex/latex/psnfss\ts1ptm.fd
File: ts1ptm.fd 2001/06/04 font definitions for TS1/ptm.
)
LaTeX Font Info:    Trying to load font information for OMS+ptm on input line 2
7.

(C:\Users\micha\AppData\Local\Programs\MiKTeX\tex/latex/psnfss\omsptm.fd
File: omsptm.fd 
)
LaTeX Font Info:    Font shape `OMS/ptm/m/n' in size <10> not available
(Font)              Font shape `OMS/cmsy/m/n' tried instead on input line 27.
LaTeX Font Info:    External font `cmex10' loaded for size
(Font)              <9> on input line 27.


pdfTeX warning: pdflatex (file ./feat.pdf): PDF inclusion: found PDF version <1
.6>, but at most version <1.5> allowed
<feat.pdf, id=1, 761.14864pt x 283.20404pt>
File: feat.pdf Graphic file (type pdf)
<use feat.pdf>
Package pdftex.def Info: feat.pdf  used on input line 37.
(pdftex.def)             Requested size: 239.39438pt x 89.07146pt.

LaTeX Warning: Citation `mclaughlin2016recurrent' on page 1 undefined on input 
line 43.


LaTeX Warning: Citation `you2016top' on page 1 undefined on input line 43.


LaTeX Warning: Citation `zheng2016mars' on page 1 undefined on input line 43.


LaTeX Warning: Citation `karanam2015sparse' on page 1 undefined on input line 4
3.


LaTeX Warning: Citation `yu2017quality' on page 1 undefined on input line 43.

[1{C:/Users/micha/AppData/Local/MiKTeX/fonts/map/pdftex/pdftex.map}{C:/Users/mi
cha/AppData/Local/Programs/MiKTeX/fonts/enc/dvips/base/8r.enc}



 <./feat.pdf>]

LaTeX Warning: Citation `wang2014person' on page 2 undefined on input line 47.


LaTeX Warning: Citation `hirzer2011person' on page 2 undefined on input line 47
.


LaTeX Warning: Citation `li2014deepreid' on page 2 undefined on input line 47.


LaTeX Warning: Citation `zheng2015scalable' on page 2 undefined on input line 4
7.


LaTeX Warning: Citation `zheng2015scalable' on page 2 undefined on input line 4
7.


Underfull \hbox (badness 10000) in paragraph at lines 47--48
[]\OT1/ptm/m/n/10 Another prob-lem is that the cur-rent per-son re-
 []

LaTeX Font Info:    Trying to load font information for OT1+pcr on input line 5
7.
(C:\Users\micha\AppData\Local\Programs\MiKTeX\tex/latex/psnfss\ot1pcr.fd
File: ot1pcr.fd 2001/06/04 font definitions for OT1/pcr.
)
Underfull \hbox (badness 1067) in paragraph at lines 56--58
\OT1/ptm/m/n/10 590,000 im-ages, and can be avail-able on $\OT1/pcr/m/n/10 http
 : / /
 []

<RQANpip.pdf, id=58, 558.44855pt x 161.18358pt>
File: RQANpip.pdf Graphic file (type pdf)
<use RQANpip.pdf>
Package pdftex.def Info: RQANpip.pdf  used on input line 64.
(pdftex.def)             Requested size: 492.92746pt x 142.26378pt.

LaTeX Warning: Citation `wang2007shape' on page 2 undefined on input line 70.


LaTeX Warning: Citation `liu2017rethinking' on page 2 undefined on input line 7
0.


LaTeX Warning: Citation `cheng2011custom' on page 2 undefined on input line 71.



LaTeX Warning: Citation `zhao2014learning' on page 2 undefined on input line 71
.


LaTeX Warning: Citation `wu2016enhanced' on page 2 undefined on input line 72.


LaTeX Warning: Citation `mclaughlin2016recurrent' on page 2 undefined on input 
line 73.


LaTeX Warning: Citation `yan2016person' on page 2 undefined on input line 73.


LaTeX Warning: Citation `cheng2016person' on page 2 undefined on input line 74.



LaTeX Warning: Citation `xiao2016learning' on page 2 undefined on input line 74
.


LaTeX Warning: Citation `tn2017see' on page 2 undefined on input line 74.


LaTeX Warning: Citation `koestinger2012large' on page 2 undefined on input line
 77.


LaTeX Warning: Citation `dikmen2010pedestrian' on page 2 undefined on input lin
e 77.


LaTeX Warning: Citation `roth2014mahalanobis' on page 2 undefined on input line
 77.


LaTeX Warning: Citation `you2016top' on page 2 undefined on input line 77.


LaTeX Warning: Citation `yi2014deep' on page 2 undefined on input line 77.


LaTeX Warning: Citation `schroff2015facenet' on page 2 undefined on input line 
77.


LaTeX Warning: Citation `ding2015deep' on page 2 undefined on input line 77.


LaTeX Warning: Citation `li2014deepreid' on page 2 undefined on input line 77.


LaTeX Warning: Citation `ahmed2015improved' on page 2 undefined on input line 7
7.


LaTeX Warning: Citation `resystematic' on page 2 undefined on input line 77.


Underfull \hbox (badness 1286) in paragraph at lines 77--78
[]\OT1/ptm/m/n/10 When it comes to met-ric learn-ing, some works are
 []


LaTeX Warning: Citation `yang2016neural' on page 2 undefined on input line 79.


LaTeX Warning: Citation `yu2017quality' on page 2 undefined on input line 79.


LaTeX Warning: Citation `wei2016convolutional' on page 2 undefined on input lin
e 84.


LaTeX Warning: Citation `yu2017quality' on page 2 undefined on input line 85.

[2]

pdfTeX warning: pdflatex (file ./landmark.pdf): PDF inclusion: found PDF versio
n <1.6>, but at most version <1.5> allowed
<landmark.pdf, id=67, 865.64285pt x 394.22995pt>
File: landmark.pdf Graphic file (type pdf)
<use landmark.pdf>
Package pdftex.def Info: landmark.pdf  used on input line 91.
(pdftex.def)             Requested size: 239.39438pt x 109.02412pt.
[3 <./RQANpip.pdf> <./landmark.pdf

pdfTeX warning: pdflatex (file ./landmark.pdf): PDF inclusion: multiple pdfs wi
th page group included in a single page
>]
Underfull \hbox (badness 3189) in paragraph at lines 103--106
\OT1/ptm/m/n/10 An im-age set $\OML/cmm/m/it/10 S \OT1/cmr/m/n/10 = \OMS/cmsy/m
/n/10 f\OML/cmm/m/it/10 I[]; I[]; [] ; I[]\OMS/cmsy/m/n/10 g$ \OT1/ptm/m/n/10 i
s mapped to
 []


Underfull \hbox (badness 2293) in paragraph at lines 103--106
\OT1/ptm/m/n/10 an rep-re-sen-ta-tion with fixed di-men-sion by set ag-gre-
 []


Underfull \hbox (badness 2671) in paragraph at lines 103--106
\OT1/ptm/m/n/10 ga-tion unit. For an im-age, the re-gional fea-ture gen-
 []


Underfull \hbox (badness 1072) in paragraph at lines 103--106
\OT1/ptm/m/n/10 er-a-tion part gen-er-ates the dif-fer-ent re-gions' rep-re-sen
-ta-
 []


Underfull \hbox (badness 1270) in paragraph at lines 110--112
\OT1/ptm/m/n/10 scores and fea-tures, re-spec-tively and $\OML/cmm/m/it/10 n$ \
OT1/ptm/m/n/10 is the num-ber
 []

<train.pdf, id=120, 558.44836pt x 121.32527pt>
File: train.pdf Graphic file (type pdf)
<use train.pdf>
Package pdftex.def Info: train.pdf  used on input line 117.
(pdftex.def)             Requested size: 239.39438pt x 52.00963pt.

Underfull \hbox (badness 4505) in paragraph at lines 132--137
\OT1/ptm/m/n/10 where the $\OML/cmm/m/it/10 d\OT1/cmr/m/n/10 (\OMS/cmsy/m/n/10 
^^A\OT1/cmr/m/n/10 )$ \OT1/ptm/m/n/10 is $\OML/cmm/m/it/10 L[]$\OT1/ptm/m/n/10 
-norm dis-tances, $\OT1/cmr/m/n/10 [\OMS/cmsy/m/n/10 ^^A\OT1/cmr/m/n/10 ][]$ \O
T1/ptm/m/n/10 in-di-cates
 []


Underfull \hbox (badness 1314) in paragraph at lines 139--142
\OT1/ptm/m/n/10 where $\OML/cmm/m/it/10 ^^[\OT1/cmr/m/n/10 (\OMS/cmsy/m/n/10 ^^
A\OT1/cmr/m/n/10 )$ \OT1/ptm/m/n/10 is the sig-moid func-tion scal-ing the scor
es
 []


Underfull \hbox (badness 2158) in paragraph at lines 139--142
\OT1/ptm/m/n/10 to $\OT1/cmr/m/n/10 [0\OML/cmm/m/it/10 ; \OT1/cmr/m/n/10 1]$\OT
1/ptm/m/n/10 . The stage of nor-mal-iza-tion is $\OML/cmm/m/it/10 ^^V[]\OT1/cmr
/m/n/10 (\OML/cmm/m/it/10 I[]\OT1/cmr/m/n/10 ) =
 []


LaTeX Warning: Citation `zheng2016mars' on page 4 undefined on input line 149.


LaTeX Warning: Citation `zheng2015scalable' on page 4 undefined on input line 1
49.


LaTeX Warning: Citation `wang2014person' on page 4 undefined on input line 149.



LaTeX Warning: Citation `hirzer2011person' on page 4 undefined on input line 14
9.


LaTeX Warning: Citation `li2014deepreid' on page 4 undefined on input line 149.



LaTeX Warning: Citation `zheng2016mars' on page 4 undefined on input line 149.


LaTeX Warning: Citation `zheng2015scalable' on page 4 undefined on input line 1
49.


LaTeX Warning: Citation `wang2014person' on page 4 undefined on input line 149.



LaTeX Warning: Citation `hirzer2011person' on page 4 undefined on input line 14
9.


LaTeX Warning: Citation `li2014deepreid' on page 4 undefined on input line 149.


<sample.pdf, id=121, 516.79604pt x 154.85454pt>
File: sample.pdf Graphic file (type pdf)
<use sample.pdf>
Package pdftex.def Info: sample.pdf  used on input line 170.
(pdftex.def)             Requested size: 239.39438pt x 71.73251pt.
[4 <./train.pdf> <./sample.pdf

pdfTeX warning: pdflatex (file ./sample.pdf): PDF inclusion: multiple pdfs with
 page group included in a single page
>]

LaTeX Warning: Citation `hirzer2011person' on page 5 undefined on input line 19
3.


LaTeX Warning: Citation `wang2014person' on page 5 undefined on input line 193.



LaTeX Warning: Citation `zheng2016mars' on page 5 undefined on input line 193.


LaTeX Warning: Citation `mclaughlin2016recurrent' on page 5 undefined on input 
line 197.


LaTeX Warning: Citation `zheng2016mars' on page 5 undefined on input line 197.


LaTeX Warning: Citation `szegedy2015going' on page 5 undefined on input line 23
9.


LaTeX Warning: Citation `ioffe2015batch' on page 5 undefined on input line 239.


[5]
<LPW.pdf, id=163, 476.7178pt x 416.79916pt>
File: LPW.pdf Graphic file (type pdf)
<use LPW.pdf>
Package pdftex.def Info: LPW.pdf  used on input line 246.
(pdftex.def)             Requested size: 239.39438pt x 209.30852pt.


LaTeX Warning: Citation `hu2014cross' on page 6 undefined on input line 318.


LaTeX Warning: Citation `hu2014cross' on page 6 undefined on input line 318.


LaTeX Warning: Citation `hu2014cross' on page 6 undefined on input line 330.


LaTeX Warning: Citation `zheng2016mars' on page 6 undefined on input line 338.


LaTeX Warning: Citation `mclaughlin2016recurrent' on page 6 undefined on input 
line 338.


LaTeX Warning: Citation `liu2015spatio' on page 6 undefined on input line 338.


LaTeX Warning: Citation `you2016top' on page 6 undefined on input line 338.


LaTeX Warning: Citation `tn2017see' on page 6 undefined on input line 338.


LaTeX Warning: Citation `Zhong_2017_CVPR' on page 6 undefined on input line 338
.


LaTeX Warning: Citation `Li_2017_CVPR' on page 6 undefined on input line 338.


LaTeX Warning: Citation `yu2017quality' on page 6 undefined on input line 338.


Underfull \hbox (badness 2435) in paragraph at lines 338--339
\OT1/ptm/m/n/10 In the stage of the ex-per-i-ment, re-sults of eval-u-a-tion
 []


Underfull \hbox (badness 2057) in paragraph at lines 342--342
[]\OT1/ptm/m/n/10 Table 7: Com-par-i-son with state-of-the-art meth-ods on
 []


LaTeX Warning: Citation `mclaughlin2016recurrent' on page 6 undefined on input 
line 372.

[6 <./LPW.pdf>]
<fig1.pdf, id=172, 918.48393pt x 353.85701pt>
File: fig1.pdf Graphic file (type pdf)
<use fig1.pdf>
Package pdftex.def Info: fig1.pdf  used on input line 392.
(pdftex.def)             Requested size: 239.39438pt x 92.22742pt.
 [7 <./fig1.pdf>] [8

]
No file Song-Leng_v2_changed.bbl.
(Song-Leng_v2_changed.aux)
 ***********
LaTeX2e <2023-06-01> patch level 1
L3 programming layer <2023-08-29>
 ***********
 ) 
Here is how much of TeX's memory you used:
 1730 strings out of 475247
 29968 string characters out of 5757792
 1949801 words of memory out of 5000000
 23246 multiletter control sequences out of 15000+600000
 582748 words of font info for 79 fonts, out of 8000000 for 9000
 1141 hyphenation exceptions out of 8191
 57i,15n,65p,1544b,379s stack positions out of 10000i,1000n,20000p,200000b,200000s
<C:/Users/micha/AppData/Local/Programs/MiKTeX/fonts/type1/public/amsfonts/cm/
cmex10.pfb><C:/Users/micha/AppData/Local/Programs/MiKTeX/fonts/type1/public/ams
fonts/cm/cmmi10.pfb><C:/Users/micha/AppData/Local/Programs/MiKTeX/fonts/type1/p
ublic/amsfonts/cm/cmmi5.pfb><C:/Users/micha/AppData/Local/Programs/MiKTeX/fonts
/type1/public/amsfonts/cm/cmmi7.pfb><C:/Users/micha/AppData/Local/Programs/MiKT
eX/fonts/type1/public/amsfonts/cm/cmr10.pfb><C:/Users/micha/AppData/Local/Progr
ams/MiKTeX/fonts/type1/public/amsfonts/cm/cmr5.pfb><C:/Users/micha/AppData/Loca
l/Programs/MiKTeX/fonts/type1/public/amsfonts/cm/cmr7.pfb><C:/Users/micha/AppDa
ta/Local/Programs/MiKTeX/fonts/type1/public/amsfonts/cm/cmsy10.pfb><C:/Users/mi
cha/AppData/Local/Programs/MiKTeX/fonts/type1/public/amsfonts/cm/cmsy7.pfb><C:/
Users/micha/AppData/Local/Programs/MiKTeX/fonts/type1/urw/courier/ucrr8a.pfb><C
:/Users/micha/AppData/Local/Programs/MiKTeX/fonts/type1/urw/times/utmb8a.pfb><C
:/Users/micha/AppData/Local/Programs/MiKTeX/fonts/type1/urw/times/utmr8a.pfb><C
:/Users/micha/AppData/Local/Programs/MiKTeX/fonts/type1/urw/times/utmri8a.pfb>
Output written on Song-Leng_v2_changed.pdf (8 pages, 592957 bytes).
PDF statistics:
 243 PDF objects out of 1000 (max. 8388607)
 0 named destinations out of 1000 (max. 500000)
 36 words of extra memory for PDF output out of 10000 (max. 10000000)

