This is pdfTeX, Version 3.141592653-2.6-1.40.25 (MiKTeX 23.9) (preloaded format=pdflatex 2023.9.22)  1 APR 2024 20:43
entering extended mode
 restricted \write18 enabled.
 %&-line parsing enabled.
**./after_operator1.tex
(after_operator1.tex
LaTeX2e <2023-06-01> patch level 1
L3 programming layer <2023-08-29>
(C:\Users\micha\AppData\Local\Programs\MiKTeX\tex/latex/base\article.cls
Document Class: article 2023/05/17 v1.4n Standard LaTeX document class
(C:\Users\micha\AppData\Local\Programs\MiKTeX\tex/latex/base\size10.clo
File: size10.clo 2023/05/17 v1.4n Standard LaTeX file (size option)
)
\c@part=\count185
\c@section=\count186
\c@subsection=\count187
\c@subsubsection=\count188
\c@paragraph=\count189
\c@subparagraph=\count190
\c@figure=\count191
\c@table=\count192
\abovecaptionskip=\skip48
\belowcaptionskip=\skip49
\bibindent=\dimen140
)
(aaai24.sty
Package: aaai24 2023/06/26 AAAI 2024 Submission format

Conference Style for AAAI for LaTeX 2e -- version for submission
\titlebox=\skip50
) (C:\Users\micha\AppData\Local\Programs\MiKTeX\tex/latex/psnfss\times.sty
Package: times 2020/03/25 PSNFSS-v9.3 (SPQR) 
)
(C:\Users\micha\AppData\Local\Programs\MiKTeX\tex/latex/psnfss\helvet.sty
Package: helvet 2020/03/25 PSNFSS-v9.3 (WaS) 

(C:\Users\micha\AppData\Local\Programs\MiKTeX\tex/latex/graphics\keyval.sty
Package: keyval 2022/05/29 v1.15 key=value parser (DPC)
\KV@toks@=\toks17
))
(C:\Users\micha\AppData\Local\Programs\MiKTeX\tex/latex/psnfss\courier.sty
Package: courier 2020/03/25 PSNFSS-v9.3 (WaS) 
)
(C:\Users\micha\AppData\Local\Programs\MiKTeX\tex/latex/url\url.sty
\Urlmuskip=\muskip16
Package: url 2013/09/16  ver 3.4  Verb mode for urls, etc.
)
(C:\Users\micha\AppData\Local\Programs\MiKTeX\tex/latex/graphics\graphicx.sty
Package: graphicx 2021/09/16 v1.2d Enhanced LaTeX Graphics (DPC,SPQR)

(C:\Users\micha\AppData\Local\Programs\MiKTeX\tex/latex/graphics\graphics.sty
Package: graphics 2022/03/10 v1.4e Standard LaTeX Graphics (DPC,SPQR)

(C:\Users\micha\AppData\Local\Programs\MiKTeX\tex/latex/graphics\trig.sty
Package: trig 2021/08/11 v1.11 sin cos tan (DPC)
)
(C:\Users\micha\AppData\Local\Programs\MiKTeX\tex/latex/graphics-cfg\graphics.c
fg
File: graphics.cfg 2016/06/04 v1.11 sample graphics configuration
)
Package graphics Info: Driver file: pdftex.def on input line 107.

(C:\Users\micha\AppData\Local\Programs\MiKTeX\tex/latex/graphics-def\pdftex.def
File: pdftex.def 2022/09/22 v1.2b Graphics/color driver for pdftex
))
\Gin@req@height=\dimen141
\Gin@req@width=\dimen142
) (C:\Users\micha\AppData\Local\Programs\MiKTeX\tex/latex/natbib\natbib.sty
Package: natbib 2010/09/13 8.31b (PWD, AO)
\bibhang=\skip51
\bibsep=\skip52
LaTeX Info: Redefining \cite on input line 694.
\c@NAT@ctr=\count193
)
(C:\Users\micha\AppData\Local\Programs\MiKTeX\tex/latex/caption\caption.sty
Package: caption 2023/07/31 v3.6n Customizing captions (AR)

(C:\Users\micha\AppData\Local\Programs\MiKTeX\tex/latex/caption\caption3.sty
Package: caption3 2023/07/31 v2.4d caption3 kernel (AR)
\caption@tempdima=\dimen143
\captionmargin=\dimen144
\caption@leftmargin=\dimen145
\caption@rightmargin=\dimen146
\caption@width=\dimen147
\caption@indent=\dimen148
\caption@parindent=\dimen149
\caption@hangindent=\dimen150
Package caption Info: Standard document class detected.
)
\c@caption@flags=\count194
\c@continuedfloat=\count195
)
(C:\Users\micha\AppData\Local\Programs\MiKTeX\tex/latex/algorithms\algorithm.st
y
Package: algorithm 2009/08/24 v0.1 Document Style `algorithm' - floating enviro
nment
 (C:\Users\micha\AppData\Local\Programs\MiKTeX\tex/latex/float\float.sty
Package: float 2001/11/08 v1.3d Float enhancements (AL)
\c@float@type=\count196
\float@exts=\toks18
\float@box=\box51
\@float@everytoks=\toks19
\@floatcapt=\box52
)
(C:\Users\micha\AppData\Local\Programs\MiKTeX\tex/latex/base\ifthen.sty
Package: ifthen 2022/04/13 v1.1d Standard LaTeX ifthen package (DPC)
)
\@float@every@algorithm=\toks20
\c@algorithm=\count197
)
(C:\Users\micha\AppData\Local\Programs\MiKTeX\tex/latex/algorithmicx\algpseudoc
ode.sty
Package: algpseudocode 

(C:\Users\micha\AppData\Local\Programs\MiKTeX\tex/latex/algorithmicx\algorithmi
cx.sty
Package: algorithmicx 2005/04/27 v1.2 Algorithmicx

Document Style algorithmicx 1.2 - a greatly improved `algorithmic' style
\c@ALG@line=\count198
\c@ALG@rem=\count199
\c@ALG@nested=\count266
\ALG@tlm=\skip53
\ALG@thistlm=\skip54
\c@ALG@Lnr=\count267
\c@ALG@blocknr=\count268
\c@ALG@storecount=\count269
\c@ALG@tmpcounter=\count270
\ALG@tmplength=\skip55
)
Document Style - pseudocode environments for use with the `algorithmicx' style
) (C:\Users\micha\AppData\Local\Programs\MiKTeX\tex/latex/xcolor\xcolor.sty
Package: xcolor 2022/06/12 v2.14 LaTeX color extensions (UK)

(C:\Users\micha\AppData\Local\Programs\MiKTeX\tex/latex/graphics-cfg\color.cfg
File: color.cfg 2016/01/02 v1.6 sample color configuration
)
Package xcolor Info: Driver file: pdftex.def on input line 227.
(C:\Users\micha\AppData\Local\Programs\MiKTeX\tex/latex/graphics\mathcolor.ltx)
Package xcolor Info: Model `cmy' substituted by `cmy0' on input line 1353.
Package xcolor Info: Model `hsb' substituted by `rgb' on input line 1357.
Package xcolor Info: Model `RGB' extended on input line 1369.
Package xcolor Info: Model `HTML' substituted by `rgb' on input line 1371.
Package xcolor Info: Model `Hsb' substituted by `hsb' on input line 1372.
Package xcolor Info: Model `tHsb' substituted by `hsb' on input line 1373.
Package xcolor Info: Model `HSB' substituted by `hsb' on input line 1374.
Package xcolor Info: Model `Gray' substituted by `gray' on input line 1375.
Package xcolor Info: Model `wave' substituted by `hsb' on input line 1376.
) (C:\Users\micha\AppData\Local\Programs\MiKTeX\tex/latex/amsmath\amsmath.sty
Package: amsmath 2023/05/13 v2.17o AMS math features
\@mathmargin=\skip56

For additional information on amsmath, use the `?' option.
(C:\Users\micha\AppData\Local\Programs\MiKTeX\tex/latex/amsmath\amstext.sty
Package: amstext 2021/08/26 v2.01 AMS text

(C:\Users\micha\AppData\Local\Programs\MiKTeX\tex/latex/amsmath\amsgen.sty
File: amsgen.sty 1999/11/30 v2.0 generic functions
\@emptytoks=\toks21
\ex@=\dimen151
))
(C:\Users\micha\AppData\Local\Programs\MiKTeX\tex/latex/amsmath\amsbsy.sty
Package: amsbsy 1999/11/29 v1.2d Bold Symbols
\pmbraise@=\dimen152
)
(C:\Users\micha\AppData\Local\Programs\MiKTeX\tex/latex/amsmath\amsopn.sty
Package: amsopn 2022/04/08 v2.04 operator names
)
\inf@bad=\count271
LaTeX Info: Redefining \frac on input line 234.
\uproot@=\count272
\leftroot@=\count273
LaTeX Info: Redefining \overline on input line 399.
LaTeX Info: Redefining \colon on input line 410.
\classnum@=\count274
\DOTSCASE@=\count275
LaTeX Info: Redefining \ldots on input line 496.
LaTeX Info: Redefining \dots on input line 499.
LaTeX Info: Redefining \cdots on input line 620.
\Mathstrutbox@=\box53
\strutbox@=\box54
LaTeX Info: Redefining \big on input line 722.
LaTeX Info: Redefining \Big on input line 723.
LaTeX Info: Redefining \bigg on input line 724.
LaTeX Info: Redefining \Bigg on input line 725.
\big@size=\dimen153
LaTeX Font Info:    Redeclaring font encoding OML on input line 743.
LaTeX Font Info:    Redeclaring font encoding OMS on input line 744.
\macc@depth=\count276
LaTeX Info: Redefining \bmod on input line 905.
LaTeX Info: Redefining \pmod on input line 910.
LaTeX Info: Redefining \smash on input line 940.
LaTeX Info: Redefining \relbar on input line 970.
LaTeX Info: Redefining \Relbar on input line 971.
\c@MaxMatrixCols=\count277
\dotsspace@=\muskip17
\c@parentequation=\count278
\dspbrk@lvl=\count279
\tag@help=\toks22
\row@=\count280
\column@=\count281
\maxfields@=\count282
\andhelp@=\toks23
\eqnshift@=\dimen154
\alignsep@=\dimen155
\tagshift@=\dimen156
\tagwidth@=\dimen157
\totwidth@=\dimen158
\lineht@=\dimen159
\@envbody=\toks24
\multlinegap=\skip57
\multlinetaggap=\skip58
\mathdisplay@stack=\toks25
LaTeX Info: Redefining \[ on input line 2953.
LaTeX Info: Redefining \] on input line 2954.
)
(C:\Users\micha\AppData\Local\Programs\MiKTeX\tex/latex/amsfonts\amssymb.sty
Package: amssymb 2013/01/14 v3.01 AMS font symbols

(C:\Users\micha\AppData\Local\Programs\MiKTeX\tex/latex/amsfonts\amsfonts.sty
Package: amsfonts 2013/01/14 v3.01 Basic AMSFonts support
\symAMSa=\mathgroup4
\symAMSb=\mathgroup5
LaTeX Font Info:    Redeclaring math symbol \hbar on input line 98.
LaTeX Font Info:    Overwriting math alphabet `\mathfrak' in version `bold'
(Font)                  U/euf/m/n --> U/euf/b/n on input line 106.
)) (C:\Users\micha\AppData\Local\Programs\MiKTeX\tex/latex/sttools\cuted.sty
Package: cuted 2021/10/04 v2.0 Mixing onecolumn and twocolumn modes
\At@ViperColsBreak=\toks26
\preCutedStrip=\toks27
\postCutedStrip=\toks28
\cuted@@tempbox@a=\box55
\cuted@@tempbox@c=\box56
\cuted@@tempbox@var=\box57
\hold@viper=\box58
\@viper=\box59
\cuted@@varbox@a=\box60
\cuted@@varbox@c=\box61
\cuted@@tempdim@spread=\dimen160
\cuted@@tempdim@a=\dimen161
\cuted@@tempdim@b=\dimen162
\ht@hold@viper=\dimen163
\ht@viper=\dimen164
\var@@pagediscards@ht=\dimen165
\stripsep=\skip59
\viper@penalty=\count283
)
(C:\Users\micha\AppData\Local\Programs\MiKTeX\tex/latex/booktabs\booktabs.sty
Package: booktabs 2020/01/12 v1.61803398 Publication quality tables
\heavyrulewidth=\dimen166
\lightrulewidth=\dimen167
\cmidrulewidth=\dimen168
\belowrulesep=\dimen169
\belowbottomsep=\dimen170
\aboverulesep=\dimen171
\abovetopsep=\dimen172
\cmidrulesep=\dimen173
\cmidrulekern=\dimen174
\defaultaddspace=\dimen175
\@cmidla=\count284
\@cmidlb=\count285
\@aboverulesep=\dimen176
\@belowrulesep=\dimen177
\@thisruleclass=\count286
\@lastruleclass=\count287
\@thisrulewidth=\dimen178
)
(C:\Users\micha\AppData\Local\Programs\MiKTeX\tex/latex/mathtools\mathtools.sty
Package: mathtools 2022/06/29 v1.29 mathematical typesetting tools
(C:\Users\micha\AppData\Local\Programs\MiKTeX\tex/latex/tools\calc.sty
Package: calc 2017/05/25 v4.3 Infix arithmetic (KKT,FJ)
\calc@Acount=\count288
\calc@Bcount=\count289
\calc@Adimen=\dimen179
\calc@Bdimen=\dimen180
\calc@Askip=\skip60
\calc@Bskip=\skip61
LaTeX Info: Redefining \setlength on input line 80.
LaTeX Info: Redefining \addtolength on input line 81.
\calc@Ccount=\count290
\calc@Cskip=\skip62
)
(C:\Users\micha\AppData\Local\Programs\MiKTeX\tex/latex/mathtools\mhsetup.sty
Package: mhsetup 2021/03/18 v1.4 programming setup (MH)
)
\g_MT_multlinerow_int=\count291
\l_MT_multwidth_dim=\dimen181
\origjot=\skip63
\l_MT_shortvdotswithinadjustabove_dim=\dimen182
\l_MT_shortvdotswithinadjustbelow_dim=\dimen183
\l_MT_above_intertext_sep=\dimen184
\l_MT_below_intertext_sep=\dimen185
\l_MT_above_shortintertext_sep=\dimen186
\l_MT_below_shortintertext_sep=\dimen187
\xmathstrut@box=\box62
\xmathstrut@dim=\dimen188
) (C:\Users\micha\AppData\Local\Programs\MiKTeX\tex/latex/makecell\makecell.sty
Package: makecell 2009/08/03 V0.1e Managing of Tab Column Heads and Cells

(C:\Users\micha\AppData\Local\Programs\MiKTeX\tex/latex/tools\array.sty
Package: array 2022/09/04 v2.5g Tabular extension package (FMi)
\col@sep=\dimen189
\ar@mcellbox=\box63
\extrarowheight=\dimen190
\NC@list=\toks29
\extratabsurround=\skip64
\backup@length=\skip65
\ar@cellbox=\box64
)
\rotheadsize=\dimen191
\c@nlinenum=\count292
\TeXr@lab=\toks30
)
(C:\Users\micha\AppData\Local\Programs\MiKTeX\tex/latex/tools\bm.sty
Package: bm 2022/01/05 v1.2f Bold Symbol Support (DPC/FMi)
\symboldoperators=\mathgroup6
\symboldletters=\mathgroup7
\symboldsymbols=\mathgroup8
Package bm Info: No bold for \OMX/cmex/m/n, using \pmb.
Package bm Info: No bold for \U/msa/m/n, using \pmb.
Package bm Info: No bold for \U/msb/m/n, using \pmb.
LaTeX Font Info:    Redeclaring math alphabet \mathbf on input line 149.
)
(C:\Users\micha\AppData\Local\Programs\MiKTeX\tex/latex/multirow\multirow.sty
Package: multirow 2021/03/15 v2.8 Span multiple rows of a table
\multirow@colwidth=\skip66
\multirow@cntb=\count293
\multirow@dima=\skip67
\bigstrutjot=\dimen192
)
(C:\Users\micha\AppData\Local\Programs\MiKTeX\tex/latex/tools\multicol.sty
Package: multicol 2023/03/30 v1.9f multicolumn formatting (FMi)
\c@tracingmulticols=\count294
\mult@box=\box65
\multicol@leftmargin=\dimen193
\c@unbalance=\count295
\c@collectmore=\count296
\doublecol@number=\count297
\multicoltolerance=\count298
\multicolpretolerance=\count299
\full@width=\dimen194
\page@free=\dimen195
\premulticols=\dimen196
\postmulticols=\dimen197
\multicolsep=\skip68
\multicolbaselineskip=\skip69
\partial@page=\box66
\last@line=\box67
\mc@boxedresult=\box68
\maxbalancingoverflow=\dimen198
\mult@rightbox=\box69
\mult@grightbox=\box70
\mult@firstbox=\box71
\mult@gfirstbox=\box72
\@tempa=\box73
\@tempa=\box74
\@tempa=\box75
\@tempa=\box76
\@tempa=\box77
\@tempa=\box78
\@tempa=\box79
\@tempa=\box80
\@tempa=\box81
\@tempa=\box82
\@tempa=\box83
\@tempa=\box84
\@tempa=\box85
\@tempa=\box86
\@tempa=\box87
\@tempa=\box88
\@tempa=\box89
\@tempa=\box90
\@tempa=\box91
\@tempa=\box92
\@tempa=\box93
\@tempa=\box94
\@tempa=\box95
\@tempa=\box96
\@tempa=\box97
\@tempa=\box98
\@tempa=\box99
\@tempa=\box100
\@tempa=\box101
\@tempa=\box102
\@tempa=\box103
\@tempa=\box104
\@tempa=\box105
\@tempa=\box106
\@tempa=\box107
\@tempa=\box108
\c@minrows=\count300
\c@columnbadness=\count301
\c@finalcolumnbadness=\count302
\last@try=\dimen199
\multicolovershoot=\dimen256
\multicolundershoot=\dimen257
\mult@nat@firstbox=\box109
\colbreak@box=\box110
\mc@col@check@num=\count303
)
(C:\Users\micha\AppData\Local\Programs\MiKTeX\tex/latex/caption\subcaption.sty
Package: subcaption 2023/07/28 v1.6b Sub-captions (AR)
Package caption Info: New subtype `subfigure' on input line 238.
\c@subfigure=\count304
Package caption Info: New subtype `subtable' on input line 238.
\c@subtable=\count305
) (C:\Users\micha\AppData\Local\Programs\MiKTeX\tex/latex/arydshln\arydshln.sty
Package: arydshln 2019/02/21 v1.76 
\dashlinedash=\dimen258
\dashlinegap=\dimen259
\adl@box=\box111
\adl@height=\dimen260
\adl@heightsave=\dimen261
\adl@depth=\dimen262
\adl@depthsave=\dimen263
\adl@finaldepth=\dimen264
\adl@columns=\count306
\adl@ncol=\count307
\adl@currentcolumn=\count308
\adl@currentcolumnsave=\count309
\adl@totalheight=\count310
\adl@totalheightsave=\count311
\adl@dash=\count312
\adl@gap=\count313
\adl@cla=\count314
\adl@clb=\count315
\adl@everyvbox=\toks31
\adl@LTpagetotal=\dimen265
) (C:\Users\micha\AppData\Local\Programs\MiKTeX\tex/latex/newfloat\newfloat.sty
Package: newfloat 2023/10/01 v1.2 Defining new floating environments (AR)
) (C:\Users\micha\AppData\Local\Programs\MiKTeX\tex/latex/listings\listings.sty
\lst@mode=\count316
\lst@gtempboxa=\box112
\lst@token=\toks32
\lst@length=\count317
\lst@currlwidth=\dimen266
\lst@column=\count318
\lst@pos=\count319
\lst@lostspace=\dimen267
\lst@width=\dimen268
\lst@newlines=\count320
\lst@lineno=\count321
\lst@maxwidth=\dimen269

(C:\Users\micha\AppData\Local\Programs\MiKTeX\tex/latex/listings\lstmisc.sty
File: lstmisc.sty 2023/02/27 1.9 (Carsten Heinz)
\c@lstnumber=\count322
\lst@skipnumbers=\count323
\lst@framebox=\box113
)
(C:\Users\micha\AppData\Local\Programs\MiKTeX\tex/latex/listings\listings.cfg
File: listings.cfg 2023/02/27 1.9 listings configuration
))
Package: listings 2023/02/27 1.9 (Carsten Heinz)
\@float@every@listing=\toks33
\c@listing=\count324
(C:\Users\micha\AppData\Local\Programs\MiKTeX\tex/latex/natbib\bibentry.sty
Package: bibentry 2007/10/30 1.5 (PWD)
)
LaTeX Font Info:    Trying to load font information for OT1+ptm on input line 9
7.

(C:\Users\micha\AppData\Local\Programs\MiKTeX\tex/latex/psnfss\ot1ptm.fd
File: ot1ptm.fd 2001/06/04 font definitions for OT1/ptm.
)
(C:\Users\micha\AppData\Local\Programs\MiKTeX\tex/latex/l3backend\l3backend-pdf
tex.def
File: l3backend-pdftex.def 2023-04-19 L3 backend support: PDF output (pdfTeX)
\l__color_backend_stack_int=\count325
\l__pdf_internal_box=\box114
) (after_operator1.aux)
\openout1 = `after_operator1.aux'.

LaTeX Font Info:    Checking defaults for OML/cmm/m/it on input line 97.
LaTeX Font Info:    ... okay on input line 97.
LaTeX Font Info:    Checking defaults for OMS/cmsy/m/n on input line 97.
LaTeX Font Info:    ... okay on input line 97.
LaTeX Font Info:    Checking defaults for OT1/cmr/m/n on input line 97.
LaTeX Font Info:    ... okay on input line 97.
LaTeX Font Info:    Checking defaults for T1/cmr/m/n on input line 97.
LaTeX Font Info:    ... okay on input line 97.
LaTeX Font Info:    Checking defaults for TS1/cmr/m/n on input line 97.
LaTeX Font Info:    ... okay on input line 97.
LaTeX Font Info:    Checking defaults for OMX/cmex/m/n on input line 97.
LaTeX Font Info:    ... okay on input line 97.
LaTeX Font Info:    Checking defaults for U/cmr/m/n on input line 97.
LaTeX Font Info:    ... okay on input line 97.

(C:\Users\micha\AppData\Local\Programs\MiKTeX\tex/context/base/mkii\supp-pdf.mk
ii
[Loading MPS to PDF converter (version 2006.09.02).]
\scratchcounter=\count326
\scratchdimen=\dimen270
\scratchbox=\box115
\nofMPsegments=\count327
\nofMParguments=\count328
\everyMPshowfont=\toks34
\MPscratchCnt=\count329
\MPscratchDim=\dimen271
\MPnumerator=\count330
\makeMPintoPDFobject=\count331
\everyMPtoPDFconversion=\toks35
)
(C:\Users\micha\AppData\Local\Programs\MiKTeX\tex/latex/epstopdf-pkg\epstopdf-b
ase.sty
Package: epstopdf-base 2020-01-24 v2.11 Base part for package epstopdf
Package epstopdf-base Info: Redefining graphics rule for `.eps' on input line 4
85.

(C:\Users\micha\AppData\Local\Programs\MiKTeX\tex/latex/00miktex\epstopdf-sys.c
fg
File: epstopdf-sys.cfg 2021/03/18 v2.0 Configuration of epstopdf for MiKTeX
))
Package caption Info: Begin \AtBeginDocument code.
Package caption Info: float package is loaded.
Package caption Info: listings package is loaded.
Package caption Info: End \AtBeginDocument code.
Package newfloat Info: `float' package detected.
\c@lstlisting=\count332
\c@eqfn=\count333
\titlearea=\box116
LaTeX Font Info:    Trying to load font information for U+msa on input line 99.

 (C:\Users\micha\AppData\Local\Programs\MiKTeX\tex/latex/amsfonts\umsa.fd
File: umsa.fd 2013/01/14 v3.01 AMS symbols A
)
LaTeX Font Info:    Trying to load font information for U+msb on input line 99.


(C:\Users\micha\AppData\Local\Programs\MiKTeX\tex/latex/amsfonts\umsb.fd
File: umsb.fd 2013/01/14 v3.01 AMS symbols B
)
LaTeX Font Info:    Trying to load font information for OMS+ptm on input line 9
9.

(C:\Users\micha\AppData\Local\Programs\MiKTeX\tex/latex/psnfss\omsptm.fd
File: omsptm.fd 
)
LaTeX Font Info:    Font shape `OMS/ptm/m/n' in size <10> not available
(Font)              Font shape `OMS/cmsy/m/n' tried instead on input line 99.
\actualheight=\skip70
LaTeX Font Info:    Trying to load font information for TS1+ptm on input line 9
9.

(C:\Users\micha\AppData\Local\Programs\MiKTeX\tex/latex/psnfss\ts1ptm.fd
File: ts1ptm.fd 2001/06/04 font definitions for TS1/ptm.
)

Package natbib Warning: Citation `pix2pix' on page 1 undefined on input line 11
5.


Package natbib Warning: Citation `cyclegan' on page 1 undefined on input line 1
15.


Package natbib Warning: Citation `gcgan' on page 1 undefined on input line 115.



Package natbib Warning: Citation `distancegan' on page 1 undefined on input lin
e 115.

<figs/concept_g.jpg, id=1, 489.027pt x 512.6352pt>
File: figs/concept_g.jpg Graphic file (type jpg)
<use figs/concept_g.jpg>
Package pdftex.def Info: figs/concept_g.jpg  used on input line 118.
(pdftex.def)             Requested size: 237.00174pt x 248.44786pt.

Package natbib Warning: Citation `cut' on page 1 undefined on input line 124.


Package natbib Warning: Citation `negcut' on page 1 undefined on input line 125
.


Package natbib Warning: Citation `sesim' on page 1 undefined on input line 125.



Package natbib Warning: Citation `HnegSRC' on page 1 undefined on input line 12
5.


Package natbib Warning: Citation `hkd' on page 1 undefined on input line 125.


Package natbib Warning: Citation `deepSpectral' on page 1 undefined on input li
ne 132.


Package natbib Warning: Citation `tokenCut' on page 1 undefined on input line 1
32.


Package natbib Warning: Citation `visionGNN' on page 1 undefined on input line 
132.


Package natbib Warning: Citation `hkd' on page 1 undefined on input line 132.

[1{C:/Users/micha/AppData/Local/MiKTeX/fonts/map/pdftex/pdftex.map}{C:/Users/mi
cha/AppData/Local/Programs/MiKTeX/fonts/enc/dvips/base/8r.enc}



 <./figs/concept_g.jpg>]
Underfull \hbox (badness 5245) in paragraph at lines 143--144
[]\OT1/ptm/m/n/10 We pro-pose a GNN-based frame-work to cap-ture
 []


Package natbib Warning: Citation `cut' on page 2 undefined on input line 157.


Package natbib Warning: Citation `negcut' on page 2 undefined on input line 157
.


Package natbib Warning: Citation `sesim' on page 2 undefined on input line 157.



Package natbib Warning: Citation `mcl' on page 2 undefined on input line 157.


Package natbib Warning: Citation `qsAttn' on page 2 undefined on input line 157
.


Package natbib Warning: Citation `moNCE' on page 2 undefined on input line 157.



Package natbib Warning: Citation `HnegSRC' on page 2 undefined on input line 15
7.


Package natbib Warning: Citation `splicing' on page 2 undefined on input line 1
58.


Package natbib Warning: Citation `text2live' on page 2 undefined on input line 
158.


Package natbib Warning: Citation `HnegSRC' on page 2 undefined on input line 15
9.


Package natbib Warning: Citation `splicing' on page 2 undefined on input line 1
60.


Package natbib Warning: Citation `text2live' on page 2 undefined on input line 
160.

<figs/method_3.jpg, id=10, 1092.7224pt x 361.35pt>
File: figs/method_3.jpg Graphic file (type jpg)
<use figs/method_3.jpg>
Package pdftex.def Info: figs/method_3.jpg  used on input line 167.
(pdftex.def)             Requested size: 495.77003pt x 163.94032pt.

Package natbib Warning: Citation `gcn' on page 2 undefined on input line 177.


Package natbib Warning: Citation `tagcn' on page 2 undefined on input line 177.



Underfull \hbox (badness 2213) in paragraph at lines 177--178
 \OT1/ptm/b/n/10 Graph neu-ral net-work \OT1/ptm/m/n/10 Graph neu-ral net-work(
GNN)
 []


Package natbib Warning: Citation `lagraph' on page 2 undefined on input line 17
9.


Package natbib Warning: Citation `sep' on page 2 undefined on input line 179.


Package natbib Warning: Citation `structPool' on page 2 undefined on input line
 179.


Package natbib Warning: Citation `superGlue' on page 2 undefined on input line 
180.


Package natbib Warning: Citation `semantic2graph' on page 2 undefined on input 
line 180.


Package natbib Warning: Citation `hkd' on page 2 undefined on input line 180.


Package natbib Warning: Citation `gkd' on page 2 undefined on input line 180.


Package natbib Warning: Citation `deepSpectral' on page 2 undefined on input li
ne 182.


Package natbib Warning: Citation `tokenCut' on page 2 undefined on input line 1
82.


Package natbib Warning: Citation `visionGNN' on page 2 undefined on input line 
182.

[2]
<figs/graph_g.jpg, id=20, 546.3612pt x 332.442pt>
File: figs/graph_g.jpg Graphic file (type jpg)
<use figs/graph_g.jpg>
Package pdftex.def Info: figs/graph_g.jpg  used on input line 218.
(pdftex.def)             Requested size: 237.00174pt x 144.20528pt.


Package natbib Warning: Citation `tagcn' on page 3 undefined on input line 223.



Underfull \vbox (badness 10000) has occurred while \output is active []



Package natbib Warning: Citation `cpc' on page 3 undefined on input line 232.


Package natbib Warning: Citation `graphUnet' on page 3 undefined on input line 
247.

[3 <./figs/method_3.jpg> <./figs/graph_g.jpg>]
<figs/pooling_g.jpg, id=25, 520.344pt x 235.1184pt>
File: figs/pooling_g.jpg Graphic file (type jpg)
<use figs/pooling_g.jpg>
Package pdftex.def Info: figs/pooling_g.jpg  used on input line 271.
(pdftex.def)             Requested size: 222.63501pt x 100.60025pt.


Package natbib Warning: Citation `graphUnet' on page 4 undefined on input line 
272.


Package natbib Warning: Citation `graphUnet' on page 4 undefined on input line 
272.


Package natbib Warning: Citation `cbam' on page 4 undefined on input line 280.


Package natbib Warning: Citation `bam' on page 4 undefined on input line 280.

<figs/pool-attn.jpg, id=26, 536.7252pt x 334.851pt>
File: figs/pool-attn.jpg Graphic file (type jpg)
<use figs/pool-attn.jpg>
Package pdftex.def Info: figs/pool-attn.jpg  used on input line 286.
(pdftex.def)             Requested size: 222.63501pt x 138.89415pt.

Package natbib Warning: Citation `HnegSRC' on page 4 undefined on input line 29
4.


Package natbib Warning: Citation `cut' on page 4 undefined on input line 294.


Package natbib Warning: Citation `negcut' on page 4 undefined on input line 294
.


Package natbib Warning: Citation `sesim' on page 4 undefined on input line 294.



Package natbib Warning: Citation `lsgan' on page 4 undefined on input line 300.



Package natbib Warning: Citation `cut' on page 4 undefined on input line 305.

<figs/result_aaai_2.jpg, id=27, 924.0924pt x 497.2176pt>
File: figs/result_aaai_2.jpg Graphic file (type jpg)
<use figs/result_aaai_2.jpg>
Package pdftex.def Info: figs/result_aaai_2.jpg  used on input line 312.
(pdftex.def)             Requested size: 490.71391pt x 264.03998pt.

Package natbib Warning: Citation `cut' on page 4 undefined on input line 326.


Underfull \hbox (badness 3039) in paragraph at lines 325--327
 \OT1/ptm/b/n/10 Im-ple-men-ta-tion De-tails \OT1/ptm/m/n/10 We first ver-ify o
ur method
 []


Underfull \hbox (badness 5446) in paragraph at lines 325--327
\OT1/ptm/m/n/10 for un-paired im-age trans-la-tion task. We ver-ify our
 []


Underfull \hbox (badness 1917) in paragraph at lines 325--327
\OT1/ptm/m/n/10 Label$\OMS/cmsy/m/n/10 !$\OT1/ptm/m/n/10 Cityscape, map$\OMS/cm
sy/m/n/10 !$\OT1/ptm/m/n/10 satellite, summer$\OMS/cmsy/m/n/10 !$\OT1/ptm/m/n/1
0 winter, and
 []


Package natbib Warning: Citation `vgg' on page 4 undefined on input line 328.


Package natbib Warning: Citation `cyclegan' on page 4 undefined on input line 3
46.


Package natbib Warning: Citation `munit' on page 4 undefined on input line 346.



Package natbib Warning: Citation `distancegan' on page 4 undefined on input lin
e 346.


Package natbib Warning: Citation `gcgan' on page 4 undefined on input line 346.



Package natbib Warning: Citation `cut' on page 4 undefined on input line 347.


Package natbib Warning: Citation `negcut' on page 4 undefined on input line 347
.


Package natbib Warning: Citation `sesim' on page 4 undefined on input line 347.



Package natbib Warning: Citation `HnegSRC' on page 4 undefined on input line 34
7.


Underfull \hbox (badness 1158) in paragraph at lines 346--348
 \OT1/ptm/b/n/10 Image-to-Image trans-la-tion \OT1/ptm/m/n/10 We com-pare our m
ethod
 []

<figs/spatial_specific_2.jpg, id=28, 306.4248pt x 202.8378pt>
File: figs/spatial_specific_2.jpg Graphic file (type jpg)
<use figs/spatial_specific_2.jpg>
Package pdftex.def Info: figs/spatial_specific_2.jpg  used on input line 352.
(pdftex.def)             Requested size: 203.48668pt x 134.69664pt.
[4 <./figs/pooling_g.jpg> <./figs/pool-attn.jpg>]
Underfull \hbox (badness 1194) in paragraph at lines 360--361
[]\OT1/ptm/m/n/10 Moreover, we fur-ther com-pare our method with the
 []


Package natbib Warning: Citation `cyclegan' on page 5 undefined on input line 3
98.


Package natbib Warning: Citation `munit' on page 5 undefined on input line 398.



Package natbib Warning: Citation `distancegan' on page 5 undefined on input lin
e 398.


Package natbib Warning: Citation `gcgan' on page 5 undefined on input line 398.



Package natbib Warning: Citation `cut' on page 5 undefined on input line 398.


Package natbib Warning: Citation `negcut' on page 5 undefined on input line 398
.


Package natbib Warning: Citation `sesim' on page 5 undefined on input line 398.



Package natbib Warning: Citation `HnegSRC' on page 5 undefined on input line 39
8.

<figs/single2.png, id=33, 1253.6436pt x 298.716pt>
File: figs/single2.png Graphic file (type png)
<use figs/single2.png>
Package pdftex.def Info: figs/single2.png  used on input line 407.
(pdftex.def)             Requested size: 455.2979pt x 108.48573pt.
<figs/analy_21.jpg, id=35, 660.5478pt x 319.4334pt>
File: figs/analy_21.jpg Graphic file (type jpg)
<use figs/analy_21.jpg>
Package pdftex.def Info: figs/analy_21.jpg  used on input line 420.
(pdftex.def)             Requested size: 430.00958pt x 207.95093pt.
<figs/adj_FC_h.jpg, id=36, 539.616pt x 313.17pt>
File: figs/adj_FC_h.jpg Graphic file (type jpg)
<use figs/adj_FC_h.jpg>
Package pdftex.def Info: figs/adj_FC_h.jpg  used on input line 427.
(pdftex.def)             Requested size: 183.13765pt x 106.01764pt.

Package natbib Warning: Citation `cut' on page 5 undefined on input line 428.


Package natbib Warning: Citation `cut' on page 5 undefined on input line 428.


Package natbib Warning: Citation `cut' on page 5 undefined on input line 434.


Package natbib Warning: Citation `strotss' on page 5 undefined on input line 43
6.


Package natbib Warning: Citation `wct2' on page 5 undefined on input line 436.


Package natbib Warning: Citation `cut' on page 5 undefined on input line 436.


Package natbib Warning: Citation `sesim' on page 5 undefined on input line 436.



Package natbib Warning: Citation `HnegSRC' on page 5 undefined on input line 43
6.


Underfull \hbox (badness 10000) in paragraph at lines 434--437
 \OT1/ptm/b/n/10 Single-Image Trans-la-tion \OT1/ptm/m/n/10 Fol-low-ing the pre
-vi-ous
 []


Underfull \hbox (badness 1248) in paragraph at lines 434--437
\OT1/ptm/m/n/10 work (\OT1/ptm/b/n/10 ?\OT1/ptm/m/n/10 ), we ver-ify our method
 for the sin-gle im-age
 []

[5 <./figs/result_aaai_2.jpg> <./figs/spatial_specific_2.jpg>]

Package natbib Warning: Citation `deepSpectral' on page 6 undefined on input li
ne 471.

[6 <./figs/single2.png>]
Underfull \hbox (badness 10000) in paragraph at lines 519--519
[]\OT1/ptm/m/n/10 GNN
 []


Underfull \hbox (badness 10000) in paragraph at lines 519--519
\OT1/ptm/m/n/10 Ab-la-tion
 []


Underfull \hbox (badness 10000) in paragraph at lines 519--519
[]\OT1/ptm/m/n/10 Pooling
 []

[7 <./figs/analy_21.jpg> <./figs/adj_FC_h.jpg>]
No file after_operator1.bbl.

Package natbib Warning: There were undefined citations.

(after_operator1.aux)
 ***********
LaTeX2e <2023-06-01> patch level 1
L3 programming layer <2023-08-29>
 ***********
 ) 
Here is how much of TeX's memory you used:
 9010 strings out of 475247
 143656 string characters out of 5757792
 1945801 words of memory out of 5000000
 30392 multiletter control sequences out of 15000+600000
 585509 words of font info for 102 fonts, out of 8000000 for 9000
 1141 hyphenation exceptions out of 8191
 57i,17n,65p,806b,368s stack positions out of 10000i,1000n,20000p,200000b,200000s
<C:/Users/micha/AppData/Local/Programs/MiKTeX/fonts/type1/public/amsfonts/cm/
cmex10.pfb><C:/Users/micha/AppData/Local/Programs/MiKTeX/fonts/type1/public/ams
fonts/cm/cmmi10.pfb><C:/Users/micha/AppData/Local/Programs/MiKTeX/fonts/type1/p
ublic/amsfonts/cm/cmmi5.pfb><C:/Users/micha/AppData/Local/Programs/MiKTeX/fonts
/type1/public/amsfonts/cm/cmmi7.pfb><C:/Users/micha/AppData/Local/Programs/MiKT
eX/fonts/type1/public/amsfonts/cm/cmr10.pfb><C:/Users/micha/AppData/Local/Progr
ams/MiKTeX/fonts/type1/public/amsfonts/cm/cmr7.pfb><C:/Users/micha/AppData/Loca
l/Programs/MiKTeX/fonts/type1/public/amsfonts/cm/cmsy10.pfb><C:/Users/micha/App
Data/Local/Programs/MiKTeX/fonts/type1/public/amsfonts/cm/cmsy7.pfb><C:/Users/m
icha/AppData/Local/Programs/MiKTeX/fonts/type1/public/amsfonts/symbols/msbm10.p
fb><C:/Users/micha/AppData/Local/Programs/MiKTeX/fonts/type1/urw/times/utmb8a.p
fb><C:/Users/micha/AppData/Local/Programs/MiKTeX/fonts/type1/urw/times/utmr8a.p
fb><C:/Users/micha/AppData/Local/Programs/MiKTeX/fonts/type1/urw/times/utmri8a.
pfb>
Output written on after_operator1.pdf (7 pages, 5347669 bytes).
PDF statistics:
 99 PDF objects out of 1000 (max. 8388607)
 0 named destinations out of 1000 (max. 500000)
 51 words of extra memory for PDF output out of 10000 (max. 10000000)

