This is pdfTeX, Version 3.141592653-2.6-1.40.25 (MiKTeX 23.9) (preloaded format=pdflatex 2023.9.22)  30 MAR 2024 17:59
entering extended mode
 restricted \write18 enabled.
 %&-line parsing enabled.
**./paper_changed.tex
(paper_changed.tex
LaTeX2e <2023-06-01> patch level 1
L3 programming layer <2023-08-29>
(C:\Users\micha\AppData\Local\Programs\MiKTeX\tex/latex/base\article.cls
Document Class: article 2023/05/17 v1.4n Standard LaTeX document class
(C:\Users\micha\AppData\Local\Programs\MiKTeX\tex/latex/base\size10.clo
File: size10.clo 2023/05/17 v1.4n Standard LaTeX file (size option)
)
\c@part=\count185
\c@section=\count186
\c@subsection=\count187
\c@subsubsection=\count188
\c@paragraph=\count189
\c@subparagraph=\count190
\c@figure=\count191
\c@table=\count192
\abovecaptionskip=\skip48
\belowcaptionskip=\skip49
\bibindent=\dimen140
)
(aaai18.sty
Conference Style for AAAI for LaTeX 2e -- version for the AAAI-18 conference
\titlebox=\skip50
) (C:\Users\micha\AppData\Local\Programs\MiKTeX\tex/latex/psnfss\times.sty
Package: times 2020/03/25 PSNFSS-v9.3 (SPQR) 
)
(C:\Users\micha\AppData\Local\Programs\MiKTeX\tex/latex/psnfss\helvet.sty
Package: helvet 2020/03/25 PSNFSS-v9.3 (WaS) 

(C:\Users\micha\AppData\Local\Programs\MiKTeX\tex/latex/graphics\keyval.sty
Package: keyval 2022/05/29 v1.15 key=value parser (DPC)
\KV@toks@=\toks17
))
(C:\Users\micha\AppData\Local\Programs\MiKTeX\tex/latex/psnfss\courier.sty
Package: courier 2020/03/25 PSNFSS-v9.3 (WaS) 
)
(C:\Users\micha\AppData\Local\Programs\MiKTeX\tex/latex/url\url.sty
\Urlmuskip=\muskip16
Package: url 2013/09/16  ver 3.4  Verb mode for urls, etc.
)
(C:\Users\micha\AppData\Local\Programs\MiKTeX\tex/latex/graphics\graphicx.sty
Package: graphicx 2021/09/16 v1.2d Enhanced LaTeX Graphics (DPC,SPQR)

(C:\Users\micha\AppData\Local\Programs\MiKTeX\tex/latex/graphics\graphics.sty
Package: graphics 2022/03/10 v1.4e Standard LaTeX Graphics (DPC,SPQR)

(C:\Users\micha\AppData\Local\Programs\MiKTeX\tex/latex/graphics\trig.sty
Package: trig 2021/08/11 v1.11 sin cos tan (DPC)
)
(C:\Users\micha\AppData\Local\Programs\MiKTeX\tex/latex/graphics-cfg\graphics.c
fg
File: graphics.cfg 2016/06/04 v1.11 sample graphics configuration
)
Package graphics Info: Driver file: pdftex.def on input line 107.

(C:\Users\micha\AppData\Local\Programs\MiKTeX\tex/latex/graphics-def\pdftex.def
File: pdftex.def 2022/09/22 v1.2b Graphics/color driver for pdftex
))
\Gin@req@height=\dimen141
\Gin@req@width=\dimen142
) (C:\Users\micha\AppData\Local\Programs\MiKTeX\tex/latex/graphics\color.sty
Package: color 2022/01/06 v1.3d Standard LaTeX Color (DPC)

(C:\Users\micha\AppData\Local\Programs\MiKTeX\tex/latex/graphics-cfg\color.cfg
File: color.cfg 2016/01/02 v1.6 sample color configuration
)
Package color Info: Driver file: pdftex.def on input line 149.
(C:\Users\micha\AppData\Local\Programs\MiKTeX\tex/latex/graphics\mathcolor.ltx)
) (C:\Users\micha\AppData\Local\Programs\MiKTeX\tex/latex/amsmath\amsmath.sty
Package: amsmath 2023/05/13 v2.17o AMS math features
\@mathmargin=\skip51

For additional information on amsmath, use the `?' option.
(C:\Users\micha\AppData\Local\Programs\MiKTeX\tex/latex/amsmath\amstext.sty
Package: amstext 2021/08/26 v2.01 AMS text

(C:\Users\micha\AppData\Local\Programs\MiKTeX\tex/latex/amsmath\amsgen.sty
File: amsgen.sty 1999/11/30 v2.0 generic functions
\@emptytoks=\toks18
\ex@=\dimen143
))
(C:\Users\micha\AppData\Local\Programs\MiKTeX\tex/latex/amsmath\amsbsy.sty
Package: amsbsy 1999/11/29 v1.2d Bold Symbols
\pmbraise@=\dimen144
)
(C:\Users\micha\AppData\Local\Programs\MiKTeX\tex/latex/amsmath\amsopn.sty
Package: amsopn 2022/04/08 v2.04 operator names
)
\inf@bad=\count193
LaTeX Info: Redefining \frac on input line 234.
\uproot@=\count194
\leftroot@=\count195
LaTeX Info: Redefining \overline on input line 399.
LaTeX Info: Redefining \colon on input line 410.
\classnum@=\count196
\DOTSCASE@=\count197
LaTeX Info: Redefining \ldots on input line 496.
LaTeX Info: Redefining \dots on input line 499.
LaTeX Info: Redefining \cdots on input line 620.
\Mathstrutbox@=\box51
\strutbox@=\box52
LaTeX Info: Redefining \big on input line 722.
LaTeX Info: Redefining \Big on input line 723.
LaTeX Info: Redefining \bigg on input line 724.
LaTeX Info: Redefining \Bigg on input line 725.
\big@size=\dimen145
LaTeX Font Info:    Redeclaring font encoding OML on input line 743.
LaTeX Font Info:    Redeclaring font encoding OMS on input line 744.
\macc@depth=\count198
LaTeX Info: Redefining \bmod on input line 905.
LaTeX Info: Redefining \pmod on input line 910.
LaTeX Info: Redefining \smash on input line 940.
LaTeX Info: Redefining \relbar on input line 970.
LaTeX Info: Redefining \Relbar on input line 971.
\c@MaxMatrixCols=\count199
\dotsspace@=\muskip17
\c@parentequation=\count266
\dspbrk@lvl=\count267
\tag@help=\toks19
\row@=\count268
\column@=\count269
\maxfields@=\count270
\andhelp@=\toks20
\eqnshift@=\dimen146
\alignsep@=\dimen147
\tagshift@=\dimen148
\tagwidth@=\dimen149
\totwidth@=\dimen150
\lineht@=\dimen151
\@envbody=\toks21
\multlinegap=\skip52
\multlinetaggap=\skip53
\mathdisplay@stack=\toks22
LaTeX Info: Redefining \[ on input line 2953.
LaTeX Info: Redefining \] on input line 2954.
)
(C:\Users\micha\AppData\Local\Programs\MiKTeX\tex/latex/amsfonts\amsfonts.sty
Package: amsfonts 2013/01/14 v3.01 Basic AMSFonts support
\symAMSa=\mathgroup4
\symAMSb=\mathgroup5
LaTeX Font Info:    Redeclaring math symbol \hbar on input line 98.
LaTeX Font Info:    Overwriting math alphabet `\mathfrak' in version `bold'
(Font)                  U/euf/m/n --> U/euf/b/n on input line 106.
)
(C:\Users\micha\AppData\Local\Programs\MiKTeX\tex/latex/bbding\bbding.sty
Package: bbding 1999/04/15 v1.01 Dingbats symbols
)
(C:\Users\micha\AppData\Local\Programs\MiKTeX\tex/latex/hyperref\hyperref.sty
Package: hyperref 2023-07-08 v7.01b Hypertext links for LaTeX

(C:\Users\micha\AppData\Local\Programs\MiKTeX\tex/generic/ltxcmds\ltxcmds.sty
Package: ltxcmds 2023-12-04 v1.26 LaTeX kernel commands for general use (HO)
)
(C:\Users\micha\AppData\Local\Programs\MiKTeX\tex/generic/iftex\iftex.sty
Package: iftex 2022/02/03 v1.0f TeX engine tests
)
(C:\Users\micha\AppData\Local\Programs\MiKTeX\tex/generic/pdftexcmds\pdftexcmds
.sty
Package: pdftexcmds 2020-06-27 v0.33 Utility functions of pdfTeX for LuaTeX (HO
)

(C:\Users\micha\AppData\Local\Programs\MiKTeX\tex/generic/infwarerr\infwarerr.s
ty
Package: infwarerr 2019/12/03 v1.5 Providing info/warning/error messages (HO)
)
Package pdftexcmds Info: \pdf@primitive is available.
Package pdftexcmds Info: \pdf@ifprimitive is available.
Package pdftexcmds Info: \pdfdraftmode found.
)
(C:\Users\micha\AppData\Local\Programs\MiKTeX\tex/latex/kvsetkeys\kvsetkeys.sty
Package: kvsetkeys 2022-10-05 v1.19 Key value parser (HO)
)
(C:\Users\micha\AppData\Local\Programs\MiKTeX\tex/generic/kvdefinekeys\kvdefine
keys.sty
Package: kvdefinekeys 2019-12-19 v1.6 Define keys (HO)
)
(C:\Users\micha\AppData\Local\Programs\MiKTeX\tex/generic/pdfescape\pdfescape.s
ty
Package: pdfescape 2019/12/09 v1.15 Implements pdfTeX's escape features (HO)
) (C:\Users\micha\AppData\Local\Programs\MiKTeX\tex/latex/hycolor\hycolor.sty
Package: hycolor 2020-01-27 v1.10 Color options for hyperref/bookmark (HO)
)
(C:\Users\micha\AppData\Local\Programs\MiKTeX\tex/latex/letltxmacro\letltxmacro
.sty
Package: letltxmacro 2019/12/03 v1.6 Let assignment for LaTeX macros (HO)
)
(C:\Users\micha\AppData\Local\Programs\MiKTeX\tex/latex/auxhook\auxhook.sty
Package: auxhook 2019-12-17 v1.6 Hooks for auxiliary files (HO)
)
(C:\Users\micha\AppData\Local\Programs\MiKTeX\tex/latex/hyperref\nameref.sty
Package: nameref 2023-08-07 v2.53 Cross-referencing by name of section

(C:\Users\micha\AppData\Local\Programs\MiKTeX\tex/latex/refcount\refcount.sty
Package: refcount 2019/12/15 v3.6 Data extraction from label references (HO)
)
(C:\Users\micha\AppData\Local\Programs\MiKTeX\tex/generic/gettitlestring\gettit
lestring.sty
Package: gettitlestring 2019/12/15 v1.6 Cleanup title references (HO)

(C:\Users\micha\AppData\Local\Programs\MiKTeX\tex/latex/kvoptions\kvoptions.sty
Package: kvoptions 2022-06-15 v3.15 Key value format for package options (HO)
))
\c@section@level=\count271
)
(C:\Users\micha\AppData\Local\Programs\MiKTeX\tex/latex/etoolbox\etoolbox.sty
Package: etoolbox 2020/10/05 v2.5k e-TeX tools for LaTeX (JAW)
\etb@tempcnta=\count272
)
\@linkdim=\dimen152
\Hy@linkcounter=\count273
\Hy@pagecounter=\count274

(C:\Users\micha\AppData\Local\Programs\MiKTeX\tex/latex/hyperref\pd1enc.def
File: pd1enc.def 2023-07-08 v7.01b Hyperref: PDFDocEncoding definition (HO)
Now handling font encoding PD1 ...
... no UTF-8 mapping file for font encoding PD1
)
(C:\Users\micha\AppData\Local\Programs\MiKTeX\tex/generic/intcalc\intcalc.sty
Package: intcalc 2019/12/15 v1.3 Expandable calculations with integers (HO)
)
\Hy@SavedSpaceFactor=\count275

(C:\Users\micha\AppData\Local\Programs\MiKTeX\tex/latex/hyperref\puenc.def
File: puenc.def 2023-07-08 v7.01b Hyperref: PDF Unicode definition (HO)
Now handling font encoding PU ...
... no UTF-8 mapping file for font encoding PU
)
Package hyperref Info: Hyper figures OFF on input line 4167.
Package hyperref Info: Link nesting OFF on input line 4172.
Package hyperref Info: Hyper index ON on input line 4175.
Package hyperref Info: Plain pages OFF on input line 4182.
Package hyperref Info: Backreferencing OFF on input line 4187.
Package hyperref Info: Implicit mode ON; LaTeX internals redefined.
Package hyperref Info: Bookmarks ON on input line 4434.
\c@Hy@tempcnt=\count276
LaTeX Info: Redefining \url on input line 4772.
\XeTeXLinkMargin=\dimen153

(C:\Users\micha\AppData\Local\Programs\MiKTeX\tex/generic/bitset\bitset.sty
Package: bitset 2019/12/09 v1.3 Handle bit-vector datatype (HO)

(C:\Users\micha\AppData\Local\Programs\MiKTeX\tex/generic/bigintcalc\bigintcalc
.sty
Package: bigintcalc 2019/12/15 v1.5 Expandable calculations on big integers (HO
)
))
\Fld@menulength=\count277
\Field@Width=\dimen154
\Fld@charsize=\dimen155
Package hyperref Info: Hyper figures OFF on input line 6051.
Package hyperref Info: Link nesting OFF on input line 6056.
Package hyperref Info: Hyper index ON on input line 6059.
Package hyperref Info: backreferencing OFF on input line 6066.
Package hyperref Info: Link coloring OFF on input line 6071.
Package hyperref Info: Link coloring with OCG OFF on input line 6076.
Package hyperref Info: PDF/A mode OFF on input line 6081.

(C:\Users\micha\AppData\Local\Programs\MiKTeX\tex/latex/base\atbegshi-ltx.sty
Package: atbegshi-ltx 2021/01/10 v1.0c Emulation of the original atbegshi
package with kernel methods
)
\Hy@abspage=\count278
\c@Item=\count279
\c@Hfootnote=\count280
)
Package hyperref Info: Driver (autodetected): hpdftex.
(C:\Users\micha\AppData\Local\Programs\MiKTeX\tex/latex/hyperref\hpdftex.def
File: hpdftex.def 2023-07-08 v7.01b Hyperref driver for pdfTeX

(C:\Users\micha\AppData\Local\Programs\MiKTeX\tex/latex/base\atveryend-ltx.sty
Package: atveryend-ltx 2020/08/19 v1.0a Emulation of the original atveryend pac
kage
with kernel methods
)
\Fld@listcount=\count281
\c@bookmark@seq@number=\count282

(C:\Users\micha\AppData\Local\Programs\MiKTeX\tex/latex/rerunfilecheck\rerunfil
echeck.sty
Package: rerunfilecheck 2022-07-10 v1.10 Rerun checks for auxiliary files (HO)

(C:\Users\micha\AppData\Local\Programs\MiKTeX\tex/generic/uniquecounter\uniquec
ounter.sty
Package: uniquecounter 2019/12/15 v1.4 Provide unlimited unique counter (HO)
)
Package uniquecounter Info: New unique counter `rerunfilecheck' on input line 2
85.
)
\Hy@SectionHShift=\skip54
)
LaTeX Font Info:    Trying to load font information for OT1+ptm on input line 2
8.

(C:\Users\micha\AppData\Local\Programs\MiKTeX\tex/latex/psnfss\ot1ptm.fd
File: ot1ptm.fd 2001/06/04 font definitions for OT1/ptm.
)
(C:\Users\micha\AppData\Local\Programs\MiKTeX\tex/latex/l3backend\l3backend-pdf
tex.def
File: l3backend-pdftex.def 2023-04-19 L3 backend support: PDF output (pdfTeX)
\l__color_backend_stack_int=\count283
\l__pdf_internal_box=\box53
) (paper_changed.aux)
\openout1 = `paper_changed.aux'.

LaTeX Font Info:    Checking defaults for OML/cmm/m/it on input line 28.
LaTeX Font Info:    ... okay on input line 28.
LaTeX Font Info:    Checking defaults for OMS/cmsy/m/n on input line 28.
LaTeX Font Info:    ... okay on input line 28.
LaTeX Font Info:    Checking defaults for OT1/cmr/m/n on input line 28.
LaTeX Font Info:    ... okay on input line 28.
LaTeX Font Info:    Checking defaults for T1/cmr/m/n on input line 28.
LaTeX Font Info:    ... okay on input line 28.
LaTeX Font Info:    Checking defaults for TS1/cmr/m/n on input line 28.
LaTeX Font Info:    ... okay on input line 28.
LaTeX Font Info:    Checking defaults for OMX/cmex/m/n on input line 28.
LaTeX Font Info:    ... okay on input line 28.
LaTeX Font Info:    Checking defaults for U/cmr/m/n on input line 28.
LaTeX Font Info:    ... okay on input line 28.
LaTeX Font Info:    Checking defaults for PD1/pdf/m/n on input line 28.
LaTeX Font Info:    ... okay on input line 28.
LaTeX Font Info:    Checking defaults for PU/pdf/m/n on input line 28.
LaTeX Font Info:    ... okay on input line 28.

(C:\Users\micha\AppData\Local\Programs\MiKTeX\tex/context/base/mkii\supp-pdf.mk
ii
[Loading MPS to PDF converter (version 2006.09.02).]
\scratchcounter=\count284
\scratchdimen=\dimen156
\scratchbox=\box54
\nofMPsegments=\count285
\nofMParguments=\count286
\everyMPshowfont=\toks23
\MPscratchCnt=\count287
\MPscratchDim=\dimen157
\MPnumerator=\count288
\makeMPintoPDFobject=\count289
\everyMPtoPDFconversion=\toks24
)
(C:\Users\micha\AppData\Local\Programs\MiKTeX\tex/latex/epstopdf-pkg\epstopdf-b
ase.sty
Package: epstopdf-base 2020-01-24 v2.11 Base part for package epstopdf
Package epstopdf-base Info: Redefining graphics rule for `.eps' on input line 4
85.

(C:\Users\micha\AppData\Local\Programs\MiKTeX\tex/latex/00miktex\epstopdf-sys.c
fg
File: epstopdf-sys.cfg 2021/03/18 v2.0 Configuration of epstopdf for MiKTeX
))
Package hyperref Info: Link coloring OFF on input line 28.
 (paper_changed.out) (paper_changed.out)
\@outlinefile=\write3
\openout3 = `paper_changed.out'.

LaTeX Font Info:    Trying to load font information for U+msa on input line 38.


(C:\Users\micha\AppData\Local\Programs\MiKTeX\tex/latex/amsfonts\umsa.fd
File: umsa.fd 2013/01/14 v3.01 AMS symbols A
)
LaTeX Font Info:    Trying to load font information for U+msb on input line 38.


(C:\Users\micha\AppData\Local\Programs\MiKTeX\tex/latex/amsfonts\umsb.fd
File: umsb.fd 2013/01/14 v3.01 AMS symbols B
)
LaTeX Font Info:    Trying to load font information for OMS+ptm on input line 3
8.

(C:\Users\micha\AppData\Local\Programs\MiKTeX\tex/latex/psnfss\omsptm.fd
File: omsptm.fd 
)
LaTeX Font Info:    Font shape `OMS/ptm/m/n' in size <10> not available
(Font)              Font shape `OMS/cmsy/m/n' tried instead on input line 38.
LaTeX Font Info:    Trying to load font information for TS1+ptm on input line 3
8.

(C:\Users\micha\AppData\Local\Programs\MiKTeX\tex/latex/psnfss\ts1ptm.fd
File: ts1ptm.fd 2001/06/04 font definitions for TS1/ptm.
)

LaTeX Warning: Citation `Simonyan2014NIPS' on page 1 undefined on input line 64
.


LaTeX Warning: Citation `Tran2015C3D' on page 1 undefined on input line 64.


LaTeX Warning: Citation `Wang2015action' on page 1 undefined on input line 64.


LaTeX Warning: Citation `TSN2016ECCV' on page 1 undefined on input line 64.


LaTeX Warning: Citation `SSN2017ICCV' on page 1 undefined on input line 64.


LaTeX Warning: Citation `Du2015CVPR' on page 1 undefined on input line 65.


LaTeX Warning: Citation `Liu2016ECCV' on page 1 undefined on input line 65.

<figures/teaser.png, id=59, 478.4274pt x 465.4188pt>
File: figures/teaser.png Graphic file (type png)
<use figures/teaser.png>
Package pdftex.def Info: figures/teaser.png  used on input line 78.
(pdftex.def)             Requested size: 143.63808pt x 139.73323pt.

LaTeX Warning: Citation `Wang2012CVPR' on page 1 undefined on input line 97.


LaTeX Warning: Citation `Fernando2015VideoDarwin' on page 1 undefined on input 
line 97.


LaTeX Warning: Citation `Shahroudy2016CVPR' on page 1 undefined on input line 1
03.


LaTeX Warning: Citation `Du2015CVPR' on page 1 undefined on input line 103.


LaTeX Warning: Citation `Bruna2014ICLR' on page 1 undefined on input line 121.


LaTeX Warning: Citation `Defferrard2016NIPS' on page 1 undefined on input line 
122.


LaTeX Warning: Citation `Kipf2017ICLR' on page 1 undefined on input line 123.

[1{C:/Users/micha/AppData/Local/MiKTeX/fonts/map/pdftex/pdftex.map}{C:/Users/mi
cha/AppData/Local/Programs/MiKTeX/fonts/enc/dvips/base/8r.enc}



 <./figures/teaser.png (PNG copy)>]
LaTeX Font Info:    Trying to load font information for OT1+pcr on input line 1
64.

(C:\Users\micha\AppData\Local\Programs\MiKTeX\tex/latex/psnfss\ot1pcr.fd
File: ot1pcr.fd 2001/06/04 font definitions for OT1/pcr.
)

LaTeX Warning: Citation `Tai2015ACL' on page 2 undefined on input line 170.


LaTeX Warning: Citation `Van2016Pixel' on page 2 undefined on input line 170.


LaTeX Warning: Citation `Bruna2014ICLR' on page 2 undefined on input line 170.


LaTeX Warning: Citation `Henaff2015Arxiv' on page 2 undefined on input line 170
.


LaTeX Warning: Citation `Duvenaud2015NIPS' on page 2 undefined on input line 17
0.


LaTeX Warning: Citation `Li2016ICLR' on page 2 undefined on input line 170.


LaTeX Warning: Citation `Defferrard2016NIPS' on page 2 undefined on input line 
170.


LaTeX Warning: Citation `Henaff2015Arxiv' on page 2 undefined on input line 172
.


LaTeX Warning: Citation `Duvenaud2015NIPS' on page 2 undefined on input line 17
2.


LaTeX Warning: Citation `Li2016ICLR' on page 2 undefined on input line 172.


LaTeX Warning: Citation `Kipf2017ICLR' on page 2 undefined on input line 172.


LaTeX Warning: Citation `Bruna2014ICLR' on page 2 undefined on input line 172.


LaTeX Warning: Citation `Niepert2016ICML' on page 2 undefined on input line 172
.


LaTeX Warning: Citation `Shotton2013CVPR' on page 2 undefined on input line 176
.


LaTeX Warning: Citation `Cao2017CVPR' on page 2 undefined on input line 176.


LaTeX Warning: Citation `Hussein2013IJCAI' on page 2 undefined on input line 17
8.


LaTeX Warning: Citation `Wang2012CVPR' on page 2 undefined on input line 178.


LaTeX Warning: Citation `Vemulapalli2014CVPR' on page 2 undefined on input line
 178.


LaTeX Warning: Citation `Shahroudy2016CVPR' on page 2 undefined on input line 1
79.


LaTeX Warning: Citation `Zhu2016AAAI' on page 2 undefined on input line 179.


LaTeX Warning: Citation `Liu2016ECCV' on page 2 undefined on input line 179.


LaTeX Warning: Citation `Zhang2017WACV' on page 2 undefined on input line 179.


LaTeX Warning: Citation `Li2017Skeleton' on page 2 undefined on input line 179.



LaTeX Warning: Citation `Ke2017CVPR' on page 2 undefined on input line 179.


LaTeX Warning: Citation `Kim2017CVPRW' on page 2 undefined on input line 179.


LaTeX Warning: Citation `Shahroudy2016CVPR' on page 2 undefined on input line 1
88.


LaTeX Warning: Citation `Liu2016ECCV' on page 2 undefined on input line 188.


LaTeX Warning: Citation `Zhang2017WACV' on page 2 undefined on input line 188.


LaTeX Warning: Citation `Krizhevsky2012Imagenet' on page 2 undefined on input l
ine 190.

<figures/pipeline.pdf, id=73, 2418.03375pt x 494.84875pt>
File: figures/pipeline.pdf Graphic file (type pdf)
<use figures/pipeline.pdf>
Package pdftex.def Info: figures/pipeline.pdf  used on input line 195.
(pdftex.def)             Requested size: 505.89pt x 103.52866pt.

LaTeX Warning: Citation `Kim2017CVPRW' on page 2 undefined on input line 216.

[2]

LaTeX Warning: Citation `Cao2017Openpose' on page 3 undefined on input line 228
.


LaTeX Warning: Citation `Shahroudy2016CVPR' on page 3 undefined on input line 2
28.


LaTeX Warning: Citation `Dai2017Arxiv' on page 3 undefined on input line 265.

[3 <./figures/pipeline.pdf>]

LaTeX Warning: Citation `Niepert2016ICML' on page 4 undefined on input line 288
.


Overfull \hbox (2.47357pt too wide) detected at line 303
[]
 []

<figures/partition.pdf, id=184, 1309.89375pt x 415.5525pt>
File: figures/partition.pdf Graphic file (type pdf)
<use figures/partition.pdf>
Package pdftex.def Info: figures/partition.pdf  used on input line 338.
(pdftex.def)             Requested size: 303.53708pt x 96.29156pt.

LaTeX Warning: Citation `Kipf2017ICLR' on page 4 undefined on input line 359.

[4]

LaTeX Warning: Citation `Kipf2017ICLR' on page 5 undefined on input line 402.


LaTeX Warning: Citation `Kipf2017ICLR' on page 5 undefined on input line 404.


LaTeX Warning: Citation `Kay2017Kinetics' on page 5 undefined on input line 444
.

[5 <./figures/partition.pdf>]

LaTeX Warning: Citation `Kay2017Kinetics' on page 6 undefined on input line 460
.


LaTeX Warning: Citation `Shahroudy2016CVPR' on page 6 undefined on input line 4
60.


LaTeX Warning: Citation `Kay2017Kinetics' on page 6 undefined on input line 470
.


LaTeX Warning: Citation `Cao2017Openpose' on page 6 undefined on input line 476
.


LaTeX Warning: Citation `Kay2017Kinetics' on page 6 undefined on input line 485
.


LaTeX Warning: Citation `Shahroudy2016CVPR' on page 6 undefined on input line 4
91.


Underfull \hbox (badness 1424) in paragraph at lines 498--502
\OT1/ptm/m/n/10 1) \OT1/ptm/b/n/10 cross-subject \OT1/ptm/m/n/10 (X-Sub) bench-
mark with $\OT1/cmr/m/n/10 40\OML/cmm/m/it/10 ; \OT1/cmr/m/n/10 320$ \OT1/ptm/m
/n/10 and
 []


LaTeX Warning: Citation `Kay2017Kinetics' on page 6 undefined on input line 525
.

[6]

LaTeX Warning: Citation `Kim2017CVPRW' on page 7 undefined on input line 529.


LaTeX Warning: Citation `Kim2017CVPRW' on page 7 undefined on input line 532.


LaTeX Warning: Citation `Kay2017Kinetics' on page 7 undefined on input line 567
.


LaTeX Warning: Citation `Shahroudy2016CVPR' on page 7 undefined on input line 5
67.


LaTeX Warning: Citation `Fernando2015VideoDarwin' on page 7 undefined on input 
line 570.


LaTeX Warning: Citation `Shahroudy2016CVPR' on page 7 undefined on input line 5
71.


LaTeX Warning: Citation `Kim2017CVPRW' on page 7 undefined on input line 571.


LaTeX Warning: Citation `Kay2017Kinetics' on page 7 undefined on input line 574
.


LaTeX Warning: Citation `Kay2017Kinetics' on page 7 undefined on input line 581
.


LaTeX Warning: Citation `Kay2017Kinetics' on page 7 undefined on input line 582
.


LaTeX Warning: Citation `Fernando2015VideoDarwin' on page 7 undefined on input 
line 583.


LaTeX Warning: Citation `Shahroudy2016CVPR' on page 7 undefined on input line 5
84.


LaTeX Warning: Citation `Kim2017CVPRW' on page 7 undefined on input line 585.


LaTeX Warning: Citation `Veeriah2015CVPR' on page 7 undefined on input line 596
.


LaTeX Warning: Citation `Du2015CVPR' on page 7 undefined on input line 597.


LaTeX Warning: Citation `Shahroudy2016CVPR' on page 7 undefined on input line 5
98.


LaTeX Warning: Citation `Shahroudy2016CVPR' on page 7 undefined on input line 5
99.


LaTeX Warning: Citation `Liu2016ECCV' on page 7 undefined on input line 600.


LaTeX Warning: Citation `Kim2017CVPRW' on page 7 undefined on input line 601.


LaTeX Warning: Citation `Ke2017CVPR' on page 7 undefined on input line 602.


LaTeX Warning: Citation `Veeriah2015CVPR' on page 7 undefined on input line 614
.


LaTeX Warning: Citation `Du2015CVPR' on page 7 undefined on input line 614.


LaTeX Warning: Citation `Shahroudy2016CVPR' on page 7 undefined on input line 6
14.


LaTeX Warning: Citation `Shahroudy2016CVPR' on page 7 undefined on input line 6
14.


LaTeX Warning: Citation `Liu2016ECCV' on page 7 undefined on input line 614.


LaTeX Warning: Citation `Kim2017CVPRW' on page 7 undefined on input line 614.


LaTeX Warning: Citation `Ke2017CVPR' on page 7 undefined on input line 614.


LaTeX Warning: Citation `Kim2017CVPRW' on page 7 undefined on input line 615.


LaTeX Warning: Citation `Ke2017CVPR' on page 7 undefined on input line 615.

[7]

LaTeX Warning: Citation `Cao2017CVPR' on page 8 undefined on input line 619.


LaTeX Warning: Citation `Kay2017Kinetics' on page 8 undefined on input line 623
.


LaTeX Warning: Citation `Kay2017Kinetics' on page 8 undefined on input line 625
.


LaTeX Warning: Citation `TSN2016ECCV' on page 8 undefined on input line 629.


Underfull \hbox (badness 1005) in paragraph at lines 664--670
\OT1/ptm/m/n/10 out-per-forms the pre-vi-ous state-of-the-art skele-ton based
 []


Underfull \vbox (badness 8019) has occurred while \output is active []


No file paper_changed.bbl.
[8] [9

] (paper_changed.aux)
 ***********
LaTeX2e <2023-06-01> patch level 1
L3 programming layer <2023-08-29>
 ***********
Package rerunfilecheck Info: File `paper_changed.out' has not changed.
(rerunfilecheck)             Checksum: 2201F801F412EBD4E4CAC09B8E72657A;2371.
 ) 
Here is how much of TeX's memory you used:
 9750 strings out of 475247
 153387 string characters out of 5757792
 1943801 words of memory out of 5000000
 31057 multiletter control sequences out of 15000+600000
 584605 words of font info for 89 fonts, out of 8000000 for 9000
 1141 hyphenation exceptions out of 8191
 75i,11n,79p,1438b,451s stack positions out of 10000i,1000n,20000p,200000b,200000s
<C:/Users/micha/AppData/Local/Programs/MiKTeX/fonts/type1/public/amsfonts/cm/
cmbx10.pfb><C:/Users/micha/AppData/Local/Programs/MiKTeX/fonts/type1/public/ams
fonts/cm/cmbx9.pfb><C:/Users/micha/AppData/Local/Programs/MiKTeX/fonts/type1/pu
blic/amsfonts/cm/cmex10.pfb><C:/Users/micha/AppData/Local/Programs/MiKTeX/fonts
/type1/public/amsfonts/cm/cmmi10.pfb><C:/Users/micha/AppData/Local/Programs/MiK
TeX/fonts/type1/public/amsfonts/cm/cmmi5.pfb><C:/Users/micha/AppData/Local/Prog
rams/MiKTeX/fonts/type1/public/amsfonts/cm/cmmi7.pfb><C:/Users/micha/AppData/Lo
cal/Programs/MiKTeX/fonts/type1/public/amsfonts/cm/cmmi9.pfb><C:/Users/micha/Ap
pData/Local/Programs/MiKTeX/fonts/type1/public/amsfonts/cm/cmr10.pfb><C:/Users/
micha/AppData/Local/Programs/MiKTeX/fonts/type1/public/amsfonts/cm/cmr5.pfb><C:
/Users/micha/AppData/Local/Programs/MiKTeX/fonts/type1/public/amsfonts/cm/cmr7.
pfb><C:/Users/micha/AppData/Local/Programs/MiKTeX/fonts/type1/public/amsfonts/c
m/cmr9.pfb><C:/Users/micha/AppData/Local/Programs/MiKTeX/fonts/type1/public/ams
fonts/cm/cmsy10.pfb><C:/Users/micha/AppData/Local/Programs/MiKTeX/fonts/type1/p
ublic/amsfonts/cm/cmsy7.pfb><C:/Users/micha/AppData/Local/Programs/MiKTeX/fonts
/type1/public/amsfonts/symbols/msam10.pfb><C:/Users/micha/AppData/Local/Program
s/MiKTeX/fonts/type1/public/amsfonts/symbols/msbm10.pfb><C:/Users/micha/AppData
/Local/Programs/MiKTeX/fonts/type1/urw/courier/ucrr8a.pfb><C:/Users/micha/AppDa
ta/Local/Programs/MiKTeX/fonts/type1/urw/times/utmb8a.pfb><C:/Users/micha/AppDa
ta/Local/Programs/MiKTeX/fonts/type1/urw/times/utmr8a.pfb><C:/Users/micha/AppDa
ta/Local/Programs/MiKTeX/fonts/type1/urw/times/utmri8a.pfb>
Output written on paper_changed.pdf (9 pages, 1527315 bytes).
PDF statistics:
 369 PDF objects out of 1000 (max. 8388607)
 60 named destinations out of 1000 (max. 500000)
 128 words of extra memory for PDF output out of 10000 (max. 10000000)

