This is pdfTeX, Version 3.141592653-2.6-1.40.25 (MiKTeX 23.5) (preloaded format=pdflatex 2024.1.12)  2 APR 2024 11:31
entering extended mode
 restricted \write18 enabled.
 %&-line parsing enabled.
**./after_operator2.tex
(after_operator2.tex
LaTeX2e <2023-06-01> patch level 1
L3 programming layer <2023-08-29>
(C:\Users\orfuc\AppData\Local\Programs\MiKTeX\tex/latex/base\article.cls
Document Class: article 2023/05/17 v1.4n Standard LaTeX document class
(C:\Users\orfuc\AppData\Local\Programs\MiKTeX\tex/latex/base\size10.clo
File: size10.clo 2023/05/17 v1.4n Standard LaTeX file (size option)
)
\c@part=\count185
\c@section=\count186
\c@subsection=\count187
\c@subsubsection=\count188
\c@paragraph=\count189
\c@subparagraph=\count190
\c@figure=\count191
\c@table=\count192
\abovecaptionskip=\skip48
\belowcaptionskip=\skip49
\bibindent=\dimen140
)
(aaai21.sty
Conference Style for AAAI for LaTeX 2e -- version for the AAAI-21 conference - 
MODIFIED
\titlebox=\skip50
) (C:\Users\orfuc\AppData\Local\Programs\MiKTeX\tex/latex/psnfss\times.sty
Package: times 2020/03/25 PSNFSS-v9.3 (SPQR) 
)
(C:\Users\orfuc\AppData\Local\Programs\MiKTeX\tex/latex/psnfss\helvet.sty
Package: helvet 2020/03/25 PSNFSS-v9.3 (WaS) 

(C:\Users\orfuc\AppData\Local\Programs\MiKTeX\tex/latex/graphics\keyval.sty
Package: keyval 2022/05/29 v1.15 key=value parser (DPC)
\KV@toks@=\toks17
))
(C:\Users\orfuc\AppData\Local\Programs\MiKTeX\tex/latex/psnfss\courier.sty
Package: courier 2020/03/25 PSNFSS-v9.3 (WaS) 
)
(C:\Users\orfuc\AppData\Local\Programs\MiKTeX\tex/latex/url\url.sty
\Urlmuskip=\muskip16
Package: url 2013/09/16  ver 3.4  Verb mode for urls, etc.
)
(C:\Users\orfuc\AppData\Local\Programs\MiKTeX\tex/latex/graphics\graphicx.sty
Package: graphicx 2021/09/16 v1.2d Enhanced LaTeX Graphics (DPC,SPQR)

(C:\Users\orfuc\AppData\Local\Programs\MiKTeX\tex/latex/graphics\graphics.sty
Package: graphics 2022/03/10 v1.4e Standard LaTeX Graphics (DPC,SPQR)

(C:\Users\orfuc\AppData\Local\Programs\MiKTeX\tex/latex/graphics\trig.sty
Package: trig 2021/08/11 v1.11 sin cos tan (DPC)
)
(C:\Users\orfuc\AppData\Local\Programs\MiKTeX\tex/latex/graphics-cfg\graphics.c
fg
File: graphics.cfg 2016/06/04 v1.11 sample graphics configuration
)
Package graphics Info: Driver file: pdftex.def on input line 107.

(C:\Users\orfuc\AppData\Local\Programs\MiKTeX\tex/latex/graphics-def\pdftex.def
File: pdftex.def 2022/09/22 v1.2b Graphics/color driver for pdftex
))
\Gin@req@height=\dimen141
\Gin@req@width=\dimen142
) (C:\Users\orfuc\AppData\Local\Programs\MiKTeX\tex/latex/natbib\natbib.sty
Package: natbib 2010/09/13 8.31b (PWD, AO)
\bibhang=\skip51
\bibsep=\skip52
LaTeX Info: Redefining \cite on input line 694.
\c@NAT@ctr=\count193
)
(C:\Users\orfuc\AppData\Local\Programs\MiKTeX\tex/latex/caption\caption.sty
Package: caption 2023/07/31 v3.6n Customizing captions (AR)

(C:\Users\orfuc\AppData\Local\Programs\MiKTeX\tex/latex/caption\caption3.sty
Package: caption3 2023/07/31 v2.4d caption3 kernel (AR)
\caption@tempdima=\dimen143
\captionmargin=\dimen144
\caption@leftmargin=\dimen145
\caption@rightmargin=\dimen146
\caption@width=\dimen147
\caption@indent=\dimen148
\caption@parindent=\dimen149
\caption@hangindent=\dimen150
Package caption Info: Standard document class detected.
)
\c@caption@flags=\count194
\c@continuedfloat=\count195
)
(C:\Users\orfuc\AppData\Local\Programs\MiKTeX\tex/latex/amsmath\amsmath.sty
Package: amsmath 2023/05/13 v2.17o AMS math features
\@mathmargin=\skip53

For additional information on amsmath, use the `?' option.
(C:\Users\orfuc\AppData\Local\Programs\MiKTeX\tex/latex/amsmath\amstext.sty
Package: amstext 2021/08/26 v2.01 AMS text

(C:\Users\orfuc\AppData\Local\Programs\MiKTeX\tex/latex/amsmath\amsgen.sty
File: amsgen.sty 1999/11/30 v2.0 generic functions
\@emptytoks=\toks18
\ex@=\dimen151
))
(C:\Users\orfuc\AppData\Local\Programs\MiKTeX\tex/latex/amsmath\amsbsy.sty
Package: amsbsy 1999/11/29 v1.2d Bold Symbols
\pmbraise@=\dimen152
)
(C:\Users\orfuc\AppData\Local\Programs\MiKTeX\tex/latex/amsmath\amsopn.sty
Package: amsopn 2022/04/08 v2.04 operator names
)
\inf@bad=\count196
LaTeX Info: Redefining \frac on input line 234.
\uproot@=\count197
\leftroot@=\count198
LaTeX Info: Redefining \overline on input line 399.
LaTeX Info: Redefining \colon on input line 410.
\classnum@=\count199
\DOTSCASE@=\count266
LaTeX Info: Redefining \ldots on input line 496.
LaTeX Info: Redefining \dots on input line 499.
LaTeX Info: Redefining \cdots on input line 620.
\Mathstrutbox@=\box51
\strutbox@=\box52
LaTeX Info: Redefining \big on input line 722.
LaTeX Info: Redefining \Big on input line 723.
LaTeX Info: Redefining \bigg on input line 724.
LaTeX Info: Redefining \Bigg on input line 725.
\big@size=\dimen153
LaTeX Font Info:    Redeclaring font encoding OML on input line 743.
LaTeX Font Info:    Redeclaring font encoding OMS on input line 744.
\macc@depth=\count267
LaTeX Info: Redefining \bmod on input line 905.
LaTeX Info: Redefining \pmod on input line 910.
LaTeX Info: Redefining \smash on input line 940.
LaTeX Info: Redefining \relbar on input line 970.
LaTeX Info: Redefining \Relbar on input line 971.
\c@MaxMatrixCols=\count268
\dotsspace@=\muskip17
\c@parentequation=\count269
\dspbrk@lvl=\count270
\tag@help=\toks19
\row@=\count271
\column@=\count272
\maxfields@=\count273
\andhelp@=\toks20
\eqnshift@=\dimen154
\alignsep@=\dimen155
\tagshift@=\dimen156
\tagwidth@=\dimen157
\totwidth@=\dimen158
\lineht@=\dimen159
\@envbody=\toks21
\multlinegap=\skip54
\multlinetaggap=\skip55
\mathdisplay@stack=\toks22
LaTeX Info: Redefining \[ on input line 2953.
LaTeX Info: Redefining \] on input line 2954.
)
(C:\Users\orfuc\AppData\Local\Programs\MiKTeX\tex/latex/multirow\multirow.sty
Package: multirow 2021/03/15 v2.8 Span multiple rows of a table
\multirow@colwidth=\skip56
\multirow@cntb=\count274
\multirow@dima=\skip57
\bigstrutjot=\dimen160
)
LaTeX Font Info:    Trying to load font information for OT1+ptm on input line 3
8.

(C:\Users\orfuc\AppData\Local\Programs\MiKTeX\tex/latex/psnfss\ot1ptm.fd
File: ot1ptm.fd 2001/06/04 font definitions for OT1/ptm.
)
(C:\Users\orfuc\AppData\Local\Programs\MiKTeX\tex/latex/l3backend\l3backend-pdf
tex.def
File: l3backend-pdftex.def 2023-04-19 L3 backend support: PDF output (pdfTeX)
\l__color_backend_stack_int=\count275
\l__pdf_internal_box=\box53
) (after_operator2.aux)
\openout1 = `after_operator2.aux'.

LaTeX Font Info:    Checking defaults for OML/cmm/m/it on input line 38.
LaTeX Font Info:    ... okay on input line 38.
LaTeX Font Info:    Checking defaults for OMS/cmsy/m/n on input line 38.
LaTeX Font Info:    ... okay on input line 38.
LaTeX Font Info:    Checking defaults for OT1/cmr/m/n on input line 38.
LaTeX Font Info:    ... okay on input line 38.
LaTeX Font Info:    Checking defaults for T1/cmr/m/n on input line 38.
LaTeX Font Info:    ... okay on input line 38.
LaTeX Font Info:    Checking defaults for TS1/cmr/m/n on input line 38.
LaTeX Font Info:    ... okay on input line 38.
LaTeX Font Info:    Checking defaults for OMX/cmex/m/n on input line 38.
LaTeX Font Info:    ... okay on input line 38.
LaTeX Font Info:    Checking defaults for U/cmr/m/n on input line 38.
LaTeX Font Info:    ... okay on input line 38.

(C:\Users\orfuc\AppData\Local\Programs\MiKTeX\tex/context/base/mkii\supp-pdf.mk
ii
[Loading MPS to PDF converter (version 2006.09.02).]
\scratchcounter=\count276
\scratchdimen=\dimen161
\scratchbox=\box54
\nofMPsegments=\count277
\nofMParguments=\count278
\everyMPshowfont=\toks23
\MPscratchCnt=\count279
\MPscratchDim=\dimen162
\MPnumerator=\count280
\makeMPintoPDFobject=\count281
\everyMPtoPDFconversion=\toks24
)
(C:\Users\orfuc\AppData\Local\Programs\MiKTeX\tex/latex/epstopdf-pkg\epstopdf-b
ase.sty
Package: epstopdf-base 2020-01-24 v2.11 Base part for package epstopdf
Package epstopdf-base Info: Redefining graphics rule for `.eps' on input line 4
85.

(C:\Users\orfuc\AppData\Local\Programs\MiKTeX\tex/latex/00miktex\epstopdf-sys.c
fg
File: epstopdf-sys.cfg 2021/03/18 v2.0 Configuration of epstopdf for MiKTeX
))
Package caption Info: Begin \AtBeginDocument code.
Package caption Info: End \AtBeginDocument code.
\titlearea=\box55
\actualheight=\skip58

Underfull \vbox (badness 10000) detected at line 40
 []


Package natbib Warning: Citation `suScienceNewsConsumption2015' on page 1 undef
ined on input line 47.


Package natbib Warning: Citation `nationalscienceboardScienceTechnologyPublic20
20' on page 1 undefined on input line 48.


Package natbib Warning: Citation `jamiesonSignalingTrustworthinessScience2019' 
on page 1 undefined on input line 48.


Package natbib Warning: Citation `ribeiroMessageDistortionInformation2019' on p
age 1 undefined on input line 50.


Package natbib Warning: Citation `tanLostPropagationUnfolding2016' on page 1 un
defined on input line 50.


Package natbib Warning: Citation `hillStudyingPopulationsOnline2019' on page 1 
undefined on input line 50.


Package natbib Warning: Citation `andersonTeensSocialMedia2018' on page 1 undef
ined on input line 50.


Package natbib Warning: Citation `horvatBirdsFeatherFlock2021' on page 1 undefi
ned on input line 50.


Package natbib Warning: Citation `malikIdentifyingPlatformEffects2016' on page 
1 undefined on input line 50.


Package natbib Warning: Citation `altmetricsupportOurDataOur2021' on page 1 und
efined on input line 53.


Package natbib Warning: Citation `Kleinberg2003' on page 1 undefined on input l
ine 56.


Package natbib Warning: Citation `barabasiOriginBurstsHeavy2005' on page 1 unde
fined on input line 56.


Package natbib Warning: Citation `chengCascadesRecur2016' on page 1 undefined o
n input line 56.

LaTeX Font Info:    Trying to load font information for TS1+ptm on input line 6
2.
(C:\Users\orfuc\AppData\Local\Programs\MiKTeX\tex/latex/psnfss\ts1ptm.fd
File: ts1ptm.fd 2001/06/04 font definitions for TS1/ptm.
)
[1{C:/Users/orfuc/AppData/Local/MiKTeX/fonts/map/pdftex/pdftex.map}{C:/Users/or
fuc/AppData/Local/Programs/MiKTeX/fonts/enc/dvips/base/8r.enc}



]

Package natbib Warning: Citation `brossardNewMediaLandscapes2013' on page 2 und
efined on input line 72.


Package natbib Warning: Citation `vaneperenHowScientistsUse2011' on page 2 unde
fined on input line 72.


Package natbib Warning: Citation `hargittaiHowYoungAdults2018' on page 2 undefi
ned on input line 72.


Package natbib Warning: Citation `nationalscienceboardScienceTechnologyPublic20
20' on page 2 undefined on input line 72.


Package natbib Warning: Citation `robinson-garciaUnbearableEmptinessTweeting201
7' on page 2 undefined on input line 73.


Package natbib Warning: Citation `reinhardtHowPeopleAre2009' on page 2 undefine
d on input line 73.


Package natbib Warning: Citation `milkmanScienceSharingSharing2014' on page 2 u
ndefined on input line 73.


Package natbib Warning: Citation `zakhlebinDiffusionScientificArticles2020' on 
page 2 undefined on input line 73.


Package natbib Warning: Citation `adarTrackingInformationEpidemics2005' on page
 2 undefined on input line 75.


Package natbib Warning: Citation `adamicInformationEvolutionSocial2016' on page
 2 undefined on input line 75.


Package natbib Warning: Citation `lakkarajuWhatNameUnderstanding2013' on page 2
 undefined on input line 75.


Package natbib Warning: Citation `lermanInformationContagionEmpirical2010' on p
age 2 undefined on input line 75.


Package natbib Warning: Citation `romeroDifferencesMechanicsInformation2011' on
 page 2 undefined on input line 75.


Package natbib Warning: Citation `bakshyRoleSocialNetworks2012' on page 2 undef
ined on input line 75.


Package natbib Warning: Citation `chengCanCascadesBe2014' on page 2 undefined o
n input line 76.


Package natbib Warning: Citation `chengCascadesRecur2016' on page 2 undefined o
n input line 76.


Package natbib Warning: Citation `chenMisleadingOnlineContent2015' on page 2 un
defined on input line 76.


Package natbib Warning: Citation `vosoughiSpreadTrueFalse2018' on page 2 undefi
ned on input line 76.


Package natbib Warning: Citation `lazerScienceFakeNews2018' on page 2 undefined
 on input line 76.


Package natbib Warning: Citation `guptaFakingSandyCharacterizing2013' on page 2
 undefined on input line 76.


Package natbib Warning: Citation `milkmanScienceSharingSharing2014' on page 2 u
ndefined on input line 77.


Package natbib Warning: Citation `maclaughlinPredictingNewsCoverage2018' on pag
e 2 undefined on input line 77.


Package natbib Warning: Citation `burnettHowMediaWarp2017' on page 2 undefined 
on input line 77.


Package natbib Warning: Citation `ribeiroMessageDistortionInformation2019' on p
age 2 undefined on input line 79.


Package natbib Warning: Citation `easleyInformationCascades2010' on page 2 unde
fined on input line 80.


Package natbib Warning: Citation `hillStudyingPopulationsOnline2019' on page 2 
undefined on input line 84.


Package natbib Warning: Citation `phadkeManyFacedHate2020' on page 2 undefined 
on input line 84.


Package natbib Warning: Citation `zakhlebinDiffusionScientificArticles2020' on 
page 2 undefined on input line 84.


Package natbib Warning: Citation `horvatBirdsFeatherFlock2021' on page 2 undefi
ned on input line 84.


Underfull \hbox (badness 1072) in paragraph at lines 84--85
\OT1/ptm/m/n/10 Two fac-tors com-pli-cate how in-for-ma-tion changes as it
 []


Package natbib Warning: Citation `malikIdentifyingPlatformEffects2016' on page 
2 undefined on input line 86.


Package natbib Warning: Citation `gligoricHowConstraintsAffect2018' on page 2 u
ndefined on input line 86.


Package natbib Warning: Citation `malikIdentifyingPlatformEffects2016' on page 
2 undefined on input line 86.


Package natbib Warning: Citation `leskovecMemetrackingDynamicsNews2009' on page
 2 undefined on input line 86.


Package natbib Warning: Citation `tanLostPropagationUnfolding2016' on page 2 un
defined on input line 86.


Package natbib Warning: Citation `phadkeManyFacedHate2020' on page 2 undefined 
on input line 86.


Package natbib Warning: Citation `tanLostPropagationUnfolding2016' on page 2 un
defined on input line 86.


Package natbib Warning: Citation `tanLostPropagationUnfolding2016' on page 2 un
defined on input line 86.


Package natbib Warning: Citation `zakhlebinDiffusionScientificArticles2020' on 
page 2 undefined on input line 87.


Package natbib Warning: Citation `altmetricsupportOurDataOur2021' on page 2 und
efined on input line 112.


Underfull \hbox (badness 10000) in paragraph at lines 114--114
[][]\OT1/ptm/m/n/9 microsoft.com/en-us/research/project/microsoft-academic-
 []

[2]
Overfull \hbox (16.30429pt too wide) in paragraph at lines 130--136
 [][] 
 []


Package natbib Warning: Citation `ribeiroMessageDistortionInformation2019' on p
age 3 undefined on input line 140.


Package natbib Warning: Citation `mihalceaTextRankBringingOrder2004' on page 3 
undefined on input line 142.


Package natbib Warning: Citation `ribeiroMessageDistortionInformation2019' on p
age 3 undefined on input line 151.

[3]

Package natbib Warning: Citation `roseAutomaticKeywordExtraction2010' on page 4
 undefined on input line 183.


LaTeX Warning: File `figs/multiplatform_make_ex.png' not found on input line 18
9.


! Package pdftex.def Error: File `figs/multiplatform_make_ex.png' not found: us
ing draft setting.

See the pdftex.def package documentation for explanation.
Type  H <return>  for immediate help.
 ...                                              
                                                  
l.189 ...umnwidth]{figs/multiplatform_make_ex.png}
                                                  
Try typing  <return>  to proceed.
If that doesn't work, type  X <return>  to quit.

LaTeX Font Info:    Trying to load font information for OT1+pcr on input line 1
89.
(C:\Users\orfuc\AppData\Local\Programs\MiKTeX\tex/latex/psnfss\ot1pcr.fd
File: ot1pcr.fd 2001/06/04 font definitions for OT1/pcr.
)

Package natbib Warning: Citation `ribeiroMessageDistortionInformation2019' on p
age 4 undefined on input line 194.


Package natbib Warning: Citation `zakhlebinDiffusionScientificArticles2020' on 
page 4 undefined on input line 194.


Package natbib Warning: Citation `gilbertWidespreadUnderprovisionReddit2013' on
 page 4 undefined on input line 194.


Package natbib Warning: Citation `chengCascadesRecur2016' on page 4 undefined o
n input line 194.


Package natbib Warning: Citation `chengCascadesRecur2016' on page 4 undefined o
n input line 196.

[4]

Package natbib Warning: Citation `chengCascadesRecur2016' on page 5 undefined o
n input line 209.


Overfull \hbox (7.72758pt too wide) in paragraph at lines 215--223
 [][] 
 []


Underfull \hbox (badness 1178) in paragraph at lines 228--230
[]\OT1/ptm/m/n/10 We gen-er-ated 37,032 bursts en-com-pass-ing 1,347,052
 []


LaTeX Warning: File `figs/fig2.png' not found on input line 235.


! Package pdftex.def Error: File `figs/fig2.png' not found: using draft setting
.

See the pdftex.def package documentation for explanation.
Type  H <return>  for immediate help.
 ...                                              
                                                  
l.235 ...cs[width=0.85\columnwidth]{figs/fig2.png}
                                                  
Try typing  <return>  to proceed.
If that doesn't work, type  X <return>  to quit.


LaTeX Warning: File `figs/fig_domains.png' not found on input line 277.


! Package pdftex.def Error: File `figs/fig_domains.png' not found: using draft 
setting.

See the pdftex.def package documentation for explanation.
Type  H <return>  for immediate help.
 ...                                              
                                                  
l.277 ...th=0.7\columnwidth]{figs/fig_domains.png}
                                                  
Try typing  <return>  to proceed.
If that doesn't work, type  X <return>  to quit.

[5]

LaTeX Warning: File `figs/trajectory_overall.png' not found on input line 289.


! Package pdftex.def Error: File `figs/trajectory_overall.png' not found: using
 draft setting.

See the pdftex.def package documentation for explanation.
Type  H <return>  for immediate help.
 ...                                              
                                                  
l.289 ...5\textwidth]{figs/trajectory_overall.png}
                                                  
Try typing  <return>  to proceed.
If that doesn't work, type  X <return>  to quit.

[6]

LaTeX Warning: File `figs/median_scores_platforms.png' not found on input line 
305.


! Package pdftex.def Error: File `figs/median_scores_platforms.png' not found: 
using draft setting.

See the pdftex.def package documentation for explanation.
Type  H <return>  for immediate help.
 ...                                              
                                                  
l.305 ...nwidth]{figs/median_scores_platforms.png}
                                                  
Try typing  <return>  to proceed.
If that doesn't work, type  X <return>  to quit.


LaTeX Warning: File `figs/trajectory_platform.png' not found on input line 314.



! Package pdftex.def Error: File `figs/trajectory_platform.png' not found: usin
g draft setting.

See the pdftex.def package documentation for explanation.
Type  H <return>  for immediate help.
 ...                                              
                                                  
l.314 ...\textwidth]{figs/trajectory_platform.png}
                                                  
Try typing  <return>  to proceed.
If that doesn't work, type  X <return>  to quit.


LaTeX Warning: File `figs/fig6.png' not found on input line 324.


! Package pdftex.def Error: File `figs/fig6.png' not found: using draft setting
.

See the pdftex.def package documentation for explanation.
Type  H <return>  for immediate help.
 ...                                              
                                                  
l.324 ...ics[width=0.8\columnwidth]{figs/fig6.png}
                                                  
Try typing  <return>  to proceed.
If that doesn't work, type  X <return>  to quit.


LaTeX Warning: File `figs/fig7_with6.png' not found on input line 335.


! Package pdftex.def Error: File `figs/fig7_with6.png' not found: using draft s
etting.

See the pdftex.def package documentation for explanation.
Type  H <return>  for immediate help.
 ...                                              
                                                  
l.335 ...dth=0.8\columnwidth]{figs/fig7_with6.png}
                                                  
Try typing  <return>  to proceed.
If that doesn't work, type  X <return>  to quit.


Package natbib Warning: Citation `scheufele2019science' on page 7 undefined on 
input line 343.


Package natbib Warning: Citation `westMisinformationScience2021' on page 7 unde
fined on input line 343.


Package natbib Warning: Citation `hargittaiHowYoungAdults2018' on page 7 undefi
ned on input line 343.


Package natbib Warning: Citation `zakhlebinDiffusionScientificArticles2020' on 
page 7 undefined on input line 343.


Package natbib Warning: Citation `lazerMeaningfulMeasuresHuman2021' on page 7 u
ndefined on input line 344.


Package natbib Warning: Citation `adarTrackingInformationEpidemics2005' on page
 7 undefined on input line 344.


Package natbib Warning: Citation `lermanInformationContagionEmpirical2010' on p
age 7 undefined on input line 344.


Package natbib Warning: Citation `keeganHotWikiStructures2013' on page 7 undefi
ned on input line 344.


Package natbib Warning: Citation `gilbertWidespreadUnderprovisionReddit2013' on
 page 7 undefined on input line 344.


Package natbib Warning: Citation `Goel2015' on page 7 undefined on input line 3
44.


Package natbib Warning: Citation `chengCanCascadesBe2014' on page 7 undefined o
n input line 344.


Package natbib Warning: Citation `chengCascadesRecur2016' on page 7 undefined o
n input line 344.


Package natbib Warning: Citation `leskovecMemetrackingDynamicsNews2009' on page
 7 undefined on input line 344.


Package natbib Warning: Citation `tanLostPropagationUnfolding2016' on page 7 un
defined on input line 344.


Package natbib Warning: Citation `zakhlebinDiffusionScientificArticles2020' on 
page 7 undefined on input line 344.

[7]
Underfull \hbox (badness 3977) in paragraph at lines 360--364
 \OT1/ptm/b/n/10 En-cour-ag-ing multi-platform dis-cus-sions \OT1/ptm/m/n/10 Th
e dif-fer-
 []


Package natbib Warning: Citation `zakhlebinDiffusionScientificArticles2020' on 
page 8 undefined on input line 368.


Package natbib Warning: Citation `gilbertWidespreadUnderprovisionReddit2013' on
 page 8 undefined on input line 368.


Package natbib Warning: Citation `chengCanCascadesBe2014' on page 8 undefined o
n input line 368.


Package natbib Warning: Citation `chengCascadesRecur2016' on page 8 undefined o
n input line 368.

[8]

Package natbib Warning: Citation `ribeiroMessageDistortionInformation2019' on p
age 9 undefined on input line 372.

[9]
No file after_operator2.bbl.

Package natbib Warning: There were undefined citations.

[10

] [11] [12


] [13] [14


] (after_operator2.aux)
 ***********
LaTeX2e <2023-06-01> patch level 1
L3 programming layer <2023-08-29>
 ***********
 ) 
Here is how much of TeX's memory you used:
 4350 strings out of 475247
 76919 string characters out of 5757792
 1940801 words of memory out of 5000000
 25835 multiletter control sequences out of 15000+600000
 584188 words of font info for 84 fonts, out of 8000000 for 9000
 1141 hyphenation exceptions out of 8191
 57i,17n,65p,2044b,368s stack positions out of 10000i,1000n,20000p,200000b,200000s
<C:/Users/orfuc/AppData/Local/Programs/MiKTeX/fonts/type1/public/amsfonts/cm/
cmmi10.pfb><C:/Users/orfuc/AppData/Local/Programs/MiKTeX/fonts/type1/public/ams
fonts/cm/cmr10.pfb><C:/Users/orfuc/AppData/Local/Programs/MiKTeX/fonts/type1/ur
w/courier/ucrr8a.pfb><C:/Users/orfuc/AppData/Local/Programs/MiKTeX/fonts/type1/
urw/times/utmb8a.pfb><C:/Users/orfuc/AppData/Local/Programs/MiKTeX/fonts/type1/
urw/times/utmbi8a.pfb><C:/Users/orfuc/AppData/Local/Programs/MiKTeX/fonts/type1
/urw/times/utmr8a.pfb><C:/Users/orfuc/AppData/Local/Programs/MiKTeX/fonts/type1
/urw/times/utmri8a.pfb>
Output written on after_operator2.pdf (14 pages, 142128 bytes).
PDF statistics:
 84 PDF objects out of 1000 (max. 8388607)
 0 named destinations out of 1000 (max. 500000)
 1 words of extra memory for PDF output out of 10000 (max. 10000000)

