This is pdfTeX, Version 3.141592653-2.6-1.40.25 (MiKTeX 23.9) (preloaded format=pdflatex 2023.9.22)  1 APR 2024 23:12
entering extended mode
 restricted \write18 enabled.
 %&-line parsing enabled.
**./after_operator7.tex
(after_operator7.tex
LaTeX2e <2023-06-01> patch level 1
L3 programming layer <2023-08-29>
(C:\Users\micha\AppData\Local\Programs\MiKTeX\tex/latex/base\article.cls
Document Class: article 2023/05/17 v1.4n Standard LaTeX document class
(C:\Users\micha\AppData\Local\Programs\MiKTeX\tex/latex/base\size10.clo
File: size10.clo 2023/05/17 v1.4n Standard LaTeX file (size option)
)
\c@part=\count185
\c@section=\count186
\c@subsection=\count187
\c@subsubsection=\count188
\c@paragraph=\count189
\c@subparagraph=\count190
\c@figure=\count191
\c@table=\count192
\abovecaptionskip=\skip48
\belowcaptionskip=\skip49
\bibindent=\dimen140
)
(aaai24.sty
Package: aaai24 2023/06/26 AAAI 2024 Submission format

Conference Style for AAAI for LaTeX 2e -- version for submission
\titlebox=\skip50
) (C:\Users\micha\AppData\Local\Programs\MiKTeX\tex/latex/psnfss\times.sty
Package: times 2020/03/25 PSNFSS-v9.3 (SPQR) 
)
(C:\Users\micha\AppData\Local\Programs\MiKTeX\tex/latex/psnfss\helvet.sty
Package: helvet 2020/03/25 PSNFSS-v9.3 (WaS) 

(C:\Users\micha\AppData\Local\Programs\MiKTeX\tex/latex/graphics\keyval.sty
Package: keyval 2022/05/29 v1.15 key=value parser (DPC)
\KV@toks@=\toks17
))
(C:\Users\micha\AppData\Local\Programs\MiKTeX\tex/latex/psnfss\courier.sty
Package: courier 2020/03/25 PSNFSS-v9.3 (WaS) 
)
(C:\Users\micha\AppData\Local\Programs\MiKTeX\tex/latex/url\url.sty
\Urlmuskip=\muskip16
Package: url 2013/09/16  ver 3.4  Verb mode for urls, etc.
)
(C:\Users\micha\AppData\Local\Programs\MiKTeX\tex/latex/graphics\graphicx.sty
Package: graphicx 2021/09/16 v1.2d Enhanced LaTeX Graphics (DPC,SPQR)

(C:\Users\micha\AppData\Local\Programs\MiKTeX\tex/latex/graphics\graphics.sty
Package: graphics 2022/03/10 v1.4e Standard LaTeX Graphics (DPC,SPQR)

(C:\Users\micha\AppData\Local\Programs\MiKTeX\tex/latex/graphics\trig.sty
Package: trig 2021/08/11 v1.11 sin cos tan (DPC)
)
(C:\Users\micha\AppData\Local\Programs\MiKTeX\tex/latex/graphics-cfg\graphics.c
fg
File: graphics.cfg 2016/06/04 v1.11 sample graphics configuration
)
Package graphics Info: Driver file: pdftex.def on input line 107.

(C:\Users\micha\AppData\Local\Programs\MiKTeX\tex/latex/graphics-def\pdftex.def
File: pdftex.def 2022/09/22 v1.2b Graphics/color driver for pdftex
))
\Gin@req@height=\dimen141
\Gin@req@width=\dimen142
) (C:\Users\micha\AppData\Local\Programs\MiKTeX\tex/latex/natbib\natbib.sty
Package: natbib 2010/09/13 8.31b (PWD, AO)
\bibhang=\skip51
\bibsep=\skip52
LaTeX Info: Redefining \cite on input line 694.
\c@NAT@ctr=\count193
)
(C:\Users\micha\AppData\Local\Programs\MiKTeX\tex/latex/caption\caption.sty
Package: caption 2023/07/31 v3.6n Customizing captions (AR)

(C:\Users\micha\AppData\Local\Programs\MiKTeX\tex/latex/caption\caption3.sty
Package: caption3 2023/07/31 v2.4d caption3 kernel (AR)
\caption@tempdima=\dimen143
\captionmargin=\dimen144
\caption@leftmargin=\dimen145
\caption@rightmargin=\dimen146
\caption@width=\dimen147
\caption@indent=\dimen148
\caption@parindent=\dimen149
\caption@hangindent=\dimen150
Package caption Info: Standard document class detected.
)
\c@caption@flags=\count194
\c@continuedfloat=\count195
)
(C:\Users\micha\AppData\Local\Programs\MiKTeX\tex/latex/algorithms\algorithm.st
y
Package: algorithm 2009/08/24 v0.1 Document Style `algorithm' - floating enviro
nment
 (C:\Users\micha\AppData\Local\Programs\MiKTeX\tex/latex/float\float.sty
Package: float 2001/11/08 v1.3d Float enhancements (AL)
\c@float@type=\count196
\float@exts=\toks18
\float@box=\box51
\@float@everytoks=\toks19
\@floatcapt=\box52
)
(C:\Users\micha\AppData\Local\Programs\MiKTeX\tex/latex/base\ifthen.sty
Package: ifthen 2022/04/13 v1.1d Standard LaTeX ifthen package (DPC)
)
\@float@every@algorithm=\toks20
\c@algorithm=\count197
)
(C:\Users\micha\AppData\Local\Programs\MiKTeX\tex/latex/algorithms\algorithmic.
sty
Package: algorithmic 2009/08/24 v0.1 Document Style `algorithmic'
\c@ALC@unique=\count198
\c@ALC@line=\count199
\c@ALC@rem=\count266
\c@ALC@depth=\count267
\ALC@tlm=\skip53
\algorithmicindent=\skip54
) (C:\Users\micha\AppData\Local\Programs\MiKTeX\tex/latex/tools\bm.sty
Package: bm 2022/01/05 v1.2f Bold Symbol Support (DPC/FMi)
\symboldoperators=\mathgroup4
\symboldletters=\mathgroup5
\symboldsymbols=\mathgroup6
Package bm Info: No bold for \OMX/cmex/m/n, using \pmb.
LaTeX Font Info:    Redeclaring math alphabet \mathbf on input line 149.
)
(C:\Users\micha\AppData\Local\Programs\MiKTeX\tex/latex/newfloat\newfloat.sty
Package: newfloat 2023/10/01 v1.2 Defining new floating environments (AR)
)
(C:\Users\micha\AppData\Local\Programs\MiKTeX\tex/latex/listings\listings.sty
\lst@mode=\count268
\lst@gtempboxa=\box53
\lst@token=\toks21
\lst@length=\count269
\lst@currlwidth=\dimen151
\lst@column=\count270
\lst@pos=\count271
\lst@lostspace=\dimen152
\lst@width=\dimen153
\lst@newlines=\count272
\lst@lineno=\count273
\lst@maxwidth=\dimen154

(C:\Users\micha\AppData\Local\Programs\MiKTeX\tex/latex/listings\lstmisc.sty
File: lstmisc.sty 2023/02/27 1.9 (Carsten Heinz)
\c@lstnumber=\count274
\lst@skipnumbers=\count275
\lst@framebox=\box54
)
(C:\Users\micha\AppData\Local\Programs\MiKTeX\tex/latex/listings\listings.cfg
File: listings.cfg 2023/02/27 1.9 listings configuration
))
Package: listings 2023/02/27 1.9 (Carsten Heinz)
\@float@every@listing=\toks22
\c@listing=\count276
(C:\Users\micha\AppData\Local\Programs\MiKTeX\tex/latex/natbib\bibentry.sty
Package: bibentry 2007/10/30 1.5 (PWD)
)
LaTeX Font Info:    Trying to load font information for OT1+ptm on input line 7
8.

(C:\Users\micha\AppData\Local\Programs\MiKTeX\tex/latex/psnfss\ot1ptm.fd
File: ot1ptm.fd 2001/06/04 font definitions for OT1/ptm.
)
(C:\Users\micha\AppData\Local\Programs\MiKTeX\tex/latex/l3backend\l3backend-pdf
tex.def
File: l3backend-pdftex.def 2023-04-19 L3 backend support: PDF output (pdfTeX)
\l__color_backend_stack_int=\count277
\l__pdf_internal_box=\box55
) (after_operator7.aux)
\openout1 = `after_operator7.aux'.

LaTeX Font Info:    Checking defaults for OML/cmm/m/it on input line 78.
LaTeX Font Info:    ... okay on input line 78.
LaTeX Font Info:    Checking defaults for OMS/cmsy/m/n on input line 78.
LaTeX Font Info:    ... okay on input line 78.
LaTeX Font Info:    Checking defaults for OT1/cmr/m/n on input line 78.
LaTeX Font Info:    ... okay on input line 78.
LaTeX Font Info:    Checking defaults for T1/cmr/m/n on input line 78.
LaTeX Font Info:    ... okay on input line 78.
LaTeX Font Info:    Checking defaults for TS1/cmr/m/n on input line 78.
LaTeX Font Info:    ... okay on input line 78.
LaTeX Font Info:    Checking defaults for OMX/cmex/m/n on input line 78.
LaTeX Font Info:    ... okay on input line 78.
LaTeX Font Info:    Checking defaults for U/cmr/m/n on input line 78.
LaTeX Font Info:    ... okay on input line 78.

(C:\Users\micha\AppData\Local\Programs\MiKTeX\tex/context/base/mkii\supp-pdf.mk
ii
[Loading MPS to PDF converter (version 2006.09.02).]
\scratchcounter=\count278
\scratchdimen=\dimen155
\scratchbox=\box56
\nofMPsegments=\count279
\nofMParguments=\count280
\everyMPshowfont=\toks23
\MPscratchCnt=\count281
\MPscratchDim=\dimen156
\MPnumerator=\count282
\makeMPintoPDFobject=\count283
\everyMPtoPDFconversion=\toks24
)
(C:\Users\micha\AppData\Local\Programs\MiKTeX\tex/latex/epstopdf-pkg\epstopdf-b
ase.sty
Package: epstopdf-base 2020-01-24 v2.11 Base part for package epstopdf
Package epstopdf-base Info: Redefining graphics rule for `.eps' on input line 4
85.

(C:\Users\micha\AppData\Local\Programs\MiKTeX\tex/latex/00miktex\epstopdf-sys.c
fg
File: epstopdf-sys.cfg 2021/03/18 v2.0 Configuration of epstopdf for MiKTeX
))
Package caption Info: Begin \AtBeginDocument code.
Package caption Info: float package is loaded.
Package caption Info: listings package is loaded.
Package caption Info: End \AtBeginDocument code.
Package newfloat Info: `float' package detected.
\c@lstlisting=\count284
\c@eqfn=\count285
\titlearea=\box57
LaTeX Font Info:    Trying to load font information for OMS+ptm on input line 8
0.
 (C:\Users\micha\AppData\Local\Programs\MiKTeX\tex/latex/psnfss\omsptm.fd
File: omsptm.fd 
)
LaTeX Font Info:    Font shape `OMS/ptm/m/n' in size <10> not available
(Font)              Font shape `OMS/cmsy/m/n' tried instead on input line 80.
\actualheight=\skip55
LaTeX Font Info:    External font `cmex10' loaded for size
(Font)              <12> on input line 80.
LaTeX Font Info:    External font `cmex10' loaded for size
(Font)              <8> on input line 80.
LaTeX Font Info:    External font `cmex10' loaded for size
(Font)              <6> on input line 80.
LaTeX Font Info:    Trying to load font information for TS1+ptm on input line 8
0.

(C:\Users\micha\AppData\Local\Programs\MiKTeX\tex/latex/psnfss\ts1ptm.fd
File: ts1ptm.fd 2001/06/04 font definitions for TS1/ptm.
)
LaTeX Font Info:    External font `cmex10' loaded for size
(Font)              <9> on input line 80.
LaTeX Font Info:    External font `cmex10' loaded for size
(Font)              <5> on input line 80.

Underfull \hbox (badness 1024) in paragraph at lines 83--84
[]\OT1/ptm/m/n/9 Given a com-pos-ite im-age with pho-to-graphic ob-ject and
 []


Package natbib Warning: Citation `tsai2017deep' on page 1 undefined on input li
ne 89.


Package natbib Warning: Citation `cong2020dovenet' on page 1 undefined on input
 line 89.


Package natbib Warning: Citation `ling2021region' on page 1 undefined on input 
line 89.


Package natbib Warning: Citation `luan2018deep' on page 1 undefined on input li
ne 91.


Package natbib Warning: Citation `luan2018deep' on page 1 undefined on input li
ne 93.


Package natbib Warning: Citation `zhang2020deep' on page 1 undefined on input l
ine 93.


Package natbib Warning: Citation `peng2019element' on page 1 undefined on input
 line 93.


Package natbib Warning: Citation `cao2022painterly' on page 1 undefined on inpu
t line 93.


Package natbib Warning: Citation `yan2022style' on page 1 undefined on input li
ne 93.


Package natbib Warning: Citation `peng2019element' on page 1 undefined on input
 line 94.


Package natbib Warning: Citation `huang2017arbitrary' on page 1 undefined on in
put line 94.


Package natbib Warning: Citation `cao2022painterly' on page 1 undefined on inpu
t line 94.


Package natbib Warning: Citation `sdedit' on page 1 undefined on input line 94.



Package natbib Warning: Citation `cdc' on page 1 undefined on input line 94.

<figures/illustration.jpg, id=1, 3105.6025pt x 1001.7425pt>
File: figures/illustration.jpg Graphic file (type jpg)
<use figures/illustration.jpg>
Package pdftex.def Info: figures/illustration.jpg  used on input line 98.
(pdftex.def)             Requested size: 239.39438pt x 77.20624pt.

Package natbib Warning: Citation `VGG19' on page 1 undefined on input line 99.


Package natbib Warning: Citation `VGG19' on page 1 undefined on input line 99.


Package natbib Warning: Citation `luan2018deep' on page 1 undefined on input li
ne 103.


Package natbib Warning: Citation `peng2019element' on page 1 undefined on input
 line 103.


Package natbib Warning: Citation `cao2022painterly' on page 1 undefined on inpu
t line 103.


Package natbib Warning: Citation `yan2022style' on page 1 undefined on input li
ne 103.


Package natbib Warning: Citation `peng2019element' on page 1 undefined on input
 line 103.


Package natbib Warning: Citation `cao2022painterly' on page 1 undefined on inpu
t line 103.


Package natbib Warning: Citation `huang2017arbitrary' on page 1 undefined on in
put line 103.


Package natbib Warning: Citation `VGG19' on page 1 undefined on input line 103.


LaTeX Font Info:    External font `cmex10' loaded for size
(Font)              <7> on input line 103.

Underfull \vbox (badness 1635) has occurred while \output is active []

 [1{C:/Users/micha/AppData/Local/MiKTeX/fonts/map/pdftex/pdftex.map}{C:/Users/m
icha/AppData/Local/Programs/MiKTeX/fonts/enc/dvips/base/8r.enc}



 <./figures/illustration.jpg>]

Package natbib Warning: Citation `goodfellow2020generative' on page 2 undefined
 on input line 110.


Package natbib Warning: Citation `lin2014microsoft' on page 2 undefined on inpu
t line 114.


Package natbib Warning: Citation `nichol2016painter' on page 2 undefined on inp
ut line 114.


Package natbib Warning: Citation `tsai2017deep' on page 2 undefined on input li
ne 123.


Package natbib Warning: Citation `Jiang_2021_ICCV' on page 2 undefined on input
 line 123.


Package natbib Warning: Citation `xing2022composite' on page 2 undefined on inp
ut line 123.


Package natbib Warning: Citation `peng2022frih' on page 2 undefined on input li
ne 123.


Package natbib Warning: Citation `zhu2022image' on page 2 undefined on input li
ne 123.


Package natbib Warning: Citation `valanarasu2022interactive' on page 2 undefine
d on input line 123.


Package natbib Warning: Citation `LEMaRT' on page 2 undefined on input line 123
.


Package natbib Warning: Citation `xiaodong2019improving' on page 2 undefined on
 input line 123.


Package natbib Warning: Citation `Hao2020bmcv' on page 2 undefined on input lin
e 123.


Package natbib Warning: Citation `sofiiuk2021foreground' on page 2 undefined on
 input line 123.


Package natbib Warning: Citation `cong2020dovenet' on page 2 undefined on input
 line 123.


Package natbib Warning: Citation `cong2021bargainnet' on page 2 undefined on in
put line 123.


Package natbib Warning: Citation `ling2021region' on page 2 undefined on input 
line 123.


Package natbib Warning: Citation `hang2022scs' on page 2 undefined on input lin
e 123.


Package natbib Warning: Citation `guo2021image' on page 2 undefined on input li
ne 123.


Package natbib Warning: Citation `guo2021intrinsic' on page 2 undefined on inpu
t line 123.


Package natbib Warning: Citation `guo2022transformer' on page 2 undefined on in
put line 123.


Package natbib Warning: Citation `cong2022high' on page 2 undefined on input li
ne 123.


Package natbib Warning: Citation `ke2022harmonizer' on page 2 undefined on inpu
t line 123.


Package natbib Warning: Citation `liang2021spatial' on page 2 undefined on inpu
t line 123.


Package natbib Warning: Citation `xue2022dccf' on page 2 undefined on input lin
e 123.


Package natbib Warning: Citation `PCTNet' on page 2 undefined on input line 123
.


Package natbib Warning: Citation `WangCVPR2023' on page 2 undefined on input li
ne 123.


Package natbib Warning: Citation `luan2018deep' on page 2 undefined on input li
ne 129.


Package natbib Warning: Citation `zhang2020deep' on page 2 undefined on input l
ine 129.


Package natbib Warning: Citation `peng2019element' on page 2 undefined on input
 line 129.


Package natbib Warning: Citation `luan2018deep' on page 2 undefined on input li
ne 129.


Package natbib Warning: Citation `zhang2020deep' on page 2 undefined on input l
ine 129.


Package natbib Warning: Citation `peng2019element' on page 2 undefined on input
 line 129.


Package natbib Warning: Citation `luan2018deep' on page 2 undefined on input li
ne 129.


Package natbib Warning: Citation `zhang2020deep' on page 2 undefined on input l
ine 129.


Package natbib Warning: Citation `peng2019element' on page 2 undefined on input
 line 129.


Package natbib Warning: Citation `yan2022style' on page 2 undefined on input li
ne 129.


Package natbib Warning: Citation `cao2022painterly' on page 2 undefined on inpu
t line 129.


Package natbib Warning: Citation `sdedit' on page 2 undefined on input line 130
.


Package natbib Warning: Citation `cdc' on page 2 undefined on input line 130.


Package natbib Warning: Citation `peng2019element' on page 2 undefined on input
 line 132.


Package natbib Warning: Citation `yan2022style' on page 2 undefined on input li
ne 132.


Package natbib Warning: Citation `cao2022painterly' on page 2 undefined on inpu
t line 132.


Package natbib Warning: Citation `kolkin2019style' on page 2 undefined on input
 line 136.


Package natbib Warning: Citation `jing2020dynamic' on page 2 undefined on input
 line 136.


Package natbib Warning: Citation `chen2021dualast' on page 2 undefined on input
 line 136.


Package natbib Warning: Citation `chen2017stylebank' on page 2 undefined on inp
ut line 136.


Package natbib Warning: Citation `sanakoyeu2018style' on page 2 undefined on in
put line 136.


Package natbib Warning: Citation `wang2020collaborative' on page 2 undefined on
 input line 136.


Package natbib Warning: Citation `li2018learning' on page 2 undefined on input 
line 136.


Package natbib Warning: Citation `chen2016fast' on page 2 undefined on input li
ne 136.


Package natbib Warning: Citation `sheng2018avatar' on page 2 undefined on input
 line 136.


Package natbib Warning: Citation `gu2018arbitrary' on page 2 undefined on input
 line 136.


Package natbib Warning: Citation `zhang2019multimodal' on page 2 undefined on i
nput line 136.


Package natbib Warning: Citation `chen2022toward' on page 2 undefined on input 
line 136.


Package natbib Warning: Citation `huo2021manifold' on page 2 undefined on input
 line 136.


Package natbib Warning: Citation `huang2017arbitrary' on page 2 undefined on in
put line 136.


Package natbib Warning: Citation `li2017universal' on page 2 undefined on input
 line 136.


Package natbib Warning: Citation `park2019arbitrary' on page 2 undefined on inp
ut line 137.


Package natbib Warning: Citation `liu2021adaattn' on page 2 undefined on input 
line 137.


Package natbib Warning: Citation `deng2022stytr2' on page 2 undefined on input 
line 137.


Package natbib Warning: Citation `park2019arbitrary' on page 2 undefined on inp
ut line 138.


Package natbib Warning: Citation `liu2021adaattn' on page 2 undefined on input 
line 138.


Package natbib Warning: Citation `huang2017arbitrary' on page 2 undefined on in
put line 138.


Package natbib Warning: Citation `park2019arbitrary' on page 2 undefined on inp
ut line 138.


Package natbib Warning: Citation `deng2022stytr2' on page 2 undefined on input 
line 138.


Package natbib Warning: Citation `elad2017style' on page 2 undefined on input l
ine 140.


Package natbib Warning: Citation `li2016combining' on page 2 undefined on input
 line 140.


Package natbib Warning: Citation `park2019arbitrary' on page 2 undefined on inp
ut line 140.


Package natbib Warning: Citation `huo2021manifold' on page 2 undefined on input
 line 140.

<figures/network_new.jpg, id=10, 4322.1475pt x 2543.5025pt>
File: figures/network_new.jpg Graphic file (type jpg)
<use figures/network_new.jpg>
Package pdftex.def Info: figures/network_new.jpg  used on input line 147.
(pdftex.def)             Requested size: 430.00958pt x 253.0456pt.

Package natbib Warning: Citation `VGG19' on page 2 undefined on input line 148.



Package natbib Warning: Citation `VGG19' on page 2 undefined on input line 148.



Package natbib Warning: Citation `ronneberger2015u' on page 2 undefined on inpu
t line 153.

[2]
<figures/reference_object_main.jpg, id=18, 4217.7575pt x 3133.7075pt>
File: figures/reference_object_main.jpg Graphic file (type jpg)
<use figures/reference_object_main.jpg>
Package pdftex.def Info: figures/reference_object_main.jpg  used on input line 
162.
(pdftex.def)             Requested size: 215.45348pt x 160.0417pt.


Package natbib Warning: Citation `nichol2016painter' on page 3 undefined on inp
ut line 168.


Package natbib Warning: Citation `wu2019detectron2' on page 3 undefined on inpu
t line 168.


Package natbib Warning: Citation `lin2014microsoft' on page 3 undefined on inpu
t line 168.


Package natbib Warning: Citation `huang2017arbitrary' on page 3 undefined on in
put line 176.


Package natbib Warning: Citation `VGG19' on page 3 undefined on input line 176.



Package natbib Warning: Citation `peng2019element' on page 3 undefined on input
 line 179.


Package natbib Warning: Citation `cao2022painterly' on page 3 undefined on inpu
t line 179.


Package natbib Warning: Citation `huang2017arbitrary' on page 3 undefined on in
put line 179.

[3 <./figures/network_new.jpg>]
Underfull \hbox (badness 1681) in paragraph at lines 211--212
[]\OT1/ptm/m/n/10 Next, we use the hal-lu-ci-nated style vec-tor $[] \OT1/cmr/m
/n/10 =
 []


Package natbib Warning: Citation `cao2022painterly' on page 4 undefined on inpu
t line 217.

[4 <./figures/reference_object_main.jpg>]

Package natbib Warning: Citation `VGG19' on page 5 undefined on input line 224.



Package natbib Warning: Citation `gatys2016image' on page 5 undefined on input 
line 226.

<figures/baseline_main.jpg, id=26, 7196.8875pt x 4209.7275pt>
File: figures/baseline_main.jpg Graphic file (type jpg)
<use figures/baseline_main.jpg>
Package pdftex.def Info: figures/baseline_main.jpg  used on input line 242.
(pdftex.def)             Requested size: 505.89pt x 295.86726pt.

Package natbib Warning: Citation `park2019arbitrary' on page 5 undefined on inp
ut line 245.


Package natbib Warning: Citation `liu2021adaattn' on page 5 undefined on input 
line 245.


Package natbib Warning: Citation `deng2022stytr2' on page 5 undefined on input 
line 245.


Package natbib Warning: Citation `quantart' on page 5 undefined on input line 2
45.


Package natbib Warning: Citation `inst' on page 5 undefined on input line 245.


Package natbib Warning: Citation `sdedit' on page 5 undefined on input line 245
.


Package natbib Warning: Citation `cdc' on page 5 undefined on input line 245.


Package natbib Warning: Citation `peng2019element' on page 5 undefined on input
 line 245.


Package natbib Warning: Citation `luan2018deep' on page 5 undefined on input li
ne 245.


Package natbib Warning: Citation `cao2022painterly' on page 5 undefined on inpu
t line 245.


Package natbib Warning: Citation `park2019arbitrary' on page 5 undefined on inp
ut line 245.


Package natbib Warning: Citation `liu2021adaattn' on page 5 undefined on input 
line 245.


Package natbib Warning: Citation `deng2022stytr2' on page 5 undefined on input 
line 245.


Package natbib Warning: Citation `quantart' on page 5 undefined on input line 2
45.


Package natbib Warning: Citation `inst' on page 5 undefined on input line 245.


Package natbib Warning: Citation `sdedit' on page 5 undefined on input line 245
.


Package natbib Warning: Citation `cdc' on page 5 undefined on input line 245.


Package natbib Warning: Citation `peng2019element' on page 5 undefined on input
 line 245.


Package natbib Warning: Citation `luan2018deep' on page 5 undefined on input li
ne 245.


Package natbib Warning: Citation `cao2022painterly' on page 5 undefined on inpu
t line 245.


Package natbib Warning: Citation `lin2014microsoft' on page 5 undefined on inpu
t line 253.


Package natbib Warning: Citation `nichol2016painter' on page 5 undefined on inp
ut line 253.


Package natbib Warning: Citation `cao2022painterly' on page 5 undefined on inpu
t line 254.


Package natbib Warning: Citation `he2016deep' on page 5 undefined on input line
 254.


Package natbib Warning: Citation `TouvronBCCEGIJSVJ23' on page 5 undefined on i
nput line 254.


Package natbib Warning: Citation `park2019arbitrary' on page 5 undefined on inp
ut line 262.


Package natbib Warning: Citation `liu2021adaattn' on page 5 undefined on input 
line 262.


Package natbib Warning: Citation `deng2022stytr2' on page 5 undefined on input 
line 262.


Package natbib Warning: Citation `quantart' on page 5 undefined on input line 2
62.


Package natbib Warning: Citation `inst' on page 5 undefined on input line 262.


Package natbib Warning: Citation `sdedit' on page 5 undefined on input line 263
.


Package natbib Warning: Citation `cdc' on page 5 undefined on input line 263.


Package natbib Warning: Citation `peng2019element' on page 5 undefined on input
 line 263.


Package natbib Warning: Citation `luan2018deep' on page 5 undefined on input li
ne 263.


Package natbib Warning: Citation `cao2022painterly' on page 5 undefined on inpu
t line 263.

<figures/reference_results.jpg, id=27, 6259.385pt x 3929.68124pt>
File: figures/reference_results.jpg Graphic file (type jpg)
<use figures/reference_results.jpg>
Package pdftex.def Info: figures/reference_results.jpg  used on input line 298.

(pdftex.def)             Requested size: 480.59395pt x 301.66898pt.

Package natbib Warning: Citation `cao2022painterly' on page 5 undefined on inpu
t line 303.


Package natbib Warning: Citation `bradley1952rank' on page 5 undefined on input
 line 305.


Package natbib Warning: Citation `lai2016comparative' on page 5 undefined on in
put line 305.


Package natbib Warning: Citation `cao2022painterly' on page 5 undefined on inpu
t line 310.


Package natbib Warning: Citation `luan2018deep' on page 5 undefined on input li
ne 310.

[5]

Package natbib Warning: Citation `lin2014microsoft' on page 6 undefined on inpu
t line 333.

[6 <./figures/baseline_main.jpg>]
Underfull \hbox (badness 1708) in paragraph at lines 344--345
\OT1/ptm/m/n/10 ence Foun-da-tion of China (Grant No. 62076162), the
 []


Underfull \hbox (badness 1681) in paragraph at lines 347--347
[]\OT1/ptm/m/n/10 Optio labo-rum libero odit adip-isci se-qui ab tem-po-
 []

[7 <./figures/reference_results.jpg>]
No file after_operator7.bbl.

Package natbib Warning: There were undefined citations.

(after_operator7.aux)
 ***********
LaTeX2e <2023-06-01> patch level 1
L3 programming layer <2023-08-29>
 ***********
 ) 
Here is how much of TeX's memory you used:
 5361 strings out of 475247
 89851 string characters out of 5757792
 1944801 words of memory out of 5000000
 26822 multiletter control sequences out of 15000+600000
 585155 words of font info for 93 fonts, out of 8000000 for 9000
 1141 hyphenation exceptions out of 8191
 57i,8n,65p,1842b,386s stack positions out of 10000i,1000n,20000p,200000b,200000s
<C:/Users/micha/AppData/Local/Programs/MiKTeX/fonts/type1/public/amsfonts/cm/
cmex10.pfb><C:/Users/micha/AppData/Local/Programs/MiKTeX/fonts/type1/public/ams
fonts/cm/cmmi10.pfb><C:/Users/micha/AppData/Local/Programs/MiKTeX/fonts/type1/p
ublic/amsfonts/cm/cmmi7.pfb><C:/Users/micha/AppData/Local/Programs/MiKTeX/fonts
/type1/public/amsfonts/cm/cmmib10.pfb><C:/Users/micha/AppData/Local/Programs/Mi
KTeX/fonts/type1/public/amsfonts/cm/cmr10.pfb><C:/Users/micha/AppData/Local/Pro
grams/MiKTeX/fonts/type1/public/amsfonts/cm/cmr7.pfb><C:/Users/micha/AppData/Lo
cal/Programs/MiKTeX/fonts/type1/public/amsfonts/cm/cmsy10.pfb><C:/Users/micha/A
ppData/Local/Programs/MiKTeX/fonts/type1/urw/times/utmb8a.pfb><C:/Users/micha/A
ppData/Local/Programs/MiKTeX/fonts/type1/urw/times/utmr8a.pfb><C:/Users/micha/A
ppData/Local/Programs/MiKTeX/fonts/type1/urw/times/utmri8a.pfb>
Output written on after_operator7.pdf (7 pages, 4354990 bytes).
PDF statistics:
 82 PDF objects out of 1000 (max. 8388607)
 0 named destinations out of 1000 (max. 500000)
 26 words of extra memory for PDF output out of 10000 (max. 10000000)

