This is pdfTeX, Version 3.141592653-2.6-1.40.25 (MiKTeX 23.9) (preloaded format=pdflatex 2023.9.22)  30 MAR 2024 17:17
entering extended mode
 restricted \write18 enabled.
 %&-line parsing enabled.
**./aaai23_changed.tex
(aaai23_changed.tex
LaTeX2e <2023-06-01> patch level 1
L3 programming layer <2023-08-29>
(C:\Users\micha\AppData\Local\Programs\MiKTeX\tex/latex/base\article.cls
Document Class: article 2023/05/17 v1.4n Standard LaTeX document class
(C:\Users\micha\AppData\Local\Programs\MiKTeX\tex/latex/base\size10.clo
File: size10.clo 2023/05/17 v1.4n Standard LaTeX file (size option)
)
\c@part=\count185
\c@section=\count186
\c@subsection=\count187
\c@subsubsection=\count188
\c@paragraph=\count189
\c@subparagraph=\count190
\c@figure=\count191
\c@table=\count192
\abovecaptionskip=\skip48
\belowcaptionskip=\skip49
\bibindent=\dimen140
)
(aaai23.sty
Package: aaai23 2023/06/27 AAAI 2023 Submission format

Conference Style for AAAI for LaTeX 2e -- version for submission
\titlebox=\skip50
) (C:\Users\micha\AppData\Local\Programs\MiKTeX\tex/latex/psnfss\times.sty
Package: times 2020/03/25 PSNFSS-v9.3 (SPQR) 
)
(C:\Users\micha\AppData\Local\Programs\MiKTeX\tex/latex/psnfss\helvet.sty
Package: helvet 2020/03/25 PSNFSS-v9.3 (WaS) 

(C:\Users\micha\AppData\Local\Programs\MiKTeX\tex/latex/graphics\keyval.sty
Package: keyval 2022/05/29 v1.15 key=value parser (DPC)
\KV@toks@=\toks17
))
(C:\Users\micha\AppData\Local\Programs\MiKTeX\tex/latex/psnfss\courier.sty
Package: courier 2020/03/25 PSNFSS-v9.3 (WaS) 
)
(C:\Users\micha\AppData\Local\Programs\MiKTeX\tex/latex/url\url.sty
\Urlmuskip=\muskip16
Package: url 2013/09/16  ver 3.4  Verb mode for urls, etc.
)
(C:\Users\micha\AppData\Local\Programs\MiKTeX\tex/latex/graphics\graphicx.sty
Package: graphicx 2021/09/16 v1.2d Enhanced LaTeX Graphics (DPC,SPQR)

(C:\Users\micha\AppData\Local\Programs\MiKTeX\tex/latex/graphics\graphics.sty
Package: graphics 2022/03/10 v1.4e Standard LaTeX Graphics (DPC,SPQR)

(C:\Users\micha\AppData\Local\Programs\MiKTeX\tex/latex/graphics\trig.sty
Package: trig 2021/08/11 v1.11 sin cos tan (DPC)
)
(C:\Users\micha\AppData\Local\Programs\MiKTeX\tex/latex/graphics-cfg\graphics.c
fg
File: graphics.cfg 2016/06/04 v1.11 sample graphics configuration
)
Package graphics Info: Driver file: pdftex.def on input line 107.

(C:\Users\micha\AppData\Local\Programs\MiKTeX\tex/latex/graphics-def\pdftex.def
File: pdftex.def 2022/09/22 v1.2b Graphics/color driver for pdftex
))
\Gin@req@height=\dimen141
\Gin@req@width=\dimen142
) (C:\Users\micha\AppData\Local\Programs\MiKTeX\tex/latex/natbib\natbib.sty
Package: natbib 2010/09/13 8.31b (PWD, AO)
\bibhang=\skip51
\bibsep=\skip52
LaTeX Info: Redefining \cite on input line 694.
\c@NAT@ctr=\count193
)
(C:\Users\micha\AppData\Local\Programs\MiKTeX\tex/latex/caption\caption.sty
Package: caption 2023/07/31 v3.6n Customizing captions (AR)

(C:\Users\micha\AppData\Local\Programs\MiKTeX\tex/latex/caption\caption3.sty
Package: caption3 2023/07/31 v2.4d caption3 kernel (AR)
\caption@tempdima=\dimen143
\captionmargin=\dimen144
\caption@leftmargin=\dimen145
\caption@rightmargin=\dimen146
\caption@width=\dimen147
\caption@indent=\dimen148
\caption@parindent=\dimen149
\caption@hangindent=\dimen150
Package caption Info: Standard document class detected.
)
\c@caption@flags=\count194
\c@continuedfloat=\count195
)
(C:\Users\micha\AppData\Local\Programs\MiKTeX\tex/latex/algorithms\algorithm.st
y
Package: algorithm 2009/08/24 v0.1 Document Style `algorithm' - floating enviro
nment
 (C:\Users\micha\AppData\Local\Programs\MiKTeX\tex/latex/float\float.sty
Package: float 2001/11/08 v1.3d Float enhancements (AL)
\c@float@type=\count196
\float@exts=\toks18
\float@box=\box51
\@float@everytoks=\toks19
\@floatcapt=\box52
)
(C:\Users\micha\AppData\Local\Programs\MiKTeX\tex/latex/base\ifthen.sty
Package: ifthen 2022/04/13 v1.1d Standard LaTeX ifthen package (DPC)
)
\@float@every@algorithm=\toks20
\c@algorithm=\count197
)
(C:\Users\micha\AppData\Local\Programs\MiKTeX\tex/latex/algorithms\algorithmic.
sty
Package: algorithmic 2009/08/24 v0.1 Document Style `algorithmic'
\c@ALC@unique=\count198
\c@ALC@line=\count199
\c@ALC@rem=\count266
\c@ALC@depth=\count267
\ALC@tlm=\skip53
\algorithmicindent=\skip54
)
(C:\Users\micha\AppData\Local\Programs\MiKTeX\tex/latex/caption\subcaption.sty
Package: subcaption 2023/07/28 v1.6b Sub-captions (AR)
Package caption Info: New subtype `subfigure' on input line 238.
\c@subfigure=\count268
Package caption Info: New subtype `subtable' on input line 238.
\c@subtable=\count269
) (C:\Users\micha\AppData\Local\Programs\MiKTeX\tex/latex/newfloat\newfloat.sty
Package: newfloat 2023/10/01 v1.2 Defining new floating environments (AR)
) (C:\Users\micha\AppData\Local\Programs\MiKTeX\tex/latex/listings\listings.sty
\lst@mode=\count270
\lst@gtempboxa=\box53
\lst@token=\toks21
\lst@length=\count271
\lst@currlwidth=\dimen151
\lst@column=\count272
\lst@pos=\count273
\lst@lostspace=\dimen152
\lst@width=\dimen153
\lst@newlines=\count274
\lst@lineno=\count275
\lst@maxwidth=\dimen154

(C:\Users\micha\AppData\Local\Programs\MiKTeX\tex/latex/listings\lstmisc.sty
File: lstmisc.sty 2023/02/27 1.9 (Carsten Heinz)
\c@lstnumber=\count276
\lst@skipnumbers=\count277
\lst@framebox=\box54
)
(C:\Users\micha\AppData\Local\Programs\MiKTeX\tex/latex/listings\listings.cfg
File: listings.cfg 2023/02/27 1.9 listings configuration
))
Package: listings 2023/02/27 1.9 (Carsten Heinz)
\@float@every@listing=\toks22
\c@listing=\count278
(C:\Users\micha\AppData\Local\Programs\MiKTeX\tex/latex/multirow\multirow.sty
Package: multirow 2021/03/15 v2.8 Span multiple rows of a table
\multirow@colwidth=\skip55
\multirow@cntb=\count279
\multirow@dima=\skip56
\bigstrutjot=\dimen155
)
LaTeX Font Info:    Trying to load font information for OT1+ptm on input line 1
05.

(C:\Users\micha\AppData\Local\Programs\MiKTeX\tex/latex/psnfss\ot1ptm.fd
File: ot1ptm.fd 2001/06/04 font definitions for OT1/ptm.
)
(C:\Users\micha\AppData\Local\Programs\MiKTeX\tex/latex/l3backend\l3backend-pdf
tex.def
File: l3backend-pdftex.def 2023-04-19 L3 backend support: PDF output (pdfTeX)
\l__color_backend_stack_int=\count280
\l__pdf_internal_box=\box55
) (aaai23_changed.aux)
\openout1 = `aaai23_changed.aux'.

LaTeX Font Info:    Checking defaults for OML/cmm/m/it on input line 105.
LaTeX Font Info:    ... okay on input line 105.
LaTeX Font Info:    Checking defaults for OMS/cmsy/m/n on input line 105.
LaTeX Font Info:    ... okay on input line 105.
LaTeX Font Info:    Checking defaults for OT1/cmr/m/n on input line 105.
LaTeX Font Info:    ... okay on input line 105.
LaTeX Font Info:    Checking defaults for T1/cmr/m/n on input line 105.
LaTeX Font Info:    ... okay on input line 105.
LaTeX Font Info:    Checking defaults for TS1/cmr/m/n on input line 105.
LaTeX Font Info:    ... okay on input line 105.
LaTeX Font Info:    Checking defaults for OMX/cmex/m/n on input line 105.
LaTeX Font Info:    ... okay on input line 105.
LaTeX Font Info:    Checking defaults for U/cmr/m/n on input line 105.
LaTeX Font Info:    ... okay on input line 105.

(C:\Users\micha\AppData\Local\Programs\MiKTeX\tex/context/base/mkii\supp-pdf.mk
ii
[Loading MPS to PDF converter (version 2006.09.02).]
\scratchcounter=\count281
\scratchdimen=\dimen156
\scratchbox=\box56
\nofMPsegments=\count282
\nofMParguments=\count283
\everyMPshowfont=\toks23
\MPscratchCnt=\count284
\MPscratchDim=\dimen157
\MPnumerator=\count285
\makeMPintoPDFobject=\count286
\everyMPtoPDFconversion=\toks24
)
(C:\Users\micha\AppData\Local\Programs\MiKTeX\tex/latex/epstopdf-pkg\epstopdf-b
ase.sty
Package: epstopdf-base 2020-01-24 v2.11 Base part for package epstopdf
Package epstopdf-base Info: Redefining graphics rule for `.eps' on input line 4
85.

(C:\Users\micha\AppData\Local\Programs\MiKTeX\tex/latex/00miktex\epstopdf-sys.c
fg
File: epstopdf-sys.cfg 2021/03/18 v2.0 Configuration of epstopdf for MiKTeX
))
Package caption Info: Begin \AtBeginDocument code.
Package caption Info: float package is loaded.
Package caption Info: listings package is loaded.
Package caption Info: End \AtBeginDocument code.
Package newfloat Info: `float' package detected.
\c@lstlisting=\count287
\c@eqfn=\count288
\titlearea=\box57
LaTeX Font Info:    External font `cmex10' loaded for size
(Font)              <12> on input line 108.
LaTeX Font Info:    External font `cmex10' loaded for size
(Font)              <8> on input line 108.
LaTeX Font Info:    External font `cmex10' loaded for size
(Font)              <6> on input line 108.
LaTeX Font Info:    External font `cmex10' loaded for size
(Font)              <7> on input line 108.
LaTeX Font Info:    External font `cmex10' loaded for size
(Font)              <5> on input line 108.
\actualheight=\skip57
LaTeX Font Info:    Trying to load font information for TS1+ptm on input line 1
08.
 (C:\Users\micha\AppData\Local\Programs\MiKTeX\tex/latex/psnfss\ts1ptm.fd
File: ts1ptm.fd 2001/06/04 font definitions for TS1/ptm.
)
LaTeX Font Info:    External font `cmex10' loaded for size
(Font)              <9> on input line 108.
<Images/b0.png, id=1, 162.8484pt x 150.8034pt>
File: Images/b0.png Graphic file (type png)
<use Images/b0.png>
Package pdftex.def Info: Images/b0.png  used on input line 124.
(pdftex.def)             Requested size: 167.57533pt x 155.18425pt.
<Images/b1.png, id=2, 169.63374pt x 157.08687pt>
File: Images/b1.png Graphic file (type png)
<use Images/b1.png>
Package pdftex.def Info: Images/b1.png  used on input line 128.
(pdftex.def)             Requested size: 167.57533pt x 155.18808pt.
<Images/b2.png, id=3, 162.8484pt x 150.8034pt>
File: Images/b2.png Graphic file (type png)
<use Images/b2.png>
Package pdftex.def Info: Images/b2.png  used on input line 132.
(pdftex.def)             Requested size: 158.00116pt x 146.31822pt.
<Images/b5.png, id=4, 169.63374pt x 157.08687pt>
File: Images/b5.png Graphic file (type png)
<use Images/b5.png>
Package pdftex.def Info: Images/b5.png  used on input line 136.
(pdftex.def)             Requested size: 158.00116pt x 146.32176pt.
<Images/graspex2.png, id=5, 169.63374pt x 157.08687pt>
File: Images/graspex2.png Graphic file (type png)
<use Images/graspex2.png>
Package pdftex.def Info: Images/graspex2.png  used on input line 140.
(pdftex.def)             Requested size: 158.00116pt x 146.32176pt.


LaTeX Warning: `!h' float specifier changed to `!ht'.


Underfull \hbox (badness 2096) in paragraph at lines 154--157
[]\OT1/ptm/m/n/10 There are data-driven task-oriented grasp es-ti-ma-tion
 []


Package natbib Warning: Citation `kopicki2016one' on page 1 undefined on input 
line 160.


Package natbib Warning: Citation `van2018learning' on page 1 undefined on input
 line 160.


Package natbib Warning: Citation `yang2021attribute' on page 1 undefined on inp
ut line 160.


Package natbib Warning: Citation `guo2022few' on page 1 undefined on input line
 160.


Package natbib Warning: Citation `van2018learning' on page 1 undefined on input
 line 160.


Package natbib Warning: Citation `helenon2020learning' on page 1 undefined on i
nput line 160.


Package natbib Warning: Citation `wang2021demograsp' on page 1 undefined on inp
ut line 160.


Package natbib Warning: Citation `saito2022task' on page 1 undefined on input l
ine 160.


Package natbib Warning: Citation `leeper2012strategies' on page 1 undefined on 
input line 162.


Package natbib Warning: Citation `kent2020leveraging' on page 1 undefined on in
put line 162.


Underfull \vbox (badness 1852) has occurred while \output is active []

 [1{C:/Users/micha/AppData/Local/MiKTeX/fonts/map/pdftex/pdftex.map}{C:/Users/m
icha/AppData/Local/Programs/MiKTeX/fonts/enc/dvips/base/8r.enc}



]

Package natbib Warning: Citation `nichol2018reptile' on page 2 undefined on inp
ut line 171.


Package natbib Warning: Citation `fang2020graspnet' on page 2 undefined on inpu
t line 171.


Package natbib Warning: Citation `sundermeyer2021contact' on page 2 undefined o
n input line 173.

[2 <./Images/b0.png (PNG copy)> <./Images/b1.png (PNG copy)> <./Images/b2.png (
PNG copy)> <./Images/b5.png (PNG copy)> <./Images/graspex2.png (PNG copy)>]

Package natbib Warning: Citation `sundermeyer2021contact' on page 3 undefined o
n input line 192.


Package natbib Warning: Citation `mousavian20196' on page 3 undefined on input 
line 192.


Package natbib Warning: Citation `fang2020graspnet' on page 3 undefined on inpu
t line 192.


Package natbib Warning: Citation `liang2019pointnetgpd' on page 3 undefined on 
input line 192.


Package natbib Warning: Citation `do2018affordancenet' on page 3 undefined on i
nput line 195.


Package natbib Warning: Citation `liu2020cage' on page 3 undefined on input lin
e 196.


Underfull \hbox (badness 1147) in paragraph at lines 195--197
[]\OT1/ptm/m/n/10 There are task-oriented au-tonomous grasp es-ti-ma-tion
 []


Package natbib Warning: Citation `van2018learning' on page 3 undefined on input
 line 202.


Package natbib Warning: Citation `helenon2020learning' on page 3 undefined on i
nput line 202.


Package natbib Warning: Citation `wang2021demograsp' on page 3 undefined on inp
ut line 203.


Package natbib Warning: Citation `butler2017interactive' on page 3 undefined on
 input line 203.


Package natbib Warning: Citation `yang2021attribute' on page 3 undefined on inp
ut line 203.


Package natbib Warning: Citation `guo2022few' on page 3 undefined on input line
 203.


Package natbib Warning: Citation `saito2022task' on page 3 undefined on input l
ine 203.


Package natbib Warning: Citation `kopicki2016one' on page 3 undefined on input 
line 203.


Package natbib Warning: Citation `sofiiuk2020f' on page 3 undefined on input li
ne 211.


Package natbib Warning: Citation `ronneberger2015u' on page 3 undefined on inpu
t line 213.


Package natbib Warning: Citation `nichol2018reptile' on page 3 undefined on inp
ut line 213.

[3]

Package natbib Warning: Citation `fang2020graspnet' on page 4 undefined on inpu
t line 223.

<Dataset creation/scene.png, id=18, 513.92pt x 289.08pt>
File: Dataset creation/scene.png Graphic file (type png)
<use Dataset creation/scene.png>
Package pdftex.def Info: Dataset creation/scene.png  used on input line 230.
(pdftex.def)             Requested size: 186.72731pt x 105.03471pt.
<Dataset creation/contact_points.png, id=19, 513.92pt x 289.08pt>
File: Dataset creation/contact_points.png Graphic file (type png)
<use Dataset creation/contact_points.png>
Package pdftex.def Info: Dataset creation/contact_points.png  used on input lin
e 234.
(pdftex.def)             Requested size: 186.72731pt x 105.03471pt.
<Dataset creation/gt_mask.png, id=20, 513.92pt x 289.08pt>
File: Dataset creation/gt_mask.png Graphic file (type png)
<use Dataset creation/gt_mask.png>
Package pdftex.def Info: Dataset creation/gt_mask.png  used on input line 238.
(pdftex.def)             Requested size: 186.72731pt x 105.03471pt.
<Dataset creation/grasp_mask.png, id=21, 513.92pt x 289.08pt>
File: Dataset creation/grasp_mask.png Graphic file (type png)
<use Dataset creation/grasp_mask.png>
Package pdftex.def Info: Dataset creation/grasp_mask.png  used on input line 24
2.
(pdftex.def)             Requested size: 186.72731pt x 105.03471pt.

Package natbib Warning: Citation `fang2020graspnet' on page 4 undefined on inpu
t line 245.


Package natbib Warning: Citation `fang2020graspnet' on page 4 undefined on inpu
t line 245.


LaTeX Warning: `!h' float specifier changed to `!ht'.


Package natbib Warning: Citation `fang2020graspnet' on page 4 undefined on inpu
t line 252.


Underfull \hbox (badness 1675) in paragraph at lines 252--253
[]\OT1/ptm/m/n/10 For each re-con-structed 3D scene in the GraspNet-
 []


Package natbib Warning: Citation `fang2020graspnet' on page 4 undefined on inpu
t line 254.


Package natbib Warning: Citation `nichol2018reptile' on page 4 undefined on inp
ut line 273.


Package natbib Warning: Citation `finn2017model' on page 4 undefined on input l
ine 273.


Package natbib Warning: Citation `nichol2018reptile' on page 4 undefined on inp
ut line 273.


Package natbib Warning: Citation `finn2017model' on page 4 undefined on input l
ine 273.


Package natbib Warning: Citation `fang2020graspnet' on page 4 undefined on inpu
t line 284.

[4]
<Images/drill example/0.jpeg, id=25, 361.35pt x 361.35pt>
File: Images/drill example/0.jpeg Graphic file (type jpg)
<use Images/drill example/0.jpeg>
Package pdftex.def Info: Images/drill example/0.jpeg  used on input line 290.
(pdftex.def)             Requested size: 57.45596pt x 57.45326pt.
<Images/drill example/1.jpeg, id=26, 361.35pt x 361.35pt>
File: Images/drill example/1.jpeg Graphic file (type jpg)
<use Images/drill example/1.jpeg>
Package pdftex.def Info: Images/drill example/1.jpeg  used on input line 294.
(pdftex.def)             Requested size: 57.45596pt x 57.45326pt.
<Images/drill example/2.jpeg, id=27, 361.35pt x 361.35pt>
File: Images/drill example/2.jpeg Graphic file (type jpg)
<use Images/drill example/2.jpeg>
Package pdftex.def Info: Images/drill example/2.jpeg  used on input line 298.
(pdftex.def)             Requested size: 57.45596pt x 57.45326pt.
<Images/drill example/3.jpeg, id=28, 361.35pt x 361.35pt>
File: Images/drill example/3.jpeg Graphic file (type jpg)
<use Images/drill example/3.jpeg>
Package pdftex.def Info: Images/drill example/3.jpeg  used on input line 302.
(pdftex.def)             Requested size: 57.45596pt x 57.45326pt.
<Images/drill example/4.jpeg, id=29, 361.35pt x 361.35pt>
File: Images/drill example/4.jpeg Graphic file (type jpg)
<use Images/drill example/4.jpeg>
Package pdftex.def Info: Images/drill example/4.jpeg  used on input line 306.
(pdftex.def)             Requested size: 57.45596pt x 57.45326pt.
<Images/drill example/5.jpeg, id=30, 361.35pt x 361.35pt>
File: Images/drill example/5.jpeg Graphic file (type jpg)
<use Images/drill example/5.jpeg>
Package pdftex.def Info: Images/drill example/5.jpeg  used on input line 310.
(pdftex.def)             Requested size: 57.45596pt x 57.45326pt.
<Images/drill example/6.jpeg, id=31, 361.35pt x 361.35pt>
File: Images/drill example/6.jpeg Graphic file (type jpg)
<use Images/drill example/6.jpeg>
Package pdftex.def Info: Images/drill example/6.jpeg  used on input line 314.
(pdftex.def)             Requested size: 57.45596pt x 57.45326pt.
<Images/drill example/7.jpeg, id=32, 361.35pt x 361.35pt>
File: Images/drill example/7.jpeg Graphic file (type jpg)
<use Images/drill example/7.jpeg>
Package pdftex.def Info: Images/drill example/7.jpeg  used on input line 318.
(pdftex.def)             Requested size: 57.45596pt x 57.45326pt.
<Images/drill example/8.jpeg, id=33, 361.35pt x 361.35pt>
File: Images/drill example/8.jpeg Graphic file (type jpg)
<use Images/drill example/8.jpeg>
Package pdftex.def Info: Images/drill example/8.jpeg  used on input line 322.
(pdftex.def)             Requested size: 57.45596pt x 57.45326pt.
<Images/drill example/9.jpeg, id=34, 361.35pt x 361.35pt>
File: Images/drill example/9.jpeg Graphic file (type jpg)
<use Images/drill example/9.jpeg>
Package pdftex.def Info: Images/drill example/9.jpeg  used on input line 326.
(pdftex.def)             Requested size: 57.45596pt x 57.45326pt.
<Tasks/cup handle/0preds0.png, id=35, 182.6825pt x 182.6825pt>
File: Tasks/cup handle/0preds0.png Graphic file (type png)
<use Tasks/cup handle/0preds0.png>
Package pdftex.def Info: Tasks/cup handle/0preds0.png  used on input line 339.
(pdftex.def)             Requested size: 94.5618pt x 94.56058pt.
<Tasks/drill machine/0preds0.png, id=36, 182.6825pt x 182.6825pt>
File: Tasks/drill machine/0preds0.png Graphic file (type png)
<use Tasks/drill machine/0preds0.png>
Package pdftex.def Info: Tasks/drill machine/0preds0.png  used on input line 33
9.
(pdftex.def)             Requested size: 94.5618pt x 94.56058pt.
<Tasks/fork/0preds0.png, id=37, 182.6825pt x 182.6825pt>
File: Tasks/fork/0preds0.png Graphic file (type png)
<use Tasks/fork/0preds0.png>
Package pdftex.def Info: Tasks/fork/0preds0.png  used on input line 339.
(pdftex.def)             Requested size: 94.5618pt x 94.56058pt.
<Tasks/blue screwdriver/0preds0.png, id=38, 182.6825pt x 182.6825pt>
File: Tasks/blue screwdriver/0preds0.png Graphic file (type png)
<use Tasks/blue screwdriver/0preds0.png>
Package pdftex.def Info: Tasks/blue screwdriver/0preds0.png  used on input line
 339.
(pdftex.def)             Requested size: 94.5618pt x 94.56058pt.
<Tasks/racket/0preds0.png, id=39, 182.6825pt x 182.6825pt>
File: Tasks/racket/0preds0.png Graphic file (type png)
<use Tasks/racket/0preds0.png>
Package pdftex.def Info: Tasks/racket/0preds0.png  used on input line 339.
(pdftex.def)             Requested size: 94.5618pt x 94.56058pt.
<Tasks/cup handle/0preds1.png, id=40, 182.6825pt x 182.6825pt>
File: Tasks/cup handle/0preds1.png Graphic file (type png)
<use Tasks/cup handle/0preds1.png>
Package pdftex.def Info: Tasks/cup handle/0preds1.png  used on input line 340.
(pdftex.def)             Requested size: 94.5618pt x 94.56058pt.
<Tasks/drill machine/0preds1.png, id=41, 182.6825pt x 182.6825pt>
File: Tasks/drill machine/0preds1.png Graphic file (type png)
<use Tasks/drill machine/0preds1.png>
Package pdftex.def Info: Tasks/drill machine/0preds1.png  used on input line 34
0.
(pdftex.def)             Requested size: 94.5618pt x 94.56058pt.
<Tasks/fork/0preds1.png, id=42, 182.6825pt x 182.6825pt>
File: Tasks/fork/0preds1.png Graphic file (type png)
<use Tasks/fork/0preds1.png>
Package pdftex.def Info: Tasks/fork/0preds1.png  used on input line 341.
(pdftex.def)             Requested size: 94.5618pt x 94.56058pt.
<Tasks/blue screwdriver/0preds1.png, id=43, 182.6825pt x 182.6825pt>
File: Tasks/blue screwdriver/0preds1.png Graphic file (type png)
<use Tasks/blue screwdriver/0preds1.png>
Package pdftex.def Info: Tasks/blue screwdriver/0preds1.png  used on input line
 341.
(pdftex.def)             Requested size: 94.5618pt x 94.56058pt.
<Tasks/racket/0preds1.png, id=44, 182.6825pt x 182.6825pt>
File: Tasks/racket/0preds1.png Graphic file (type png)
<use Tasks/racket/0preds1.png>
Package pdftex.def Info: Tasks/racket/0preds1.png  used on input line 342.
(pdftex.def)             Requested size: 94.5618pt x 94.56058pt.


LaTeX Warning: `!h' float specifier changed to `!ht'.

<Images/OE/n_res.png, id=45, 182.6825pt x 182.6825pt>
File: Images/OE/n_res.png Graphic file (type png)
<use Images/OE/n_res.png>
Package pdftex.def Info: Images/OE/n_res.png  used on input line 352.
(pdftex.def)             Requested size: 110.12302pt x 110.12323pt.
<Images/OE/res.png, id=46, 182.6825pt x 182.6825pt>
File: Images/OE/res.png Graphic file (type png)
<use Images/OE/res.png>
Package pdftex.def Info: Images/OE/res.png  used on input line 356.
(pdftex.def)             Requested size: 110.12302pt x 110.12323pt.

LaTeX Warning: `!h' float specifier changed to `!ht'.


Underfull \vbox (badness 2698) has occurred while \output is active []

 [5 <./Dataset creation/scene.png> <./Dataset creation/contact_points.png> <./D
ataset creation/gt_mask.png> <./Dataset creation/grasp_mask.png> <./Images/dril
l example/0.jpeg> <./Images/drill example/1.jpeg> <./Images/drill example/2.jpe
g> <./Images/drill example/3.jpeg> <./Images/drill example/4.jpeg> <./Images/dr
ill example/5.jpeg> <./Images/drill example/6.jpeg> <./Images/drill example/7.j
peg> <./Images/drill example/8.jpeg> <./Images/drill example/9.jpeg>]

Package natbib Warning: Citation `milletari2016v' on page 6 undefined on input 
line 383.


Package natbib Warning: Citation `milletari2016v' on page 6 undefined on input 
line 383.


Underfull \hbox (badness 10000) in paragraph at lines 401--401
[]\OT1/ptm/m/n/10 BCE+Dice+Aug.+outl.
 []


LaTeX Warning: `!h' float specifier changed to `!ht'.


LaTeX Warning: `!h' float specifier changed to `!ht'.

[6 <./Tasks/cup handle/0preds0.png (PNG copy)> <./Tasks/drill machine/0preds0.p
ng (PNG copy)> <./Tasks/fork/0preds0.png (PNG copy)> <./Tasks/blue screwdriver/
0preds0.png (PNG copy)> <./Tasks/racket/0preds0.png (PNG copy)> <./Tasks/cup ha
ndle/0preds1.png (PNG copy)> <./Tasks/drill machine/0preds1.png (PNG copy)> <./
Tasks/fork/0preds1.png (PNG copy)> <./Tasks/blue screwdriver/0preds1.png (PNG c
opy)> <./Tasks/racket/0preds1.png (PNG copy)> <./Images/OE/n_res.png (PNG copy)
> <./Images/OE/res.png (PNG copy)>]

Package natbib Warning: Citation `sundermeyer2021contact' on page 7 undefined o
n input line 460.


Package natbib Warning: Citation `coleman2014reducing' on page 7 undefined on i
nput line 460.

[7] [8

]
No file aaai23_changed.bbl.

Package natbib Warning: There were undefined citations.

(aaai23_changed.aux)
 ***********
LaTeX2e <2023-06-01> patch level 1
L3 programming layer <2023-08-29>
 ***********
 ) 
Here is how much of TeX's memory you used:
 5516 strings out of 475247
 95942 string characters out of 5757792
 1944801 words of memory out of 5000000
 26999 multiletter control sequences out of 15000+600000
 581126 words of font info for 76 fonts, out of 8000000 for 9000
 1141 hyphenation exceptions out of 8191
 57i,12n,65p,2132b,476s stack positions out of 10000i,1000n,20000p,200000b,200000s
<C:/Users/micha/AppData/Local/Programs/MiKTeX/fonts/type1/public/amsfonts/cm/
cmmi10.pfb><C:/Users/micha/AppData/Local/Programs/MiKTeX/fonts/type1/public/ams
fonts/cm/cmr10.pfb><C:/Users/micha/AppData/Local/Programs/MiKTeX/fonts/type1/pu
blic/amsfonts/cm/cmr7.pfb><C:/Users/micha/AppData/Local/Programs/MiKTeX/fonts/t
ype1/public/amsfonts/cm/cmsy10.pfb><C:/Users/micha/AppData/Local/Programs/MiKTe
X/fonts/type1/public/amsfonts/cm/cmsy7.pfb><C:/Users/micha/AppData/Local/Progra
ms/MiKTeX/fonts/type1/urw/times/utmb8a.pfb><C:/Users/micha/AppData/Local/Progra
ms/MiKTeX/fonts/type1/urw/times/utmr8a.pfb><C:/Users/micha/AppData/Local/Progra
ms/MiKTeX/fonts/type1/urw/times/utmri8a.pfb>
Output written on aaai23_changed.pdf (8 pages, 1441409 bytes).
PDF statistics:
 101 PDF objects out of 1000 (max. 8388607)
 0 named destinations out of 1000 (max. 500000)
 156 words of extra memory for PDF output out of 10000 (max. 10000000)

