This is pdfTeX, Version 3.141592653-2.6-1.40.25 (MiKTeX 23.9) (preloaded format=pdflatex 2023.9.22)  31 MAR 2024 18:28
entering extended mode
 restricted \write18 enabled.
 %&-line parsing enabled.
**./aaai24_changed.tex
(aaai24_changed.tex
LaTeX2e <2023-06-01> patch level 1
L3 programming layer <2023-08-29>
(C:\Users\micha\AppData\Local\Programs\MiKTeX\tex/latex/base\article.cls
Document Class: article 2023/05/17 v1.4n Standard LaTeX document class
(C:\Users\micha\AppData\Local\Programs\MiKTeX\tex/latex/base\size10.clo
File: size10.clo 2023/05/17 v1.4n Standard LaTeX file (size option)
)
\c@part=\count185
\c@section=\count186
\c@subsection=\count187
\c@subsubsection=\count188
\c@paragraph=\count189
\c@subparagraph=\count190
\c@figure=\count191
\c@table=\count192
\abovecaptionskip=\skip48
\belowcaptionskip=\skip49
\bibindent=\dimen140
)
(aaai24.sty
Package: aaai24 2023/06/26 AAAI 2024 Submission format

Conference Style for AAAI for LaTeX 2e -- version for submission
\titlebox=\skip50
) (C:\Users\micha\AppData\Local\Programs\MiKTeX\tex/latex/psnfss\times.sty
Package: times 2020/03/25 PSNFSS-v9.3 (SPQR) 
)
(C:\Users\micha\AppData\Local\Programs\MiKTeX\tex/latex/psnfss\helvet.sty
Package: helvet 2020/03/25 PSNFSS-v9.3 (WaS) 

(C:\Users\micha\AppData\Local\Programs\MiKTeX\tex/latex/graphics\keyval.sty
Package: keyval 2022/05/29 v1.15 key=value parser (DPC)
\KV@toks@=\toks17
))
(C:\Users\micha\AppData\Local\Programs\MiKTeX\tex/latex/psnfss\courier.sty
Package: courier 2020/03/25 PSNFSS-v9.3 (WaS) 
)
(C:\Users\micha\AppData\Local\Programs\MiKTeX\tex/latex/url\url.sty
\Urlmuskip=\muskip16
Package: url 2013/09/16  ver 3.4  Verb mode for urls, etc.
)
(C:\Users\micha\AppData\Local\Programs\MiKTeX\tex/latex/graphics\graphicx.sty
Package: graphicx 2021/09/16 v1.2d Enhanced LaTeX Graphics (DPC,SPQR)

(C:\Users\micha\AppData\Local\Programs\MiKTeX\tex/latex/graphics\graphics.sty
Package: graphics 2022/03/10 v1.4e Standard LaTeX Graphics (DPC,SPQR)

(C:\Users\micha\AppData\Local\Programs\MiKTeX\tex/latex/graphics\trig.sty
Package: trig 2021/08/11 v1.11 sin cos tan (DPC)
)
(C:\Users\micha\AppData\Local\Programs\MiKTeX\tex/latex/graphics-cfg\graphics.c
fg
File: graphics.cfg 2016/06/04 v1.11 sample graphics configuration
)
Package graphics Info: Driver file: pdftex.def on input line 107.

(C:\Users\micha\AppData\Local\Programs\MiKTeX\tex/latex/graphics-def\pdftex.def
File: pdftex.def 2022/09/22 v1.2b Graphics/color driver for pdftex
))
\Gin@req@height=\dimen141
\Gin@req@width=\dimen142
) (C:\Users\micha\AppData\Local\Programs\MiKTeX\tex/latex/natbib\natbib.sty
Package: natbib 2010/09/13 8.31b (PWD, AO)
\bibhang=\skip51
\bibsep=\skip52
LaTeX Info: Redefining \cite on input line 694.
\c@NAT@ctr=\count193
)
(C:\Users\micha\AppData\Local\Programs\MiKTeX\tex/latex/caption\caption.sty
Package: caption 2023/07/31 v3.6n Customizing captions (AR)

(C:\Users\micha\AppData\Local\Programs\MiKTeX\tex/latex/caption\caption3.sty
Package: caption3 2023/07/31 v2.4d caption3 kernel (AR)
\caption@tempdima=\dimen143
\captionmargin=\dimen144
\caption@leftmargin=\dimen145
\caption@rightmargin=\dimen146
\caption@width=\dimen147
\caption@indent=\dimen148
\caption@parindent=\dimen149
\caption@hangindent=\dimen150
Package caption Info: Standard document class detected.
)
\c@caption@flags=\count194
\c@continuedfloat=\count195
)
(C:\Users\micha\AppData\Local\Programs\MiKTeX\tex/latex/algorithms\algorithm.st
y
Package: algorithm 2009/08/24 v0.1 Document Style `algorithm' - floating enviro
nment
 (C:\Users\micha\AppData\Local\Programs\MiKTeX\tex/latex/float\float.sty
Package: float 2001/11/08 v1.3d Float enhancements (AL)
\c@float@type=\count196
\float@exts=\toks18
\float@box=\box51
\@float@everytoks=\toks19
\@floatcapt=\box52
)
(C:\Users\micha\AppData\Local\Programs\MiKTeX\tex/latex/base\ifthen.sty
Package: ifthen 2022/04/13 v1.1d Standard LaTeX ifthen package (DPC)
)
\@float@every@algorithm=\toks20
\c@algorithm=\count197
)
(C:\Users\micha\AppData\Local\Programs\MiKTeX\tex/latex/algorithms\algorithmic.
sty
Package: algorithmic 2009/08/24 v0.1 Document Style `algorithmic'
\c@ALC@unique=\count198
\c@ALC@line=\count199
\c@ALC@rem=\count266
\c@ALC@depth=\count267
\ALC@tlm=\skip53
\algorithmicindent=\skip54
)
(C:\Users\micha\AppData\Local\Programs\MiKTeX\tex/latex/booktabs\booktabs.sty
Package: booktabs 2020/01/12 v1.61803398 Publication quality tables
\heavyrulewidth=\dimen151
\lightrulewidth=\dimen152
\cmidrulewidth=\dimen153
\belowrulesep=\dimen154
\belowbottomsep=\dimen155
\aboverulesep=\dimen156
\abovetopsep=\dimen157
\cmidrulesep=\dimen158
\cmidrulekern=\dimen159
\defaultaddspace=\dimen160
\@cmidla=\count268
\@cmidlb=\count269
\@aboverulesep=\dimen161
\@belowrulesep=\dimen162
\@thisruleclass=\count270
\@lastruleclass=\count271
\@thisrulewidth=\dimen163
)
(C:\Users\micha\AppData\Local\Programs\MiKTeX\tex/latex/amscls\amsthm.sty
Package: amsthm 2020/05/29 v2.20.6
\thm@style=\toks21
\thm@bodyfont=\toks22
\thm@headfont=\toks23
\thm@notefont=\toks24
\thm@headpunct=\toks25
\thm@preskip=\skip55
\thm@postskip=\skip56
\thm@headsep=\skip57
\dth@everypar=\toks26
)
\c@definition=\count272

(C:\Users\micha\AppData\Local\Programs\MiKTeX\tex/latex/amsmath\amsmath.sty
Package: amsmath 2023/05/13 v2.17o AMS math features
\@mathmargin=\skip58

For additional information on amsmath, use the `?' option.
(C:\Users\micha\AppData\Local\Programs\MiKTeX\tex/latex/amsmath\amstext.sty
Package: amstext 2021/08/26 v2.01 AMS text

(C:\Users\micha\AppData\Local\Programs\MiKTeX\tex/latex/amsmath\amsgen.sty
File: amsgen.sty 1999/11/30 v2.0 generic functions
\@emptytoks=\toks27
\ex@=\dimen164
))
(C:\Users\micha\AppData\Local\Programs\MiKTeX\tex/latex/amsmath\amsbsy.sty
Package: amsbsy 1999/11/29 v1.2d Bold Symbols
\pmbraise@=\dimen165
)
(C:\Users\micha\AppData\Local\Programs\MiKTeX\tex/latex/amsmath\amsopn.sty
Package: amsopn 2022/04/08 v2.04 operator names
)
\inf@bad=\count273
LaTeX Info: Redefining \frac on input line 234.
\uproot@=\count274
\leftroot@=\count275
LaTeX Info: Redefining \overline on input line 399.
LaTeX Info: Redefining \colon on input line 410.
\classnum@=\count276
\DOTSCASE@=\count277
LaTeX Info: Redefining \ldots on input line 496.
LaTeX Info: Redefining \dots on input line 499.
LaTeX Info: Redefining \cdots on input line 620.
\Mathstrutbox@=\box53
\strutbox@=\box54
LaTeX Info: Redefining \big on input line 722.
LaTeX Info: Redefining \Big on input line 723.
LaTeX Info: Redefining \bigg on input line 724.
LaTeX Info: Redefining \Bigg on input line 725.
\big@size=\dimen166
LaTeX Font Info:    Redeclaring font encoding OML on input line 743.
LaTeX Font Info:    Redeclaring font encoding OMS on input line 744.
\macc@depth=\count278
LaTeX Info: Redefining \bmod on input line 905.
LaTeX Info: Redefining \pmod on input line 910.
LaTeX Info: Redefining \smash on input line 940.
LaTeX Info: Redefining \relbar on input line 970.
LaTeX Info: Redefining \Relbar on input line 971.
\c@MaxMatrixCols=\count279
\dotsspace@=\muskip17
\c@parentequation=\count280
\dspbrk@lvl=\count281
\tag@help=\toks28
\row@=\count282
\column@=\count283
\maxfields@=\count284
\andhelp@=\toks29
\eqnshift@=\dimen167
\alignsep@=\dimen168
\tagshift@=\dimen169
\tagwidth@=\dimen170
\totwidth@=\dimen171
\lineht@=\dimen172
\@envbody=\toks30
\multlinegap=\skip59
\multlinetaggap=\skip60
\mathdisplay@stack=\toks31
LaTeX Info: Redefining \[ on input line 2953.
LaTeX Info: Redefining \] on input line 2954.
)
(C:\Users\micha\AppData\Local\Programs\MiKTeX\tex/latex/amsfonts\amssymb.sty
Package: amssymb 2013/01/14 v3.01 AMS font symbols

(C:\Users\micha\AppData\Local\Programs\MiKTeX\tex/latex/amsfonts\amsfonts.sty
Package: amsfonts 2013/01/14 v3.01 Basic AMSFonts support
\symAMSa=\mathgroup4
\symAMSb=\mathgroup5
LaTeX Font Info:    Redeclaring math symbol \hbar on input line 98.
LaTeX Font Info:    Overwriting math alphabet `\mathfrak' in version `bold'
(Font)                  U/euf/m/n --> U/euf/b/n on input line 106.
))
(C:\Users\micha\AppData\Local\Programs\MiKTeX\tex/latex/subfigure\subfigure.sty
Package: subfigure 2002/07/30 v2.1.4 subfigure package
\subfigtopskip=\skip61
\subfigcapskip=\skip62
\subfigcaptopadj=\dimen173
\subfigbottomskip=\skip63
\subfigcapmargin=\dimen174
\subfiglabelskip=\skip64
\c@subfigure=\count285
\c@lofdepth=\count286
\c@subtable=\count287
\c@lotdepth=\count288
****************************************
* Local config file subfigure.cfg used *
****************************************

(C:\Users\micha\AppData\Local\Programs\MiKTeX\tex/latex/subfigure\subfigure.cfg
)
\subfig@top=\skip65
\subfig@bottom=\skip66
)
(C:\Users\micha\AppData\Local\Programs\MiKTeX\tex/latex/multirow\multirow.sty
Package: multirow 2021/03/15 v2.8 Span multiple rows of a table
\multirow@colwidth=\skip67
\multirow@cntb=\count289
\multirow@dima=\skip68
\bigstrutjot=\dimen175
)
(C:\Users\micha\AppData\Local\Programs\MiKTeX\tex/latex/graphics\color.sty
Package: color 2022/01/06 v1.3d Standard LaTeX Color (DPC)

(C:\Users\micha\AppData\Local\Programs\MiKTeX\tex/latex/graphics-cfg\color.cfg
File: color.cfg 2016/01/02 v1.6 sample color configuration
)
Package color Info: Driver file: pdftex.def on input line 149.
(C:\Users\micha\AppData\Local\Programs\MiKTeX\tex/latex/graphics\mathcolor.ltx)
)
\c@problem=\count290
 (C:\Users\micha\AppData\Local\Programs\MiKTeX\tex/latex/newfloat\newfloat.sty
Package: newfloat 2023/10/01 v1.2 Defining new floating environments (AR)
) (C:\Users\micha\AppData\Local\Programs\MiKTeX\tex/latex/listings\listings.sty
\lst@mode=\count291
\lst@gtempboxa=\box55
\lst@token=\toks32
\lst@length=\count292
\lst@currlwidth=\dimen176
\lst@column=\count293
\lst@pos=\count294
\lst@lostspace=\dimen177
\lst@width=\dimen178
\lst@newlines=\count295
\lst@lineno=\count296
\lst@maxwidth=\dimen179
(C:\Users\micha\AppData\Local\Programs\MiKTeX\tex/latex/listings\lstmisc.sty
File: lstmisc.sty 2023/02/27 1.9 (Carsten Heinz)
\c@lstnumber=\count297
\lst@skipnumbers=\count298
\lst@framebox=\box56
)
(C:\Users\micha\AppData\Local\Programs\MiKTeX\tex/latex/listings\listings.cfg
File: listings.cfg 2023/02/27 1.9 listings configuration
))
Package: listings 2023/02/27 1.9 (Carsten Heinz)
\@float@every@listing=\toks33
\c@listing=\count299
(C:\Users\micha\AppData\Local\Programs\MiKTeX\tex/latex/natbib\bibentry.sty
Package: bibentry 2007/10/30 1.5 (PWD)
)
LaTeX Font Info:    Trying to load font information for OT1+ptm on input line 1
31.

(C:\Users\micha\AppData\Local\Programs\MiKTeX\tex/latex/psnfss\ot1ptm.fd
File: ot1ptm.fd 2001/06/04 font definitions for OT1/ptm.
)
(C:\Users\micha\AppData\Local\Programs\MiKTeX\tex/latex/l3backend\l3backend-pdf
tex.def
File: l3backend-pdftex.def 2023-04-19 L3 backend support: PDF output (pdfTeX)
\l__color_backend_stack_int=\count300
\l__pdf_internal_box=\box57
) (aaai24_changed.aux)
\openout1 = `aaai24_changed.aux'.

LaTeX Font Info:    Checking defaults for OML/cmm/m/it on input line 131.
LaTeX Font Info:    ... okay on input line 131.
LaTeX Font Info:    Checking defaults for OMS/cmsy/m/n on input line 131.
LaTeX Font Info:    ... okay on input line 131.
LaTeX Font Info:    Checking defaults for OT1/cmr/m/n on input line 131.
LaTeX Font Info:    ... okay on input line 131.
LaTeX Font Info:    Checking defaults for T1/cmr/m/n on input line 131.
LaTeX Font Info:    ... okay on input line 131.
LaTeX Font Info:    Checking defaults for TS1/cmr/m/n on input line 131.
LaTeX Font Info:    ... okay on input line 131.
LaTeX Font Info:    Checking defaults for OMX/cmex/m/n on input line 131.
LaTeX Font Info:    ... okay on input line 131.
LaTeX Font Info:    Checking defaults for U/cmr/m/n on input line 131.
LaTeX Font Info:    ... okay on input line 131.

(C:\Users\micha\AppData\Local\Programs\MiKTeX\tex/context/base/mkii\supp-pdf.mk
ii
[Loading MPS to PDF converter (version 2006.09.02).]
\scratchcounter=\count301
\scratchdimen=\dimen180
\scratchbox=\box58
\nofMPsegments=\count302
\nofMParguments=\count303
\everyMPshowfont=\toks34
\MPscratchCnt=\count304
\MPscratchDim=\dimen181
\MPnumerator=\count305
\makeMPintoPDFobject=\count306
\everyMPtoPDFconversion=\toks35
)
(C:\Users\micha\AppData\Local\Programs\MiKTeX\tex/latex/epstopdf-pkg\epstopdf-b
ase.sty
Package: epstopdf-base 2020-01-24 v2.11 Base part for package epstopdf
Package epstopdf-base Info: Redefining graphics rule for `.eps' on input line 4
85.

(C:\Users\micha\AppData\Local\Programs\MiKTeX\tex/latex/00miktex\epstopdf-sys.c
fg
File: epstopdf-sys.cfg 2021/03/18 v2.0 Configuration of epstopdf for MiKTeX
))
Package caption Info: Begin \AtBeginDocument code.
Package caption Info: float package is loaded.
Package caption Info: listings package is loaded.
Package caption Info: subfigure package is loaded.
Package caption Info: End \AtBeginDocument code.
Package newfloat Info: `float' package detected.
\c@lstlisting=\count307
\c@eqfn=\count308
\titlearea=\box59
LaTeX Font Info:    Trying to load font information for U+msa on input line 133
.
 (C:\Users\micha\AppData\Local\Programs\MiKTeX\tex/latex/amsfonts\umsa.fd
File: umsa.fd 2013/01/14 v3.01 AMS symbols A
)
LaTeX Font Info:    Trying to load font information for U+msb on input line 133
.

(C:\Users\micha\AppData\Local\Programs\MiKTeX\tex/latex/amsfonts\umsb.fd
File: umsb.fd 2013/01/14 v3.01 AMS symbols B
)
LaTeX Font Info:    Trying to load font information for OMS+ptm on input line 1
33.

(C:\Users\micha\AppData\Local\Programs\MiKTeX\tex/latex/psnfss\omsptm.fd
File: omsptm.fd 
)
LaTeX Font Info:    Font shape `OMS/ptm/m/n' in size <10> not available
(Font)              Font shape `OMS/cmsy/m/n' tried instead on input line 133.
\actualheight=\skip69
LaTeX Font Info:    Trying to load font information for TS1+ptm on input line 1
33.

(C:\Users\micha\AppData\Local\Programs\MiKTeX\tex/latex/psnfss\ts1ptm.fd
File: ts1ptm.fd 2001/06/04 font definitions for TS1/ptm.
)

Package natbib Warning: Citation `liu2020decoupled' on page 1 undefined on inpu
t line 149.


Package natbib Warning: Citation `hao2020p' on page 1 undefined on input line 1
49.


Package natbib Warning: Citation `bibas2023semi' on page 1 undefined on input l
ine 149.

<illustration.pdf, id=1, 578.16pt x 377.49028pt>
File: illustration.pdf Graphic file (type pdf)
<use illustration.pdf>
Package pdftex.def Info: illustration.pdf  used on input line 154.
(pdftex.def)             Requested size: 219.70308pt x 143.44778pt.

Package natbib Warning: Citation `mcauley2015inferring' on page 1 undefined on 
input line 164.


Package natbib Warning: Citation `wang2018path' on page 1 undefined on input li
ne 164.


Package natbib Warning: Citation `cen2019representation' on page 1 undefined on
 input line 164.


Package natbib Warning: Citation `liu2020decoupled' on page 1 undefined on inpu
t line 164.


Package natbib Warning: Citation `chen2023enhanced' on page 1 undefined on inpu
t line 164.


Package natbib Warning: Citation `hao2020p' on page 1 undefined on input line 1
65.


Package natbib Warning: Citation `bibas2023semi' on page 1 undefined on input l
ine 165.

[1{C:/Users/micha/AppData/Local/MiKTeX/fonts/map/pdftex/pdftex.map}{C:/Users/mi
cha/AppData/Local/Programs/MiKTeX/fonts/enc/dvips/base/8r.enc}



 <./illustration.pdf>]

Package natbib Warning: Citation `wu2022beyond' on page 2 undefined on input li
ne 170.


Package natbib Warning: Citation `tang2022rethinking' on page 2 undefined on in
put line 170.


Package natbib Warning: Citation `wu2020comprehensive' on page 2 undefined on i
nput line 206.


Package natbib Warning: Citation `hamilton2017inductive' on page 2 undefined on
 input line 206.


Package natbib Warning: Citation `velivckovic2017graph' on page 2 undefined on 
input line 206.


Package natbib Warning: Citation `gao2018large' on page 2 undefined on input li
ne 206.


Package natbib Warning: Citation `zhu2023you' on page 2 undefined on input line
 206.


Package natbib Warning: Citation `bruna2013spectral' on page 2 undefined on inp
ut line 208.


Package natbib Warning: Citation `defferrard2016convolutional' on page 2 undefi
ned on input line 208.


Package natbib Warning: Citation `kipf2016semi' on page 2 undefined on input li
ne 208.


Package natbib Warning: Citation `balcilar2020bridging' on page 2 undefined on 
input line 208.


Package natbib Warning: Citation `wu2022beyond' on page 2 undefined on input li
ne 208.


Package natbib Warning: Citation `balcilar2020bridging' on page 2 undefined on 
input line 210.


Package natbib Warning: Citation `balcilar2020bridging' on page 2 undefined on 
input line 210.


Package natbib Warning: Citation `wu2022beyond' on page 2 undefined on input li
ne 210.


Package natbib Warning: Citation `wang2011utilizing' on page 2 undefined on inp
ut line 215.


Package natbib Warning: Citation `yao2018judging' on page 2 undefined on input 
line 215.


Package natbib Warning: Citation `MengWSLCLZ18' on page 2 undefined on input li
ne 215.


Package natbib Warning: Citation `han2007frequent' on page 2 undefined on input
 line 215.


Package natbib Warning: Citation `mcauley2015inferring' on page 2 undefined on 
input line 218.


Package natbib Warning: Citation `wang2018path' on page 2 undefined on input li
ne 218.


Package natbib Warning: Citation `cen2019representation' on page 2 undefined on
 input line 218.


Package natbib Warning: Citation `liu2020decoupled' on page 2 undefined on inpu
t line 218.


Package natbib Warning: Citation `wu2022towards' on page 2 undefined on input l
ine 218.


Package natbib Warning: Citation `chen2023enhanced' on page 2 undefined on inpu
t line 218.


Package natbib Warning: Citation `hao2020p' on page 2 undefined on input line 2
21.


Package natbib Warning: Citation `bibas2023semi' on page 2 undefined on input l
ine 221.


Underfull \hbox (badness 2376) in paragraph at lines 255--256
[]\OT1/ptm/b/n/10 Problem 1. []\OT1/ptm/m/it/10 For a com-ple-men-tary item gra
ph $\OMS/cmsy/m/n/10 G \OT1/cmr/m/n/10 =
 []


LaTeX Warning: No positions in optional float specifier.
               Default added (so using `tbp') on input line 263.


Package natbib Warning: Citation `tang2022rethinking' on page 2 undefined on in
put line 312.

[2]

Package natbib Warning: Citation `tang2022rethinking' on page 3 undefined on in
put line 318.

<appliances_dim1_bin.pdf, id=34, 432.19717pt x 356.56287pt>
File: appliances_dim1_bin.pdf Graphic file (type pdf)
<use appliances_dim1_bin.pdf>
Package pdftex.def Info: appliances_dim1_bin.pdf  used on input line 323.
(pdftex.def)             Requested size: 108.04903pt x 89.14049pt.
<appliances_dim2_bin.pdf, id=35, 432.19717pt x 356.56287pt>
File: appliances_dim2_bin.pdf Graphic file (type pdf)
<use appliances_dim2_bin.pdf>
Package pdftex.def Info: appliances_dim2_bin.pdf  used on input line 324.
(pdftex.def)             Requested size: 108.04903pt x 89.14049pt.

Package natbib Warning: Citation `he2016ups' on page 3 undefined on input line 
332.


Package natbib Warning: Citation `wu2022beyond' on page 3 undefined on input li
ne 338.


Package natbib Warning: Citation `bo2021beyond' on page 3 undefined on input li
ne 338.


LaTeX Warning: No positions in optional float specifier.
               Default added (so using `tbp') on input line 346.

<framework.pdf, id=36, 1384.21132pt x 503.96278pt>
File: framework.pdf Graphic file (type pdf)
<use framework.pdf>
Package pdftex.def Info: framework.pdf  used on input line 348.
(pdftex.def)             Requested size: 484.48123pt x 176.3896pt.

Package natbib Warning: Citation `balcilar2020bridging' on page 3 undefined on 
input line 394.

[3 <./appliances_dim1_bin.pdf> <./appliances_dim2_bin.pdf

pdfTeX warning: pdflatex (file ./appliances_dim2_bin.pdf): PDF inclusion: multi
ple pdfs with page group included in a single page
>]

Package natbib Warning: Citation `kipf2016semi' on page 4 undefined on input li
ne 408.


Package natbib Warning: Citation `wu2022beyond' on page 4 undefined on input li
ne 408.


Package natbib Warning: Citation `bruna2013spectral' on page 4 undefined on inp
ut line 411.


Package natbib Warning: Citation `defferrard2016convolutional' on page 4 undefi
ned on input line 411.


Package natbib Warning: Citation `kipf2016semi' on page 4 undefined on input li
ne 411.


Underfull \hbox (badness 3482) in paragraph at lines 411--416
 \OT1/ptm/b/n/10 Spectral-based Fil-ters \OT1/ptm/m/n/10 Ex-ist-ing spectral-ba
sed GNNs
 []

<low-pass.pdf, id=112, 458.40446pt x 370.0978pt>
File: low-pass.pdf Graphic file (type pdf)
<use low-pass.pdf>
Package pdftex.def Info: low-pass.pdf  used on input line 464.
(pdftex.def)             Requested size: 114.60083pt x 92.52422pt.
<mid-pass.pdf, id=113, 458.40446pt x 370.0978pt>
File: mid-pass.pdf Graphic file (type pdf)
<use mid-pass.pdf>
Package pdftex.def Info: mid-pass.pdf  used on input line 465.
(pdftex.def)             Requested size: 114.60083pt x 92.52422pt.
[4 <./framework.pdf>]

LaTeX Warning: No positions in optional float specifier.
               Default added (so using `tbp') on input line 492.


Package natbib Warning: Citation `he2020momentum' on page 5 undefined on input 
line 601.

[5 <./low-pass.pdf> <./mid-pass.pdf

pdfTeX warning: pdflatex (file ./mid-pass.pdf): PDF inclusion: multiple pdfs wi
th page group included in a single page
>]

Package natbib Warning: Citation `liu2020decoupled' on page 6 undefined on inpu
t line 636.


Package natbib Warning: Citation `hao2020p' on page 6 undefined on input line 6
36.


Package natbib Warning: Citation `bibas2023semi' on page 6 undefined on input l
ine 636.


Package natbib Warning: Citation `vaswani2017attention' on page 6 undefined on 
input line 636.


Package natbib Warning: Citation `liu2020decoupled' on page 6 undefined on inpu
t line 636.


Underfull \hbox (badness 2689) in paragraph at lines 636--637
 \OT1/ptm/b/n/10 Datasets \OT1/ptm/m/n/10 Fol-low-ing (\OT1/ptm/b/n/10 ???\OT1/
ptm/m/n/10 ), we use pub-licly avail-able
 []


Underfull \hbox (badness 1389) in paragraph at lines 636--637
\OT1/ptm/m/n/10 bench-mark datasets from Ama-zon. We con-sider ``also-
 []


Package natbib Warning: Citation `xu2018powerful' on page 6 undefined on input 
line 639.


Package natbib Warning: Citation `hamilton2017inductive' on page 6 undefined on
 input line 639.


Package natbib Warning: Citation `bibas2023semi' on page 6 undefined on input l
ine 639.


Package natbib Warning: Citation `galron2018deep' on page 6 undefined on input 
line 639.


Package natbib Warning: Citation `hao2020p' on page 6 undefined on input line 6
39.


Package natbib Warning: Citation `bibas2023semi' on page 6 undefined on input l
ine 639.


Package natbib Warning: Citation `liu2020decoupled' on page 6 undefined on inpu
t line 639.


Package natbib Warning: Citation `chen2023enhanced' on page 6 undefined on inpu
t line 639.


Underfull \hbox (badness 1142) in paragraph at lines 676--677
[]\OT1/ptm/m/n/10 Additionally, we ob-serve that tra-di-tional graph-based
 []

<layer.pdf, id=275, 436.91794pt x 332.32387pt>
File: layer.pdf Graphic file (type pdf)
<use layer.pdf>
Package pdftex.def Info: layer.pdf  used on input line 730.
(pdftex.def)             Requested size: 109.22922pt x 83.08075pt.
<emb.pdf, id=276, 436.91794pt x 332.32387pt>
File: emb.pdf Graphic file (type pdf)
<use emb.pdf>
Package pdftex.def Info: emb.pdf  used on input line 731.
(pdftex.def)             Requested size: 109.22922pt x 83.08075pt.
[6]
Underfull \hbox (badness 1275) in paragraph at lines 743--745
\OT1/ptm/m/n/10 the low-frequency com-po-nent is greater than the mid-
 []

<case_study_top3.pdf, id=280, 845.07718pt x 601.28638pt>
File: case_study_top3.pdf Graphic file (type pdf)
<use case_study_top3.pdf>
Package pdftex.def Info: case_study_top3.pdf  used on input line 757.
(pdftex.def)             Requested size: 194.36366pt x 138.29295pt.

Underfull \hbox (badness 1708) in paragraph at lines 773--774
\OT1/ptm/m/n/10 This work is sup-ported in whole or in part, by Na-
 []

No file aaai24_changed.bbl.
[7 <./layer.pdf> <./emb.pdf

pdfTeX warning: pdflatex (file ./emb.pdf): PDF inclusion: multiple pdfs with pa
ge group included in a single page
> <./case_study_top3.pdf>]

Package natbib Warning: There were undefined citations.

[8

] (aaai24_changed.aux)
 ***********
LaTeX2e <2023-06-01> patch level 1
L3 programming layer <2023-08-29>
 ***********
 ) 
Here is how much of TeX's memory you used:
 7007 strings out of 475247
 112629 string characters out of 5757792
 1954801 words of memory out of 5000000
 28420 multiletter control sequences out of 15000+600000
 591827 words of font info for 108 fonts, out of 8000000 for 9000
 1141 hyphenation exceptions out of 8191
 57i,12n,65p,1384b,316s stack positions out of 10000i,1000n,20000p,200000b,200000s
<C:/Users/micha/AppData/Local/Programs/MiKTeX/fonts/type1/public/amsfonts/cm/
cmbx10.pfb><C:/Users/micha/AppData/Local/Programs/MiKTeX/fonts/type1/public/ams
fonts/cm/cmbx7.pfb><C:/Users/micha/AppData/Local/Programs/MiKTeX/fonts/type1/pu
blic/amsfonts/cm/cmbx9.pfb><C:/Users/micha/AppData/Local/Programs/MiKTeX/fonts/
type1/public/amsfonts/cm/cmex10.pfb><C:/Users/micha/AppData/Local/Programs/MiKT
eX/fonts/type1/public/amsfonts/cmextra/cmex7.pfb><C:/Users/micha/AppData/Local/
Programs/MiKTeX/fonts/type1/public/amsfonts/cmextra/cmex9.pfb><C:/Users/micha/A
ppData/Local/Programs/MiKTeX/fonts/type1/public/amsfonts/cm/cmmi10.pfb><C:/User
s/micha/AppData/Local/Programs/MiKTeX/fonts/type1/public/amsfonts/cm/cmmi5.pfb>
<C:/Users/micha/AppData/Local/Programs/MiKTeX/fonts/type1/public/amsfonts/cm/cm
mi6.pfb><C:/Users/micha/AppData/Local/Programs/MiKTeX/fonts/type1/public/amsfon
ts/cm/cmmi7.pfb><C:/Users/micha/AppData/Local/Programs/MiKTeX/fonts/type1/publi
c/amsfonts/cm/cmmi9.pfb><C:/Users/micha/AppData/Local/Programs/MiKTeX/fonts/typ
e1/public/amsfonts/cm/cmr10.pfb><C:/Users/micha/AppData/Local/Programs/MiKTeX/f
onts/type1/public/amsfonts/cm/cmr5.pfb><C:/Users/micha/AppData/Local/Programs/M
iKTeX/fonts/type1/public/amsfonts/cm/cmr7.pfb><C:/Users/micha/AppData/Local/Pro
grams/MiKTeX/fonts/type1/public/amsfonts/cm/cmr9.pfb><C:/Users/micha/AppData/Lo
cal/Programs/MiKTeX/fonts/type1/public/amsfonts/cm/cmsy10.pfb><C:/Users/micha/A
ppData/Local/Programs/MiKTeX/fonts/type1/public/amsfonts/cm/cmsy5.pfb><C:/Users
/micha/AppData/Local/Programs/MiKTeX/fonts/type1/public/amsfonts/cm/cmsy7.pfb><
C:/Users/micha/AppData/Local/Programs/MiKTeX/fonts/type1/public/amsfonts/symbol
s/msbm10.pfb><C:/Users/micha/AppData/Local/Programs/MiKTeX/fonts/type1/urw/time
s/utmb8a.pfb><C:/Users/micha/AppData/Local/Programs/MiKTeX/fonts/type1/urw/time
s/utmr8a.pfb><C:/Users/micha/AppData/Local/Programs/MiKTeX/fonts/type1/urw/time
s/utmri8a.pfb>
Output written on aaai24_changed.pdf (8 pages, 3481919 bytes).
PDF statistics:
 475 PDF objects out of 1000 (max. 8388607)
 0 named destinations out of 1000 (max. 500000)
 46 words of extra memory for PDF output out of 10000 (max. 10000000)

